000 (15564188.1008.000) 2026-01-07 21:29:41 Job submitted from host: <130.199.48.129:9618?addrs=130.199.48.129-9618&alias=rcas6009.rcf.bnl.gov&noUDP&sock=schedd_22421_101d>
...
040 (15564188.1008.000) 2026-01-08 02:03:38 Started transferring input files
	Transferring to host: <130.199.184.221:9618?addrs=130.199.184.221-9618&alias=spool1796.sdcc.bnl.gov&noUDP&sock=slot1_53_96037_315f_187408>
...
040 (15564188.1008.000) 2026-01-08 02:03:38 Finished transferring input files
...
001 (15564188.1008.000) 2026-01-08 02:03:39 Job executing on host: <130.199.184.221:9618?addrs=130.199.184.221-9618&alias=spool1796.sdcc.bnl.gov&noUDP&sock=startd_96028_bfcc>
...
006 (15564188.1008.000) 2026-01-08 02:03:48 Image size of job updated: 107868
	74  -  MemoryUsage of job (MB)
	75400  -  ResidentSetSize of job (KB)
...
006 (15564188.1008.000) 2026-01-08 02:05:19 Image size of job updated: 450588
	74  -  MemoryUsage of job (MB)
	75400  -  ResidentSetSize of job (KB)
...
040 (15564188.1008.000) 2026-01-08 02:05:19 Started transferring output files
...
040 (15564188.1008.000) 2026-01-08 02:05:20 Finished transferring output files
...
005 (15564188.1008.000) 2026-01-08 02:05:20 Job terminated.
	(1) Normal termination (return value 0)
		Usr 0 00:01:28, Sys 0 00:00:01  -  Run Remote Usage
		Usr 0 00:00:00, Sys 0 00:00:00  -  Run Local Usage
		Usr 0 00:01:28, Sys 0 00:00:01  -  Total Remote Usage
		Usr 0 00:00:00, Sys 0 00:00:00  -  Total Local Usage
	83  -  Run Bytes Sent By Job
	144352  -  Run Bytes Received By Job
	83  -  Total Bytes Sent By Job
	144352  -  Total Bytes Received By Job
	Partitionable Resources :    Usage  Request Allocated 
	   Cpus                 :                 1         1 
	   Disk (KB)            :      153  2097152   6681568 
	   Memory (MB)          :       74     4096      4096 
	   xferslots            :                           0 

	Job terminated of its own accord at 2026-01-08T07:05:19Z with exit-code 0.
...
