000 (15564188.908.000) 2026-01-07 21:29:41 Job submitted from host: <130.199.48.129:9618?addrs=130.199.48.129-9618&alias=rcas6009.rcf.bnl.gov&noUDP&sock=schedd_22421_101d>
...
040 (15564188.908.000) 2026-01-08 01:58:27 Started transferring input files
	Transferring to host: <130.199.150.72:9618?addrs=130.199.150.72-9618&alias=spool1553.sdcc.bnl.gov&noUDP&sock=slot1_31_35675_244e_192369>
...
040 (15564188.908.000) 2026-01-08 01:58:27 Finished transferring input files
...
001 (15564188.908.000) 2026-01-08 01:58:28 Job executing on host: <130.199.150.72:9618?addrs=130.199.150.72-9618&alias=spool1553.sdcc.bnl.gov&noUDP&sock=startd_35666_f030>
...
006 (15564188.908.000) 2026-01-08 01:58:36 Image size of job updated: 204272
	50  -  MemoryUsage of job (MB)
	51020  -  ResidentSetSize of job (KB)
...
006 (15564188.908.000) 2026-01-08 02:00:30 Image size of job updated: 449792
	50  -  MemoryUsage of job (MB)
	51020  -  ResidentSetSize of job (KB)
...
040 (15564188.908.000) 2026-01-08 02:00:30 Started transferring output files
...
040 (15564188.908.000) 2026-01-08 02:00:30 Finished transferring output files
...
005 (15564188.908.000) 2026-01-08 02:00:31 Job terminated.
	(1) Normal termination (return value 0)
		Usr 0 00:01:46, Sys 0 00:00:02  -  Run Remote Usage
		Usr 0 00:00:00, Sys 0 00:00:00  -  Run Local Usage
		Usr 0 00:01:46, Sys 0 00:00:02  -  Total Remote Usage
		Usr 0 00:00:00, Sys 0 00:00:00  -  Total Local Usage
	96  -  Run Bytes Sent By Job
	144352  -  Run Bytes Received By Job
	96  -  Total Bytes Sent By Job
	144352  -  Total Bytes Received By Job
	Partitionable Resources :    Usage  Request Allocated 
	   Cpus                 :                 1         1 
	   Disk (KB)            :      153  2097152   6681183 
	   Memory (MB)          :       50     4096      4096 
	   xferslots            :                           0 

	Job terminated of its own accord at 2026-01-08T07:00:30Z with exit-code 0.
...
