000 (15690120.764.000) 2026-01-20 07:35:56 Job submitted from host: <130.199.48.129:9618?addrs=130.199.48.129-9618&alias=rcas6009.rcf.bnl.gov&noUDP&sock=schedd_22421_101d>
...
040 (15690120.764.000) 2026-01-21 12:47:50 Started transferring input files
	Transferring to host: <130.199.186.8:9618?addrs=130.199.186.8-9618&alias=spool1805.sdcc.bnl.gov&noUDP&sock=slot1_62_22185_82dc_264241>
...
040 (15690120.764.000) 2026-01-21 12:47:50 Finished transferring input files
...
001 (15690120.764.000) 2026-01-21 12:47:51 Job executing on host: <130.199.186.8:9618?addrs=130.199.186.8-9618&alias=spool1805.sdcc.bnl.gov&noUDP&sock=startd_22176_8606>
...
006 (15690120.764.000) 2026-01-21 12:48:00 Image size of job updated: 449216
	71  -  MemoryUsage of job (MB)
	72316  -  ResidentSetSize of job (KB)
...
040 (15690120.764.000) 2026-01-21 12:50:46 Started transferring output files
...
040 (15690120.764.000) 2026-01-21 12:50:46 Finished transferring output files
...
005 (15690120.764.000) 2026-01-21 12:50:46 Job terminated.
	(1) Normal termination (return value 0)
		Usr 0 00:02:51, Sys 0 00:00:02  -  Run Remote Usage
		Usr 0 00:00:00, Sys 0 00:00:00  -  Run Local Usage
		Usr 0 00:02:51, Sys 0 00:00:02  -  Total Remote Usage
		Usr 0 00:00:00, Sys 0 00:00:00  -  Total Local Usage
	96  -  Run Bytes Sent By Job
	148880  -  Run Bytes Received By Job
	96  -  Total Bytes Sent By Job
	148880  -  Total Bytes Received By Job
	Partitionable Resources :    Usage  Request Allocated 
	   Cpus                 :     0.91        1         1 
	   Disk (KB)            :   163     2097152   6681581 
	   Memory (MB)          :    71        4096      4096 
	   xferslots            :                           0 

	Job terminated of its own accord at 2026-01-21T17:50:46Z with exit-code 0.
...
