000 (15564188.679.000) 2026-01-07 21:29:40 Job submitted from host: <130.199.48.129:9618?addrs=130.199.48.129-9618&alias=rcas6009.rcf.bnl.gov&noUDP&sock=schedd_22421_101d>
...
040 (15564188.679.000) 2026-01-08 01:44:33 Started transferring input files
	Transferring to host: <130.199.186.75:9618?addrs=130.199.186.75-9618&alias=spool1838.sdcc.bnl.gov&noUDP&sock=slot1_10_24044_480e_193849>
...
040 (15564188.679.000) 2026-01-08 01:44:33 Finished transferring input files
...
001 (15564188.679.000) 2026-01-08 01:44:34 Job executing on host: <130.199.186.75:9618?addrs=130.199.186.75-9618&alias=spool1838.sdcc.bnl.gov&noUDP&sock=startd_24036_30a7>
...
006 (15564188.679.000) 2026-01-08 01:44:42 Image size of job updated: 93144
	47  -  MemoryUsage of job (MB)
	47576  -  ResidentSetSize of job (KB)
...
006 (15564188.679.000) 2026-01-08 01:49:42 Image size of job updated: 447980
	96  -  MemoryUsage of job (MB)
	97920  -  ResidentSetSize of job (KB)
...
040 (15564188.679.000) 2026-01-08 01:50:50 Started transferring output files
...
040 (15564188.679.000) 2026-01-08 01:50:50 Finished transferring output files
...
005 (15564188.679.000) 2026-01-08 01:50:50 Job terminated.
	(1) Normal termination (return value 0)
		Usr 0 00:05:40, Sys 0 00:00:06  -  Run Remote Usage
		Usr 0 00:00:00, Sys 0 00:00:00  -  Run Local Usage
		Usr 0 00:05:40, Sys 0 00:00:06  -  Total Remote Usage
		Usr 0 00:00:00, Sys 0 00:00:00  -  Total Local Usage
	163  -  Run Bytes Sent By Job
	144352  -  Run Bytes Received By Job
	163  -  Total Bytes Sent By Job
	144352  -  Total Bytes Received By Job
	Partitionable Resources :    Usage  Request Allocated 
	   Cpus                 :     0.89        1         1 
	   Disk (KB)            :   159     2097152   6681575 
	   Memory (MB)          :    96        4096      4096 
	   xferslots            :                           0 

	Job terminated of its own accord at 2026-01-08T06:50:49Z with exit-code 0.
...
