000 (15697407.072.000) 2026-01-21 18:36:41 Job submitted from host: <130.199.48.129:9618?addrs=130.199.48.129-9618&alias=rcas6009.rcf.bnl.gov&noUDP&sock=schedd_22421_101d>
...
040 (15697407.072.000) 2026-01-21 20:03:00 Started transferring input files
	Transferring to host: <130.199.150.87:9618?addrs=130.199.150.87-9618&alias=spool1568.sdcc.bnl.gov&noUDP&sock=slot1_53_25189_cd38_257356>
...
040 (15697407.072.000) 2026-01-21 20:03:00 Finished transferring input files
...
001 (15697407.072.000) 2026-01-21 20:03:01 Job executing on host: <130.199.150.87:9618?addrs=130.199.150.87-9618&alias=spool1568.sdcc.bnl.gov&noUDP&sock=startd_25180_4069>
...
006 (15697407.072.000) 2026-01-21 20:03:10 Image size of job updated: 420952
	76  -  MemoryUsage of job (MB)
	76964  -  ResidentSetSize of job (KB)
...
006 (15697407.072.000) 2026-01-21 20:08:10 Image size of job updated: 424344
	94  -  MemoryUsage of job (MB)
	95288  -  ResidentSetSize of job (KB)
...
040 (15697407.072.000) 2026-01-21 20:12:00 Started transferring output files
...
040 (15697407.072.000) 2026-01-21 20:12:00 Finished transferring output files
...
005 (15697407.072.000) 2026-01-21 20:12:00 Job terminated.
	(1) Normal termination (return value 0)
		Usr 0 00:08:51, Sys 0 00:00:05  -  Run Remote Usage
		Usr 0 00:00:00, Sys 0 00:00:00  -  Run Local Usage
		Usr 0 00:08:51, Sys 0 00:00:05  -  Total Remote Usage
		Usr 0 00:00:00, Sys 0 00:00:00  -  Total Local Usage
	191  -  Run Bytes Sent By Job
	148880  -  Run Bytes Received By Job
	191  -  Total Bytes Sent By Job
	148880  -  Total Bytes Received By Job
	Partitionable Resources :    Usage  Request Allocated 
	   Cpus                 :     1.00        1         1 
	   Disk (KB)            :   164     2097152   6681186 
	   Memory (MB)          :    94        4096      4096 
	   xferslots            :                           0 

	Job terminated of its own accord at 2026-01-22T01:12:00Z with exit-code 0.
...
