000 (15690120.290.000) 2026-01-20 07:35:55 Job submitted from host: <130.199.48.129:9618?addrs=130.199.48.129-9618&alias=rcas6009.rcf.bnl.gov&noUDP&sock=schedd_22421_101d>
...
040 (15690120.290.000) 2026-01-21 04:29:15 Started transferring input files
	Transferring to host: <130.199.151.16:9618?addrs=130.199.151.16-9618&alias=spool1594.sdcc.bnl.gov&noUDP&sock=slot1_33_96956_d307_254306>
...
040 (15690120.290.000) 2026-01-21 04:29:15 Finished transferring input files
...
001 (15690120.290.000) 2026-01-21 04:29:16 Job executing on host: <130.199.151.16:9618?addrs=130.199.151.16-9618&alias=spool1594.sdcc.bnl.gov&noUDP&sock=startd_96947_99e2>
...
006 (15690120.290.000) 2026-01-21 04:29:25 Image size of job updated: 97068
	65  -  MemoryUsage of job (MB)
	65644  -  ResidentSetSize of job (KB)
...
006 (15690120.290.000) 2026-01-21 04:29:45 Image size of job updated: 447976
	65  -  MemoryUsage of job (MB)
	65644  -  ResidentSetSize of job (KB)
...
040 (15690120.290.000) 2026-01-21 04:29:46 Started transferring output files
...
040 (15690120.290.000) 2026-01-21 04:29:46 Finished transferring output files
...
005 (15690120.290.000) 2026-01-21 04:29:46 Job terminated.
	(1) Normal termination (return value 0)
		Usr 0 00:00:28, Sys 0 00:00:00  -  Run Remote Usage
		Usr 0 00:00:00, Sys 0 00:00:00  -  Run Local Usage
		Usr 0 00:00:28, Sys 0 00:00:00  -  Total Remote Usage
		Usr 0 00:00:00, Sys 0 00:00:00  -  Total Local Usage
	44  -  Run Bytes Sent By Job
	148880  -  Run Bytes Received By Job
	44  -  Total Bytes Sent By Job
	148880  -  Total Bytes Received By Job
	Partitionable Resources :    Usage  Request Allocated 
	   Cpus                 :                 1         1 
	   Disk (KB)            :      157  2097152   6681187 
	   Memory (MB)          :       65     4096      4096 
	   xferslots            :                           0 

	Job terminated of its own accord at 2026-01-21T09:29:45Z with exit-code 0.
...
