000 (15684821.411.000) 2026-01-19 15:56:21 Job submitted from host: <130.199.48.129:9618?addrs=130.199.48.129-9618&alias=rcas6009.rcf.bnl.gov&noUDP&sock=schedd_22421_101d>
...
040 (15684821.411.000) 2026-01-19 16:19:30 Started transferring input files
	Transferring to host: <130.199.150.93:9618?addrs=130.199.150.93-9618&alias=spool1574.sdcc.bnl.gov&noUDP&sock=slot1_2_94784_ebaa_249013>
...
040 (15684821.411.000) 2026-01-19 16:19:30 Finished transferring input files
...
001 (15684821.411.000) 2026-01-19 16:19:31 Job executing on host: <130.199.150.93:9618?addrs=130.199.150.93-9618&alias=spool1574.sdcc.bnl.gov&noUDP&sock=startd_94775_30c7>
...
006 (15684821.411.000) 2026-01-19 16:19:40 Image size of job updated: 421004
	82  -  MemoryUsage of job (MB)
	83184  -  ResidentSetSize of job (KB)
...
006 (15684821.411.000) 2026-01-19 16:24:41 Image size of job updated: 451104
	129  -  MemoryUsage of job (MB)
	132032  -  ResidentSetSize of job (KB)
...
040 (15684821.411.000) 2026-01-19 16:53:25 Started transferring output files
...
040 (15684821.411.000) 2026-01-19 16:53:25 Finished transferring output files
...
005 (15684821.411.000) 2026-01-19 16:53:26 Job terminated.
	(1) Normal termination (return value 0)
		Usr 0 00:33:15, Sys 0 00:00:20  -  Run Remote Usage
		Usr 0 00:00:00, Sys 0 00:00:00  -  Run Local Usage
		Usr 0 00:33:15, Sys 0 00:00:20  -  Total Remote Usage
		Usr 0 00:00:00, Sys 0 00:00:00  -  Total Local Usage
	289  -  Run Bytes Sent By Job
	148880  -  Run Bytes Received By Job
	289  -  Total Bytes Sent By Job
	148880  -  Total Bytes Received By Job
	Partitionable Resources :    Usage  Request Allocated 
	   Cpus                 :     0.99        1         1 
	   Disk (KB)            :   164     2097152   6681104 
	   Memory (MB)          :   129        4096      4096 
	   xferslots            :                           0 

	Job terminated of its own accord at 2026-01-19T21:53:25Z with exit-code 0.
...
