000 (15684821.000.000) 2026-01-19 15:56:20 Job submitted from host: <130.199.48.129:9618?addrs=130.199.48.129-9618&alias=rcas6009.rcf.bnl.gov&noUDP&sock=schedd_22421_101d>
...
040 (15684821.000.000) 2026-01-19 15:56:30 Started transferring input files
	Transferring to host: <130.199.151.28:9618?addrs=130.199.151.28-9618&alias=spool1606.sdcc.bnl.gov&noUDP&sock=slot1_63_25111_33f0_239288>
...
040 (15684821.000.000) 2026-01-19 15:56:30 Finished transferring input files
...
001 (15684821.000.000) 2026-01-19 15:56:31 Job executing on host: <130.199.151.28:9618?addrs=130.199.151.28-9618&alias=spool1606.sdcc.bnl.gov&noUDP&sock=startd_25102_90cb>
...
006 (15684821.000.000) 2026-01-19 15:56:40 Image size of job updated: 103284
	70  -  MemoryUsage of job (MB)
	70732  -  ResidentSetSize of job (KB)
...
006 (15684821.000.000) 2026-01-19 16:00:47 Image size of job updated: 424416
	70  -  MemoryUsage of job (MB)
	71240  -  ResidentSetSize of job (KB)
...
040 (15684821.000.000) 2026-01-19 16:00:47 Started transferring output files
...
040 (15684821.000.000) 2026-01-19 16:00:47 Finished transferring output files
...
005 (15684821.000.000) 2026-01-19 16:00:47 Job terminated.
	(1) Normal termination (return value 0)
		Usr 0 00:04:01, Sys 0 00:00:03  -  Run Remote Usage
		Usr 0 00:00:00, Sys 0 00:00:00  -  Run Local Usage
		Usr 0 00:04:01, Sys 0 00:00:03  -  Total Remote Usage
		Usr 0 00:00:00, Sys 0 00:00:00  -  Total Local Usage
	122  -  Run Bytes Sent By Job
	148880  -  Run Bytes Received By Job
	122  -  Total Bytes Sent By Job
	148880  -  Total Bytes Received By Job
	Partitionable Resources :    Usage  Request Allocated 
	   Cpus                 :     0.97        1         1 
	   Disk (KB)            :   163     2097152   6681186 
	   Memory (MB)          :    70        4096      4096 
	   xferslots            :                           0 

	Job terminated of its own accord at 2026-01-19T21:00:47Z with exit-code 0.
...
