000 (15564188.574.000) 2026-01-07 21:29:40 Job submitted from host: <130.199.48.129:9618?addrs=130.199.48.129-9618&alias=rcas6009.rcf.bnl.gov&noUDP&sock=schedd_22421_101d>
...
040 (15564188.574.000) 2026-01-08 01:30:25 Started transferring input files
	Transferring to host: <130.199.151.30:9618?addrs=130.199.151.30-9618&alias=spool1608.sdcc.bnl.gov&noUDP&sock=slot1_23_96495_66a3_188711>
...
040 (15564188.574.000) 2026-01-08 01:30:25 Finished transferring input files
...
001 (15564188.574.000) 2026-01-08 01:30:26 Job executing on host: <130.199.151.30:9618?addrs=130.199.151.30-9618&alias=spool1608.sdcc.bnl.gov&noUDP&sock=startd_96487_0455>
...
006 (15564188.574.000) 2026-01-08 01:30:35 Image size of job updated: 103236
	70  -  MemoryUsage of job (MB)
	70768  -  ResidentSetSize of job (KB)
...
006 (15564188.574.000) 2026-01-08 01:31:08 Image size of job updated: 423932
	70  -  MemoryUsage of job (MB)
	70768  -  ResidentSetSize of job (KB)
...
040 (15564188.574.000) 2026-01-08 01:31:08 Started transferring output files
...
040 (15564188.574.000) 2026-01-08 01:31:08 Finished transferring output files
...
005 (15564188.574.000) 2026-01-08 01:31:08 Job terminated.
	(1) Normal termination (return value 0)
		Usr 0 00:00:32, Sys 0 00:00:01  -  Run Remote Usage
		Usr 0 00:00:00, Sys 0 00:00:00  -  Run Local Usage
		Usr 0 00:00:32, Sys 0 00:00:01  -  Total Remote Usage
		Usr 0 00:00:00, Sys 0 00:00:00  -  Total Local Usage
	70  -  Run Bytes Sent By Job
	144352  -  Run Bytes Received By Job
	70  -  Total Bytes Sent By Job
	144352  -  Total Bytes Received By Job
	Partitionable Resources :    Usage  Request Allocated 
	   Cpus                 :                 1         1 
	   Disk (KB)            :      153  2097152   6681194 
	   Memory (MB)          :       70     4096      4096 
	   xferslots            :                           0 

	Job terminated of its own accord at 2026-01-08T06:31:08Z with exit-code 0.
...
