000 (15690120.399.000) 2026-01-20 07:35:55 Job submitted from host: <130.199.48.129:9618?addrs=130.199.48.129-9618&alias=rcas6009.rcf.bnl.gov&noUDP&sock=schedd_22421_101d>
...
040 (15690120.399.000) 2026-01-21 08:30:12 Started transferring input files
	Transferring to host: <130.199.184.156:9618?addrs=130.199.184.156-9618&alias=spool1765.sdcc.bnl.gov&noUDP&sock=slot1_63_58527_198d_250559>
...
040 (15690120.399.000) 2026-01-21 08:30:12 Finished transferring input files
...
001 (15690120.399.000) 2026-01-21 08:30:13 Job executing on host: <130.199.184.156:9618?addrs=130.199.184.156-9618&alias=spool1765.sdcc.bnl.gov&noUDP&sock=startd_58518_4ec8>
...
006 (15690120.399.000) 2026-01-21 08:30:21 Image size of job updated: 130552
	98  -  MemoryUsage of job (MB)
	99528  -  ResidentSetSize of job (KB)
...
006 (15690120.399.000) 2026-01-21 08:35:22 Image size of job updated: 448356
	119  -  MemoryUsage of job (MB)
	121108  -  ResidentSetSize of job (KB)
...
006 (15690120.399.000) 2026-01-21 08:40:23 Image size of job updated: 448356
	119  -  MemoryUsage of job (MB)
	121112  -  ResidentSetSize of job (KB)
...
040 (15690120.399.000) 2026-01-21 08:54:19 Started transferring output files
...
040 (15690120.399.000) 2026-01-21 08:54:19 Finished transferring output files
...
005 (15690120.399.000) 2026-01-21 08:54:19 Job terminated.
	(1) Normal termination (return value 0)
		Usr 0 00:23:39, Sys 0 00:00:14  -  Run Remote Usage
		Usr 0 00:00:00, Sys 0 00:00:00  -  Run Local Usage
		Usr 0 00:23:39, Sys 0 00:00:14  -  Total Remote Usage
		Usr 0 00:00:00, Sys 0 00:00:00  -  Total Local Usage
	247  -  Run Bytes Sent By Job
	148880  -  Run Bytes Received By Job
	247  -  Total Bytes Sent By Job
	148880  -  Total Bytes Received By Job
	Partitionable Resources :    Usage  Request Allocated 
	   Cpus                 :     0.98        1         1 
	   Disk (KB)            :   164     2097152   6681570 
	   Memory (MB)          :   119        4096      4096 
	   xferslots            :                           0 

	Job terminated of its own accord at 2026-01-21T13:54:19Z with exit-code 0.
...
