000 (15560432.175.000) 2026-01-07 17:58:15 Job submitted from host: <130.199.48.129:9618?addrs=130.199.48.129-9618&alias=rcas6009.rcf.bnl.gov&noUDP&sock=schedd_22421_101d>
...
040 (15560432.175.000) 2026-01-07 18:58:46 Started transferring input files
	Transferring to host: <130.199.150.93:9618?addrs=130.199.150.93-9618&alias=spool1574.sdcc.bnl.gov&noUDP&sock=slot1_11_94784_ebaa_187959>
...
040 (15560432.175.000) 2026-01-07 18:58:46 Finished transferring input files
...
001 (15560432.175.000) 2026-01-07 18:58:47 Job executing on host: <130.199.150.93:9618?addrs=130.199.150.93-9618&alias=spool1574.sdcc.bnl.gov&noUDP&sock=startd_94775_30c7>
...
006 (15560432.175.000) 2026-01-07 18:58:56 Image size of job updated: 694016
	105  -  MemoryUsage of job (MB)
	106556  -  ResidentSetSize of job (KB)
...
006 (15560432.175.000) 2026-01-07 19:03:57 Image size of job updated: 694016
	128  -  MemoryUsage of job (MB)
	130664  -  ResidentSetSize of job (KB)
...
006 (15560432.175.000) 2026-01-07 19:08:58 Image size of job updated: 694016
	131  -  MemoryUsage of job (MB)
	133872  -  ResidentSetSize of job (KB)
...
006 (15560432.175.000) 2026-01-07 19:13:58 Image size of job updated: 694016
	132  -  MemoryUsage of job (MB)
	134388  -  ResidentSetSize of job (KB)
...
006 (15560432.175.000) 2026-01-07 19:18:58 Image size of job updated: 694016
	144  -  MemoryUsage of job (MB)
	147428  -  ResidentSetSize of job (KB)
...
006 (15560432.175.000) 2026-01-07 19:19:57 Image size of job updated: 694016
	145  -  MemoryUsage of job (MB)
	148464  -  ResidentSetSize of job (KB)
...
040 (15560432.175.000) 2026-01-07 19:19:57 Started transferring output files
...
040 (15560432.175.000) 2026-01-07 19:19:57 Finished transferring output files
...
005 (15560432.175.000) 2026-01-07 19:19:57 Job terminated.
	(1) Normal termination (return value 0)
		Usr 0 00:20:19, Sys 0 00:00:49  -  Run Remote Usage
		Usr 0 00:00:00, Sys 0 00:00:00  -  Run Local Usage
		Usr 0 00:20:19, Sys 0 00:00:49  -  Total Remote Usage
		Usr 0 00:00:00, Sys 0 00:00:00  -  Total Local Usage
	387  -  Run Bytes Sent By Job
	144352  -  Run Bytes Received By Job
	387  -  Total Bytes Sent By Job
	144352  -  Total Bytes Received By Job
	Partitionable Resources :    Usage  Request Allocated 
	   Cpus                 :     1.00        1         1 
	   Disk (KB)            :   159     2097152   6681104 
	   Memory (MB)          :   145        4096      4096 
	   xferslots            :                           0 

	Job terminated of its own accord at 2026-01-08T00:19:57Z with exit-code 0.
...
