000 (15554417.289.000) 2026-01-07 12:44:33 Job submitted from host: <130.199.48.129:9618?addrs=130.199.48.129-9618&alias=rcas6009.rcf.bnl.gov&noUDP&sock=schedd_22421_101d>
...
040 (15554417.289.000) 2026-01-07 13:25:11 Started transferring input files
	Transferring to host: <130.199.186.75:9618?addrs=130.199.186.75-9618&alias=spool1838.sdcc.bnl.gov&noUDP&sock=slot1_53_24044_480e_191858>
...
040 (15554417.289.000) 2026-01-07 13:25:11 Finished transferring input files
...
001 (15554417.289.000) 2026-01-07 13:25:12 Job executing on host: <130.199.186.75:9618?addrs=130.199.186.75-9618&alias=spool1838.sdcc.bnl.gov&noUDP&sock=startd_24036_30a7>
...
006 (15554417.289.000) 2026-01-07 13:25:21 Image size of job updated: 109432
	77  -  MemoryUsage of job (MB)
	78040  -  ResidentSetSize of job (KB)
...
006 (15554417.289.000) 2026-01-07 13:27:06 Image size of job updated: 424588
	77  -  MemoryUsage of job (MB)
	78040  -  ResidentSetSize of job (KB)
...
040 (15554417.289.000) 2026-01-07 13:27:06 Started transferring output files
...
040 (15554417.289.000) 2026-01-07 13:27:06 Finished transferring output files
...
005 (15554417.289.000) 2026-01-07 13:27:06 Job terminated.
	(1) Normal termination (return value 0)
		Usr 0 00:01:51, Sys 0 00:00:01  -  Run Remote Usage
		Usr 0 00:00:00, Sys 0 00:00:00  -  Run Local Usage
		Usr 0 00:01:51, Sys 0 00:00:01  -  Total Remote Usage
		Usr 0 00:00:00, Sys 0 00:00:00  -  Total Local Usage
	109  -  Run Bytes Sent By Job
	144352  -  Run Bytes Received By Job
	109  -  Total Bytes Sent By Job
	144352  -  Total Bytes Received By Job
	Partitionable Resources :    Usage  Request Allocated 
	   Cpus                 :                 1         1 
	   Disk (KB)            :      152  2097152   6681575 
	   Memory (MB)          :       77     4096      4096 
	   xferslots            :                           0 

	Job terminated of its own accord at 2026-01-07T18:27:06Z with exit-code 0.
...
