000 (16235385.169.000) 2026-01-23 10:57:26 Job submitted from host: <130.199.48.128:9618?addrs=130.199.48.128-9618&alias=rcas6008.rcf.bnl.gov&noUDP&sock=schedd_18725_535a>
...
040 (16235385.169.000) 2026-01-23 11:44:54 Started transferring input files
	Transferring to host: <130.199.184.197:9618?addrs=130.199.184.197-9618&alias=spool1772.sdcc.bnl.gov&noUDP&sock=slot1_35_95968_3d78_258939>
...
040 (16235385.169.000) 2026-01-23 11:44:54 Finished transferring input files
...
001 (16235385.169.000) 2026-01-23 11:44:55 Job executing on host: <130.199.184.197:9618?addrs=130.199.184.197-9618&alias=spool1772.sdcc.bnl.gov&noUDP&sock=startd_95960_3a63>
...
006 (16235385.169.000) 2026-01-23 11:45:04 Image size of job updated: 101920
	69  -  MemoryUsage of job (MB)
	70448  -  ResidentSetSize of job (KB)
...
006 (16235385.169.000) 2026-01-23 11:50:05 Image size of job updated: 423628
	93  -  MemoryUsage of job (MB)
	94664  -  ResidentSetSize of job (KB)
...
006 (16235385.169.000) 2026-01-23 11:55:06 Image size of job updated: 424180
	94  -  MemoryUsage of job (MB)
	95752  -  ResidentSetSize of job (KB)
...
040 (16235385.169.000) 2026-01-23 11:56:18 Started transferring output files
...
040 (16235385.169.000) 2026-01-23 11:56:18 Finished transferring output files
...
005 (16235385.169.000) 2026-01-23 11:56:18 Job terminated.
	(1) Normal termination (return value 0)
		Usr 0 00:11:08, Sys 0 00:00:08  -  Run Remote Usage
		Usr 0 00:00:00, Sys 0 00:00:00  -  Run Local Usage
		Usr 0 00:11:08, Sys 0 00:00:08  -  Total Remote Usage
		Usr 0 00:00:00, Sys 0 00:00:00  -  Total Local Usage
	191  -  Run Bytes Sent By Job
	148880  -  Run Bytes Received By Job
	191  -  Total Bytes Sent By Job
	148880  -  Total Bytes Received By Job
	Partitionable Resources :    Usage  Request Allocated 
	   Cpus                 :     1.00        1         1 
	   Disk (KB)            :   164     2097152   6681570 
	   Memory (MB)          :    94        4096      4096 
	   xferslots            :                           0 

	Job terminated of its own accord at 2026-01-23T16:56:18Z with exit-code 0.
...
