000 (15697407.561.000) 2026-01-21 18:36:42 Job submitted from host: <130.199.48.129:9618?addrs=130.199.48.129-9618&alias=rcas6009.rcf.bnl.gov&noUDP&sock=schedd_22421_101d>
...
040 (15697407.561.000) 2026-01-22 11:58:07 Started transferring input files
	Transferring to host: <130.199.186.29:9618?addrs=130.199.186.29-9618&alias=spool1826.sdcc.bnl.gov&noUDP&sock=slot1_49_22308_5708_283943>
...
040 (15697407.561.000) 2026-01-22 11:58:07 Finished transferring input files
...
001 (15697407.561.000) 2026-01-22 11:58:08 Job executing on host: <130.199.186.29:9618?addrs=130.199.186.29-9618&alias=spool1826.sdcc.bnl.gov&noUDP&sock=startd_22299_7394>
...
006 (15697407.561.000) 2026-01-22 11:58:17 Image size of job updated: 343496
	76  -  MemoryUsage of job (MB)
	77256  -  ResidentSetSize of job (KB)
...
006 (15697407.561.000) 2026-01-22 12:03:18 Image size of job updated: 450228
	111  -  MemoryUsage of job (MB)
	113392  -  ResidentSetSize of job (KB)
...
040 (15697407.561.000) 2026-01-22 12:14:48 Started transferring output files
...
040 (15697407.561.000) 2026-01-22 12:14:48 Finished transferring output files
...
005 (15697407.561.000) 2026-01-22 12:14:49 Job terminated.
	(1) Normal termination (return value 0)
		Usr 0 00:15:19, Sys 0 00:00:12  -  Run Remote Usage
		Usr 0 00:00:00, Sys 0 00:00:00  -  Run Local Usage
		Usr 0 00:15:19, Sys 0 00:00:12  -  Total Remote Usage
		Usr 0 00:00:00, Sys 0 00:00:00  -  Total Local Usage
	219  -  Run Bytes Sent By Job
	148880  -  Run Bytes Received By Job
	219  -  Total Bytes Sent By Job
	148880  -  Total Bytes Received By Job
	Partitionable Resources :    Usage  Request Allocated 
	   Cpus                 :     0.90        1         1 
	   Disk (KB)            :   163     2097152   6681568 
	   Memory (MB)          :   111        4096      4096 
	   xferslots            :                           0 

	Job terminated of its own accord at 2026-01-22T17:14:48Z with exit-code 0.
...
