000 (16235385.815.000) 2026-01-23 10:57:29 Job submitted from host: <130.199.48.128:9618?addrs=130.199.48.128-9618&alias=rcas6008.rcf.bnl.gov&noUDP&sock=schedd_18725_535a>
...
040 (16235385.815.000) 2026-01-23 12:23:38 Started transferring input files
	Transferring to host: <130.199.150.66:9618?addrs=130.199.150.66-9618&alias=spool1547.sdcc.bnl.gov&noUDP&sock=slot1_50_9852_4315_258379>
...
040 (16235385.815.000) 2026-01-23 12:23:38 Finished transferring input files
...
001 (16235385.815.000) 2026-01-23 12:23:39 Job executing on host: <130.199.150.66:9618?addrs=130.199.150.66-9618&alias=spool1547.sdcc.bnl.gov&noUDP&sock=startd_9843_48e4>
...
006 (16235385.815.000) 2026-01-23 12:23:48 Image size of job updated: 105556
	73  -  MemoryUsage of job (MB)
	74144  -  ResidentSetSize of job (KB)
...
006 (16235385.815.000) 2026-01-23 12:28:48 Image size of job updated: 424304
	90  -  MemoryUsage of job (MB)
	92132  -  ResidentSetSize of job (KB)
...
040 (16235385.815.000) 2026-01-23 12:32:46 Started transferring output files
...
040 (16235385.815.000) 2026-01-23 12:32:46 Finished transferring output files
...
005 (16235385.815.000) 2026-01-23 12:32:46 Job terminated.
	(1) Normal termination (return value 0)
		Usr 0 00:08:58, Sys 0 00:00:06  -  Run Remote Usage
		Usr 0 00:00:00, Sys 0 00:00:00  -  Run Local Usage
		Usr 0 00:08:58, Sys 0 00:00:06  -  Total Remote Usage
		Usr 0 00:00:00, Sys 0 00:00:00  -  Total Local Usage
	163  -  Run Bytes Sent By Job
	148880  -  Run Bytes Received By Job
	163  -  Total Bytes Sent By Job
	148880  -  Total Bytes Received By Job
	Partitionable Resources :    Usage  Request Allocated 
	   Cpus                 :     0.99        1         1 
	   Disk (KB)            :   163     2097152   6681184 
	   Memory (MB)          :    90        4096      4096 
	   xferslots            :                           0 

	Job terminated of its own accord at 2026-01-23T17:32:45Z with exit-code 0.
...
