000 (15697407.1058.000) 2026-01-21 18:36:43 Job submitted from host: <130.199.48.129:9618?addrs=130.199.48.129-9618&alias=rcas6009.rcf.bnl.gov&noUDP&sock=schedd_22421_101d>
...
040 (15697407.1058.000) 2026-01-22 18:32:43 Started transferring input files
	Transferring to host: <130.199.151.27:9618?addrs=130.199.151.27-9618&alias=spool1605.sdcc.bnl.gov&noUDP&sock=slot1_71_96592_07b7_258277>
...
040 (15697407.1058.000) 2026-01-22 18:32:43 Finished transferring input files
...
001 (15697407.1058.000) 2026-01-22 18:32:44 Job executing on host: <130.199.151.27:9618?addrs=130.199.151.27-9618&alias=spool1605.sdcc.bnl.gov&noUDP&sock=startd_96583_6653>
...
006 (15697407.1058.000) 2026-01-22 18:32:53 Image size of job updated: 421812
	67  -  MemoryUsage of job (MB)
	68216  -  ResidentSetSize of job (KB)
...
006 (15697407.1058.000) 2026-01-22 18:35:00 Image size of job updated: 424440
	67  -  MemoryUsage of job (MB)
	68216  -  ResidentSetSize of job (KB)
...
040 (15697407.1058.000) 2026-01-22 18:35:00 Started transferring output files
...
040 (15697407.1058.000) 2026-01-22 18:35:00 Finished transferring output files
...
005 (15697407.1058.000) 2026-01-22 18:35:00 Job terminated.
	(1) Normal termination (return value 0)
		Usr 0 00:02:06, Sys 0 00:00:02  -  Run Remote Usage
		Usr 0 00:00:00, Sys 0 00:00:00  -  Run Local Usage
		Usr 0 00:02:06, Sys 0 00:00:02  -  Total Remote Usage
		Usr 0 00:00:00, Sys 0 00:00:00  -  Total Local Usage
	96  -  Run Bytes Sent By Job
	148880  -  Run Bytes Received By Job
	96  -  Total Bytes Sent By Job
	148880  -  Total Bytes Received By Job
	Partitionable Resources :    Usage  Request Allocated 
	   Cpus                 :                 1         1 
	   Disk (KB)            :      157  2097152   6681198 
	   Memory (MB)          :       67     4096      4096 
	   xferslots            :                           0 

	Job terminated of its own accord at 2026-01-22T23:35:00Z with exit-code 0.
...
