000 (15690120.844.000) 2026-01-20 07:35:56 Job submitted from host: <130.199.48.129:9618?addrs=130.199.48.129-9618&alias=rcas6009.rcf.bnl.gov&noUDP&sock=schedd_22421_101d>
...
040 (15690120.844.000) 2026-01-21 13:21:54 Started transferring input files
	Transferring to host: <130.199.150.78:9618?addrs=130.199.150.78-9618&alias=spool1559.sdcc.bnl.gov&noUDP&sock=slot1_12_24669_cf59_254021>
...
040 (15690120.844.000) 2026-01-21 13:21:54 Finished transferring input files
...
001 (15690120.844.000) 2026-01-21 13:21:55 Job executing on host: <130.199.150.78:9618?addrs=130.199.150.78-9618&alias=spool1559.sdcc.bnl.gov&noUDP&sock=startd_24661_fea2>
...
006 (15690120.844.000) 2026-01-21 13:22:04 Image size of job updated: 437920
	71  -  MemoryUsage of job (MB)
	72544  -  ResidentSetSize of job (KB)
...
006 (15690120.844.000) 2026-01-21 13:27:05 Image size of job updated: 450324
	98  -  MemoryUsage of job (MB)
	99768  -  ResidentSetSize of job (KB)
...
040 (15690120.844.000) 2026-01-21 13:34:15 Started transferring output files
...
040 (15690120.844.000) 2026-01-21 13:34:15 Finished transferring output files
...
005 (15690120.844.000) 2026-01-21 13:34:15 Job terminated.
	(1) Normal termination (return value 0)
		Usr 0 00:11:56, Sys 0 00:00:08  -  Run Remote Usage
		Usr 0 00:00:00, Sys 0 00:00:00  -  Run Local Usage
		Usr 0 00:11:56, Sys 0 00:00:08  -  Total Remote Usage
		Usr 0 00:00:00, Sys 0 00:00:00  -  Total Local Usage
	163  -  Run Bytes Sent By Job
	148880  -  Run Bytes Received By Job
	163  -  Total Bytes Sent By Job
	148880  -  Total Bytes Received By Job
	Partitionable Resources :    Usage  Request Allocated 
	   Cpus                 :     0.97        1         1 
	   Disk (KB)            :   164     2097152   6681170 
	   Memory (MB)          :    98        4096      4096 
	   xferslots            :                           0 

	Job terminated of its own accord at 2026-01-21T18:34:15Z with exit-code 0.
...
