000 (16235385.261.000) 2026-01-23 10:57:27 Job submitted from host: <130.199.48.128:9618?addrs=130.199.48.128-9618&alias=rcas6008.rcf.bnl.gov&noUDP&sock=schedd_18725_535a>
...
040 (16235385.261.000) 2026-01-23 12:00:39 Started transferring input files
	Transferring to host: <130.199.150.81:9618?addrs=130.199.150.81-9618&alias=spool1562.sdcc.bnl.gov&noUDP&sock=slot1_38_95126_780d_247995>
...
040 (16235385.261.000) 2026-01-23 12:00:39 Finished transferring input files
...
001 (16235385.261.000) 2026-01-23 12:00:40 Job executing on host: <130.199.150.81:9618?addrs=130.199.150.81-9618&alias=spool1562.sdcc.bnl.gov&noUDP&sock=startd_95117_6de1>
...
006 (16235385.261.000) 2026-01-23 12:00:49 Image size of job updated: 76088
	40  -  MemoryUsage of job (MB)
	40732  -  ResidentSetSize of job (KB)
...
006 (16235385.261.000) 2026-01-23 12:05:50 Image size of job updated: 695960
	186  -  MemoryUsage of job (MB)
	189900  -  ResidentSetSize of job (KB)
...
006 (16235385.261.000) 2026-01-23 12:10:51 Image size of job updated: 695960
	187  -  MemoryUsage of job (MB)
	190696  -  ResidentSetSize of job (KB)
...
006 (16235385.261.000) 2026-01-23 12:15:51 Image size of job updated: 695960
	187  -  MemoryUsage of job (MB)
	190836  -  ResidentSetSize of job (KB)
...
006 (16235385.261.000) 2026-01-23 12:30:53 Image size of job updated: 695960
	187  -  MemoryUsage of job (MB)
	190916  -  ResidentSetSize of job (KB)
...
006 (16235385.261.000) 2026-01-23 12:35:54 Image size of job updated: 695960
	187  -  MemoryUsage of job (MB)
	191224  -  ResidentSetSize of job (KB)
...
040 (16235385.261.000) 2026-01-23 12:45:17 Started transferring output files
...
040 (16235385.261.000) 2026-01-23 12:45:17 Finished transferring output files
...
005 (16235385.261.000) 2026-01-23 12:45:17 Job terminated.
	(1) Normal termination (return value 0)
		Usr 0 00:43:20, Sys 0 00:00:34  -  Run Remote Usage
		Usr 0 00:00:00, Sys 0 00:00:00  -  Run Local Usage
		Usr 0 00:43:20, Sys 0 00:00:34  -  Total Remote Usage
		Usr 0 00:00:00, Sys 0 00:00:00  -  Total Local Usage
	359  -  Run Bytes Sent By Job
	148880  -  Run Bytes Received By Job
	359  -  Total Bytes Sent By Job
	148880  -  Total Bytes Received By Job
	Partitionable Resources :    Usage  Request Allocated 
	   Cpus                 :     0.99        1         1 
	   Disk (KB)            :   164     2097152   6681130 
	   Memory (MB)          :   187        4096      4096 
	   xferslots            :                           0 

	Job terminated of its own accord at 2026-01-23T17:45:17Z with exit-code 0.
...
