000 (15684821.437.000) 2026-01-19 15:56:21 Job submitted from host: <130.199.48.129:9618?addrs=130.199.48.129-9618&alias=rcas6009.rcf.bnl.gov&noUDP&sock=schedd_22421_101d>
...
040 (15684821.437.000) 2026-01-19 16:21:01 Started transferring input files
	Transferring to host: <130.199.151.28:9618?addrs=130.199.151.28-9618&alias=spool1606.sdcc.bnl.gov&noUDP&sock=slot1_58_25111_33f0_239344>
...
040 (15684821.437.000) 2026-01-19 16:21:01 Finished transferring input files
...
001 (15684821.437.000) 2026-01-19 16:21:02 Job executing on host: <130.199.151.28:9618?addrs=130.199.151.28-9618&alias=spool1606.sdcc.bnl.gov&noUDP&sock=startd_25102_90cb>
...
006 (15684821.437.000) 2026-01-19 16:21:11 Image size of job updated: 420968
	75  -  MemoryUsage of job (MB)
	76408  -  ResidentSetSize of job (KB)
...
006 (15684821.437.000) 2026-01-19 16:26:12 Image size of job updated: 447976
	110  -  MemoryUsage of job (MB)
	112240  -  ResidentSetSize of job (KB)
...
040 (15684821.437.000) 2026-01-19 16:43:36 Started transferring output files
...
040 (15684821.437.000) 2026-01-19 16:43:36 Finished transferring output files
...
005 (15684821.437.000) 2026-01-19 16:43:36 Job terminated.
	(1) Normal termination (return value 0)
		Usr 0 00:21:00, Sys 0 00:00:13  -  Run Remote Usage
		Usr 0 00:00:00, Sys 0 00:00:00  -  Run Local Usage
		Usr 0 00:21:00, Sys 0 00:00:13  -  Total Remote Usage
		Usr 0 00:00:00, Sys 0 00:00:00  -  Total Local Usage
	219  -  Run Bytes Sent By Job
	148880  -  Run Bytes Received By Job
	219  -  Total Bytes Sent By Job
	148880  -  Total Bytes Received By Job
	Partitionable Resources :    Usage  Request Allocated 
	   Cpus                 :     0.98        1         1 
	   Disk (KB)            :   163     2097152   6681186 
	   Memory (MB)          :   110        4096      4096 
	   xferslots            :                           0 

	Job terminated of its own accord at 2026-01-19T21:43:36Z with exit-code 0.
...
