000 (15684821.980.000) 2026-01-19 15:56:22 Job submitted from host: <130.199.48.129:9618?addrs=130.199.48.129-9618&alias=rcas6009.rcf.bnl.gov&noUDP&sock=schedd_22421_101d>
...
040 (15684821.980.000) 2026-01-19 16:30:41 Started transferring input files
	Transferring to host: <130.199.186.92:9618?addrs=130.199.186.92-9618&alias=spool1855.sdcc.bnl.gov&noUDP&sock=slot1_64_96054_bf16_239019>
...
040 (15684821.980.000) 2026-01-19 16:30:41 Finished transferring input files
...
001 (15684821.980.000) 2026-01-19 16:30:42 Job executing on host: <130.199.186.92:9618?addrs=130.199.186.92-9618&alias=spool1855.sdcc.bnl.gov&noUDP&sock=startd_96045_2127>
...
006 (15684821.980.000) 2026-01-19 16:30:50 Image size of job updated: 125944
	93  -  MemoryUsage of job (MB)
	95012  -  ResidentSetSize of job (KB)
...
006 (15684821.980.000) 2026-01-19 16:35:50 Image size of job updated: 447848
	112  -  MemoryUsage of job (MB)
	113836  -  ResidentSetSize of job (KB)
...
040 (15684821.980.000) 2026-01-19 16:52:01 Started transferring output files
...
040 (15684821.980.000) 2026-01-19 16:52:01 Finished transferring output files
...
005 (15684821.980.000) 2026-01-19 16:52:01 Job terminated.
	(1) Normal termination (return value 0)
		Usr 0 00:20:52, Sys 0 00:00:15  -  Run Remote Usage
		Usr 0 00:00:00, Sys 0 00:00:00  -  Run Local Usage
		Usr 0 00:20:52, Sys 0 00:00:15  -  Total Remote Usage
		Usr 0 00:00:00, Sys 0 00:00:00  -  Total Local Usage
	219  -  Run Bytes Sent By Job
	148880  -  Run Bytes Received By Job
	219  -  Total Bytes Sent By Job
	148880  -  Total Bytes Received By Job
	Partitionable Resources :    Usage  Request Allocated 
	   Cpus                 :     0.99        1         1 
	   Disk (KB)            :   163     2097152   6681574 
	   Memory (MB)          :   112        4096      4096 
	   xferslots            :                           0 

	Job terminated of its own accord at 2026-01-19T21:52:01Z with exit-code 0.
...
