000 (15697407.034.000) 2026-01-21 18:36:41 Job submitted from host: <130.199.48.129:9618?addrs=130.199.48.129-9618&alias=rcas6009.rcf.bnl.gov&noUDP&sock=schedd_22421_101d>
...
040 (15697407.034.000) 2026-01-21 19:00:31 Started transferring input files
	Transferring to host: <130.199.151.5:9618?addrs=130.199.151.5-9618&alias=spool1583.sdcc.bnl.gov&noUDP&sock=slot1_5_95004_60eb_365306>
...
040 (15697407.034.000) 2026-01-21 19:00:31 Finished transferring input files
...
001 (15697407.034.000) 2026-01-21 19:00:32 Job executing on host: <130.199.151.5:9618?addrs=130.199.151.5-9618&alias=spool1583.sdcc.bnl.gov&noUDP&sock=startd_94995_d158>
...
006 (15697407.034.000) 2026-01-21 19:00:41 Image size of job updated: 334048
	81  -  MemoryUsage of job (MB)
	82712  -  ResidentSetSize of job (KB)
...
006 (15697407.034.000) 2026-01-21 19:05:42 Image size of job updated: 450904
	133  -  MemoryUsage of job (MB)
	135692  -  ResidentSetSize of job (KB)
...
006 (15697407.034.000) 2026-01-21 19:10:43 Image size of job updated: 450904
	133  -  MemoryUsage of job (MB)
	135700  -  ResidentSetSize of job (KB)
...
040 (15697407.034.000) 2026-01-21 19:34:29 Started transferring output files
...
040 (15697407.034.000) 2026-01-21 19:34:29 Finished transferring output files
...
005 (15697407.034.000) 2026-01-21 19:34:30 Job terminated.
	(1) Normal termination (return value 0)
		Usr 0 00:33:09, Sys 0 00:00:22  -  Run Remote Usage
		Usr 0 00:00:00, Sys 0 00:00:00  -  Run Local Usage
		Usr 0 00:33:09, Sys 0 00:00:22  -  Total Remote Usage
		Usr 0 00:00:00, Sys 0 00:00:00  -  Total Local Usage
	289  -  Run Bytes Sent By Job
	148880  -  Run Bytes Received By Job
	289  -  Total Bytes Sent By Job
	148880  -  Total Bytes Received By Job
	Partitionable Resources :    Usage  Request Allocated 
	   Cpus                 :     0.99        1         1 
	   Disk (KB)            :   164     2097152   6681171 
	   Memory (MB)          :   133        4096      4096 
	   xferslots            :                           0 

	Job terminated of its own accord at 2026-01-22T00:34:29Z with exit-code 0.
...
