000 (15690120.232.000) 2026-01-20 07:35:55 Job submitted from host: <130.199.48.129:9618?addrs=130.199.48.129-9618&alias=rcas6009.rcf.bnl.gov&noUDP&sock=schedd_22421_101d>
...
040 (15690120.232.000) 2026-01-21 00:58:25 Started transferring input files
	Transferring to host: <130.199.150.89:9618?addrs=130.199.150.89-9618&alias=spool1570.sdcc.bnl.gov&noUDP&sock=slot1_42_96783_12c0_244073>
...
040 (15690120.232.000) 2026-01-21 00:58:25 Finished transferring input files
...
001 (15690120.232.000) 2026-01-21 00:58:26 Job executing on host: <130.199.150.89:9618?addrs=130.199.150.89-9618&alias=spool1570.sdcc.bnl.gov&noUDP&sock=startd_96764_af15>
...
006 (15690120.232.000) 2026-01-21 00:58:35 Image size of job updated: 422708
	68  -  MemoryUsage of job (MB)
	68804  -  ResidentSetSize of job (KB)
...
006 (15690120.232.000) 2026-01-21 01:02:24 Image size of job updated: 450288
	68  -  MemoryUsage of job (MB)
	68804  -  ResidentSetSize of job (KB)
...
040 (15690120.232.000) 2026-01-21 01:02:25 Started transferring output files
...
040 (15690120.232.000) 2026-01-21 01:02:25 Finished transferring output files
...
005 (15690120.232.000) 2026-01-21 01:02:25 Job terminated.
	(1) Normal termination (return value 0)
		Usr 0 00:03:41, Sys 0 00:00:03  -  Run Remote Usage
		Usr 0 00:00:00, Sys 0 00:00:00  -  Run Local Usage
		Usr 0 00:03:41, Sys 0 00:00:03  -  Total Remote Usage
		Usr 0 00:00:00, Sys 0 00:00:00  -  Total Local Usage
	109  -  Run Bytes Sent By Job
	148880  -  Run Bytes Received By Job
	109  -  Total Bytes Sent By Job
	148880  -  Total Bytes Received By Job
	Partitionable Resources :    Usage  Request Allocated 
	   Cpus                 :                 1         1 
	   Disk (KB)            :      157  2097152   6681178 
	   Memory (MB)          :       68     4096      4096 
	   xferslots            :                           0 

	Job terminated of its own accord at 2026-01-21T06:02:24Z with exit-code 0.
...
