000 (15684821.453.000) 2026-01-19 15:56:21 Job submitted from host: <130.199.48.129:9618?addrs=130.199.48.129-9618&alias=rcas6009.rcf.bnl.gov&noUDP&sock=schedd_22421_101d>
...
040 (15684821.453.000) 2026-01-19 16:21:08 Started transferring input files
	Transferring to host: <130.199.186.11:9618?addrs=130.199.186.11-9618&alias=spool1808.sdcc.bnl.gov&noUDP&sock=slot1_95_94056_550b_244233>
...
040 (15684821.453.000) 2026-01-19 16:21:08 Finished transferring input files
...
001 (15684821.453.000) 2026-01-19 16:21:09 Job executing on host: <130.199.186.11:9618?addrs=130.199.186.11-9618&alias=spool1808.sdcc.bnl.gov&noUDP&sock=startd_94047_c9a8>
...
006 (15684821.453.000) 2026-01-19 16:21:18 Image size of job updated: 94364
	62  -  MemoryUsage of job (MB)
	62872  -  ResidentSetSize of job (KB)
...
006 (15684821.453.000) 2026-01-19 16:21:20 Image size of job updated: 448748
	62  -  MemoryUsage of job (MB)
	62872  -  ResidentSetSize of job (KB)
...
040 (15684821.453.000) 2026-01-19 16:21:21 Started transferring output files
...
040 (15684821.453.000) 2026-01-19 16:21:21 Finished transferring output files
...
005 (15684821.453.000) 2026-01-19 16:21:21 Job terminated.
	(1) Normal termination (return value 0)
		Usr 0 00:00:06, Sys 0 00:00:00  -  Run Remote Usage
		Usr 0 00:00:00, Sys 0 00:00:00  -  Run Local Usage
		Usr 0 00:00:06, Sys 0 00:00:00  -  Total Remote Usage
		Usr 0 00:00:00, Sys 0 00:00:00  -  Total Local Usage
	31  -  Run Bytes Sent By Job
	148880  -  Run Bytes Received By Job
	31  -  Total Bytes Sent By Job
	148880  -  Total Bytes Received By Job
	Partitionable Resources :    Usage  Request Allocated 
	   Cpus                 :                 1         1 
	   Disk (KB)            :      157  2097152   6681590 
	   Memory (MB)          :       62     4096      4096 
	   xferslots            :                           0 

	Job terminated of its own accord at 2026-01-19T21:21:20Z with exit-code 0.
...
