000 (15564188.090.000) 2026-01-07 21:29:39 Job submitted from host: <130.199.48.129:9618?addrs=130.199.48.129-9618&alias=rcas6009.rcf.bnl.gov&noUDP&sock=schedd_22421_101d>
...
040 (15564188.090.000) 2026-01-07 23:40:11 Started transferring input files
	Transferring to host: <130.199.151.3:9618?addrs=130.199.151.3-9618&alias=spool1581.sdcc.bnl.gov&noUDP&sock=slot1_88_95061_7851_188578>
...
040 (15564188.090.000) 2026-01-07 23:40:11 Finished transferring input files
...
001 (15564188.090.000) 2026-01-07 23:40:12 Job executing on host: <130.199.151.3:9618?addrs=130.199.151.3-9618&alias=spool1581.sdcc.bnl.gov&noUDP&sock=startd_95052_db87>
...
006 (15564188.090.000) 2026-01-07 23:40:21 Image size of job updated: 447896
	103  -  MemoryUsage of job (MB)
	104996  -  ResidentSetSize of job (KB)
...
006 (15564188.090.000) 2026-01-07 23:45:21 Image size of job updated: 447896
	127  -  MemoryUsage of job (MB)
	129252  -  ResidentSetSize of job (KB)
...
040 (15564188.090.000) 2026-01-07 23:55:07 Started transferring output files
...
040 (15564188.090.000) 2026-01-07 23:55:07 Finished transferring output files
...
005 (15564188.090.000) 2026-01-07 23:55:07 Job terminated.
	(1) Normal termination (return value 0)
		Usr 0 00:13:40, Sys 0 00:00:14  -  Run Remote Usage
		Usr 0 00:00:00, Sys 0 00:00:00  -  Run Local Usage
		Usr 0 00:13:40, Sys 0 00:00:14  -  Total Remote Usage
		Usr 0 00:00:00, Sys 0 00:00:00  -  Total Local Usage
	289  -  Run Bytes Sent By Job
	144352  -  Run Bytes Received By Job
	289  -  Total Bytes Sent By Job
	144352  -  Total Bytes Received By Job
	Partitionable Resources :    Usage  Request Allocated 
	   Cpus                 :     0.71        1         1 
	   Disk (KB)            :   159     2097152   6681183 
	   Memory (MB)          :   127        4096      4096 
	   xferslots            :                           0 

	Job terminated of its own accord at 2026-01-08T04:55:07Z with exit-code 0.
...
