000 (15554417.273.000) 2026-01-07 12:44:33 Job submitted from host: <130.199.48.129:9618?addrs=130.199.48.129-9618&alias=rcas6009.rcf.bnl.gov&noUDP&sock=schedd_22421_101d>
...
040 (15554417.273.000) 2026-01-07 13:22:37 Started transferring input files
	Transferring to host: <130.199.186.80:9618?addrs=130.199.186.80-9618&alias=spool1843.sdcc.bnl.gov&noUDP&sock=slot1_67_95651_2722_188981>
...
040 (15554417.273.000) 2026-01-07 13:22:37 Finished transferring input files
...
001 (15554417.273.000) 2026-01-07 13:22:38 Job executing on host: <130.199.186.80:9618?addrs=130.199.186.80-9618&alias=spool1843.sdcc.bnl.gov&noUDP&sock=startd_95642_95c8>
...
006 (15554417.273.000) 2026-01-07 13:22:47 Image size of job updated: 131816
	99  -  MemoryUsage of job (MB)
	100468  -  ResidentSetSize of job (KB)
...
006 (15554417.273.000) 2026-01-07 13:27:48 Image size of job updated: 424716
	102  -  MemoryUsage of job (MB)
	103560  -  ResidentSetSize of job (KB)
...
040 (15554417.273.000) 2026-01-07 13:31:17 Started transferring output files
...
040 (15554417.273.000) 2026-01-07 13:31:17 Finished transferring output files
...
005 (15554417.273.000) 2026-01-07 13:31:17 Job terminated.
	(1) Normal termination (return value 0)
		Usr 0 00:08:32, Sys 0 00:00:06  -  Run Remote Usage
		Usr 0 00:00:00, Sys 0 00:00:00  -  Run Local Usage
		Usr 0 00:08:32, Sys 0 00:00:06  -  Total Remote Usage
		Usr 0 00:00:00, Sys 0 00:00:00  -  Total Local Usage
	247  -  Run Bytes Sent By Job
	144352  -  Run Bytes Received By Job
	247  -  Total Bytes Sent By Job
	144352  -  Total Bytes Received By Job
	Partitionable Resources :    Usage  Request Allocated 
	   Cpus                 :     0.99        1         1 
	   Disk (KB)            :   159     2097152   6681590 
	   Memory (MB)          :   102        4096      4096 
	   xferslots            :                           0 

	Job terminated of its own accord at 2026-01-07T18:31:17Z with exit-code 0.
...
