000 (15697407.568.000) 2026-01-21 18:36:42 Job submitted from host: <130.199.48.129:9618?addrs=130.199.48.129-9618&alias=rcas6009.rcf.bnl.gov&noUDP&sock=schedd_22421_101d>
...
040 (15697407.568.000) 2026-01-22 12:14:26 Started transferring input files
	Transferring to host: <130.199.151.20:9618?addrs=130.199.151.20-9618&alias=spool1598.sdcc.bnl.gov&noUDP&sock=slot1_43_29322_cc12_259353>
...
040 (15697407.568.000) 2026-01-22 12:14:26 Finished transferring input files
...
001 (15697407.568.000) 2026-01-22 12:14:27 Job executing on host: <130.199.151.20:9618?addrs=130.199.151.20-9618&alias=spool1598.sdcc.bnl.gov&noUDP&sock=startd_29313_4b3f>
...
006 (15697407.568.000) 2026-01-22 12:14:36 Image size of job updated: 387144
	93  -  MemoryUsage of job (MB)
	94560  -  ResidentSetSize of job (KB)
...
006 (15697407.568.000) 2026-01-22 12:19:37 Image size of job updated: 449664
	111  -  MemoryUsage of job (MB)
	113020  -  ResidentSetSize of job (KB)
...
006 (15697407.568.000) 2026-01-22 12:24:38 Image size of job updated: 449664
	111  -  MemoryUsage of job (MB)
	113024  -  ResidentSetSize of job (KB)
...
040 (15697407.568.000) 2026-01-22 12:32:06 Started transferring output files
...
040 (15697407.568.000) 2026-01-22 12:32:06 Finished transferring output files
...
005 (15697407.568.000) 2026-01-22 12:32:06 Job terminated.
	(1) Normal termination (return value 0)
		Usr 0 00:17:02, Sys 0 00:00:15  -  Run Remote Usage
		Usr 0 00:00:00, Sys 0 00:00:00  -  Run Local Usage
		Usr 0 00:17:02, Sys 0 00:00:15  -  Total Remote Usage
		Usr 0 00:00:00, Sys 0 00:00:00  -  Total Local Usage
	219  -  Run Bytes Sent By Job
	148880  -  Run Bytes Received By Job
	219  -  Total Bytes Sent By Job
	148880  -  Total Bytes Received By Job
	Partitionable Resources :    Usage  Request Allocated 
	   Cpus                 :     0.98        1         1 
	   Disk (KB)            :   163     2097152   6681198 
	   Memory (MB)          :   111        4096      4096 
	   xferslots            :                           0 

	Job terminated of its own accord at 2026-01-22T17:32:06Z with exit-code 0.
...
