000 (15554417.1055.000) 2026-01-07 12:44:35 Job submitted from host: <130.199.48.129:9618?addrs=130.199.48.129-9618&alias=rcas6009.rcf.bnl.gov&noUDP&sock=schedd_22421_101d>
...
040 (15554417.1055.000) 2026-01-07 14:12:25 Started transferring input files
	Transferring to host: <130.199.150.70:9618?addrs=130.199.150.70-9618&alias=spool1551.sdcc.bnl.gov&noUDP&sock=slot1_48_94997_35a0_187893>
...
040 (15554417.1055.000) 2026-01-07 14:12:25 Finished transferring input files
...
001 (15554417.1055.000) 2026-01-07 14:12:26 Job executing on host: <130.199.150.70:9618?addrs=130.199.150.70-9618&alias=spool1551.sdcc.bnl.gov&noUDP&sock=startd_94985_a723>
...
006 (15554417.1055.000) 2026-01-07 14:12:31 Image size of job updated: 334040
	0  -  MemoryUsage of job (MB)
	0  -  ResidentSetSize of job (KB)
...
040 (15554417.1055.000) 2026-01-07 14:12:31 Started transferring output files
...
040 (15554417.1055.000) 2026-01-07 14:12:31 Finished transferring output files
...
005 (15554417.1055.000) 2026-01-07 14:12:31 Job terminated.
	(1) Normal termination (return value 0)
		Usr 0 00:00:04, Sys 0 00:00:00  -  Run Remote Usage
		Usr 0 00:00:00, Sys 0 00:00:00  -  Run Local Usage
		Usr 0 00:00:04, Sys 0 00:00:00  -  Total Remote Usage
		Usr 0 00:00:00, Sys 0 00:00:00  -  Total Local Usage
	44  -  Run Bytes Sent By Job
	144352  -  Run Bytes Received By Job
	44  -  Total Bytes Sent By Job
	144352  -  Total Bytes Received By Job
	Partitionable Resources :    Usage  Request Allocated 
	   Cpus                 :                 1         1 
	   Disk (KB)            :      152  2097152   6681189 
	   Memory (MB)          :        0     4096      4096 
	   xferslots            :                           0 

	Job terminated of its own accord at 2026-01-07T19:12:31Z with exit-code 0.
...
