000 (15560432.905.000) 2026-01-07 17:58:17 Job submitted from host: <130.199.48.129:9618?addrs=130.199.48.129-9618&alias=rcas6009.rcf.bnl.gov&noUDP&sock=schedd_22421_101d>
...
040 (15560432.905.000) 2026-01-07 20:57:44 Started transferring input files
	Transferring to host: <130.199.184.153:9618?addrs=130.199.184.153-9618&alias=spool1762.sdcc.bnl.gov&noUDP&sock=slot1_90_4843_6363_187583>
...
040 (15560432.905.000) 2026-01-07 20:57:44 Finished transferring input files
...
001 (15560432.905.000) 2026-01-07 20:57:45 Job executing on host: <130.199.184.153:9618?addrs=130.199.184.153-9618&alias=spool1762.sdcc.bnl.gov&noUDP&sock=startd_4834_ffdc>
...
006 (15560432.905.000) 2026-01-07 20:57:54 Image size of job updated: 421264
	80  -  MemoryUsage of job (MB)
	81112  -  ResidentSetSize of job (KB)
...
006 (15560432.905.000) 2026-01-07 21:01:29 Image size of job updated: 424680
	80  -  MemoryUsage of job (MB)
	81112  -  ResidentSetSize of job (KB)
...
040 (15560432.905.000) 2026-01-07 21:01:29 Started transferring output files
...
040 (15560432.905.000) 2026-01-07 21:01:29 Finished transferring output files
...
005 (15560432.905.000) 2026-01-07 21:01:29 Job terminated.
	(1) Normal termination (return value 0)
		Usr 0 00:03:37, Sys 0 00:00:04  -  Run Remote Usage
		Usr 0 00:00:00, Sys 0 00:00:00  -  Run Local Usage
		Usr 0 00:03:37, Sys 0 00:00:04  -  Total Remote Usage
		Usr 0 00:00:00, Sys 0 00:00:00  -  Total Local Usage
	135  -  Run Bytes Sent By Job
	144352  -  Run Bytes Received By Job
	135  -  Total Bytes Sent By Job
	144352  -  Total Bytes Received By Job
	Partitionable Resources :    Usage  Request Allocated 
	   Cpus                 :                 1         1 
	   Disk (KB)            :      153  2097152   6681563 
	   Memory (MB)          :       80     4096      4096 
	   xferslots            :                           0 

	Job terminated of its own accord at 2026-01-08T02:01:29Z with exit-code 0.
...
