000 (15697407.1067.000) 2026-01-21 18:36:43 Job submitted from host: <130.199.48.129:9618?addrs=130.199.48.129-9618&alias=rcas6009.rcf.bnl.gov&noUDP&sock=schedd_22421_101d>
...
040 (15697407.1067.000) 2026-01-22 18:34:15 Started transferring input files
	Transferring to host: <130.199.186.88:9618?addrs=130.199.186.88-9618&alias=spool1851.sdcc.bnl.gov&noUDP&sock=slot1_12_96118_01c7_321559>
...
040 (15697407.1067.000) 2026-01-22 18:34:15 Finished transferring input files
...
001 (15697407.1067.000) 2026-01-22 18:34:16 Job executing on host: <130.199.186.88:9618?addrs=130.199.186.88-9618&alias=spool1851.sdcc.bnl.gov&noUDP&sock=startd_96110_b380>
...
006 (15697407.1067.000) 2026-01-22 18:34:25 Image size of job updated: 449872
	65  -  MemoryUsage of job (MB)
	65948  -  ResidentSetSize of job (KB)
...
040 (15697407.1067.000) 2026-01-22 18:34:41 Started transferring output files
...
040 (15697407.1067.000) 2026-01-22 18:34:41 Finished transferring output files
...
005 (15697407.1067.000) 2026-01-22 18:34:41 Job terminated.
	(1) Normal termination (return value 0)
		Usr 0 00:00:19, Sys 0 00:00:00  -  Run Remote Usage
		Usr 0 00:00:00, Sys 0 00:00:00  -  Run Local Usage
		Usr 0 00:00:19, Sys 0 00:00:00  -  Total Remote Usage
		Usr 0 00:00:00, Sys 0 00:00:00  -  Total Local Usage
	44  -  Run Bytes Sent By Job
	148880  -  Run Bytes Received By Job
	44  -  Total Bytes Sent By Job
	148880  -  Total Bytes Received By Job
	Partitionable Resources :    Usage  Request Allocated 
	   Cpus                 :     0.03        1         1 
	   Disk (KB)            :   163     2097152   6681618 
	   Memory (MB)          :    65        4096      4096 
	   xferslots            :                           0 

	Job terminated of its own accord at 2026-01-22T23:34:41Z with exit-code 0.
...
