000 (16235385.035.000) 2026-01-23 10:57:26 Job submitted from host: <130.199.48.128:9618?addrs=130.199.48.128-9618&alias=rcas6008.rcf.bnl.gov&noUDP&sock=schedd_18725_535a>
...
040 (16235385.035.000) 2026-01-23 11:01:48 Started transferring input files
	Transferring to host: <130.199.186.89:9618?addrs=130.199.186.89-9618&alias=spool1852.sdcc.bnl.gov&noUDP&sock=slot1_96_94012_d731_396835>
...
040 (16235385.035.000) 2026-01-23 11:01:48 Finished transferring input files
...
001 (16235385.035.000) 2026-01-23 11:01:49 Job executing on host: <130.199.186.89:9618?addrs=130.199.186.89-9618&alias=spool1852.sdcc.bnl.gov&noUDP&sock=startd_94003_dcbe>
...
006 (16235385.035.000) 2026-01-23 11:01:57 Image size of job updated: 420088
	78  -  MemoryUsage of job (MB)
	79808  -  ResidentSetSize of job (KB)
...
006 (16235385.035.000) 2026-01-23 11:06:57 Image size of job updated: 450912
	124  -  MemoryUsage of job (MB)
	126552  -  ResidentSetSize of job (KB)
...
040 (16235385.035.000) 2026-01-23 11:23:58 Started transferring output files
...
040 (16235385.035.000) 2026-01-23 11:23:58 Finished transferring output files
...
005 (16235385.035.000) 2026-01-23 11:23:58 Job terminated.
	(1) Normal termination (return value 0)
		Usr 0 00:21:51, Sys 0 00:00:16  -  Run Remote Usage
		Usr 0 00:00:00, Sys 0 00:00:00  -  Run Local Usage
		Usr 0 00:21:51, Sys 0 00:00:16  -  Total Remote Usage
		Usr 0 00:00:00, Sys 0 00:00:00  -  Total Local Usage
	261  -  Run Bytes Sent By Job
	148880  -  Run Bytes Received By Job
	261  -  Total Bytes Sent By Job
	148880  -  Total Bytes Received By Job
	Partitionable Resources :    Usage  Request Allocated 
	   Cpus                 :     1.00        1         1 
	   Disk (KB)            :   163     2097152   6681569 
	   Memory (MB)          :   124        4096      4096 
	   xferslots            :                           0 

	Job terminated of its own accord at 2026-01-23T16:23:58Z with exit-code 0.
...
