000 (16235385.080.000) 2026-01-23 10:57:26 Job submitted from host: <130.199.48.128:9618?addrs=130.199.48.128-9618&alias=rcas6008.rcf.bnl.gov&noUDP&sock=schedd_18725_535a>
...
040 (16235385.080.000) 2026-01-23 11:25:29 Started transferring input files
	Transferring to host: <130.199.151.15:9618?addrs=130.199.151.15-9618&alias=spool1593.sdcc.bnl.gov&noUDP&sock=slot1_46_96858_74e8_280195>
...
040 (16235385.080.000) 2026-01-23 11:25:29 Finished transferring input files
...
001 (16235385.080.000) 2026-01-23 11:25:30 Job executing on host: <130.199.151.15:9618?addrs=130.199.151.15-9618&alias=spool1593.sdcc.bnl.gov&noUDP&sock=startd_96849_95d9>
...
006 (16235385.080.000) 2026-01-23 11:25:39 Image size of job updated: 421768
	82  -  MemoryUsage of job (MB)
	83860  -  ResidentSetSize of job (KB)
...
006 (16235385.080.000) 2026-01-23 11:30:40 Image size of job updated: 449928
	133  -  MemoryUsage of job (MB)
	135356  -  ResidentSetSize of job (KB)
...
040 (16235385.080.000) 2026-01-23 11:56:05 Started transferring output files
...
040 (16235385.080.000) 2026-01-23 11:56:05 Finished transferring output files
...
005 (16235385.080.000) 2026-01-23 11:56:05 Job terminated.
	(1) Normal termination (return value 0)
		Usr 0 00:29:59, Sys 0 00:00:16  -  Run Remote Usage
		Usr 0 00:00:00, Sys 0 00:00:00  -  Run Local Usage
		Usr 0 00:29:59, Sys 0 00:00:16  -  Total Remote Usage
		Usr 0 00:00:00, Sys 0 00:00:00  -  Total Local Usage
	303  -  Run Bytes Sent By Job
	148880  -  Run Bytes Received By Job
	303  -  Total Bytes Sent By Job
	148880  -  Total Bytes Received By Job
	Partitionable Resources :    Usage  Request Allocated 
	   Cpus                 :        0        1         1 
	   Disk (KB)            :      164  2097152   6681185 
	   Memory (MB)          :      133     4096      4096 
	   xferslots            :                           0 

	Job terminated of its own accord at 2026-01-23T16:56:05Z with exit-code 0.
...
