000 (15564188.858.000) 2026-01-07 21:29:41 Job submitted from host: <130.199.48.129:9618?addrs=130.199.48.129-9618&alias=rcas6009.rcf.bnl.gov&noUDP&sock=schedd_22421_101d>
...
040 (15564188.858.000) 2026-01-08 01:54:35 Started transferring input files
	Transferring to host: <130.199.151.2:9618?addrs=130.199.151.2-9618&alias=spool1580.sdcc.bnl.gov&noUDP&sock=slot1_17_9270_7c9a_189414>
...
040 (15564188.858.000) 2026-01-08 01:54:35 Finished transferring input files
...
001 (15564188.858.000) 2026-01-08 01:54:36 Job executing on host: <130.199.151.2:9618?addrs=130.199.151.2-9618&alias=spool1580.sdcc.bnl.gov&noUDP&sock=startd_9261_16cd>
...
006 (15564188.858.000) 2026-01-08 01:54:45 Image size of job updated: 448204
	80  -  MemoryUsage of job (MB)
	81340  -  ResidentSetSize of job (KB)
...
040 (15564188.858.000) 2026-01-08 01:59:12 Started transferring output files
...
040 (15564188.858.000) 2026-01-08 01:59:12 Finished transferring output files
...
005 (15564188.858.000) 2026-01-08 01:59:12 Job terminated.
	(1) Normal termination (return value 0)
		Usr 0 00:04:09, Sys 0 00:00:05  -  Run Remote Usage
		Usr 0 00:00:00, Sys 0 00:00:00  -  Run Local Usage
		Usr 0 00:04:09, Sys 0 00:00:05  -  Total Remote Usage
		Usr 0 00:00:00, Sys 0 00:00:00  -  Total Local Usage
	149  -  Run Bytes Sent By Job
	144352  -  Run Bytes Received By Job
	149  -  Total Bytes Sent By Job
	144352  -  Total Bytes Received By Job
	Partitionable Resources :    Usage  Request Allocated 
	   Cpus                 :     1.00        1         1 
	   Disk (KB)            :   159     2097152   6681187 
	   Memory (MB)          :    80        4096      4096 
	   xferslots            :                           0 

	Job terminated of its own accord at 2026-01-08T06:59:12Z with exit-code 0.
...
