000 (15690120.348.000) 2026-01-20 07:35:55 Job submitted from host: <130.199.48.129:9618?addrs=130.199.48.129-9618&alias=rcas6009.rcf.bnl.gov&noUDP&sock=schedd_22421_101d>
...
040 (15690120.348.000) 2026-01-21 07:30:37 Started transferring input files
	Transferring to host: <130.199.184.156:9618?addrs=130.199.184.156-9618&alias=spool1765.sdcc.bnl.gov&noUDP&sock=slot1_94_58527_198d_250378>
...
040 (15690120.348.000) 2026-01-21 07:30:37 Finished transferring input files
...
001 (15690120.348.000) 2026-01-21 07:30:38 Job executing on host: <130.199.184.156:9618?addrs=130.199.184.156-9618&alias=spool1765.sdcc.bnl.gov&noUDP&sock=startd_58518_4ec8>
...
006 (15690120.348.000) 2026-01-21 07:30:47 Image size of job updated: 382320
	104  -  MemoryUsage of job (MB)
	106340  -  ResidentSetSize of job (KB)
...
006 (15690120.348.000) 2026-01-21 07:35:48 Image size of job updated: 447912
	129  -  MemoryUsage of job (MB)
	131856  -  ResidentSetSize of job (KB)
...
040 (15690120.348.000) 2026-01-21 08:06:58 Started transferring output files
...
040 (15690120.348.000) 2026-01-21 08:06:58 Finished transferring output files
...
005 (15690120.348.000) 2026-01-21 08:06:58 Job terminated.
	(1) Normal termination (return value 0)
		Usr 0 00:35:18, Sys 0 00:00:23  -  Run Remote Usage
		Usr 0 00:00:00, Sys 0 00:00:00  -  Run Local Usage
		Usr 0 00:35:18, Sys 0 00:00:23  -  Total Remote Usage
		Usr 0 00:00:00, Sys 0 00:00:00  -  Total Local Usage
	303  -  Run Bytes Sent By Job
	148880  -  Run Bytes Received By Job
	303  -  Total Bytes Sent By Job
	148880  -  Total Bytes Received By Job
	Partitionable Resources :    Usage  Request Allocated 
	   Cpus                 :     0.99        1         1 
	   Disk (KB)            :   163     2097152   6681570 
	   Memory (MB)          :   129        4096      4096 
	   xferslots            :                           0 

	Job terminated of its own accord at 2026-01-21T13:06:57Z with exit-code 0.
...
