000 (15560432.110.000) 2026-01-07 17:58:15 Job submitted from host: <130.199.48.129:9618?addrs=130.199.48.129-9618&alias=rcas6009.rcf.bnl.gov&noUDP&sock=schedd_22421_101d>
...
040 (15560432.110.000) 2026-01-07 18:38:59 Started transferring input files
	Transferring to host: <130.199.184.213:9618?addrs=130.199.184.213-9618&alias=spool1788.sdcc.bnl.gov&noUDP&sock=slot1_3_95861_39f8_191683>
...
040 (15560432.110.000) 2026-01-07 18:38:59 Finished transferring input files
...
001 (15560432.110.000) 2026-01-07 18:39:00 Job executing on host: <130.199.184.213:9618?addrs=130.199.184.213-9618&alias=spool1788.sdcc.bnl.gov&noUDP&sock=startd_95852_0c25>
...
006 (15560432.110.000) 2026-01-07 18:39:08 Image size of job updated: 420900
	75  -  MemoryUsage of job (MB)
	76460  -  ResidentSetSize of job (KB)
...
006 (15560432.110.000) 2026-01-07 18:44:08 Image size of job updated: 424468
	97  -  MemoryUsage of job (MB)
	98952  -  ResidentSetSize of job (KB)
...
040 (15560432.110.000) 2026-01-07 18:46:30 Started transferring output files
...
040 (15560432.110.000) 2026-01-07 18:46:30 Finished transferring output files
...
005 (15560432.110.000) 2026-01-07 18:46:30 Job terminated.
	(1) Normal termination (return value 0)
		Usr 0 00:07:23, Sys 0 00:00:05  -  Run Remote Usage
		Usr 0 00:00:00, Sys 0 00:00:00  -  Run Local Usage
		Usr 0 00:07:23, Sys 0 00:00:05  -  Total Remote Usage
		Usr 0 00:00:00, Sys 0 00:00:00  -  Total Local Usage
	219  -  Run Bytes Sent By Job
	144352  -  Run Bytes Received By Job
	219  -  Total Bytes Sent By Job
	144352  -  Total Bytes Received By Job
	Partitionable Resources :    Usage  Request Allocated 
	   Cpus                 :     1.00        1         1 
	   Disk (KB)            :   159     2097152   6681567 
	   Memory (MB)          :    97        4096      4096 
	   xferslots            :                           0 

	Job terminated of its own accord at 2026-01-07T23:46:30Z with exit-code 0.
...
