000 (15684821.191.000) 2026-01-19 15:56:20 Job submitted from host: <130.199.48.129:9618?addrs=130.199.48.129-9618&alias=rcas6009.rcf.bnl.gov&noUDP&sock=schedd_22421_101d>
...
040 (15684821.191.000) 2026-01-19 16:07:42 Started transferring input files
	Transferring to host: <130.199.186.19:9618?addrs=130.199.186.19-9618&alias=spool1816.sdcc.bnl.gov&noUDP&sock=slot1_46_94263_30c0_250600>
...
040 (15684821.191.000) 2026-01-19 16:07:42 Finished transferring input files
...
001 (15684821.191.000) 2026-01-19 16:07:43 Job executing on host: <130.199.186.19:9618?addrs=130.199.186.19-9618&alias=spool1816.sdcc.bnl.gov&noUDP&sock=startd_94255_9dfa>
...
006 (15684821.191.000) 2026-01-19 16:07:52 Image size of job updated: 331428
	76  -  MemoryUsage of job (MB)
	76804  -  ResidentSetSize of job (KB)
...
006 (15684821.191.000) 2026-01-19 16:12:33 Image size of job updated: 449868
	76  -  MemoryUsage of job (MB)
	76804  -  ResidentSetSize of job (KB)
...
040 (15684821.191.000) 2026-01-19 16:12:33 Started transferring output files
...
040 (15684821.191.000) 2026-01-19 16:12:33 Finished transferring output files
...
005 (15684821.191.000) 2026-01-19 16:12:33 Job terminated.
	(1) Normal termination (return value 0)
		Usr 0 00:04:41, Sys 0 00:00:05  -  Run Remote Usage
		Usr 0 00:00:00, Sys 0 00:00:00  -  Run Local Usage
		Usr 0 00:04:41, Sys 0 00:00:05  -  Total Remote Usage
		Usr 0 00:00:00, Sys 0 00:00:00  -  Total Local Usage
	109  -  Run Bytes Sent By Job
	148880  -  Run Bytes Received By Job
	109  -  Total Bytes Sent By Job
	148880  -  Total Bytes Received By Job
	Partitionable Resources :    Usage  Request Allocated 
	   Cpus                 :                 1         1 
	   Disk (KB)            :      157  2097152   6681579 
	   Memory (MB)          :       76     4096      4096 
	   xferslots            :                           0 

	Job terminated of its own accord at 2026-01-19T21:12:33Z with exit-code 0.
...
