000 (15690120.696.000) 2026-01-20 07:35:56 Job submitted from host: <130.199.48.129:9618?addrs=130.199.48.129-9618&alias=rcas6009.rcf.bnl.gov&noUDP&sock=schedd_22421_101d>
...
040 (15690120.696.000) 2026-01-21 11:37:29 Started transferring input files
	Transferring to host: <130.199.151.12:9618?addrs=130.199.151.12-9618&alias=spool1590.sdcc.bnl.gov&noUDP&sock=slot1_15_94971_0288_291790>
...
040 (15690120.696.000) 2026-01-21 11:37:29 Finished transferring input files
...
001 (15690120.696.000) 2026-01-21 11:37:30 Job executing on host: <130.199.151.12:9618?addrs=130.199.151.12-9618&alias=spool1590.sdcc.bnl.gov&noUDP&sock=startd_94962_5fa9>
...
006 (15690120.696.000) 2026-01-21 11:37:39 Image size of job updated: 110976
	77  -  MemoryUsage of job (MB)
	78508  -  ResidentSetSize of job (KB)
...
006 (15690120.696.000) 2026-01-21 11:42:40 Image size of job updated: 424416
	95  -  MemoryUsage of job (MB)
	96388  -  ResidentSetSize of job (KB)
...
006 (15690120.696.000) 2026-01-21 11:47:41 Image size of job updated: 424416
	95  -  MemoryUsage of job (MB)
	96392  -  ResidentSetSize of job (KB)
...
040 (15690120.696.000) 2026-01-21 11:51:21 Started transferring output files
...
040 (15690120.696.000) 2026-01-21 11:51:21 Finished transferring output files
...
005 (15690120.696.000) 2026-01-21 11:51:21 Job terminated.
	(1) Normal termination (return value 0)
		Usr 0 00:13:40, Sys 0 00:00:09  -  Run Remote Usage
		Usr 0 00:00:00, Sys 0 00:00:00  -  Run Local Usage
		Usr 0 00:13:40, Sys 0 00:00:09  -  Total Remote Usage
		Usr 0 00:00:00, Sys 0 00:00:00  -  Total Local Usage
	205  -  Run Bytes Sent By Job
	148880  -  Run Bytes Received By Job
	205  -  Total Bytes Sent By Job
	148880  -  Total Bytes Received By Job
	Partitionable Resources :    Usage  Request Allocated 
	   Cpus                 :     1.00        1         1 
	   Disk (KB)            :   164     2097152   6681190 
	   Memory (MB)          :    95        4096      4096 
	   xferslots            :                           0 

	Job terminated of its own accord at 2026-01-21T16:51:21Z with exit-code 0.
...
