000 (15560432.450.000) 2026-01-07 17:58:16 Job submitted from host: <130.199.48.129:9618?addrs=130.199.48.129-9618&alias=rcas6009.rcf.bnl.gov&noUDP&sock=schedd_22421_101d>
...
040 (15560432.450.000) 2026-01-07 20:43:08 Started transferring input files
	Transferring to host: <130.199.150.96:9618?addrs=130.199.150.96-9618&alias=spool1577.sdcc.bnl.gov&noUDP&sock=slot1_14_24963_e9b7_185235>
...
040 (15560432.450.000) 2026-01-07 20:43:08 Finished transferring input files
...
001 (15560432.450.000) 2026-01-07 20:43:09 Job executing on host: <130.199.150.96:9618?addrs=130.199.150.96-9618&alias=spool1577.sdcc.bnl.gov&noUDP&sock=startd_24954_b9b8>
...
006 (15560432.450.000) 2026-01-07 20:43:18 Image size of job updated: 314868
	80  -  MemoryUsage of job (MB)
	81280  -  ResidentSetSize of job (KB)
...
006 (15560432.450.000) 2026-01-07 20:48:19 Image size of job updated: 424792
	105  -  MemoryUsage of job (MB)
	107360  -  ResidentSetSize of job (KB)
...
006 (15560432.450.000) 2026-01-07 20:53:20 Image size of job updated: 424792
	105  -  MemoryUsage of job (MB)
	107368  -  ResidentSetSize of job (KB)
...
040 (15560432.450.000) 2026-01-07 20:57:12 Started transferring output files
...
040 (15560432.450.000) 2026-01-07 20:57:12 Finished transferring output files
...
005 (15560432.450.000) 2026-01-07 20:57:12 Job terminated.
	(1) Normal termination (return value 0)
		Usr 0 00:13:46, Sys 0 00:00:13  -  Run Remote Usage
		Usr 0 00:00:00, Sys 0 00:00:00  -  Run Local Usage
		Usr 0 00:13:46, Sys 0 00:00:13  -  Total Remote Usage
		Usr 0 00:00:00, Sys 0 00:00:00  -  Total Local Usage
	275  -  Run Bytes Sent By Job
	144352  -  Run Bytes Received By Job
	275  -  Total Bytes Sent By Job
	144352  -  Total Bytes Received By Job
	Partitionable Resources :    Usage  Request Allocated 
	   Cpus                 :     0.99        1         1 
	   Disk (KB)            :   159     2097152   6681182 
	   Memory (MB)          :   105        4096      4096 
	   xferslots            :                           0 

	Job terminated of its own accord at 2026-01-08T01:57:12Z with exit-code 0.
...
