000 (15564188.158.000) 2026-01-07 21:29:39 Job submitted from host: <130.199.48.129:9618?addrs=130.199.48.129-9618&alias=rcas6009.rcf.bnl.gov&noUDP&sock=schedd_22421_101d>
...
040 (15564188.158.000) 2026-01-07 23:54:22 Started transferring input files
	Transferring to host: <130.199.186.27:9618?addrs=130.199.186.27-9618&alias=spool1824.sdcc.bnl.gov&noUDP&sock=slot1_58_94218_f5db_183043>
...
040 (15564188.158.000) 2026-01-07 23:54:22 Finished transferring input files
...
001 (15564188.158.000) 2026-01-07 23:54:23 Job executing on host: <130.199.186.27:9618?addrs=130.199.186.27-9618&alias=spool1824.sdcc.bnl.gov&noUDP&sock=startd_94209_0f05>
...
006 (15564188.158.000) 2026-01-07 23:54:32 Image size of job updated: 420932
	82  -  MemoryUsage of job (MB)
	83236  -  ResidentSetSize of job (KB)
...
006 (15564188.158.000) 2026-01-07 23:59:33 Image size of job updated: 448220
	95  -  MemoryUsage of job (MB)
	97052  -  ResidentSetSize of job (KB)
...
040 (15564188.158.000) 2026-01-07 23:59:42 Started transferring output files
...
040 (15564188.158.000) 2026-01-07 23:59:42 Finished transferring output files
...
005 (15564188.158.000) 2026-01-07 23:59:42 Job terminated.
	(1) Normal termination (return value 0)
		Usr 0 00:04:46, Sys 0 00:00:05  -  Run Remote Usage
		Usr 0 00:00:00, Sys 0 00:00:00  -  Run Local Usage
		Usr 0 00:04:46, Sys 0 00:00:05  -  Total Remote Usage
		Usr 0 00:00:00, Sys 0 00:00:00  -  Total Local Usage
	163  -  Run Bytes Sent By Job
	144352  -  Run Bytes Received By Job
	163  -  Total Bytes Sent By Job
	144352  -  Total Bytes Received By Job
	Partitionable Resources :    Usage  Request Allocated 
	   Cpus                 :     0.93        1         1 
	   Disk (KB)            :   159     2097152   6681576 
	   Memory (MB)          :    95        4096      4096 
	   xferslots            :                           0 

	Job terminated of its own accord at 2026-01-08T04:59:42Z with exit-code 0.
...
