000 (16235385.687.000) 2026-01-23 10:57:28 Job submitted from host: <130.199.48.128:9618?addrs=130.199.48.128-9618&alias=rcas6008.rcf.bnl.gov&noUDP&sock=schedd_18725_535a>
...
040 (16235385.687.000) 2026-01-23 12:19:34 Started transferring input files
	Transferring to host: <130.199.186.13:9618?addrs=130.199.186.13-9618&alias=spool1810.sdcc.bnl.gov&noUDP&sock=slot1_84_94082_8823_262887>
...
040 (16235385.687.000) 2026-01-23 12:19:34 Finished transferring input files
...
001 (16235385.687.000) 2026-01-23 12:19:35 Job executing on host: <130.199.186.13:9618?addrs=130.199.186.13-9618&alias=spool1810.sdcc.bnl.gov&noUDP&sock=startd_94074_5538>
...
006 (16235385.687.000) 2026-01-23 12:19:44 Image size of job updated: 104444
	72  -  MemoryUsage of job (MB)
	72992  -  ResidentSetSize of job (KB)
...
006 (16235385.687.000) 2026-01-23 12:24:45 Image size of job updated: 424324
	90  -  MemoryUsage of job (MB)
	91992  -  ResidentSetSize of job (KB)
...
040 (16235385.687.000) 2026-01-23 12:29:15 Started transferring output files
...
040 (16235385.687.000) 2026-01-23 12:29:15 Finished transferring output files
...
005 (16235385.687.000) 2026-01-23 12:29:15 Job terminated.
	(1) Normal termination (return value 0)
		Usr 0 00:09:30, Sys 0 00:00:07  -  Run Remote Usage
		Usr 0 00:00:00, Sys 0 00:00:00  -  Run Local Usage
		Usr 0 00:09:30, Sys 0 00:00:07  -  Total Remote Usage
		Usr 0 00:00:00, Sys 0 00:00:00  -  Total Local Usage
	163  -  Run Bytes Sent By Job
	148880  -  Run Bytes Received By Job
	163  -  Total Bytes Sent By Job
	148880  -  Total Bytes Received By Job
	Partitionable Resources :    Usage  Request Allocated 
	   Cpus                 :     1.00        1         1 
	   Disk (KB)            :   163     2097152   6681591 
	   Memory (MB)          :    90        4096      4096 
	   xferslots            :                           0 

	Job terminated of its own accord at 2026-01-23T17:29:15Z with exit-code 0.
...
