000 (15697407.629.000) 2026-01-21 18:36:42 Job submitted from host: <130.199.48.129:9618?addrs=130.199.48.129-9618&alias=rcas6009.rcf.bnl.gov&noUDP&sock=schedd_22421_101d>
...
040 (15697407.629.000) 2026-01-22 13:19:01 Started transferring input files
	Transferring to host: <130.199.151.20:9618?addrs=130.199.151.20-9618&alias=spool1598.sdcc.bnl.gov&noUDP&sock=slot1_71_29322_cc12_259586>
...
040 (15697407.629.000) 2026-01-22 13:19:01 Finished transferring input files
...
001 (15697407.629.000) 2026-01-22 13:19:03 Job executing on host: <130.199.151.20:9618?addrs=130.199.151.20-9618&alias=spool1598.sdcc.bnl.gov&noUDP&sock=startd_29313_4b3f>
...
006 (15697407.629.000) 2026-01-22 13:19:11 Image size of job updated: 102120
	70  -  MemoryUsage of job (MB)
	70692  -  ResidentSetSize of job (KB)
...
006 (15697407.629.000) 2026-01-22 13:24:11 Image size of job updated: 450980
	87  -  MemoryUsage of job (MB)
	88692  -  ResidentSetSize of job (KB)
...
040 (15697407.629.000) 2026-01-22 13:24:32 Started transferring output files
...
040 (15697407.629.000) 2026-01-22 13:24:32 Finished transferring output files
...
005 (15697407.629.000) 2026-01-22 13:24:32 Job terminated.
	(1) Normal termination (return value 0)
		Usr 0 00:05:23, Sys 0 00:00:04  -  Run Remote Usage
		Usr 0 00:00:00, Sys 0 00:00:00  -  Run Local Usage
		Usr 0 00:05:23, Sys 0 00:00:04  -  Total Remote Usage
		Usr 0 00:00:00, Sys 0 00:00:00  -  Total Local Usage
	122  -  Run Bytes Sent By Job
	148880  -  Run Bytes Received By Job
	122  -  Total Bytes Sent By Job
	148880  -  Total Bytes Received By Job
	Partitionable Resources :    Usage  Request Allocated 
	   Cpus                 :     1.00        1         1 
	   Disk (KB)            :   163     2097152   6681198 
	   Memory (MB)          :    87        4096      4096 
	   xferslots            :                           0 

	Job terminated of its own accord at 2026-01-22T18:24:32Z with exit-code 0.
...
