000 (16235385.978.000) 2026-01-23 10:57:30 Job submitted from host: <130.199.48.128:9618?addrs=130.199.48.128-9618&alias=rcas6008.rcf.bnl.gov&noUDP&sock=schedd_18725_535a>
...
040 (16235385.978.000) 2026-01-23 12:27:22 Started transferring input files
	Transferring to host: <130.199.186.10:9618?addrs=130.199.186.10-9618&alias=spool1807.sdcc.bnl.gov&noUDP&sock=slot1_63_95813_c7f3_288077>
...
040 (16235385.978.000) 2026-01-23 12:27:22 Finished transferring input files
...
001 (16235385.978.000) 2026-01-23 12:27:23 Job executing on host: <130.199.186.10:9618?addrs=130.199.186.10-9618&alias=spool1807.sdcc.bnl.gov&noUDP&sock=startd_95805_2c2b>
...
006 (16235385.978.000) 2026-01-23 12:27:31 Image size of job updated: 420968
	74  -  MemoryUsage of job (MB)
	75148  -  ResidentSetSize of job (KB)
...
006 (16235385.978.000) 2026-01-23 12:32:31 Image size of job updated: 423720
	97  -  MemoryUsage of job (MB)
	99164  -  ResidentSetSize of job (KB)
...
006 (16235385.978.000) 2026-01-23 12:37:32 Image size of job updated: 450704
	113  -  MemoryUsage of job (MB)
	114976  -  ResidentSetSize of job (KB)
...
040 (16235385.978.000) 2026-01-23 12:40:41 Started transferring output files
...
040 (16235385.978.000) 2026-01-23 12:40:41 Finished transferring output files
...
005 (16235385.978.000) 2026-01-23 12:40:41 Job terminated.
	(1) Normal termination (return value 0)
		Usr 0 00:13:08, Sys 0 00:00:09  -  Run Remote Usage
		Usr 0 00:00:00, Sys 0 00:00:00  -  Run Local Usage
		Usr 0 00:13:08, Sys 0 00:00:09  -  Total Remote Usage
		Usr 0 00:00:00, Sys 0 00:00:00  -  Total Local Usage
	205  -  Run Bytes Sent By Job
	148880  -  Run Bytes Received By Job
	205  -  Total Bytes Sent By Job
	148880  -  Total Bytes Received By Job
	Partitionable Resources :    Usage  Request Allocated 
	   Cpus                 :     0.99        1         1 
	   Disk (KB)            :   163     2097152   6681557 
	   Memory (MB)          :   113        4096      4096 
	   xferslots            :                           0 

	Job terminated of its own accord at 2026-01-23T17:40:41Z with exit-code 0.
...
