000 (15690120.209.000) 2026-01-20 07:35:55 Job submitted from host: <130.199.48.129:9618?addrs=130.199.48.129-9618&alias=rcas6009.rcf.bnl.gov&noUDP&sock=schedd_22421_101d>
...
040 (15690120.209.000) 2026-01-21 00:09:59 Started transferring input files
	Transferring to host: <130.199.151.4:9618?addrs=130.199.151.4-9618&alias=spool1582.sdcc.bnl.gov&noUDP&sock=slot1_30_96763_4de9_245763>
...
040 (15690120.209.000) 2026-01-21 00:09:59 Finished transferring input files
...
001 (15690120.209.000) 2026-01-21 00:10:00 Job executing on host: <130.199.151.4:9618?addrs=130.199.151.4-9618&alias=spool1582.sdcc.bnl.gov&noUDP&sock=startd_96754_84e0>
...
006 (15690120.209.000) 2026-01-21 00:10:09 Image size of job updated: 635312
	109  -  MemoryUsage of job (MB)
	110960  -  ResidentSetSize of job (KB)
...
006 (15690120.209.000) 2026-01-21 00:15:09 Image size of job updated: 695340
	220  -  MemoryUsage of job (MB)
	224576  -  ResidentSetSize of job (KB)
...
006 (15690120.209.000) 2026-01-21 00:20:09 Image size of job updated: 695340
	220  -  MemoryUsage of job (MB)
	225160  -  ResidentSetSize of job (KB)
...
006 (15690120.209.000) 2026-01-21 00:30:11 Image size of job updated: 695340
	220  -  MemoryUsage of job (MB)
	225224  -  ResidentSetSize of job (KB)
...
006 (15690120.209.000) 2026-01-21 01:05:14 Image size of job updated: 695340
	231  -  MemoryUsage of job (MB)
	235940  -  ResidentSetSize of job (KB)
...
040 (15690120.209.000) 2026-01-21 01:08:50 Started transferring output files
...
040 (15690120.209.000) 2026-01-21 01:08:50 Finished transferring output files
...
005 (15690120.209.000) 2026-01-21 01:08:50 Job terminated.
	(1) Normal termination (return value 0)
		Usr 0 00:57:20, Sys 0 00:00:37  -  Run Remote Usage
		Usr 0 00:00:00, Sys 0 00:00:00  -  Run Local Usage
		Usr 0 00:57:20, Sys 0 00:00:37  -  Total Remote Usage
		Usr 0 00:00:00, Sys 0 00:00:00  -  Total Local Usage
	373  -  Run Bytes Sent By Job
	148880  -  Run Bytes Received By Job
	373  -  Total Bytes Sent By Job
	148880  -  Total Bytes Received By Job
	Partitionable Resources :    Usage  Request Allocated 
	   Cpus                 :     0.96        1         1 
	   Disk (KB)            :   164     2097152   6681188 
	   Memory (MB)          :   231        4096      4096 
	   xferslots            :                           0 

	Job terminated of its own accord at 2026-01-21T06:08:49Z with exit-code 0.
...
