000 (15684821.335.000) 2026-01-19 15:56:21 Job submitted from host: <130.199.48.129:9618?addrs=130.199.48.129-9618&alias=rcas6009.rcf.bnl.gov&noUDP&sock=schedd_22421_101d>
...
040 (15684821.335.000) 2026-01-19 16:14:32 Started transferring input files
	Transferring to host: <130.199.184.155:9618?addrs=130.199.184.155-9618&alias=spool1764.sdcc.bnl.gov&noUDP&sock=slot1_43_4372_9493_238884>
...
040 (15684821.335.000) 2026-01-19 16:14:32 Finished transferring input files
...
001 (15684821.335.000) 2026-01-19 16:14:33 Job executing on host: <130.199.184.155:9618?addrs=130.199.184.155-9618&alias=spool1764.sdcc.bnl.gov&noUDP&sock=startd_4355_66ea>
...
006 (15684821.335.000) 2026-01-19 16:14:42 Image size of job updated: 330996
	75  -  MemoryUsage of job (MB)
	76772  -  ResidentSetSize of job (KB)
...
006 (15684821.335.000) 2026-01-19 16:19:42 Image size of job updated: 449836
	121  -  MemoryUsage of job (MB)
	123248  -  ResidentSetSize of job (KB)
...
006 (15684821.335.000) 2026-01-19 16:29:43 Image size of job updated: 449836
	121  -  MemoryUsage of job (MB)
	123252  -  ResidentSetSize of job (KB)
...
040 (15684821.335.000) 2026-01-19 16:43:20 Started transferring output files
...
040 (15684821.335.000) 2026-01-19 16:43:20 Finished transferring output files
...
005 (15684821.335.000) 2026-01-19 16:43:20 Job terminated.
	(1) Normal termination (return value 0)
		Usr 0 00:26:44, Sys 0 00:00:21  -  Run Remote Usage
		Usr 0 00:00:00, Sys 0 00:00:00  -  Run Local Usage
		Usr 0 00:26:44, Sys 0 00:00:21  -  Total Remote Usage
		Usr 0 00:00:00, Sys 0 00:00:00  -  Total Local Usage
	261  -  Run Bytes Sent By Job
	148880  -  Run Bytes Received By Job
	261  -  Total Bytes Sent By Job
	148880  -  Total Bytes Received By Job
	Partitionable Resources :    Usage  Request Allocated 
	   Cpus                 :     0.99        1         1 
	   Disk (KB)            :   163     2097152   6681581 
	   Memory (MB)          :   121        4096      4096 
	   xferslots            :                           0 

	Job terminated of its own accord at 2026-01-19T21:43:19Z with exit-code 0.
...
