000 (15697407.496.000) 2026-01-21 18:36:42 Job submitted from host: <130.199.48.129:9618?addrs=130.199.48.129-9618&alias=rcas6009.rcf.bnl.gov&noUDP&sock=schedd_22421_101d>
...
040 (15697407.496.000) 2026-01-22 10:26:49 Started transferring input files
	Transferring to host: <130.199.150.94:9618?addrs=130.199.150.94-9618&alias=spool1575.sdcc.bnl.gov&noUDP&sock=slot1_64_57332_a848_254009>
...
040 (15697407.496.000) 2026-01-22 10:26:49 Finished transferring input files
...
001 (15697407.496.000) 2026-01-22 10:26:50 Job executing on host: <130.199.150.94:9618?addrs=130.199.150.94-9618&alias=spool1575.sdcc.bnl.gov&noUDP&sock=startd_57323_1af7>
...
006 (15697407.496.000) 2026-01-22 10:26:59 Image size of job updated: 337740
	75  -  MemoryUsage of job (MB)
	76584  -  ResidentSetSize of job (KB)
...
006 (15697407.496.000) 2026-01-22 10:31:59 Image size of job updated: 424360
	95  -  MemoryUsage of job (MB)
	96688  -  ResidentSetSize of job (KB)
...
006 (15697407.496.000) 2026-01-22 10:42:00 Image size of job updated: 424360
	95  -  MemoryUsage of job (MB)
	96720  -  ResidentSetSize of job (KB)
...
040 (15697407.496.000) 2026-01-22 10:44:14 Started transferring output files
...
040 (15697407.496.000) 2026-01-22 10:44:15 Finished transferring output files
...
005 (15697407.496.000) 2026-01-22 10:44:15 Job terminated.
	(1) Normal termination (return value 0)
		Usr 0 00:15:19, Sys 0 00:00:14  -  Run Remote Usage
		Usr 0 00:00:00, Sys 0 00:00:00  -  Run Local Usage
		Usr 0 00:15:19, Sys 0 00:00:14  -  Total Remote Usage
		Usr 0 00:00:00, Sys 0 00:00:00  -  Total Local Usage
	205  -  Run Bytes Sent By Job
	148880  -  Run Bytes Received By Job
	205  -  Total Bytes Sent By Job
	148880  -  Total Bytes Received By Job
	Partitionable Resources :    Usage  Request Allocated 
	   Cpus                 :     0.94        1         1 
	   Disk (KB)            :   164     2097152   6681173 
	   Memory (MB)          :    95        4096      4096 
	   xferslots            :                           0 

	Job terminated of its own accord at 2026-01-22T15:44:14Z with exit-code 0.
...
