000 (15684821.012.000) 2026-01-19 15:56:20 Job submitted from host: <130.199.48.129:9618?addrs=130.199.48.129-9618&alias=rcas6009.rcf.bnl.gov&noUDP&sock=schedd_22421_101d>
...
040 (15684821.012.000) 2026-01-19 15:56:48 Started transferring input files
	Transferring to host: <130.199.151.16:9618?addrs=130.199.151.16-9618&alias=spool1594.sdcc.bnl.gov&noUDP&sock=slot1_72_96956_d307_248611>
...
040 (15684821.012.000) 2026-01-19 15:56:48 Finished transferring input files
...
001 (15684821.012.000) 2026-01-19 15:56:49 Job executing on host: <130.199.151.16:9618?addrs=130.199.151.16-9618&alias=spool1594.sdcc.bnl.gov&noUDP&sock=startd_96947_99e2>
...
006 (15684821.012.000) 2026-01-19 15:56:58 Image size of job updated: 423280
	67  -  MemoryUsage of job (MB)
	67800  -  ResidentSetSize of job (KB)
...
006 (15684821.012.000) 2026-01-19 16:00:48 Image size of job updated: 424296
	67  -  MemoryUsage of job (MB)
	67800  -  ResidentSetSize of job (KB)
...
040 (15684821.012.000) 2026-01-19 16:00:48 Started transferring output files
...
040 (15684821.012.000) 2026-01-19 16:00:48 Finished transferring output files
...
005 (15684821.012.000) 2026-01-19 16:00:48 Job terminated.
	(1) Normal termination (return value 0)
		Usr 0 00:03:33, Sys 0 00:00:02  -  Run Remote Usage
		Usr 0 00:00:00, Sys 0 00:00:00  -  Run Local Usage
		Usr 0 00:03:33, Sys 0 00:00:02  -  Total Remote Usage
		Usr 0 00:00:00, Sys 0 00:00:00  -  Total Local Usage
	96  -  Run Bytes Sent By Job
	148880  -  Run Bytes Received By Job
	96  -  Total Bytes Sent By Job
	148880  -  Total Bytes Received By Job
	Partitionable Resources :    Usage  Request Allocated 
	   Cpus                 :     0.95        1         1 
	   Disk (KB)            :   163     2097152   6681187 
	   Memory (MB)          :    67        4096      4096 
	   xferslots            :                           0 

	Job terminated of its own accord at 2026-01-19T21:00:48Z with exit-code 0.
...
