000 (15560432.098.000) 2026-01-07 17:58:15 Job submitted from host: <130.199.48.129:9618?addrs=130.199.48.129-9618&alias=rcas6009.rcf.bnl.gov&noUDP&sock=schedd_22421_101d>
...
040 (15560432.098.000) 2026-01-07 18:35:04 Started transferring input files
	Transferring to host: <130.199.151.33:9618?addrs=130.199.151.33-9618&alias=spool1611.sdcc.bnl.gov&noUDP&sock=slot1_66_94855_59a7_184502>
...
040 (15560432.098.000) 2026-01-07 18:35:04 Finished transferring input files
...
001 (15560432.098.000) 2026-01-07 18:35:05 Job executing on host: <130.199.151.33:9618?addrs=130.199.151.33-9618&alias=spool1611.sdcc.bnl.gov&noUDP&sock=startd_94847_fa45>
...
006 (15560432.098.000) 2026-01-07 18:35:14 Image size of job updated: 420964
	77  -  MemoryUsage of job (MB)
	78812  -  ResidentSetSize of job (KB)
...
006 (15560432.098.000) 2026-01-07 18:40:15 Image size of job updated: 424752
	99  -  MemoryUsage of job (MB)
	100480  -  ResidentSetSize of job (KB)
...
040 (15560432.098.000) 2026-01-07 18:43:07 Started transferring output files
...
040 (15560432.098.000) 2026-01-07 18:43:07 Finished transferring output files
...
005 (15560432.098.000) 2026-01-07 18:43:07 Job terminated.
	(1) Normal termination (return value 0)
		Usr 0 00:07:54, Sys 0 00:00:06  -  Run Remote Usage
		Usr 0 00:00:00, Sys 0 00:00:00  -  Run Local Usage
		Usr 0 00:07:54, Sys 0 00:00:06  -  Total Remote Usage
		Usr 0 00:00:00, Sys 0 00:00:00  -  Total Local Usage
	233  -  Run Bytes Sent By Job
	144352  -  Run Bytes Received By Job
	233  -  Total Bytes Sent By Job
	144352  -  Total Bytes Received By Job
	Partitionable Resources :    Usage  Request Allocated 
	   Cpus                 :     1.00        1         1 
	   Disk (KB)            :   159     2097152   6681176 
	   Memory (MB)          :    99        4096      4096 
	   xferslots            :                           0 

	Job terminated of its own accord at 2026-01-07T23:43:07Z with exit-code 0.
...
