000 (15564188.933.000) 2026-01-07 21:29:41 Job submitted from host: <130.199.48.129:9618?addrs=130.199.48.129-9618&alias=rcas6009.rcf.bnl.gov&noUDP&sock=schedd_22421_101d>
...
040 (15564188.933.000) 2026-01-08 01:59:21 Started transferring input files
	Transferring to host: <130.199.151.18:9618?addrs=130.199.151.18-9618&alias=spool1596.sdcc.bnl.gov&noUDP&sock=slot1_82_94793_910b_197548>
...
040 (15564188.933.000) 2026-01-08 01:59:21 Finished transferring input files
...
001 (15564188.933.000) 2026-01-08 01:59:22 Job executing on host: <130.199.151.18:9618?addrs=130.199.151.18-9618&alias=spool1596.sdcc.bnl.gov&noUDP&sock=startd_94784_09f6>
...
006 (15564188.933.000) 2026-01-08 01:59:31 Image size of job updated: 420940
	85  -  MemoryUsage of job (MB)
	86592  -  ResidentSetSize of job (KB)
...
006 (15564188.933.000) 2026-01-08 02:04:32 Image size of job updated: 448012
	100  -  MemoryUsage of job (MB)
	102180  -  ResidentSetSize of job (KB)
...
040 (15564188.933.000) 2026-01-08 02:06:23 Started transferring output files
...
040 (15564188.933.000) 2026-01-08 02:06:23 Finished transferring output files
...
005 (15564188.933.000) 2026-01-08 02:06:23 Job terminated.
	(1) Normal termination (return value 0)
		Usr 0 00:06:16, Sys 0 00:00:07  -  Run Remote Usage
		Usr 0 00:00:00, Sys 0 00:00:00  -  Run Local Usage
		Usr 0 00:06:16, Sys 0 00:00:07  -  Total Remote Usage
		Usr 0 00:00:00, Sys 0 00:00:00  -  Total Local Usage
	191  -  Run Bytes Sent By Job
	144352  -  Run Bytes Received By Job
	191  -  Total Bytes Sent By Job
	144352  -  Total Bytes Received By Job
	Partitionable Resources :    Usage  Request Allocated 
	   Cpus                 :     0.92        1         1 
	   Disk (KB)            :   159     2097152   6681193 
	   Memory (MB)          :   100        4096      4096 
	   xferslots            :                           0 

	Job terminated of its own accord at 2026-01-08T07:06:23Z with exit-code 0.
...
