000 (15684821.918.000) 2026-01-19 15:56:22 Job submitted from host: <130.199.48.129:9618?addrs=130.199.48.129-9618&alias=rcas6009.rcf.bnl.gov&noUDP&sock=schedd_22421_101d>
...
040 (15684821.918.000) 2026-01-19 16:30:38 Started transferring input files
	Transferring to host: <130.199.184.215:9618?addrs=130.199.184.215-9618&alias=spool1790.sdcc.bnl.gov&noUDP&sock=slot1_37_94070_aba1_253558>
...
040 (15684821.918.000) 2026-01-19 16:30:38 Finished transferring input files
...
001 (15684821.918.000) 2026-01-19 16:30:39 Job executing on host: <130.199.184.215:9618?addrs=130.199.184.215-9618&alias=spool1790.sdcc.bnl.gov&noUDP&sock=startd_94061_37f3>
...
006 (15684821.918.000) 2026-01-19 16:30:48 Image size of job updated: 421272
	65  -  MemoryUsage of job (MB)
	66348  -  ResidentSetSize of job (KB)
...
006 (15684821.918.000) 2026-01-19 16:33:21 Image size of job updated: 450304
	65  -  MemoryUsage of job (MB)
	66348  -  ResidentSetSize of job (KB)
...
040 (15684821.918.000) 2026-01-19 16:33:21 Started transferring output files
...
040 (15684821.918.000) 2026-01-19 16:33:21 Finished transferring output files
...
005 (15684821.918.000) 2026-01-19 16:33:21 Job terminated.
	(1) Normal termination (return value 0)
		Usr 0 00:02:24, Sys 0 00:00:02  -  Run Remote Usage
		Usr 0 00:00:00, Sys 0 00:00:00  -  Run Local Usage
		Usr 0 00:02:24, Sys 0 00:00:02  -  Total Remote Usage
		Usr 0 00:00:00, Sys 0 00:00:00  -  Total Local Usage
	83  -  Run Bytes Sent By Job
	148880  -  Run Bytes Received By Job
	83  -  Total Bytes Sent By Job
	148880  -  Total Bytes Received By Job
	Partitionable Resources :    Usage  Request Allocated 
	   Cpus                 :                 1         1 
	   Disk (KB)            :      157  2097152   6681575 
	   Memory (MB)          :       65     4096      4096 
	   xferslots            :                           0 

	Job terminated of its own accord at 2026-01-19T21:33:21Z with exit-code 0.
...
