000 (15697407.373.000) 2026-01-21 18:36:41 Job submitted from host: <130.199.48.129:9618?addrs=130.199.48.129-9618&alias=rcas6009.rcf.bnl.gov&noUDP&sock=schedd_22421_101d>
...
040 (15697407.373.000) 2026-01-22 07:00:42 Started transferring input files
	Transferring to host: <130.199.151.15:9618?addrs=130.199.151.15-9618&alias=spool1593.sdcc.bnl.gov&noUDP&sock=slot1_91_96858_74e8_274293>
...
040 (15697407.373.000) 2026-01-22 07:00:42 Finished transferring input files
...
001 (15697407.373.000) 2026-01-22 07:00:43 Job executing on host: <130.199.151.15:9618?addrs=130.199.151.15-9618&alias=spool1593.sdcc.bnl.gov&noUDP&sock=startd_96849_95d9>
...
006 (15697407.373.000) 2026-01-22 07:00:52 Image size of job updated: 422452
	76  -  MemoryUsage of job (MB)
	77560  -  ResidentSetSize of job (KB)
...
006 (15697407.373.000) 2026-01-22 07:05:53 Image size of job updated: 449788
	111  -  MemoryUsage of job (MB)
	112860  -  ResidentSetSize of job (KB)
...
040 (15697407.373.000) 2026-01-22 07:16:44 Started transferring output files
...
040 (15697407.373.000) 2026-01-22 07:16:44 Finished transferring output files
...
005 (15697407.373.000) 2026-01-22 07:16:44 Job terminated.
	(1) Normal termination (return value 0)
		Usr 0 00:15:39, Sys 0 00:00:09  -  Run Remote Usage
		Usr 0 00:00:00, Sys 0 00:00:00  -  Run Local Usage
		Usr 0 00:15:39, Sys 0 00:00:09  -  Total Remote Usage
		Usr 0 00:00:00, Sys 0 00:00:00  -  Total Local Usage
	219  -  Run Bytes Sent By Job
	148880  -  Run Bytes Received By Job
	219  -  Total Bytes Sent By Job
	148880  -  Total Bytes Received By Job
	Partitionable Resources :    Usage  Request Allocated 
	   Cpus                 :     1.00        1         1 
	   Disk (KB)            :   164     2097152   6681185 
	   Memory (MB)          :   111        4096      4096 
	   xferslots            :                           0 

	Job terminated of its own accord at 2026-01-22T12:16:32Z with exit-code 0.
...
