000 (15564188.032.000) 2026-01-07 21:29:39 Job submitted from host: <130.199.48.129:9618?addrs=130.199.48.129-9618&alias=rcas6009.rcf.bnl.gov&noUDP&sock=schedd_22421_101d>
...
040 (15564188.032.000) 2026-01-07 22:23:46 Started transferring input files
	Transferring to host: <130.199.186.89:9618?addrs=130.199.186.89-9618&alias=spool1852.sdcc.bnl.gov&noUDP&sock=slot1_63_94012_d731_245253>
...
040 (15564188.032.000) 2026-01-07 22:23:46 Finished transferring input files
...
001 (15564188.032.000) 2026-01-07 22:23:47 Job executing on host: <130.199.186.89:9618?addrs=130.199.186.89-9618&alias=spool1852.sdcc.bnl.gov&noUDP&sock=startd_94003_dcbe>
...
006 (15564188.032.000) 2026-01-07 22:23:56 Image size of job updated: 330644
	99  -  MemoryUsage of job (MB)
	100528  -  ResidentSetSize of job (KB)
...
006 (15564188.032.000) 2026-01-07 22:28:57 Image size of job updated: 448356
	121  -  MemoryUsage of job (MB)
	122988  -  ResidentSetSize of job (KB)
...
040 (15564188.032.000) 2026-01-07 22:35:46 Started transferring output files
...
040 (15564188.032.000) 2026-01-07 22:35:46 Finished transferring output files
...
005 (15564188.032.000) 2026-01-07 22:35:46 Job terminated.
	(1) Normal termination (return value 0)
		Usr 0 00:11:17, Sys 0 00:00:13  -  Run Remote Usage
		Usr 0 00:00:00, Sys 0 00:00:00  -  Run Local Usage
		Usr 0 00:11:17, Sys 0 00:00:13  -  Total Remote Usage
		Usr 0 00:00:00, Sys 0 00:00:00  -  Total Local Usage
	261  -  Run Bytes Sent By Job
	144352  -  Run Bytes Received By Job
	261  -  Total Bytes Sent By Job
	144352  -  Total Bytes Received By Job
	Partitionable Resources :    Usage  Request Allocated 
	   Cpus                 :     0.97        1         1 
	   Disk (KB)            :   159     2097152   6681569 
	   Memory (MB)          :   121        4096      4096 
	   xferslots            :                           0 

	Job terminated of its own accord at 2026-01-08T03:35:45Z with exit-code 0.
...
