000 (15554417.1174.000) 2026-01-07 12:44:35 Job submitted from host: <130.199.48.129:9618?addrs=130.199.48.129-9618&alias=rcas6009.rcf.bnl.gov&noUDP&sock=schedd_22421_101d>
...
040 (15554417.1174.000) 2026-01-07 14:16:05 Started transferring input files
	Transferring to host: <130.199.186.76:9618?addrs=130.199.186.76-9618&alias=spool1839.sdcc.bnl.gov&noUDP&sock=slot1_46_95854_0eac_185259>
...
040 (15554417.1174.000) 2026-01-07 14:16:05 Finished transferring input files
...
001 (15554417.1174.000) 2026-01-07 14:16:06 Job executing on host: <130.199.186.76:9618?addrs=130.199.186.76-9618&alias=spool1839.sdcc.bnl.gov&noUDP&sock=startd_95845_d4ff>
...
006 (15554417.1174.000) 2026-01-07 14:16:15 Image size of job updated: 126856
	94  -  MemoryUsage of job (MB)
	95464  -  ResidentSetSize of job (KB)
...
006 (15554417.1174.000) 2026-01-07 14:20:57 Image size of job updated: 424540
	94  -  MemoryUsage of job (MB)
	95464  -  ResidentSetSize of job (KB)
...
040 (15554417.1174.000) 2026-01-07 14:20:57 Started transferring output files
...
040 (15554417.1174.000) 2026-01-07 14:20:57 Finished transferring output files
...
005 (15554417.1174.000) 2026-01-07 14:20:57 Job terminated.
	(1) Normal termination (return value 0)
		Usr 0 00:04:45, Sys 0 00:00:04  -  Run Remote Usage
		Usr 0 00:00:00, Sys 0 00:00:00  -  Run Local Usage
		Usr 0 00:04:45, Sys 0 00:00:04  -  Total Remote Usage
		Usr 0 00:00:00, Sys 0 00:00:00  -  Total Local Usage
	205  -  Run Bytes Sent By Job
	144352  -  Run Bytes Received By Job
	205  -  Total Bytes Sent By Job
	144352  -  Total Bytes Received By Job
	Partitionable Resources :    Usage  Request Allocated 
	   Cpus                 :     0.99        1         1 
	   Disk (KB)            :   159     2097152   6681563 
	   Memory (MB)          :    94        4096      4096 
	   xferslots            :                           0 

	Job terminated of its own accord at 2026-01-07T19:20:57Z with exit-code 0.
...
