000 (15564188.810.000) 2026-01-07 21:29:41 Job submitted from host: <130.199.48.129:9618?addrs=130.199.48.129-9618&alias=rcas6009.rcf.bnl.gov&noUDP&sock=schedd_22421_101d>
...
040 (15564188.810.000) 2026-01-08 01:52:22 Started transferring input files
	Transferring to host: <130.199.150.72:9618?addrs=130.199.150.72-9618&alias=spool1553.sdcc.bnl.gov&noUDP&sock=slot1_31_35675_244e_192340>
...
040 (15564188.810.000) 2026-01-08 01:52:22 Finished transferring input files
...
001 (15564188.810.000) 2026-01-08 01:52:23 Job executing on host: <130.199.150.72:9618?addrs=130.199.150.72-9618&alias=spool1553.sdcc.bnl.gov&noUDP&sock=startd_35666_f030>
...
006 (15564188.810.000) 2026-01-08 01:52:32 Image size of job updated: 116236
	84  -  MemoryUsage of job (MB)
	85340  -  ResidentSetSize of job (KB)
...
006 (15564188.810.000) 2026-01-08 01:57:32 Image size of job updated: 448220
	98  -  MemoryUsage of job (MB)
	99584  -  ResidentSetSize of job (KB)
...
040 (15564188.810.000) 2026-01-08 01:58:26 Started transferring output files
...
040 (15564188.810.000) 2026-01-08 01:58:26 Finished transferring output files
...
005 (15564188.810.000) 2026-01-08 01:58:26 Job terminated.
	(1) Normal termination (return value 0)
		Usr 0 00:05:24, Sys 0 00:00:06  -  Run Remote Usage
		Usr 0 00:00:00, Sys 0 00:00:00  -  Run Local Usage
		Usr 0 00:05:24, Sys 0 00:00:06  -  Total Remote Usage
		Usr 0 00:00:00, Sys 0 00:00:00  -  Total Local Usage
	163  -  Run Bytes Sent By Job
	144352  -  Run Bytes Received By Job
	163  -  Total Bytes Sent By Job
	144352  -  Total Bytes Received By Job
	Partitionable Resources :    Usage  Request Allocated 
	   Cpus                 :     0.94        1         1 
	   Disk (KB)            :   159     2097152   6681183 
	   Memory (MB)          :    98        4096      4096 
	   xferslots            :                           0 

	Job terminated of its own accord at 2026-01-08T06:58:26Z with exit-code 0.
...
