000 (15564188.1042.000) 2026-01-07 21:29:41 Job submitted from host: <130.199.48.129:9618?addrs=130.199.48.129-9618&alias=rcas6009.rcf.bnl.gov&noUDP&sock=schedd_22421_101d>
...
040 (15564188.1042.000) 2026-01-08 02:07:01 Started transferring input files
	Transferring to host: <130.199.151.2:9618?addrs=130.199.151.2-9618&alias=spool1580.sdcc.bnl.gov&noUDP&sock=slot1_7_9270_7c9a_189498>
...
040 (15564188.1042.000) 2026-01-08 02:07:01 Finished transferring input files
...
001 (15564188.1042.000) 2026-01-08 02:07:02 Job executing on host: <130.199.151.2:9618?addrs=130.199.151.2-9618&alias=spool1580.sdcc.bnl.gov&noUDP&sock=startd_9261_16cd>
...
006 (15564188.1042.000) 2026-01-08 02:07:11 Image size of job updated: 341280
	71  -  MemoryUsage of job (MB)
	71704  -  ResidentSetSize of job (KB)
...
006 (15564188.1042.000) 2026-01-08 02:12:12 Image size of job updated: 448344
	104  -  MemoryUsage of job (MB)
	106288  -  ResidentSetSize of job (KB)
...
040 (15564188.1042.000) 2026-01-08 02:16:42 Started transferring output files
...
040 (15564188.1042.000) 2026-01-08 02:16:42 Finished transferring output files
...
005 (15564188.1042.000) 2026-01-08 02:16:42 Job terminated.
	(1) Normal termination (return value 0)
		Usr 0 00:08:41, Sys 0 00:00:09  -  Run Remote Usage
		Usr 0 00:00:00, Sys 0 00:00:00  -  Run Local Usage
		Usr 0 00:08:41, Sys 0 00:00:09  -  Total Remote Usage
		Usr 0 00:00:00, Sys 0 00:00:00  -  Total Local Usage
	191  -  Run Bytes Sent By Job
	144352  -  Run Bytes Received By Job
	191  -  Total Bytes Sent By Job
	144352  -  Total Bytes Received By Job
	Partitionable Resources :    Usage  Request Allocated 
	   Cpus                 :     0.80        1         1 
	   Disk (KB)            :   159     2097152   6681187 
	   Memory (MB)          :   104        4096      4096 
	   xferslots            :                           0 

	Job terminated of its own accord at 2026-01-08T07:16:42Z with exit-code 0.
...
