000 (15690120.582.000) 2026-01-20 07:35:56 Job submitted from host: <130.199.48.129:9618?addrs=130.199.48.129-9618&alias=rcas6009.rcf.bnl.gov&noUDP&sock=schedd_22421_101d>
...
040 (15690120.582.000) 2026-01-21 10:12:13 Started transferring input files
	Transferring to host: <130.199.151.25:9618?addrs=130.199.151.25-9618&alias=spool1603.sdcc.bnl.gov&noUDP&sock=slot1_92_96814_f70e_244701>
...
040 (15690120.582.000) 2026-01-21 10:12:13 Finished transferring input files
...
001 (15690120.582.000) 2026-01-21 10:12:14 Job executing on host: <130.199.151.25:9618?addrs=130.199.151.25-9618&alias=spool1603.sdcc.bnl.gov&noUDP&sock=startd_96805_a8ef>
...
006 (15690120.582.000) 2026-01-21 10:12:23 Image size of job updated: 108620
	76  -  MemoryUsage of job (MB)
	77156  -  ResidentSetSize of job (KB)
...
006 (15690120.582.000) 2026-01-21 10:14:44 Image size of job updated: 449912
	76  -  MemoryUsage of job (MB)
	77156  -  ResidentSetSize of job (KB)
...
040 (15690120.582.000) 2026-01-21 10:14:45 Started transferring output files
...
040 (15690120.582.000) 2026-01-21 10:14:45 Finished transferring output files
...
005 (15690120.582.000) 2026-01-21 10:14:45 Job terminated.
	(1) Normal termination (return value 0)
		Usr 0 00:02:27, Sys 0 00:00:02  -  Run Remote Usage
		Usr 0 00:00:00, Sys 0 00:00:00  -  Run Local Usage
		Usr 0 00:02:27, Sys 0 00:00:02  -  Total Remote Usage
		Usr 0 00:00:00, Sys 0 00:00:00  -  Total Local Usage
	83  -  Run Bytes Sent By Job
	148880  -  Run Bytes Received By Job
	83  -  Total Bytes Sent By Job
	148880  -  Total Bytes Received By Job
	Partitionable Resources :    Usage  Request Allocated 
	   Cpus                 :                 1         1 
	   Disk (KB)            :      157  2097152   6681219 
	   Memory (MB)          :       76     4096      4096 
	   xferslots            :                           0 

	Job terminated of its own accord at 2026-01-21T15:14:44Z with exit-code 0.
...
