000 (15684821.177.000) 2026-01-19 15:56:20 Job submitted from host: <130.199.48.129:9618?addrs=130.199.48.129-9618&alias=rcas6009.rcf.bnl.gov&noUDP&sock=schedd_22421_101d>
...
040 (15684821.177.000) 2026-01-19 16:06:57 Started transferring input files
	Transferring to host: <130.199.184.209:9618?addrs=130.199.184.209-9618&alias=spool1784.sdcc.bnl.gov&noUDP&sock=slot1_51_94260_f99f_239111>
...
040 (15684821.177.000) 2026-01-19 16:06:57 Finished transferring input files
...
001 (15684821.177.000) 2026-01-19 16:06:58 Job executing on host: <130.199.184.209:9618?addrs=130.199.184.209-9618&alias=spool1784.sdcc.bnl.gov&noUDP&sock=startd_94248_66d5>
...
006 (15684821.177.000) 2026-01-19 16:07:07 Image size of job updated: 105488
	73  -  MemoryUsage of job (MB)
	74380  -  ResidentSetSize of job (KB)
...
006 (15684821.177.000) 2026-01-19 16:12:08 Image size of job updated: 449340
	101  -  MemoryUsage of job (MB)
	102868  -  ResidentSetSize of job (KB)
...
040 (15684821.177.000) 2026-01-19 16:19:21 Started transferring output files
...
040 (15684821.177.000) 2026-01-19 16:19:21 Finished transferring output files
...
005 (15684821.177.000) 2026-01-19 16:19:21 Job terminated.
	(1) Normal termination (return value 0)
		Usr 0 00:11:50, Sys 0 00:00:08  -  Run Remote Usage
		Usr 0 00:00:00, Sys 0 00:00:00  -  Run Local Usage
		Usr 0 00:11:50, Sys 0 00:00:08  -  Total Remote Usage
		Usr 0 00:00:00, Sys 0 00:00:00  -  Total Local Usage
	177  -  Run Bytes Sent By Job
	148880  -  Run Bytes Received By Job
	177  -  Total Bytes Sent By Job
	148880  -  Total Bytes Received By Job
	Partitionable Resources :    Usage  Request Allocated 
	   Cpus                 :     0.98        1         1 
	   Disk (KB)            :   163     2097152   6681570 
	   Memory (MB)          :   101        4096      4096 
	   xferslots            :                           0 

	Job terminated of its own accord at 2026-01-19T21:19:20Z with exit-code 0.
...
