000 (15684821.873.000) 2026-01-19 15:56:22 Job submitted from host: <130.199.48.129:9618?addrs=130.199.48.129-9618&alias=rcas6009.rcf.bnl.gov&noUDP&sock=schedd_22421_101d>
...
040 (15684821.873.000) 2026-01-19 16:28:53 Started transferring input files
	Transferring to host: <130.199.184.152:9618?addrs=130.199.184.152-9618&alias=spool1761.sdcc.bnl.gov&noUDP&sock=slot1_66_31056_4302_242113>
...
040 (15684821.873.000) 2026-01-19 16:28:53 Finished transferring input files
...
001 (15684821.873.000) 2026-01-19 16:28:54 Job executing on host: <130.199.184.152:9618?addrs=130.199.184.152-9618&alias=spool1761.sdcc.bnl.gov&noUDP&sock=startd_31047_1542>
...
006 (15684821.873.000) 2026-01-19 16:29:03 Image size of job updated: 394032
	69  -  MemoryUsage of job (MB)
	69796  -  ResidentSetSize of job (KB)
...
006 (15684821.873.000) 2026-01-19 16:34:04 Image size of job updated: 450352
	88  -  MemoryUsage of job (MB)
	89624  -  ResidentSetSize of job (KB)
...
040 (15684821.873.000) 2026-01-19 16:36:14 Started transferring output files
...
040 (15684821.873.000) 2026-01-19 16:36:14 Finished transferring output files
...
005 (15684821.873.000) 2026-01-19 16:36:14 Job terminated.
	(1) Normal termination (return value 0)
		Usr 0 00:06:43, Sys 0 00:00:05  -  Run Remote Usage
		Usr 0 00:00:00, Sys 0 00:00:00  -  Run Local Usage
		Usr 0 00:06:43, Sys 0 00:00:05  -  Total Remote Usage
		Usr 0 00:00:00, Sys 0 00:00:00  -  Total Local Usage
	122  -  Run Bytes Sent By Job
	148880  -  Run Bytes Received By Job
	122  -  Total Bytes Sent By Job
	148880  -  Total Bytes Received By Job
	Partitionable Resources :    Usage  Request Allocated 
	   Cpus                 :     0.92        1         1 
	   Disk (KB)            :   164     2097152   6681590 
	   Memory (MB)          :    88        4096      4096 
	   xferslots            :                           0 

	Job terminated of its own accord at 2026-01-19T21:36:14Z with exit-code 0.
...
