000 (15697407.295.000) 2026-01-21 18:36:41 Job submitted from host: <130.199.48.129:9618?addrs=130.199.48.129-9618&alias=rcas6009.rcf.bnl.gov&noUDP&sock=schedd_22421_101d>
...
040 (15697407.295.000) 2026-01-22 04:35:43 Started transferring input files
	Transferring to host: <130.199.186.24:9618?addrs=130.199.186.24-9618&alias=spool1821.sdcc.bnl.gov&noUDP&sock=slot1_45_24323_4ecb_272032>
...
040 (15697407.295.000) 2026-01-22 04:35:43 Finished transferring input files
...
001 (15697407.295.000) 2026-01-22 04:35:44 Job executing on host: <130.199.186.24:9618?addrs=130.199.186.24-9618&alias=spool1821.sdcc.bnl.gov&noUDP&sock=startd_24313_db68>
...
006 (15697407.295.000) 2026-01-22 04:35:52 Image size of job updated: 423256
	64  -  MemoryUsage of job (MB)
	65392  -  ResidentSetSize of job (KB)
...
040 (15697407.295.000) 2026-01-22 04:36:01 Started transferring output files
...
040 (15697407.295.000) 2026-01-22 04:36:01 Finished transferring output files
...
005 (15697407.295.000) 2026-01-22 04:36:01 Job terminated.
	(1) Normal termination (return value 0)
		Usr 0 00:00:15, Sys 0 00:00:00  -  Run Remote Usage
		Usr 0 00:00:00, Sys 0 00:00:00  -  Run Local Usage
		Usr 0 00:00:15, Sys 0 00:00:00  -  Total Remote Usage
		Usr 0 00:00:00, Sys 0 00:00:00  -  Total Local Usage
	31  -  Run Bytes Sent By Job
	148880  -  Run Bytes Received By Job
	31  -  Total Bytes Sent By Job
	148880  -  Total Bytes Received By Job
	Partitionable Resources :    Usage  Request Allocated 
	   Cpus                 :                 1         1 
	   Disk (KB)            :      157  2097152   6681588 
	   Memory (MB)          :       64     4096      4096 
	   xferslots            :                           0 

	Job terminated of its own accord at 2026-01-22T09:36:01Z with exit-code 0.
...
