000 (15564188.624.000) 2026-01-07 21:29:40 Job submitted from host: <130.199.48.129:9618?addrs=130.199.48.129-9618&alias=rcas6009.rcf.bnl.gov&noUDP&sock=schedd_22421_101d>
...
040 (15564188.624.000) 2026-01-08 01:38:18 Started transferring input files
	Transferring to host: <130.199.150.90:9618?addrs=130.199.150.90-9618&alias=spool1571.sdcc.bnl.gov&noUDP&sock=slot1_22_94964_d73c_183009>
...
040 (15564188.624.000) 2026-01-08 01:38:18 Finished transferring input files
...
001 (15564188.624.000) 2026-01-08 01:38:19 Job executing on host: <130.199.150.90:9618?addrs=130.199.150.90-9618&alias=spool1571.sdcc.bnl.gov&noUDP&sock=startd_94955_2884>
...
006 (15564188.624.000) 2026-01-08 01:38:28 Image size of job updated: 447980
	94  -  MemoryUsage of job (MB)
	96004  -  ResidentSetSize of job (KB)
...
006 (15564188.624.000) 2026-01-08 01:43:29 Image size of job updated: 447980
	94  -  MemoryUsage of job (MB)
	96060  -  ResidentSetSize of job (KB)
...
040 (15564188.624.000) 2026-01-08 01:43:48 Started transferring output files
...
040 (15564188.624.000) 2026-01-08 01:43:48 Finished transferring output files
...
005 (15564188.624.000) 2026-01-08 01:43:48 Job terminated.
	(1) Normal termination (return value 0)
		Usr 0 00:04:58, Sys 0 00:00:05  -  Run Remote Usage
		Usr 0 00:00:00, Sys 0 00:00:00  -  Run Local Usage
		Usr 0 00:04:58, Sys 0 00:00:05  -  Total Remote Usage
		Usr 0 00:00:00, Sys 0 00:00:00  -  Total Local Usage
	163  -  Run Bytes Sent By Job
	144352  -  Run Bytes Received By Job
	163  -  Total Bytes Sent By Job
	144352  -  Total Bytes Received By Job
	Partitionable Resources :    Usage  Request Allocated 
	   Cpus                 :     0.99        1         1 
	   Disk (KB)            :   159     2097152   6681189 
	   Memory (MB)          :    94        4096      4096 
	   xferslots            :                           0 

	Job terminated of its own accord at 2026-01-08T06:43:48Z with exit-code 0.
...
