000 (15564188.241.000) 2026-01-07 21:29:39 Job submitted from host: <130.199.48.129:9618?addrs=130.199.48.129-9618&alias=rcas6009.rcf.bnl.gov&noUDP&sock=schedd_22421_101d>
...
040 (15564188.241.000) 2026-01-08 00:16:59 Started transferring input files
	Transferring to host: <130.199.186.89:9618?addrs=130.199.186.89-9618&alias=spool1852.sdcc.bnl.gov&noUDP&sock=slot1_16_94012_d731_245811>
...
040 (15564188.241.000) 2026-01-08 00:16:59 Finished transferring input files
...
001 (15564188.241.000) 2026-01-08 00:17:00 Job executing on host: <130.199.186.89:9618?addrs=130.199.186.89-9618&alias=spool1852.sdcc.bnl.gov&noUDP&sock=startd_94003_dcbe>
...
006 (15564188.241.000) 2026-01-08 00:17:09 Image size of job updated: 636112
	90  -  MemoryUsage of job (MB)
	92116  -  ResidentSetSize of job (KB)
...
006 (15564188.241.000) 2026-01-08 00:22:10 Image size of job updated: 695056
	124  -  MemoryUsage of job (MB)
	126688  -  ResidentSetSize of job (KB)
...
006 (15564188.241.000) 2026-01-08 00:27:10 Image size of job updated: 695056
	125  -  MemoryUsage of job (MB)
	127552  -  ResidentSetSize of job (KB)
...
006 (15564188.241.000) 2026-01-08 00:32:12 Image size of job updated: 695056
	125  -  MemoryUsage of job (MB)
	127580  -  ResidentSetSize of job (KB)
...
040 (15564188.241.000) 2026-01-08 00:41:19 Started transferring output files
...
040 (15564188.241.000) 2026-01-08 00:41:19 Finished transferring output files
...
005 (15564188.241.000) 2026-01-08 00:41:19 Job terminated.
	(1) Normal termination (return value 0)
		Usr 0 00:21:20, Sys 0 00:01:06  -  Run Remote Usage
		Usr 0 00:00:00, Sys 0 00:00:00  -  Run Local Usage
		Usr 0 00:21:20, Sys 0 00:01:06  -  Total Remote Usage
		Usr 0 00:00:00, Sys 0 00:00:00  -  Total Local Usage
	345  -  Run Bytes Sent By Job
	144352  -  Run Bytes Received By Job
	345  -  Total Bytes Sent By Job
	144352  -  Total Bytes Received By Job
	Partitionable Resources :    Usage  Request Allocated 
	   Cpus                 :     0.99        1         1 
	   Disk (KB)            :   159     2097152   6681569 
	   Memory (MB)          :   125        4096      4096 
	   xferslots            :                           0 

	Job terminated of its own accord at 2026-01-08T05:41:19Z with exit-code 0.
...
