000 (15690120.122.000) 2026-01-20 07:35:55 Job submitted from host: <130.199.48.129:9618?addrs=130.199.48.129-9618&alias=rcas6009.rcf.bnl.gov&noUDP&sock=schedd_22421_101d>
...
040 (15690120.122.000) 2026-01-20 22:52:59 Started transferring input files
	Transferring to host: <130.199.150.77:9618?addrs=130.199.150.77-9618&alias=spool1558.sdcc.bnl.gov&noUDP&sock=slot1_46_49269_921f_238268>
...
040 (15690120.122.000) 2026-01-20 22:52:59 Finished transferring input files
...
001 (15690120.122.000) 2026-01-20 22:53:00 Job executing on host: <130.199.150.77:9618?addrs=130.199.150.77-9618&alias=spool1558.sdcc.bnl.gov&noUDP&sock=startd_49259_f37d>
...
006 (15690120.122.000) 2026-01-20 22:53:09 Image size of job updated: 109892
	78  -  MemoryUsage of job (MB)
	78904  -  ResidentSetSize of job (KB)
...
006 (15690120.122.000) 2026-01-20 22:58:10 Image size of job updated: 448312
	125  -  MemoryUsage of job (MB)
	127716  -  ResidentSetSize of job (KB)
...
006 (15690120.122.000) 2026-01-20 23:03:10 Image size of job updated: 448312
	125  -  MemoryUsage of job (MB)
	127720  -  ResidentSetSize of job (KB)
...
040 (15690120.122.000) 2026-01-20 23:21:40 Started transferring output files
...
040 (15690120.122.000) 2026-01-20 23:21:40 Finished transferring output files
...
005 (15690120.122.000) 2026-01-20 23:21:40 Job terminated.
	(1) Normal termination (return value 0)
		Usr 0 00:27:57, Sys 0 00:00:20  -  Run Remote Usage
		Usr 0 00:00:00, Sys 0 00:00:00  -  Run Local Usage
		Usr 0 00:27:57, Sys 0 00:00:20  -  Total Remote Usage
		Usr 0 00:00:00, Sys 0 00:00:00  -  Total Local Usage
	275  -  Run Bytes Sent By Job
	148880  -  Run Bytes Received By Job
	275  -  Total Bytes Sent By Job
	148880  -  Total Bytes Received By Job
	Partitionable Resources :    Usage  Request Allocated 
	   Cpus                 :     0.99        1         1 
	   Disk (KB)            :   164     2097152   6681195 
	   Memory (MB)          :   125        4096      4096 
	   xferslots            :                           0 

	Job terminated of its own accord at 2026-01-21T04:21:40Z with exit-code 0.
...
