000 (15554417.121.000) 2026-01-07 12:44:32 Job submitted from host: <130.199.48.129:9618?addrs=130.199.48.129-9618&alias=rcas6009.rcf.bnl.gov&noUDP&sock=schedd_22421_101d>
...
040 (15554417.121.000) 2026-01-07 13:07:23 Started transferring input files
	Transferring to host: <130.199.150.70:9618?addrs=130.199.150.70-9618&alias=spool1551.sdcc.bnl.gov&noUDP&sock=slot1_65_94997_35a0_187696>
...
040 (15554417.121.000) 2026-01-07 13:07:23 Finished transferring input files
...
001 (15554417.121.000) 2026-01-07 13:07:24 Job executing on host: <130.199.150.70:9618?addrs=130.199.150.70-9618&alias=spool1551.sdcc.bnl.gov&noUDP&sock=startd_94985_a723>
...
006 (15554417.121.000) 2026-01-07 13:07:32 Image size of job updated: 419808
	100  -  MemoryUsage of job (MB)
	101832  -  ResidentSetSize of job (KB)
...
006 (15554417.121.000) 2026-01-07 13:12:32 Image size of job updated: 424776
	101  -  MemoryUsage of job (MB)
	103312  -  ResidentSetSize of job (KB)
...
040 (15554417.121.000) 2026-01-07 13:15:09 Started transferring output files
...
040 (15554417.121.000) 2026-01-07 13:15:09 Finished transferring output files
...
005 (15554417.121.000) 2026-01-07 13:15:09 Job terminated.
	(1) Normal termination (return value 0)
		Usr 0 00:07:38, Sys 0 00:00:05  -  Run Remote Usage
		Usr 0 00:00:00, Sys 0 00:00:00  -  Run Local Usage
		Usr 0 00:07:38, Sys 0 00:00:05  -  Total Remote Usage
		Usr 0 00:00:00, Sys 0 00:00:00  -  Total Local Usage
	247  -  Run Bytes Sent By Job
	144352  -  Run Bytes Received By Job
	247  -  Total Bytes Sent By Job
	144352  -  Total Bytes Received By Job
	Partitionable Resources :    Usage  Request Allocated 
	   Cpus                 :     1.00        1         1 
	   Disk (KB)            :   159     2097152   6681189 
	   Memory (MB)          :   101        4096      4096 
	   xferslots            :                           0 

	Job terminated of its own accord at 2026-01-07T18:15:08Z with exit-code 0.
...
