000 (15560432.341.000) 2026-01-07 17:58:16 Job submitted from host: <130.199.48.129:9618?addrs=130.199.48.129-9618&alias=rcas6009.rcf.bnl.gov&noUDP&sock=schedd_22421_101d>
...
040 (15560432.341.000) 2026-01-07 20:16:01 Started transferring input files
	Transferring to host: <130.199.184.210:9618?addrs=130.199.184.210-9618&alias=spool1785.sdcc.bnl.gov&noUDP&sock=slot1_60_95855_cbb7_191155>
...
040 (15560432.341.000) 2026-01-07 20:16:01 Finished transferring input files
...
001 (15560432.341.000) 2026-01-07 20:16:02 Job executing on host: <130.199.184.210:9618?addrs=130.199.184.210-9618&alias=spool1785.sdcc.bnl.gov&noUDP&sock=startd_95846_2605>
...
006 (15560432.341.000) 2026-01-07 20:16:10 Image size of job updated: 111960
	79  -  MemoryUsage of job (MB)
	80516  -  ResidentSetSize of job (KB)
...
006 (15560432.341.000) 2026-01-07 20:21:10 Image size of job updated: 424772
	103  -  MemoryUsage of job (MB)
	104824  -  ResidentSetSize of job (KB)
...
006 (15560432.341.000) 2026-01-07 20:26:11 Image size of job updated: 424772
	103  -  MemoryUsage of job (MB)
	104832  -  ResidentSetSize of job (KB)
...
040 (15560432.341.000) 2026-01-07 20:27:49 Started transferring output files
...
040 (15560432.341.000) 2026-01-07 20:27:49 Finished transferring output files
...
005 (15560432.341.000) 2026-01-07 20:27:49 Job terminated.
	(1) Normal termination (return value 0)
		Usr 0 00:11:33, Sys 0 00:00:10  -  Run Remote Usage
		Usr 0 00:00:00, Sys 0 00:00:00  -  Run Local Usage
		Usr 0 00:11:33, Sys 0 00:00:10  -  Total Remote Usage
		Usr 0 00:00:00, Sys 0 00:00:00  -  Total Local Usage
	261  -  Run Bytes Sent By Job
	144352  -  Run Bytes Received By Job
	261  -  Total Bytes Sent By Job
	144352  -  Total Bytes Received By Job
	Partitionable Resources :    Usage  Request Allocated 
	   Cpus                 :     0.99        1         1 
	   Disk (KB)            :   159     2097152   6681617 
	   Memory (MB)          :   103        4096      4096 
	   xferslots            :                           0 

	Job terminated of its own accord at 2026-01-08T01:27:49Z with exit-code 0.
...
