000 (15554417.006.000) 2026-01-07 12:44:32 Job submitted from host: <130.199.48.129:9618?addrs=130.199.48.129-9618&alias=rcas6009.rcf.bnl.gov&noUDP&sock=schedd_22421_101d>
...
040 (15554417.006.000) 2026-01-07 12:45:56 Started transferring input files
	Transferring to host: <130.199.186.89:9618?addrs=130.199.186.89-9618&alias=spool1852.sdcc.bnl.gov&noUDP&sock=slot1_58_94012_d731_243817>
...
040 (15554417.006.000) 2026-01-07 12:45:56 Finished transferring input files
...
001 (15554417.006.000) 2026-01-07 12:45:57 Job executing on host: <130.199.186.89:9618?addrs=130.199.186.89-9618&alias=spool1852.sdcc.bnl.gov&noUDP&sock=startd_94003_dcbe>
...
006 (15554417.006.000) 2026-01-07 12:46:06 Image size of job updated: 423136
	75  -  MemoryUsage of job (MB)
	75896  -  ResidentSetSize of job (KB)
...
006 (15554417.006.000) 2026-01-07 12:46:55 Image size of job updated: 424448
	75  -  MemoryUsage of job (MB)
	75896  -  ResidentSetSize of job (KB)
...
040 (15554417.006.000) 2026-01-07 12:46:55 Started transferring output files
...
040 (15554417.006.000) 2026-01-07 12:46:55 Finished transferring output files
...
005 (15554417.006.000) 2026-01-07 12:46:55 Job terminated.
	(1) Normal termination (return value 0)
		Usr 0 00:00:56, Sys 0 00:00:00  -  Run Remote Usage
		Usr 0 00:00:00, Sys 0 00:00:00  -  Run Local Usage
		Usr 0 00:00:56, Sys 0 00:00:00  -  Total Remote Usage
		Usr 0 00:00:00, Sys 0 00:00:00  -  Total Local Usage
	109  -  Run Bytes Sent By Job
	144352  -  Run Bytes Received By Job
	109  -  Total Bytes Sent By Job
	144352  -  Total Bytes Received By Job
	Partitionable Resources :    Usage  Request Allocated 
	   Cpus                 :                 1         1 
	   Disk (KB)            :      153  2097152   6681569 
	   Memory (MB)          :       75     4096      4096 
	   xferslots            :                           0 

	Job terminated of its own accord at 2026-01-07T17:46:55Z with exit-code 0.
...
