000 (16235385.154.000) 2026-01-23 10:57:26 Job submitted from host: <130.199.48.128:9618?addrs=130.199.48.128-9618&alias=rcas6008.rcf.bnl.gov&noUDP&sock=schedd_18725_535a>
...
040 (16235385.154.000) 2026-01-23 11:36:15 Started transferring input files
	Transferring to host: <130.199.186.71:9618?addrs=130.199.186.71-9618&alias=spool1834.sdcc.bnl.gov&noUDP&sock=slot1_33_94147_87df_346287>
...
040 (16235385.154.000) 2026-01-23 11:36:15 Finished transferring input files
...
001 (16235385.154.000) 2026-01-23 11:36:16 Job executing on host: <130.199.186.71:9618?addrs=130.199.186.71-9618&alias=spool1834.sdcc.bnl.gov&noUDP&sock=startd_94139_e791>
...
006 (16235385.154.000) 2026-01-23 11:36:25 Image size of job updated: 419852
	81  -  MemoryUsage of job (MB)
	82732  -  ResidentSetSize of job (KB)
...
006 (16235385.154.000) 2026-01-23 11:41:26 Image size of job updated: 424128
	115  -  MemoryUsage of job (MB)
	117360  -  ResidentSetSize of job (KB)
...
006 (16235385.154.000) 2026-01-23 11:51:26 Image size of job updated: 424128
	115  -  MemoryUsage of job (MB)
	117364  -  ResidentSetSize of job (KB)
...
006 (16235385.154.000) 2026-01-23 11:56:27 Image size of job updated: 424128
	115  -  MemoryUsage of job (MB)
	117376  -  ResidentSetSize of job (KB)
...
006 (16235385.154.000) 2026-01-23 12:06:27 Image size of job updated: 424128
	115  -  MemoryUsage of job (MB)
	117380  -  ResidentSetSize of job (KB)
...
040 (16235385.154.000) 2026-01-23 12:10:59 Started transferring output files
...
040 (16235385.154.000) 2026-01-23 12:10:59 Finished transferring output files
...
005 (16235385.154.000) 2026-01-23 12:10:59 Job terminated.
	(1) Normal termination (return value 0)
		Usr 0 00:34:12, Sys 0 00:00:21  -  Run Remote Usage
		Usr 0 00:00:00, Sys 0 00:00:00  -  Run Local Usage
		Usr 0 00:34:12, Sys 0 00:00:21  -  Total Remote Usage
		Usr 0 00:00:00, Sys 0 00:00:00  -  Total Local Usage
	331  -  Run Bytes Sent By Job
	148880  -  Run Bytes Received By Job
	331  -  Total Bytes Sent By Job
	148880  -  Total Bytes Received By Job
	Partitionable Resources :    Usage  Request Allocated 
	   Cpus                 :     1.00        1         1 
	   Disk (KB)            :   164     2097152   6681572 
	   Memory (MB)          :   115        4096      4096 
	   xferslots            :                           0 

	Job terminated of its own accord at 2026-01-23T17:10:58Z with exit-code 0.
...
