000 (15684821.210.000) 2026-01-19 15:56:20 Job submitted from host: <130.199.48.129:9618?addrs=130.199.48.129-9618&alias=rcas6009.rcf.bnl.gov&noUDP&sock=schedd_22421_101d>
...
040 (15684821.210.000) 2026-01-19 16:09:11 Started transferring input files
	Transferring to host: <130.199.184.200:9618?addrs=130.199.184.200-9618&alias=spool1775.sdcc.bnl.gov&noUDP&sock=slot1_67_93907_4dc6_252310>
...
040 (15684821.210.000) 2026-01-19 16:09:11 Finished transferring input files
...
001 (15684821.210.000) 2026-01-19 16:09:12 Job executing on host: <130.199.184.200:9618?addrs=130.199.184.200-9618&alias=spool1775.sdcc.bnl.gov&noUDP&sock=startd_93898_a190>
...
006 (15684821.210.000) 2026-01-19 16:09:21 Image size of job updated: 141120
	107  -  MemoryUsage of job (MB)
	109028  -  ResidentSetSize of job (KB)
...
006 (15684821.210.000) 2026-01-19 16:14:22 Image size of job updated: 447988
	133  -  MemoryUsage of job (MB)
	135872  -  ResidentSetSize of job (KB)
...
006 (15684821.210.000) 2026-01-19 16:19:22 Image size of job updated: 447988
	133  -  MemoryUsage of job (MB)
	135876  -  ResidentSetSize of job (KB)
...
040 (15684821.210.000) 2026-01-19 16:47:39 Started transferring output files
...
040 (15684821.210.000) 2026-01-19 16:47:39 Finished transferring output files
...
005 (15684821.210.000) 2026-01-19 16:47:39 Job terminated.
	(1) Normal termination (return value 0)
		Usr 0 00:36:52, Sys 0 00:00:27  -  Run Remote Usage
		Usr 0 00:00:00, Sys 0 00:00:00  -  Run Local Usage
		Usr 0 00:36:52, Sys 0 00:00:27  -  Total Remote Usage
		Usr 0 00:00:00, Sys 0 00:00:00  -  Total Local Usage
	317  -  Run Bytes Sent By Job
	148880  -  Run Bytes Received By Job
	317  -  Total Bytes Sent By Job
	148880  -  Total Bytes Received By Job
	Partitionable Resources :    Usage  Request Allocated 
	   Cpus                 :     0.97        1         1 
	   Disk (KB)            :   164     2097152   6681565 
	   Memory (MB)          :   133        4096      4096 
	   xferslots            :                           0 

	Job terminated of its own accord at 2026-01-19T21:47:38Z with exit-code 0.
...
