000 (16235385.483.000) 2026-01-23 10:57:27 Job submitted from host: <130.199.48.128:9618?addrs=130.199.48.128-9618&alias=rcas6008.rcf.bnl.gov&noUDP&sock=schedd_18725_535a>
...
040 (16235385.483.000) 2026-01-23 12:09:09 Started transferring input files
	Transferring to host: <130.199.151.25:9618?addrs=130.199.151.25-9618&alias=spool1603.sdcc.bnl.gov&noUDP&sock=slot1_80_96814_f70e_255563>
...
040 (16235385.483.000) 2026-01-23 12:09:09 Finished transferring input files
...
001 (16235385.483.000) 2026-01-23 12:09:10 Job executing on host: <130.199.151.25:9618?addrs=130.199.151.25-9618&alias=spool1603.sdcc.bnl.gov&noUDP&sock=startd_96805_a8ef>
...
006 (16235385.483.000) 2026-01-23 12:09:18 Image size of job updated: 75528
	40  -  MemoryUsage of job (MB)
	40728  -  ResidentSetSize of job (KB)
...
006 (16235385.483.000) 2026-01-23 12:14:18 Image size of job updated: 450404
	109  -  MemoryUsage of job (MB)
	111068  -  ResidentSetSize of job (KB)
...
040 (16235385.483.000) 2026-01-23 12:21:41 Started transferring output files
...
040 (16235385.483.000) 2026-01-23 12:21:41 Finished transferring output files
...
005 (16235385.483.000) 2026-01-23 12:21:41 Job terminated.
	(1) Normal termination (return value 0)
		Usr 0 00:12:12, Sys 0 00:00:07  -  Run Remote Usage
		Usr 0 00:00:00, Sys 0 00:00:00  -  Run Local Usage
		Usr 0 00:12:12, Sys 0 00:00:07  -  Total Remote Usage
		Usr 0 00:00:00, Sys 0 00:00:00  -  Total Local Usage
	191  -  Run Bytes Sent By Job
	148880  -  Run Bytes Received By Job
	191  -  Total Bytes Sent By Job
	148880  -  Total Bytes Received By Job
	Partitionable Resources :    Usage  Request Allocated 
	   Cpus                 :     0.99        1         1 
	   Disk (KB)            :   164     2097152   6681219 
	   Memory (MB)          :   109        4096      4096 
	   xferslots            :                           0 

	Job terminated of its own accord at 2026-01-23T17:21:41Z with exit-code 0.
...
