000 (15554417.252.000) 2026-01-07 12:44:33 Job submitted from host: <130.199.48.129:9618?addrs=130.199.48.129-9618&alias=rcas6009.rcf.bnl.gov&noUDP&sock=schedd_22421_101d>
...
040 (15554417.252.000) 2026-01-07 13:19:35 Started transferring input files
	Transferring to host: <130.199.186.16:9618?addrs=130.199.186.16-9618&alias=spool1813.sdcc.bnl.gov&noUDP&sock=slot1_3_93983_6cf9_187243>
...
040 (15554417.252.000) 2026-01-07 13:19:35 Finished transferring input files
...
001 (15554417.252.000) 2026-01-07 13:19:36 Job executing on host: <130.199.186.16:9618?addrs=130.199.186.16-9618&alias=spool1813.sdcc.bnl.gov&noUDP&sock=startd_93974_af24>
...
006 (15554417.252.000) 2026-01-07 13:19:45 Image size of job updated: 421188
	86  -  MemoryUsage of job (MB)
	87344  -  ResidentSetSize of job (KB)
...
006 (15554417.252.000) 2026-01-07 13:24:45 Image size of job updated: 424700
	117  -  MemoryUsage of job (MB)
	118848  -  ResidentSetSize of job (KB)
...
006 (15554417.252.000) 2026-01-07 13:29:46 Image size of job updated: 424836
	117  -  MemoryUsage of job (MB)
	118868  -  ResidentSetSize of job (KB)
...
040 (15554417.252.000) 2026-01-07 13:34:10 Started transferring output files
...
040 (15554417.252.000) 2026-01-07 13:34:10 Finished transferring output files
...
005 (15554417.252.000) 2026-01-07 13:34:10 Job terminated.
	(1) Normal termination (return value 0)
		Usr 0 00:14:22, Sys 0 00:00:09  -  Run Remote Usage
		Usr 0 00:00:00, Sys 0 00:00:00  -  Run Local Usage
		Usr 0 00:14:22, Sys 0 00:00:09  -  Total Remote Usage
		Usr 0 00:00:00, Sys 0 00:00:00  -  Total Local Usage
	331  -  Run Bytes Sent By Job
	144352  -  Run Bytes Received By Job
	331  -  Total Bytes Sent By Job
	144352  -  Total Bytes Received By Job
	Partitionable Resources :    Usage  Request Allocated 
	   Cpus                 :     1.00        1         1 
	   Disk (KB)            :   159     2097152   6681559 
	   Memory (MB)          :   117        4096      4096 
	   xferslots            :                           0 

	Job terminated of its own accord at 2026-01-07T18:34:10Z with exit-code 0.
...
