000 (16235385.601.000) 2026-01-23 10:57:28 Job submitted from host: <130.199.48.128:9618?addrs=130.199.48.128-9618&alias=rcas6008.rcf.bnl.gov&noUDP&sock=schedd_18725_535a>
...
040 (16235385.601.000) 2026-01-23 12:15:30 Started transferring input files
	Transferring to host: <130.199.150.77:9618?addrs=130.199.150.77-9618&alias=spool1558.sdcc.bnl.gov&noUDP&sock=slot1_41_49269_921f_249976>
...
040 (16235385.601.000) 2026-01-23 12:15:30 Finished transferring input files
...
001 (16235385.601.000) 2026-01-23 12:15:31 Job executing on host: <130.199.150.77:9618?addrs=130.199.150.77-9618&alias=spool1558.sdcc.bnl.gov&noUDP&sock=startd_49259_f37d>
...
006 (16235385.601.000) 2026-01-23 12:15:40 Image size of job updated: 420044
	76  -  MemoryUsage of job (MB)
	77412  -  ResidentSetSize of job (KB)
...
006 (16235385.601.000) 2026-01-23 12:20:41 Image size of job updated: 446920
	88  -  MemoryUsage of job (MB)
	89196  -  ResidentSetSize of job (KB)
...
040 (16235385.601.000) 2026-01-23 12:21:41 Started transferring output files
...
040 (16235385.601.000) 2026-01-23 12:21:41 Finished transferring output files
...
005 (16235385.601.000) 2026-01-23 12:21:41 Job terminated.
	(1) Normal termination (return value 0)
		Usr 0 00:06:02, Sys 0 00:00:04  -  Run Remote Usage
		Usr 0 00:00:00, Sys 0 00:00:00  -  Run Local Usage
		Usr 0 00:06:02, Sys 0 00:00:04  -  Total Remote Usage
		Usr 0 00:00:00, Sys 0 00:00:00  -  Total Local Usage
	135  -  Run Bytes Sent By Job
	148880  -  Run Bytes Received By Job
	135  -  Total Bytes Sent By Job
	148880  -  Total Bytes Received By Job
	Partitionable Resources :    Usage  Request Allocated 
	   Cpus                 :     0.99        1         1 
	   Disk (KB)            :   164     2097152   6681195 
	   Memory (MB)          :    88        4096      4096 
	   xferslots            :                           0 

	Job terminated of its own accord at 2026-01-23T17:21:41Z with exit-code 0.
...
