000 (15554417.1186.000) 2026-01-07 12:44:35 Job submitted from host: <130.199.48.129:9618?addrs=130.199.48.129-9618&alias=rcas6009.rcf.bnl.gov&noUDP&sock=schedd_22421_101d>
...
040 (15554417.1186.000) 2026-01-07 14:16:21 Started transferring input files
	Transferring to host: <130.199.186.89:9618?addrs=130.199.186.89-9618&alias=spool1852.sdcc.bnl.gov&noUDP&sock=slot1_85_94012_d731_244009>
...
040 (15554417.1186.000) 2026-01-07 14:16:21 Finished transferring input files
...
001 (15554417.1186.000) 2026-01-07 14:16:22 Job executing on host: <130.199.186.89:9618?addrs=130.199.186.89-9618&alias=spool1852.sdcc.bnl.gov&noUDP&sock=startd_94003_dcbe>
...
006 (15554417.1186.000) 2026-01-07 14:16:31 Image size of job updated: 421468
	71  -  MemoryUsage of job (MB)
	71712  -  ResidentSetSize of job (KB)
...
006 (15554417.1186.000) 2026-01-07 14:17:17 Image size of job updated: 424492
	71  -  MemoryUsage of job (MB)
	71712  -  ResidentSetSize of job (KB)
...
040 (15554417.1186.000) 2026-01-07 14:17:17 Started transferring output files
...
040 (15554417.1186.000) 2026-01-07 14:17:17 Finished transferring output files
...
005 (15554417.1186.000) 2026-01-07 14:17:17 Job terminated.
	(1) Normal termination (return value 0)
		Usr 0 00:00:51, Sys 0 00:00:01  -  Run Remote Usage
		Usr 0 00:00:00, Sys 0 00:00:00  -  Run Local Usage
		Usr 0 00:00:51, Sys 0 00:00:01  -  Total Remote Usage
		Usr 0 00:00:00, Sys 0 00:00:00  -  Total Local Usage
	83  -  Run Bytes Sent By Job
	144352  -  Run Bytes Received By Job
	83  -  Total Bytes Sent By Job
	144352  -  Total Bytes Received By Job
	Partitionable Resources :    Usage  Request Allocated 
	   Cpus                 :                 1         1 
	   Disk (KB)            :      152  2097152   6681569 
	   Memory (MB)          :       71     4096      4096 
	   xferslots            :                           0 

	Job terminated of its own accord at 2026-01-07T19:17:17Z with exit-code 0.
...
