000 (15684821.082.000) 2026-01-19 15:56:20 Job submitted from host: <130.199.48.129:9618?addrs=130.199.48.129-9618&alias=rcas6009.rcf.bnl.gov&noUDP&sock=schedd_22421_101d>
...
040 (15684821.082.000) 2026-01-19 16:02:09 Started transferring input files
	Transferring to host: <130.199.184.159:9618?addrs=130.199.184.159-9618&alias=spool1768.sdcc.bnl.gov&noUDP&sock=slot1_42_6355_eafc_242649>
...
040 (15684821.082.000) 2026-01-19 16:02:09 Finished transferring input files
...
001 (15684821.082.000) 2026-01-19 16:02:10 Job executing on host: <130.199.184.159:9618?addrs=130.199.184.159-9618&alias=spool1768.sdcc.bnl.gov&noUDP&sock=startd_6346_8743>
...
006 (15684821.082.000) 2026-01-19 16:02:18 Image size of job updated: 109520
	77  -  MemoryUsage of job (MB)
	78480  -  ResidentSetSize of job (KB)
...
006 (15684821.082.000) 2026-01-19 16:07:18 Image size of job updated: 424328
	96  -  MemoryUsage of job (MB)
	97808  -  ResidentSetSize of job (KB)
...
006 (15684821.082.000) 2026-01-19 16:17:19 Image size of job updated: 424328
	96  -  MemoryUsage of job (MB)
	97816  -  ResidentSetSize of job (KB)
...
040 (15684821.082.000) 2026-01-19 16:19:36 Started transferring output files
...
040 (15684821.082.000) 2026-01-19 16:19:36 Finished transferring output files
...
005 (15684821.082.000) 2026-01-19 16:19:36 Job terminated.
	(1) Normal termination (return value 0)
		Usr 0 00:15:57, Sys 0 00:00:12  -  Run Remote Usage
		Usr 0 00:00:00, Sys 0 00:00:00  -  Run Local Usage
		Usr 0 00:15:57, Sys 0 00:00:12  -  Total Remote Usage
		Usr 0 00:00:00, Sys 0 00:00:00  -  Total Local Usage
	205  -  Run Bytes Sent By Job
	148880  -  Run Bytes Received By Job
	205  -  Total Bytes Sent By Job
	148880  -  Total Bytes Received By Job
	Partitionable Resources :    Usage  Request Allocated 
	   Cpus                 :     0.95        1         1 
	   Disk (KB)            :   164     2097152   6681586 
	   Memory (MB)          :    96        4096      4096 
	   xferslots            :                           0 

	Job terminated of its own accord at 2026-01-19T21:19:36Z with exit-code 0.
...
