000 (15564188.803.000) 2026-01-07 21:29:41 Job submitted from host: <130.199.48.129:9618?addrs=130.199.48.129-9618&alias=rcas6009.rcf.bnl.gov&noUDP&sock=schedd_22421_101d>
...
040 (15564188.803.000) 2026-01-08 01:52:10 Started transferring input files
	Transferring to host: <130.199.150.74:9618?addrs=130.199.150.74-9618&alias=spool1555.sdcc.bnl.gov&noUDP&sock=slot1_91_23207_33d9_181833>
...
040 (15564188.803.000) 2026-01-08 01:52:10 Finished transferring input files
...
001 (15564188.803.000) 2026-01-08 01:52:11 Job executing on host: <130.199.150.74:9618?addrs=130.199.150.74-9618&alias=spool1555.sdcc.bnl.gov&noUDP&sock=startd_23198_f940>
...
006 (15564188.803.000) 2026-01-08 01:52:20 Image size of job updated: 423116
	72  -  MemoryUsage of job (MB)
	72868  -  ResidentSetSize of job (KB)
...
006 (15564188.803.000) 2026-01-08 01:53:33 Image size of job updated: 424232
	72  -  MemoryUsage of job (MB)
	72868  -  ResidentSetSize of job (KB)
...
040 (15564188.803.000) 2026-01-08 01:53:34 Started transferring output files
...
040 (15564188.803.000) 2026-01-08 01:53:34 Finished transferring output files
...
005 (15564188.803.000) 2026-01-08 01:53:34 Job terminated.
	(1) Normal termination (return value 0)
		Usr 0 00:01:11, Sys 0 00:00:02  -  Run Remote Usage
		Usr 0 00:00:00, Sys 0 00:00:00  -  Run Local Usage
		Usr 0 00:01:11, Sys 0 00:00:02  -  Total Remote Usage
		Usr 0 00:00:00, Sys 0 00:00:00  -  Total Local Usage
	83  -  Run Bytes Sent By Job
	144352  -  Run Bytes Received By Job
	83  -  Total Bytes Sent By Job
	144352  -  Total Bytes Received By Job
	Partitionable Resources :    Usage  Request Allocated 
	   Cpus                 :     0.92        1         1 
	   Disk (KB)            :   159     2097152   6681187 
	   Memory (MB)          :    72        4096      4096 
	   xferslots            :                           0 

	Job terminated of its own accord at 2026-01-08T06:53:33Z with exit-code 0.
...
