000 (16235385.119.000) 2026-01-23 10:57:26 Job submitted from host: <130.199.48.128:9618?addrs=130.199.48.128-9618&alias=rcas6008.rcf.bnl.gov&noUDP&sock=schedd_18725_535a>
...
040 (16235385.119.000) 2026-01-23 11:31:20 Started transferring input files
	Transferring to host: <130.199.151.34:9618?addrs=130.199.151.34-9618&alias=spool1612.sdcc.bnl.gov&noUDP&sock=slot1_84_96466_fc6b_265806>
...
040 (16235385.119.000) 2026-01-23 11:31:20 Finished transferring input files
...
001 (16235385.119.000) 2026-01-23 11:31:21 Job executing on host: <130.199.151.34:9618?addrs=130.199.151.34-9618&alias=spool1612.sdcc.bnl.gov&noUDP&sock=startd_96457_85b5>
...
006 (16235385.119.000) 2026-01-23 11:31:30 Image size of job updated: 342736
	77  -  MemoryUsage of job (MB)
	78200  -  ResidentSetSize of job (KB)
...
006 (16235385.119.000) 2026-01-23 11:36:30 Image size of job updated: 424508
	102  -  MemoryUsage of job (MB)
	103692  -  ResidentSetSize of job (KB)
...
006 (16235385.119.000) 2026-01-23 11:41:30 Image size of job updated: 424508
	102  -  MemoryUsage of job (MB)
	103768  -  ResidentSetSize of job (KB)
...
006 (16235385.119.000) 2026-01-23 11:46:31 Image size of job updated: 424508
	102  -  MemoryUsage of job (MB)
	103772  -  ResidentSetSize of job (KB)
...
040 (16235385.119.000) 2026-01-23 11:47:41 Started transferring output files
...
040 (16235385.119.000) 2026-01-23 11:47:41 Finished transferring output files
...
005 (16235385.119.000) 2026-01-23 11:47:41 Job terminated.
	(1) Normal termination (return value 0)
		Usr 0 00:16:07, Sys 0 00:00:09  -  Run Remote Usage
		Usr 0 00:00:00, Sys 0 00:00:00  -  Run Local Usage
		Usr 0 00:16:07, Sys 0 00:00:09  -  Total Remote Usage
		Usr 0 00:00:00, Sys 0 00:00:00  -  Total Local Usage
	233  -  Run Bytes Sent By Job
	148880  -  Run Bytes Received By Job
	233  -  Total Bytes Sent By Job
	148880  -  Total Bytes Received By Job
	Partitionable Resources :    Usage  Request Allocated 
	   Cpus                 :     0.99        1         1 
	   Disk (KB)            :   163     2097152   6681197 
	   Memory (MB)          :   102        4096      4096 
	   xferslots            :                           0 

	Job terminated of its own accord at 2026-01-23T16:47:41Z with exit-code 0.
...
