000 (15684821.726.000) 2026-01-19 15:56:22 Job submitted from host: <130.199.48.129:9618?addrs=130.199.48.129-9618&alias=rcas6009.rcf.bnl.gov&noUDP&sock=schedd_22421_101d>
...
040 (15684821.726.000) 2026-01-19 16:27:03 Started transferring input files
	Transferring to host: <130.199.186.85:9618?addrs=130.199.186.85-9618&alias=spool1848.sdcc.bnl.gov&noUDP&sock=slot1_84_95890_a430_238892>
...
040 (15684821.726.000) 2026-01-19 16:27:03 Finished transferring input files
...
001 (15684821.726.000) 2026-01-19 16:27:04 Job executing on host: <130.199.186.85:9618?addrs=130.199.186.85-9618&alias=spool1848.sdcc.bnl.gov&noUDP&sock=startd_95881_39bf>
...
006 (15684821.726.000) 2026-01-19 16:27:13 Image size of job updated: 420064
	87  -  MemoryUsage of job (MB)
	88120  -  ResidentSetSize of job (KB)
...
006 (15684821.726.000) 2026-01-19 16:32:13 Image size of job updated: 447056
	103  -  MemoryUsage of job (MB)
	105164  -  ResidentSetSize of job (KB)
...
006 (15684821.726.000) 2026-01-19 16:42:14 Image size of job updated: 447056
	103  -  MemoryUsage of job (MB)
	105168  -  ResidentSetSize of job (KB)
...
040 (15684821.726.000) 2026-01-19 16:45:10 Started transferring output files
...
040 (15684821.726.000) 2026-01-19 16:45:10 Finished transferring output files
...
005 (15684821.726.000) 2026-01-19 16:45:10 Job terminated.
	(1) Normal termination (return value 0)
		Usr 0 00:16:58, Sys 0 00:00:12  -  Run Remote Usage
		Usr 0 00:00:00, Sys 0 00:00:00  -  Run Local Usage
		Usr 0 00:16:58, Sys 0 00:00:12  -  Total Remote Usage
		Usr 0 00:00:00, Sys 0 00:00:00  -  Total Local Usage
	205  -  Run Bytes Sent By Job
	148880  -  Run Bytes Received By Job
	205  -  Total Bytes Sent By Job
	148880  -  Total Bytes Received By Job
	Partitionable Resources :    Usage  Request Allocated 
	   Cpus                 :     0.99        1         1 
	   Disk (KB)            :   163     2097152   6681608 
	   Memory (MB)          :   103        4096      4096 
	   xferslots            :                           0 

	Job terminated of its own accord at 2026-01-19T21:45:10Z with exit-code 0.
...
