000 (15697407.084.000) 2026-01-21 18:36:41 Job submitted from host: <130.199.48.129:9618?addrs=130.199.48.129-9618&alias=rcas6009.rcf.bnl.gov&noUDP&sock=schedd_22421_101d>
...
040 (15697407.084.000) 2026-01-21 20:32:16 Started transferring input files
	Transferring to host: <130.199.184.196:9618?addrs=130.199.184.196-9618&alias=spool1771.sdcc.bnl.gov&noUDP&sock=slot1_22_93929_8cb3_254989>
...
040 (15697407.084.000) 2026-01-21 20:32:16 Finished transferring input files
...
001 (15697407.084.000) 2026-01-21 20:32:17 Job executing on host: <130.199.184.196:9618?addrs=130.199.184.196-9618&alias=spool1771.sdcc.bnl.gov&noUDP&sock=startd_93920_9805>
...
006 (15697407.084.000) 2026-01-21 20:32:25 Image size of job updated: 113772
	80  -  MemoryUsage of job (MB)
	81320  -  ResidentSetSize of job (KB)
...
006 (15697407.084.000) 2026-01-21 20:37:25 Image size of job updated: 424240
	102  -  MemoryUsage of job (MB)
	103880  -  ResidentSetSize of job (KB)
...
006 (15697407.084.000) 2026-01-21 20:42:26 Image size of job updated: 424240
	102  -  MemoryUsage of job (MB)
	103896  -  ResidentSetSize of job (KB)
...
040 (15697407.084.000) 2026-01-21 20:49:16 Started transferring output files
...
040 (15697407.084.000) 2026-01-21 20:49:16 Finished transferring output files
...
005 (15697407.084.000) 2026-01-21 20:49:16 Job terminated.
	(1) Normal termination (return value 0)
		Usr 0 00:16:46, Sys 0 00:00:12  -  Run Remote Usage
		Usr 0 00:00:00, Sys 0 00:00:00  -  Run Local Usage
		Usr 0 00:16:46, Sys 0 00:00:12  -  Total Remote Usage
		Usr 0 00:00:00, Sys 0 00:00:00  -  Total Local Usage
	247  -  Run Bytes Sent By Job
	148880  -  Run Bytes Received By Job
	247  -  Total Bytes Sent By Job
	148880  -  Total Bytes Received By Job
	Partitionable Resources :    Usage  Request Allocated 
	   Cpus                 :     1.00        1         1 
	   Disk (KB)            :   164     2097152   6681509 
	   Memory (MB)          :   102        4096      4096 
	   xferslots            :                           0 

	Job terminated of its own accord at 2026-01-22T01:49:16Z with exit-code 0.
...
