000 (15697407.249.000) 2026-01-21 18:36:41 Job submitted from host: <130.199.48.129:9618?addrs=130.199.48.129-9618&alias=rcas6009.rcf.bnl.gov&noUDP&sock=schedd_22421_101d>
...
040 (15697407.249.000) 2026-01-22 02:30:01 Started transferring input files
	Transferring to host: <130.199.186.77:9618?addrs=130.199.186.77-9618&alias=spool1840.sdcc.bnl.gov&noUDP&sock=slot1_28_94008_e306_305798>
...
040 (15697407.249.000) 2026-01-22 02:30:01 Finished transferring input files
...
001 (15697407.249.000) 2026-01-22 02:30:02 Job executing on host: <130.199.186.77:9618?addrs=130.199.186.77-9618&alias=spool1840.sdcc.bnl.gov&noUDP&sock=startd_93998_47a4>
...
006 (15697407.249.000) 2026-01-22 02:30:11 Image size of job updated: 115708
	83  -  MemoryUsage of job (MB)
	84292  -  ResidentSetSize of job (KB)
...
006 (15697407.249.000) 2026-01-22 02:35:12 Image size of job updated: 447880
	132  -  MemoryUsage of job (MB)
	134700  -  ResidentSetSize of job (KB)
...
006 (15697407.249.000) 2026-01-22 02:40:12 Image size of job updated: 447880
	132  -  MemoryUsage of job (MB)
	134704  -  ResidentSetSize of job (KB)
...
040 (15697407.249.000) 2026-01-22 03:03:27 Started transferring output files
...
040 (15697407.249.000) 2026-01-22 03:03:27 Finished transferring output files
...
005 (15697407.249.000) 2026-01-22 03:03:27 Job terminated.
	(1) Normal termination (return value 0)
		Usr 0 00:32:53, Sys 0 00:00:25  -  Run Remote Usage
		Usr 0 00:00:00, Sys 0 00:00:00  -  Run Local Usage
		Usr 0 00:32:53, Sys 0 00:00:25  -  Total Remote Usage
		Usr 0 00:00:00, Sys 0 00:00:00  -  Total Local Usage
	303  -  Run Bytes Sent By Job
	148880  -  Run Bytes Received By Job
	303  -  Total Bytes Sent By Job
	148880  -  Total Bytes Received By Job
	Partitionable Resources :    Usage  Request Allocated 
	   Cpus                 :     0.99        1         1 
	   Disk (KB)            :   164     2097152   6681562 
	   Memory (MB)          :   132        4096      4096 
	   xferslots            :                           0 

	Job terminated of its own accord at 2026-01-22T08:03:27Z with exit-code 0.
...
