000 (15564188.230.000) 2026-01-07 21:29:39 Job submitted from host: <130.199.48.129:9618?addrs=130.199.48.129-9618&alias=rcas6009.rcf.bnl.gov&noUDP&sock=schedd_22421_101d>
...
040 (15564188.230.000) 2026-01-08 00:13:12 Started transferring input files
	Transferring to host: <130.199.186.27:9618?addrs=130.199.186.27-9618&alias=spool1824.sdcc.bnl.gov&noUDP&sock=slot1_52_94218_f5db_183093>
...
040 (15564188.230.000) 2026-01-08 00:13:12 Finished transferring input files
...
001 (15564188.230.000) 2026-01-08 00:13:13 Job executing on host: <130.199.186.27:9618?addrs=130.199.186.27-9618&alias=spool1824.sdcc.bnl.gov&noUDP&sock=startd_94209_0f05>
...
006 (15564188.230.000) 2026-01-08 00:13:22 Image size of job updated: 420952
	76  -  MemoryUsage of job (MB)
	77344  -  ResidentSetSize of job (KB)
...
006 (15564188.230.000) 2026-01-08 00:18:23 Image size of job updated: 450820
	112  -  MemoryUsage of job (MB)
	114328  -  ResidentSetSize of job (KB)
...
040 (15564188.230.000) 2026-01-08 00:21:45 Started transferring output files
...
040 (15564188.230.000) 2026-01-08 00:21:45 Finished transferring output files
...
005 (15564188.230.000) 2026-01-08 00:21:45 Job terminated.
	(1) Normal termination (return value 0)
		Usr 0 00:07:53, Sys 0 00:00:07  -  Run Remote Usage
		Usr 0 00:00:00, Sys 0 00:00:00  -  Run Local Usage
		Usr 0 00:07:53, Sys 0 00:00:07  -  Total Remote Usage
		Usr 0 00:00:00, Sys 0 00:00:00  -  Total Local Usage
	219  -  Run Bytes Sent By Job
	144352  -  Run Bytes Received By Job
	219  -  Total Bytes Sent By Job
	144352  -  Total Bytes Received By Job
	Partitionable Resources :    Usage  Request Allocated 
	   Cpus                 :     0.99        1         1 
	   Disk (KB)            :   159     2097152   6681576 
	   Memory (MB)          :   112        4096      4096 
	   xferslots            :                           0 

	Job terminated of its own accord at 2026-01-08T05:21:44Z with exit-code 0.
...
