000 (15560432.509.000) 2026-01-07 17:58:16 Job submitted from host: <130.199.48.129:9618?addrs=130.199.48.129-9618&alias=rcas6009.rcf.bnl.gov&noUDP&sock=schedd_22421_101d>
...
040 (15560432.509.000) 2026-01-07 20:45:11 Started transferring input files
	Transferring to host: <130.199.151.30:9618?addrs=130.199.151.30-9618&alias=spool1608.sdcc.bnl.gov&noUDP&sock=slot1_28_96495_66a3_188007>
...
040 (15560432.509.000) 2026-01-07 20:45:11 Finished transferring input files
...
001 (15560432.509.000) 2026-01-07 20:45:12 Job executing on host: <130.199.151.30:9618?addrs=130.199.151.30-9618&alias=spool1608.sdcc.bnl.gov&noUDP&sock=startd_96487_0455>
...
006 (15560432.509.000) 2026-01-07 20:45:20 Image size of job updated: 112168
	79  -  MemoryUsage of job (MB)
	80732  -  ResidentSetSize of job (KB)
...
006 (15560432.509.000) 2026-01-07 20:50:20 Image size of job updated: 424688
	104  -  MemoryUsage of job (MB)
	105560  -  ResidentSetSize of job (KB)
...
006 (15560432.509.000) 2026-01-07 20:55:21 Image size of job updated: 424844
	104  -  MemoryUsage of job (MB)
	105636  -  ResidentSetSize of job (KB)
...
040 (15560432.509.000) 2026-01-07 20:56:35 Started transferring output files
...
040 (15560432.509.000) 2026-01-07 20:56:35 Finished transferring output files
...
005 (15560432.509.000) 2026-01-07 20:56:35 Job terminated.
	(1) Normal termination (return value 0)
		Usr 0 00:11:08, Sys 0 00:00:10  -  Run Remote Usage
		Usr 0 00:00:00, Sys 0 00:00:00  -  Run Local Usage
		Usr 0 00:11:08, Sys 0 00:00:10  -  Total Remote Usage
		Usr 0 00:00:00, Sys 0 00:00:00  -  Total Local Usage
	261  -  Run Bytes Sent By Job
	144352  -  Run Bytes Received By Job
	261  -  Total Bytes Sent By Job
	144352  -  Total Bytes Received By Job
	Partitionable Resources :    Usage  Request Allocated 
	   Cpus                 :     0.91        1         1 
	   Disk (KB)            :   159     2097152   6681194 
	   Memory (MB)          :   104        4096      4096 
	   xferslots            :                           0 

	Job terminated of its own accord at 2026-01-08T01:56:35Z with exit-code 0.
...
