000 (15690120.877.000) 2026-01-20 07:35:56 Job submitted from host: <130.199.48.129:9618?addrs=130.199.48.129-9618&alias=rcas6009.rcf.bnl.gov&noUDP&sock=schedd_22421_101d>
...
040 (15690120.877.000) 2026-01-21 13:38:15 Started transferring input files
	Transferring to host: <130.199.150.93:9618?addrs=130.199.150.93-9618&alias=spool1574.sdcc.bnl.gov&noUDP&sock=slot1_93_94784_ebaa_256762>
...
040 (15690120.877.000) 2026-01-21 13:38:15 Finished transferring input files
...
001 (15690120.877.000) 2026-01-21 13:38:16 Job executing on host: <130.199.150.93:9618?addrs=130.199.150.93-9618&alias=spool1574.sdcc.bnl.gov&noUDP&sock=startd_94775_30c7>
...
006 (15690120.877.000) 2026-01-21 13:38:25 Image size of job updated: 116444
	84  -  MemoryUsage of job (MB)
	85052  -  ResidentSetSize of job (KB)
...
006 (15690120.877.000) 2026-01-21 13:43:25 Image size of job updated: 446948
	99  -  MemoryUsage of job (MB)
	100640  -  ResidentSetSize of job (KB)
...
040 (15690120.877.000) 2026-01-21 13:54:36 Started transferring output files
...
040 (15690120.877.000) 2026-01-21 13:54:36 Finished transferring output files
...
005 (15690120.877.000) 2026-01-21 13:54:36 Job terminated.
	(1) Normal termination (return value 0)
		Usr 0 00:14:32, Sys 0 00:00:10  -  Run Remote Usage
		Usr 0 00:00:00, Sys 0 00:00:00  -  Run Local Usage
		Usr 0 00:14:32, Sys 0 00:00:10  -  Total Remote Usage
		Usr 0 00:00:00, Sys 0 00:00:00  -  Total Local Usage
	191  -  Run Bytes Sent By Job
	148880  -  Run Bytes Received By Job
	191  -  Total Bytes Sent By Job
	148880  -  Total Bytes Received By Job
	Partitionable Resources :    Usage  Request Allocated 
	   Cpus                 :     0.92        1         1 
	   Disk (KB)            :   163     2097152   6681104 
	   Memory (MB)          :    99        4096      4096 
	   xferslots            :                           0 

	Job terminated of its own accord at 2026-01-21T18:54:36Z with exit-code 0.
...
