000 (16235385.087.000) 2026-01-23 10:57:26 Job submitted from host: <130.199.48.128:9618?addrs=130.199.48.128-9618&alias=rcas6008.rcf.bnl.gov&noUDP&sock=schedd_18725_535a>
...
040 (16235385.087.000) 2026-01-23 11:27:36 Started transferring input files
	Transferring to host: <130.199.186.79:9618?addrs=130.199.186.79-9618&alias=spool1842.sdcc.bnl.gov&noUDP&sock=slot1_59_94130_fa28_286535>
...
040 (16235385.087.000) 2026-01-23 11:27:36 Finished transferring input files
...
001 (16235385.087.000) 2026-01-23 11:27:37 Job executing on host: <130.199.186.79:9618?addrs=130.199.186.79-9618&alias=spool1842.sdcc.bnl.gov&noUDP&sock=startd_94122_8637>
...
006 (16235385.087.000) 2026-01-23 11:27:45 Image size of job updated: 421868
	77  -  MemoryUsage of job (MB)
	78324  -  ResidentSetSize of job (KB)
...
006 (16235385.087.000) 2026-01-23 11:32:45 Image size of job updated: 424560
	101  -  MemoryUsage of job (MB)
	103264  -  ResidentSetSize of job (KB)
...
006 (16235385.087.000) 2026-01-23 11:37:46 Image size of job updated: 424560
	101  -  MemoryUsage of job (MB)
	103284  -  ResidentSetSize of job (KB)
...
006 (16235385.087.000) 2026-01-23 11:42:46 Image size of job updated: 424560
	101  -  MemoryUsage of job (MB)
	103320  -  ResidentSetSize of job (KB)
...
040 (16235385.087.000) 2026-01-23 11:43:57 Started transferring output files
...
040 (16235385.087.000) 2026-01-23 11:43:57 Finished transferring output files
...
005 (16235385.087.000) 2026-01-23 11:43:57 Job terminated.
	(1) Normal termination (return value 0)
		Usr 0 00:16:05, Sys 0 00:00:11  -  Run Remote Usage
		Usr 0 00:00:00, Sys 0 00:00:00  -  Run Local Usage
		Usr 0 00:16:05, Sys 0 00:00:11  -  Total Remote Usage
		Usr 0 00:00:00, Sys 0 00:00:00  -  Total Local Usage
	233  -  Run Bytes Sent By Job
	148880  -  Run Bytes Received By Job
	233  -  Total Bytes Sent By Job
	148880  -  Total Bytes Received By Job
	Partitionable Resources :    Usage  Request Allocated 
	   Cpus                 :     1.00        1         1 
	   Disk (KB)            :   164     2097152   6681568 
	   Memory (MB)          :   101        4096      4096 
	   xferslots            :                           0 

	Job terminated of its own accord at 2026-01-23T16:43:57Z with exit-code 0.
...
