000 (15554417.962.000) 2026-01-07 12:44:34 Job submitted from host: <130.199.48.129:9618?addrs=130.199.48.129-9618&alias=rcas6009.rcf.bnl.gov&noUDP&sock=schedd_22421_101d>
...
040 (15554417.962.000) 2026-01-07 14:08:28 Started transferring input files
	Transferring to host: <130.199.150.70:9618?addrs=130.199.150.70-9618&alias=spool1551.sdcc.bnl.gov&noUDP&sock=slot1_89_94997_35a0_187870>
...
040 (15554417.962.000) 2026-01-07 14:08:28 Finished transferring input files
...
001 (15554417.962.000) 2026-01-07 14:08:29 Job executing on host: <130.199.150.70:9618?addrs=130.199.150.70-9618&alias=spool1551.sdcc.bnl.gov&noUDP&sock=startd_94985_a723>
...
006 (15554417.962.000) 2026-01-07 14:08:37 Image size of job updated: 420964
	77  -  MemoryUsage of job (MB)
	78164  -  ResidentSetSize of job (KB)
...
006 (15554417.962.000) 2026-01-07 14:13:37 Image size of job updated: 450504
	113  -  MemoryUsage of job (MB)
	115688  -  ResidentSetSize of job (KB)
...
040 (15554417.962.000) 2026-01-07 14:16:33 Started transferring output files
...
040 (15554417.962.000) 2026-01-07 14:16:33 Finished transferring output files
...
005 (15554417.962.000) 2026-01-07 14:16:33 Job terminated.
	(1) Normal termination (return value 0)
		Usr 0 00:07:58, Sys 0 00:00:05  -  Run Remote Usage
		Usr 0 00:00:00, Sys 0 00:00:00  -  Run Local Usage
		Usr 0 00:07:58, Sys 0 00:00:05  -  Total Remote Usage
		Usr 0 00:00:00, Sys 0 00:00:00  -  Total Local Usage
	233  -  Run Bytes Sent By Job
	144352  -  Run Bytes Received By Job
	233  -  Total Bytes Sent By Job
	144352  -  Total Bytes Received By Job
	Partitionable Resources :    Usage  Request Allocated 
	   Cpus                 :     0.99        1         1 
	   Disk (KB)            :   159     2097152   6681189 
	   Memory (MB)          :   113        4096      4096 
	   xferslots            :                           0 

	Job terminated of its own accord at 2026-01-07T19:16:33Z with exit-code 0.
...
