000 (15564188.155.000) 2026-01-07 21:29:39 Job submitted from host: <130.199.48.129:9618?addrs=130.199.48.129-9618&alias=rcas6009.rcf.bnl.gov&noUDP&sock=schedd_22421_101d>
...
040 (15564188.155.000) 2026-01-07 23:53:35 Started transferring input files
	Transferring to host: <130.199.186.27:9618?addrs=130.199.186.27-9618&alias=spool1824.sdcc.bnl.gov&noUDP&sock=slot1_19_94218_f5db_183038>
...
040 (15564188.155.000) 2026-01-07 23:53:35 Finished transferring input files
...
001 (15564188.155.000) 2026-01-07 23:53:36 Job executing on host: <130.199.186.27:9618?addrs=130.199.186.27-9618&alias=spool1824.sdcc.bnl.gov&noUDP&sock=startd_94209_0f05>
...
006 (15564188.155.000) 2026-01-07 23:53:45 Image size of job updated: 420060
	73  -  MemoryUsage of job (MB)
	74636  -  ResidentSetSize of job (KB)
...
006 (15564188.155.000) 2026-01-07 23:58:46 Image size of job updated: 447996
	105  -  MemoryUsage of job (MB)
	107372  -  ResidentSetSize of job (KB)
...
040 (15564188.155.000) 2026-01-08 00:01:33 Started transferring output files
...
040 (15564188.155.000) 2026-01-08 00:01:33 Finished transferring output files
...
005 (15564188.155.000) 2026-01-08 00:01:33 Job terminated.
	(1) Normal termination (return value 0)
		Usr 0 00:07:08, Sys 0 00:00:07  -  Run Remote Usage
		Usr 0 00:00:00, Sys 0 00:00:00  -  Run Local Usage
		Usr 0 00:07:08, Sys 0 00:00:07  -  Total Remote Usage
		Usr 0 00:00:00, Sys 0 00:00:00  -  Total Local Usage
	205  -  Run Bytes Sent By Job
	144352  -  Run Bytes Received By Job
	205  -  Total Bytes Sent By Job
	144352  -  Total Bytes Received By Job
	Partitionable Resources :    Usage  Request Allocated 
	   Cpus                 :     0.93        1         1 
	   Disk (KB)            :   159     2097152   6681576 
	   Memory (MB)          :   105        4096      4096 
	   xferslots            :                           0 

	Job terminated of its own accord at 2026-01-08T05:01:33Z with exit-code 0.
...
