000 (15697407.913.000) 2026-01-21 18:36:43 Job submitted from host: <130.199.48.129:9618?addrs=130.199.48.129-9618&alias=rcas6009.rcf.bnl.gov&noUDP&sock=schedd_22421_101d>
...
040 (15697407.913.000) 2026-01-22 16:21:06 Started transferring input files
	Transferring to host: <130.199.150.80:9618?addrs=130.199.150.80-9618&alias=spool1561.sdcc.bnl.gov&noUDP&sock=slot1_91_96576_370b_271407>
...
040 (15697407.913.000) 2026-01-22 16:21:06 Finished transferring input files
...
001 (15697407.913.000) 2026-01-22 16:21:07 Job executing on host: <130.199.150.80:9618?addrs=130.199.150.80-9618&alias=spool1561.sdcc.bnl.gov&noUDP&sock=startd_96567_55fe>
...
006 (15697407.913.000) 2026-01-22 16:21:16 Image size of job updated: 422740
	72  -  MemoryUsage of job (MB)
	73648  -  ResidentSetSize of job (KB)
...
006 (15697407.913.000) 2026-01-22 16:26:16 Image size of job updated: 450288
	96  -  MemoryUsage of job (MB)
	97904  -  ResidentSetSize of job (KB)
...
040 (15697407.913.000) 2026-01-22 16:29:25 Started transferring output files
...
040 (15697407.913.000) 2026-01-22 16:29:25 Finished transferring output files
...
005 (15697407.913.000) 2026-01-22 16:29:25 Job terminated.
	(1) Normal termination (return value 0)
		Usr 0 00:08:10, Sys 0 00:00:06  -  Run Remote Usage
		Usr 0 00:00:00, Sys 0 00:00:00  -  Run Local Usage
		Usr 0 00:08:10, Sys 0 00:00:06  -  Total Remote Usage
		Usr 0 00:00:00, Sys 0 00:00:00  -  Total Local Usage
	163  -  Run Bytes Sent By Job
	148880  -  Run Bytes Received By Job
	163  -  Total Bytes Sent By Job
	148880  -  Total Bytes Received By Job
	Partitionable Resources :    Usage  Request Allocated 
	   Cpus                 :     0.99        1         1 
	   Disk (KB)            :   164     2097152   6681208 
	   Memory (MB)          :    96        4096      4096 
	   xferslots            :                           0 

	Job terminated of its own accord at 2026-01-22T21:29:25Z with exit-code 0.
...
