000 (15697407.875.000) 2026-01-21 18:36:43 Job submitted from host: <130.199.48.129:9618?addrs=130.199.48.129-9618&alias=rcas6009.rcf.bnl.gov&noUDP&sock=schedd_22421_101d>
...
040 (15697407.875.000) 2026-01-22 15:56:44 Started transferring input files
	Transferring to host: <130.199.151.17:9618?addrs=130.199.151.17-9618&alias=spool1595.sdcc.bnl.gov&noUDP&sock=slot1_92_56003_4361_259899>
...
040 (15697407.875.000) 2026-01-22 15:56:44 Finished transferring input files
...
001 (15697407.875.000) 2026-01-22 15:56:45 Job executing on host: <130.199.151.17:9618?addrs=130.199.151.17-9618&alias=spool1595.sdcc.bnl.gov&noUDP&sock=startd_55988_983d>
...
006 (15697407.875.000) 2026-01-22 15:56:54 Image size of job updated: 420068
	74  -  MemoryUsage of job (MB)
	75200  -  ResidentSetSize of job (KB)
...
006 (15697407.875.000) 2026-01-22 16:01:55 Image size of job updated: 450720
	103  -  MemoryUsage of job (MB)
	104940  -  ResidentSetSize of job (KB)
...
040 (15697407.875.000) 2026-01-22 16:08:56 Started transferring output files
...
040 (15697407.875.000) 2026-01-22 16:08:56 Finished transferring output files
...
005 (15697407.875.000) 2026-01-22 16:08:56 Job terminated.
	(1) Normal termination (return value 0)
		Usr 0 00:12:01, Sys 0 00:00:07  -  Run Remote Usage
		Usr 0 00:00:00, Sys 0 00:00:00  -  Run Local Usage
		Usr 0 00:12:01, Sys 0 00:00:07  -  Total Remote Usage
		Usr 0 00:00:00, Sys 0 00:00:00  -  Total Local Usage
	177  -  Run Bytes Sent By Job
	148880  -  Run Bytes Received By Job
	177  -  Total Bytes Sent By Job
	148880  -  Total Bytes Received By Job
	Partitionable Resources :    Usage  Request Allocated 
	   Cpus                 :     1.00        1         1 
	   Disk (KB)            :   164     2097152   6681209 
	   Memory (MB)          :   103        4096      4096 
	   xferslots            :                           0 

	Job terminated of its own accord at 2026-01-22T21:08:56Z with exit-code 0.
...
