000 (15690120.950.000) 2026-01-20 07:35:57 Job submitted from host: <130.199.48.129:9618?addrs=130.199.48.129-9618&alias=rcas6009.rcf.bnl.gov&noUDP&sock=schedd_22421_101d>
...
040 (15690120.950.000) 2026-01-21 14:07:56 Started transferring input files
	Transferring to host: <130.199.186.8:9618?addrs=130.199.186.8-9618&alias=spool1805.sdcc.bnl.gov&noUDP&sock=slot1_45_22185_82dc_264747>
...
040 (15690120.950.000) 2026-01-21 14:07:56 Finished transferring input files
...
001 (15690120.950.000) 2026-01-21 14:07:58 Job executing on host: <130.199.186.8:9618?addrs=130.199.186.8-9618&alias=spool1805.sdcc.bnl.gov&noUDP&sock=startd_22176_8606>
...
006 (15690120.950.000) 2026-01-21 14:08:06 Image size of job updated: 421848
	73  -  MemoryUsage of job (MB)
	74556  -  ResidentSetSize of job (KB)
...
006 (15690120.950.000) 2026-01-21 14:13:06 Image size of job updated: 448716
	102  -  MemoryUsage of job (MB)
	104128  -  ResidentSetSize of job (KB)
...
040 (15690120.950.000) 2026-01-21 14:22:42 Started transferring output files
...
040 (15690120.950.000) 2026-01-21 14:22:42 Finished transferring output files
...
005 (15690120.950.000) 2026-01-21 14:22:42 Job terminated.
	(1) Normal termination (return value 0)
		Usr 0 00:14:22, Sys 0 00:00:11  -  Run Remote Usage
		Usr 0 00:00:00, Sys 0 00:00:00  -  Run Local Usage
		Usr 0 00:14:22, Sys 0 00:00:11  -  Total Remote Usage
		Usr 0 00:00:00, Sys 0 00:00:00  -  Total Local Usage
	191  -  Run Bytes Sent By Job
	148880  -  Run Bytes Received By Job
	191  -  Total Bytes Sent By Job
	148880  -  Total Bytes Received By Job
	Partitionable Resources :    Usage  Request Allocated 
	   Cpus                 :     0.99        1         1 
	   Disk (KB)            :   164     2097152   6681581 
	   Memory (MB)          :   102        4096      4096 
	   xferslots            :                           0 

	Job terminated of its own accord at 2026-01-21T19:22:42Z with exit-code 0.
...
