000 (15697407.336.000) 2026-01-21 18:36:41 Job submitted from host: <130.199.48.129:9618?addrs=130.199.48.129-9618&alias=rcas6009.rcf.bnl.gov&noUDP&sock=schedd_22421_101d>
...
040 (15697407.336.000) 2026-01-22 05:59:55 Started transferring input files
	Transferring to host: <130.199.151.15:9618?addrs=130.199.151.15-9618&alias=spool1593.sdcc.bnl.gov&noUDP&sock=slot1_91_96858_74e8_273831>
...
040 (15697407.336.000) 2026-01-22 05:59:55 Finished transferring input files
...
001 (15697407.336.000) 2026-01-22 05:59:56 Job executing on host: <130.199.151.15:9618?addrs=130.199.151.15-9618&alias=spool1593.sdcc.bnl.gov&noUDP&sock=startd_96849_95d9>
...
006 (15697407.336.000) 2026-01-22 06:00:05 Image size of job updated: 110204
	76  -  MemoryUsage of job (MB)
	77732  -  ResidentSetSize of job (KB)
...
006 (15697407.336.000) 2026-01-22 06:05:06 Image size of job updated: 424348
	99  -  MemoryUsage of job (MB)
	100812  -  ResidentSetSize of job (KB)
...
006 (15697407.336.000) 2026-01-22 06:10:06 Image size of job updated: 424348
	99  -  MemoryUsage of job (MB)
	100816  -  ResidentSetSize of job (KB)
...
040 (15697407.336.000) 2026-01-22 06:17:42 Started transferring output files
...
040 (15697407.336.000) 2026-01-22 06:17:48 Finished transferring output files
...
005 (15697407.336.000) 2026-01-22 06:18:21 Job terminated.
	(1) Normal termination (return value 0)
		Usr 0 00:17:19, Sys 0 00:00:10  -  Run Remote Usage
		Usr 0 00:00:00, Sys 0 00:00:00  -  Run Local Usage
		Usr 0 00:17:19, Sys 0 00:00:10  -  Total Remote Usage
		Usr 0 00:00:00, Sys 0 00:00:00  -  Total Local Usage
	233  -  Run Bytes Sent By Job
	148880  -  Run Bytes Received By Job
	233  -  Total Bytes Sent By Job
	148880  -  Total Bytes Received By Job
	Partitionable Resources :    Usage  Request Allocated 
	   Cpus                 :        0        1         1 
	   Disk (KB)            :      164  2097152   6681185 
	   Memory (MB)          :       99     4096      4096 
	   xferslots            :                           0 

	Job terminated of its own accord at 2026-01-22T11:17:28Z with exit-code 0.
...
