000 (15697407.1150.000) 2026-01-21 18:36:43 Job submitted from host: <130.199.48.129:9618?addrs=130.199.48.129-9618&alias=rcas6009.rcf.bnl.gov&noUDP&sock=schedd_22421_101d>
...
040 (15697407.1150.000) 2026-01-22 18:54:10 Started transferring input files
	Transferring to host: <130.199.150.88:9618?addrs=130.199.150.88-9618&alias=spool1569.sdcc.bnl.gov&noUDP&sock=slot1_11_55415_0ea5_258629>
...
040 (15697407.1150.000) 2026-01-22 18:54:10 Finished transferring input files
...
001 (15697407.1150.000) 2026-01-22 18:54:11 Job executing on host: <130.199.150.88:9618?addrs=130.199.150.88-9618&alias=spool1569.sdcc.bnl.gov&noUDP&sock=startd_55407_b72c>
...
006 (15697407.1150.000) 2026-01-22 18:54:20 Image size of job updated: 99072
	66  -  MemoryUsage of job (MB)
	66604  -  ResidentSetSize of job (KB)
...
006 (15697407.1150.000) 2026-01-22 18:54:28 Image size of job updated: 423288
	66  -  MemoryUsage of job (MB)
	66604  -  ResidentSetSize of job (KB)
...
040 (15697407.1150.000) 2026-01-22 18:54:28 Started transferring output files
...
040 (15697407.1150.000) 2026-01-22 18:54:28 Finished transferring output files
...
005 (15697407.1150.000) 2026-01-22 18:54:28 Job terminated.
	(1) Normal termination (return value 0)
		Usr 0 00:00:14, Sys 0 00:00:00  -  Run Remote Usage
		Usr 0 00:00:00, Sys 0 00:00:00  -  Run Local Usage
		Usr 0 00:00:14, Sys 0 00:00:00  -  Total Remote Usage
		Usr 0 00:00:00, Sys 0 00:00:00  -  Total Local Usage
	44  -  Run Bytes Sent By Job
	148880  -  Run Bytes Received By Job
	44  -  Total Bytes Sent By Job
	148880  -  Total Bytes Received By Job
	Partitionable Resources :    Usage  Request Allocated 
	   Cpus                 :                 1         1 
	   Disk (KB)            :      157  2097152   6681192 
	   Memory (MB)          :       66     4096      4096 
	   xferslots            :                           0 

	Job terminated of its own accord at 2026-01-22T23:54:28Z with exit-code 0.
...
