000 (15554417.176.000) 2026-01-07 12:44:32 Job submitted from host: <130.199.48.129:9618?addrs=130.199.48.129-9618&alias=rcas6009.rcf.bnl.gov&noUDP&sock=schedd_22421_101d>
...
040 (15554417.176.000) 2026-01-07 13:13:54 Started transferring input files
	Transferring to host: <130.199.151.10:9618?addrs=130.199.151.10-9618&alias=spool1588.sdcc.bnl.gov&noUDP&sock=slot1_32_94958_68fc_194333>
...
040 (15554417.176.000) 2026-01-07 13:13:54 Finished transferring input files
...
001 (15554417.176.000) 2026-01-07 13:13:55 Job executing on host: <130.199.151.10:9618?addrs=130.199.151.10-9618&alias=spool1588.sdcc.bnl.gov&noUDP&sock=startd_94950_9369>
...
006 (15554417.176.000) 2026-01-07 13:14:04 Image size of job updated: 422584
	107  -  MemoryUsage of job (MB)
	109340  -  ResidentSetSize of job (KB)
...
006 (15554417.176.000) 2026-01-07 13:19:05 Image size of job updated: 424636
	109  -  MemoryUsage of job (MB)
	111480  -  ResidentSetSize of job (KB)
...
006 (15554417.176.000) 2026-01-07 13:24:05 Image size of job updated: 424776
	109  -  MemoryUsage of job (MB)
	111496  -  ResidentSetSize of job (KB)
...
040 (15554417.176.000) 2026-01-07 13:26:38 Started transferring output files
...
040 (15554417.176.000) 2026-01-07 13:26:38 Finished transferring output files
...
005 (15554417.176.000) 2026-01-07 13:26:38 Job terminated.
	(1) Normal termination (return value 0)
		Usr 0 00:12:32, Sys 0 00:00:09  -  Run Remote Usage
		Usr 0 00:00:00, Sys 0 00:00:00  -  Run Local Usage
		Usr 0 00:12:32, Sys 0 00:00:09  -  Total Remote Usage
		Usr 0 00:00:00, Sys 0 00:00:00  -  Total Local Usage
	289  -  Run Bytes Sent By Job
	144352  -  Run Bytes Received By Job
	289  -  Total Bytes Sent By Job
	144352  -  Total Bytes Received By Job
	Partitionable Resources :    Usage  Request Allocated 
	   Cpus                 :     0.99        1         1 
	   Disk (KB)            :   159     2097152   6681185 
	   Memory (MB)          :   109        4096      4096 
	   xferslots            :                           0 

	Job terminated of its own accord at 2026-01-07T18:26:38Z with exit-code 0.
...
