000 (16235385.419.000) 2026-01-23 10:57:27 Job submitted from host: <130.199.48.128:9618?addrs=130.199.48.128-9618&alias=rcas6008.rcf.bnl.gov&noUDP&sock=schedd_18725_535a>
...
040 (16235385.419.000) 2026-01-23 12:07:34 Started transferring input files
	Transferring to host: <130.199.186.87:9618?addrs=130.199.186.87-9618&alias=spool1850.sdcc.bnl.gov&noUDP&sock=slot1_36_95972_31a3_250271>
...
040 (16235385.419.000) 2026-01-23 12:07:34 Finished transferring input files
...
001 (16235385.419.000) 2026-01-23 12:07:35 Job executing on host: <130.199.186.87:9618?addrs=130.199.186.87-9618&alias=spool1850.sdcc.bnl.gov&noUDP&sock=startd_95963_2d73>
...
006 (16235385.419.000) 2026-01-23 12:07:44 Image size of job updated: 419844
	69  -  MemoryUsage of job (MB)
	70416  -  ResidentSetSize of job (KB)
...
006 (16235385.419.000) 2026-01-23 12:12:44 Image size of job updated: 423964
	109  -  MemoryUsage of job (MB)
	111480  -  ResidentSetSize of job (KB)
...
006 (16235385.419.000) 2026-01-23 12:17:44 Image size of job updated: 424340
	110  -  MemoryUsage of job (MB)
	111864  -  ResidentSetSize of job (KB)
...
006 (16235385.419.000) 2026-01-23 12:22:45 Image size of job updated: 424540
	110  -  MemoryUsage of job (MB)
	112220  -  ResidentSetSize of job (KB)
...
006 (16235385.419.000) 2026-01-23 12:27:45 Image size of job updated: 424540
	110  -  MemoryUsage of job (MB)
	112224  -  ResidentSetSize of job (KB)
...
040 (16235385.419.000) 2026-01-23 12:36:41 Started transferring output files
...
040 (16235385.419.000) 2026-01-23 12:36:41 Finished transferring output files
...
005 (16235385.419.000) 2026-01-23 12:36:41 Job terminated.
	(1) Normal termination (return value 0)
		Usr 0 00:28:11, Sys 0 00:00:19  -  Run Remote Usage
		Usr 0 00:00:00, Sys 0 00:00:00  -  Run Local Usage
		Usr 0 00:28:11, Sys 0 00:00:19  -  Total Remote Usage
		Usr 0 00:00:00, Sys 0 00:00:00  -  Total Local Usage
	289  -  Run Bytes Sent By Job
	148880  -  Run Bytes Received By Job
	289  -  Total Bytes Sent By Job
	148880  -  Total Bytes Received By Job
	Partitionable Resources :    Usage  Request Allocated 
	   Cpus                 :     0.99        1         1 
	   Disk (KB)            :   163     2097152   6681609 
	   Memory (MB)          :   110        4096      4096 
	   xferslots            :                           0 

	Job terminated of its own accord at 2026-01-23T17:36:41Z with exit-code 0.
...
