000 (15564188.997.000) 2026-01-07 21:29:41 Job submitted from host: <130.199.48.129:9618?addrs=130.199.48.129-9618&alias=rcas6009.rcf.bnl.gov&noUDP&sock=schedd_22421_101d>
...
040 (15564188.997.000) 2026-01-08 02:02:57 Started transferring input files
	Transferring to host: <130.199.150.73:9618?addrs=130.199.150.73-9618&alias=spool1554.sdcc.bnl.gov&noUDP&sock=slot1_43_44345_76ff_163270>
...
040 (15564188.997.000) 2026-01-08 02:02:57 Finished transferring input files
...
001 (15564188.997.000) 2026-01-08 02:02:58 Job executing on host: <130.199.150.73:9618?addrs=130.199.150.73-9618&alias=spool1554.sdcc.bnl.gov&noUDP&sock=startd_44280_2916>
...
006 (15564188.997.000) 2026-01-08 02:03:06 Image size of job updated: 341548
	50  -  MemoryUsage of job (MB)
	50216  -  ResidentSetSize of job (KB)
...
006 (15564188.997.000) 2026-01-08 02:08:06 Image size of job updated: 448012
	108  -  MemoryUsage of job (MB)
	110004  -  ResidentSetSize of job (KB)
...
040 (15564188.997.000) 2026-01-08 02:11:25 Started transferring output files
...
040 (15564188.997.000) 2026-01-08 02:11:25 Finished transferring output files
...
005 (15564188.997.000) 2026-01-08 02:11:25 Job terminated.
	(1) Normal termination (return value 0)
		Usr 0 00:07:40, Sys 0 00:00:08  -  Run Remote Usage
		Usr 0 00:00:00, Sys 0 00:00:00  -  Run Local Usage
		Usr 0 00:07:40, Sys 0 00:00:08  -  Total Remote Usage
		Usr 0 00:00:00, Sys 0 00:00:00  -  Total Local Usage
	205  -  Run Bytes Sent By Job
	144352  -  Run Bytes Received By Job
	205  -  Total Bytes Sent By Job
	144352  -  Total Bytes Received By Job
	Partitionable Resources :    Usage  Request Allocated 
	   Cpus                 :     0.97        1         1 
	   Disk (KB)            :   159     2097152   6681193 
	   Memory (MB)          :   108        4096      4096 
	   xferslots            :                           0 

	Job terminated of its own accord at 2026-01-08T07:11:24Z with exit-code 0.
...
