000 (15684821.883.000) 2026-01-19 15:56:22 Job submitted from host: <130.199.48.129:9618?addrs=130.199.48.129-9618&alias=rcas6009.rcf.bnl.gov&noUDP&sock=schedd_22421_101d>
...
040 (15684821.883.000) 2026-01-19 16:29:13 Started transferring input files
	Transferring to host: <130.199.186.83:9618?addrs=130.199.186.83-9618&alias=spool1846.sdcc.bnl.gov&noUDP&sock=slot1_37_95821_b049_242246>
...
040 (15684821.883.000) 2026-01-19 16:29:13 Finished transferring input files
...
001 (15684821.883.000) 2026-01-19 16:29:14 Job executing on host: <130.199.186.83:9618?addrs=130.199.186.83-9618&alias=spool1846.sdcc.bnl.gov&noUDP&sock=startd_95812_6350>
...
006 (15684821.883.000) 2026-01-19 16:29:23 Image size of job updated: 102716
	71  -  MemoryUsage of job (MB)
	71752  -  ResidentSetSize of job (KB)
...
006 (15684821.883.000) 2026-01-19 16:34:24 Image size of job updated: 449784
	95  -  MemoryUsage of job (MB)
	96440  -  ResidentSetSize of job (KB)
...
040 (15684821.883.000) 2026-01-19 16:39:04 Started transferring output files
...
040 (15684821.883.000) 2026-01-19 16:39:04 Finished transferring output files
...
005 (15684821.883.000) 2026-01-19 16:39:04 Job terminated.
	(1) Normal termination (return value 0)
		Usr 0 00:09:13, Sys 0 00:00:07  -  Run Remote Usage
		Usr 0 00:00:00, Sys 0 00:00:00  -  Run Local Usage
		Usr 0 00:09:13, Sys 0 00:00:07  -  Total Remote Usage
		Usr 0 00:00:00, Sys 0 00:00:00  -  Total Local Usage
	149  -  Run Bytes Sent By Job
	148880  -  Run Bytes Received By Job
	149  -  Total Bytes Sent By Job
	148880  -  Total Bytes Received By Job
	Partitionable Resources :    Usage  Request Allocated 
	   Cpus                 :     1.00        1         1 
	   Disk (KB)            :   163     2097152   6681571 
	   Memory (MB)          :    95        4096      4096 
	   xferslots            :                           0 

	Job terminated of its own accord at 2026-01-19T21:39:04Z with exit-code 0.
...
