000 (15560432.325.000) 2026-01-07 17:58:16 Job submitted from host: <130.199.48.129:9618?addrs=130.199.48.129-9618&alias=rcas6009.rcf.bnl.gov&noUDP&sock=schedd_22421_101d>
...
040 (15560432.325.000) 2026-01-07 20:07:56 Started transferring input files
	Transferring to host: <130.199.151.33:9618?addrs=130.199.151.33-9618&alias=spool1611.sdcc.bnl.gov&noUDP&sock=slot1_66_94855_59a7_184688>
...
040 (15560432.325.000) 2026-01-07 20:07:56 Finished transferring input files
...
001 (15560432.325.000) 2026-01-07 20:07:57 Job executing on host: <130.199.151.33:9618?addrs=130.199.151.33-9618&alias=spool1611.sdcc.bnl.gov&noUDP&sock=startd_94847_fa45>
...
006 (15560432.325.000) 2026-01-07 20:08:06 Image size of job updated: 422676
	100  -  MemoryUsage of job (MB)
	101464  -  ResidentSetSize of job (KB)
...
006 (15560432.325.000) 2026-01-07 20:13:07 Image size of job updated: 424736
	102  -  MemoryUsage of job (MB)
	103600  -  ResidentSetSize of job (KB)
...
040 (15560432.325.000) 2026-01-07 20:17:21 Started transferring output files
...
040 (15560432.325.000) 2026-01-07 20:17:21 Finished transferring output files
...
005 (15560432.325.000) 2026-01-07 20:17:21 Job terminated.
	(1) Normal termination (return value 0)
		Usr 0 00:09:14, Sys 0 00:00:08  -  Run Remote Usage
		Usr 0 00:00:00, Sys 0 00:00:00  -  Run Local Usage
		Usr 0 00:09:14, Sys 0 00:00:08  -  Total Remote Usage
		Usr 0 00:00:00, Sys 0 00:00:00  -  Total Local Usage
	247  -  Run Bytes Sent By Job
	144352  -  Run Bytes Received By Job
	247  -  Total Bytes Sent By Job
	144352  -  Total Bytes Received By Job
	Partitionable Resources :    Usage  Request Allocated 
	   Cpus                 :     1.00        1         1 
	   Disk (KB)            :   159     2097152   6681176 
	   Memory (MB)          :   102        4096      4096 
	   xferslots            :                           0 

	Job terminated of its own accord at 2026-01-08T01:17:21Z with exit-code 0.
...
