000 (15697407.763.000) 2026-01-21 18:36:42 Job submitted from host: <130.199.48.129:9618?addrs=130.199.48.129-9618&alias=rcas6009.rcf.bnl.gov&noUDP&sock=schedd_22421_101d>
...
040 (15697407.763.000) 2026-01-22 14:49:40 Started transferring input files
	Transferring to host: <130.199.186.28:9618?addrs=130.199.186.28-9618&alias=spool1825.sdcc.bnl.gov&noUDP&sock=slot1_13_94014_5146_273998>
...
040 (15697407.763.000) 2026-01-22 14:49:40 Finished transferring input files
...
001 (15697407.763.000) 2026-01-22 14:49:41 Job executing on host: <130.199.186.28:9618?addrs=130.199.186.28-9618&alias=spool1825.sdcc.bnl.gov&noUDP&sock=startd_94005_7ec9>
...
006 (15697407.763.000) 2026-01-22 14:49:50 Image size of job updated: 105328
	73  -  MemoryUsage of job (MB)
	73816  -  ResidentSetSize of job (KB)
...
006 (15697407.763.000) 2026-01-22 14:54:51 Image size of job updated: 450320
	95  -  MemoryUsage of job (MB)
	96652  -  ResidentSetSize of job (KB)
...
040 (15697407.763.000) 2026-01-22 14:57:22 Started transferring output files
...
040 (15697407.763.000) 2026-01-22 14:57:22 Finished transferring output files
...
005 (15697407.763.000) 2026-01-22 14:57:22 Job terminated.
	(1) Normal termination (return value 0)
		Usr 0 00:07:35, Sys 0 00:00:05  -  Run Remote Usage
		Usr 0 00:00:00, Sys 0 00:00:00  -  Run Local Usage
		Usr 0 00:07:35, Sys 0 00:00:05  -  Total Remote Usage
		Usr 0 00:00:00, Sys 0 00:00:00  -  Total Local Usage
	149  -  Run Bytes Sent By Job
	148880  -  Run Bytes Received By Job
	149  -  Total Bytes Sent By Job
	148880  -  Total Bytes Received By Job
	Partitionable Resources :    Usage  Request Allocated 
	   Cpus                 :     1.00        1         1 
	   Disk (KB)            :   163     2097152   6681577 
	   Memory (MB)          :    95        4096      4096 
	   xferslots            :                           0 

	Job terminated of its own accord at 2026-01-22T19:57:22Z with exit-code 0.
...
