000 (15560432.962.000) 2026-01-07 17:58:17 Job submitted from host: <130.199.48.129:9618?addrs=130.199.48.129-9618&alias=rcas6009.rcf.bnl.gov&noUDP&sock=schedd_22421_101d>
...
040 (15560432.962.000) 2026-01-07 20:58:50 Started transferring input files
	Transferring to host: <130.199.186.70:9618?addrs=130.199.186.70-9618&alias=spool1833.sdcc.bnl.gov&noUDP&sock=slot1_75_94191_05b8_186738>
...
040 (15560432.962.000) 2026-01-07 20:58:50 Finished transferring input files
...
001 (15560432.962.000) 2026-01-07 20:58:51 Job executing on host: <130.199.186.70:9618?addrs=130.199.186.70-9618&alias=spool1833.sdcc.bnl.gov&noUDP&sock=startd_94182_8376>
...
006 (15560432.962.000) 2026-01-07 20:59:00 Image size of job updated: 109576
	77  -  MemoryUsage of job (MB)
	78160  -  ResidentSetSize of job (KB)
...
006 (15560432.962.000) 2026-01-07 21:04:01 Image size of job updated: 424680
	98  -  MemoryUsage of job (MB)
	99644  -  ResidentSetSize of job (KB)
...
006 (15560432.962.000) 2026-01-07 21:07:47 Image size of job updated: 424832
	98  -  MemoryUsage of job (MB)
	99644  -  ResidentSetSize of job (KB)
...
040 (15560432.962.000) 2026-01-07 21:07:47 Started transferring output files
...
040 (15560432.962.000) 2026-01-07 21:07:47 Finished transferring output files
...
005 (15560432.962.000) 2026-01-07 21:07:47 Job terminated.
	(1) Normal termination (return value 0)
		Usr 0 00:08:47, Sys 0 00:00:07  -  Run Remote Usage
		Usr 0 00:00:00, Sys 0 00:00:00  -  Run Local Usage
		Usr 0 00:08:47, Sys 0 00:00:07  -  Total Remote Usage
		Usr 0 00:00:00, Sys 0 00:00:00  -  Total Local Usage
	233  -  Run Bytes Sent By Job
	144352  -  Run Bytes Received By Job
	233  -  Total Bytes Sent By Job
	144352  -  Total Bytes Received By Job
	Partitionable Resources :    Usage  Request Allocated 
	   Cpus                 :     0.99        1         1 
	   Disk (KB)            :   159     2097152   6681512 
	   Memory (MB)          :    98        4096      4096 
	   xferslots            :                           0 

	Job terminated of its own accord at 2026-01-08T02:07:47Z with exit-code 0.
...
