000 (15690120.766.000) 2026-01-20 07:35:56 Job submitted from host: <130.199.48.129:9618?addrs=130.199.48.129-9618&alias=rcas6009.rcf.bnl.gov&noUDP&sock=schedd_22421_101d>
...
040 (15690120.766.000) 2026-01-21 12:48:36 Started transferring input files
	Transferring to host: <130.199.186.89:9618?addrs=130.199.186.89-9618&alias=spool1852.sdcc.bnl.gov&noUDP&sock=slot1_10_94012_d731_383025>
...
040 (15690120.766.000) 2026-01-21 12:48:36 Finished transferring input files
...
001 (15690120.766.000) 2026-01-21 12:48:37 Job executing on host: <130.199.186.89:9618?addrs=130.199.186.89-9618&alias=spool1852.sdcc.bnl.gov&noUDP&sock=startd_94003_dcbe>
...
006 (15690120.766.000) 2026-01-21 12:48:46 Image size of job updated: 450256
	76  -  MemoryUsage of job (MB)
	77580  -  ResidentSetSize of job (KB)
...
040 (15690120.766.000) 2026-01-21 12:52:42 Started transferring output files
...
040 (15690120.766.000) 2026-01-21 12:52:42 Finished transferring output files
...
005 (15690120.766.000) 2026-01-21 12:52:42 Job terminated.
	(1) Normal termination (return value 0)
		Usr 0 00:04:00, Sys 0 00:00:03  -  Run Remote Usage
		Usr 0 00:00:00, Sys 0 00:00:00  -  Run Local Usage
		Usr 0 00:04:00, Sys 0 00:00:03  -  Total Remote Usage
		Usr 0 00:00:00, Sys 0 00:00:00  -  Total Local Usage
	109  -  Run Bytes Sent By Job
	148880  -  Run Bytes Received By Job
	109  -  Total Bytes Sent By Job
	148880  -  Total Bytes Received By Job
	Partitionable Resources :    Usage  Request Allocated 
	   Cpus                 :                 1         1 
	   Disk (KB)            :      157  2097152   6681569 
	   Memory (MB)          :       76     4096      4096 
	   xferslots            :                           0 

	Job terminated of its own accord at 2026-01-21T17:52:42Z with exit-code 0.
...
