000 (15560432.376.000) 2026-01-07 17:58:16 Job submitted from host: <130.199.48.129:9618?addrs=130.199.48.129-9618&alias=rcas6009.rcf.bnl.gov&noUDP&sock=schedd_22421_101d>
...
040 (15560432.376.000) 2026-01-07 20:30:47 Started transferring input files
	Transferring to host: <130.199.150.90:9618?addrs=130.199.150.90-9618&alias=spool1571.sdcc.bnl.gov&noUDP&sock=slot1_67_94964_d73c_182220>
...
040 (15560432.376.000) 2026-01-07 20:30:47 Finished transferring input files
...
001 (15560432.376.000) 2026-01-07 20:30:48 Job executing on host: <130.199.150.90:9618?addrs=130.199.150.90-9618&alias=spool1571.sdcc.bnl.gov&noUDP&sock=startd_94955_2884>
...
006 (15560432.376.000) 2026-01-07 20:30:57 Image size of job updated: 82776
	76  -  MemoryUsage of job (MB)
	77320  -  ResidentSetSize of job (KB)
...
006 (15560432.376.000) 2026-01-07 20:35:58 Image size of job updated: 424728
	98  -  MemoryUsage of job (MB)
	99820  -  ResidentSetSize of job (KB)
...
040 (15560432.376.000) 2026-01-07 20:39:47 Started transferring output files
...
040 (15560432.376.000) 2026-01-07 20:39:47 Finished transferring output files
...
005 (15560432.376.000) 2026-01-07 20:39:47 Job terminated.
	(1) Normal termination (return value 0)
		Usr 0 00:08:49, Sys 0 00:00:07  -  Run Remote Usage
		Usr 0 00:00:00, Sys 0 00:00:00  -  Run Local Usage
		Usr 0 00:08:49, Sys 0 00:00:07  -  Total Remote Usage
		Usr 0 00:00:00, Sys 0 00:00:00  -  Total Local Usage
	219  -  Run Bytes Sent By Job
	144352  -  Run Bytes Received By Job
	219  -  Total Bytes Sent By Job
	144352  -  Total Bytes Received By Job
	Partitionable Resources :    Usage  Request Allocated 
	   Cpus                 :     0.99        1         1 
	   Disk (KB)            :   159     2097152   6681189 
	   Memory (MB)          :    98        4096      4096 
	   xferslots            :                           0 

	Job terminated of its own accord at 2026-01-08T01:39:47Z with exit-code 0.
...
