000 (15560432.649.000) 2026-01-07 17:58:16 Job submitted from host: <130.199.48.129:9618?addrs=130.199.48.129-9618&alias=rcas6009.rcf.bnl.gov&noUDP&sock=schedd_22421_101d>
...
040 (15560432.649.000) 2026-01-07 20:51:47 Started transferring input files
	Transferring to host: <130.199.151.31:9618?addrs=130.199.151.31-9618&alias=spool1609.sdcc.bnl.gov&noUDP&sock=slot1_41_94980_a7e9_182215>
...
040 (15560432.649.000) 2026-01-07 20:51:47 Finished transferring input files
...
001 (15560432.649.000) 2026-01-07 20:51:48 Job executing on host: <130.199.151.31:9618?addrs=130.199.151.31-9618&alias=spool1609.sdcc.bnl.gov&noUDP&sock=startd_94972_89de>
...
006 (15560432.649.000) 2026-01-07 20:51:57 Image size of job updated: 423692
	65  -  MemoryUsage of job (MB)
	66376  -  ResidentSetSize of job (KB)
...
006 (15560432.649.000) 2026-01-07 20:52:08 Image size of job updated: 424348
	65  -  MemoryUsage of job (MB)
	66376  -  ResidentSetSize of job (KB)
...
040 (15560432.649.000) 2026-01-07 20:52:08 Started transferring output files
...
040 (15560432.649.000) 2026-01-07 20:52:08 Finished transferring output files
...
005 (15560432.649.000) 2026-01-07 20:52:08 Job terminated.
	(1) Normal termination (return value 0)
		Usr 0 00:00:17, Sys 0 00:00:00  -  Run Remote Usage
		Usr 0 00:00:00, Sys 0 00:00:00  -  Run Local Usage
		Usr 0 00:00:17, Sys 0 00:00:00  -  Total Remote Usage
		Usr 0 00:00:00, Sys 0 00:00:00  -  Total Local Usage
	44  -  Run Bytes Sent By Job
	144352  -  Run Bytes Received By Job
	44  -  Total Bytes Sent By Job
	144352  -  Total Bytes Received By Job
	Partitionable Resources :    Usage  Request Allocated 
	   Cpus                 :                 1         1 
	   Disk (KB)            :      153  2097152   6681162 
	   Memory (MB)          :       65     4096      4096 
	   xferslots            :                           0 

	Job terminated of its own accord at 2026-01-08T01:52:08Z with exit-code 0.
...
