000 (15697407.790.000) 2026-01-21 18:36:43 Job submitted from host: <130.199.48.129:9618?addrs=130.199.48.129-9618&alias=rcas6009.rcf.bnl.gov&noUDP&sock=schedd_22421_101d>
...
040 (15697407.790.000) 2026-01-22 15:08:39 Started transferring input files
	Transferring to host: <130.199.184.157:9618?addrs=130.199.184.157-9618&alias=spool1766.sdcc.bnl.gov&noUDP&sock=slot1_92_32409_60ec_292774>
...
040 (15697407.790.000) 2026-01-22 15:08:39 Finished transferring input files
...
001 (15697407.790.000) 2026-01-22 15:08:40 Job executing on host: <130.199.184.157:9618?addrs=130.199.184.157-9618&alias=spool1766.sdcc.bnl.gov&noUDP&sock=startd_32400_4a5c>
...
006 (15697407.790.000) 2026-01-22 15:08:48 Image size of job updated: 422876
	70  -  MemoryUsage of job (MB)
	71008  -  ResidentSetSize of job (KB)
...
006 (15697407.790.000) 2026-01-22 15:13:23 Image size of job updated: 424548
	70  -  MemoryUsage of job (MB)
	71008  -  ResidentSetSize of job (KB)
...
040 (15697407.790.000) 2026-01-22 15:13:23 Started transferring output files
...
040 (15697407.790.000) 2026-01-22 15:13:23 Finished transferring output files
...
005 (15697407.790.000) 2026-01-22 15:13:23 Job terminated.
	(1) Normal termination (return value 0)
		Usr 0 00:04:38, Sys 0 00:00:04  -  Run Remote Usage
		Usr 0 00:00:00, Sys 0 00:00:00  -  Run Local Usage
		Usr 0 00:04:38, Sys 0 00:00:04  -  Total Remote Usage
		Usr 0 00:00:00, Sys 0 00:00:00  -  Total Local Usage
	122  -  Run Bytes Sent By Job
	148880  -  Run Bytes Received By Job
	122  -  Total Bytes Sent By Job
	148880  -  Total Bytes Received By Job
	Partitionable Resources :    Usage  Request Allocated 
	   Cpus                 :     0.99        1         1 
	   Disk (KB)            :   164     2097152   6681523 
	   Memory (MB)          :    70        4096      4096 
	   xferslots            :                           0 

	Job terminated of its own accord at 2026-01-22T20:13:23Z with exit-code 0.
...
