000 (15684821.144.000) 2026-01-19 15:56:20 Job submitted from host: <130.199.48.129:9618?addrs=130.199.48.129-9618&alias=rcas6009.rcf.bnl.gov&noUDP&sock=schedd_22421_101d>
...
040 (15684821.144.000) 2026-01-19 16:05:05 Started transferring input files
	Transferring to host: <130.199.186.90:9618?addrs=130.199.186.90-9618&alias=spool1853.sdcc.bnl.gov&noUDP&sock=slot1_86_95758_2aa3_243947>
...
040 (15684821.144.000) 2026-01-19 16:05:05 Finished transferring input files
...
001 (15684821.144.000) 2026-01-19 16:05:06 Job executing on host: <130.199.186.90:9618?addrs=130.199.186.90-9618&alias=spool1853.sdcc.bnl.gov&noUDP&sock=startd_95750_c406>
...
006 (15684821.144.000) 2026-01-19 16:05:14 Image size of job updated: 108428
	76  -  MemoryUsage of job (MB)
	77500  -  ResidentSetSize of job (KB)
...
006 (15684821.144.000) 2026-01-19 16:10:14 Image size of job updated: 447968
	114  -  MemoryUsage of job (MB)
	115800  -  ResidentSetSize of job (KB)
...
040 (15684821.144.000) 2026-01-19 16:29:07 Started transferring output files
...
040 (15684821.144.000) 2026-01-19 16:29:07 Finished transferring output files
...
005 (15684821.144.000) 2026-01-19 16:29:07 Job terminated.
	(1) Normal termination (return value 0)
		Usr 0 00:22:13, Sys 0 00:00:14  -  Run Remote Usage
		Usr 0 00:00:00, Sys 0 00:00:00  -  Run Local Usage
		Usr 0 00:22:13, Sys 0 00:00:14  -  Total Remote Usage
		Usr 0 00:00:00, Sys 0 00:00:00  -  Total Local Usage
	233  -  Run Bytes Sent By Job
	148880  -  Run Bytes Received By Job
	233  -  Total Bytes Sent By Job
	148880  -  Total Bytes Received By Job
	Partitionable Resources :    Usage  Request Allocated 
	   Cpus                 :     0.97        1         1 
	   Disk (KB)            :   163     2097152   6681587 
	   Memory (MB)          :   114        4096      4096 
	   xferslots            :                           0 

	Job terminated of its own accord at 2026-01-19T21:29:07Z with exit-code 0.
...
