000 (16235385.290.000) 2026-01-23 10:57:27 Job submitted from host: <130.199.48.128:9618?addrs=130.199.48.128-9618&alias=rcas6008.rcf.bnl.gov&noUDP&sock=schedd_18725_535a>
...
040 (16235385.290.000) 2026-01-23 12:01:59 Started transferring input files
	Transferring to host: <130.199.151.11:9618?addrs=130.199.151.11-9618&alias=spool1589.sdcc.bnl.gov&noUDP&sock=slot1_67_95006_db01_264458>
...
040 (16235385.290.000) 2026-01-23 12:01:59 Finished transferring input files
...
001 (16235385.290.000) 2026-01-23 12:02:00 Job executing on host: <130.199.151.11:9618?addrs=130.199.151.11-9618&alias=spool1589.sdcc.bnl.gov&noUDP&sock=startd_94997_7363>
...
006 (16235385.290.000) 2026-01-23 12:02:08 Image size of job updated: 419992
	62  -  MemoryUsage of job (MB)
	62804  -  ResidentSetSize of job (KB)
...
006 (16235385.290.000) 2026-01-23 12:02:26 Image size of job updated: 421320
	62  -  MemoryUsage of job (MB)
	62804  -  ResidentSetSize of job (KB)
...
040 (16235385.290.000) 2026-01-23 12:02:26 Started transferring output files
...
040 (16235385.290.000) 2026-01-23 12:02:26 Finished transferring output files
...
005 (16235385.290.000) 2026-01-23 12:02:26 Job terminated.
	(1) Normal termination (return value 0)
		Usr 0 00:00:24, Sys 0 00:00:00  -  Run Remote Usage
		Usr 0 00:00:00, Sys 0 00:00:00  -  Run Local Usage
		Usr 0 00:00:24, Sys 0 00:00:00  -  Total Remote Usage
		Usr 0 00:00:00, Sys 0 00:00:00  -  Total Local Usage
	44  -  Run Bytes Sent By Job
	148880  -  Run Bytes Received By Job
	44  -  Total Bytes Sent By Job
	148880  -  Total Bytes Received By Job
	Partitionable Resources :    Usage  Request Allocated 
	   Cpus                 :                 1         1 
	   Disk (KB)            :      157  2097152   6681175 
	   Memory (MB)          :       62     4096      4096 
	   xferslots            :                           0 

	Job terminated of its own accord at 2026-01-23T17:02:26Z with exit-code 0.
...
