000 (15560432.942.000) 2026-01-07 17:58:17 Job submitted from host: <130.199.48.129:9618?addrs=130.199.48.129-9618&alias=rcas6009.rcf.bnl.gov&noUDP&sock=schedd_22421_101d>
...
040 (15560432.942.000) 2026-01-07 20:58:26 Started transferring input files
	Transferring to host: <130.199.151.30:9618?addrs=130.199.151.30-9618&alias=spool1608.sdcc.bnl.gov&noUDP&sock=slot1_9_96495_66a3_188047>
...
040 (15560432.942.000) 2026-01-07 20:58:26 Finished transferring input files
...
001 (15560432.942.000) 2026-01-07 20:58:27 Job executing on host: <130.199.151.30:9618?addrs=130.199.151.30-9618&alias=spool1608.sdcc.bnl.gov&noUDP&sock=startd_96487_0455>
...
006 (15560432.942.000) 2026-01-07 20:58:35 Image size of job updated: 422940
	70  -  MemoryUsage of job (MB)
	71604  -  ResidentSetSize of job (KB)
...
006 (15560432.942.000) 2026-01-07 20:59:22 Image size of job updated: 424292
	70  -  MemoryUsage of job (MB)
	71604  -  ResidentSetSize of job (KB)
...
040 (15560432.942.000) 2026-01-07 20:59:22 Started transferring output files
...
040 (15560432.942.000) 2026-01-07 20:59:22 Finished transferring output files
...
005 (15560432.942.000) 2026-01-07 20:59:22 Job terminated.
	(1) Normal termination (return value 0)
		Usr 0 00:00:52, Sys 0 00:00:01  -  Run Remote Usage
		Usr 0 00:00:00, Sys 0 00:00:00  -  Run Local Usage
		Usr 0 00:00:52, Sys 0 00:00:01  -  Total Remote Usage
		Usr 0 00:00:00, Sys 0 00:00:00  -  Total Local Usage
	70  -  Run Bytes Sent By Job
	144352  -  Run Bytes Received By Job
	70  -  Total Bytes Sent By Job
	144352  -  Total Bytes Received By Job
	Partitionable Resources :    Usage  Request Allocated 
	   Cpus                 :                 1         1 
	   Disk (KB)            :      153  2097152   6681194 
	   Memory (MB)          :       70     4096      4096 
	   xferslots            :                           0 

	Job terminated of its own accord at 2026-01-08T01:59:22Z with exit-code 0.
...
