000 (16235385.000.000) 2026-01-23 10:57:25 Job submitted from host: <130.199.48.128:9618?addrs=130.199.48.128-9618&alias=rcas6008.rcf.bnl.gov&noUDP&sock=schedd_18725_535a>
...
040 (16235385.000.000) 2026-01-23 10:57:47 Started transferring input files
	Transferring to host: <130.199.186.71:9618?addrs=130.199.186.71-9618&alias=spool1834.sdcc.bnl.gov&noUDP&sock=slot1_14_94147_87df_346175>
...
040 (16235385.000.000) 2026-01-23 10:57:47 Finished transferring input files
...
001 (16235385.000.000) 2026-01-23 10:57:48 Job executing on host: <130.199.186.71:9618?addrs=130.199.186.71-9618&alias=spool1834.sdcc.bnl.gov&noUDP&sock=startd_94139_e791>
...
006 (16235385.000.000) 2026-01-23 10:57:57 Image size of job updated: 95336
	76  -  MemoryUsage of job (MB)
	77160  -  ResidentSetSize of job (KB)
...
006 (16235385.000.000) 2026-01-23 11:00:57 Image size of job updated: 424216
	76  -  MemoryUsage of job (MB)
	77160  -  ResidentSetSize of job (KB)
...
040 (16235385.000.000) 2026-01-23 11:00:58 Started transferring output files
...
040 (16235385.000.000) 2026-01-23 11:00:58 Finished transferring output files
...
005 (16235385.000.000) 2026-01-23 11:00:58 Job terminated.
	(1) Normal termination (return value 0)
		Usr 0 00:03:06, Sys 0 00:00:02  -  Run Remote Usage
		Usr 0 00:00:00, Sys 0 00:00:00  -  Run Local Usage
		Usr 0 00:03:06, Sys 0 00:00:02  -  Total Remote Usage
		Usr 0 00:00:00, Sys 0 00:00:00  -  Total Local Usage
	122  -  Run Bytes Sent By Job
	148880  -  Run Bytes Received By Job
	122  -  Total Bytes Sent By Job
	148880  -  Total Bytes Received By Job
	Partitionable Resources :    Usage  Request Allocated 
	   Cpus                 :     1.00        1         1 
	   Disk (KB)            :   163     2097152   6681572 
	   Memory (MB)          :    76        4096      4096 
	   xferslots            :                           0 

	Job terminated of its own accord at 2026-01-23T16:00:57Z with exit-code 0.
...
