000 (15697407.863.000) 2026-01-21 18:36:43 Job submitted from host: <130.199.48.129:9618?addrs=130.199.48.129-9618&alias=rcas6009.rcf.bnl.gov&noUDP&sock=schedd_22421_101d>
...
040 (15697407.863.000) 2026-01-22 15:51:38 Started transferring input files
	Transferring to host: <130.199.186.23:9618?addrs=130.199.186.23-9618&alias=spool1820.sdcc.bnl.gov&noUDP&sock=slot1_30_94137_2573_258574>
...
040 (15697407.863.000) 2026-01-22 15:51:38 Finished transferring input files
...
001 (15697407.863.000) 2026-01-22 15:51:39 Job executing on host: <130.199.186.23:9618?addrs=130.199.186.23-9618&alias=spool1820.sdcc.bnl.gov&noUDP&sock=startd_94129_bd5c>
...
006 (15697407.863.000) 2026-01-22 15:51:47 Image size of job updated: 100972
	67  -  MemoryUsage of job (MB)
	68504  -  ResidentSetSize of job (KB)
...
006 (15697407.863.000) 2026-01-22 15:56:25 Image size of job updated: 450320
	67  -  MemoryUsage of job (MB)
	68504  -  ResidentSetSize of job (KB)
...
040 (15697407.863.000) 2026-01-22 15:56:26 Started transferring output files
...
040 (15697407.863.000) 2026-01-22 15:56:26 Finished transferring output files
...
005 (15697407.863.000) 2026-01-22 15:56:26 Job terminated.
	(1) Normal termination (return value 0)
		Usr 0 00:04:42, Sys 0 00:00:03  -  Run Remote Usage
		Usr 0 00:00:00, Sys 0 00:00:00  -  Run Local Usage
		Usr 0 00:04:42, Sys 0 00:00:03  -  Total Remote Usage
		Usr 0 00:00:00, Sys 0 00:00:00  -  Total Local Usage
	122  -  Run Bytes Sent By Job
	148880  -  Run Bytes Received By Job
	122  -  Total Bytes Sent By Job
	148880  -  Total Bytes Received By Job
	Partitionable Resources :    Usage  Request Allocated 
	   Cpus                 :     0.99        1         1 
	   Disk (KB)            :   164     2097152   6681582 
	   Memory (MB)          :    67        4096      4096 
	   xferslots            :                           0 

	Job terminated of its own accord at 2026-01-22T20:56:25Z with exit-code 0.
...
