000 (15560432.592.000) 2026-01-07 17:58:16 Job submitted from host: <130.199.48.129:9618?addrs=130.199.48.129-9618&alias=rcas6009.rcf.bnl.gov&noUDP&sock=schedd_22421_101d>
...
040 (15560432.592.000) 2026-01-07 20:50:19 Started transferring input files
	Transferring to host: <130.199.151.31:9618?addrs=130.199.151.31-9618&alias=spool1609.sdcc.bnl.gov&noUDP&sock=slot1_31_94980_a7e9_182212>
...
040 (15560432.592.000) 2026-01-07 20:50:19 Finished transferring input files
...
001 (15560432.592.000) 2026-01-07 20:50:20 Job executing on host: <130.199.151.31:9618?addrs=130.199.151.31-9618&alias=spool1609.sdcc.bnl.gov&noUDP&sock=startd_94972_89de>
...
006 (15560432.592.000) 2026-01-07 20:50:28 Image size of job updated: 422772
	79  -  MemoryUsage of job (MB)
	80696  -  ResidentSetSize of job (KB)
...
006 (15560432.592.000) 2026-01-07 20:55:28 Image size of job updated: 424880
	100  -  MemoryUsage of job (MB)
	102240  -  ResidentSetSize of job (KB)
...
006 (15560432.592.000) 2026-01-07 21:00:29 Image size of job updated: 424880
	100  -  MemoryUsage of job (MB)
	102304  -  ResidentSetSize of job (KB)
...
040 (15560432.592.000) 2026-01-07 21:00:31 Started transferring output files
...
040 (15560432.592.000) 2026-01-07 21:00:31 Finished transferring output files
...
005 (15560432.592.000) 2026-01-07 21:00:31 Job terminated.
	(1) Normal termination (return value 0)
		Usr 0 00:10:00, Sys 0 00:00:08  -  Run Remote Usage
		Usr 0 00:00:00, Sys 0 00:00:00  -  Run Local Usage
		Usr 0 00:10:00, Sys 0 00:00:08  -  Total Remote Usage
		Usr 0 00:00:00, Sys 0 00:00:00  -  Total Local Usage
	247  -  Run Bytes Sent By Job
	144352  -  Run Bytes Received By Job
	247  -  Total Bytes Sent By Job
	144352  -  Total Bytes Received By Job
	Partitionable Resources :    Usage  Request Allocated 
	   Cpus                 :     0.99        1         1 
	   Disk (KB)            :   159     2097152   6681162 
	   Memory (MB)          :   100        4096      4096 
	   xferslots            :                           0 

	Job terminated of its own accord at 2026-01-08T02:00:31Z with exit-code 0.
...
