000 (15684821.579.000) 2026-01-19 15:56:21 Job submitted from host: <130.199.48.129:9618?addrs=130.199.48.129-9618&alias=rcas6009.rcf.bnl.gov&noUDP&sock=schedd_22421_101d>
...
040 (15684821.579.000) 2026-01-19 16:24:19 Started transferring input files
	Transferring to host: <130.199.150.81:9618?addrs=130.199.150.81-9618&alias=spool1562.sdcc.bnl.gov&noUDP&sock=slot1_39_95126_780d_230975>
...
040 (15684821.579.000) 2026-01-19 16:24:19 Finished transferring input files
...
001 (15684821.579.000) 2026-01-19 16:24:20 Job executing on host: <130.199.150.81:9618?addrs=130.199.150.81-9618&alias=spool1562.sdcc.bnl.gov&noUDP&sock=startd_95117_6de1>
...
006 (15684821.579.000) 2026-01-19 16:24:29 Image size of job updated: 330464
	79  -  MemoryUsage of job (MB)
	80504  -  ResidentSetSize of job (KB)
...
006 (15684821.579.000) 2026-01-19 16:29:30 Image size of job updated: 450284
	119  -  MemoryUsage of job (MB)
	121064  -  ResidentSetSize of job (KB)
...
040 (15684821.579.000) 2026-01-19 16:50:40 Started transferring output files
...
040 (15684821.579.000) 2026-01-19 16:50:40 Finished transferring output files
...
005 (15684821.579.000) 2026-01-19 16:50:40 Job terminated.
	(1) Normal termination (return value 0)
		Usr 0 00:25:35, Sys 0 00:00:17  -  Run Remote Usage
		Usr 0 00:00:00, Sys 0 00:00:00  -  Run Local Usage
		Usr 0 00:25:35, Sys 0 00:00:17  -  Total Remote Usage
		Usr 0 00:00:00, Sys 0 00:00:00  -  Total Local Usage
	247  -  Run Bytes Sent By Job
	148880  -  Run Bytes Received By Job
	247  -  Total Bytes Sent By Job
	148880  -  Total Bytes Received By Job
	Partitionable Resources :    Usage  Request Allocated 
	   Cpus                 :     0.99        1         1 
	   Disk (KB)            :   163     2097152   6681130 
	   Memory (MB)          :   119        4096      4096 
	   xferslots            :                           0 

	Job terminated of its own accord at 2026-01-19T21:50:40Z with exit-code 0.
...
