000 (15690120.157.000) 2026-01-20 07:35:55 Job submitted from host: <130.199.48.129:9618?addrs=130.199.48.129-9618&alias=rcas6009.rcf.bnl.gov&noUDP&sock=schedd_22421_101d>
...
040 (15690120.157.000) 2026-01-20 23:16:36 Started transferring input files
	Transferring to host: <130.199.186.70:9618?addrs=130.199.186.70-9618&alias=spool1833.sdcc.bnl.gov&noUDP&sock=slot1_62_94191_05b8_240537>
...
040 (15690120.157.000) 2026-01-20 23:16:36 Finished transferring input files
...
001 (15690120.157.000) 2026-01-20 23:16:37 Job executing on host: <130.199.186.70:9618?addrs=130.199.186.70-9618&alias=spool1833.sdcc.bnl.gov&noUDP&sock=startd_94182_8376>
...
006 (15690120.157.000) 2026-01-20 23:16:46 Image size of job updated: 692188
	92  -  MemoryUsage of job (MB)
	93728  -  ResidentSetSize of job (KB)
...
006 (15690120.157.000) 2026-01-20 23:21:46 Image size of job updated: 696336
	137  -  MemoryUsage of job (MB)
	139380  -  ResidentSetSize of job (KB)
...
006 (15690120.157.000) 2026-01-20 23:26:46 Image size of job updated: 696336
	137  -  MemoryUsage of job (MB)
	139384  -  ResidentSetSize of job (KB)
...
006 (15690120.157.000) 2026-01-20 23:31:47 Image size of job updated: 696336
	137  -  MemoryUsage of job (MB)
	140116  -  ResidentSetSize of job (KB)
...
006 (15690120.157.000) 2026-01-20 23:36:47 Image size of job updated: 696336
	137  -  MemoryUsage of job (MB)
	140124  -  ResidentSetSize of job (KB)
...
006 (15690120.157.000) 2026-01-21 00:11:51 Image size of job updated: 696336
	140  -  MemoryUsage of job (MB)
	142764  -  ResidentSetSize of job (KB)
...
040 (15690120.157.000) 2026-01-21 00:13:03 Started transferring output files
...
040 (15690120.157.000) 2026-01-21 00:13:03 Finished transferring output files
...
005 (15690120.157.000) 2026-01-21 00:13:03 Job terminated.
	(1) Normal termination (return value 0)
		Usr 0 00:53:38, Sys 0 00:02:10  -  Run Remote Usage
		Usr 0 00:00:00, Sys 0 00:00:00  -  Run Local Usage
		Usr 0 00:53:38, Sys 0 00:02:10  -  Total Remote Usage
		Usr 0 00:00:00, Sys 0 00:00:00  -  Total Local Usage
	373  -  Run Bytes Sent By Job
	148880  -  Run Bytes Received By Job
	373  -  Total Bytes Sent By Job
	148880  -  Total Bytes Received By Job
	Partitionable Resources :    Usage  Request Allocated 
	   Cpus                 :     0.99        1         1 
	   Disk (KB)            :   164     2097152   6681512 
	   Memory (MB)          :   140        4096      4096 
	   xferslots            :                           0 

	Job terminated of its own accord at 2026-01-21T05:13:02Z with exit-code 0.
...
