000 (15564188.799.000) 2026-01-07 21:29:41 Job submitted from host: <130.199.48.129:9618?addrs=130.199.48.129-9618&alias=rcas6009.rcf.bnl.gov&noUDP&sock=schedd_22421_101d>
...
040 (15564188.799.000) 2026-01-08 01:52:05 Started transferring input files
	Transferring to host: <130.199.186.75:9618?addrs=130.199.186.75-9618&alias=spool1838.sdcc.bnl.gov&noUDP&sock=slot1_13_24044_480e_193903>
...
040 (15564188.799.000) 2026-01-08 01:52:05 Finished transferring input files
...
001 (15564188.799.000) 2026-01-08 01:52:06 Job executing on host: <130.199.186.75:9618?addrs=130.199.186.75-9618&alias=spool1838.sdcc.bnl.gov&noUDP&sock=startd_24036_30a7>
...
006 (15564188.799.000) 2026-01-08 01:52:14 Image size of job updated: 338256
	50  -  MemoryUsage of job (MB)
	50320  -  ResidentSetSize of job (KB)
...
006 (15564188.799.000) 2026-01-08 01:56:44 Image size of job updated: 447976
	50  -  MemoryUsage of job (MB)
	50364  -  ResidentSetSize of job (KB)
...
040 (15564188.799.000) 2026-01-08 01:56:44 Started transferring output files
...
040 (15564188.799.000) 2026-01-08 01:56:44 Finished transferring output files
...
005 (15564188.799.000) 2026-01-08 01:56:44 Job terminated.
	(1) Normal termination (return value 0)
		Usr 0 00:04:05, Sys 0 00:00:05  -  Run Remote Usage
		Usr 0 00:00:00, Sys 0 00:00:00  -  Run Local Usage
		Usr 0 00:04:05, Sys 0 00:00:05  -  Total Remote Usage
		Usr 0 00:00:00, Sys 0 00:00:00  -  Total Local Usage
	149  -  Run Bytes Sent By Job
	144352  -  Run Bytes Received By Job
	149  -  Total Bytes Sent By Job
	144352  -  Total Bytes Received By Job
	Partitionable Resources :    Usage  Request Allocated 
	   Cpus                 :     0.83        1         1 
	   Disk (KB)            :   159     2097152   6681575 
	   Memory (MB)          :    50        4096      4096 
	   xferslots            :                           0 

	Job terminated of its own accord at 2026-01-08T06:56:44Z with exit-code 0.
...
