000 (15564188.138.000) 2026-01-07 21:29:39 Job submitted from host: <130.199.48.129:9618?addrs=130.199.48.129-9618&alias=rcas6009.rcf.bnl.gov&noUDP&sock=schedd_22421_101d>
...
040 (15564188.138.000) 2026-01-07 23:51:36 Started transferring input files
	Transferring to host: <130.199.186.27:9618?addrs=130.199.186.27-9618&alias=spool1824.sdcc.bnl.gov&noUDP&sock=slot1_95_94218_f5db_183031>
...
040 (15564188.138.000) 2026-01-07 23:51:36 Finished transferring input files
...
001 (15564188.138.000) 2026-01-07 23:51:37 Job executing on host: <130.199.186.27:9618?addrs=130.199.186.27-9618&alias=spool1824.sdcc.bnl.gov&noUDP&sock=startd_94209_0f05>
...
006 (15564188.138.000) 2026-01-07 23:51:46 Image size of job updated: 119480
	87  -  MemoryUsage of job (MB)
	88584  -  ResidentSetSize of job (KB)
...
006 (15564188.138.000) 2026-01-07 23:56:46 Image size of job updated: 693056
	128  -  MemoryUsage of job (MB)
	130540  -  ResidentSetSize of job (KB)
...
006 (15564188.138.000) 2026-01-08 00:01:46 Image size of job updated: 693056
	128  -  MemoryUsage of job (MB)
	130652  -  ResidentSetSize of job (KB)
...
040 (15564188.138.000) 2026-01-08 00:15:37 Started transferring output files
...
040 (15564188.138.000) 2026-01-08 00:15:37 Finished transferring output files
...
005 (15564188.138.000) 2026-01-08 00:15:38 Job terminated.
	(1) Normal termination (return value 0)
		Usr 0 00:20:49, Sys 0 00:00:57  -  Run Remote Usage
		Usr 0 00:00:00, Sys 0 00:00:00  -  Run Local Usage
		Usr 0 00:20:49, Sys 0 00:00:57  -  Total Remote Usage
		Usr 0 00:00:00, Sys 0 00:00:00  -  Total Local Usage
	345  -  Run Bytes Sent By Job
	144352  -  Run Bytes Received By Job
	345  -  Total Bytes Sent By Job
	144352  -  Total Bytes Received By Job
	Partitionable Resources :    Usage  Request Allocated 
	   Cpus                 :     0.86        1         1 
	   Disk (KB)            :   159     2097152   6681576 
	   Memory (MB)          :   128        4096      4096 
	   xferslots            :                           0 

	Job terminated of its own accord at 2026-01-08T05:15:37Z with exit-code 0.
...
