000 (15554417.791.000) 2026-01-07 12:44:34 Job submitted from host: <130.199.48.129:9618?addrs=130.199.48.129-9618&alias=rcas6009.rcf.bnl.gov&noUDP&sock=schedd_22421_101d>
...
040 (15554417.791.000) 2026-01-07 14:02:30 Started transferring input files
	Transferring to host: <130.199.151.6:9618?addrs=130.199.151.6-9618&alias=spool1584.sdcc.bnl.gov&noUDP&sock=slot1_44_55322_61bc_184730>
...
040 (15554417.791.000) 2026-01-07 14:02:30 Finished transferring input files
...
001 (15554417.791.000) 2026-01-07 14:02:31 Job executing on host: <130.199.151.6:9618?addrs=130.199.151.6-9618&alias=spool1584.sdcc.bnl.gov&noUDP&sock=startd_55314_483e>
...
006 (15554417.791.000) 2026-01-07 14:02:40 Image size of job updated: 421548
	75  -  MemoryUsage of job (MB)
	76252  -  ResidentSetSize of job (KB)
...
006 (15554417.791.000) 2026-01-07 14:04:25 Image size of job updated: 450652
	75  -  MemoryUsage of job (MB)
	76252  -  ResidentSetSize of job (KB)
...
040 (15554417.791.000) 2026-01-07 14:04:25 Started transferring output files
...
040 (15554417.791.000) 2026-01-07 14:04:25 Finished transferring output files
...
005 (15554417.791.000) 2026-01-07 14:04:25 Job terminated.
	(1) Normal termination (return value 0)
		Usr 0 00:01:51, Sys 0 00:00:01  -  Run Remote Usage
		Usr 0 00:00:00, Sys 0 00:00:00  -  Run Local Usage
		Usr 0 00:01:51, Sys 0 00:00:01  -  Total Remote Usage
		Usr 0 00:00:00, Sys 0 00:00:00  -  Total Local Usage
	109  -  Run Bytes Sent By Job
	144352  -  Run Bytes Received By Job
	109  -  Total Bytes Sent By Job
	144352  -  Total Bytes Received By Job
	Partitionable Resources :    Usage  Request Allocated 
	   Cpus                 :                 1         1 
	   Disk (KB)            :      152  2097152   6681172 
	   Memory (MB)          :       75     4096      4096 
	   xferslots            :                           0 

	Job terminated of its own accord at 2026-01-07T19:04:25Z with exit-code 0.
...
