000 (15697407.1214.000) 2026-01-21 18:36:44 Job submitted from host: <130.199.48.129:9618?addrs=130.199.48.129-9618&alias=rcas6009.rcf.bnl.gov&noUDP&sock=schedd_22421_101d>
...
040 (15697407.1214.000) 2026-01-22 19:17:24 Started transferring input files
	Transferring to host: <130.199.186.88:9618?addrs=130.199.186.88-9618&alias=spool1851.sdcc.bnl.gov&noUDP&sock=slot1_12_96118_01c7_321643>
...
040 (15697407.1214.000) 2026-01-22 19:17:24 Finished transferring input files
...
001 (15697407.1214.000) 2026-01-22 19:17:25 Job executing on host: <130.199.186.88:9618?addrs=130.199.186.88-9618&alias=spool1851.sdcc.bnl.gov&noUDP&sock=startd_96110_b380>
...
006 (15697407.1214.000) 2026-01-22 19:17:34 Image size of job updated: 422208
	72  -  MemoryUsage of job (MB)
	72944  -  ResidentSetSize of job (KB)
...
006 (15697407.1214.000) 2026-01-22 19:22:35 Image size of job updated: 450852
	98  -  MemoryUsage of job (MB)
	99648  -  ResidentSetSize of job (KB)
...
040 (15697407.1214.000) 2026-01-22 19:25:18 Started transferring output files
...
040 (15697407.1214.000) 2026-01-22 19:25:18 Finished transferring output files
...
005 (15697407.1214.000) 2026-01-22 19:25:18 Job terminated.
	(1) Normal termination (return value 0)
		Usr 0 00:07:18, Sys 0 00:00:06  -  Run Remote Usage
		Usr 0 00:00:00, Sys 0 00:00:00  -  Run Local Usage
		Usr 0 00:07:18, Sys 0 00:00:06  -  Total Remote Usage
		Usr 0 00:00:00, Sys 0 00:00:00  -  Total Local Usage
	163  -  Run Bytes Sent By Job
	148880  -  Run Bytes Received By Job
	163  -  Total Bytes Sent By Job
	148880  -  Total Bytes Received By Job
	Partitionable Resources :    Usage  Request Allocated 
	   Cpus                 :     1.00        1         1 
	   Disk (KB)            :   164     2097152   6681618 
	   Memory (MB)          :    98        4096      4096 
	   xferslots            :                           0 

	Job terminated of its own accord at 2026-01-23T00:25:18Z with exit-code 0.
...
