000 (15564188.1024.000) 2026-01-07 21:29:41 Job submitted from host: <130.199.48.129:9618?addrs=130.199.48.129-9618&alias=rcas6009.rcf.bnl.gov&noUDP&sock=schedd_22421_101d>
...
040 (15564188.1024.000) 2026-01-08 02:04:51 Started transferring input files
	Transferring to host: <130.199.151.10:9618?addrs=130.199.151.10-9618&alias=spool1588.sdcc.bnl.gov&noUDP&sock=slot1_31_94958_68fc_196471>
...
040 (15564188.1024.000) 2026-01-08 02:04:51 Finished transferring input files
...
001 (15564188.1024.000) 2026-01-08 02:04:52 Job executing on host: <130.199.151.10:9618?addrs=130.199.151.10-9618&alias=spool1588.sdcc.bnl.gov&noUDP&sock=startd_94950_9369>
...
006 (15564188.1024.000) 2026-01-08 02:05:01 Image size of job updated: 449588
	66  -  MemoryUsage of job (MB)
	67508  -  ResidentSetSize of job (KB)
...
040 (15564188.1024.000) 2026-01-08 02:05:17 Started transferring output files
...
040 (15564188.1024.000) 2026-01-08 02:05:17 Finished transferring output files
...
005 (15564188.1024.000) 2026-01-08 02:05:17 Job terminated.
	(1) Normal termination (return value 0)
		Usr 0 00:00:16, Sys 0 00:00:00  -  Run Remote Usage
		Usr 0 00:00:00, Sys 0 00:00:00  -  Run Local Usage
		Usr 0 00:00:16, Sys 0 00:00:00  -  Total Remote Usage
		Usr 0 00:00:00, Sys 0 00:00:00  -  Total Local Usage
	44  -  Run Bytes Sent By Job
	144352  -  Run Bytes Received By Job
	44  -  Total Bytes Sent By Job
	144352  -  Total Bytes Received By Job
	Partitionable Resources :    Usage  Request Allocated 
	   Cpus                 :                 1         1 
	   Disk (KB)            :      153  2097152   6681185 
	   Memory (MB)          :       66     4096      4096 
	   xferslots            :                           0 

	Job terminated of its own accord at 2026-01-08T07:05:17Z with exit-code 0.
...
