000 (15560432.776.000) 2026-01-07 17:58:17 Job submitted from host: <130.199.48.129:9618?addrs=130.199.48.129-9618&alias=rcas6009.rcf.bnl.gov&noUDP&sock=schedd_22421_101d>
...
040 (15560432.776.000) 2026-01-07 20:54:27 Started transferring input files
	Transferring to host: <130.199.150.86:9618?addrs=130.199.150.86-9618&alias=spool1567.sdcc.bnl.gov&noUDP&sock=slot1_9_23144_ae33_190394>
...
040 (15560432.776.000) 2026-01-07 20:54:27 Finished transferring input files
...
001 (15560432.776.000) 2026-01-07 20:54:28 Job executing on host: <130.199.150.86:9618?addrs=130.199.150.86-9618&alias=spool1567.sdcc.bnl.gov&noUDP&sock=startd_23135_08f1>
...
006 (15560432.776.000) 2026-01-07 20:54:37 Image size of job updated: 105376
	73  -  MemoryUsage of job (MB)
	73968  -  ResidentSetSize of job (KB)
...
006 (15560432.776.000) 2026-01-07 20:59:38 Image size of job updated: 424528
	90  -  MemoryUsage of job (MB)
	91264  -  ResidentSetSize of job (KB)
...
040 (15560432.776.000) 2026-01-07 21:00:34 Started transferring output files
...
040 (15560432.776.000) 2026-01-07 21:00:34 Finished transferring output files
...
005 (15560432.776.000) 2026-01-07 21:00:34 Job terminated.
	(1) Normal termination (return value 0)
		Usr 0 00:05:59, Sys 0 00:00:05  -  Run Remote Usage
		Usr 0 00:00:00, Sys 0 00:00:00  -  Run Local Usage
		Usr 0 00:05:59, Sys 0 00:00:05  -  Total Remote Usage
		Usr 0 00:00:00, Sys 0 00:00:00  -  Total Local Usage
	177  -  Run Bytes Sent By Job
	144352  -  Run Bytes Received By Job
	177  -  Total Bytes Sent By Job
	144352  -  Total Bytes Received By Job
	Partitionable Resources :    Usage  Request Allocated 
	   Cpus                 :     0.99        1         1 
	   Disk (KB)            :   159     2097152   6681178 
	   Memory (MB)          :    90        4096      4096 
	   xferslots            :                           0 

	Job terminated of its own accord at 2026-01-08T02:00:34Z with exit-code 0.
...
