000 (15560432.1212.000) 2026-01-07 17:58:18 Job submitted from host: <130.199.48.129:9618?addrs=130.199.48.129-9618&alias=rcas6009.rcf.bnl.gov&noUDP&sock=schedd_22421_101d>
...
040 (15560432.1212.000) 2026-01-07 21:02:34 Started transferring input files
	Transferring to host: <130.199.184.153:9618?addrs=130.199.184.153-9618&alias=spool1762.sdcc.bnl.gov&noUDP&sock=slot1_90_4843_6363_187592>
...
040 (15560432.1212.000) 2026-01-07 21:02:34 Finished transferring input files
...
001 (15560432.1212.000) 2026-01-07 21:02:35 Job executing on host: <130.199.184.153:9618?addrs=130.199.184.153-9618&alias=spool1762.sdcc.bnl.gov&noUDP&sock=startd_4834_ffdc>
...
006 (15560432.1212.000) 2026-01-07 21:02:44 Image size of job updated: 109896
	76  -  MemoryUsage of job (MB)
	77424  -  ResidentSetSize of job (KB)
...
006 (15560432.1212.000) 2026-01-07 21:04:03 Image size of job updated: 424288
	76  -  MemoryUsage of job (MB)
	77424  -  ResidentSetSize of job (KB)
...
040 (15560432.1212.000) 2026-01-07 21:04:03 Started transferring output files
...
040 (15560432.1212.000) 2026-01-07 21:04:03 Finished transferring output files
...
005 (15560432.1212.000) 2026-01-07 21:04:03 Job terminated.
	(1) Normal termination (return value 0)
		Usr 0 00:01:23, Sys 0 00:00:01  -  Run Remote Usage
		Usr 0 00:00:00, Sys 0 00:00:00  -  Run Local Usage
		Usr 0 00:01:23, Sys 0 00:00:01  -  Total Remote Usage
		Usr 0 00:00:00, Sys 0 00:00:00  -  Total Local Usage
	96  -  Run Bytes Sent By Job
	144352  -  Run Bytes Received By Job
	96  -  Total Bytes Sent By Job
	144352  -  Total Bytes Received By Job
	Partitionable Resources :    Usage  Request Allocated 
	   Cpus                 :                 1         1 
	   Disk (KB)            :      153  2097152   6681563 
	   Memory (MB)          :       76     4096      4096 
	   xferslots            :                           0 

	Job terminated of its own accord at 2026-01-08T02:04:03Z with exit-code 0.
...
