000 (15684821.742.000) 2026-01-19 15:56:22 Job submitted from host: <130.199.48.129:9618?addrs=130.199.48.129-9618&alias=rcas6009.rcf.bnl.gov&noUDP&sock=schedd_22421_101d>
...
040 (15684821.742.000) 2026-01-19 16:27:36 Started transferring input files
	Transferring to host: <130.199.186.70:9618?addrs=130.199.186.70-9618&alias=spool1833.sdcc.bnl.gov&noUDP&sock=slot1_94_94191_05b8_235715>
...
040 (15684821.742.000) 2026-01-19 16:27:36 Finished transferring input files
...
001 (15684821.742.000) 2026-01-19 16:27:37 Job executing on host: <130.199.186.70:9618?addrs=130.199.186.70-9618&alias=spool1833.sdcc.bnl.gov&noUDP&sock=startd_94182_8376>
...
006 (15684821.742.000) 2026-01-19 16:27:46 Image size of job updated: 440764
	73  -  MemoryUsage of job (MB)
	74220  -  ResidentSetSize of job (KB)
...
006 (15684821.742.000) 2026-01-19 16:32:47 Image size of job updated: 448004
	103  -  MemoryUsage of job (MB)
	105332  -  ResidentSetSize of job (KB)
...
040 (15684821.742.000) 2026-01-19 16:43:50 Started transferring output files
...
040 (15684821.742.000) 2026-01-19 16:43:50 Finished transferring output files
...
005 (15684821.742.000) 2026-01-19 16:43:50 Job terminated.
	(1) Normal termination (return value 0)
		Usr 0 00:15:15, Sys 0 00:00:11  -  Run Remote Usage
		Usr 0 00:00:00, Sys 0 00:00:00  -  Run Local Usage
		Usr 0 00:15:15, Sys 0 00:00:11  -  Total Remote Usage
		Usr 0 00:00:00, Sys 0 00:00:00  -  Total Local Usage
	191  -  Run Bytes Sent By Job
	148880  -  Run Bytes Received By Job
	191  -  Total Bytes Sent By Job
	148880  -  Total Bytes Received By Job
	Partitionable Resources :    Usage  Request Allocated 
	   Cpus                 :     0.97        1         1 
	   Disk (KB)            :   164     2097152   6681512 
	   Memory (MB)          :   103        4096      4096 
	   xferslots            :                           0 

	Job terminated of its own accord at 2026-01-19T21:43:49Z with exit-code 0.
...
