000 (15564188.228.000) 2026-01-07 21:29:39 Job submitted from host: <130.199.48.129:9618?addrs=130.199.48.129-9618&alias=rcas6009.rcf.bnl.gov&noUDP&sock=schedd_22421_101d>
...
040 (15564188.228.000) 2026-01-08 00:12:52 Started transferring input files
	Transferring to host: <130.199.150.96:9618?addrs=130.199.150.96-9618&alias=spool1577.sdcc.bnl.gov&noUDP&sock=slot1_76_24963_e9b7_185792>
...
040 (15564188.228.000) 2026-01-08 00:12:52 Finished transferring input files
...
001 (15564188.228.000) 2026-01-08 00:12:53 Job executing on host: <130.199.150.96:9618?addrs=130.199.150.96-9618&alias=spool1577.sdcc.bnl.gov&noUDP&sock=startd_24954_b9b8>
...
006 (15564188.228.000) 2026-01-08 00:13:02 Image size of job updated: 420940
	86  -  MemoryUsage of job (MB)
	87268  -  ResidentSetSize of job (KB)
...
006 (15564188.228.000) 2026-01-08 00:18:03 Image size of job updated: 447728
	101  -  MemoryUsage of job (MB)
	102672  -  ResidentSetSize of job (KB)
...
040 (15564188.228.000) 2026-01-08 00:19:24 Started transferring output files
...
040 (15564188.228.000) 2026-01-08 00:19:24 Finished transferring output files
...
005 (15564188.228.000) 2026-01-08 00:19:24 Job terminated.
	(1) Normal termination (return value 0)
		Usr 0 00:05:59, Sys 0 00:00:06  -  Run Remote Usage
		Usr 0 00:00:00, Sys 0 00:00:00  -  Run Local Usage
		Usr 0 00:05:59, Sys 0 00:00:06  -  Total Remote Usage
		Usr 0 00:00:00, Sys 0 00:00:00  -  Total Local Usage
	177  -  Run Bytes Sent By Job
	144352  -  Run Bytes Received By Job
	177  -  Total Bytes Sent By Job
	144352  -  Total Bytes Received By Job
	Partitionable Resources :    Usage  Request Allocated 
	   Cpus                 :     0.99        1         1 
	   Disk (KB)            :   159     2097152   6681182 
	   Memory (MB)          :   101        4096      4096 
	   xferslots            :                           0 

	Job terminated of its own accord at 2026-01-08T05:19:24Z with exit-code 0.
...
