000 (15697407.697.000) 2026-01-21 18:36:42 Job submitted from host: <130.199.48.129:9618?addrs=130.199.48.129-9618&alias=rcas6009.rcf.bnl.gov&noUDP&sock=schedd_22421_101d>
...
040 (15697407.697.000) 2026-01-22 14:00:32 Started transferring input files
	Transferring to host: <130.199.186.28:9618?addrs=130.199.186.28-9618&alias=spool1825.sdcc.bnl.gov&noUDP&sock=slot1_10_94014_5146_273864>
...
040 (15697407.697.000) 2026-01-22 14:00:32 Finished transferring input files
...
001 (15697407.697.000) 2026-01-22 14:00:33 Job executing on host: <130.199.186.28:9618?addrs=130.199.186.28-9618&alias=spool1825.sdcc.bnl.gov&noUDP&sock=startd_94005_7ec9>
...
006 (15697407.697.000) 2026-01-22 14:00:41 Image size of job updated: 421848
	73  -  MemoryUsage of job (MB)
	74248  -  ResidentSetSize of job (KB)
...
006 (15697407.697.000) 2026-01-22 14:05:41 Image size of job updated: 450756
	103  -  MemoryUsage of job (MB)
	104916  -  ResidentSetSize of job (KB)
...
040 (15697407.697.000) 2026-01-22 14:12:10 Started transferring output files
...
040 (15697407.697.000) 2026-01-22 14:12:10 Finished transferring output files
...
005 (15697407.697.000) 2026-01-22 14:12:11 Job terminated.
	(1) Normal termination (return value 0)
		Usr 0 00:11:27, Sys 0 00:00:08  -  Run Remote Usage
		Usr 0 00:00:00, Sys 0 00:00:00  -  Run Local Usage
		Usr 0 00:11:27, Sys 0 00:00:08  -  Total Remote Usage
		Usr 0 00:00:00, Sys 0 00:00:00  -  Total Local Usage
	177  -  Run Bytes Sent By Job
	148880  -  Run Bytes Received By Job
	177  -  Total Bytes Sent By Job
	148880  -  Total Bytes Received By Job
	Partitionable Resources :    Usage  Request Allocated 
	   Cpus                 :     1.00        1         1 
	   Disk (KB)            :   163     2097152   6681577 
	   Memory (MB)          :   103        4096      4096 
	   xferslots            :                           0 

	Job terminated of its own accord at 2026-01-22T19:12:10Z with exit-code 0.
...
