000 (16235385.200.000) 2026-01-23 10:57:26 Job submitted from host: <130.199.48.128:9618?addrs=130.199.48.128-9618&alias=rcas6008.rcf.bnl.gov&noUDP&sock=schedd_18725_535a>
...
040 (16235385.200.000) 2026-01-23 11:51:57 Started transferring input files
	Transferring to host: <130.199.151.31:9618?addrs=130.199.151.31-9618&alias=spool1609.sdcc.bnl.gov&noUDP&sock=slot1_57_94980_a7e9_254740>
...
040 (16235385.200.000) 2026-01-23 11:51:57 Finished transferring input files
...
001 (16235385.200.000) 2026-01-23 11:51:58 Job executing on host: <130.199.151.31:9618?addrs=130.199.151.31-9618&alias=spool1609.sdcc.bnl.gov&noUDP&sock=startd_94972_89de>
...
006 (16235385.200.000) 2026-01-23 11:52:07 Image size of job updated: 75892
	40  -  MemoryUsage of job (MB)
	40736  -  ResidentSetSize of job (KB)
...
006 (16235385.200.000) 2026-01-23 11:57:08 Image size of job updated: 424272
	104  -  MemoryUsage of job (MB)
	106280  -  ResidentSetSize of job (KB)
...
006 (16235385.200.000) 2026-01-23 12:02:08 Image size of job updated: 424272
	104  -  MemoryUsage of job (MB)
	106300  -  ResidentSetSize of job (KB)
...
006 (16235385.200.000) 2026-01-23 12:07:08 Image size of job updated: 424272
	104  -  MemoryUsage of job (MB)
	106308  -  ResidentSetSize of job (KB)
...
040 (16235385.200.000) 2026-01-23 12:09:28 Started transferring output files
...
040 (16235385.200.000) 2026-01-23 12:09:28 Finished transferring output files
...
005 (16235385.200.000) 2026-01-23 12:09:28 Job terminated.
	(1) Normal termination (return value 0)
		Usr 0 00:17:06, Sys 0 00:00:11  -  Run Remote Usage
		Usr 0 00:00:00, Sys 0 00:00:00  -  Run Local Usage
		Usr 0 00:17:06, Sys 0 00:00:11  -  Total Remote Usage
		Usr 0 00:00:00, Sys 0 00:00:00  -  Total Local Usage
	247  -  Run Bytes Sent By Job
	148880  -  Run Bytes Received By Job
	247  -  Total Bytes Sent By Job
	148880  -  Total Bytes Received By Job
	Partitionable Resources :    Usage  Request Allocated 
	   Cpus                 :     1.00        1         1 
	   Disk (KB)            :   164     2097152   6681162 
	   Memory (MB)          :   104        4096      4096 
	   xferslots            :                           0 

	Job terminated of its own accord at 2026-01-23T17:09:28Z with exit-code 0.
...
