000 (15697407.378.000) 2026-01-21 18:36:41 Job submitted from host: <130.199.48.129:9618?addrs=130.199.48.129-9618&alias=rcas6009.rcf.bnl.gov&noUDP&sock=schedd_22421_101d>
...
040 (15697407.378.000) 2026-01-22 07:07:33 Started transferring input files
	Transferring to host: <130.199.186.26:9618?addrs=130.199.186.26-9618&alias=spool1823.sdcc.bnl.gov&noUDP&sock=slot1_40_94088_f663_283267>
...
040 (15697407.378.000) 2026-01-22 07:07:33 Finished transferring input files
...
001 (15697407.378.000) 2026-01-22 07:07:34 Job executing on host: <130.199.186.26:9618?addrs=130.199.186.26-9618&alias=spool1823.sdcc.bnl.gov&noUDP&sock=startd_94080_3b58>
...
006 (15697407.378.000) 2026-01-22 07:07:43 Image size of job updated: 421864
	77  -  MemoryUsage of job (MB)
	78376  -  ResidentSetSize of job (KB)
...
006 (15697407.378.000) 2026-01-22 07:12:43 Image size of job updated: 450240
	112  -  MemoryUsage of job (MB)
	114660  -  ResidentSetSize of job (KB)
...
040 (15697407.378.000) 2026-01-22 07:24:51 Started transferring output files
...
040 (15697407.378.000) 2026-01-22 07:24:51 Finished transferring output files
...
005 (15697407.378.000) 2026-01-22 07:24:51 Job terminated.
	(1) Normal termination (return value 0)
		Usr 0 00:17:04, Sys 0 00:00:11  -  Run Remote Usage
		Usr 0 00:00:00, Sys 0 00:00:00  -  Run Local Usage
		Usr 0 00:17:04, Sys 0 00:00:11  -  Total Remote Usage
		Usr 0 00:00:00, Sys 0 00:00:00  -  Total Local Usage
	219  -  Run Bytes Sent By Job
	148880  -  Run Bytes Received By Job
	219  -  Total Bytes Sent By Job
	148880  -  Total Bytes Received By Job
	Partitionable Resources :    Usage  Request Allocated 
	   Cpus                 :     1.00        1         1 
	   Disk (KB)            :   163     2097152   6681573 
	   Memory (MB)          :   112        4096      4096 
	   xferslots            :                           0 

	Job terminated of its own accord at 2026-01-22T12:24:51Z with exit-code 0.
...
