000 (15684821.1107.000) 2026-01-19 15:56:23 Job submitted from host: <130.199.48.129:9618?addrs=130.199.48.129-9618&alias=rcas6009.rcf.bnl.gov&noUDP&sock=schedd_22421_101d>
...
040 (15684821.1107.000) 2026-01-19 16:31:42 Started transferring input files
	Transferring to host: <130.199.151.21:9618?addrs=130.199.151.21-9618&alias=spool1599.sdcc.bnl.gov&noUDP&sock=slot1_31_96838_b010_236145>
...
040 (15684821.1107.000) 2026-01-19 16:31:43 Finished transferring input files
...
001 (15684821.1107.000) 2026-01-19 16:31:44 Job executing on host: <130.199.151.21:9618?addrs=130.199.151.21-9618&alias=spool1599.sdcc.bnl.gov&noUDP&sock=startd_96829_416f>
...
006 (15684821.1107.000) 2026-01-19 16:31:52 Image size of job updated: 341068
	67  -  MemoryUsage of job (MB)
	67944  -  ResidentSetSize of job (KB)
...
006 (15684821.1107.000) 2026-01-19 16:36:30 Image size of job updated: 450964
	67  -  MemoryUsage of job (MB)
	67944  -  ResidentSetSize of job (KB)
...
040 (15684821.1107.000) 2026-01-19 16:36:30 Started transferring output files
...
040 (15684821.1107.000) 2026-01-19 16:36:30 Finished transferring output files
...
005 (15684821.1107.000) 2026-01-19 16:36:30 Job terminated.
	(1) Normal termination (return value 0)
		Usr 0 00:04:25, Sys 0 00:00:03  -  Run Remote Usage
		Usr 0 00:00:00, Sys 0 00:00:00  -  Run Local Usage
		Usr 0 00:04:25, Sys 0 00:00:03  -  Total Remote Usage
		Usr 0 00:00:00, Sys 0 00:00:00  -  Total Local Usage
	122  -  Run Bytes Sent By Job
	148880  -  Run Bytes Received By Job
	122  -  Total Bytes Sent By Job
	148880  -  Total Bytes Received By Job
	Partitionable Resources :    Usage  Request Allocated 
	   Cpus                 :     0.96        1         1 
	   Disk (KB)            :   163     2097152   6681145 
	   Memory (MB)          :    67        4096      4096 
	   xferslots            :                           0 

	Job terminated of its own accord at 2026-01-19T21:36:30Z with exit-code 0.
...
