000 (15684821.1051.000) 2026-01-19 15:56:23 Job submitted from host: <130.199.48.129:9618?addrs=130.199.48.129-9618&alias=rcas6009.rcf.bnl.gov&noUDP&sock=schedd_22421_101d>
...
040 (15684821.1051.000) 2026-01-19 16:30:48 Started transferring input files
	Transferring to host: <130.199.151.34:9618?addrs=130.199.151.34-9618&alias=spool1612.sdcc.bnl.gov&noUDP&sock=slot1_89_96466_fc6b_247791>
...
040 (15684821.1051.000) 2026-01-19 16:30:48 Finished transferring input files
...
001 (15684821.1051.000) 2026-01-19 16:30:49 Job executing on host: <130.199.151.34:9618?addrs=130.199.151.34-9618&alias=spool1612.sdcc.bnl.gov&noUDP&sock=startd_96457_85b5>
...
006 (15684821.1051.000) 2026-01-19 16:30:57 Image size of job updated: 94428
	62  -  MemoryUsage of job (MB)
	63432  -  ResidentSetSize of job (KB)
...
006 (15684821.1051.000) 2026-01-19 16:31:04 Image size of job updated: 447788
	62  -  MemoryUsage of job (MB)
	63432  -  ResidentSetSize of job (KB)
...
040 (15684821.1051.000) 2026-01-19 16:31:04 Started transferring output files
...
040 (15684821.1051.000) 2026-01-19 16:31:04 Finished transferring output files
...
005 (15684821.1051.000) 2026-01-19 16:31:04 Job terminated.
	(1) Normal termination (return value 0)
		Usr 0 00:00:09, Sys 0 00:00:00  -  Run Remote Usage
		Usr 0 00:00:00, Sys 0 00:00:00  -  Run Local Usage
		Usr 0 00:00:09, Sys 0 00:00:00  -  Total Remote Usage
		Usr 0 00:00:00, Sys 0 00:00:00  -  Total Local Usage
	31  -  Run Bytes Sent By Job
	148880  -  Run Bytes Received By Job
	31  -  Total Bytes Sent By Job
	148880  -  Total Bytes Received By Job
	Partitionable Resources :    Usage  Request Allocated 
	   Cpus                 :                 1         1 
	   Disk (KB)            :      157  2097152   6681197 
	   Memory (MB)          :       62     4096      4096 
	   xferslots            :                           0 

	Job terminated of its own accord at 2026-01-19T21:31:04Z with exit-code 0.
...
