000 (15564188.1208.000) 2026-01-07 21:29:42 Job submitted from host: <130.199.48.129:9618?addrs=130.199.48.129-9618&alias=rcas6009.rcf.bnl.gov&noUDP&sock=schedd_22421_101d>
...
040 (15564188.1208.000) 2026-01-08 02:13:41 Started transferring input files
	Transferring to host: <130.199.150.82:9618?addrs=130.199.150.82-9618&alias=spool1563.sdcc.bnl.gov&noUDP&sock=slot1_5_94994_fe7f_196674>
...
040 (15564188.1208.000) 2026-01-08 02:13:41 Finished transferring input files
...
001 (15564188.1208.000) 2026-01-08 02:13:42 Job executing on host: <130.199.150.82:9618?addrs=130.199.150.82-9618&alias=spool1563.sdcc.bnl.gov&noUDP&sock=startd_94985_a723>
...
006 (15564188.1208.000) 2026-01-08 02:13:51 Image size of job updated: 116468
	83  -  MemoryUsage of job (MB)
	83996  -  ResidentSetSize of job (KB)
...
006 (15564188.1208.000) 2026-01-08 02:17:36 Image size of job updated: 447836
	83  -  MemoryUsage of job (MB)
	83996  -  ResidentSetSize of job (KB)
...
040 (15564188.1208.000) 2026-01-08 02:17:36 Started transferring output files
...
040 (15564188.1208.000) 2026-01-08 02:17:36 Finished transferring output files
...
005 (15564188.1208.000) 2026-01-08 02:17:36 Job terminated.
	(1) Normal termination (return value 0)
		Usr 0 00:03:26, Sys 0 00:00:04  -  Run Remote Usage
		Usr 0 00:00:00, Sys 0 00:00:00  -  Run Local Usage
		Usr 0 00:03:26, Sys 0 00:00:04  -  Total Remote Usage
		Usr 0 00:00:00, Sys 0 00:00:00  -  Total Local Usage
	163  -  Run Bytes Sent By Job
	144352  -  Run Bytes Received By Job
	163  -  Total Bytes Sent By Job
	144352  -  Total Bytes Received By Job
	Partitionable Resources :    Usage  Request Allocated 
	   Cpus                 :     0.88        1         1 
	   Disk (KB)            :   159     2097152   6681187 
	   Memory (MB)          :    83        4096      4096 
	   xferslots            :                           0 

	Job terminated of its own accord at 2026-01-08T07:17:36Z with exit-code 0.
...
