000 (15560432.572.000) 2026-01-07 17:58:16 Job submitted from host: <130.199.48.129:9618?addrs=130.199.48.129-9618&alias=rcas6009.rcf.bnl.gov&noUDP&sock=schedd_22421_101d>
...
040 (15560432.572.000) 2026-01-07 20:50:13 Started transferring input files
	Transferring to host: <130.199.186.78:9618?addrs=130.199.186.78-9618&alias=spool1841.sdcc.bnl.gov&noUDP&sock=slot1_19_95998_64bb_186615>
...
040 (15560432.572.000) 2026-01-07 20:50:13 Finished transferring input files
...
001 (15560432.572.000) 2026-01-07 20:50:14 Job executing on host: <130.199.186.78:9618?addrs=130.199.186.78-9618&alias=spool1841.sdcc.bnl.gov&noUDP&sock=startd_95989_67fd>
...
006 (15560432.572.000) 2026-01-07 20:50:21 Image size of job updated: 95672
	0  -  MemoryUsage of job (MB)
	0  -  ResidentSetSize of job (KB)
...
040 (15560432.572.000) 2026-01-07 20:50:21 Started transferring output files
...
040 (15560432.572.000) 2026-01-07 20:50:21 Finished transferring output files
...
005 (15560432.572.000) 2026-01-07 20:50:21 Job terminated.
	(1) Normal termination (return value 0)
		Usr 0 00:00:04, Sys 0 00:00:00  -  Run Remote Usage
		Usr 0 00:00:00, Sys 0 00:00:00  -  Run Local Usage
		Usr 0 00:00:04, Sys 0 00:00:00  -  Total Remote Usage
		Usr 0 00:00:00, Sys 0 00:00:00  -  Total Local Usage
	31  -  Run Bytes Sent By Job
	144352  -  Run Bytes Received By Job
	31  -  Total Bytes Sent By Job
	144352  -  Total Bytes Received By Job
	Partitionable Resources :    Usage  Request Allocated 
	   Cpus                 :                 1         1 
	   Disk (KB)            :      152  2097152   6681584 
	   Memory (MB)          :        0     4096      4096 
	   xferslots            :                           0 

	Job terminated of its own accord at 2026-01-08T01:50:21Z with exit-code 0.
...
