000 (15697407.042.000) 2026-01-21 18:36:41 Job submitted from host: <130.199.48.129:9618?addrs=130.199.48.129-9618&alias=rcas6009.rcf.bnl.gov&noUDP&sock=schedd_22421_101d>
...
040 (15697407.042.000) 2026-01-21 19:18:22 Started transferring input files
	Transferring to host: <130.199.150.98:9618?addrs=130.199.150.98-9618&alias=spool1579.sdcc.bnl.gov&noUDP&sock=slot1_79_94981_64f3_307248>
...
040 (15697407.042.000) 2026-01-21 19:18:22 Finished transferring input files
...
001 (15697407.042.000) 2026-01-21 19:18:23 Job executing on host: <130.199.150.98:9618?addrs=130.199.150.98-9618&alias=spool1579.sdcc.bnl.gov&noUDP&sock=startd_94972_89de>
...
006 (15697407.042.000) 2026-01-21 19:18:24 Image size of job updated: 424
	0  -  MemoryUsage of job (MB)
	0  -  ResidentSetSize of job (KB)
...
006 (15697407.042.000) 2026-01-21 19:18:24 Image size of job updated: 428
	0  -  MemoryUsage of job (MB)
	0  -  ResidentSetSize of job (KB)
...
040 (15697407.042.000) 2026-01-21 19:18:24 Started transferring output files
...
040 (15697407.042.000) 2026-01-21 19:18:24 Finished transferring output files
...
005 (15697407.042.000) 2026-01-21 19:18:24 Job terminated.
	(1) Normal termination (return value 0)
		Usr 0 00:00:00, Sys 0 00:00:00  -  Run Remote Usage
		Usr 0 00:00:00, Sys 0 00:00:00  -  Run Local Usage
		Usr 0 00:00:00, Sys 0 00:00:00  -  Total Remote Usage
		Usr 0 00:00:00, Sys 0 00:00:00  -  Total Local Usage
	18  -  Run Bytes Sent By Job
	148880  -  Run Bytes Received By Job
	18  -  Total Bytes Sent By Job
	148880  -  Total Bytes Received By Job
	Partitionable Resources :    Usage  Request Allocated 
	   Cpus                 :                 1         1 
	   Disk (KB)            :      157  2097152   6681175 
	   Memory (MB)          :        0     4096      4096 
	   xferslots            :                           0 

	Job terminated of its own accord at 2026-01-22T00:18:24Z with exit-code 0.
...
