000 (15684821.524.000) 2026-01-19 15:56:21 Job submitted from host: <130.199.48.129:9618?addrs=130.199.48.129-9618&alias=rcas6009.rcf.bnl.gov&noUDP&sock=schedd_22421_101d>
...
040 (15684821.524.000) 2026-01-19 16:23:13 Started transferring input files
	Transferring to host: <130.199.184.151:9618?addrs=130.199.184.151-9618&alias=spool1760.sdcc.bnl.gov&noUDP&sock=slot1_41_32549_c2d0_236083>
...
040 (15684821.524.000) 2026-01-19 16:23:13 Finished transferring input files
...
001 (15684821.524.000) 2026-01-19 16:23:14 Job executing on host: <130.199.184.151:9618?addrs=130.199.184.151-9618&alias=spool1760.sdcc.bnl.gov&noUDP&sock=startd_32541_ea49>
...
006 (15684821.524.000) 2026-01-19 16:23:23 Image size of job updated: 333760
	72  -  MemoryUsage of job (MB)
	73672  -  ResidentSetSize of job (KB)
...
006 (15684821.524.000) 2026-01-19 16:28:24 Image size of job updated: 450212
	106  -  MemoryUsage of job (MB)
	108320  -  ResidentSetSize of job (KB)
...
006 (15684821.524.000) 2026-01-19 16:33:24 Image size of job updated: 450212
	106  -  MemoryUsage of job (MB)
	108400  -  ResidentSetSize of job (KB)
...
040 (15684821.524.000) 2026-01-19 16:45:36 Started transferring output files
...
040 (15684821.524.000) 2026-01-19 16:45:36 Finished transferring output files
...
005 (15684821.524.000) 2026-01-19 16:45:36 Job terminated.
	(1) Normal termination (return value 0)
		Usr 0 00:20:36, Sys 0 00:00:16  -  Run Remote Usage
		Usr 0 00:00:00, Sys 0 00:00:00  -  Run Local Usage
		Usr 0 00:20:36, Sys 0 00:00:16  -  Total Remote Usage
		Usr 0 00:00:00, Sys 0 00:00:00  -  Total Local Usage
	219  -  Run Bytes Sent By Job
	148880  -  Run Bytes Received By Job
	219  -  Total Bytes Sent By Job
	148880  -  Total Bytes Received By Job
	Partitionable Resources :    Usage  Request Allocated 
	   Cpus                 :     0.96        1         1 
	   Disk (KB)            :   163     2097152   6681582 
	   Memory (MB)          :   106        4096      4096 
	   xferslots            :                           0 

	Job terminated of its own accord at 2026-01-19T21:45:36Z with exit-code 0.
...
