000 (15697407.1104.000) 2026-01-21 18:36:43 Job submitted from host: <130.199.48.129:9618?addrs=130.199.48.129-9618&alias=rcas6009.rcf.bnl.gov&noUDP&sock=schedd_22421_101d>
...
040 (15697407.1104.000) 2026-01-22 18:46:52 Started transferring input files
	Transferring to host: <130.199.186.17:9618?addrs=130.199.186.17-9618&alias=spool1814.sdcc.bnl.gov&noUDP&sock=slot1_69_95879_84b9_371518>
...
040 (15697407.1104.000) 2026-01-22 18:46:52 Finished transferring input files
...
001 (15697407.1104.000) 2026-01-22 18:46:53 Job executing on host: <130.199.186.17:9618?addrs=130.199.186.17-9618&alias=spool1814.sdcc.bnl.gov&noUDP&sock=startd_95870_be84>
...
006 (15697407.1104.000) 2026-01-22 18:47:02 Image size of job updated: 204284
	65  -  MemoryUsage of job (MB)
	66076  -  ResidentSetSize of job (KB)
...
006 (15697407.1104.000) 2026-01-22 18:48:59 Image size of job updated: 450804
	65  -  MemoryUsage of job (MB)
	66076  -  ResidentSetSize of job (KB)
...
040 (15697407.1104.000) 2026-01-22 18:48:59 Started transferring output files
...
040 (15697407.1104.000) 2026-01-22 18:48:59 Finished transferring output files
...
005 (15697407.1104.000) 2026-01-22 18:48:59 Job terminated.
	(1) Normal termination (return value 0)
		Usr 0 00:01:48, Sys 0 00:00:01  -  Run Remote Usage
		Usr 0 00:00:00, Sys 0 00:00:00  -  Run Local Usage
		Usr 0 00:01:48, Sys 0 00:00:01  -  Total Remote Usage
		Usr 0 00:00:00, Sys 0 00:00:00  -  Total Local Usage
	96  -  Run Bytes Sent By Job
	148880  -  Run Bytes Received By Job
	96  -  Total Bytes Sent By Job
	148880  -  Total Bytes Received By Job
	Partitionable Resources :    Usage  Request Allocated 
	   Cpus                 :                 1         1 
	   Disk (KB)            :      157  2097152   6681625 
	   Memory (MB)          :       65     4096      4096 
	   xferslots            :                           0 

	Job terminated of its own accord at 2026-01-22T23:48:59Z with exit-code 0.
...
