000 (15684821.814.000) 2026-01-19 15:56:22 Job submitted from host: <130.199.48.129:9618?addrs=130.199.48.129-9618&alias=rcas6009.rcf.bnl.gov&noUDP&sock=schedd_22421_101d>
...
040 (15684821.814.000) 2026-01-19 16:28:23 Started transferring input files
	Transferring to host: <130.199.150.90:9618?addrs=130.199.150.90-9618&alias=spool1571.sdcc.bnl.gov&noUDP&sock=slot1_88_94964_d73c_264627>
...
040 (15684821.814.000) 2026-01-19 16:28:23 Finished transferring input files
...
001 (15684821.814.000) 2026-01-19 16:28:24 Job executing on host: <130.199.150.90:9618?addrs=130.199.150.90-9618&alias=spool1571.sdcc.bnl.gov&noUDP&sock=startd_94955_2884>
...
006 (15684821.814.000) 2026-01-19 16:28:33 Image size of job updated: 84280
	72  -  MemoryUsage of job (MB)
	73684  -  ResidentSetSize of job (KB)
...
006 (15684821.814.000) 2026-01-19 16:33:34 Image size of job updated: 424324
	89  -  MemoryUsage of job (MB)
	90432  -  ResidentSetSize of job (KB)
...
006 (15684821.814.000) 2026-01-19 16:38:34 Image size of job updated: 424324
	89  -  MemoryUsage of job (MB)
	90444  -  ResidentSetSize of job (KB)
...
040 (15684821.814.000) 2026-01-19 16:41:02 Started transferring output files
...
040 (15684821.814.000) 2026-01-19 16:41:02 Finished transferring output files
...
005 (15684821.814.000) 2026-01-19 16:41:02 Job terminated.
	(1) Normal termination (return value 0)
		Usr 0 00:11:57, Sys 0 00:00:08  -  Run Remote Usage
		Usr 0 00:00:00, Sys 0 00:00:00  -  Run Local Usage
		Usr 0 00:11:57, Sys 0 00:00:08  -  Total Remote Usage
		Usr 0 00:00:00, Sys 0 00:00:00  -  Total Local Usage
	163  -  Run Bytes Sent By Job
	148880  -  Run Bytes Received By Job
	163  -  Total Bytes Sent By Job
	148880  -  Total Bytes Received By Job
	Partitionable Resources :    Usage  Request Allocated 
	   Cpus                 :     0.98        1         1 
	   Disk (KB)            :   163     2097152   6681189 
	   Memory (MB)          :    89        4096      4096 
	   xferslots            :                           0 

	Job terminated of its own accord at 2026-01-19T21:41:02Z with exit-code 0.
...
