000 (15697407.858.000) 2026-01-21 18:36:43 Job submitted from host: <130.199.48.129:9618?addrs=130.199.48.129-9618&alias=rcas6009.rcf.bnl.gov&noUDP&sock=schedd_22421_101d>
...
040 (15697407.858.000) 2026-01-22 15:48:45 Started transferring input files
	Transferring to host: <130.199.186.28:9618?addrs=130.199.186.28-9618&alias=spool1825.sdcc.bnl.gov&noUDP&sock=slot1_13_94014_5146_274255>
...
040 (15697407.858.000) 2026-01-22 15:48:45 Finished transferring input files
...
001 (15697407.858.000) 2026-01-22 15:48:46 Job executing on host: <130.199.186.28:9618?addrs=130.199.186.28-9618&alias=spool1825.sdcc.bnl.gov&noUDP&sock=startd_94005_7ec9>
...
006 (15697407.858.000) 2026-01-22 15:48:55 Image size of job updated: 448696
	80  -  MemoryUsage of job (MB)
	81464  -  ResidentSetSize of job (KB)
...
006 (15697407.858.000) 2026-01-22 15:53:56 Image size of job updated: 448696
	92  -  MemoryUsage of job (MB)
	93784  -  ResidentSetSize of job (KB)
...
040 (15697407.858.000) 2026-01-22 15:55:24 Started transferring output files
...
040 (15697407.858.000) 2026-01-22 15:55:24 Finished transferring output files
...
005 (15697407.858.000) 2026-01-22 15:55:24 Job terminated.
	(1) Normal termination (return value 0)
		Usr 0 00:06:30, Sys 0 00:00:05  -  Run Remote Usage
		Usr 0 00:00:00, Sys 0 00:00:00  -  Run Local Usage
		Usr 0 00:06:30, Sys 0 00:00:05  -  Total Remote Usage
		Usr 0 00:00:00, Sys 0 00:00:00  -  Total Local Usage
	149  -  Run Bytes Sent By Job
	148880  -  Run Bytes Received By Job
	149  -  Total Bytes Sent By Job
	148880  -  Total Bytes Received By Job
	Partitionable Resources :    Usage  Request Allocated 
	   Cpus                 :     1.00        1         1 
	   Disk (KB)            :   163     2097152   6681577 
	   Memory (MB)          :    92        4096      4096 
	   xferslots            :                           0 

	Job terminated of its own accord at 2026-01-22T20:55:24Z with exit-code 0.
...
