000 (15564188.013.000) 2026-01-07 21:29:39 Job submitted from host: <130.199.48.129:9618?addrs=130.199.48.129-9618&alias=rcas6009.rcf.bnl.gov&noUDP&sock=schedd_22421_101d>
...
040 (15564188.013.000) 2026-01-07 21:43:52 Started transferring input files
	Transferring to host: <130.199.186.79:9618?addrs=130.199.186.79-9618&alias=spool1842.sdcc.bnl.gov&noUDP&sock=slot1_3_94130_fa28_200050>
...
040 (15564188.013.000) 2026-01-07 21:43:52 Finished transferring input files
...
001 (15564188.013.000) 2026-01-07 21:43:53 Job executing on host: <130.199.186.79:9618?addrs=130.199.186.79-9618&alias=spool1842.sdcc.bnl.gov&noUDP&sock=startd_94122_8637>
...
006 (15564188.013.000) 2026-01-07 21:44:02 Image size of job updated: 420944
	98  -  MemoryUsage of job (MB)
	100340  -  ResidentSetSize of job (KB)
...
006 (15564188.013.000) 2026-01-07 21:48:32 Image size of job updated: 447984
	98  -  MemoryUsage of job (MB)
	100340  -  ResidentSetSize of job (KB)
...
040 (15564188.013.000) 2026-01-07 21:48:33 Started transferring output files
...
040 (15564188.013.000) 2026-01-07 21:48:33 Finished transferring output files
...
005 (15564188.013.000) 2026-01-07 21:48:33 Job terminated.
	(1) Normal termination (return value 0)
		Usr 0 00:04:33, Sys 0 00:00:04  -  Run Remote Usage
		Usr 0 00:00:00, Sys 0 00:00:00  -  Run Local Usage
		Usr 0 00:04:33, Sys 0 00:00:04  -  Total Remote Usage
		Usr 0 00:00:00, Sys 0 00:00:00  -  Total Local Usage
	177  -  Run Bytes Sent By Job
	144352  -  Run Bytes Received By Job
	177  -  Total Bytes Sent By Job
	144352  -  Total Bytes Received By Job
	Partitionable Resources :    Usage  Request Allocated 
	   Cpus                 :                 1         1 
	   Disk (KB)            :      153  2097152   6681568 
	   Memory (MB)          :       98     4096      4096 
	   xferslots            :                           0 

	Job terminated of its own accord at 2026-01-08T02:48:32Z with exit-code 0.
...
