000 (15697407.548.000) 2026-01-21 18:36:42 Job submitted from host: <130.199.48.129:9618?addrs=130.199.48.129-9618&alias=rcas6009.rcf.bnl.gov&noUDP&sock=schedd_22421_101d>
...
040 (15697407.548.000) 2026-01-22 11:42:40 Started transferring input files
	Transferring to host: <130.199.186.73:9618?addrs=130.199.186.73-9618&alias=spool1836.sdcc.bnl.gov&noUDP&sock=slot1_54_23899_34f5_251975>
...
040 (15697407.548.000) 2026-01-22 11:42:40 Finished transferring input files
...
001 (15697407.548.000) 2026-01-22 11:42:41 Job executing on host: <130.199.186.73:9618?addrs=130.199.186.73-9618&alias=spool1836.sdcc.bnl.gov&noUDP&sock=startd_23890_fb9f>
...
006 (15697407.548.000) 2026-01-22 11:42:50 Image size of job updated: 423324
	75  -  MemoryUsage of job (MB)
	76076  -  ResidentSetSize of job (KB)
...
006 (15697407.548.000) 2026-01-22 11:47:51 Image size of job updated: 424496
	91  -  MemoryUsage of job (MB)
	93076  -  ResidentSetSize of job (KB)
...
006 (15697407.548.000) 2026-01-22 11:52:51 Image size of job updated: 424496
	91  -  MemoryUsage of job (MB)
	93080  -  ResidentSetSize of job (KB)
...
040 (15697407.548.000) 2026-01-22 11:55:11 Started transferring output files
...
040 (15697407.548.000) 2026-01-22 11:55:11 Finished transferring output files
...
005 (15697407.548.000) 2026-01-22 11:55:11 Job terminated.
	(1) Normal termination (return value 0)
		Usr 0 00:11:52, Sys 0 00:00:13  -  Run Remote Usage
		Usr 0 00:00:00, Sys 0 00:00:00  -  Run Local Usage
		Usr 0 00:11:52, Sys 0 00:00:13  -  Total Remote Usage
		Usr 0 00:00:00, Sys 0 00:00:00  -  Total Local Usage
	177  -  Run Bytes Sent By Job
	148880  -  Run Bytes Received By Job
	177  -  Total Bytes Sent By Job
	148880  -  Total Bytes Received By Job
	Partitionable Resources :    Usage  Request Allocated 
	   Cpus                 :     1.00        1         1 
	   Disk (KB)            :   163     2097152   6681547 
	   Memory (MB)          :    91        4096      4096 
	   xferslots            :                           0 

	Job terminated of its own accord at 2026-01-22T16:55:11Z with exit-code 0.
...
