000 (15564188.1031.000) 2026-01-07 21:29:41 Job submitted from host: <130.199.48.129:9618?addrs=130.199.48.129-9618&alias=rcas6009.rcf.bnl.gov&noUDP&sock=schedd_22421_101d>
...
040 (15564188.1031.000) 2026-01-08 02:05:22 Started transferring input files
	Transferring to host: <130.199.186.86:9618?addrs=130.199.186.86-9618&alias=spool1849.sdcc.bnl.gov&noUDP&sock=slot1_5_24370_03c5_190776>
...
040 (15564188.1031.000) 2026-01-08 02:05:22 Finished transferring input files
...
001 (15564188.1031.000) 2026-01-08 02:05:23 Job executing on host: <130.199.186.86:9618?addrs=130.199.186.86-9618&alias=spool1849.sdcc.bnl.gov&noUDP&sock=startd_24362_5d6c>
...
006 (15564188.1031.000) 2026-01-08 02:05:31 Image size of job updated: 420928
	69  -  MemoryUsage of job (MB)
	70480  -  ResidentSetSize of job (KB)
...
006 (15564188.1031.000) 2026-01-08 02:10:00 Image size of job updated: 448276
	69  -  MemoryUsage of job (MB)
	70480  -  ResidentSetSize of job (KB)
...
040 (15564188.1031.000) 2026-01-08 02:10:00 Started transferring output files
...
040 (15564188.1031.000) 2026-01-08 02:10:00 Finished transferring output files
...
005 (15564188.1031.000) 2026-01-08 02:10:00 Job terminated.
	(1) Normal termination (return value 0)
		Usr 0 00:04:22, Sys 0 00:00:05  -  Run Remote Usage
		Usr 0 00:00:00, Sys 0 00:00:00  -  Run Local Usage
		Usr 0 00:04:22, Sys 0 00:00:05  -  Total Remote Usage
		Usr 0 00:00:00, Sys 0 00:00:00  -  Total Local Usage
	149  -  Run Bytes Sent By Job
	144352  -  Run Bytes Received By Job
	149  -  Total Bytes Sent By Job
	144352  -  Total Bytes Received By Job
	Partitionable Resources :    Usage  Request Allocated 
	   Cpus                 :     0.99        1         1 
	   Disk (KB)            :   159     2097152   6681508 
	   Memory (MB)          :    69        4096      4096 
	   xferslots            :                           0 

	Job terminated of its own accord at 2026-01-08T07:10:00Z with exit-code 0.
...
