000 (15560432.877.000) 2026-01-07 17:58:17 Job submitted from host: <130.199.48.129:9618?addrs=130.199.48.129-9618&alias=rcas6009.rcf.bnl.gov&noUDP&sock=schedd_22421_101d>
...
040 (15560432.877.000) 2026-01-07 20:57:13 Started transferring input files
	Transferring to host: <130.199.150.96:9618?addrs=130.199.150.96-9618&alias=spool1577.sdcc.bnl.gov&noUDP&sock=slot1_14_24963_e9b7_185260>
...
040 (15560432.877.000) 2026-01-07 20:57:13 Finished transferring input files
...
001 (15560432.877.000) 2026-01-07 20:57:14 Job executing on host: <130.199.150.96:9618?addrs=130.199.150.96-9618&alias=spool1577.sdcc.bnl.gov&noUDP&sock=startd_24954_b9b8>
...
006 (15560432.877.000) 2026-01-07 20:57:22 Image size of job updated: 121544
	88  -  MemoryUsage of job (MB)
	90080  -  ResidentSetSize of job (KB)
...
006 (15560432.877.000) 2026-01-07 21:02:22 Image size of job updated: 424804
	91  -  MemoryUsage of job (MB)
	92520  -  ResidentSetSize of job (KB)
...
040 (15560432.877.000) 2026-01-07 21:03:54 Started transferring output files
...
040 (15560432.877.000) 2026-01-07 21:03:54 Finished transferring output files
...
005 (15560432.877.000) 2026-01-07 21:03:54 Job terminated.
	(1) Normal termination (return value 0)
		Usr 0 00:06:32, Sys 0 00:00:05  -  Run Remote Usage
		Usr 0 00:00:00, Sys 0 00:00:00  -  Run Local Usage
		Usr 0 00:06:32, Sys 0 00:00:05  -  Total Remote Usage
		Usr 0 00:00:00, Sys 0 00:00:00  -  Total Local Usage
	191  -  Run Bytes Sent By Job
	144352  -  Run Bytes Received By Job
	191  -  Total Bytes Sent By Job
	144352  -  Total Bytes Received By Job
	Partitionable Resources :    Usage  Request Allocated 
	   Cpus                 :     1.00        1         1 
	   Disk (KB)            :   159     2097152   6681182 
	   Memory (MB)          :    91        4096      4096 
	   xferslots            :                           0 

	Job terminated of its own accord at 2026-01-08T02:03:53Z with exit-code 0.
...
