000 (15684821.1210.000) 2026-01-19 15:56:23 Job submitted from host: <130.199.48.129:9618?addrs=130.199.48.129-9618&alias=rcas6009.rcf.bnl.gov&noUDP&sock=schedd_22421_101d>
...
040 (15684821.1210.000) 2026-01-19 16:32:39 Started transferring input files
	Transferring to host: <130.199.151.9:9618?addrs=130.199.151.9-9618&alias=spool1587.sdcc.bnl.gov&noUDP&sock=slot1_39_94988_903f_243508>
...
040 (15684821.1210.000) 2026-01-19 16:32:39 Finished transferring input files
...
001 (15684821.1210.000) 2026-01-19 16:32:40 Job executing on host: <130.199.151.9:9618?addrs=130.199.151.9-9618&alias=spool1587.sdcc.bnl.gov&noUDP&sock=startd_94980_1209>
...
006 (15684821.1210.000) 2026-01-19 16:32:49 Image size of job updated: 351888
	70  -  MemoryUsage of job (MB)
	71612  -  ResidentSetSize of job (KB)
...
006 (15684821.1210.000) 2026-01-19 16:37:50 Image size of job updated: 448820
	99  -  MemoryUsage of job (MB)
	100744  -  ResidentSetSize of job (KB)
...
040 (15684821.1210.000) 2026-01-19 16:43:12 Started transferring output files
...
040 (15684821.1210.000) 2026-01-19 16:43:12 Finished transferring output files
...
005 (15684821.1210.000) 2026-01-19 16:43:12 Job terminated.
	(1) Normal termination (return value 0)
		Usr 0 00:09:44, Sys 0 00:00:07  -  Run Remote Usage
		Usr 0 00:00:00, Sys 0 00:00:00  -  Run Local Usage
		Usr 0 00:09:44, Sys 0 00:00:07  -  Total Remote Usage
		Usr 0 00:00:00, Sys 0 00:00:00  -  Total Local Usage
	177  -  Run Bytes Sent By Job
	148880  -  Run Bytes Received By Job
	177  -  Total Bytes Sent By Job
	148880  -  Total Bytes Received By Job
	Partitionable Resources :    Usage  Request Allocated 
	   Cpus                 :     0.94        1         1 
	   Disk (KB)            :   163     2097152   6681195 
	   Memory (MB)          :    99        4096      4096 
	   xferslots            :                           0 

	Job terminated of its own accord at 2026-01-19T21:43:12Z with exit-code 0.
...
