000 (16235385.702.000) 2026-01-23 10:57:29 Job submitted from host: <130.199.48.128:9618?addrs=130.199.48.128-9618&alias=rcas6008.rcf.bnl.gov&noUDP&sock=schedd_18725_535a>
...
040 (16235385.702.000) 2026-01-23 12:19:59 Started transferring input files
	Transferring to host: <130.199.184.156:9618?addrs=130.199.184.156-9618&alias=spool1765.sdcc.bnl.gov&noUDP&sock=slot1_65_58527_198d_260619>
...
040 (16235385.702.000) 2026-01-23 12:19:59 Finished transferring input files
...
001 (16235385.702.000) 2026-01-23 12:20:00 Job executing on host: <130.199.184.156:9618?addrs=130.199.184.156-9618&alias=spool1765.sdcc.bnl.gov&noUDP&sock=startd_58518_4ec8>
...
006 (16235385.702.000) 2026-01-23 12:20:09 Image size of job updated: 420056
	70  -  MemoryUsage of job (MB)
	70852  -  ResidentSetSize of job (KB)
...
006 (16235385.702.000) 2026-01-23 12:25:10 Image size of job updated: 424256
	95  -  MemoryUsage of job (MB)
	96768  -  ResidentSetSize of job (KB)
...
006 (16235385.702.000) 2026-01-23 12:30:10 Image size of job updated: 424504
	95  -  MemoryUsage of job (MB)
	96832  -  ResidentSetSize of job (KB)
...
040 (16235385.702.000) 2026-01-23 12:33:38 Started transferring output files
...
040 (16235385.702.000) 2026-01-23 12:33:38 Finished transferring output files
...
005 (16235385.702.000) 2026-01-23 12:33:38 Job terminated.
	(1) Normal termination (return value 0)
		Usr 0 00:13:14, Sys 0 00:00:11  -  Run Remote Usage
		Usr 0 00:00:00, Sys 0 00:00:00  -  Run Local Usage
		Usr 0 00:13:14, Sys 0 00:00:11  -  Total Remote Usage
		Usr 0 00:00:00, Sys 0 00:00:00  -  Total Local Usage
	191  -  Run Bytes Sent By Job
	148880  -  Run Bytes Received By Job
	191  -  Total Bytes Sent By Job
	148880  -  Total Bytes Received By Job
	Partitionable Resources :    Usage  Request Allocated 
	   Cpus                 :     1.00        1         1 
	   Disk (KB)            :   164     2097152   6681570 
	   Memory (MB)          :    95        4096      4096 
	   xferslots            :                           0 

	Job terminated of its own accord at 2026-01-23T17:33:38Z with exit-code 0.
...
