000 (15564188.698.000) 2026-01-07 21:29:40 Job submitted from host: <130.199.48.129:9618?addrs=130.199.48.129-9618&alias=rcas6009.rcf.bnl.gov&noUDP&sock=schedd_22421_101d>
...
040 (15564188.698.000) 2026-01-08 01:45:02 Started transferring input files
	Transferring to host: <130.199.150.92:9618?addrs=130.199.150.92-9618&alias=spool1573.sdcc.bnl.gov&noUDP&sock=slot1_22_96627_e030_192992>
...
040 (15564188.698.000) 2026-01-08 01:45:02 Finished transferring input files
...
001 (15564188.698.000) 2026-01-08 01:45:03 Job executing on host: <130.199.150.92:9618?addrs=130.199.150.92-9618&alias=spool1573.sdcc.bnl.gov&noUDP&sock=startd_96618_7a0d>
...
006 (15564188.698.000) 2026-01-08 01:45:12 Image size of job updated: 101344
	68  -  MemoryUsage of job (MB)
	68892  -  ResidentSetSize of job (KB)
...
006 (15564188.698.000) 2026-01-08 01:45:55 Image size of job updated: 450728
	68  -  MemoryUsage of job (MB)
	68928  -  ResidentSetSize of job (KB)
...
040 (15564188.698.000) 2026-01-08 01:45:56 Started transferring output files
...
040 (15564188.698.000) 2026-01-08 01:45:56 Finished transferring output files
...
005 (15564188.698.000) 2026-01-08 01:45:56 Job terminated.
	(1) Normal termination (return value 0)
		Usr 0 00:00:41, Sys 0 00:00:01  -  Run Remote Usage
		Usr 0 00:00:00, Sys 0 00:00:00  -  Run Local Usage
		Usr 0 00:00:41, Sys 0 00:00:01  -  Total Remote Usage
		Usr 0 00:00:00, Sys 0 00:00:00  -  Total Local Usage
	70  -  Run Bytes Sent By Job
	144352  -  Run Bytes Received By Job
	70  -  Total Bytes Sent By Job
	144352  -  Total Bytes Received By Job
	Partitionable Resources :    Usage  Request Allocated 
	   Cpus                 :     0.03        1         1 
	   Disk (KB)            :   159     2097152   6681191 
	   Memory (MB)          :    68        4096      4096 
	   xferslots            :                           0 

	Job terminated of its own accord at 2026-01-08T06:45:55Z with exit-code 0.
...
