000 (15697407.880.000) 2026-01-21 18:36:43 Job submitted from host: <130.199.48.129:9618?addrs=130.199.48.129-9618&alias=rcas6009.rcf.bnl.gov&noUDP&sock=schedd_22421_101d>
...
040 (15697407.880.000) 2026-01-22 16:02:49 Started transferring input files
	Transferring to host: <130.199.186.29:9618?addrs=130.199.186.29-9618&alias=spool1826.sdcc.bnl.gov&noUDP&sock=slot1_26_22308_5708_284782>
...
040 (15697407.880.000) 2026-01-22 16:02:49 Finished transferring input files
...
001 (15697407.880.000) 2026-01-22 16:02:50 Job executing on host: <130.199.186.29:9618?addrs=130.199.186.29-9618&alias=spool1826.sdcc.bnl.gov&noUDP&sock=startd_22299_7394>
...
006 (15697407.880.000) 2026-01-22 16:02:58 Image size of job updated: 422152
	75  -  MemoryUsage of job (MB)
	75820  -  ResidentSetSize of job (KB)
...
006 (15697407.880.000) 2026-01-22 16:07:58 Image size of job updated: 450952
	104  -  MemoryUsage of job (MB)
	106300  -  ResidentSetSize of job (KB)
...
006 (15697407.880.000) 2026-01-22 16:12:59 Image size of job updated: 450952
	104  -  MemoryUsage of job (MB)
	106304  -  ResidentSetSize of job (KB)
...
040 (15697407.880.000) 2026-01-22 16:13:17 Started transferring output files
...
040 (15697407.880.000) 2026-01-22 16:13:17 Finished transferring output files
...
005 (15697407.880.000) 2026-01-22 16:13:17 Job terminated.
	(1) Normal termination (return value 0)
		Usr 0 00:10:17, Sys 0 00:00:08  -  Run Remote Usage
		Usr 0 00:00:00, Sys 0 00:00:00  -  Run Local Usage
		Usr 0 00:10:17, Sys 0 00:00:08  -  Total Remote Usage
		Usr 0 00:00:00, Sys 0 00:00:00  -  Total Local Usage
	177  -  Run Bytes Sent By Job
	148880  -  Run Bytes Received By Job
	177  -  Total Bytes Sent By Job
	148880  -  Total Bytes Received By Job
	Partitionable Resources :    Usage  Request Allocated 
	   Cpus                 :     1.00        1         1 
	   Disk (KB)            :   164     2097152   6681568 
	   Memory (MB)          :   104        4096      4096 
	   xferslots            :                           0 

	Job terminated of its own accord at 2026-01-22T21:13:17Z with exit-code 0.
...
