000 (15684821.1199.000) 2026-01-19 15:56:23 Job submitted from host: <130.199.48.129:9618?addrs=130.199.48.129-9618&alias=rcas6009.rcf.bnl.gov&noUDP&sock=schedd_22421_101d>
...
040 (15684821.1199.000) 2026-01-19 16:32:40 Started transferring input files
	Transferring to host: <130.199.151.19:9618?addrs=130.199.151.19-9618&alias=spool1597.sdcc.bnl.gov&noUDP&sock=slot1_3_94933_f2ef_245639>
...
040 (15684821.1199.000) 2026-01-19 16:32:40 Finished transferring input files
...
001 (15684821.1199.000) 2026-01-19 16:32:41 Job executing on host: <130.199.151.19:9618?addrs=130.199.151.19-9618&alias=spool1597.sdcc.bnl.gov&noUDP&sock=startd_94924_58df>
...
006 (15684821.1199.000) 2026-01-19 16:32:50 Image size of job updated: 329644
	67  -  MemoryUsage of job (MB)
	68216  -  ResidentSetSize of job (KB)
...
006 (15684821.1199.000) 2026-01-19 16:37:51 Image size of job updated: 450836
	89  -  MemoryUsage of job (MB)
	90788  -  ResidentSetSize of job (KB)
...
040 (15684821.1199.000) 2026-01-19 16:38:05 Started transferring output files
...
040 (15684821.1199.000) 2026-01-19 16:38:05 Finished transferring output files
...
005 (15684821.1199.000) 2026-01-19 16:38:05 Job terminated.
	(1) Normal termination (return value 0)
		Usr 0 00:04:55, Sys 0 00:00:04  -  Run Remote Usage
		Usr 0 00:00:00, Sys 0 00:00:00  -  Run Local Usage
		Usr 0 00:04:55, Sys 0 00:00:04  -  Total Remote Usage
		Usr 0 00:00:00, Sys 0 00:00:00  -  Total Local Usage
	135  -  Run Bytes Sent By Job
	148880  -  Run Bytes Received By Job
	135  -  Total Bytes Sent By Job
	148880  -  Total Bytes Received By Job
	Partitionable Resources :    Usage  Request Allocated 
	   Cpus                 :     1.00        1         1 
	   Disk (KB)            :   163     2097152   6681200 
	   Memory (MB)          :    89        4096      4096 
	   xferslots            :                           0 

	Job terminated of its own accord at 2026-01-19T21:38:04Z with exit-code 0.
...
