000 (15684821.805.000) 2026-01-19 15:56:22 Job submitted from host: <130.199.48.129:9618?addrs=130.199.48.129-9618&alias=rcas6009.rcf.bnl.gov&noUDP&sock=schedd_22421_101d>
...
040 (15684821.805.000) 2026-01-19 16:28:22 Started transferring input files
	Transferring to host: <130.199.184.221:9618?addrs=130.199.184.221-9618&alias=spool1796.sdcc.bnl.gov&noUDP&sock=slot1_9_96037_315f_238306>
...
040 (15684821.805.000) 2026-01-19 16:28:22 Finished transferring input files
...
001 (15684821.805.000) 2026-01-19 16:28:23 Job executing on host: <130.199.184.221:9618?addrs=130.199.184.221-9618&alias=spool1796.sdcc.bnl.gov&noUDP&sock=startd_96028_bfcc>
...
006 (15684821.805.000) 2026-01-19 16:28:32 Image size of job updated: 448788
	69  -  MemoryUsage of job (MB)
	69716  -  ResidentSetSize of job (KB)
...
040 (15684821.805.000) 2026-01-19 16:30:46 Started transferring output files
...
040 (15684821.805.000) 2026-01-19 16:30:46 Finished transferring output files
...
005 (15684821.805.000) 2026-01-19 16:30:46 Job terminated.
	(1) Normal termination (return value 0)
		Usr 0 00:02:15, Sys 0 00:00:02  -  Run Remote Usage
		Usr 0 00:00:00, Sys 0 00:00:00  -  Run Local Usage
		Usr 0 00:02:15, Sys 0 00:00:02  -  Total Remote Usage
		Usr 0 00:00:00, Sys 0 00:00:00  -  Total Local Usage
	83  -  Run Bytes Sent By Job
	148880  -  Run Bytes Received By Job
	83  -  Total Bytes Sent By Job
	148880  -  Total Bytes Received By Job
	Partitionable Resources :    Usage  Request Allocated 
	   Cpus                 :                 1         1 
	   Disk (KB)            :      157  2097152   6681568 
	   Memory (MB)          :       69     4096      4096 
	   xferslots            :                           0 

	Job terminated of its own accord at 2026-01-19T21:30:46Z with exit-code 0.
...
