000 (15684821.569.000) 2026-01-19 15:56:21 Job submitted from host: <130.199.48.129:9618?addrs=130.199.48.129-9618&alias=rcas6009.rcf.bnl.gov&noUDP&sock=schedd_22421_101d>
...
040 (15684821.569.000) 2026-01-19 16:24:13 Started transferring input files
	Transferring to host: <130.199.151.6:9618?addrs=130.199.151.6-9618&alias=spool1584.sdcc.bnl.gov&noUDP&sock=slot1_67_55322_61bc_236543>
...
040 (15684821.569.000) 2026-01-19 16:24:13 Finished transferring input files
...
001 (15684821.569.000) 2026-01-19 16:24:14 Job executing on host: <130.199.151.6:9618?addrs=130.199.151.6-9618&alias=spool1584.sdcc.bnl.gov&noUDP&sock=startd_55314_483e>
...
006 (15684821.569.000) 2026-01-19 16:24:23 Image size of job updated: 425684
	75  -  MemoryUsage of job (MB)
	76652  -  ResidentSetSize of job (KB)
...
006 (15684821.569.000) 2026-01-19 16:29:24 Image size of job updated: 449452
	110  -  MemoryUsage of job (MB)
	111668  -  ResidentSetSize of job (KB)
...
040 (15684821.569.000) 2026-01-19 16:44:18 Started transferring output files
...
040 (15684821.569.000) 2026-01-19 16:44:18 Finished transferring output files
...
005 (15684821.569.000) 2026-01-19 16:44:18 Job terminated.
	(1) Normal termination (return value 0)
		Usr 0 00:18:39, Sys 0 00:00:12  -  Run Remote Usage
		Usr 0 00:00:00, Sys 0 00:00:00  -  Run Local Usage
		Usr 0 00:18:39, Sys 0 00:00:12  -  Total Remote Usage
		Usr 0 00:00:00, Sys 0 00:00:00  -  Total Local Usage
	219  -  Run Bytes Sent By Job
	148880  -  Run Bytes Received By Job
	219  -  Total Bytes Sent By Job
	148880  -  Total Bytes Received By Job
	Partitionable Resources :    Usage  Request Allocated 
	   Cpus                 :     0.95        1         1 
	   Disk (KB)            :   164     2097152   6681172 
	   Memory (MB)          :   110        4096      4096 
	   xferslots            :                           0 

	Job terminated of its own accord at 2026-01-19T21:44:18Z with exit-code 0.
...
