000 (15690120.128.000) 2026-01-20 07:35:55 Job submitted from host: <130.199.48.129:9618?addrs=130.199.48.129-9618&alias=rcas6009.rcf.bnl.gov&noUDP&sock=schedd_22421_101d>
...
040 (15690120.128.000) 2026-01-20 22:59:05 Started transferring input files
	Transferring to host: <130.199.150.70:9618?addrs=130.199.150.70-9618&alias=spool1551.sdcc.bnl.gov&noUDP&sock=slot1_45_94997_35a0_245550>
...
040 (15690120.128.000) 2026-01-20 22:59:05 Finished transferring input files
...
001 (15690120.128.000) 2026-01-20 22:59:06 Job executing on host: <130.199.150.70:9618?addrs=130.199.150.70-9618&alias=spool1551.sdcc.bnl.gov&noUDP&sock=startd_94985_a723>
...
006 (15690120.128.000) 2026-01-20 22:59:15 Image size of job updated: 419876
	77  -  MemoryUsage of job (MB)
	78144  -  ResidentSetSize of job (KB)
...
006 (15690120.128.000) 2026-01-20 23:04:15 Image size of job updated: 424192
	102  -  MemoryUsage of job (MB)
	104088  -  ResidentSetSize of job (KB)
...
006 (15690120.128.000) 2026-01-20 23:09:15 Image size of job updated: 424192
	102  -  MemoryUsage of job (MB)
	104104  -  ResidentSetSize of job (KB)
...
006 (15690120.128.000) 2026-01-20 23:14:16 Image size of job updated: 424192
	102  -  MemoryUsage of job (MB)
	104152  -  ResidentSetSize of job (KB)
...
040 (15690120.128.000) 2026-01-20 23:24:51 Started transferring output files
...
040 (15690120.128.000) 2026-01-20 23:24:52 Finished transferring output files
...
005 (15690120.128.000) 2026-01-20 23:24:53 Job terminated.
	(1) Normal termination (return value 0)
		Usr 0 00:25:01, Sys 0 00:00:16  -  Run Remote Usage
		Usr 0 00:00:00, Sys 0 00:00:00  -  Run Local Usage
		Usr 0 00:25:01, Sys 0 00:00:16  -  Total Remote Usage
		Usr 0 00:00:00, Sys 0 00:00:00  -  Total Local Usage
	247  -  Run Bytes Sent By Job
	148880  -  Run Bytes Received By Job
	247  -  Total Bytes Sent By Job
	148880  -  Total Bytes Received By Job
	Partitionable Resources :    Usage  Request Allocated 
	   Cpus                 :     1.00        1         1 
	   Disk (KB)            :   163     2097152   6681189 
	   Memory (MB)          :   102        4096      4096 
	   xferslots            :                           0 

	Job terminated of its own accord at 2026-01-21T04:24:51Z with exit-code 0.
...
