000 (15684821.1154.000) 2026-01-19 15:56:23 Job submitted from host: <130.199.48.129:9618?addrs=130.199.48.129-9618&alias=rcas6009.rcf.bnl.gov&noUDP&sock=schedd_22421_101d>
...
040 (15684821.1154.000) 2026-01-19 16:32:37 Started transferring input files
	Transferring to host: <130.199.150.84:9618?addrs=130.199.150.84-9618&alias=spool1565.sdcc.bnl.gov&noUDP&sock=slot1_8_96727_b865_288655>
...
040 (15684821.1154.000) 2026-01-19 16:32:37 Finished transferring input files
...
001 (15684821.1154.000) 2026-01-19 16:32:38 Job executing on host: <130.199.150.84:9618?addrs=130.199.150.84-9618&alias=spool1565.sdcc.bnl.gov&noUDP&sock=startd_96718_2021>
...
006 (15684821.1154.000) 2026-01-19 16:32:47 Image size of job updated: 334448
	69  -  MemoryUsage of job (MB)
	70160  -  ResidentSetSize of job (KB)
...
006 (15684821.1154.000) 2026-01-19 16:37:48 Image size of job updated: 450672
	96  -  MemoryUsage of job (MB)
	97564  -  ResidentSetSize of job (KB)
...
040 (15684821.1154.000) 2026-01-19 16:39:48 Started transferring output files
...
040 (15684821.1154.000) 2026-01-19 16:39:48 Finished transferring output files
...
005 (15684821.1154.000) 2026-01-19 16:39:48 Job terminated.
	(1) Normal termination (return value 0)
		Usr 0 00:06:36, Sys 0 00:00:05  -  Run Remote Usage
		Usr 0 00:00:00, Sys 0 00:00:00  -  Run Local Usage
		Usr 0 00:06:36, Sys 0 00:00:05  -  Total Remote Usage
		Usr 0 00:00:00, Sys 0 00:00:00  -  Total Local Usage
	163  -  Run Bytes Sent By Job
	148880  -  Run Bytes Received By Job
	163  -  Total Bytes Sent By Job
	148880  -  Total Bytes Received By Job
	Partitionable Resources :    Usage  Request Allocated 
	   Cpus                 :     0.98        1         1 
	   Disk (KB)            :   163     2097152   6681184 
	   Memory (MB)          :    96        4096      4096 
	   xferslots            :                           0 

	Job terminated of its own accord at 2026-01-19T21:39:47Z with exit-code 0.
...
