000 (15554417.396.000) 2026-01-07 12:44:33 Job submitted from host: <130.199.48.129:9618?addrs=130.199.48.129-9618&alias=rcas6009.rcf.bnl.gov&noUDP&sock=schedd_22421_101d>
...
040 (15554417.396.000) 2026-01-07 13:37:55 Started transferring input files
	Transferring to host: <130.199.184.216:9618?addrs=130.199.184.216-9618&alias=spool1791.sdcc.bnl.gov&noUDP&sock=slot1_88_95931_eae9_185161>
...
040 (15554417.396.000) 2026-01-07 13:37:55 Finished transferring input files
...
001 (15554417.396.000) 2026-01-07 13:37:56 Job executing on host: <130.199.184.216:9618?addrs=130.199.184.216-9618&alias=spool1791.sdcc.bnl.gov&noUDP&sock=startd_95922_3399>
...
006 (15554417.396.000) 2026-01-07 13:38:05 Image size of job updated: 422796
	107  -  MemoryUsage of job (MB)
	108792  -  ResidentSetSize of job (KB)
...
006 (15554417.396.000) 2026-01-07 13:43:06 Image size of job updated: 424784
	108  -  MemoryUsage of job (MB)
	110516  -  ResidentSetSize of job (KB)
...
006 (15554417.396.000) 2026-01-07 13:48:06 Image size of job updated: 424784
	108  -  MemoryUsage of job (MB)
	110524  -  ResidentSetSize of job (KB)
...
040 (15554417.396.000) 2026-01-07 13:50:51 Started transferring output files
...
040 (15554417.396.000) 2026-01-07 13:50:51 Finished transferring output files
...
005 (15554417.396.000) 2026-01-07 13:50:51 Job terminated.
	(1) Normal termination (return value 0)
		Usr 0 00:12:42, Sys 0 00:00:10  -  Run Remote Usage
		Usr 0 00:00:00, Sys 0 00:00:00  -  Run Local Usage
		Usr 0 00:12:42, Sys 0 00:00:10  -  Total Remote Usage
		Usr 0 00:00:00, Sys 0 00:00:00  -  Total Local Usage
	289  -  Run Bytes Sent By Job
	144352  -  Run Bytes Received By Job
	289  -  Total Bytes Sent By Job
	144352  -  Total Bytes Received By Job
	Partitionable Resources :    Usage  Request Allocated 
	   Cpus                 :     0.99        1         1 
	   Disk (KB)            :   159     2097152   6681570 
	   Memory (MB)          :   108        4096      4096 
	   xferslots            :                           0 

	Job terminated of its own accord at 2026-01-07T18:50:50Z with exit-code 0.
...
