000 (15554417.291.000) 2026-01-07 12:44:33 Job submitted from host: <130.199.48.129:9618?addrs=130.199.48.129-9618&alias=rcas6009.rcf.bnl.gov&noUDP&sock=schedd_22421_101d>
...
040 (15554417.291.000) 2026-01-07 13:25:17 Started transferring input files
	Transferring to host: <130.199.151.19:9618?addrs=130.199.151.19-9618&alias=spool1597.sdcc.bnl.gov&noUDP&sock=slot1_89_94933_f2ef_192243>
...
040 (15554417.291.000) 2026-01-07 13:25:17 Finished transferring input files
...
001 (15554417.291.000) 2026-01-07 13:25:18 Job executing on host: <130.199.151.19:9618?addrs=130.199.151.19-9618&alias=spool1597.sdcc.bnl.gov&noUDP&sock=startd_94924_58df>
...
006 (15554417.291.000) 2026-01-07 13:25:27 Image size of job updated: 109768
	77  -  MemoryUsage of job (MB)
	78800  -  ResidentSetSize of job (KB)
...
006 (15554417.291.000) 2026-01-07 13:30:27 Image size of job updated: 424664
	98  -  MemoryUsage of job (MB)
	99348  -  ResidentSetSize of job (KB)
...
040 (15554417.291.000) 2026-01-07 13:32:14 Started transferring output files
...
040 (15554417.291.000) 2026-01-07 13:32:14 Finished transferring output files
...
005 (15554417.291.000) 2026-01-07 13:32:14 Job terminated.
	(1) Normal termination (return value 0)
		Usr 0 00:06:49, Sys 0 00:00:05  -  Run Remote Usage
		Usr 0 00:00:00, Sys 0 00:00:00  -  Run Local Usage
		Usr 0 00:06:49, Sys 0 00:00:05  -  Total Remote Usage
		Usr 0 00:00:00, Sys 0 00:00:00  -  Total Local Usage
	219  -  Run Bytes Sent By Job
	144352  -  Run Bytes Received By Job
	219  -  Total Bytes Sent By Job
	144352  -  Total Bytes Received By Job
	Partitionable Resources :    Usage  Request Allocated 
	   Cpus                 :     1.00        1         1 
	   Disk (KB)            :   159     2097152   6681200 
	   Memory (MB)          :    98        4096      4096 
	   xferslots            :                           0 

	Job terminated of its own accord at 2026-01-07T18:32:14Z with exit-code 0.
...
