000 (15697407.427.000) 2026-01-21 18:36:42 Job submitted from host: <130.199.48.129:9618?addrs=130.199.48.129-9618&alias=rcas6009.rcf.bnl.gov&noUDP&sock=schedd_22421_101d>
...
040 (15697407.427.000) 2026-01-22 08:33:26 Started transferring input files
	Transferring to host: <130.199.184.158:9618?addrs=130.199.184.158-9618&alias=spool1767.sdcc.bnl.gov&noUDP&sock=slot1_1_4771_385b_286671>
...
040 (15697407.427.000) 2026-01-22 08:33:26 Finished transferring input files
...
001 (15697407.427.000) 2026-01-22 08:33:27 Job executing on host: <130.199.184.158:9618?addrs=130.199.184.158-9618&alias=spool1767.sdcc.bnl.gov&noUDP&sock=startd_4762_365e>
...
006 (15697407.427.000) 2026-01-22 08:33:36 Image size of job updated: 420044
	83  -  MemoryUsage of job (MB)
	84968  -  ResidentSetSize of job (KB)
...
006 (15697407.427.000) 2026-01-22 08:38:37 Image size of job updated: 448812
	98  -  MemoryUsage of job (MB)
	99336  -  ResidentSetSize of job (KB)
...
040 (15697407.427.000) 2026-01-22 08:43:34 Started transferring output files
...
040 (15697407.427.000) 2026-01-22 08:43:34 Finished transferring output files
...
005 (15697407.427.000) 2026-01-22 08:43:34 Job terminated.
	(1) Normal termination (return value 0)
		Usr 0 00:09:58, Sys 0 00:00:05  -  Run Remote Usage
		Usr 0 00:00:00, Sys 0 00:00:00  -  Run Local Usage
		Usr 0 00:09:58, Sys 0 00:00:05  -  Total Remote Usage
		Usr 0 00:00:00, Sys 0 00:00:00  -  Total Local Usage
	177  -  Run Bytes Sent By Job
	148880  -  Run Bytes Received By Job
	177  -  Total Bytes Sent By Job
	148880  -  Total Bytes Received By Job
	Partitionable Resources :    Usage  Request Allocated 
	   Cpus                 :     0.99        1         1 
	   Disk (KB)            :   164     2097152   6681557 
	   Memory (MB)          :    98        4096      4096 
	   xferslots            :                           0 

	Job terminated of its own accord at 2026-01-22T13:43:34Z with exit-code 0.
...
