000 (15690120.329.000) 2026-01-20 07:35:55 Job submitted from host: <130.199.48.129:9618?addrs=130.199.48.129-9618&alias=rcas6009.rcf.bnl.gov&noUDP&sock=schedd_22421_101d>
...
040 (15690120.329.000) 2026-01-21 07:01:13 Started transferring input files
	Transferring to host: <130.199.150.89:9618?addrs=130.199.150.89-9618&alias=spool1570.sdcc.bnl.gov&noUDP&sock=slot1_66_96783_12c0_245362>
...
040 (15690120.329.000) 2026-01-21 07:01:13 Finished transferring input files
...
001 (15690120.329.000) 2026-01-21 07:01:14 Job executing on host: <130.199.150.89:9618?addrs=130.199.150.89-9618&alias=spool1570.sdcc.bnl.gov&noUDP&sock=startd_96764_af15>
...
006 (15690120.329.000) 2026-01-21 07:01:23 Image size of job updated: 421912
	86  -  MemoryUsage of job (MB)
	87952  -  ResidentSetSize of job (KB)
...
006 (15690120.329.000) 2026-01-21 07:06:23 Image size of job updated: 450908
	140  -  MemoryUsage of job (MB)
	142912  -  ResidentSetSize of job (KB)
...
040 (15690120.329.000) 2026-01-21 07:39:46 Started transferring output files
...
040 (15690120.329.000) 2026-01-21 07:39:46 Finished transferring output files
...
005 (15690120.329.000) 2026-01-21 07:39:46 Job terminated.
	(1) Normal termination (return value 0)
		Usr 0 00:37:55, Sys 0 00:00:24  -  Run Remote Usage
		Usr 0 00:00:00, Sys 0 00:00:00  -  Run Local Usage
		Usr 0 00:37:55, Sys 0 00:00:24  -  Total Remote Usage
		Usr 0 00:00:00, Sys 0 00:00:00  -  Total Local Usage
	331  -  Run Bytes Sent By Job
	148880  -  Run Bytes Received By Job
	331  -  Total Bytes Sent By Job
	148880  -  Total Bytes Received By Job
	Partitionable Resources :    Usage  Request Allocated 
	   Cpus                 :     1.00        1         1 
	   Disk (KB)            :   163     2097152   6681178 
	   Memory (MB)          :   140        4096      4096 
	   xferslots            :                           0 

	Job terminated of its own accord at 2026-01-21T12:39:46Z with exit-code 0.
...
