000 (15690120.702.000) 2026-01-20 07:35:56 Job submitted from host: <130.199.48.129:9618?addrs=130.199.48.129-9618&alias=rcas6009.rcf.bnl.gov&noUDP&sock=schedd_22421_101d>
...
040 (15690120.702.000) 2026-01-21 11:46:28 Started transferring input files
	Transferring to host: <130.199.186.89:9618?addrs=130.199.186.89-9618&alias=spool1852.sdcc.bnl.gov&noUDP&sock=slot1_21_94012_d731_382619>
...
040 (15690120.702.000) 2026-01-21 11:46:28 Finished transferring input files
...
001 (15690120.702.000) 2026-01-21 11:46:29 Job executing on host: <130.199.186.89:9618?addrs=130.199.186.89-9618&alias=spool1852.sdcc.bnl.gov&noUDP&sock=startd_94003_dcbe>
...
006 (15690120.702.000) 2026-01-21 11:46:38 Image size of job updated: 423328
	75  -  MemoryUsage of job (MB)
	76188  -  ResidentSetSize of job (KB)
...
006 (15690120.702.000) 2026-01-21 11:51:39 Image size of job updated: 450212
	104  -  MemoryUsage of job (MB)
	106060  -  ResidentSetSize of job (KB)
...
006 (15690120.702.000) 2026-01-21 11:56:39 Image size of job updated: 450212
	104  -  MemoryUsage of job (MB)
	106076  -  ResidentSetSize of job (KB)
...
040 (15690120.702.000) 2026-01-21 11:56:41 Started transferring output files
...
040 (15690120.702.000) 2026-01-21 11:56:41 Finished transferring output files
...
005 (15690120.702.000) 2026-01-21 11:56:41 Job terminated.
	(1) Normal termination (return value 0)
		Usr 0 00:10:00, Sys 0 00:00:10  -  Run Remote Usage
		Usr 0 00:00:00, Sys 0 00:00:00  -  Run Local Usage
		Usr 0 00:10:00, Sys 0 00:00:10  -  Total Remote Usage
		Usr 0 00:00:00, Sys 0 00:00:00  -  Total Local Usage
	191  -  Run Bytes Sent By Job
	148880  -  Run Bytes Received By Job
	191  -  Total Bytes Sent By Job
	148880  -  Total Bytes Received By Job
	Partitionable Resources :    Usage  Request Allocated 
	   Cpus                 :     1.00        1         1 
	   Disk (KB)            :   164     2097152   6681569 
	   Memory (MB)          :   104        4096      4096 
	   xferslots            :                           0 

	Job terminated of its own accord at 2026-01-21T16:56:41Z with exit-code 0.
...
