000 (15564188.535.000) 2026-01-07 21:29:40 Job submitted from host: <130.199.48.129:9618?addrs=130.199.48.129-9618&alias=rcas6009.rcf.bnl.gov&noUDP&sock=schedd_22421_101d>
...
040 (15564188.535.000) 2026-01-08 01:23:52 Started transferring input files
	Transferring to host: <130.199.186.89:9618?addrs=130.199.186.89-9618&alias=spool1852.sdcc.bnl.gov&noUDP&sock=slot1_16_94012_d731_246052>
...
040 (15564188.535.000) 2026-01-08 01:23:52 Finished transferring input files
...
001 (15564188.535.000) 2026-01-08 01:23:54 Job executing on host: <130.199.186.89:9618?addrs=130.199.186.89-9618&alias=spool1852.sdcc.bnl.gov&noUDP&sock=startd_94003_dcbe>
...
006 (15564188.535.000) 2026-01-08 01:24:02 Image size of job updated: 110160
	78  -  MemoryUsage of job (MB)
	79272  -  ResidentSetSize of job (KB)
...
006 (15564188.535.000) 2026-01-08 01:29:02 Image size of job updated: 450412
	122  -  MemoryUsage of job (MB)
	124636  -  ResidentSetSize of job (KB)
...
040 (15564188.535.000) 2026-01-08 01:36:39 Started transferring output files
...
040 (15564188.535.000) 2026-01-08 01:36:39 Finished transferring output files
...
005 (15564188.535.000) 2026-01-08 01:36:39 Job terminated.
	(1) Normal termination (return value 0)
		Usr 0 00:11:44, Sys 0 00:00:13  -  Run Remote Usage
		Usr 0 00:00:00, Sys 0 00:00:00  -  Run Local Usage
		Usr 0 00:11:44, Sys 0 00:00:13  -  Total Remote Usage
		Usr 0 00:00:00, Sys 0 00:00:00  -  Total Local Usage
	261  -  Run Bytes Sent By Job
	144352  -  Run Bytes Received By Job
	261  -  Total Bytes Sent By Job
	144352  -  Total Bytes Received By Job
	Partitionable Resources :    Usage  Request Allocated 
	   Cpus                 :     0.90        1         1 
	   Disk (KB)            :   159     2097152   6681569 
	   Memory (MB)          :   122        4096      4096 
	   xferslots            :                           0 

	Job terminated of its own accord at 2026-01-08T06:36:39Z with exit-code 0.
...
