000 (16235385.1013.000) 2026-01-23 10:57:30 Job submitted from host: <130.199.48.128:9618?addrs=130.199.48.128-9618&alias=rcas6008.rcf.bnl.gov&noUDP&sock=schedd_18725_535a>
...
040 (16235385.1013.000) 2026-01-23 12:28:02 Started transferring input files
	Transferring to host: <130.199.151.20:9618?addrs=130.199.151.20-9618&alias=spool1598.sdcc.bnl.gov&noUDP&sock=slot1_92_29322_cc12_263693>
...
040 (16235385.1013.000) 2026-01-23 12:28:02 Finished transferring input files
...
001 (16235385.1013.000) 2026-01-23 12:28:03 Job executing on host: <130.199.151.20:9618?addrs=130.199.151.20-9618&alias=spool1598.sdcc.bnl.gov&noUDP&sock=startd_29313_4b3f>
...
006 (16235385.1013.000) 2026-01-23 12:28:12 Image size of job updated: 107920
	75  -  MemoryUsage of job (MB)
	76484  -  ResidentSetSize of job (KB)
...
006 (16235385.1013.000) 2026-01-23 12:33:13 Image size of job updated: 424064
	97  -  MemoryUsage of job (MB)
	98828  -  ResidentSetSize of job (KB)
...
040 (16235385.1013.000) 2026-01-23 12:41:28 Started transferring output files
...
040 (16235385.1013.000) 2026-01-23 12:41:28 Finished transferring output files
...
005 (16235385.1013.000) 2026-01-23 12:41:28 Job terminated.
	(1) Normal termination (return value 0)
		Usr 0 00:13:15, Sys 0 00:00:08  -  Run Remote Usage
		Usr 0 00:00:00, Sys 0 00:00:00  -  Run Local Usage
		Usr 0 00:13:15, Sys 0 00:00:08  -  Total Remote Usage
		Usr 0 00:00:00, Sys 0 00:00:00  -  Total Local Usage
	205  -  Run Bytes Sent By Job
	148880  -  Run Bytes Received By Job
	205  -  Total Bytes Sent By Job
	148880  -  Total Bytes Received By Job
	Partitionable Resources :    Usage  Request Allocated 
	   Cpus                 :     1.00        1         1 
	   Disk (KB)            :   164     2097152   6681198 
	   Memory (MB)          :    97        4096      4096 
	   xferslots            :                           0 

	Job terminated of its own accord at 2026-01-23T17:41:28Z with exit-code 0.
...
