000 (15560432.320.000) 2026-01-07 17:58:16 Job submitted from host: <130.199.48.129:9618?addrs=130.199.48.129-9618&alias=rcas6009.rcf.bnl.gov&noUDP&sock=schedd_22421_101d>
...
040 (15560432.320.000) 2026-01-07 20:05:57 Started transferring input files
	Transferring to host: <130.199.151.31:9618?addrs=130.199.151.31-9618&alias=spool1609.sdcc.bnl.gov&noUDP&sock=slot1_21_94980_a7e9_182131>
...
040 (15560432.320.000) 2026-01-07 20:05:57 Finished transferring input files
...
001 (15560432.320.000) 2026-01-07 20:05:58 Job executing on host: <130.199.151.31:9618?addrs=130.199.151.31-9618&alias=spool1609.sdcc.bnl.gov&noUDP&sock=startd_94972_89de>
...
006 (15560432.320.000) 2026-01-07 20:06:07 Image size of job updated: 422844
	96  -  MemoryUsage of job (MB)
	97788  -  ResidentSetSize of job (KB)
...
006 (15560432.320.000) 2026-01-07 20:11:08 Image size of job updated: 424636
	97  -  MemoryUsage of job (MB)
	99052  -  ResidentSetSize of job (KB)
...
040 (15560432.320.000) 2026-01-07 20:14:36 Started transferring output files
...
040 (15560432.320.000) 2026-01-07 20:14:36 Finished transferring output files
...
005 (15560432.320.000) 2026-01-07 20:14:36 Job terminated.
	(1) Normal termination (return value 0)
		Usr 0 00:08:28, Sys 0 00:00:08  -  Run Remote Usage
		Usr 0 00:00:00, Sys 0 00:00:00  -  Run Local Usage
		Usr 0 00:08:28, Sys 0 00:00:08  -  Total Remote Usage
		Usr 0 00:00:00, Sys 0 00:00:00  -  Total Local Usage
	219  -  Run Bytes Sent By Job
	144352  -  Run Bytes Received By Job
	219  -  Total Bytes Sent By Job
	144352  -  Total Bytes Received By Job
	Partitionable Resources :    Usage  Request Allocated 
	   Cpus                 :     0.99        1         1 
	   Disk (KB)            :   159     2097152   6681162 
	   Memory (MB)          :    97        4096      4096 
	   xferslots            :                           0 

	Job terminated of its own accord at 2026-01-08T01:14:36Z with exit-code 0.
...
