000 (15690120.1010.000) 2026-01-20 07:35:57 Job submitted from host: <130.199.48.129:9618?addrs=130.199.48.129-9618&alias=rcas6009.rcf.bnl.gov&noUDP&sock=schedd_22421_101d>
...
040 (15690120.1010.000) 2026-01-21 14:46:09 Started transferring input files
	Transferring to host: <130.199.151.30:9618?addrs=130.199.151.30-9618&alias=spool1608.sdcc.bnl.gov&noUDP&sock=slot1_46_96495_66a3_249382>
...
040 (15690120.1010.000) 2026-01-21 14:46:09 Finished transferring input files
...
001 (15690120.1010.000) 2026-01-21 14:46:10 Job executing on host: <130.199.151.30:9618?addrs=130.199.151.30-9618&alias=spool1608.sdcc.bnl.gov&noUDP&sock=startd_96487_0455>
...
006 (15690120.1010.000) 2026-01-21 14:46:18 Image size of job updated: 104532
	72  -  MemoryUsage of job (MB)
	73096  -  ResidentSetSize of job (KB)
...
006 (15690120.1010.000) 2026-01-21 14:51:18 Image size of job updated: 450204
	95  -  MemoryUsage of job (MB)
	96452  -  ResidentSetSize of job (KB)
...
040 (15690120.1010.000) 2026-01-21 14:56:14 Started transferring output files
...
040 (15690120.1010.000) 2026-01-21 14:56:14 Finished transferring output files
...
005 (15690120.1010.000) 2026-01-21 14:56:14 Job terminated.
	(1) Normal termination (return value 0)
		Usr 0 00:09:53, Sys 0 00:00:06  -  Run Remote Usage
		Usr 0 00:00:00, Sys 0 00:00:00  -  Run Local Usage
		Usr 0 00:09:53, Sys 0 00:00:06  -  Total Remote Usage
		Usr 0 00:00:00, Sys 0 00:00:00  -  Total Local Usage
	149  -  Run Bytes Sent By Job
	148880  -  Run Bytes Received By Job
	149  -  Total Bytes Sent By Job
	148880  -  Total Bytes Received By Job
	Partitionable Resources :    Usage  Request Allocated 
	   Cpus                 :     0.99        1         1 
	   Disk (KB)            :   164     2097152   6681194 
	   Memory (MB)          :    95        4096      4096 
	   xferslots            :                           0 

	Job terminated of its own accord at 2026-01-21T19:56:13Z with exit-code 0.
...
