000 (15690120.166.000) 2026-01-20 07:35:55 Job submitted from host: <130.199.48.129:9618?addrs=130.199.48.129-9618&alias=rcas6009.rcf.bnl.gov&noUDP&sock=schedd_22421_101d>
...
040 (15690120.166.000) 2026-01-20 23:24:00 Started transferring input files
	Transferring to host: <130.199.151.28:9618?addrs=130.199.151.28-9618&alias=spool1606.sdcc.bnl.gov&noUDP&sock=slot1_92_25111_33f0_244863>
...
040 (15690120.166.000) 2026-01-20 23:24:00 Finished transferring input files
...
001 (15690120.166.000) 2026-01-20 23:24:01 Job executing on host: <130.199.151.28:9618?addrs=130.199.151.28-9618&alias=spool1606.sdcc.bnl.gov&noUDP&sock=startd_25102_90cb>
...
006 (15690120.166.000) 2026-01-20 23:24:09 Image size of job updated: 201996
	88  -  MemoryUsage of job (MB)
	90044  -  ResidentSetSize of job (KB)
...
006 (15690120.166.000) 2026-01-20 23:29:09 Image size of job updated: 695344
	125  -  MemoryUsage of job (MB)
	127056  -  ResidentSetSize of job (KB)
...
006 (15690120.166.000) 2026-01-20 23:34:10 Image size of job updated: 695344
	125  -  MemoryUsage of job (MB)
	127088  -  ResidentSetSize of job (KB)
...
006 (15690120.166.000) 2026-01-20 23:39:10 Image size of job updated: 695344
	126  -  MemoryUsage of job (MB)
	128944  -  ResidentSetSize of job (KB)
...
006 (15690120.166.000) 2026-01-20 23:49:12 Image size of job updated: 695344
	127  -  MemoryUsage of job (MB)
	129220  -  ResidentSetSize of job (KB)
...
006 (15690120.166.000) 2026-01-21 00:09:14 Image size of job updated: 695344
	132  -  MemoryUsage of job (MB)
	134500  -  ResidentSetSize of job (KB)
...
006 (15690120.166.000) 2026-01-21 00:19:15 Image size of job updated: 695344
	132  -  MemoryUsage of job (MB)
	134920  -  ResidentSetSize of job (KB)
...
040 (15690120.166.000) 2026-01-21 00:22:27 Started transferring output files
...
040 (15690120.166.000) 2026-01-21 00:22:27 Finished transferring output files
...
005 (15690120.166.000) 2026-01-21 00:22:27 Job terminated.
	(1) Normal termination (return value 0)
		Usr 0 00:55:25, Sys 0 00:02:10  -  Run Remote Usage
		Usr 0 00:00:00, Sys 0 00:00:00  -  Run Local Usage
		Usr 0 00:55:25, Sys 0 00:02:10  -  Total Remote Usage
		Usr 0 00:00:00, Sys 0 00:00:00  -  Total Local Usage
	373  -  Run Bytes Sent By Job
	148880  -  Run Bytes Received By Job
	373  -  Total Bytes Sent By Job
	148880  -  Total Bytes Received By Job
	Partitionable Resources :    Usage  Request Allocated 
	   Cpus                 :     0.98        1         1 
	   Disk (KB)            :   164     2097152   6681186 
	   Memory (MB)          :   132        4096      4096 
	   xferslots            :                           0 

	Job terminated of its own accord at 2026-01-21T05:22:27Z with exit-code 0.
...
