000 (15690120.1019.000) 2026-01-20 07:35:57 Job submitted from host: <130.199.48.129:9618?addrs=130.199.48.129-9618&alias=rcas6009.rcf.bnl.gov&noUDP&sock=schedd_22421_101d>
...
040 (15690120.1019.000) 2026-01-21 14:52:48 Started transferring input files
	Transferring to host: <130.199.186.92:9618?addrs=130.199.186.92-9618&alias=spool1855.sdcc.bnl.gov&noUDP&sock=slot1_66_96054_bf16_247757>
...
040 (15690120.1019.000) 2026-01-21 14:52:48 Finished transferring input files
...
001 (15690120.1019.000) 2026-01-21 14:52:49 Job executing on host: <130.199.186.92:9618?addrs=130.199.186.92-9618&alias=spool1855.sdcc.bnl.gov&noUDP&sock=startd_96045_2127>
...
006 (15690120.1019.000) 2026-01-21 14:52:58 Image size of job updated: 422452
	78  -  MemoryUsage of job (MB)
	79480  -  ResidentSetSize of job (KB)
...
006 (15690120.1019.000) 2026-01-21 14:57:59 Image size of job updated: 424352
	99  -  MemoryUsage of job (MB)
	100704  -  ResidentSetSize of job (KB)
...
006 (15690120.1019.000) 2026-01-21 15:08:00 Image size of job updated: 424352
	99  -  MemoryUsage of job (MB)
	100708  -  ResidentSetSize of job (KB)
...
006 (15690120.1019.000) 2026-01-21 15:13:01 Image size of job updated: 424352
	99  -  MemoryUsage of job (MB)
	100712  -  ResidentSetSize of job (KB)
...
040 (15690120.1019.000) 2026-01-21 15:14:13 Started transferring output files
...
040 (15690120.1019.000) 2026-01-21 15:14:13 Finished transferring output files
...
005 (15690120.1019.000) 2026-01-21 15:14:13 Job terminated.
	(1) Normal termination (return value 0)
		Usr 0 00:21:04, Sys 0 00:00:14  -  Run Remote Usage
		Usr 0 00:00:00, Sys 0 00:00:00  -  Run Local Usage
		Usr 0 00:21:04, Sys 0 00:00:14  -  Total Remote Usage
		Usr 0 00:00:00, Sys 0 00:00:00  -  Total Local Usage
	219  -  Run Bytes Sent By Job
	148880  -  Run Bytes Received By Job
	219  -  Total Bytes Sent By Job
	148880  -  Total Bytes Received By Job
	Partitionable Resources :    Usage  Request Allocated 
	   Cpus                 :     0.99        1         1 
	   Disk (KB)            :   164     2097152   6681574 
	   Memory (MB)          :    99        4096      4096 
	   xferslots            :                           0 

	Job terminated of its own accord at 2026-01-21T20:14:13Z with exit-code 0.
...
