000 (15564188.1036.000) 2026-01-07 21:29:41 Job submitted from host: <130.199.48.129:9618?addrs=130.199.48.129-9618&alias=rcas6009.rcf.bnl.gov&noUDP&sock=schedd_22421_101d>
...
040 (15564188.1036.000) 2026-01-08 02:05:46 Started transferring input files
	Transferring to host: <130.199.184.196:9618?addrs=130.199.184.196-9618&alias=spool1771.sdcc.bnl.gov&noUDP&sock=slot1_47_93929_8cb3_191830>
...
040 (15564188.1036.000) 2026-01-08 02:05:46 Finished transferring input files
...
001 (15564188.1036.000) 2026-01-08 02:05:47 Job executing on host: <130.199.184.196:9618?addrs=130.199.184.196-9618&alias=spool1771.sdcc.bnl.gov&noUDP&sock=startd_93920_9805>
...
006 (15564188.1036.000) 2026-01-08 02:05:55 Image size of job updated: 349660
	50  -  MemoryUsage of job (MB)
	50228  -  ResidentSetSize of job (KB)
...
006 (15564188.1036.000) 2026-01-08 02:10:55 Image size of job updated: 447804
	108  -  MemoryUsage of job (MB)
	110272  -  ResidentSetSize of job (KB)
...
040 (15564188.1036.000) 2026-01-08 02:14:49 Started transferring output files
...
040 (15564188.1036.000) 2026-01-08 02:14:49 Finished transferring output files
...
005 (15564188.1036.000) 2026-01-08 02:14:49 Job terminated.
	(1) Normal termination (return value 0)
		Usr 0 00:08:26, Sys 0 00:00:09  -  Run Remote Usage
		Usr 0 00:00:00, Sys 0 00:00:00  -  Run Local Usage
		Usr 0 00:08:26, Sys 0 00:00:09  -  Total Remote Usage
		Usr 0 00:00:00, Sys 0 00:00:00  -  Total Local Usage
	205  -  Run Bytes Sent By Job
	144352  -  Run Bytes Received By Job
	205  -  Total Bytes Sent By Job
	144352  -  Total Bytes Received By Job
	Partitionable Resources :    Usage  Request Allocated 
	   Cpus                 :     0.99        1         1 
	   Disk (KB)            :   159     2097152   6681509 
	   Memory (MB)          :   108        4096      4096 
	   xferslots            :                           0 

	Job terminated of its own accord at 2026-01-08T07:14:48Z with exit-code 0.
...
