000 (15564188.1204.000) 2026-01-07 21:29:42 Job submitted from host: <130.199.48.129:9618?addrs=130.199.48.129-9618&alias=rcas6009.rcf.bnl.gov&noUDP&sock=schedd_22421_101d>
...
040 (15564188.1204.000) 2026-01-08 02:13:35 Started transferring input files
	Transferring to host: <130.199.150.72:9618?addrs=130.199.150.72-9618&alias=spool1553.sdcc.bnl.gov&noUDP&sock=slot1_84_35675_244e_192454>
...
040 (15564188.1204.000) 2026-01-08 02:13:35 Finished transferring input files
...
001 (15564188.1204.000) 2026-01-08 02:13:36 Job executing on host: <130.199.150.72:9618?addrs=130.199.150.72-9618&alias=spool1553.sdcc.bnl.gov&noUDP&sock=startd_35666_f030>
...
006 (15564188.1204.000) 2026-01-08 02:13:45 Image size of job updated: 420036
	81  -  MemoryUsage of job (MB)
	82792  -  ResidentSetSize of job (KB)
...
006 (15564188.1204.000) 2026-01-08 02:16:25 Image size of job updated: 448612
	81  -  MemoryUsage of job (MB)
	82792  -  ResidentSetSize of job (KB)
...
040 (15564188.1204.000) 2026-01-08 02:16:26 Started transferring output files
...
040 (15564188.1204.000) 2026-01-08 02:16:26 Finished transferring output files
...
005 (15564188.1204.000) 2026-01-08 02:16:26 Job terminated.
	(1) Normal termination (return value 0)
		Usr 0 00:02:33, Sys 0 00:00:03  -  Run Remote Usage
		Usr 0 00:00:00, Sys 0 00:00:00  -  Run Local Usage
		Usr 0 00:02:33, Sys 0 00:00:03  -  Total Remote Usage
		Usr 0 00:00:00, Sys 0 00:00:00  -  Total Local Usage
	149  -  Run Bytes Sent By Job
	144352  -  Run Bytes Received By Job
	149  -  Total Bytes Sent By Job
	144352  -  Total Bytes Received By Job
	Partitionable Resources :    Usage  Request Allocated 
	   Cpus                 :                 1         1 
	   Disk (KB)            :      153  2097152   6681183 
	   Memory (MB)          :       81     4096      4096 
	   xferslots            :                           0 

	Job terminated of its own accord at 2026-01-08T07:16:25Z with exit-code 0.
...
