000 (15564188.740.000) 2026-01-07 21:29:41 Job submitted from host: <130.199.48.129:9618?addrs=130.199.48.129-9618&alias=rcas6009.rcf.bnl.gov&noUDP&sock=schedd_22421_101d>
...
040 (15564188.740.000) 2026-01-08 01:47:02 Started transferring input files
	Transferring to host: <130.199.186.16:9618?addrs=130.199.186.16-9618&alias=spool1813.sdcc.bnl.gov&noUDP&sock=slot1_11_93983_6cf9_189107>
...
040 (15564188.740.000) 2026-01-08 01:47:02 Finished transferring input files
...
001 (15564188.740.000) 2026-01-08 01:47:03 Job executing on host: <130.199.186.16:9618?addrs=130.199.186.16-9618&alias=spool1813.sdcc.bnl.gov&noUDP&sock=startd_93974_af24>
...
006 (15564188.740.000) 2026-01-08 01:47:11 Image size of job updated: 102752
	0  -  MemoryUsage of job (MB)
	0  -  ResidentSetSize of job (KB)
...
040 (15564188.740.000) 2026-01-08 01:47:11 Started transferring output files
...
040 (15564188.740.000) 2026-01-08 01:47:11 Finished transferring output files
...
005 (15564188.740.000) 2026-01-08 01:47:11 Job terminated.
	(1) Normal termination (return value 0)
		Usr 0 00:00:00, Sys 0 00:00:00  -  Run Remote Usage
		Usr 0 00:00:00, Sys 0 00:00:00  -  Run Local Usage
		Usr 0 00:00:00, Sys 0 00:00:00  -  Total Remote Usage
		Usr 0 00:00:00, Sys 0 00:00:00  -  Total Local Usage
	9  -  Run Bytes Sent By Job
	144352  -  Run Bytes Received By Job
	9  -  Total Bytes Sent By Job
	144352  -  Total Bytes Received By Job
	Partitionable Resources :    Usage  Request Allocated 
	   Cpus                 :                 1         1 
	   Disk (KB)            :      152  2097152   6681559 
	   Memory (MB)          :        0     4096      4096 
	   xferslots            :                           0 

	Job terminated of its own accord at 2026-01-08T06:47:11Z with exit-code 0.
...
