000 (16235385.064.000) 2026-01-23 10:57:26 Job submitted from host: <130.199.48.128:9618?addrs=130.199.48.128-9618&alias=rcas6008.rcf.bnl.gov&noUDP&sock=schedd_18725_535a>
...
040 (16235385.064.000) 2026-01-23 11:13:49 Started transferring input files
	Transferring to host: <130.199.186.88:9618?addrs=130.199.186.88-9618&alias=spool1851.sdcc.bnl.gov&noUDP&sock=slot1_70_96118_01c7_326417>
...
040 (16235385.064.000) 2026-01-23 11:13:49 Finished transferring input files
...
001 (16235385.064.000) 2026-01-23 11:13:50 Job executing on host: <130.199.186.88:9618?addrs=130.199.186.88-9618&alias=spool1851.sdcc.bnl.gov&noUDP&sock=startd_96110_b380>
...
006 (16235385.064.000) 2026-01-23 11:13:59 Image size of job updated: 420976
	77  -  MemoryUsage of job (MB)
	78144  -  ResidentSetSize of job (KB)
...
006 (16235385.064.000) 2026-01-23 11:19:00 Image size of job updated: 424364
	104  -  MemoryUsage of job (MB)
	105696  -  ResidentSetSize of job (KB)
...
006 (16235385.064.000) 2026-01-23 11:24:00 Image size of job updated: 424364
	104  -  MemoryUsage of job (MB)
	105776  -  ResidentSetSize of job (KB)
...
006 (16235385.064.000) 2026-01-23 11:29:00 Image size of job updated: 424364
	104  -  MemoryUsage of job (MB)
	105804  -  ResidentSetSize of job (KB)
...
040 (16235385.064.000) 2026-01-23 11:33:26 Started transferring output files
...
040 (16235385.064.000) 2026-01-23 11:33:26 Finished transferring output files
...
005 (16235385.064.000) 2026-01-23 11:33:26 Job terminated.
	(1) Normal termination (return value 0)
		Usr 0 00:19:22, Sys 0 00:00:11  -  Run Remote Usage
		Usr 0 00:00:00, Sys 0 00:00:00  -  Run Local Usage
		Usr 0 00:19:22, Sys 0 00:00:11  -  Total Remote Usage
		Usr 0 00:00:00, Sys 0 00:00:00  -  Total Local Usage
	247  -  Run Bytes Sent By Job
	148880  -  Run Bytes Received By Job
	247  -  Total Bytes Sent By Job
	148880  -  Total Bytes Received By Job
	Partitionable Resources :    Usage  Request Allocated 
	   Cpus                 :     0.99        1         1 
	   Disk (KB)            :   164     2097152   6681618 
	   Memory (MB)          :   104        4096      4096 
	   xferslots            :                           0 

	Job terminated of its own accord at 2026-01-23T16:33:25Z with exit-code 0.
...
