000 (15690120.284.000) 2026-01-20 07:35:55 Job submitted from host: <130.199.48.129:9618?addrs=130.199.48.129-9618&alias=rcas6009.rcf.bnl.gov&noUDP&sock=schedd_22421_101d>
...
040 (15690120.284.000) 2026-01-21 04:13:04 Started transferring input files
	Transferring to host: <130.199.184.213:9618?addrs=130.199.184.213-9618&alias=spool1788.sdcc.bnl.gov&noUDP&sock=slot1_45_95861_39f8_255910>
...
040 (15690120.284.000) 2026-01-21 04:13:04 Finished transferring input files
...
001 (15690120.284.000) 2026-01-21 04:13:05 Job executing on host: <130.199.184.213:9618?addrs=130.199.184.213-9618&alias=spool1788.sdcc.bnl.gov&noUDP&sock=startd_95852_0c25>
...
006 (15690120.284.000) 2026-01-21 04:13:14 Image size of job updated: 109188
	76  -  MemoryUsage of job (MB)
	77740  -  ResidentSetSize of job (KB)
...
006 (15690120.284.000) 2026-01-21 04:18:14 Image size of job updated: 450672
	111  -  MemoryUsage of job (MB)
	113464  -  ResidentSetSize of job (KB)
...
040 (15690120.284.000) 2026-01-21 04:29:11 Started transferring output files
...
040 (15690120.284.000) 2026-01-21 04:29:11 Finished transferring output files
...
005 (15690120.284.000) 2026-01-21 04:29:11 Job terminated.
	(1) Normal termination (return value 0)
		Usr 0 00:15:52, Sys 0 00:00:11  -  Run Remote Usage
		Usr 0 00:00:00, Sys 0 00:00:00  -  Run Local Usage
		Usr 0 00:15:52, Sys 0 00:00:11  -  Total Remote Usage
		Usr 0 00:00:00, Sys 0 00:00:00  -  Total Local Usage
	219  -  Run Bytes Sent By Job
	148880  -  Run Bytes Received By Job
	219  -  Total Bytes Sent By Job
	148880  -  Total Bytes Received By Job
	Partitionable Resources :    Usage  Request Allocated 
	   Cpus                 :     0.99        1         1 
	   Disk (KB)            :   164     2097152   6681567 
	   Memory (MB)          :   111        4096      4096 
	   xferslots            :                           0 

	Job terminated of its own accord at 2026-01-21T09:29:11Z with exit-code 0.
...
