000 (15697407.098.000) 2026-01-21 18:36:41 Job submitted from host: <130.199.48.129:9618?addrs=130.199.48.129-9618&alias=rcas6009.rcf.bnl.gov&noUDP&sock=schedd_22421_101d>
...
040 (15697407.098.000) 2026-01-21 21:03:45 Started transferring input files
	Transferring to host: <130.199.150.87:9618?addrs=130.199.150.87-9618&alias=spool1568.sdcc.bnl.gov&noUDP&sock=slot1_23_25189_cd38_257508>
...
040 (15697407.098.000) 2026-01-21 21:03:45 Finished transferring input files
...
001 (15697407.098.000) 2026-01-21 21:03:46 Job executing on host: <130.199.150.87:9618?addrs=130.199.150.87-9618&alias=spool1568.sdcc.bnl.gov&noUDP&sock=startd_25180_4069>
...
006 (15697407.098.000) 2026-01-21 21:03:55 Image size of job updated: 420972
	77  -  MemoryUsage of job (MB)
	78208  -  ResidentSetSize of job (KB)
...
006 (15697407.098.000) 2026-01-21 21:08:56 Image size of job updated: 424328
	100  -  MemoryUsage of job (MB)
	101744  -  ResidentSetSize of job (KB)
...
006 (15697407.098.000) 2026-01-21 21:13:56 Image size of job updated: 424464
	100  -  MemoryUsage of job (MB)
	101876  -  ResidentSetSize of job (KB)
...
006 (15697407.098.000) 2026-01-21 21:18:56 Image size of job updated: 424464
	100  -  MemoryUsage of job (MB)
	101948  -  ResidentSetSize of job (KB)
...
040 (15697407.098.000) 2026-01-21 21:21:31 Started transferring output files
...
040 (15697407.098.000) 2026-01-21 21:21:31 Finished transferring output files
...
005 (15697407.098.000) 2026-01-21 21:21:31 Job terminated.
	(1) Normal termination (return value 0)
		Usr 0 00:17:27, Sys 0 00:00:15  -  Run Remote Usage
		Usr 0 00:00:00, Sys 0 00:00:00  -  Run Local Usage
		Usr 0 00:17:27, Sys 0 00:00:15  -  Total Remote Usage
		Usr 0 00:00:00, Sys 0 00:00:00  -  Total Local Usage
	233  -  Run Bytes Sent By Job
	148880  -  Run Bytes Received By Job
	233  -  Total Bytes Sent By Job
	148880  -  Total Bytes Received By Job
	Partitionable Resources :    Usage  Request Allocated 
	   Cpus                 :     1.00        1         1 
	   Disk (KB)            :   164     2097152   6681186 
	   Memory (MB)          :   100        4096      4096 
	   xferslots            :                           0 

	Job terminated of its own accord at 2026-01-22T02:21:31Z with exit-code 0.
...
