000 (15684821.318.000) 2026-01-19 15:56:21 Job submitted from host: <130.199.48.129:9618?addrs=130.199.48.129-9618&alias=rcas6009.rcf.bnl.gov&noUDP&sock=schedd_22421_101d>
...
040 (15684821.318.000) 2026-01-19 16:13:28 Started transferring input files
	Transferring to host: <130.199.150.77:9618?addrs=130.199.150.77-9618&alias=spool1558.sdcc.bnl.gov&noUDP&sock=slot1_63_49269_921f_233630>
...
040 (15684821.318.000) 2026-01-19 16:13:28 Finished transferring input files
...
001 (15684821.318.000) 2026-01-19 16:13:29 Job executing on host: <130.199.150.77:9618?addrs=130.199.150.77-9618&alias=spool1558.sdcc.bnl.gov&noUDP&sock=startd_49259_f37d>
...
006 (15684821.318.000) 2026-01-19 16:13:37 Image size of job updated: 347152
	96  -  MemoryUsage of job (MB)
	97488  -  ResidentSetSize of job (KB)
...
006 (15684821.318.000) 2026-01-19 16:18:37 Image size of job updated: 448036
	116  -  MemoryUsage of job (MB)
	118536  -  ResidentSetSize of job (KB)
...
006 (15684821.318.000) 2026-01-19 16:28:38 Image size of job updated: 448036
	116  -  MemoryUsage of job (MB)
	118540  -  ResidentSetSize of job (KB)
...
040 (15684821.318.000) 2026-01-19 16:39:49 Started transferring output files
...
040 (15684821.318.000) 2026-01-19 16:39:49 Finished transferring output files
...
005 (15684821.318.000) 2026-01-19 16:39:49 Job terminated.
	(1) Normal termination (return value 0)
		Usr 0 00:24:51, Sys 0 00:00:15  -  Run Remote Usage
		Usr 0 00:00:00, Sys 0 00:00:00  -  Run Local Usage
		Usr 0 00:24:51, Sys 0 00:00:15  -  Total Remote Usage
		Usr 0 00:00:00, Sys 0 00:00:00  -  Total Local Usage
	247  -  Run Bytes Sent By Job
	148880  -  Run Bytes Received By Job
	247  -  Total Bytes Sent By Job
	148880  -  Total Bytes Received By Job
	Partitionable Resources :    Usage  Request Allocated 
	   Cpus                 :     0.95        1         1 
	   Disk (KB)            :   164     2097152   6681195 
	   Memory (MB)          :   116        4096      4096 
	   xferslots            :                           0 

	Job terminated of its own accord at 2026-01-19T21:39:48Z with exit-code 0.
...
