000 (15684821.466.000) 2026-01-19 15:56:21 Job submitted from host: <130.199.48.129:9618?addrs=130.199.48.129-9618&alias=rcas6009.rcf.bnl.gov&noUDP&sock=schedd_22421_101d>
...
040 (15684821.466.000) 2026-01-19 16:21:21 Started transferring input files
	Transferring to host: <130.199.186.66:9618?addrs=130.199.186.66-9618&alias=spool1829.sdcc.bnl.gov&noUDP&sock=slot1_79_93926_5593_252030>
...
040 (15684821.466.000) 2026-01-19 16:21:21 Finished transferring input files
...
001 (15684821.466.000) 2026-01-19 16:21:22 Job executing on host: <130.199.186.66:9618?addrs=130.199.186.66-9618&alias=spool1829.sdcc.bnl.gov&noUDP&sock=startd_93917_a4f5>
...
006 (15684821.466.000) 2026-01-19 16:21:31 Image size of job updated: 421552
	77  -  MemoryUsage of job (MB)
	78752  -  ResidentSetSize of job (KB)
...
006 (15684821.466.000) 2026-01-19 16:26:31 Image size of job updated: 450996
	116  -  MemoryUsage of job (MB)
	118632  -  ResidentSetSize of job (KB)
...
040 (15684821.466.000) 2026-01-19 16:45:00 Started transferring output files
...
040 (15684821.466.000) 2026-01-19 16:45:00 Finished transferring output files
...
005 (15684821.466.000) 2026-01-19 16:45:00 Job terminated.
	(1) Normal termination (return value 0)
		Usr 0 00:22:11, Sys 0 00:00:15  -  Run Remote Usage
		Usr 0 00:00:00, Sys 0 00:00:00  -  Run Local Usage
		Usr 0 00:22:11, Sys 0 00:00:15  -  Total Remote Usage
		Usr 0 00:00:00, Sys 0 00:00:00  -  Total Local Usage
	233  -  Run Bytes Sent By Job
	148880  -  Run Bytes Received By Job
	233  -  Total Bytes Sent By Job
	148880  -  Total Bytes Received By Job
	Partitionable Resources :    Usage  Request Allocated 
	   Cpus                 :     0.95        1         1 
	   Disk (KB)            :   164     2097152   6681577 
	   Memory (MB)          :   116        4096      4096 
	   xferslots            :                           0 

	Job terminated of its own accord at 2026-01-19T21:44:59Z with exit-code 0.
...
