000 (15690120.191.000) 2026-01-20 07:35:55 Job submitted from host: <130.199.48.129:9618?addrs=130.199.48.129-9618&alias=rcas6009.rcf.bnl.gov&noUDP&sock=schedd_22421_101d>
...
040 (15690120.191.000) 2026-01-20 23:46:59 Started transferring input files
	Transferring to host: <130.199.150.77:9618?addrs=130.199.150.77-9618&alias=spool1558.sdcc.bnl.gov&noUDP&sock=slot1_87_49269_921f_238450>
...
040 (15690120.191.000) 2026-01-20 23:46:59 Finished transferring input files
...
001 (15690120.191.000) 2026-01-20 23:47:00 Job executing on host: <130.199.150.77:9618?addrs=130.199.150.77-9618&alias=spool1558.sdcc.bnl.gov&noUDP&sock=startd_49259_f37d>
...
006 (15690120.191.000) 2026-01-20 23:47:09 Image size of job updated: 99612
	68  -  MemoryUsage of job (MB)
	68656  -  ResidentSetSize of job (KB)
...
006 (15690120.191.000) 2026-01-20 23:52:00 Image size of job updated: 449388
	68  -  MemoryUsage of job (MB)
	68656  -  ResidentSetSize of job (KB)
...
040 (15690120.191.000) 2026-01-20 23:52:01 Started transferring output files
...
040 (15690120.191.000) 2026-01-20 23:52:01 Finished transferring output files
...
005 (15690120.191.000) 2026-01-20 23:52:01 Job terminated.
	(1) Normal termination (return value 0)
		Usr 0 00:04:46, Sys 0 00:00:04  -  Run Remote Usage
		Usr 0 00:00:00, Sys 0 00:00:00  -  Run Local Usage
		Usr 0 00:04:46, Sys 0 00:00:04  -  Total Remote Usage
		Usr 0 00:00:00, Sys 0 00:00:00  -  Total Local Usage
	109  -  Run Bytes Sent By Job
	148880  -  Run Bytes Received By Job
	109  -  Total Bytes Sent By Job
	148880  -  Total Bytes Received By Job
	Partitionable Resources :    Usage  Request Allocated 
	   Cpus                 :     0.03        1         1 
	   Disk (KB)            :   163     2097152   6681195 
	   Memory (MB)          :    68        4096      4096 
	   xferslots            :                           0 

	Job terminated of its own accord at 2026-01-21T04:52:00Z with exit-code 0.
...
