000 (16235385.248.000) 2026-01-23 10:57:26 Job submitted from host: <130.199.48.128:9618?addrs=130.199.48.128-9618&alias=rcas6008.rcf.bnl.gov&noUDP&sock=schedd_18725_535a>
...
040 (16235385.248.000) 2026-01-23 11:59:38 Started transferring input files
	Transferring to host: <130.199.186.74:9618?addrs=130.199.186.74-9618&alias=spool1837.sdcc.bnl.gov&noUDP&sock=slot1_37_95670_2eef_254552>
...
040 (16235385.248.000) 2026-01-23 11:59:38 Finished transferring input files
...
001 (16235385.248.000) 2026-01-23 11:59:39 Job executing on host: <130.199.186.74:9618?addrs=130.199.186.74-9618&alias=spool1837.sdcc.bnl.gov&noUDP&sock=startd_95661_992d>
...
006 (16235385.248.000) 2026-01-23 11:59:48 Image size of job updated: 118704
	85  -  MemoryUsage of job (MB)
	86728  -  ResidentSetSize of job (KB)
...
006 (16235385.248.000) 2026-01-23 12:04:49 Image size of job updated: 694612
	136  -  MemoryUsage of job (MB)
	139056  -  ResidentSetSize of job (KB)
...
006 (16235385.248.000) 2026-01-23 12:09:50 Image size of job updated: 694612
	138  -  MemoryUsage of job (MB)
	140676  -  ResidentSetSize of job (KB)
...
006 (16235385.248.000) 2026-01-23 12:14:50 Image size of job updated: 694612
	138  -  MemoryUsage of job (MB)
	141160  -  ResidentSetSize of job (KB)
...
006 (16235385.248.000) 2026-01-23 12:24:52 Image size of job updated: 694612
	140  -  MemoryUsage of job (MB)
	143080  -  ResidentSetSize of job (KB)
...
006 (16235385.248.000) 2026-01-23 12:34:52 Image size of job updated: 694612
	142  -  MemoryUsage of job (MB)
	145104  -  ResidentSetSize of job (KB)
...
040 (16235385.248.000) 2026-01-23 12:47:26 Started transferring output files
...
040 (16235385.248.000) 2026-01-23 12:47:26 Finished transferring output files
...
005 (16235385.248.000) 2026-01-23 12:47:26 Job terminated.
	(1) Normal termination (return value 0)
		Usr 0 00:45:53, Sys 0 00:01:35  -  Run Remote Usage
		Usr 0 00:00:00, Sys 0 00:00:00  -  Run Local Usage
		Usr 0 00:45:53, Sys 0 00:01:35  -  Total Remote Usage
		Usr 0 00:00:00, Sys 0 00:00:00  -  Total Local Usage
	373  -  Run Bytes Sent By Job
	148880  -  Run Bytes Received By Job
	373  -  Total Bytes Sent By Job
	148880  -  Total Bytes Received By Job
	Partitionable Resources :    Usage  Request Allocated 
	   Cpus                 :     0.99        1         1 
	   Disk (KB)            :   164     2097152   6681557 
	   Memory (MB)          :   142        4096      4096 
	   xferslots            :                           0 

	Job terminated of its own accord at 2026-01-23T17:47:26Z with exit-code 0.
...
