000 (16235385.320.000) 2026-01-23 10:57:27 Job submitted from host: <130.199.48.128:9618?addrs=130.199.48.128-9618&alias=rcas6008.rcf.bnl.gov&noUDP&sock=schedd_18725_535a>
...
040 (16235385.320.000) 2026-01-23 12:03:05 Started transferring input files
	Transferring to host: <130.199.186.70:9618?addrs=130.199.186.70-9618&alias=spool1833.sdcc.bnl.gov&noUDP&sock=slot1_94_94191_05b8_251454>
...
040 (16235385.320.000) 2026-01-23 12:03:05 Finished transferring input files
...
001 (16235385.320.000) 2026-01-23 12:03:06 Job executing on host: <130.199.186.70:9618?addrs=130.199.186.70-9618&alias=spool1833.sdcc.bnl.gov&noUDP&sock=startd_94182_8376>
...
006 (16235385.320.000) 2026-01-23 12:03:15 Image size of job updated: 59728
	40  -  MemoryUsage of job (MB)
	40736  -  ResidentSetSize of job (KB)
...
006 (16235385.320.000) 2026-01-23 12:08:15 Image size of job updated: 449132
	112  -  MemoryUsage of job (MB)
	114344  -  ResidentSetSize of job (KB)
...
040 (16235385.320.000) 2026-01-23 12:17:20 Started transferring output files
...
040 (16235385.320.000) 2026-01-23 12:17:20 Finished transferring output files
...
005 (16235385.320.000) 2026-01-23 12:17:20 Job terminated.
	(1) Normal termination (return value 0)
		Usr 0 00:13:54, Sys 0 00:00:09  -  Run Remote Usage
		Usr 0 00:00:00, Sys 0 00:00:00  -  Run Local Usage
		Usr 0 00:13:54, Sys 0 00:00:09  -  Total Remote Usage
		Usr 0 00:00:00, Sys 0 00:00:00  -  Total Local Usage
	219  -  Run Bytes Sent By Job
	148880  -  Run Bytes Received By Job
	219  -  Total Bytes Sent By Job
	148880  -  Total Bytes Received By Job
	Partitionable Resources :    Usage  Request Allocated 
	   Cpus                 :     0.99        1         1 
	   Disk (KB)            :   163     2097152   6681512 
	   Memory (MB)          :   112        4096      4096 
	   xferslots            :                           0 

	Job terminated of its own accord at 2026-01-23T17:17:20Z with exit-code 0.
...
