000 (15564188.601.000) 2026-01-07 21:29:40 Job submitted from host: <130.199.48.129:9618?addrs=130.199.48.129-9618&alias=rcas6009.rcf.bnl.gov&noUDP&sock=schedd_22421_101d>
...
040 (15564188.601.000) 2026-01-08 01:33:48 Started transferring input files
	Transferring to host: <130.199.186.27:9618?addrs=130.199.186.27-9618&alias=spool1824.sdcc.bnl.gov&noUDP&sock=slot1_10_94218_f5db_183316>
...
040 (15564188.601.000) 2026-01-08 01:33:48 Finished transferring input files
...
001 (15564188.601.000) 2026-01-08 01:33:49 Job executing on host: <130.199.186.27:9618?addrs=130.199.186.27-9618&alias=spool1824.sdcc.bnl.gov&noUDP&sock=startd_94209_0f05>
...
006 (15564188.601.000) 2026-01-08 01:33:57 Image size of job updated: 421500
	69  -  MemoryUsage of job (MB)
	70240  -  ResidentSetSize of job (KB)
...
006 (15564188.601.000) 2026-01-08 01:37:45 Image size of job updated: 450144
	69  -  MemoryUsage of job (MB)
	70240  -  ResidentSetSize of job (KB)
...
040 (15564188.601.000) 2026-01-08 01:37:46 Started transferring output files
...
040 (15564188.601.000) 2026-01-08 01:37:46 Finished transferring output files
...
005 (15564188.601.000) 2026-01-08 01:37:46 Job terminated.
	(1) Normal termination (return value 0)
		Usr 0 00:03:29, Sys 0 00:00:04  -  Run Remote Usage
		Usr 0 00:00:00, Sys 0 00:00:00  -  Run Local Usage
		Usr 0 00:03:29, Sys 0 00:00:04  -  Total Remote Usage
		Usr 0 00:00:00, Sys 0 00:00:00  -  Total Local Usage
	135  -  Run Bytes Sent By Job
	144352  -  Run Bytes Received By Job
	135  -  Total Bytes Sent By Job
	144352  -  Total Bytes Received By Job
	Partitionable Resources :    Usage  Request Allocated 
	   Cpus                 :     0.95        1         1 
	   Disk (KB)            :   159     2097152   6681576 
	   Memory (MB)          :    69        4096      4096 
	   xferslots            :                           0 

	Job terminated of its own accord at 2026-01-08T06:37:45Z with exit-code 0.
...
