000 (15560432.001.000) 2026-01-07 17:58:15 Job submitted from host: <130.199.48.129:9618?addrs=130.199.48.129-9618&alias=rcas6009.rcf.bnl.gov&noUDP&sock=schedd_22421_101d>
...
040 (15560432.001.000) 2026-01-07 17:59:51 Started transferring input files
	Transferring to host: <130.199.186.89:9618?addrs=130.199.186.89-9618&alias=spool1852.sdcc.bnl.gov&noUDP&sock=slot1_19_94012_d731_244504>
...
040 (15560432.001.000) 2026-01-07 17:59:51 Finished transferring input files
...
001 (15560432.001.000) 2026-01-07 17:59:52 Job executing on host: <130.199.186.89:9618?addrs=130.199.186.89-9618&alias=spool1852.sdcc.bnl.gov&noUDP&sock=startd_94003_dcbe>
...
006 (15560432.001.000) 2026-01-07 18:00:01 Image size of job updated: 422772
	77  -  MemoryUsage of job (MB)
	77900  -  ResidentSetSize of job (KB)
...
006 (15560432.001.000) 2026-01-07 18:01:08 Image size of job updated: 424492
	77  -  MemoryUsage of job (MB)
	77900  -  ResidentSetSize of job (KB)
...
040 (15560432.001.000) 2026-01-07 18:01:08 Started transferring output files
...
040 (15560432.001.000) 2026-01-07 18:01:08 Finished transferring output files
...
005 (15560432.001.000) 2026-01-07 18:01:08 Job terminated.
	(1) Normal termination (return value 0)
		Usr 0 00:01:09, Sys 0 00:00:01  -  Run Remote Usage
		Usr 0 00:00:00, Sys 0 00:00:00  -  Run Local Usage
		Usr 0 00:01:09, Sys 0 00:00:01  -  Total Remote Usage
		Usr 0 00:00:00, Sys 0 00:00:00  -  Total Local Usage
	109  -  Run Bytes Sent By Job
	144352  -  Run Bytes Received By Job
	109  -  Total Bytes Sent By Job
	144352  -  Total Bytes Received By Job
	Partitionable Resources :    Usage  Request Allocated 
	   Cpus                 :     0.98        1         1 
	   Disk (KB)            :   159     2097152   6681569 
	   Memory (MB)          :    77        4096      4096 
	   xferslots            :                           0 

	Job terminated of its own accord at 2026-01-07T23:01:08Z with exit-code 0.
...
