000 (15690120.616.000) 2026-01-20 07:35:56 Job submitted from host: <130.199.48.129:9618?addrs=130.199.48.129-9618&alias=rcas6009.rcf.bnl.gov&noUDP&sock=schedd_22421_101d>
...
040 (15690120.616.000) 2026-01-21 10:36:14 Started transferring input files
	Transferring to host: <130.199.184.204:9618?addrs=130.199.184.204-9618&alias=spool1779.sdcc.bnl.gov&noUDP&sock=slot1_55_94050_e6ca_253558>
...
040 (15690120.616.000) 2026-01-21 10:36:14 Finished transferring input files
...
001 (15690120.616.000) 2026-01-21 10:36:15 Job executing on host: <130.199.184.204:9618?addrs=130.199.184.204-9618&alias=spool1779.sdcc.bnl.gov&noUDP&sock=startd_94041_e388>
...
006 (15690120.616.000) 2026-01-21 10:36:23 Image size of job updated: 448788
	81  -  MemoryUsage of job (MB)
	82456  -  ResidentSetSize of job (KB)
...
006 (15690120.616.000) 2026-01-21 10:41:23 Image size of job updated: 448788
	93  -  MemoryUsage of job (MB)
	95060  -  ResidentSetSize of job (KB)
...
040 (15690120.616.000) 2026-01-21 10:45:42 Started transferring output files
...
040 (15690120.616.000) 2026-01-21 10:45:42 Finished transferring output files
...
005 (15690120.616.000) 2026-01-21 10:45:42 Job terminated.
	(1) Normal termination (return value 0)
		Usr 0 00:09:09, Sys 0 00:00:08  -  Run Remote Usage
		Usr 0 00:00:00, Sys 0 00:00:00  -  Run Local Usage
		Usr 0 00:09:09, Sys 0 00:00:08  -  Total Remote Usage
		Usr 0 00:00:00, Sys 0 00:00:00  -  Total Local Usage
	149  -  Run Bytes Sent By Job
	148880  -  Run Bytes Received By Job
	149  -  Total Bytes Sent By Job
	148880  -  Total Bytes Received By Job
	Partitionable Resources :    Usage  Request Allocated 
	   Cpus                 :     0.99        1         1 
	   Disk (KB)            :   163     2097152   6681567 
	   Memory (MB)          :    93        4096      4096 
	   xferslots            :                           0 

	Job terminated of its own accord at 2026-01-21T15:45:41Z with exit-code 0.
...
