000 (15697407.753.000) 2026-01-21 18:36:42 Job submitted from host: <130.199.48.129:9618?addrs=130.199.48.129-9618&alias=rcas6009.rcf.bnl.gov&noUDP&sock=schedd_22421_101d>
...
040 (15697407.753.000) 2026-01-22 14:40:38 Started transferring input files
	Transferring to host: <130.199.184.212:9618?addrs=130.199.184.212-9618&alias=spool1787.sdcc.bnl.gov&noUDP&sock=slot1_16_94132_743d_287390>
...
040 (15697407.753.000) 2026-01-22 14:40:38 Finished transferring input files
...
001 (15697407.753.000) 2026-01-22 14:40:39 Job executing on host: <130.199.184.212:9618?addrs=130.199.184.212-9618&alias=spool1787.sdcc.bnl.gov&noUDP&sock=startd_94123_d73c>
...
006 (15697407.753.000) 2026-01-22 14:40:48 Image size of job updated: 422408
	73  -  MemoryUsage of job (MB)
	73944  -  ResidentSetSize of job (KB)
...
006 (15697407.753.000) 2026-01-22 14:45:49 Image size of job updated: 424348
	85  -  MemoryUsage of job (MB)
	86620  -  ResidentSetSize of job (KB)
...
040 (15697407.753.000) 2026-01-22 14:47:32 Started transferring output files
...
040 (15697407.753.000) 2026-01-22 14:47:32 Finished transferring output files
...
005 (15697407.753.000) 2026-01-22 14:47:32 Job terminated.
	(1) Normal termination (return value 0)
		Usr 0 00:06:46, Sys 0 00:00:05  -  Run Remote Usage
		Usr 0 00:00:00, Sys 0 00:00:00  -  Run Local Usage
		Usr 0 00:06:46, Sys 0 00:00:05  -  Total Remote Usage
		Usr 0 00:00:00, Sys 0 00:00:00  -  Total Local Usage
	149  -  Run Bytes Sent By Job
	148880  -  Run Bytes Received By Job
	149  -  Total Bytes Sent By Job
	148880  -  Total Bytes Received By Job
	Partitionable Resources :    Usage  Request Allocated 
	   Cpus                 :     1.00        1         1 
	   Disk (KB)            :   164     2097152   6681558 
	   Memory (MB)          :    85        4096      4096 
	   xferslots            :                           0 

	Job terminated of its own accord at 2026-01-22T19:47:32Z with exit-code 0.
...
