000 (16235385.455.000) 2026-01-23 10:57:27 Job submitted from host: <130.199.48.128:9618?addrs=130.199.48.128-9618&alias=rcas6008.rcf.bnl.gov&noUDP&sock=schedd_18725_535a>
...
040 (16235385.455.000) 2026-01-23 12:08:33 Started transferring input files
	Transferring to host: <130.199.184.220:9618?addrs=130.199.184.220-9618&alias=spool1795.sdcc.bnl.gov&noUDP&sock=slot1_84_94169_c6cc_255797>
...
040 (16235385.455.000) 2026-01-23 12:08:33 Finished transferring input files
...
001 (16235385.455.000) 2026-01-23 12:08:34 Job executing on host: <130.199.184.220:9618?addrs=130.199.184.220-9618&alias=spool1795.sdcc.bnl.gov&noUDP&sock=startd_94161_de06>
...
006 (16235385.455.000) 2026-01-23 12:08:42 Image size of job updated: 342756
	40  -  MemoryUsage of job (MB)
	40720  -  ResidentSetSize of job (KB)
...
006 (16235385.455.000) 2026-01-23 12:13:43 Image size of job updated: 449572
	118  -  MemoryUsage of job (MB)
	120708  -  ResidentSetSize of job (KB)
...
040 (16235385.455.000) 2026-01-23 12:28:15 Started transferring output files
...
040 (16235385.455.000) 2026-01-23 12:28:15 Finished transferring output files
...
005 (16235385.455.000) 2026-01-23 12:28:15 Job terminated.
	(1) Normal termination (return value 0)
		Usr 0 00:19:16, Sys 0 00:00:13  -  Run Remote Usage
		Usr 0 00:00:00, Sys 0 00:00:00  -  Run Local Usage
		Usr 0 00:19:16, Sys 0 00:00:13  -  Total Remote Usage
		Usr 0 00:00:00, Sys 0 00:00:00  -  Total Local Usage
	247  -  Run Bytes Sent By Job
	148880  -  Run Bytes Received By Job
	247  -  Total Bytes Sent By Job
	148880  -  Total Bytes Received By Job
	Partitionable Resources :    Usage  Request Allocated 
	   Cpus                 :     0.99        1         1 
	   Disk (KB)            :   163     2097152   6681583 
	   Memory (MB)          :   118        4096      4096 
	   xferslots            :                           0 

	Job terminated of its own accord at 2026-01-23T17:28:15Z with exit-code 0.
...
