000 (15697407.637.000) 2026-01-21 18:36:42 Job submitted from host: <130.199.48.129:9618?addrs=130.199.48.129-9618&alias=rcas6009.rcf.bnl.gov&noUDP&sock=schedd_22421_101d>
...
040 (15697407.637.000) 2026-01-22 13:25:41 Started transferring input files
	Transferring to host: <130.199.151.28:9618?addrs=130.199.151.28-9618&alias=spool1606.sdcc.bnl.gov&noUDP&sock=slot1_2_25111_33f0_252144>
...
040 (15697407.637.000) 2026-01-22 13:25:41 Finished transferring input files
...
001 (15697407.637.000) 2026-01-22 13:25:42 Job executing on host: <130.199.151.28:9618?addrs=130.199.151.28-9618&alias=spool1606.sdcc.bnl.gov&noUDP&sock=startd_25102_90cb>
...
006 (15697407.637.000) 2026-01-22 13:25:50 Image size of job updated: 420028
	69  -  MemoryUsage of job (MB)
	70332  -  ResidentSetSize of job (KB)
...
006 (15697407.637.000) 2026-01-22 13:30:15 Image size of job updated: 450228
	69  -  MemoryUsage of job (MB)
	70332  -  ResidentSetSize of job (KB)
...
040 (15697407.637.000) 2026-01-22 13:30:15 Started transferring output files
...
040 (15697407.637.000) 2026-01-22 13:30:15 Finished transferring output files
...
005 (15697407.637.000) 2026-01-22 13:30:15 Job terminated.
	(1) Normal termination (return value 0)
		Usr 0 00:04:26, Sys 0 00:00:04  -  Run Remote Usage
		Usr 0 00:00:00, Sys 0 00:00:00  -  Run Local Usage
		Usr 0 00:04:26, Sys 0 00:00:04  -  Total Remote Usage
		Usr 0 00:00:00, Sys 0 00:00:00  -  Total Local Usage
	122  -  Run Bytes Sent By Job
	148880  -  Run Bytes Received By Job
	122  -  Total Bytes Sent By Job
	148880  -  Total Bytes Received By Job
	Partitionable Resources :    Usage  Request Allocated 
	   Cpus                 :     0.99        1         1 
	   Disk (KB)            :   163     2097152   6681186 
	   Memory (MB)          :    69        4096      4096 
	   xferslots            :                           0 

	Job terminated of its own accord at 2026-01-22T18:30:15Z with exit-code 0.
...
