000 (15684821.757.000) 2026-01-19 15:56:22 Job submitted from host: <130.199.48.129:9618?addrs=130.199.48.129-9618&alias=rcas6009.rcf.bnl.gov&noUDP&sock=schedd_22421_101d>
...
040 (15684821.757.000) 2026-01-19 16:28:07 Started transferring input files
	Transferring to host: <130.199.184.210:9618?addrs=130.199.184.210-9618&alias=spool1785.sdcc.bnl.gov&noUDP&sock=slot1_70_95855_cbb7_247593>
...
040 (15684821.757.000) 2026-01-19 16:28:07 Finished transferring input files
...
001 (15684821.757.000) 2026-01-19 16:28:09 Job executing on host: <130.199.184.210:9618?addrs=130.199.184.210-9618&alias=spool1785.sdcc.bnl.gov&noUDP&sock=startd_95846_2605>
...
006 (15684821.757.000) 2026-01-19 16:28:17 Image size of job updated: 382324
	62  -  MemoryUsage of job (MB)
	62980  -  ResidentSetSize of job (KB)
...
006 (15684821.757.000) 2026-01-19 16:30:31 Image size of job updated: 450820
	62  -  MemoryUsage of job (MB)
	63384  -  ResidentSetSize of job (KB)
...
040 (15684821.757.000) 2026-01-19 16:30:31 Started transferring output files
...
040 (15684821.757.000) 2026-01-19 16:30:31 Finished transferring output files
...
005 (15684821.757.000) 2026-01-19 16:30:31 Job terminated.
	(1) Normal termination (return value 0)
		Usr 0 00:02:06, Sys 0 00:00:01  -  Run Remote Usage
		Usr 0 00:00:00, Sys 0 00:00:00  -  Run Local Usage
		Usr 0 00:02:06, Sys 0 00:00:01  -  Total Remote Usage
		Usr 0 00:00:00, Sys 0 00:00:00  -  Total Local Usage
	70  -  Run Bytes Sent By Job
	148880  -  Run Bytes Received By Job
	70  -  Total Bytes Sent By Job
	148880  -  Total Bytes Received By Job
	Partitionable Resources :    Usage  Request Allocated 
	   Cpus                 :     0.14        1         1 
	   Disk (KB)            :   163     2097152   6681617 
	   Memory (MB)          :    62        4096      4096 
	   xferslots            :                           0 

	Job terminated of its own accord at 2026-01-19T21:30:31Z with exit-code 0.
...
