000 (16235385.120.000) 2026-01-23 10:57:26 Job submitted from host: <130.199.48.128:9618?addrs=130.199.48.128-9618&alias=rcas6008.rcf.bnl.gov&noUDP&sock=schedd_18725_535a>
...
040 (16235385.120.000) 2026-01-23 11:31:21 Started transferring input files
	Transferring to host: <130.199.186.74:9618?addrs=130.199.186.74-9618&alias=spool1837.sdcc.bnl.gov&noUDP&sock=slot1_37_95670_2eef_254491>
...
040 (16235385.120.000) 2026-01-23 11:31:21 Finished transferring input files
...
001 (16235385.120.000) 2026-01-23 11:31:22 Job executing on host: <130.199.186.74:9618?addrs=130.199.186.74-9618&alias=spool1837.sdcc.bnl.gov&noUDP&sock=startd_95661_992d>
...
006 (16235385.120.000) 2026-01-23 11:31:30 Image size of job updated: 113188
	80  -  MemoryUsage of job (MB)
	81832  -  ResidentSetSize of job (KB)
...
006 (16235385.120.000) 2026-01-23 11:36:30 Image size of job updated: 450712
	130  -  MemoryUsage of job (MB)
	132180  -  ResidentSetSize of job (KB)
...
040 (16235385.120.000) 2026-01-23 11:59:38 Started transferring output files
...
040 (16235385.120.000) 2026-01-23 11:59:38 Finished transferring output files
...
005 (16235385.120.000) 2026-01-23 11:59:38 Job terminated.
	(1) Normal termination (return value 0)
		Usr 0 00:27:38, Sys 0 00:00:17  -  Run Remote Usage
		Usr 0 00:00:00, Sys 0 00:00:00  -  Run Local Usage
		Usr 0 00:27:38, Sys 0 00:00:17  -  Total Remote Usage
		Usr 0 00:00:00, Sys 0 00:00:00  -  Total Local Usage
	289  -  Run Bytes Sent By Job
	148880  -  Run Bytes Received By Job
	289  -  Total Bytes Sent By Job
	148880  -  Total Bytes Received By Job
	Partitionable Resources :    Usage  Request Allocated 
	   Cpus                 :     1.00        1         1 
	   Disk (KB)            :   163     2097152   6681557 
	   Memory (MB)          :   130        4096      4096 
	   xferslots            :                           0 

	Job terminated of its own accord at 2026-01-23T16:59:37Z with exit-code 0.
...
