000 (15684821.397.000) 2026-01-19 15:56:21 Job submitted from host: <130.199.48.129:9618?addrs=130.199.48.129-9618&alias=rcas6009.rcf.bnl.gov&noUDP&sock=schedd_22421_101d>
...
040 (15684821.397.000) 2026-01-19 16:17:26 Started transferring input files
	Transferring to host: <130.199.150.77:9618?addrs=130.199.150.77-9618&alias=spool1558.sdcc.bnl.gov&noUDP&sock=slot1_22_49269_921f_233639>
...
040 (15684821.397.000) 2026-01-19 16:17:26 Finished transferring input files
...
001 (15684821.397.000) 2026-01-19 16:17:27 Job executing on host: <130.199.150.77:9618?addrs=130.199.150.77-9618&alias=spool1558.sdcc.bnl.gov&noUDP&sock=startd_49259_f37d>
...
006 (15684821.397.000) 2026-01-19 16:17:36 Image size of job updated: 111272
	79  -  MemoryUsage of job (MB)
	80220  -  ResidentSetSize of job (KB)
...
006 (15684821.397.000) 2026-01-19 16:22:36 Image size of job updated: 424276
	104  -  MemoryUsage of job (MB)
	106268  -  ResidentSetSize of job (KB)
...
040 (15684821.397.000) 2026-01-19 16:49:59 Started transferring output files
...
040 (15684821.397.000) 2026-01-19 16:49:59 Finished transferring output files
...
005 (15684821.397.000) 2026-01-19 16:49:59 Job terminated.
	(1) Normal termination (return value 0)
		Usr 0 00:30:36, Sys 0 00:00:19  -  Run Remote Usage
		Usr 0 00:00:00, Sys 0 00:00:00  -  Run Local Usage
		Usr 0 00:30:36, Sys 0 00:00:19  -  Total Remote Usage
		Usr 0 00:00:00, Sys 0 00:00:00  -  Total Local Usage
	261  -  Run Bytes Sent By Job
	148880  -  Run Bytes Received By Job
	261  -  Total Bytes Sent By Job
	148880  -  Total Bytes Received By Job
	Partitionable Resources :    Usage  Request Allocated 
	   Cpus                 :     0.97        1         1 
	   Disk (KB)            :   164     2097152   6681195 
	   Memory (MB)          :   104        4096      4096 
	   xferslots            :                           0 

	Job terminated of its own accord at 2026-01-19T21:49:59Z with exit-code 0.
...
