000 (15560432.971.000) 2026-01-07 17:58:17 Job submitted from host: <130.199.48.129:9618?addrs=130.199.48.129-9618&alias=rcas6009.rcf.bnl.gov&noUDP&sock=schedd_22421_101d>
...
040 (15560432.971.000) 2026-01-07 20:58:55 Started transferring input files
	Transferring to host: <130.199.184.199:9618?addrs=130.199.184.199-9618&alias=spool1774.sdcc.bnl.gov&noUDP&sock=slot1_67_95692_6ddc_184785>
...
040 (15560432.971.000) 2026-01-07 20:58:55 Finished transferring input files
...
001 (15560432.971.000) 2026-01-07 20:58:56 Job executing on host: <130.199.184.199:9618?addrs=130.199.184.199-9618&alias=spool1774.sdcc.bnl.gov&noUDP&sock=startd_95683_8fa2>
...
006 (15560432.971.000) 2026-01-07 20:59:05 Image size of job updated: 421860
	92  -  MemoryUsage of job (MB)
	94056  -  ResidentSetSize of job (KB)
...
006 (15560432.971.000) 2026-01-07 21:04:05 Image size of job updated: 424572
	95  -  MemoryUsage of job (MB)
	96364  -  ResidentSetSize of job (KB)
...
040 (15560432.971.000) 2026-01-07 21:06:24 Started transferring output files
...
040 (15560432.971.000) 2026-01-07 21:06:24 Finished transferring output files
...
005 (15560432.971.000) 2026-01-07 21:06:24 Job terminated.
	(1) Normal termination (return value 0)
		Usr 0 00:07:20, Sys 0 00:00:05  -  Run Remote Usage
		Usr 0 00:00:00, Sys 0 00:00:00  -  Run Local Usage
		Usr 0 00:07:20, Sys 0 00:00:05  -  Total Remote Usage
		Usr 0 00:00:00, Sys 0 00:00:00  -  Total Local Usage
	205  -  Run Bytes Sent By Job
	144352  -  Run Bytes Received By Job
	205  -  Total Bytes Sent By Job
	144352  -  Total Bytes Received By Job
	Partitionable Resources :    Usage  Request Allocated 
	   Cpus                 :     1.00        1         1 
	   Disk (KB)            :   159     2097152   6681587 
	   Memory (MB)          :    95        4096      4096 
	   xferslots            :                           0 

	Job terminated of its own accord at 2026-01-08T02:06:24Z with exit-code 0.
...
