000 (15564188.596.000) 2026-01-07 21:29:40 Job submitted from host: <130.199.48.129:9618?addrs=130.199.48.129-9618&alias=rcas6009.rcf.bnl.gov&noUDP&sock=schedd_22421_101d>
...
040 (15564188.596.000) 2026-01-08 01:32:44 Started transferring input files
	Transferring to host: <130.199.186.89:9618?addrs=130.199.186.89-9618&alias=spool1852.sdcc.bnl.gov&noUDP&sock=slot1_76_94012_d731_246087>
...
040 (15564188.596.000) 2026-01-08 01:32:44 Finished transferring input files
...
001 (15564188.596.000) 2026-01-08 01:32:45 Job executing on host: <130.199.186.89:9618?addrs=130.199.186.89-9618&alias=spool1852.sdcc.bnl.gov&noUDP&sock=startd_94003_dcbe>
...
006 (15564188.596.000) 2026-01-08 01:32:54 Image size of job updated: 422876
	71  -  MemoryUsage of job (MB)
	72608  -  ResidentSetSize of job (KB)
...
006 (15564188.596.000) 2026-01-08 01:37:55 Image size of job updated: 424300
	89  -  MemoryUsage of job (MB)
	90316  -  ResidentSetSize of job (KB)
...
040 (15564188.596.000) 2026-01-08 01:38:59 Started transferring output files
...
040 (15564188.596.000) 2026-01-08 01:38:59 Finished transferring output files
...
005 (15564188.596.000) 2026-01-08 01:38:59 Job terminated.
	(1) Normal termination (return value 0)
		Usr 0 00:05:38, Sys 0 00:00:06  -  Run Remote Usage
		Usr 0 00:00:00, Sys 0 00:00:00  -  Run Local Usage
		Usr 0 00:05:38, Sys 0 00:00:06  -  Total Remote Usage
		Usr 0 00:00:00, Sys 0 00:00:00  -  Total Local Usage
	177  -  Run Bytes Sent By Job
	144352  -  Run Bytes Received By Job
	177  -  Total Bytes Sent By Job
	144352  -  Total Bytes Received By Job
	Partitionable Resources :    Usage  Request Allocated 
	   Cpus                 :     0.96        1         1 
	   Disk (KB)            :   159     2097152   6681569 
	   Memory (MB)          :    89        4096      4096 
	   xferslots            :                           0 

	Job terminated of its own accord at 2026-01-08T06:38:59Z with exit-code 0.
...
