000 (15690120.235.000) 2026-01-20 07:35:55 Job submitted from host: <130.199.48.129:9618?addrs=130.199.48.129-9618&alias=rcas6009.rcf.bnl.gov&noUDP&sock=schedd_22421_101d>
...
040 (15690120.235.000) 2026-01-21 01:04:45 Started transferring input files
	Transferring to host: <130.199.150.90:9618?addrs=130.199.150.90-9618&alias=spool1571.sdcc.bnl.gov&noUDP&sock=slot1_63_94964_d73c_269655>
...
040 (15690120.235.000) 2026-01-21 01:04:46 Finished transferring input files
...
001 (15690120.235.000) 2026-01-21 01:04:47 Job executing on host: <130.199.150.90:9618?addrs=130.199.150.90-9618&alias=spool1571.sdcc.bnl.gov&noUDP&sock=startd_94955_2884>
...
006 (15690120.235.000) 2026-01-21 01:04:55 Image size of job updated: 420120
	82  -  MemoryUsage of job (MB)
	83748  -  ResidentSetSize of job (KB)
...
006 (15690120.235.000) 2026-01-21 01:09:55 Image size of job updated: 449212
	135  -  MemoryUsage of job (MB)
	137348  -  ResidentSetSize of job (KB)
...
040 (15690120.235.000) 2026-01-21 01:47:21 Started transferring output files
...
040 (15690120.235.000) 2026-01-21 01:47:21 Finished transferring output files
...
005 (15690120.235.000) 2026-01-21 01:47:22 Job terminated.
	(1) Normal termination (return value 0)
		Usr 0 00:41:28, Sys 0 00:00:27  -  Run Remote Usage
		Usr 0 00:00:00, Sys 0 00:00:00  -  Run Local Usage
		Usr 0 00:41:28, Sys 0 00:00:27  -  Total Remote Usage
		Usr 0 00:00:00, Sys 0 00:00:00  -  Total Local Usage
	317  -  Run Bytes Sent By Job
	148880  -  Run Bytes Received By Job
	317  -  Total Bytes Sent By Job
	148880  -  Total Bytes Received By Job
	Partitionable Resources :    Usage  Request Allocated 
	   Cpus                 :     0.98        1         1 
	   Disk (KB)            :   164     2097152   6681189 
	   Memory (MB)          :   135        4096      4096 
	   xferslots            :                           0 

	Job terminated of its own accord at 2026-01-21T06:47:21Z with exit-code 0.
...
