000 (15554417.377.000) 2026-01-07 12:44:33 Job submitted from host: <130.199.48.129:9618?addrs=130.199.48.129-9618&alias=rcas6009.rcf.bnl.gov&noUDP&sock=schedd_22421_101d>
...
040 (15554417.377.000) 2026-01-07 13:36:19 Started transferring input files
	Transferring to host: <130.199.150.79:9618?addrs=130.199.150.79-9618&alias=spool1560.sdcc.bnl.gov&noUDP&sock=slot1_78_96765_c7fe_188015>
...
040 (15554417.377.000) 2026-01-07 13:36:19 Finished transferring input files
...
001 (15554417.377.000) 2026-01-07 13:36:20 Job executing on host: <130.199.150.79:9618?addrs=130.199.150.79-9618&alias=spool1560.sdcc.bnl.gov&noUDP&sock=startd_96756_26eb>
...
006 (15554417.377.000) 2026-01-07 13:36:29 Image size of job updated: 420960
	77  -  MemoryUsage of job (MB)
	78248  -  ResidentSetSize of job (KB)
...
006 (15554417.377.000) 2026-01-07 13:41:30 Image size of job updated: 424588
	99  -  MemoryUsage of job (MB)
	101032  -  ResidentSetSize of job (KB)
...
040 (15554417.377.000) 2026-01-07 13:45:03 Started transferring output files
...
040 (15554417.377.000) 2026-01-07 13:45:03 Finished transferring output files
...
005 (15554417.377.000) 2026-01-07 13:45:03 Job terminated.
	(1) Normal termination (return value 0)
		Usr 0 00:08:36, Sys 0 00:00:05  -  Run Remote Usage
		Usr 0 00:00:00, Sys 0 00:00:00  -  Run Local Usage
		Usr 0 00:08:36, Sys 0 00:00:05  -  Total Remote Usage
		Usr 0 00:00:00, Sys 0 00:00:00  -  Total Local Usage
	233  -  Run Bytes Sent By Job
	144352  -  Run Bytes Received By Job
	233  -  Total Bytes Sent By Job
	144352  -  Total Bytes Received By Job
	Partitionable Resources :    Usage  Request Allocated 
	   Cpus                 :     1.00        1         1 
	   Disk (KB)            :   159     2097152   6681201 
	   Memory (MB)          :    99        4096      4096 
	   xferslots            :                           0 

	Job terminated of its own accord at 2026-01-07T18:45:02Z with exit-code 0.
...
