000 (16235385.1038.000) 2026-01-23 10:57:30 Job submitted from host: <130.199.48.128:9618?addrs=130.199.48.128-9618&alias=rcas6008.rcf.bnl.gov&noUDP&sock=schedd_18725_535a>
...
040 (16235385.1038.000) 2026-01-23 12:28:29 Started transferring input files
	Transferring to host: <130.199.151.25:9618?addrs=130.199.151.25-9618&alias=spool1603.sdcc.bnl.gov&noUDP&sock=slot1_95_96814_f70e_255622>
...
040 (16235385.1038.000) 2026-01-23 12:28:29 Finished transferring input files
...
001 (16235385.1038.000) 2026-01-23 12:28:30 Job executing on host: <130.199.151.25:9618?addrs=130.199.151.25-9618&alias=spool1603.sdcc.bnl.gov&noUDP&sock=startd_96805_a8ef>
...
006 (16235385.1038.000) 2026-01-23 12:28:39 Image size of job updated: 420064
	74  -  MemoryUsage of job (MB)
	75376  -  ResidentSetSize of job (KB)
...
006 (16235385.1038.000) 2026-01-23 12:33:40 Image size of job updated: 448320
	105  -  MemoryUsage of job (MB)
	107240  -  ResidentSetSize of job (KB)
...
006 (16235385.1038.000) 2026-01-23 12:38:40 Image size of job updated: 448320
	105  -  MemoryUsage of job (MB)
	107248  -  ResidentSetSize of job (KB)
...
040 (16235385.1038.000) 2026-01-23 12:42:06 Started transferring output files
...
040 (16235385.1038.000) 2026-01-23 12:42:06 Finished transferring output files
...
005 (16235385.1038.000) 2026-01-23 12:42:06 Job terminated.
	(1) Normal termination (return value 0)
		Usr 0 00:13:25, Sys 0 00:00:09  -  Run Remote Usage
		Usr 0 00:00:00, Sys 0 00:00:00  -  Run Local Usage
		Usr 0 00:13:25, Sys 0 00:00:09  -  Total Remote Usage
		Usr 0 00:00:00, Sys 0 00:00:00  -  Total Local Usage
	205  -  Run Bytes Sent By Job
	148880  -  Run Bytes Received By Job
	205  -  Total Bytes Sent By Job
	148880  -  Total Bytes Received By Job
	Partitionable Resources :    Usage  Request Allocated 
	   Cpus                 :     1.00        1         1 
	   Disk (KB)            :   163     2097152   6681219 
	   Memory (MB)          :   105        4096      4096 
	   xferslots            :                           0 

	Job terminated of its own accord at 2026-01-23T17:42:06Z with exit-code 0.
...
