000 (15564188.425.000) 2026-01-07 21:29:40 Job submitted from host: <130.199.48.129:9618?addrs=130.199.48.129-9618&alias=rcas6009.rcf.bnl.gov&noUDP&sock=schedd_22421_101d>
...
040 (15564188.425.000) 2026-01-08 01:03:34 Started transferring input files
	Transferring to host: <130.199.150.93:9618?addrs=130.199.150.93-9618&alias=spool1574.sdcc.bnl.gov&noUDP&sock=slot1_54_94784_ebaa_188930>
...
040 (15564188.425.000) 2026-01-08 01:03:34 Finished transferring input files
...
001 (15564188.425.000) 2026-01-08 01:03:35 Job executing on host: <130.199.150.93:9618?addrs=130.199.150.93-9618&alias=spool1574.sdcc.bnl.gov&noUDP&sock=startd_94775_30c7>
...
006 (15564188.425.000) 2026-01-08 01:03:44 Image size of job updated: 201984
	67  -  MemoryUsage of job (MB)
	68100  -  ResidentSetSize of job (KB)
...
006 (15564188.425.000) 2026-01-08 01:08:33 Image size of job updated: 447900
	67  -  MemoryUsage of job (MB)
	68100  -  ResidentSetSize of job (KB)
...
040 (15564188.425.000) 2026-01-08 01:08:33 Started transferring output files
...
040 (15564188.425.000) 2026-01-08 01:08:33 Finished transferring output files
...
005 (15564188.425.000) 2026-01-08 01:08:33 Job terminated.
	(1) Normal termination (return value 0)
		Usr 0 00:04:19, Sys 0 00:00:04  -  Run Remote Usage
		Usr 0 00:00:00, Sys 0 00:00:00  -  Run Local Usage
		Usr 0 00:04:19, Sys 0 00:00:04  -  Total Remote Usage
		Usr 0 00:00:00, Sys 0 00:00:00  -  Total Local Usage
	163  -  Run Bytes Sent By Job
	144352  -  Run Bytes Received By Job
	163  -  Total Bytes Sent By Job
	144352  -  Total Bytes Received By Job
	Partitionable Resources :    Usage  Request Allocated 
	   Cpus                 :     0.92        1         1 
	   Disk (KB)            :   159     2097152   6681104 
	   Memory (MB)          :    67        4096      4096 
	   xferslots            :                           0 

	Job terminated of its own accord at 2026-01-08T06:08:33Z with exit-code 0.
...
