000 (15564188.1206.000) 2026-01-07 21:29:42 Job submitted from host: <130.199.48.129:9618?addrs=130.199.48.129-9618&alias=rcas6009.rcf.bnl.gov&noUDP&sock=schedd_22421_101d>
...
040 (15564188.1206.000) 2026-01-08 02:13:39 Started transferring input files
	Transferring to host: <130.199.184.155:9618?addrs=130.199.184.155-9618&alias=spool1764.sdcc.bnl.gov&noUDP&sock=slot1_49_4372_9493_189341>
...
040 (15564188.1206.000) 2026-01-08 02:13:39 Finished transferring input files
...
001 (15564188.1206.000) 2026-01-08 02:13:40 Job executing on host: <130.199.184.155:9618?addrs=130.199.184.155-9618&alias=spool1764.sdcc.bnl.gov&noUDP&sock=startd_4355_66ea>
...
006 (15564188.1206.000) 2026-01-08 02:13:49 Image size of job updated: 342708
	76  -  MemoryUsage of job (MB)
	77364  -  ResidentSetSize of job (KB)
...
006 (15564188.1206.000) 2026-01-08 02:16:12 Image size of job updated: 448776
	76  -  MemoryUsage of job (MB)
	77364  -  ResidentSetSize of job (KB)
...
040 (15564188.1206.000) 2026-01-08 02:16:12 Started transferring output files
...
040 (15564188.1206.000) 2026-01-08 02:16:12 Finished transferring output files
...
005 (15564188.1206.000) 2026-01-08 02:16:12 Job terminated.
	(1) Normal termination (return value 0)
		Usr 0 00:02:14, Sys 0 00:00:02  -  Run Remote Usage
		Usr 0 00:00:00, Sys 0 00:00:00  -  Run Local Usage
		Usr 0 00:02:14, Sys 0 00:00:02  -  Total Remote Usage
		Usr 0 00:00:00, Sys 0 00:00:00  -  Total Local Usage
	135  -  Run Bytes Sent By Job
	144352  -  Run Bytes Received By Job
	135  -  Total Bytes Sent By Job
	144352  -  Total Bytes Received By Job
	Partitionable Resources :    Usage  Request Allocated 
	   Cpus                 :                 1         1 
	   Disk (KB)            :      153  2097152   6681581 
	   Memory (MB)          :       76     4096      4096 
	   xferslots            :                           0 

	Job terminated of its own accord at 2026-01-08T07:16:12Z with exit-code 0.
...
