000 (15684821.131.000) 2026-01-19 15:56:20 Job submitted from host: <130.199.48.129:9618?addrs=130.199.48.129-9618&alias=rcas6009.rcf.bnl.gov&noUDP&sock=schedd_22421_101d>
...
040 (15684821.131.000) 2026-01-19 16:04:16 Started transferring input files
	Transferring to host: <130.199.184.159:9618?addrs=130.199.184.159-9618&alias=spool1768.sdcc.bnl.gov&noUDP&sock=slot1_57_6355_eafc_242656>
...
040 (15684821.131.000) 2026-01-19 16:04:16 Finished transferring input files
...
001 (15684821.131.000) 2026-01-19 16:04:17 Job executing on host: <130.199.184.159:9618?addrs=130.199.184.159-9618&alias=spool1768.sdcc.bnl.gov&noUDP&sock=startd_6346_8743>
...
006 (15684821.131.000) 2026-01-19 16:04:26 Image size of job updated: 447824
	94  -  MemoryUsage of job (MB)
	96196  -  ResidentSetSize of job (KB)
...
006 (15684821.131.000) 2026-01-19 16:09:27 Image size of job updated: 447824
	114  -  MemoryUsage of job (MB)
	116712  -  ResidentSetSize of job (KB)
...
040 (15684821.131.000) 2026-01-19 16:28:41 Started transferring output files
...
040 (15684821.131.000) 2026-01-19 16:28:42 Finished transferring output files
...
005 (15684821.131.000) 2026-01-19 16:28:42 Job terminated.
	(1) Normal termination (return value 0)
		Usr 0 00:22:33, Sys 0 00:00:17  -  Run Remote Usage
		Usr 0 00:00:00, Sys 0 00:00:00  -  Run Local Usage
		Usr 0 00:22:33, Sys 0 00:00:17  -  Total Remote Usage
		Usr 0 00:00:00, Sys 0 00:00:00  -  Total Local Usage
	247  -  Run Bytes Sent By Job
	148880  -  Run Bytes Received By Job
	247  -  Total Bytes Sent By Job
	148880  -  Total Bytes Received By Job
	Partitionable Resources :    Usage  Request Allocated 
	   Cpus                 :     0.86        1         1 
	   Disk (KB)            :   163     2097152   6681586 
	   Memory (MB)          :   114        4096      4096 
	   xferslots            :                           0 

	Job terminated of its own accord at 2026-01-19T21:28:41Z with exit-code 0.
...
