000 (15684821.292.000) 2026-01-19 15:56:21 Job submitted from host: <130.199.48.129:9618?addrs=130.199.48.129-9618&alias=rcas6009.rcf.bnl.gov&noUDP&sock=schedd_22421_101d>
...
040 (15684821.292.000) 2026-01-19 16:12:59 Started transferring input files
	Transferring to host: <130.199.150.96:9618?addrs=130.199.150.96-9618&alias=spool1577.sdcc.bnl.gov&noUDP&sock=slot1_95_24963_e9b7_235509>
...
040 (15684821.292.000) 2026-01-19 16:12:59 Finished transferring input files
...
001 (15684821.292.000) 2026-01-19 16:13:00 Job executing on host: <130.199.150.96:9618?addrs=130.199.150.96-9618&alias=spool1577.sdcc.bnl.gov&noUDP&sock=startd_24954_b9b8>
...
006 (15684821.292.000) 2026-01-19 16:13:08 Image size of job updated: 420976
	77  -  MemoryUsage of job (MB)
	78612  -  ResidentSetSize of job (KB)
...
006 (15684821.292.000) 2026-01-19 16:18:08 Image size of job updated: 449780
	118  -  MemoryUsage of job (MB)
	119964  -  ResidentSetSize of job (KB)
...
040 (15684821.292.000) 2026-01-19 16:36:03 Started transferring output files
...
040 (15684821.292.000) 2026-01-19 16:36:03 Finished transferring output files
...
005 (15684821.292.000) 2026-01-19 16:36:03 Job terminated.
	(1) Normal termination (return value 0)
		Usr 0 00:21:18, Sys 0 00:00:19  -  Run Remote Usage
		Usr 0 00:00:00, Sys 0 00:00:00  -  Run Local Usage
		Usr 0 00:21:18, Sys 0 00:00:19  -  Total Remote Usage
		Usr 0 00:00:00, Sys 0 00:00:00  -  Total Local Usage
	247  -  Run Bytes Sent By Job
	148880  -  Run Bytes Received By Job
	247  -  Total Bytes Sent By Job
	148880  -  Total Bytes Received By Job
	Partitionable Resources :    Usage  Request Allocated 
	   Cpus                 :     0.90        1         1 
	   Disk (KB)            :   163     2097152   6681182 
	   Memory (MB)          :   118        4096      4096 
	   xferslots            :                           0 

	Job terminated of its own accord at 2026-01-19T21:36:02Z with exit-code 0.
...
