000 (15697407.351.000) 2026-01-21 18:36:41 Job submitted from host: <130.199.48.129:9618?addrs=130.199.48.129-9618&alias=rcas6009.rcf.bnl.gov&noUDP&sock=schedd_22421_101d>
...
040 (15697407.351.000) 2026-01-22 06:32:52 Started transferring input files
	Transferring to host: <130.199.186.26:9618?addrs=130.199.186.26-9618&alias=spool1823.sdcc.bnl.gov&noUDP&sock=slot1_39_94088_f663_283027>
...
040 (15697407.351.000) 2026-01-22 06:32:52 Finished transferring input files
...
001 (15697407.351.000) 2026-01-22 06:32:53 Job executing on host: <130.199.186.26:9618?addrs=130.199.186.26-9618&alias=spool1823.sdcc.bnl.gov&noUDP&sock=startd_94080_3b58>
...
006 (15697407.351.000) 2026-01-22 06:33:02 Image size of job updated: 420704
	83  -  MemoryUsage of job (MB)
	84576  -  ResidentSetSize of job (KB)
...
006 (15697407.351.000) 2026-01-22 06:38:03 Image size of job updated: 424128
	111  -  MemoryUsage of job (MB)
	113344  -  ResidentSetSize of job (KB)
...
040 (15697407.351.000) 2026-01-22 07:05:19 Started transferring output files
...
040 (15697407.351.000) 2026-01-22 07:05:19 Finished transferring output files
...
005 (15697407.351.000) 2026-01-22 07:05:19 Job terminated.
	(1) Normal termination (return value 0)
		Usr 0 00:32:02, Sys 0 00:00:22  -  Run Remote Usage
		Usr 0 00:00:00, Sys 0 00:00:00  -  Run Local Usage
		Usr 0 00:32:02, Sys 0 00:00:22  -  Total Remote Usage
		Usr 0 00:00:00, Sys 0 00:00:00  -  Total Local Usage
	303  -  Run Bytes Sent By Job
	148880  -  Run Bytes Received By Job
	303  -  Total Bytes Sent By Job
	148880  -  Total Bytes Received By Job
	Partitionable Resources :    Usage  Request Allocated 
	   Cpus                 :     1.00        1         1 
	   Disk (KB)            :   164     2097152   6681573 
	   Memory (MB)          :   111        4096      4096 
	   xferslots            :                           0 

	Job terminated of its own accord at 2026-01-22T12:05:19Z with exit-code 0.
...
