000 (15690120.584.000) 2026-01-20 07:35:56 Job submitted from host: <130.199.48.129:9618?addrs=130.199.48.129-9618&alias=rcas6009.rcf.bnl.gov&noUDP&sock=schedd_22421_101d>
...
040 (15690120.584.000) 2026-01-21 10:13:11 Started transferring input files
	Transferring to host: <130.199.184.204:9618?addrs=130.199.184.204-9618&alias=spool1779.sdcc.bnl.gov&noUDP&sock=slot1_16_94050_e6ca_253376>
...
040 (15690120.584.000) 2026-01-21 10:13:11 Finished transferring input files
...
001 (15690120.584.000) 2026-01-21 10:13:12 Job executing on host: <130.199.184.204:9618?addrs=130.199.184.204-9618&alias=spool1779.sdcc.bnl.gov&noUDP&sock=startd_94041_e388>
...
006 (15690120.584.000) 2026-01-21 10:13:21 Image size of job updated: 420984
	97  -  MemoryUsage of job (MB)
	99320  -  ResidentSetSize of job (KB)
...
006 (15690120.584.000) 2026-01-21 10:18:22 Image size of job updated: 448068
	119  -  MemoryUsage of job (MB)
	121428  -  ResidentSetSize of job (KB)
...
006 (15690120.584.000) 2026-01-21 10:23:22 Image size of job updated: 448068
	119  -  MemoryUsage of job (MB)
	121432  -  ResidentSetSize of job (KB)
...
040 (15690120.584.000) 2026-01-21 10:40:51 Started transferring output files
...
040 (15690120.584.000) 2026-01-21 10:40:51 Finished transferring output files
...
005 (15690120.584.000) 2026-01-21 10:40:51 Job terminated.
	(1) Normal termination (return value 0)
		Usr 0 00:26:51, Sys 0 00:00:20  -  Run Remote Usage
		Usr 0 00:00:00, Sys 0 00:00:00  -  Run Local Usage
		Usr 0 00:26:51, Sys 0 00:00:20  -  Total Remote Usage
		Usr 0 00:00:00, Sys 0 00:00:00  -  Total Local Usage
	261  -  Run Bytes Sent By Job
	148880  -  Run Bytes Received By Job
	261  -  Total Bytes Sent By Job
	148880  -  Total Bytes Received By Job
	Partitionable Resources :    Usage  Request Allocated 
	   Cpus                 :     0.98        1         1 
	   Disk (KB)            :   164     2097152   6681567 
	   Memory (MB)          :   119        4096      4096 
	   xferslots            :                           0 

	Job terminated of its own accord at 2026-01-21T15:40:51Z with exit-code 0.
...
