000 (15690120.057.000) 2026-01-20 07:35:54 Job submitted from host: <130.199.48.129:9618?addrs=130.199.48.129-9618&alias=rcas6009.rcf.bnl.gov&noUDP&sock=schedd_22421_101d>
...
040 (15690120.057.000) 2026-01-20 21:27:31 Started transferring input files
	Transferring to host: <130.199.184.159:9618?addrs=130.199.184.159-9618&alias=spool1768.sdcc.bnl.gov&noUDP&sock=slot1_34_6355_eafc_247112>
...
040 (15690120.057.000) 2026-01-20 21:27:31 Finished transferring input files
...
001 (15690120.057.000) 2026-01-20 21:27:32 Job executing on host: <130.199.184.159:9618?addrs=130.199.184.159-9618&alias=spool1768.sdcc.bnl.gov&noUDP&sock=startd_6346_8743>
...
006 (15690120.057.000) 2026-01-20 21:27:41 Image size of job updated: 109740
	76  -  MemoryUsage of job (MB)
	77244  -  ResidentSetSize of job (KB)
...
006 (15690120.057.000) 2026-01-20 21:32:42 Image size of job updated: 449400
	109  -  MemoryUsage of job (MB)
	111236  -  ResidentSetSize of job (KB)
...
040 (15690120.057.000) 2026-01-20 21:45:55 Started transferring output files
...
040 (15690120.057.000) 2026-01-20 21:45:55 Finished transferring output files
...
005 (15690120.057.000) 2026-01-20 21:45:55 Job terminated.
	(1) Normal termination (return value 0)
		Usr 0 00:17:42, Sys 0 00:00:13  -  Run Remote Usage
		Usr 0 00:00:00, Sys 0 00:00:00  -  Run Local Usage
		Usr 0 00:17:42, Sys 0 00:00:13  -  Total Remote Usage
		Usr 0 00:00:00, Sys 0 00:00:00  -  Total Local Usage
	205  -  Run Bytes Sent By Job
	148880  -  Run Bytes Received By Job
	205  -  Total Bytes Sent By Job
	148880  -  Total Bytes Received By Job
	Partitionable Resources :    Usage  Request Allocated 
	   Cpus                 :     0.91        1         1 
	   Disk (KB)            :   164     2097152   6681586 
	   Memory (MB)          :   109        4096      4096 
	   xferslots            :                           0 

	Job terminated of its own accord at 2026-01-21T02:45:54Z with exit-code 0.
...
