000 (15690120.171.000) 2026-01-20 07:35:55 Job submitted from host: <130.199.48.129:9618?addrs=130.199.48.129-9618&alias=rcas6009.rcf.bnl.gov&noUDP&sock=schedd_22421_101d>
...
040 (15690120.171.000) 2026-01-20 23:25:11 Started transferring input files
	Transferring to host: <130.199.151.21:9618?addrs=130.199.151.21-9618&alias=spool1599.sdcc.bnl.gov&noUDP&sock=slot1_18_96838_b010_241662>
...
040 (15690120.171.000) 2026-01-20 23:25:11 Finished transferring input files
...
001 (15690120.171.000) 2026-01-20 23:25:12 Job executing on host: <130.199.151.21:9618?addrs=130.199.151.21-9618&alias=spool1599.sdcc.bnl.gov&noUDP&sock=startd_96829_416f>
...
006 (15690120.171.000) 2026-01-20 23:25:21 Image size of job updated: 692796
	108  -  MemoryUsage of job (MB)
	109596  -  ResidentSetSize of job (KB)
...
006 (15690120.171.000) 2026-01-20 23:30:22 Image size of job updated: 696240
	176  -  MemoryUsage of job (MB)
	179788  -  ResidentSetSize of job (KB)
...
006 (15690120.171.000) 2026-01-20 23:35:23 Image size of job updated: 696240
	177  -  MemoryUsage of job (MB)
	180420  -  ResidentSetSize of job (KB)
...
006 (15690120.171.000) 2026-01-20 23:40:23 Image size of job updated: 696240
	177  -  MemoryUsage of job (MB)
	180708  -  ResidentSetSize of job (KB)
...
006 (15690120.171.000) 2026-01-20 23:45:24 Image size of job updated: 696240
	178  -  MemoryUsage of job (MB)
	181276  -  ResidentSetSize of job (KB)
...
006 (15690120.171.000) 2026-01-21 00:20:29 Image size of job updated: 696240
	189  -  MemoryUsage of job (MB)
	192520  -  ResidentSetSize of job (KB)
...
040 (15690120.171.000) 2026-01-21 00:22:14 Started transferring output files
...
040 (15690120.171.000) 2026-01-21 00:22:14 Finished transferring output files
...
005 (15690120.171.000) 2026-01-21 00:22:14 Job terminated.
	(1) Normal termination (return value 0)
		Usr 0 00:55:35, Sys 0 00:00:45  -  Run Remote Usage
		Usr 0 00:00:00, Sys 0 00:00:00  -  Run Local Usage
		Usr 0 00:55:35, Sys 0 00:00:45  -  Total Remote Usage
		Usr 0 00:00:00, Sys 0 00:00:00  -  Total Local Usage
	387  -  Run Bytes Sent By Job
	148880  -  Run Bytes Received By Job
	387  -  Total Bytes Sent By Job
	148880  -  Total Bytes Received By Job
	Partitionable Resources :    Usage  Request Allocated 
	   Cpus                 :     0.99        1         1 
	   Disk (KB)            :   164     2097152   6681145 
	   Memory (MB)          :   189        4096      4096 
	   xferslots            :                           0 

	Job terminated of its own accord at 2026-01-21T05:22:14Z with exit-code 0.
...
