000 (15560432.1174.000) 2026-01-07 17:58:18 Job submitted from host: <130.199.48.129:9618?addrs=130.199.48.129-9618&alias=rcas6009.rcf.bnl.gov&noUDP&sock=schedd_22421_101d>
...
040 (15560432.1174.000) 2026-01-07 21:01:59 Started transferring input files
	Transferring to host: <130.199.184.197:9618?addrs=130.199.184.197-9618&alias=spool1772.sdcc.bnl.gov&noUDP&sock=slot1_58_95968_3d78_189022>
...
040 (15560432.1174.000) 2026-01-07 21:01:59 Finished transferring input files
...
001 (15560432.1174.000) 2026-01-07 21:02:00 Job executing on host: <130.199.184.197:9618?addrs=130.199.184.197-9618&alias=spool1772.sdcc.bnl.gov&noUDP&sock=startd_95960_3a63>
...
006 (15560432.1174.000) 2026-01-07 21:02:08 Image size of job updated: 126428
	93  -  MemoryUsage of job (MB)
	95000  -  ResidentSetSize of job (KB)
...
006 (15560432.1174.000) 2026-01-07 21:07:02 Image size of job updated: 424604
	93  -  MemoryUsage of job (MB)
	95000  -  ResidentSetSize of job (KB)
...
040 (15560432.1174.000) 2026-01-07 21:07:02 Started transferring output files
...
040 (15560432.1174.000) 2026-01-07 21:07:02 Finished transferring output files
...
005 (15560432.1174.000) 2026-01-07 21:07:02 Job terminated.
	(1) Normal termination (return value 0)
		Usr 0 00:04:54, Sys 0 00:00:05  -  Run Remote Usage
		Usr 0 00:00:00, Sys 0 00:00:00  -  Run Local Usage
		Usr 0 00:04:54, Sys 0 00:00:05  -  Total Remote Usage
		Usr 0 00:00:00, Sys 0 00:00:00  -  Total Local Usage
	205  -  Run Bytes Sent By Job
	144352  -  Run Bytes Received By Job
	205  -  Total Bytes Sent By Job
	144352  -  Total Bytes Received By Job
	Partitionable Resources :    Usage  Request Allocated 
	   Cpus                 :     0.99        1         1 
	   Disk (KB)            :   159     2097152   6681570 
	   Memory (MB)          :    93        4096      4096 
	   xferslots            :                           0 

	Job terminated of its own accord at 2026-01-08T02:07:02Z with exit-code 0.
...
