000 (15564188.558.000) 2026-01-07 21:29:40 Job submitted from host: <130.199.48.129:9618?addrs=130.199.48.129-9618&alias=rcas6009.rcf.bnl.gov&noUDP&sock=schedd_22421_101d>
...
040 (15564188.558.000) 2026-01-08 01:28:00 Started transferring input files
	Transferring to host: <130.199.186.20:9618?addrs=130.199.186.20-9618&alias=spool1817.sdcc.bnl.gov&noUDP&sock=slot1_26_24187_e112_249371>
...
040 (15564188.558.000) 2026-01-08 01:28:00 Finished transferring input files
...
001 (15564188.558.000) 2026-01-08 01:28:01 Job executing on host: <130.199.186.20:9618?addrs=130.199.186.20-9618&alias=spool1817.sdcc.bnl.gov&noUDP&sock=startd_24178_219a>
...
006 (15564188.558.000) 2026-01-08 01:28:10 Image size of job updated: 344636
	75  -  MemoryUsage of job (MB)
	76248  -  ResidentSetSize of job (KB)
...
006 (15564188.558.000) 2026-01-08 01:33:11 Image size of job updated: 448820
	111  -  MemoryUsage of job (MB)
	113568  -  ResidentSetSize of job (KB)
...
040 (15564188.558.000) 2026-01-08 01:36:47 Started transferring output files
...
040 (15564188.558.000) 2026-01-08 01:36:47 Finished transferring output files
...
005 (15564188.558.000) 2026-01-08 01:36:47 Job terminated.
	(1) Normal termination (return value 0)
		Usr 0 00:08:02, Sys 0 00:00:08  -  Run Remote Usage
		Usr 0 00:00:00, Sys 0 00:00:00  -  Run Local Usage
		Usr 0 00:08:02, Sys 0 00:00:08  -  Total Remote Usage
		Usr 0 00:00:00, Sys 0 00:00:00  -  Total Local Usage
	219  -  Run Bytes Sent By Job
	144352  -  Run Bytes Received By Job
	219  -  Total Bytes Sent By Job
	144352  -  Total Bytes Received By Job
	Partitionable Resources :    Usage  Request Allocated 
	   Cpus                 :     0.94        1         1 
	   Disk (KB)            :   159     2097152   6681552 
	   Memory (MB)          :   111        4096      4096 
	   xferslots            :                           0 

	Job terminated of its own accord at 2026-01-08T06:36:46Z with exit-code 0.
...
