000 (15697407.272.000) 2026-01-21 18:36:41 Job submitted from host: <130.199.48.129:9618?addrs=130.199.48.129-9618&alias=rcas6009.rcf.bnl.gov&noUDP&sock=schedd_22421_101d>
...
040 (15697407.272.000) 2026-01-22 03:46:52 Started transferring input files
	Transferring to host: <130.199.186.24:9618?addrs=130.199.186.24-9618&alias=spool1821.sdcc.bnl.gov&noUDP&sock=slot1_47_24323_4ecb_271920>
...
040 (15697407.272.000) 2026-01-22 03:46:52 Finished transferring input files
...
001 (15697407.272.000) 2026-01-22 03:46:53 Job executing on host: <130.199.186.24:9618?addrs=130.199.186.24-9618&alias=spool1821.sdcc.bnl.gov&noUDP&sock=startd_24313_db68>
...
006 (15697407.272.000) 2026-01-22 03:47:02 Image size of job updated: 421872
	76  -  MemoryUsage of job (MB)
	77824  -  ResidentSetSize of job (KB)
...
006 (15697407.272.000) 2026-01-22 03:52:02 Image size of job updated: 424516
	99  -  MemoryUsage of job (MB)
	100952  -  ResidentSetSize of job (KB)
...
006 (15697407.272.000) 2026-01-22 04:02:03 Image size of job updated: 424516
	99  -  MemoryUsage of job (MB)
	100956  -  ResidentSetSize of job (KB)
...
006 (15697407.272.000) 2026-01-22 04:07:03 Image size of job updated: 424516
	99  -  MemoryUsage of job (MB)
	100976  -  ResidentSetSize of job (KB)
...
040 (15697407.272.000) 2026-01-22 04:07:06 Started transferring output files
...
040 (15697407.272.000) 2026-01-22 04:07:06 Finished transferring output files
...
005 (15697407.272.000) 2026-01-22 04:07:06 Job terminated.
	(1) Normal termination (return value 0)
		Usr 0 00:19:50, Sys 0 00:00:17  -  Run Remote Usage
		Usr 0 00:00:00, Sys 0 00:00:00  -  Run Local Usage
		Usr 0 00:19:50, Sys 0 00:00:17  -  Total Remote Usage
		Usr 0 00:00:00, Sys 0 00:00:00  -  Total Local Usage
	233  -  Run Bytes Sent By Job
	148880  -  Run Bytes Received By Job
	233  -  Total Bytes Sent By Job
	148880  -  Total Bytes Received By Job
	Partitionable Resources :    Usage  Request Allocated 
	   Cpus                 :     0.99        1         1 
	   Disk (KB)            :   163     2097152   6681588 
	   Memory (MB)          :    99        4096      4096 
	   xferslots            :                           0 

	Job terminated of its own accord at 2026-01-22T09:07:06Z with exit-code 0.
...
