000 (15684821.053.000) 2026-01-19 15:56:20 Job submitted from host: <130.199.48.129:9618?addrs=130.199.48.129-9618&alias=rcas6009.rcf.bnl.gov&noUDP&sock=schedd_22421_101d>
...
040 (15684821.053.000) 2026-01-19 15:59:19 Started transferring input files
	Transferring to host: <130.199.150.95:9618?addrs=130.199.150.95-9618&alias=spool1576.sdcc.bnl.gov&noUDP&sock=slot1_14_24869_7fc2_238400>
...
040 (15684821.053.000) 2026-01-19 15:59:19 Finished transferring input files
...
001 (15684821.053.000) 2026-01-19 15:59:20 Job executing on host: <130.199.150.95:9618?addrs=130.199.150.95-9618&alias=spool1576.sdcc.bnl.gov&noUDP&sock=startd_24860_f9c4>
...
006 (15684821.053.000) 2026-01-19 15:59:29 Image size of job updated: 424268
	65  -  MemoryUsage of job (MB)
	66144  -  ResidentSetSize of job (KB)
...
040 (15684821.053.000) 2026-01-19 15:59:32 Started transferring output files
...
040 (15684821.053.000) 2026-01-19 15:59:32 Finished transferring output files
...
005 (15684821.053.000) 2026-01-19 15:59:32 Job terminated.
	(1) Normal termination (return value 0)
		Usr 0 00:00:08, Sys 0 00:00:00  -  Run Remote Usage
		Usr 0 00:00:00, Sys 0 00:00:00  -  Run Local Usage
		Usr 0 00:00:08, Sys 0 00:00:00  -  Total Remote Usage
		Usr 0 00:00:00, Sys 0 00:00:00  -  Total Local Usage
	31  -  Run Bytes Sent By Job
	148880  -  Run Bytes Received By Job
	31  -  Total Bytes Sent By Job
	148880  -  Total Bytes Received By Job
	Partitionable Resources :    Usage  Request Allocated 
	   Cpus                 :                 1         1 
	   Disk (KB)            :      157  2097152   6681187 
	   Memory (MB)          :       65     4096      4096 
	   xferslots            :                           0 

	Job terminated of its own accord at 2026-01-19T20:59:32Z with exit-code 0.
...
