000 (15684821.278.000) 2026-01-19 15:56:21 Job submitted from host: <130.199.48.129:9618?addrs=130.199.48.129-9618&alias=rcas6009.rcf.bnl.gov&noUDP&sock=schedd_22421_101d>
...
040 (15684821.278.000) 2026-01-19 16:12:28 Started transferring input files
	Transferring to host: <130.199.184.218:9618?addrs=130.199.184.218-9618&alias=spool1793.sdcc.bnl.gov&noUDP&sock=slot1_41_94162_9b80_239746>
...
040 (15684821.278.000) 2026-01-19 16:12:28 Finished transferring input files
...
001 (15684821.278.000) 2026-01-19 16:12:30 Job executing on host: <130.199.184.218:9618?addrs=130.199.184.218-9618&alias=spool1793.sdcc.bnl.gov&noUDP&sock=startd_94153_55dc>
...
006 (15684821.278.000) 2026-01-19 16:12:38 Image size of job updated: 419996
	69  -  MemoryUsage of job (MB)
	69748  -  ResidentSetSize of job (KB)
...
006 (15684821.278.000) 2026-01-19 16:13:43 Image size of job updated: 450252
	69  -  MemoryUsage of job (MB)
	69748  -  ResidentSetSize of job (KB)
...
040 (15684821.278.000) 2026-01-19 16:13:43 Started transferring output files
...
040 (15684821.278.000) 2026-01-19 16:13:43 Finished transferring output files
...
005 (15684821.278.000) 2026-01-19 16:13:43 Job terminated.
	(1) Normal termination (return value 0)
		Usr 0 00:01:07, Sys 0 00:00:01  -  Run Remote Usage
		Usr 0 00:00:00, Sys 0 00:00:00  -  Run Local Usage
		Usr 0 00:01:07, Sys 0 00:00:01  -  Total Remote Usage
		Usr 0 00:00:00, Sys 0 00:00:00  -  Total Local Usage
	57  -  Run Bytes Sent By Job
	148880  -  Run Bytes Received By Job
	57  -  Total Bytes Sent By Job
	148880  -  Total Bytes Received By Job
	Partitionable Resources :    Usage  Request Allocated 
	   Cpus                 :                 1         1 
	   Disk (KB)            :      157  2097152   6681593 
	   Memory (MB)          :       69     4096      4096 
	   xferslots            :                           0 

	Job terminated of its own accord at 2026-01-19T21:13:43Z with exit-code 0.
...
