000 (15554417.843.000) 2026-01-07 12:44:34 Job submitted from host: <130.199.48.129:9618?addrs=130.199.48.129-9618&alias=rcas6009.rcf.bnl.gov&noUDP&sock=schedd_22421_101d>
...
040 (15554417.843.000) 2026-01-07 14:04:15 Started transferring input files
	Transferring to host: <130.199.186.76:9618?addrs=130.199.186.76-9618&alias=spool1839.sdcc.bnl.gov&noUDP&sock=slot1_76_95854_0eac_185221>
...
040 (15554417.843.000) 2026-01-07 14:04:15 Finished transferring input files
...
001 (15554417.843.000) 2026-01-07 14:04:16 Job executing on host: <130.199.186.76:9618?addrs=130.199.186.76-9618&alias=spool1839.sdcc.bnl.gov&noUDP&sock=startd_95845_d4ff>
...
006 (15554417.843.000) 2026-01-07 14:04:25 Image size of job updated: 115600
	83  -  MemoryUsage of job (MB)
	84328  -  ResidentSetSize of job (KB)
...
006 (15554417.843.000) 2026-01-07 14:08:18 Image size of job updated: 424528
	83  -  MemoryUsage of job (MB)
	84328  -  ResidentSetSize of job (KB)
...
040 (15554417.843.000) 2026-01-07 14:08:18 Started transferring output files
...
040 (15554417.843.000) 2026-01-07 14:08:19 Finished transferring output files
...
005 (15554417.843.000) 2026-01-07 14:08:19 Job terminated.
	(1) Normal termination (return value 0)
		Usr 0 00:03:57, Sys 0 00:00:03  -  Run Remote Usage
		Usr 0 00:00:00, Sys 0 00:00:00  -  Run Local Usage
		Usr 0 00:03:57, Sys 0 00:00:03  -  Total Remote Usage
		Usr 0 00:00:00, Sys 0 00:00:00  -  Total Local Usage
	149  -  Run Bytes Sent By Job
	144352  -  Run Bytes Received By Job
	149  -  Total Bytes Sent By Job
	144352  -  Total Bytes Received By Job
	Partitionable Resources :    Usage  Request Allocated 
	   Cpus                 :     0.03        1         1 
	   Disk (KB)            :   159     2097152   6681563 
	   Memory (MB)          :    83        4096      4096 
	   xferslots            :                           0 

	Job terminated of its own accord at 2026-01-07T19:08:18Z with exit-code 0.
...
