000 (15684821.477.000) 2026-01-19 15:56:21 Job submitted from host: <130.199.48.129:9618?addrs=130.199.48.129-9618&alias=rcas6009.rcf.bnl.gov&noUDP&sock=schedd_22421_101d>
...
040 (15684821.477.000) 2026-01-19 16:21:42 Started transferring input files
	Transferring to host: <130.199.186.67:9618?addrs=130.199.186.67-9618&alias=spool1830.sdcc.bnl.gov&noUDP&sock=slot1_57_93693_46c6_234453>
...
040 (15684821.477.000) 2026-01-19 16:21:42 Finished transferring input files
...
001 (15684821.477.000) 2026-01-19 16:21:43 Job executing on host: <130.199.186.67:9618?addrs=130.199.186.67-9618&alias=spool1830.sdcc.bnl.gov&noUDP&sock=startd_93684_e71e>
...
006 (15684821.477.000) 2026-01-19 16:21:52 Image size of job updated: 99836
	68  -  MemoryUsage of job (MB)
	68928  -  ResidentSetSize of job (KB)
...
006 (15684821.477.000) 2026-01-19 16:26:52 Image size of job updated: 448244
	87  -  MemoryUsage of job (MB)
	88980  -  ResidentSetSize of job (KB)
...
040 (15684821.477.000) 2026-01-19 16:28:43 Started transferring output files
...
040 (15684821.477.000) 2026-01-19 16:28:43 Finished transferring output files
...
005 (15684821.477.000) 2026-01-19 16:28:43 Job terminated.
	(1) Normal termination (return value 0)
		Usr 0 00:06:18, Sys 0 00:00:04  -  Run Remote Usage
		Usr 0 00:00:00, Sys 0 00:00:00  -  Run Local Usage
		Usr 0 00:06:18, Sys 0 00:00:04  -  Total Remote Usage
		Usr 0 00:00:00, Sys 0 00:00:00  -  Total Local Usage
	135  -  Run Bytes Sent By Job
	148880  -  Run Bytes Received By Job
	135  -  Total Bytes Sent By Job
	148880  -  Total Bytes Received By Job
	Partitionable Resources :    Usage  Request Allocated 
	   Cpus                 :     0.89        1         1 
	   Disk (KB)            :   163     2097152   6681578 
	   Memory (MB)          :    87        4096      4096 
	   xferslots            :                           0 

	Job terminated of its own accord at 2026-01-19T21:28:42Z with exit-code 0.
...
