000 (15684821.869.000) 2026-01-19 15:56:22 Job submitted from host: <130.199.48.129:9618?addrs=130.199.48.129-9618&alias=rcas6009.rcf.bnl.gov&noUDP&sock=schedd_22421_101d>
...
040 (15684821.869.000) 2026-01-19 16:28:50 Started transferring input files
	Transferring to host: <130.199.150.93:9618?addrs=130.199.150.93-9618&alias=spool1574.sdcc.bnl.gov&noUDP&sock=slot1_81_94784_ebaa_249032>
...
040 (15684821.869.000) 2026-01-19 16:28:50 Finished transferring input files
...
001 (15684821.869.000) 2026-01-19 16:28:51 Job executing on host: <130.199.150.93:9618?addrs=130.199.150.93-9618&alias=spool1574.sdcc.bnl.gov&noUDP&sock=startd_94775_30c7>
...
006 (15684821.869.000) 2026-01-19 16:28:59 Image size of job updated: 339312
	73  -  MemoryUsage of job (MB)
	73892  -  ResidentSetSize of job (KB)
...
006 (15684821.869.000) 2026-01-19 16:33:59 Image size of job updated: 424228
	87  -  MemoryUsage of job (MB)
	88376  -  ResidentSetSize of job (KB)
...
040 (15684821.869.000) 2026-01-19 16:39:58 Started transferring output files
...
040 (15684821.869.000) 2026-01-19 16:39:58 Finished transferring output files
...
005 (15684821.869.000) 2026-01-19 16:39:58 Job terminated.
	(1) Normal termination (return value 0)
		Usr 0 00:10:52, Sys 0 00:00:07  -  Run Remote Usage
		Usr 0 00:00:00, Sys 0 00:00:00  -  Run Local Usage
		Usr 0 00:10:52, Sys 0 00:00:07  -  Total Remote Usage
		Usr 0 00:00:00, Sys 0 00:00:00  -  Total Local Usage
	149  -  Run Bytes Sent By Job
	148880  -  Run Bytes Received By Job
	149  -  Total Bytes Sent By Job
	148880  -  Total Bytes Received By Job
	Partitionable Resources :    Usage  Request Allocated 
	   Cpus                 :     0.99        1         1 
	   Disk (KB)            :   164     2097152   6681104 
	   Memory (MB)          :    87        4096      4096 
	   xferslots            :                           0 

	Job terminated of its own accord at 2026-01-19T21:39:57Z with exit-code 0.
...
