000 (15560432.265.000) 2026-01-07 17:58:16 Job submitted from host: <130.199.48.129:9618?addrs=130.199.48.129-9618&alias=rcas6009.rcf.bnl.gov&noUDP&sock=schedd_22421_101d>
...
040 (15560432.265.000) 2026-01-07 19:43:09 Started transferring input files
	Transferring to host: <130.199.184.213:9618?addrs=130.199.184.213-9618&alias=spool1788.sdcc.bnl.gov&noUDP&sock=slot1_3_95861_39f8_191818>
...
040 (15560432.265.000) 2026-01-07 19:43:10 Finished transferring input files
...
001 (15560432.265.000) 2026-01-07 19:43:11 Job executing on host: <130.199.184.213:9618?addrs=130.199.184.213-9618&alias=spool1788.sdcc.bnl.gov&noUDP&sock=startd_95852_0c25>
...
006 (15560432.265.000) 2026-01-07 19:43:19 Image size of job updated: 128256
	95  -  MemoryUsage of job (MB)
	96816  -  ResidentSetSize of job (KB)
...
006 (15560432.265.000) 2026-01-07 19:48:19 Image size of job updated: 424692
	96  -  MemoryUsage of job (MB)
	98164  -  ResidentSetSize of job (KB)
...
040 (15560432.265.000) 2026-01-07 19:49:30 Started transferring output files
...
040 (15560432.265.000) 2026-01-07 19:49:30 Finished transferring output files
...
005 (15560432.265.000) 2026-01-07 19:49:30 Job terminated.
	(1) Normal termination (return value 0)
		Usr 0 00:06:14, Sys 0 00:00:04  -  Run Remote Usage
		Usr 0 00:00:00, Sys 0 00:00:00  -  Run Local Usage
		Usr 0 00:06:14, Sys 0 00:00:04  -  Total Remote Usage
		Usr 0 00:00:00, Sys 0 00:00:00  -  Total Local Usage
	205  -  Run Bytes Sent By Job
	144352  -  Run Bytes Received By Job
	205  -  Total Bytes Sent By Job
	144352  -  Total Bytes Received By Job
	Partitionable Resources :    Usage  Request Allocated 
	   Cpus                 :     1.00        1         1 
	   Disk (KB)            :   159     2097152   6681567 
	   Memory (MB)          :    96        4096      4096 
	   xferslots            :                           0 

	Job terminated of its own accord at 2026-01-08T00:49:30Z with exit-code 0.
...
