000 (15564188.1107.000) 2026-01-07 21:29:42 Job submitted from host: <130.199.48.129:9618?addrs=130.199.48.129-9618&alias=rcas6009.rcf.bnl.gov&noUDP&sock=schedd_22421_101d>
...
040 (15564188.1107.000) 2026-01-08 02:11:05 Started transferring input files
	Transferring to host: <130.199.150.92:9618?addrs=130.199.150.92-9618&alias=spool1573.sdcc.bnl.gov&noUDP&sock=slot1_22_96627_e030_193127>
...
040 (15564188.1107.000) 2026-01-08 02:11:05 Finished transferring input files
...
001 (15564188.1107.000) 2026-01-08 02:11:06 Job executing on host: <130.199.150.92:9618?addrs=130.199.150.92-9618&alias=spool1573.sdcc.bnl.gov&noUDP&sock=startd_96618_7a0d>
...
006 (15564188.1107.000) 2026-01-08 02:11:15 Image size of job updated: 420652
	65  -  MemoryUsage of job (MB)
	66248  -  ResidentSetSize of job (KB)
...
006 (15564188.1107.000) 2026-01-08 02:13:22 Image size of job updated: 424176
	65  -  MemoryUsage of job (MB)
	66248  -  ResidentSetSize of job (KB)
...
040 (15564188.1107.000) 2026-01-08 02:13:22 Started transferring output files
...
040 (15564188.1107.000) 2026-01-08 02:13:22 Finished transferring output files
...
005 (15564188.1107.000) 2026-01-08 02:13:22 Job terminated.
	(1) Normal termination (return value 0)
		Usr 0 00:01:57, Sys 0 00:00:02  -  Run Remote Usage
		Usr 0 00:00:00, Sys 0 00:00:00  -  Run Local Usage
		Usr 0 00:01:57, Sys 0 00:00:02  -  Total Remote Usage
		Usr 0 00:00:00, Sys 0 00:00:00  -  Total Local Usage
	122  -  Run Bytes Sent By Job
	144352  -  Run Bytes Received By Job
	122  -  Total Bytes Sent By Job
	144352  -  Total Bytes Received By Job
	Partitionable Resources :    Usage  Request Allocated 
	   Cpus                 :                 1         1 
	   Disk (KB)            :      153  2097152   6681191 
	   Memory (MB)          :       65     4096      4096 
	   xferslots            :                           0 

	Job terminated of its own accord at 2026-01-08T07:13:22Z with exit-code 0.
...
