000 (15697407.800.000) 2026-01-21 18:36:43 Job submitted from host: <130.199.48.129:9618?addrs=130.199.48.129-9618&alias=rcas6009.rcf.bnl.gov&noUDP&sock=schedd_22421_101d>
...
040 (15697407.800.000) 2026-01-22 15:12:00 Started transferring input files
	Transferring to host: <130.199.186.77:9618?addrs=130.199.186.77-9618&alias=spool1840.sdcc.bnl.gov&noUDP&sock=slot1_61_94008_e306_308926>
...
040 (15697407.800.000) 2026-01-22 15:12:00 Finished transferring input files
...
001 (15697407.800.000) 2026-01-22 15:12:01 Job executing on host: <130.199.186.77:9618?addrs=130.199.186.77-9618&alias=spool1840.sdcc.bnl.gov&noUDP&sock=startd_93998_47a4>
...
006 (15697407.800.000) 2026-01-22 15:12:09 Image size of job updated: 105564
	72  -  MemoryUsage of job (MB)
	73092  -  ResidentSetSize of job (KB)
...
006 (15697407.800.000) 2026-01-22 15:17:09 Image size of job updated: 451000
	94  -  MemoryUsage of job (MB)
	96044  -  ResidentSetSize of job (KB)
...
040 (15697407.800.000) 2026-01-22 15:19:16 Started transferring output files
...
040 (15697407.800.000) 2026-01-22 15:19:16 Finished transferring output files
...
005 (15697407.800.000) 2026-01-22 15:19:16 Job terminated.
	(1) Normal termination (return value 0)
		Usr 0 00:07:08, Sys 0 00:00:05  -  Run Remote Usage
		Usr 0 00:00:00, Sys 0 00:00:00  -  Run Local Usage
		Usr 0 00:07:08, Sys 0 00:00:05  -  Total Remote Usage
		Usr 0 00:00:00, Sys 0 00:00:00  -  Total Local Usage
	149  -  Run Bytes Sent By Job
	148880  -  Run Bytes Received By Job
	149  -  Total Bytes Sent By Job
	148880  -  Total Bytes Received By Job
	Partitionable Resources :    Usage  Request Allocated 
	   Cpus                 :     1.00        1         1 
	   Disk (KB)            :   164     2097152   6681562 
	   Memory (MB)          :    94        4096      4096 
	   xferslots            :                           0 

	Job terminated of its own accord at 2026-01-22T20:19:15Z with exit-code 0.
...
