000 (15564188.635.000) 2026-01-07 21:29:40 Job submitted from host: <130.199.48.129:9618?addrs=130.199.48.129-9618&alias=rcas6009.rcf.bnl.gov&noUDP&sock=schedd_22421_101d>
...
040 (15564188.635.000) 2026-01-08 01:39:42 Started transferring input files
	Transferring to host: <130.199.151.31:9618?addrs=130.199.151.31-9618&alias=spool1609.sdcc.bnl.gov&noUDP&sock=slot1_90_94980_a7e9_182879>
...
040 (15564188.635.000) 2026-01-08 01:39:42 Finished transferring input files
...
001 (15564188.635.000) 2026-01-08 01:39:43 Job executing on host: <130.199.151.31:9618?addrs=130.199.151.31-9618&alias=spool1609.sdcc.bnl.gov&noUDP&sock=startd_94972_89de>
...
006 (15564188.635.000) 2026-01-08 01:39:51 Image size of job updated: 99244
	66  -  MemoryUsage of job (MB)
	66776  -  ResidentSetSize of job (KB)
...
006 (15564188.635.000) 2026-01-08 01:42:42 Image size of job updated: 449644
	66  -  MemoryUsage of job (MB)
	66848  -  ResidentSetSize of job (KB)
...
040 (15564188.635.000) 2026-01-08 01:42:43 Started transferring output files
...
040 (15564188.635.000) 2026-01-08 01:42:43 Finished transferring output files
...
005 (15564188.635.000) 2026-01-08 01:42:43 Job terminated.
	(1) Normal termination (return value 0)
		Usr 0 00:02:37, Sys 0 00:00:03  -  Run Remote Usage
		Usr 0 00:00:00, Sys 0 00:00:00  -  Run Local Usage
		Usr 0 00:02:37, Sys 0 00:00:03  -  Total Remote Usage
		Usr 0 00:00:00, Sys 0 00:00:00  -  Total Local Usage
	122  -  Run Bytes Sent By Job
	144352  -  Run Bytes Received By Job
	122  -  Total Bytes Sent By Job
	144352  -  Total Bytes Received By Job
	Partitionable Resources :    Usage  Request Allocated 
	   Cpus                 :     0.65        1         1 
	   Disk (KB)            :   159     2097152   6681162 
	   Memory (MB)          :    66        4096      4096 
	   xferslots            :                           0 

	Job terminated of its own accord at 2026-01-08T06:42:42Z with exit-code 0.
...
