000 (15690120.490.000) 2026-01-20 07:35:55 Job submitted from host: <130.199.48.129:9618?addrs=130.199.48.129-9618&alias=rcas6009.rcf.bnl.gov&noUDP&sock=schedd_22421_101d>
...
040 (15690120.490.000) 2026-01-21 09:18:02 Started transferring input files
	Transferring to host: <130.199.151.29:9618?addrs=130.199.151.29-9618&alias=spool1607.sdcc.bnl.gov&noUDP&sock=slot1_5_96586_9977_244474>
...
040 (15690120.490.000) 2026-01-21 09:18:02 Finished transferring input files
...
001 (15690120.490.000) 2026-01-21 09:18:03 Job executing on host: <130.199.151.29:9618?addrs=130.199.151.29-9618&alias=spool1607.sdcc.bnl.gov&noUDP&sock=startd_96578_d139>
...
006 (15690120.490.000) 2026-01-21 09:18:12 Image size of job updated: 447984
	88  -  MemoryUsage of job (MB)
	89324  -  ResidentSetSize of job (KB)
...
006 (15690120.490.000) 2026-01-21 09:23:12 Image size of job updated: 447984
	104  -  MemoryUsage of job (MB)
	105848  -  ResidentSetSize of job (KB)
...
040 (15690120.490.000) 2026-01-21 09:33:19 Started transferring output files
...
040 (15690120.490.000) 2026-01-21 09:33:19 Finished transferring output files
...
005 (15690120.490.000) 2026-01-21 09:33:19 Job terminated.
	(1) Normal termination (return value 0)
		Usr 0 00:14:48, Sys 0 00:00:11  -  Run Remote Usage
		Usr 0 00:00:00, Sys 0 00:00:00  -  Run Local Usage
		Usr 0 00:14:48, Sys 0 00:00:11  -  Total Remote Usage
		Usr 0 00:00:00, Sys 0 00:00:00  -  Total Local Usage
	191  -  Run Bytes Sent By Job
	148880  -  Run Bytes Received By Job
	191  -  Total Bytes Sent By Job
	148880  -  Total Bytes Received By Job
	Partitionable Resources :    Usage  Request Allocated 
	   Cpus                 :     1.00        1         1 
	   Disk (KB)            :   164     2097152   6681126 
	   Memory (MB)          :   104        4096      4096 
	   xferslots            :                           0 

	Job terminated of its own accord at 2026-01-21T14:33:19Z with exit-code 0.
...
