000 (15684821.194.000) 2026-01-19 15:56:20 Job submitted from host: <130.199.48.129:9618?addrs=130.199.48.129-9618&alias=rcas6009.rcf.bnl.gov&noUDP&sock=schedd_22421_101d>
...
040 (15684821.194.000) 2026-01-19 16:07:44 Started transferring input files
	Transferring to host: <130.199.186.74:9618?addrs=130.199.186.74-9618&alias=spool1837.sdcc.bnl.gov&noUDP&sock=slot1_17_95670_2eef_236786>
...
040 (15684821.194.000) 2026-01-19 16:07:44 Finished transferring input files
...
001 (15684821.194.000) 2026-01-19 16:07:45 Job executing on host: <130.199.186.74:9618?addrs=130.199.186.74-9618&alias=spool1837.sdcc.bnl.gov&noUDP&sock=startd_95661_992d>
...
006 (15684821.194.000) 2026-01-19 16:07:54 Image size of job updated: 692044
	89  -  MemoryUsage of job (MB)
	90960  -  ResidentSetSize of job (KB)
...
006 (15684821.194.000) 2026-01-19 16:12:55 Image size of job updated: 694008
	168  -  MemoryUsage of job (MB)
	171144  -  ResidentSetSize of job (KB)
...
006 (15684821.194.000) 2026-01-19 16:22:56 Image size of job updated: 694008
	168  -  MemoryUsage of job (MB)
	171176  -  ResidentSetSize of job (KB)
...
006 (15684821.194.000) 2026-01-19 16:27:56 Image size of job updated: 694008
	183  -  MemoryUsage of job (MB)
	186700  -  ResidentSetSize of job (KB)
...
006 (15684821.194.000) 2026-01-19 17:08:00 Image size of job updated: 694008
	190  -  MemoryUsage of job (MB)
	193856  -  ResidentSetSize of job (KB)
...
006 (15684821.194.000) 2026-01-19 17:13:00 Image size of job updated: 694008
	190  -  MemoryUsage of job (MB)
	194028  -  ResidentSetSize of job (KB)
...
040 (15684821.194.000) 2026-01-19 17:13:19 Started transferring output files
...
040 (15684821.194.000) 2026-01-19 17:13:19 Finished transferring output files
...
005 (15684821.194.000) 2026-01-19 17:13:19 Job terminated.
	(1) Normal termination (return value 0)
		Usr 0 01:02:57, Sys 0 00:00:58  -  Run Remote Usage
		Usr 0 00:00:00, Sys 0 00:00:00  -  Run Local Usage
		Usr 0 01:02:57, Sys 0 00:00:58  -  Total Remote Usage
		Usr 0 00:00:00, Sys 0 00:00:00  -  Total Local Usage
	387  -  Run Bytes Sent By Job
	148880  -  Run Bytes Received By Job
	387  -  Total Bytes Sent By Job
	148880  -  Total Bytes Received By Job
	Partitionable Resources :    Usage  Request Allocated 
	   Cpus                 :     0.99        1         1 
	   Disk (KB)            :   163     2097152   6681557 
	   Memory (MB)          :   190        4096      4096 
	   xferslots            :                           0 

	Job terminated of its own accord at 2026-01-19T22:13:18Z with exit-code 0.
...
