000 (16235385.319.000) 2026-01-23 10:57:27 Job submitted from host: <130.199.48.128:9618?addrs=130.199.48.128-9618&alias=rcas6008.rcf.bnl.gov&noUDP&sock=schedd_18725_535a>
...
040 (16235385.319.000) 2026-01-23 12:03:05 Started transferring input files
	Transferring to host: <130.199.186.27:9618?addrs=130.199.186.27-9618&alias=spool1824.sdcc.bnl.gov&noUDP&sock=slot1_35_94218_f5db_254336>
...
040 (16235385.319.000) 2026-01-23 12:03:05 Finished transferring input files
...
001 (16235385.319.000) 2026-01-23 12:03:06 Job executing on host: <130.199.186.27:9618?addrs=130.199.186.27-9618&alias=spool1824.sdcc.bnl.gov&noUDP&sock=startd_94209_0f05>
...
006 (16235385.319.000) 2026-01-23 12:03:15 Image size of job updated: 75860
	40  -  MemoryUsage of job (MB)
	40716  -  ResidentSetSize of job (KB)
...
006 (16235385.319.000) 2026-01-23 12:08:15 Image size of job updated: 423748
	101  -  MemoryUsage of job (MB)
	102584  -  ResidentSetSize of job (KB)
...
006 (16235385.319.000) 2026-01-23 12:13:15 Image size of job updated: 424320
	101  -  MemoryUsage of job (MB)
	103172  -  ResidentSetSize of job (KB)
...
040 (16235385.319.000) 2026-01-23 12:24:59 Started transferring output files
...
040 (16235385.319.000) 2026-01-23 12:24:59 Finished transferring output files
...
005 (16235385.319.000) 2026-01-23 12:24:59 Job terminated.
	(1) Normal termination (return value 0)
		Usr 0 00:21:27, Sys 0 00:00:12  -  Run Remote Usage
		Usr 0 00:00:00, Sys 0 00:00:00  -  Run Local Usage
		Usr 0 00:21:27, Sys 0 00:00:12  -  Total Remote Usage
		Usr 0 00:00:00, Sys 0 00:00:00  -  Total Local Usage
	247  -  Run Bytes Sent By Job
	148880  -  Run Bytes Received By Job
	247  -  Total Bytes Sent By Job
	148880  -  Total Bytes Received By Job
	Partitionable Resources :    Usage  Request Allocated 
	   Cpus                 :     1.00        1         1 
	   Disk (KB)            :   163     2097152   6681576 
	   Memory (MB)          :   101        4096      4096 
	   xferslots            :                           0 

	Job terminated of its own accord at 2026-01-23T17:24:59Z with exit-code 0.
...
