000 (15684821.160.000) 2026-01-19 15:56:20 Job submitted from host: <130.199.48.129:9618?addrs=130.199.48.129-9618&alias=rcas6009.rcf.bnl.gov&noUDP&sock=schedd_22421_101d>
...
040 (15684821.160.000) 2026-01-19 16:05:55 Started transferring input files
	Transferring to host: <130.199.184.194:9618?addrs=130.199.184.194-9618&alias=spool1769.sdcc.bnl.gov&noUDP&sock=slot1_51_95939_d340_244858>
...
040 (15684821.160.000) 2026-01-19 16:05:55 Finished transferring input files
...
001 (15684821.160.000) 2026-01-19 16:05:57 Job executing on host: <130.199.184.194:9618?addrs=130.199.184.194-9618&alias=spool1769.sdcc.bnl.gov&noUDP&sock=startd_95928_19b9>
...
006 (15684821.160.000) 2026-01-19 16:06:05 Image size of job updated: 351200
	75  -  MemoryUsage of job (MB)
	76368  -  ResidentSetSize of job (KB)
...
006 (15684821.160.000) 2026-01-19 16:11:05 Image size of job updated: 424324
	93  -  MemoryUsage of job (MB)
	95044  -  ResidentSetSize of job (KB)
...
006 (15684821.160.000) 2026-01-19 16:16:06 Image size of job updated: 424552
	93  -  MemoryUsage of job (MB)
	95044  -  ResidentSetSize of job (KB)
...
040 (15684821.160.000) 2026-01-19 16:23:28 Started transferring output files
...
040 (15684821.160.000) 2026-01-19 16:23:28 Finished transferring output files
...
005 (15684821.160.000) 2026-01-19 16:23:29 Job terminated.
	(1) Normal termination (return value 0)
		Usr 0 00:16:15, Sys 0 00:00:11  -  Run Remote Usage
		Usr 0 00:00:00, Sys 0 00:00:00  -  Run Local Usage
		Usr 0 00:16:15, Sys 0 00:00:11  -  Total Remote Usage
		Usr 0 00:00:00, Sys 0 00:00:00  -  Total Local Usage
	205  -  Run Bytes Sent By Job
	148880  -  Run Bytes Received By Job
	205  -  Total Bytes Sent By Job
	148880  -  Total Bytes Received By Job
	Partitionable Resources :    Usage  Request Allocated 
	   Cpus                 :     0.94        1         1 
	   Disk (KB)            :   163     2097152   6681581 
	   Memory (MB)          :    93        4096      4096 
	   xferslots            :                           0 

	Job terminated of its own accord at 2026-01-19T21:23:28Z with exit-code 0.
...
