000 (15684821.174.000) 2026-01-19 15:56:20 Job submitted from host: <130.199.48.129:9618?addrs=130.199.48.129-9618&alias=rcas6009.rcf.bnl.gov&noUDP&sock=schedd_22421_101d>
...
040 (15684821.174.000) 2026-01-19 16:06:57 Started transferring input files
	Transferring to host: <130.199.184.152:9618?addrs=130.199.184.152-9618&alias=spool1761.sdcc.bnl.gov&noUDP&sock=slot1_20_31056_4302_242069>
...
040 (15684821.174.000) 2026-01-19 16:06:57 Finished transferring input files
...
001 (15684821.174.000) 2026-01-19 16:06:58 Job executing on host: <130.199.184.152:9618?addrs=130.199.184.152-9618&alias=spool1761.sdcc.bnl.gov&noUDP&sock=startd_31047_1542>
...
006 (15684821.174.000) 2026-01-19 16:07:07 Image size of job updated: 109936
	78  -  MemoryUsage of job (MB)
	78892  -  ResidentSetSize of job (KB)
...
006 (15684821.174.000) 2026-01-19 16:12:08 Image size of job updated: 449404
	120  -  MemoryUsage of job (MB)
	122768  -  ResidentSetSize of job (KB)
...
006 (15684821.174.000) 2026-01-19 16:17:09 Image size of job updated: 449404
	120  -  MemoryUsage of job (MB)
	122772  -  ResidentSetSize of job (KB)
...
040 (15684821.174.000) 2026-01-19 16:34:06 Started transferring output files
...
040 (15684821.174.000) 2026-01-19 16:34:06 Finished transferring output files
...
005 (15684821.174.000) 2026-01-19 16:34:07 Job terminated.
	(1) Normal termination (return value 0)
		Usr 0 00:24:57, Sys 0 00:00:19  -  Run Remote Usage
		Usr 0 00:00:00, Sys 0 00:00:00  -  Run Local Usage
		Usr 0 00:24:57, Sys 0 00:00:19  -  Total Remote Usage
		Usr 0 00:00:00, Sys 0 00:00:00  -  Total Local Usage
	247  -  Run Bytes Sent By Job
	148880  -  Run Bytes Received By Job
	247  -  Total Bytes Sent By Job
	148880  -  Total Bytes Received By Job
	Partitionable Resources :    Usage  Request Allocated 
	   Cpus                 :     0.88        1         1 
	   Disk (KB)            :   164     2097152   6681590 
	   Memory (MB)          :   120        4096      4096 
	   xferslots            :                           0 

	Job terminated of its own accord at 2026-01-19T21:34:06Z with exit-code 0.
...
