000 (15564188.481.000) 2026-01-07 21:29:40 Job submitted from host: <130.199.48.129:9618?addrs=130.199.48.129-9618&alias=rcas6009.rcf.bnl.gov&noUDP&sock=schedd_22421_101d>
...
040 (15564188.481.000) 2026-01-08 01:13:12 Started transferring input files
	Transferring to host: <130.199.186.89:9618?addrs=130.199.186.89-9618&alias=spool1852.sdcc.bnl.gov&noUDP&sock=slot1_63_94012_d731_246009>
...
040 (15564188.481.000) 2026-01-08 01:13:12 Finished transferring input files
...
001 (15564188.481.000) 2026-01-08 01:13:13 Job executing on host: <130.199.186.89:9618?addrs=130.199.186.89-9618&alias=spool1852.sdcc.bnl.gov&noUDP&sock=startd_94003_dcbe>
...
006 (15564188.481.000) 2026-01-08 01:13:22 Image size of job updated: 446980
	71  -  MemoryUsage of job (MB)
	71752  -  ResidentSetSize of job (KB)
...
040 (15564188.481.000) 2026-01-08 01:15:31 Started transferring output files
...
040 (15564188.481.000) 2026-01-08 01:15:31 Finished transferring output files
...
005 (15564188.481.000) 2026-01-08 01:15:31 Job terminated.
	(1) Normal termination (return value 0)
		Usr 0 00:02:00, Sys 0 00:00:02  -  Run Remote Usage
		Usr 0 00:00:00, Sys 0 00:00:00  -  Run Local Usage
		Usr 0 00:02:00, Sys 0 00:00:02  -  Total Remote Usage
		Usr 0 00:00:00, Sys 0 00:00:00  -  Total Local Usage
	109  -  Run Bytes Sent By Job
	144352  -  Run Bytes Received By Job
	109  -  Total Bytes Sent By Job
	144352  -  Total Bytes Received By Job
	Partitionable Resources :    Usage  Request Allocated 
	   Cpus                 :     0.88        1         1 
	   Disk (KB)            :   159     2097152   6681569 
	   Memory (MB)          :    71        4096      4096 
	   xferslots            :                           0 

	Job terminated of its own accord at 2026-01-08T06:15:30Z with exit-code 0.
...
