000 (15697407.004.000) 2026-01-21 18:36:40 Job submitted from host: <130.199.48.129:9618?addrs=130.199.48.129-9618&alias=rcas6009.rcf.bnl.gov&noUDP&sock=schedd_22421_101d>
...
040 (15697407.004.000) 2026-01-21 18:37:45 Started transferring input files
	Transferring to host: <130.199.184.196:9618?addrs=130.199.184.196-9618&alias=spool1771.sdcc.bnl.gov&noUDP&sock=slot1_22_93929_8cb3_254761>
...
040 (15697407.004.000) 2026-01-21 18:37:45 Finished transferring input files
...
001 (15697407.004.000) 2026-01-21 18:37:46 Job executing on host: <130.199.184.196:9618?addrs=130.199.184.196-9618&alias=spool1771.sdcc.bnl.gov&noUDP&sock=startd_93920_9805>
...
006 (15697407.004.000) 2026-01-21 18:37:55 Image size of job updated: 107264
	74  -  MemoryUsage of job (MB)
	74824  -  ResidentSetSize of job (KB)
...
006 (15697407.004.000) 2026-01-21 18:39:31 Image size of job updated: 424260
	74  -  MemoryUsage of job (MB)
	74824  -  ResidentSetSize of job (KB)
...
040 (15697407.004.000) 2026-01-21 18:39:31 Started transferring output files
...
040 (15697407.004.000) 2026-01-21 18:39:31 Finished transferring output files
...
005 (15697407.004.000) 2026-01-21 18:39:31 Job terminated.
	(1) Normal termination (return value 0)
		Usr 0 00:01:42, Sys 0 00:00:01  -  Run Remote Usage
		Usr 0 00:00:00, Sys 0 00:00:00  -  Run Local Usage
		Usr 0 00:01:42, Sys 0 00:00:01  -  Total Remote Usage
		Usr 0 00:00:00, Sys 0 00:00:00  -  Total Local Usage
	96  -  Run Bytes Sent By Job
	148880  -  Run Bytes Received By Job
	96  -  Total Bytes Sent By Job
	148880  -  Total Bytes Received By Job
	Partitionable Resources :    Usage  Request Allocated 
	   Cpus                 :     1.00        1         1 
	   Disk (KB)            :   163     2097152   6681509 
	   Memory (MB)          :    74        4096      4096 
	   xferslots            :                           0 

	Job terminated of its own accord at 2026-01-21T23:39:31Z with exit-code 0.
...
