000 (16235385.146.000) 2026-01-23 10:57:26 Job submitted from host: <130.199.48.128:9618?addrs=130.199.48.128-9618&alias=rcas6008.rcf.bnl.gov&noUDP&sock=schedd_18725_535a>
...
040 (16235385.146.000) 2026-01-23 11:34:41 Started transferring input files
	Transferring to host: <130.199.184.208:9618?addrs=130.199.184.208-9618&alias=spool1783.sdcc.bnl.gov&noUDP&sock=slot1_28_22358_4323_266435>
...
040 (16235385.146.000) 2026-01-23 11:34:41 Finished transferring input files
...
001 (16235385.146.000) 2026-01-23 11:34:42 Job executing on host: <130.199.184.208:9618?addrs=130.199.184.208-9618&alias=spool1783.sdcc.bnl.gov&noUDP&sock=startd_22350_97a3>
...
006 (16235385.146.000) 2026-01-23 11:34:51 Image size of job updated: 342756
	40  -  MemoryUsage of job (MB)
	40716  -  ResidentSetSize of job (KB)
...
006 (16235385.146.000) 2026-01-23 11:39:52 Image size of job updated: 450396
	132  -  MemoryUsage of job (MB)
	135024  -  ResidentSetSize of job (KB)
...
006 (16235385.146.000) 2026-01-23 11:44:52 Image size of job updated: 450396
	132  -  MemoryUsage of job (MB)
	135028  -  ResidentSetSize of job (KB)
...
040 (16235385.146.000) 2026-01-23 11:57:27 Started transferring output files
...
040 (16235385.146.000) 2026-01-23 11:57:27 Finished transferring output files
...
005 (16235385.146.000) 2026-01-23 11:57:27 Job terminated.
	(1) Normal termination (return value 0)
		Usr 0 00:22:15, Sys 0 00:00:13  -  Run Remote Usage
		Usr 0 00:00:00, Sys 0 00:00:00  -  Run Local Usage
		Usr 0 00:22:15, Sys 0 00:00:13  -  Total Remote Usage
		Usr 0 00:00:00, Sys 0 00:00:00  -  Total Local Usage
	303  -  Run Bytes Sent By Job
	148880  -  Run Bytes Received By Job
	303  -  Total Bytes Sent By Job
	148880  -  Total Bytes Received By Job
	Partitionable Resources :    Usage  Request Allocated 
	   Cpus                 :     0.99        1         1 
	   Disk (KB)            :   164     2097152   6681576 
	   Memory (MB)          :   132        4096      4096 
	   xferslots            :                           0 

	Job terminated of its own accord at 2026-01-23T16:57:27Z with exit-code 0.
...
