000 (15690120.246.000) 2026-01-20 07:35:55 Job submitted from host: <130.199.48.129:9618?addrs=130.199.48.129-9618&alias=rcas6009.rcf.bnl.gov&noUDP&sock=schedd_22421_101d>
...
040 (15690120.246.000) 2026-01-21 02:20:05 Started transferring input files
	Transferring to host: <130.199.186.73:9618?addrs=130.199.186.73-9618&alias=spool1836.sdcc.bnl.gov&noUDP&sock=slot1_56_23899_34f5_245232>
...
040 (15690120.246.000) 2026-01-21 02:20:05 Finished transferring input files
...
001 (15690120.246.000) 2026-01-21 02:20:06 Job executing on host: <130.199.186.73:9618?addrs=130.199.186.73-9618&alias=spool1836.sdcc.bnl.gov&noUDP&sock=startd_23890_fb9f>
...
006 (15690120.246.000) 2026-01-21 02:20:15 Image size of job updated: 448900
	86  -  MemoryUsage of job (MB)
	87920  -  ResidentSetSize of job (KB)
...
006 (15690120.246.000) 2026-01-21 02:25:16 Image size of job updated: 448900
	102  -  MemoryUsage of job (MB)
	103740  -  ResidentSetSize of job (KB)
...
040 (15690120.246.000) 2026-01-21 02:34:42 Started transferring output files
...
040 (15690120.246.000) 2026-01-21 02:34:42 Finished transferring output files
...
005 (15690120.246.000) 2026-01-21 02:34:42 Job terminated.
	(1) Normal termination (return value 0)
		Usr 0 00:14:08, Sys 0 00:00:09  -  Run Remote Usage
		Usr 0 00:00:00, Sys 0 00:00:00  -  Run Local Usage
		Usr 0 00:14:08, Sys 0 00:00:09  -  Total Remote Usage
		Usr 0 00:00:00, Sys 0 00:00:00  -  Total Local Usage
	191  -  Run Bytes Sent By Job
	148880  -  Run Bytes Received By Job
	191  -  Total Bytes Sent By Job
	148880  -  Total Bytes Received By Job
	Partitionable Resources :    Usage  Request Allocated 
	   Cpus                 :     1.00        1         1 
	   Disk (KB)            :   164     2097152   6681547 
	   Memory (MB)          :   102        4096      4096 
	   xferslots            :                           0 

	Job terminated of its own accord at 2026-01-21T07:34:42Z with exit-code 0.
...
