000 (16235385.968.000) 2026-01-23 10:57:30 Job submitted from host: <130.199.48.128:9618?addrs=130.199.48.128-9618&alias=rcas6008.rcf.bnl.gov&noUDP&sock=schedd_18725_535a>
...
040 (16235385.968.000) 2026-01-23 12:27:06 Started transferring input files
	Transferring to host: <130.199.184.221:9618?addrs=130.199.184.221-9618&alias=spool1796.sdcc.bnl.gov&noUDP&sock=slot1_59_96037_315f_255271>
...
040 (16235385.968.000) 2026-01-23 12:27:06 Finished transferring input files
...
001 (16235385.968.000) 2026-01-23 12:27:07 Job executing on host: <130.199.184.221:9618?addrs=130.199.184.221-9618&alias=spool1796.sdcc.bnl.gov&noUDP&sock=startd_96028_bfcc>
...
006 (16235385.968.000) 2026-01-23 12:27:15 Image size of job updated: 109572
	77  -  MemoryUsage of job (MB)
	78512  -  ResidentSetSize of job (KB)
...
006 (16235385.968.000) 2026-01-23 12:32:15 Image size of job updated: 450892
	115  -  MemoryUsage of job (MB)
	117632  -  ResidentSetSize of job (KB)
...
040 (16235385.968.000) 2026-01-23 12:45:36 Started transferring output files
...
040 (16235385.968.000) 2026-01-23 12:45:36 Finished transferring output files
...
005 (16235385.968.000) 2026-01-23 12:45:36 Job terminated.
	(1) Normal termination (return value 0)
		Usr 0 00:18:16, Sys 0 00:00:12  -  Run Remote Usage
		Usr 0 00:00:00, Sys 0 00:00:00  -  Run Local Usage
		Usr 0 00:18:16, Sys 0 00:00:12  -  Total Remote Usage
		Usr 0 00:00:00, Sys 0 00:00:00  -  Total Local Usage
	219  -  Run Bytes Sent By Job
	148880  -  Run Bytes Received By Job
	219  -  Total Bytes Sent By Job
	148880  -  Total Bytes Received By Job
	Partitionable Resources :    Usage  Request Allocated 
	   Cpus                 :     1.00        1         1 
	   Disk (KB)            :   164     2097152   6681568 
	   Memory (MB)          :   115        4096      4096 
	   xferslots            :                           0 

	Job terminated of its own accord at 2026-01-23T17:45:36Z with exit-code 0.
...
