000 (15560432.251.000) 2026-01-07 17:58:15 Job submitted from host: <130.199.48.129:9618?addrs=130.199.48.129-9618&alias=rcas6009.rcf.bnl.gov&noUDP&sock=schedd_22421_101d>
...
040 (15560432.251.000) 2026-01-07 19:36:49 Started transferring input files
	Transferring to host: <130.199.186.27:9618?addrs=130.199.186.27-9618&alias=spool1824.sdcc.bnl.gov&noUDP&sock=slot1_68_94218_f5db_182365>
...
040 (15560432.251.000) 2026-01-07 19:36:49 Finished transferring input files
...
001 (15560432.251.000) 2026-01-07 19:36:50 Job executing on host: <130.199.186.27:9618?addrs=130.199.186.27-9618&alias=spool1824.sdcc.bnl.gov&noUDP&sock=startd_94209_0f05>
...
006 (15560432.251.000) 2026-01-07 19:36:59 Image size of job updated: 109700
	76  -  MemoryUsage of job (MB)
	77228  -  ResidentSetSize of job (KB)
...
006 (15560432.251.000) 2026-01-07 19:42:00 Image size of job updated: 424856
	96  -  MemoryUsage of job (MB)
	97704  -  ResidentSetSize of job (KB)
...
040 (15560432.251.000) 2026-01-07 19:44:06 Started transferring output files
...
040 (15560432.251.000) 2026-01-07 19:44:06 Finished transferring output files
...
005 (15560432.251.000) 2026-01-07 19:44:06 Job terminated.
	(1) Normal termination (return value 0)
		Usr 0 00:07:08, Sys 0 00:00:05  -  Run Remote Usage
		Usr 0 00:00:00, Sys 0 00:00:00  -  Run Local Usage
		Usr 0 00:07:08, Sys 0 00:00:05  -  Total Remote Usage
		Usr 0 00:00:00, Sys 0 00:00:00  -  Total Local Usage
	219  -  Run Bytes Sent By Job
	144352  -  Run Bytes Received By Job
	219  -  Total Bytes Sent By Job
	144352  -  Total Bytes Received By Job
	Partitionable Resources :    Usage  Request Allocated 
	   Cpus                 :     0.99        1         1 
	   Disk (KB)            :   159     2097152   6681576 
	   Memory (MB)          :    96        4096      4096 
	   xferslots            :                           0 

	Job terminated of its own accord at 2026-01-08T00:44:06Z with exit-code 0.
...
