000 (15560432.270.000) 2026-01-07 17:58:16 Job submitted from host: <130.199.48.129:9618?addrs=130.199.48.129-9618&alias=rcas6009.rcf.bnl.gov&noUDP&sock=schedd_22421_101d>
...
040 (15560432.270.000) 2026-01-07 19:47:42 Started transferring input files
	Transferring to host: <130.199.151.31:9618?addrs=130.199.151.31-9618&alias=spool1609.sdcc.bnl.gov&noUDP&sock=slot1_41_94980_a7e9_182096>
...
040 (15560432.270.000) 2026-01-07 19:47:42 Finished transferring input files
...
001 (15560432.270.000) 2026-01-07 19:47:43 Job executing on host: <130.199.151.31:9618?addrs=130.199.151.31-9618&alias=spool1609.sdcc.bnl.gov&noUDP&sock=startd_94972_89de>
...
006 (15560432.270.000) 2026-01-07 19:47:52 Image size of job updated: 126540
	93  -  MemoryUsage of job (MB)
	95108  -  ResidentSetSize of job (KB)
...
006 (15560432.270.000) 2026-01-07 19:52:52 Image size of job updated: 640004
	129  -  MemoryUsage of job (MB)
	131304  -  ResidentSetSize of job (KB)
...
006 (15560432.270.000) 2026-01-07 19:57:52 Image size of job updated: 640004
	130  -  MemoryUsage of job (MB)
	132304  -  ResidentSetSize of job (KB)
...
006 (15560432.270.000) 2026-01-07 20:07:52 Image size of job updated: 641048
	130  -  MemoryUsage of job (MB)
	132304  -  ResidentSetSize of job (KB)
...
040 (15560432.270.000) 2026-01-07 20:07:52 Started transferring output files
...
040 (15560432.270.000) 2026-01-07 20:07:52 Finished transferring output files
...
005 (15560432.270.000) 2026-01-07 20:07:52 Job terminated.
	(1) Normal termination (return value 0)
		Usr 0 00:19:11, Sys 0 00:00:54  -  Run Remote Usage
		Usr 0 00:00:00, Sys 0 00:00:00  -  Run Local Usage
		Usr 0 00:19:11, Sys 0 00:00:54  -  Total Remote Usage
		Usr 0 00:00:00, Sys 0 00:00:00  -  Total Local Usage
	359  -  Run Bytes Sent By Job
	144352  -  Run Bytes Received By Job
	359  -  Total Bytes Sent By Job
	144352  -  Total Bytes Received By Job
	Partitionable Resources :    Usage  Request Allocated 
	   Cpus                 :     0.99        1         1 
	   Disk (KB)            :   159     2097152   6681162 
	   Memory (MB)          :   130        4096      4096 
	   xferslots            :                           0 

	Job terminated of its own accord at 2026-01-08T01:07:52Z with exit-code 0.
...
