000 (15564188.374.000) 2026-01-07 21:29:40 Job submitted from host: <130.199.48.129:9618?addrs=130.199.48.129-9618&alias=rcas6009.rcf.bnl.gov&noUDP&sock=schedd_22421_101d>
...
040 (15564188.374.000) 2026-01-08 00:52:12 Started transferring input files
	Transferring to host: <130.199.186.89:9618?addrs=130.199.186.89-9618&alias=spool1852.sdcc.bnl.gov&noUDP&sock=slot1_76_94012_d731_245959>
...
040 (15564188.374.000) 2026-01-08 00:52:12 Finished transferring input files
...
001 (15564188.374.000) 2026-01-08 00:52:13 Job executing on host: <130.199.186.89:9618?addrs=130.199.186.89-9618&alias=spool1852.sdcc.bnl.gov&noUDP&sock=startd_94003_dcbe>
...
006 (15564188.374.000) 2026-01-08 00:52:22 Image size of job updated: 419940
	77  -  MemoryUsage of job (MB)
	78844  -  ResidentSetSize of job (KB)
...
006 (15564188.374.000) 2026-01-08 00:57:22 Image size of job updated: 448044
	118  -  MemoryUsage of job (MB)
	120608  -  ResidentSetSize of job (KB)
...
040 (15564188.374.000) 2026-01-08 01:03:44 Started transferring output files
...
040 (15564188.374.000) 2026-01-08 01:03:44 Finished transferring output files
...
005 (15564188.374.000) 2026-01-08 01:03:44 Job terminated.
	(1) Normal termination (return value 0)
		Usr 0 00:10:22, Sys 0 00:00:10  -  Run Remote Usage
		Usr 0 00:00:00, Sys 0 00:00:00  -  Run Local Usage
		Usr 0 00:10:22, Sys 0 00:00:10  -  Total Remote Usage
		Usr 0 00:00:00, Sys 0 00:00:00  -  Total Local Usage
	247  -  Run Bytes Sent By Job
	144352  -  Run Bytes Received By Job
	247  -  Total Bytes Sent By Job
	144352  -  Total Bytes Received By Job
	Partitionable Resources :    Usage  Request Allocated 
	   Cpus                 :     0.84        1         1 
	   Disk (KB)            :   159     2097152   6681569 
	   Memory (MB)          :   118        4096      4096 
	   xferslots            :                           0 

	Job terminated of its own accord at 2026-01-08T06:03:44Z with exit-code 0.
...
