000 (15684821.028.000) 2026-01-19 15:56:20 Job submitted from host: <130.199.48.129:9618?addrs=130.199.48.129-9618&alias=rcas6009.rcf.bnl.gov&noUDP&sock=schedd_22421_101d>
...
040 (15684821.028.000) 2026-01-19 15:57:22 Started transferring input files
	Transferring to host: <130.199.151.33:9618?addrs=130.199.151.33-9618&alias=spool1611.sdcc.bnl.gov&noUDP&sock=slot1_57_94855_59a7_267131>
...
040 (15684821.028.000) 2026-01-19 15:57:22 Finished transferring input files
...
001 (15684821.028.000) 2026-01-19 15:57:23 Job executing on host: <130.199.151.33:9618?addrs=130.199.151.33-9618&alias=spool1611.sdcc.bnl.gov&noUDP&sock=startd_94847_fa45>
...
006 (15684821.028.000) 2026-01-19 15:57:32 Image size of job updated: 420036
	69  -  MemoryUsage of job (MB)
	69636  -  ResidentSetSize of job (KB)
...
006 (15684821.028.000) 2026-01-19 16:02:33 Image size of job updated: 424620
	84  -  MemoryUsage of job (MB)
	85868  -  ResidentSetSize of job (KB)
...
040 (15684821.028.000) 2026-01-19 16:05:30 Started transferring output files
...
040 (15684821.028.000) 2026-01-19 16:05:30 Finished transferring output files
...
005 (15684821.028.000) 2026-01-19 16:05:30 Job terminated.
	(1) Normal termination (return value 0)
		Usr 0 00:07:27, Sys 0 00:00:05  -  Run Remote Usage
		Usr 0 00:00:00, Sys 0 00:00:00  -  Run Local Usage
		Usr 0 00:07:27, Sys 0 00:00:05  -  Total Remote Usage
		Usr 0 00:00:00, Sys 0 00:00:00  -  Total Local Usage
	149  -  Run Bytes Sent By Job
	148880  -  Run Bytes Received By Job
	149  -  Total Bytes Sent By Job
	148880  -  Total Bytes Received By Job
	Partitionable Resources :    Usage  Request Allocated 
	   Cpus                 :     0.93        1         1 
	   Disk (KB)            :   163     2097152   6681176 
	   Memory (MB)          :    84        4096      4096 
	   xferslots            :                           0 

	Job terminated of its own accord at 2026-01-19T21:05:29Z with exit-code 0.
...
