000 (16235385.267.000) 2026-01-23 10:57:27 Job submitted from host: <130.199.48.128:9618?addrs=130.199.48.128-9618&alias=rcas6008.rcf.bnl.gov&noUDP&sock=schedd_18725_535a>
...
040 (16235385.267.000) 2026-01-23 12:01:11 Started transferring input files
	Transferring to host: <130.199.186.85:9618?addrs=130.199.186.85-9618&alias=spool1848.sdcc.bnl.gov&noUDP&sock=slot1_13_95890_a430_255282>
...
040 (16235385.267.000) 2026-01-23 12:01:11 Finished transferring input files
...
001 (16235385.267.000) 2026-01-23 12:01:13 Job executing on host: <130.199.186.85:9618?addrs=130.199.186.85-9618&alias=spool1848.sdcc.bnl.gov&noUDP&sock=startd_95881_39bf>
...
006 (16235385.267.000) 2026-01-23 12:01:21 Image size of job updated: 102692
	69  -  MemoryUsage of job (MB)
	70440  -  ResidentSetSize of job (KB)
...
006 (16235385.267.000) 2026-01-23 12:06:21 Image size of job updated: 449104
	133  -  MemoryUsage of job (MB)
	135364  -  ResidentSetSize of job (KB)
...
006 (16235385.267.000) 2026-01-23 12:11:22 Image size of job updated: 449104
	133  -  MemoryUsage of job (MB)
	135368  -  ResidentSetSize of job (KB)
...
040 (16235385.267.000) 2026-01-23 12:34:15 Started transferring output files
...
040 (16235385.267.000) 2026-01-23 12:34:15 Finished transferring output files
...
005 (16235385.267.000) 2026-01-23 12:34:15 Job terminated.
	(1) Normal termination (return value 0)
		Usr 0 00:32:23, Sys 0 00:00:18  -  Run Remote Usage
		Usr 0 00:00:00, Sys 0 00:00:00  -  Run Local Usage
		Usr 0 00:32:23, Sys 0 00:00:18  -  Total Remote Usage
		Usr 0 00:00:00, Sys 0 00:00:00  -  Total Local Usage
	303  -  Run Bytes Sent By Job
	148880  -  Run Bytes Received By Job
	303  -  Total Bytes Sent By Job
	148880  -  Total Bytes Received By Job
	Partitionable Resources :    Usage  Request Allocated 
	   Cpus                 :     0.99        1         1 
	   Disk (KB)            :   164     2097152   6681608 
	   Memory (MB)          :   133        4096      4096 
	   xferslots            :                           0 

	Job terminated of its own accord at 2026-01-23T17:34:15Z with exit-code 0.
...
