000 (15560432.280.000) 2026-01-07 17:58:16 Job submitted from host: <130.199.48.129:9618?addrs=130.199.48.129-9618&alias=rcas6009.rcf.bnl.gov&noUDP&sock=schedd_22421_101d>
...
040 (15560432.280.000) 2026-01-07 19:49:59 Started transferring input files
	Transferring to host: <130.199.184.213:9618?addrs=130.199.184.213-9618&alias=spool1788.sdcc.bnl.gov&noUDP&sock=slot1_3_95861_39f8_191833>
...
040 (15560432.280.000) 2026-01-07 19:49:59 Finished transferring input files
...
001 (15560432.280.000) 2026-01-07 19:50:00 Job executing on host: <130.199.184.213:9618?addrs=130.199.184.213-9618&alias=spool1788.sdcc.bnl.gov&noUDP&sock=startd_95852_0c25>
...
006 (15560432.280.000) 2026-01-07 19:50:08 Image size of job updated: 118240
	85  -  MemoryUsage of job (MB)
	86784  -  ResidentSetSize of job (KB)
...
006 (15560432.280.000) 2026-01-07 19:53:11 Image size of job updated: 424448
	85  -  MemoryUsage of job (MB)
	86784  -  ResidentSetSize of job (KB)
...
040 (15560432.280.000) 2026-01-07 19:53:11 Started transferring output files
...
040 (15560432.280.000) 2026-01-07 19:53:11 Finished transferring output files
...
005 (15560432.280.000) 2026-01-07 19:53:11 Job terminated.
	(1) Normal termination (return value 0)
		Usr 0 00:03:07, Sys 0 00:00:02  -  Run Remote Usage
		Usr 0 00:00:00, Sys 0 00:00:00  -  Run Local Usage
		Usr 0 00:03:07, Sys 0 00:00:02  -  Total Remote Usage
		Usr 0 00:00:00, Sys 0 00:00:00  -  Total Local Usage
	149  -  Run Bytes Sent By Job
	144352  -  Run Bytes Received By Job
	149  -  Total Bytes Sent By Job
	144352  -  Total Bytes Received By Job
	Partitionable Resources :    Usage  Request Allocated 
	   Cpus                 :     0.99        1         1 
	   Disk (KB)            :   159     2097152   6681567 
	   Memory (MB)          :    85        4096      4096 
	   xferslots            :                           0 

	Job terminated of its own accord at 2026-01-08T00:53:11Z with exit-code 0.
...
