000 (15554417.085.000) 2026-01-07 12:44:32 Job submitted from host: <130.199.48.129:9618?addrs=130.199.48.129-9618&alias=rcas6009.rcf.bnl.gov&noUDP&sock=schedd_22421_101d>
...
040 (15554417.085.000) 2026-01-07 13:07:18 Started transferring input files
	Transferring to host: <130.199.150.74:9618?addrs=130.199.150.74-9618&alias=spool1555.sdcc.bnl.gov&noUDP&sock=slot1_42_23207_33d9_179717>
...
040 (15554417.085.000) 2026-01-07 13:07:18 Finished transferring input files
...
001 (15554417.085.000) 2026-01-07 13:07:19 Job executing on host: <130.199.150.74:9618?addrs=130.199.150.74-9618&alias=spool1555.sdcc.bnl.gov&noUDP&sock=startd_23198_f940>
...
006 (15554417.085.000) 2026-01-07 13:07:27 Image size of job updated: 422020
	105  -  MemoryUsage of job (MB)
	106788  -  ResidentSetSize of job (KB)
...
006 (15554417.085.000) 2026-01-07 13:12:27 Image size of job updated: 424800
	106  -  MemoryUsage of job (MB)
	108080  -  ResidentSetSize of job (KB)
...
006 (15554417.085.000) 2026-01-07 13:17:28 Image size of job updated: 424800
	106  -  MemoryUsage of job (MB)
	108088  -  ResidentSetSize of job (KB)
...
040 (15554417.085.000) 2026-01-07 13:18:05 Started transferring output files
...
040 (15554417.085.000) 2026-01-07 13:18:05 Finished transferring output files
...
005 (15554417.085.000) 2026-01-07 13:18:05 Job terminated.
	(1) Normal termination (return value 0)
		Usr 0 00:10:38, Sys 0 00:00:07  -  Run Remote Usage
		Usr 0 00:00:00, Sys 0 00:00:00  -  Run Local Usage
		Usr 0 00:10:38, Sys 0 00:00:07  -  Total Remote Usage
		Usr 0 00:00:00, Sys 0 00:00:00  -  Total Local Usage
	275  -  Run Bytes Sent By Job
	144352  -  Run Bytes Received By Job
	275  -  Total Bytes Sent By Job
	144352  -  Total Bytes Received By Job
	Partitionable Resources :    Usage  Request Allocated 
	   Cpus                 :     1.00        1         1 
	   Disk (KB)            :   159     2097152   6681187 
	   Memory (MB)          :   106        4096      4096 
	   xferslots            :                           0 

	Job terminated of its own accord at 2026-01-07T18:18:05Z with exit-code 0.
...
