000 (15684821.310.000) 2026-01-19 15:56:21 Job submitted from host: <130.199.48.129:9618?addrs=130.199.48.129-9618&alias=rcas6009.rcf.bnl.gov&noUDP&sock=schedd_22421_101d>
...
040 (15684821.310.000) 2026-01-19 16:13:19 Started transferring input files
	Transferring to host: <130.199.151.3:9618?addrs=130.199.151.3-9618&alias=spool1581.sdcc.bnl.gov&noUDP&sock=slot1_29_95061_7851_243374>
...
040 (15684821.310.000) 2026-01-19 16:13:19 Finished transferring input files
...
001 (15684821.310.000) 2026-01-19 16:13:20 Job executing on host: <130.199.151.3:9618?addrs=130.199.151.3-9618&alias=spool1581.sdcc.bnl.gov&noUDP&sock=startd_95052_db87>
...
006 (15684821.310.000) 2026-01-19 16:13:29 Image size of job updated: 334448
	83  -  MemoryUsage of job (MB)
	84564  -  ResidentSetSize of job (KB)
...
006 (15684821.310.000) 2026-01-19 16:18:30 Image size of job updated: 450576
	138  -  MemoryUsage of job (MB)
	140364  -  ResidentSetSize of job (KB)
...
040 (15684821.310.000) 2026-01-19 16:57:40 Started transferring output files
...
040 (15684821.310.000) 2026-01-19 16:57:40 Finished transferring output files
...
005 (15684821.310.000) 2026-01-19 16:57:40 Job terminated.
	(1) Normal termination (return value 0)
		Usr 0 00:43:09, Sys 0 00:00:25  -  Run Remote Usage
		Usr 0 00:00:00, Sys 0 00:00:00  -  Run Local Usage
		Usr 0 00:43:09, Sys 0 00:00:25  -  Total Remote Usage
		Usr 0 00:00:00, Sys 0 00:00:00  -  Total Local Usage
	317  -  Run Bytes Sent By Job
	148880  -  Run Bytes Received By Job
	317  -  Total Bytes Sent By Job
	148880  -  Total Bytes Received By Job
	Partitionable Resources :    Usage  Request Allocated 
	   Cpus                 :     1.00        1         1 
	   Disk (KB)            :   163     2097152   6681183 
	   Memory (MB)          :   138        4096      4096 
	   xferslots            :                           0 

	Job terminated of its own accord at 2026-01-19T21:57:40Z with exit-code 0.
...
