000 (15690120.808.000) 2026-01-20 07:35:56 Job submitted from host: <130.199.48.129:9618?addrs=130.199.48.129-9618&alias=rcas6009.rcf.bnl.gov&noUDP&sock=schedd_22421_101d>
...
040 (15690120.808.000) 2026-01-21 13:03:59 Started transferring input files
	Transferring to host: <130.199.184.220:9618?addrs=130.199.184.220-9618&alias=spool1795.sdcc.bnl.gov&noUDP&sock=slot1_46_94169_c6cc_247360>
...
040 (15690120.808.000) 2026-01-21 13:03:59 Finished transferring input files
...
001 (15690120.808.000) 2026-01-21 13:04:00 Job executing on host: <130.199.184.220:9618?addrs=130.199.184.220-9618&alias=spool1795.sdcc.bnl.gov&noUDP&sock=startd_94161_de06>
...
006 (15690120.808.000) 2026-01-21 13:04:09 Image size of job updated: 105560
	73  -  MemoryUsage of job (MB)
	74288  -  ResidentSetSize of job (KB)
...
006 (15690120.808.000) 2026-01-21 13:05:51 Image size of job updated: 448684
	73  -  MemoryUsage of job (MB)
	74288  -  ResidentSetSize of job (KB)
...
040 (15690120.808.000) 2026-01-21 13:05:52 Started transferring output files
...
040 (15690120.808.000) 2026-01-21 13:05:52 Finished transferring output files
...
005 (15690120.808.000) 2026-01-21 13:05:52 Job terminated.
	(1) Normal termination (return value 0)
		Usr 0 00:01:47, Sys 0 00:00:02  -  Run Remote Usage
		Usr 0 00:00:00, Sys 0 00:00:00  -  Run Local Usage
		Usr 0 00:01:47, Sys 0 00:00:02  -  Total Remote Usage
		Usr 0 00:00:00, Sys 0 00:00:00  -  Total Local Usage
	83  -  Run Bytes Sent By Job
	148880  -  Run Bytes Received By Job
	83  -  Total Bytes Sent By Job
	148880  -  Total Bytes Received By Job
	Partitionable Resources :    Usage  Request Allocated 
	   Cpus                 :                 1         1 
	   Disk (KB)            :      157  2097152   6681583 
	   Memory (MB)          :       73     4096      4096 
	   xferslots            :                           0 

	Job terminated of its own accord at 2026-01-21T18:05:51Z with exit-code 0.
...
