000 (15564188.808.000) 2026-01-07 21:29:41 Job submitted from host: <130.199.48.129:9618?addrs=130.199.48.129-9618&alias=rcas6009.rcf.bnl.gov&noUDP&sock=schedd_22421_101d>
...
040 (15564188.808.000) 2026-01-08 01:52:19 Started transferring input files
	Transferring to host: <130.199.150.94:9618?addrs=130.199.150.94-9618&alias=spool1575.sdcc.bnl.gov&noUDP&sock=slot1_10_57332_a848_187758>
...
040 (15564188.808.000) 2026-01-08 01:52:19 Finished transferring input files
...
001 (15564188.808.000) 2026-01-08 01:52:20 Job executing on host: <130.199.150.94:9618?addrs=130.199.150.94-9618&alias=spool1575.sdcc.bnl.gov&noUDP&sock=startd_57323_1af7>
...
006 (15564188.808.000) 2026-01-08 01:52:29 Image size of job updated: 501332
	65  -  MemoryUsage of job (MB)
	66236  -  ResidentSetSize of job (KB)
...
040 (15564188.808.000) 2026-01-08 01:53:22 Started transferring output files
...
040 (15564188.808.000) 2026-01-08 01:53:23 Finished transferring output files
...
005 (15564188.808.000) 2026-01-08 01:53:23 Job terminated.
	(1) Normal termination (return value 0)
		Usr 0 00:00:53, Sys 0 00:00:01  -  Run Remote Usage
		Usr 0 00:00:00, Sys 0 00:00:00  -  Run Local Usage
		Usr 0 00:00:53, Sys 0 00:00:01  -  Total Remote Usage
		Usr 0 00:00:00, Sys 0 00:00:00  -  Total Local Usage
	83  -  Run Bytes Sent By Job
	144352  -  Run Bytes Received By Job
	83  -  Total Bytes Sent By Job
	144352  -  Total Bytes Received By Job
	Partitionable Resources :    Usage  Request Allocated 
	   Cpus                 :                 1         1 
	   Disk (KB)            :      153  2097152   6681173 
	   Memory (MB)          :       65     4096      4096 
	   xferslots            :                           0 

	Job terminated of its own accord at 2026-01-08T06:53:22Z with exit-code 0.
...
