000 (15564188.711.000) 2026-01-07 21:29:40 Job submitted from host: <130.199.48.129:9618?addrs=130.199.48.129-9618&alias=rcas6009.rcf.bnl.gov&noUDP&sock=schedd_22421_101d>
...
040 (15564188.711.000) 2026-01-08 01:45:33 Started transferring input files
	Transferring to host: <130.199.184.155:9618?addrs=130.199.184.155-9618&alias=spool1764.sdcc.bnl.gov&noUDP&sock=slot1_71_4372_9493_189145>
...
040 (15564188.711.000) 2026-01-08 01:45:33 Finished transferring input files
...
001 (15564188.711.000) 2026-01-08 01:45:34 Job executing on host: <130.199.184.155:9618?addrs=130.199.184.155-9618&alias=spool1764.sdcc.bnl.gov&noUDP&sock=startd_4355_66ea>
...
006 (15564188.711.000) 2026-01-08 01:45:43 Image size of job updated: 335568
	87  -  MemoryUsage of job (MB)
	88652  -  ResidentSetSize of job (KB)
...
006 (15564188.711.000) 2026-01-08 01:50:44 Image size of job updated: 447932
	103  -  MemoryUsage of job (MB)
	105376  -  ResidentSetSize of job (KB)
...
040 (15564188.711.000) 2026-01-08 01:53:39 Started transferring output files
...
040 (15564188.711.000) 2026-01-08 01:53:39 Finished transferring output files
...
005 (15564188.711.000) 2026-01-08 01:53:39 Job terminated.
	(1) Normal termination (return value 0)
		Usr 0 00:07:30, Sys 0 00:00:09  -  Run Remote Usage
		Usr 0 00:00:00, Sys 0 00:00:00  -  Run Local Usage
		Usr 0 00:07:30, Sys 0 00:00:09  -  Total Remote Usage
		Usr 0 00:00:00, Sys 0 00:00:00  -  Total Local Usage
	191  -  Run Bytes Sent By Job
	144352  -  Run Bytes Received By Job
	191  -  Total Bytes Sent By Job
	144352  -  Total Bytes Received By Job
	Partitionable Resources :    Usage  Request Allocated 
	   Cpus                 :     0.98        1         1 
	   Disk (KB)            :   159     2097152   6681581 
	   Memory (MB)          :   103        4096      4096 
	   xferslots            :                           0 

	Job terminated of its own accord at 2026-01-08T06:53:38Z with exit-code 0.
...
