000 (15697407.181.000) 2026-01-21 18:36:41 Job submitted from host: <130.199.48.129:9618?addrs=130.199.48.129-9618&alias=rcas6009.rcf.bnl.gov&noUDP&sock=schedd_22421_101d>
...
040 (15697407.181.000) 2026-01-21 23:50:21 Started transferring input files
	Transferring to host: <130.199.184.200:9618?addrs=130.199.184.200-9618&alias=spool1775.sdcc.bnl.gov&noUDP&sock=slot1_68_93907_4dc6_262636>
...
040 (15697407.181.000) 2026-01-21 23:50:21 Finished transferring input files
...
001 (15697407.181.000) 2026-01-21 23:50:22 Job executing on host: <130.199.184.200:9618?addrs=130.199.184.200-9618&alias=spool1775.sdcc.bnl.gov&noUDP&sock=startd_93898_a190>
...
006 (15697407.181.000) 2026-01-21 23:50:31 Image size of job updated: 422452
	76  -  MemoryUsage of job (MB)
	76988  -  ResidentSetSize of job (KB)
...
006 (15697407.181.000) 2026-01-21 23:55:32 Image size of job updated: 450432
	111  -  MemoryUsage of job (MB)
	113616  -  ResidentSetSize of job (KB)
...
040 (15697407.181.000) 2026-01-22 00:06:47 Started transferring output files
...
040 (15697407.181.000) 2026-01-22 00:06:47 Finished transferring output files
...
005 (15697407.181.000) 2026-01-22 00:06:47 Job terminated.
	(1) Normal termination (return value 0)
		Usr 0 00:16:10, Sys 0 00:00:12  -  Run Remote Usage
		Usr 0 00:00:00, Sys 0 00:00:00  -  Run Local Usage
		Usr 0 00:16:10, Sys 0 00:00:12  -  Total Remote Usage
		Usr 0 00:00:00, Sys 0 00:00:00  -  Total Local Usage
	219  -  Run Bytes Sent By Job
	148880  -  Run Bytes Received By Job
	219  -  Total Bytes Sent By Job
	148880  -  Total Bytes Received By Job
	Partitionable Resources :    Usage  Request Allocated 
	   Cpus                 :     0.99        1         1 
	   Disk (KB)            :   163     2097152   6681565 
	   Memory (MB)          :   111        4096      4096 
	   xferslots            :                           0 

	Job terminated of its own accord at 2026-01-22T05:06:46Z with exit-code 0.
...
