000 (15560432.425.000) 2026-01-07 17:58:16 Job submitted from host: <130.199.48.129:9618?addrs=130.199.48.129-9618&alias=rcas6009.rcf.bnl.gov&noUDP&sock=schedd_22421_101d>
...
040 (15560432.425.000) 2026-01-07 20:41:28 Started transferring input files
	Transferring to host: <130.199.186.67:9618?addrs=130.199.186.67-9618&alias=spool1830.sdcc.bnl.gov&noUDP&sock=slot1_8_93693_46c6_185675>
...
040 (15560432.425.000) 2026-01-07 20:41:28 Finished transferring input files
...
001 (15560432.425.000) 2026-01-07 20:41:29 Job executing on host: <130.199.186.67:9618?addrs=130.199.186.67-9618&alias=spool1830.sdcc.bnl.gov&noUDP&sock=startd_93684_e71e>
...
006 (15560432.425.000) 2026-01-07 20:41:38 Image size of job updated: 421832
	85  -  MemoryUsage of job (MB)
	86380  -  ResidentSetSize of job (KB)
...
006 (15560432.425.000) 2026-01-07 20:45:23 Image size of job updated: 424596
	85  -  MemoryUsage of job (MB)
	86380  -  ResidentSetSize of job (KB)
...
040 (15560432.425.000) 2026-01-07 20:45:23 Started transferring output files
...
040 (15560432.425.000) 2026-01-07 20:45:23 Finished transferring output files
...
005 (15560432.425.000) 2026-01-07 20:45:23 Job terminated.
	(1) Normal termination (return value 0)
		Usr 0 00:03:49, Sys 0 00:00:02  -  Run Remote Usage
		Usr 0 00:00:00, Sys 0 00:00:00  -  Run Local Usage
		Usr 0 00:03:49, Sys 0 00:00:02  -  Total Remote Usage
		Usr 0 00:00:00, Sys 0 00:00:00  -  Total Local Usage
	163  -  Run Bytes Sent By Job
	144352  -  Run Bytes Received By Job
	163  -  Total Bytes Sent By Job
	144352  -  Total Bytes Received By Job
	Partitionable Resources :    Usage  Request Allocated 
	   Cpus                 :     1.00        1         1 
	   Disk (KB)            :   159     2097152   6681578 
	   Memory (MB)          :    85        4096      4096 
	   xferslots            :                           0 

	Job terminated of its own accord at 2026-01-08T01:45:23Z with exit-code 0.
...
