000 (15554417.484.000) 2026-01-07 12:44:33 Job submitted from host: <130.199.48.129:9618?addrs=130.199.48.129-9618&alias=rcas6009.rcf.bnl.gov&noUDP&sock=schedd_22421_101d>
...
040 (15554417.484.000) 2026-01-07 13:44:56 Started transferring input files
	Transferring to host: <130.199.186.76:9618?addrs=130.199.186.76-9618&alias=spool1839.sdcc.bnl.gov&noUDP&sock=slot1_58_95854_0eac_185172>
...
040 (15554417.484.000) 2026-01-07 13:44:56 Finished transferring input files
...
001 (15554417.484.000) 2026-01-07 13:44:57 Job executing on host: <130.199.186.76:9618?addrs=130.199.186.76-9618&alias=spool1839.sdcc.bnl.gov&noUDP&sock=startd_95845_d4ff>
...
006 (15554417.484.000) 2026-01-07 13:45:05 Image size of job updated: 423492
	93  -  MemoryUsage of job (MB)
	94340  -  ResidentSetSize of job (KB)
...
006 (15554417.484.000) 2026-01-07 13:50:06 Image size of job updated: 424612
	94  -  MemoryUsage of job (MB)
	95680  -  ResidentSetSize of job (KB)
...
040 (15554417.484.000) 2026-01-07 13:51:50 Started transferring output files
...
040 (15554417.484.000) 2026-01-07 13:51:50 Finished transferring output files
...
005 (15554417.484.000) 2026-01-07 13:51:50 Job terminated.
	(1) Normal termination (return value 0)
		Usr 0 00:06:46, Sys 0 00:00:06  -  Run Remote Usage
		Usr 0 00:00:00, Sys 0 00:00:00  -  Run Local Usage
		Usr 0 00:06:46, Sys 0 00:00:06  -  Total Remote Usage
		Usr 0 00:00:00, Sys 0 00:00:00  -  Total Local Usage
	205  -  Run Bytes Sent By Job
	144352  -  Run Bytes Received By Job
	205  -  Total Bytes Sent By Job
	144352  -  Total Bytes Received By Job
	Partitionable Resources :    Usage  Request Allocated 
	   Cpus                 :     1.00        1         1 
	   Disk (KB)            :   159     2097152   6681563 
	   Memory (MB)          :    94        4096      4096 
	   xferslots            :                           0 

	Job terminated of its own accord at 2026-01-07T18:51:50Z with exit-code 0.
...
