000 (15690120.505.000) 2026-01-20 07:35:56 Job submitted from host: <130.199.48.129:9618?addrs=130.199.48.129-9618&alias=rcas6009.rcf.bnl.gov&noUDP&sock=schedd_22421_101d>
...
040 (15690120.505.000) 2026-01-21 09:23:39 Started transferring input files
	Transferring to host: <130.199.184.156:9618?addrs=130.199.184.156-9618&alias=spool1765.sdcc.bnl.gov&noUDP&sock=slot1_47_58527_198d_250707>
...
040 (15690120.505.000) 2026-01-21 09:23:39 Finished transferring input files
...
001 (15690120.505.000) 2026-01-21 09:23:40 Job executing on host: <130.199.184.156:9618?addrs=130.199.184.156-9618&alias=spool1765.sdcc.bnl.gov&noUDP&sock=startd_58518_4ec8>
...
006 (15690120.505.000) 2026-01-21 09:23:49 Image size of job updated: 341376
	76  -  MemoryUsage of job (MB)
	76840  -  ResidentSetSize of job (KB)
...
006 (15690120.505.000) 2026-01-21 09:28:49 Image size of job updated: 449924
	111  -  MemoryUsage of job (MB)
	113248  -  ResidentSetSize of job (KB)
...
006 (15690120.505.000) 2026-01-21 09:33:50 Image size of job updated: 449924
	111  -  MemoryUsage of job (MB)
	113252  -  ResidentSetSize of job (KB)
...
040 (15690120.505.000) 2026-01-21 09:43:50 Started transferring output files
...
040 (15690120.505.000) 2026-01-21 09:43:50 Finished transferring output files
...
005 (15690120.505.000) 2026-01-21 09:43:50 Job terminated.
	(1) Normal termination (return value 0)
		Usr 0 00:18:49, Sys 0 00:00:12  -  Run Remote Usage
		Usr 0 00:00:00, Sys 0 00:00:00  -  Run Local Usage
		Usr 0 00:18:49, Sys 0 00:00:12  -  Total Remote Usage
		Usr 0 00:00:00, Sys 0 00:00:00  -  Total Local Usage
	219  -  Run Bytes Sent By Job
	148880  -  Run Bytes Received By Job
	219  -  Total Bytes Sent By Job
	148880  -  Total Bytes Received By Job
	Partitionable Resources :    Usage  Request Allocated 
	   Cpus                 :     0.93        1         1 
	   Disk (KB)            :   164     2097152   6681570 
	   Memory (MB)          :   111        4096      4096 
	   xferslots            :                           0 

	Job terminated of its own accord at 2026-01-21T14:43:49Z with exit-code 0.
...
