000 (15690120.1214.000) 2026-01-20 07:35:57 Job submitted from host: <130.199.48.129:9618?addrs=130.199.48.129-9618&alias=rcas6009.rcf.bnl.gov&noUDP&sock=schedd_22421_101d>
...
040 (15690120.1214.000) 2026-01-21 17:32:22 Started transferring input files
	Transferring to host: <130.199.151.5:9618?addrs=130.199.151.5-9618&alias=spool1583.sdcc.bnl.gov&noUDP&sock=slot1_24_95004_60eb_364958>
...
040 (15690120.1214.000) 2026-01-21 17:32:22 Finished transferring input files
...
001 (15690120.1214.000) 2026-01-21 17:32:23 Job executing on host: <130.199.151.5:9618?addrs=130.199.151.5-9618&alias=spool1583.sdcc.bnl.gov&noUDP&sock=startd_94995_d158>
...
006 (15690120.1214.000) 2026-01-21 17:32:32 Image size of job updated: 382324
	67  -  MemoryUsage of job (MB)
	68244  -  ResidentSetSize of job (KB)
...
006 (15690120.1214.000) 2026-01-21 17:37:33 Image size of job updated: 450380
	96  -  MemoryUsage of job (MB)
	98200  -  ResidentSetSize of job (KB)
...
040 (15690120.1214.000) 2026-01-21 17:40:39 Started transferring output files
...
040 (15690120.1214.000) 2026-01-21 17:40:39 Finished transferring output files
...
005 (15690120.1214.000) 2026-01-21 17:40:39 Job terminated.
	(1) Normal termination (return value 0)
		Usr 0 00:07:54, Sys 0 00:00:06  -  Run Remote Usage
		Usr 0 00:00:00, Sys 0 00:00:00  -  Run Local Usage
		Usr 0 00:07:54, Sys 0 00:00:06  -  Total Remote Usage
		Usr 0 00:00:00, Sys 0 00:00:00  -  Total Local Usage
	163  -  Run Bytes Sent By Job
	148880  -  Run Bytes Received By Job
	163  -  Total Bytes Sent By Job
	148880  -  Total Bytes Received By Job
	Partitionable Resources :    Usage  Request Allocated 
	   Cpus                 :     1.00        1         1 
	   Disk (KB)            :   164     2097152   6681171 
	   Memory (MB)          :    96        4096      4096 
	   xferslots            :                           0 

	Job terminated of its own accord at 2026-01-21T22:40:39Z with exit-code 0.
...
