000 (15697407.545.000) 2026-01-21 18:36:42 Job submitted from host: <130.199.48.129:9618?addrs=130.199.48.129-9618&alias=rcas6009.rcf.bnl.gov&noUDP&sock=schedd_22421_101d>
...
040 (15697407.545.000) 2026-01-22 11:38:25 Started transferring input files
	Transferring to host: <130.199.186.73:9618?addrs=130.199.186.73-9618&alias=spool1836.sdcc.bnl.gov&noUDP&sock=slot1_51_23899_34f5_251941>
...
040 (15697407.545.000) 2026-01-22 11:38:25 Finished transferring input files
...
001 (15697407.545.000) 2026-01-22 11:38:26 Job executing on host: <130.199.186.73:9618?addrs=130.199.186.73-9618&alias=spool1836.sdcc.bnl.gov&noUDP&sock=startd_23890_fb9f>
...
006 (15697407.545.000) 2026-01-22 11:38:35 Image size of job updated: 420896
	74  -  MemoryUsage of job (MB)
	75644  -  ResidentSetSize of job (KB)
...
006 (15697407.545.000) 2026-01-22 11:43:36 Image size of job updated: 450932
	108  -  MemoryUsage of job (MB)
	109628  -  ResidentSetSize of job (KB)
...
006 (15697407.545.000) 2026-01-22 11:53:36 Image size of job updated: 450932
	108  -  MemoryUsage of job (MB)
	109632  -  ResidentSetSize of job (KB)
...
040 (15697407.545.000) 2026-01-22 11:54:03 Started transferring output files
...
040 (15697407.545.000) 2026-01-22 11:54:03 Finished transferring output files
...
005 (15697407.545.000) 2026-01-22 11:54:04 Job terminated.
	(1) Normal termination (return value 0)
		Usr 0 00:14:44, Sys 0 00:00:16  -  Run Remote Usage
		Usr 0 00:00:00, Sys 0 00:00:00  -  Run Local Usage
		Usr 0 00:14:44, Sys 0 00:00:16  -  Total Remote Usage
		Usr 0 00:00:00, Sys 0 00:00:00  -  Total Local Usage
	205  -  Run Bytes Sent By Job
	148880  -  Run Bytes Received By Job
	205  -  Total Bytes Sent By Job
	148880  -  Total Bytes Received By Job
	Partitionable Resources :    Usage  Request Allocated 
	   Cpus                 :     1.00        1         1 
	   Disk (KB)            :   164     2097152   6681547 
	   Memory (MB)          :   108        4096      4096 
	   xferslots            :                           0 

	Job terminated of its own accord at 2026-01-22T16:54:03Z with exit-code 0.
...
