000 (15554417.882.000) 2026-01-07 12:44:34 Job submitted from host: <130.199.48.129:9618?addrs=130.199.48.129-9618&alias=rcas6009.rcf.bnl.gov&noUDP&sock=schedd_22421_101d>
...
040 (15554417.882.000) 2026-01-07 14:05:41 Started transferring input files
	Transferring to host: <130.199.186.90:9618?addrs=130.199.186.90-9618&alias=spool1853.sdcc.bnl.gov&noUDP&sock=slot1_87_95758_2aa3_191117>
...
040 (15554417.882.000) 2026-01-07 14:05:41 Finished transferring input files
...
001 (15554417.882.000) 2026-01-07 14:05:42 Job executing on host: <130.199.186.90:9618?addrs=130.199.186.90-9618&alias=spool1853.sdcc.bnl.gov&noUDP&sock=startd_95750_c406>
...
006 (15554417.882.000) 2026-01-07 14:05:51 Image size of job updated: 120816
	88  -  MemoryUsage of job (MB)
	89388  -  ResidentSetSize of job (KB)
...
006 (15554417.882.000) 2026-01-07 14:10:44 Image size of job updated: 424320
	88  -  MemoryUsage of job (MB)
	89388  -  ResidentSetSize of job (KB)
...
040 (15554417.882.000) 2026-01-07 14:10:44 Started transferring output files
...
040 (15554417.882.000) 2026-01-07 14:10:44 Finished transferring output files
...
005 (15554417.882.000) 2026-01-07 14:10:44 Job terminated.
	(1) Normal termination (return value 0)
		Usr 0 00:04:57, Sys 0 00:00:03  -  Run Remote Usage
		Usr 0 00:00:00, Sys 0 00:00:00  -  Run Local Usage
		Usr 0 00:04:57, Sys 0 00:00:03  -  Total Remote Usage
		Usr 0 00:00:00, Sys 0 00:00:00  -  Total Local Usage
	177  -  Run Bytes Sent By Job
	144352  -  Run Bytes Received By Job
	177  -  Total Bytes Sent By Job
	144352  -  Total Bytes Received By Job
	Partitionable Resources :    Usage  Request Allocated 
	   Cpus                 :     1.00        1         1 
	   Disk (KB)            :   159     2097152   6681587 
	   Memory (MB)          :    88        4096      4096 
	   xferslots            :                           0 

	Job terminated of its own accord at 2026-01-07T19:10:44Z with exit-code 0.
...
