000 (15560432.1163.000) 2026-01-07 17:58:18 Job submitted from host: <130.199.48.129:9618?addrs=130.199.48.129-9618&alias=rcas6009.rcf.bnl.gov&noUDP&sock=schedd_22421_101d>
...
040 (15560432.1163.000) 2026-01-07 21:01:49 Started transferring input files
	Transferring to host: <130.199.186.27:9618?addrs=130.199.186.27-9618&alias=spool1824.sdcc.bnl.gov&noUDP&sock=slot1_60_94218_f5db_182553>
...
040 (15560432.1163.000) 2026-01-07 21:01:49 Finished transferring input files
...
001 (15560432.1163.000) 2026-01-07 21:01:50 Job executing on host: <130.199.186.27:9618?addrs=130.199.186.27-9618&alias=spool1824.sdcc.bnl.gov&noUDP&sock=startd_94209_0f05>
...
006 (15560432.1163.000) 2026-01-07 21:01:59 Image size of job updated: 422732
	86  -  MemoryUsage of job (MB)
	87696  -  ResidentSetSize of job (KB)
...
006 (15560432.1163.000) 2026-01-07 21:05:40 Image size of job updated: 424460
	86  -  MemoryUsage of job (MB)
	87696  -  ResidentSetSize of job (KB)
...
040 (15560432.1163.000) 2026-01-07 21:05:40 Started transferring output files
...
040 (15560432.1163.000) 2026-01-07 21:05:40 Finished transferring output files
...
005 (15560432.1163.000) 2026-01-07 21:05:40 Job terminated.
	(1) Normal termination (return value 0)
		Usr 0 00:03:43, Sys 0 00:00:04  -  Run Remote Usage
		Usr 0 00:00:00, Sys 0 00:00:00  -  Run Local Usage
		Usr 0 00:03:43, Sys 0 00:00:04  -  Total Remote Usage
		Usr 0 00:00:00, Sys 0 00:00:00  -  Total Local Usage
	177  -  Run Bytes Sent By Job
	144352  -  Run Bytes Received By Job
	177  -  Total Bytes Sent By Job
	144352  -  Total Bytes Received By Job
	Partitionable Resources :    Usage  Request Allocated 
	   Cpus                 :                 1         1 
	   Disk (KB)            :      153  2097152   6681576 
	   Memory (MB)          :       86     4096      4096 
	   xferslots            :                           0 

	Job terminated of its own accord at 2026-01-08T02:05:40Z with exit-code 0.
...
