000 (15554417.1004.000) 2026-01-07 12:44:35 Job submitted from host: <130.199.48.129:9618?addrs=130.199.48.129-9618&alias=rcas6009.rcf.bnl.gov&noUDP&sock=schedd_22421_101d>
...
040 (15554417.1004.000) 2026-01-07 14:09:54 Started transferring input files
	Transferring to host: <130.199.151.10:9618?addrs=130.199.151.10-9618&alias=spool1588.sdcc.bnl.gov&noUDP&sock=slot1_73_94958_68fc_194452>
...
040 (15554417.1004.000) 2026-01-07 14:09:54 Finished transferring input files
...
001 (15554417.1004.000) 2026-01-07 14:09:55 Job executing on host: <130.199.151.10:9618?addrs=130.199.151.10-9618&alias=spool1588.sdcc.bnl.gov&noUDP&sock=startd_94950_9369>
...
006 (15554417.1004.000) 2026-01-07 14:10:04 Image size of job updated: 419844
	81  -  MemoryUsage of job (MB)
	82508  -  ResidentSetSize of job (KB)
...
006 (15554417.1004.000) 2026-01-07 14:13:17 Image size of job updated: 424404
	81  -  MemoryUsage of job (MB)
	82508  -  ResidentSetSize of job (KB)
...
040 (15554417.1004.000) 2026-01-07 14:13:17 Started transferring output files
...
040 (15554417.1004.000) 2026-01-07 14:13:17 Finished transferring output files
...
005 (15554417.1004.000) 2026-01-07 14:13:17 Job terminated.
	(1) Normal termination (return value 0)
		Usr 0 00:03:17, Sys 0 00:00:02  -  Run Remote Usage
		Usr 0 00:00:00, Sys 0 00:00:00  -  Run Local Usage
		Usr 0 00:03:17, Sys 0 00:00:02  -  Total Remote Usage
		Usr 0 00:00:00, Sys 0 00:00:00  -  Total Local Usage
	135  -  Run Bytes Sent By Job
	144352  -  Run Bytes Received By Job
	135  -  Total Bytes Sent By Job
	144352  -  Total Bytes Received By Job
	Partitionable Resources :    Usage  Request Allocated 
	   Cpus                 :     0.99        1         1 
	   Disk (KB)            :   159     2097152   6681185 
	   Memory (MB)          :    81        4096      4096 
	   xferslots            :                           0 

	Job terminated of its own accord at 2026-01-07T19:13:17Z with exit-code 0.
...
