000 (16235385.772.000) 2026-01-23 10:57:29 Job submitted from host: <130.199.48.128:9618?addrs=130.199.48.128-9618&alias=rcas6008.rcf.bnl.gov&noUDP&sock=schedd_18725_535a>
...
040 (16235385.772.000) 2026-01-23 12:22:08 Started transferring input files
	Transferring to host: <130.199.186.13:9618?addrs=130.199.186.13-9618&alias=spool1810.sdcc.bnl.gov&noUDP&sock=slot1_75_94082_8823_262891>
...
040 (16235385.772.000) 2026-01-23 12:22:08 Finished transferring input files
...
001 (16235385.772.000) 2026-01-23 12:22:09 Job executing on host: <130.199.186.13:9618?addrs=130.199.186.13-9618&alias=spool1810.sdcc.bnl.gov&noUDP&sock=startd_94074_5538>
...
006 (16235385.772.000) 2026-01-23 12:22:18 Image size of job updated: 109744
	77  -  MemoryUsage of job (MB)
	78332  -  ResidentSetSize of job (KB)
...
006 (16235385.772.000) 2026-01-23 12:27:19 Image size of job updated: 423808
	83  -  MemoryUsage of job (MB)
	84252  -  ResidentSetSize of job (KB)
...
040 (16235385.772.000) 2026-01-23 12:28:32 Started transferring output files
...
040 (16235385.772.000) 2026-01-23 12:28:32 Finished transferring output files
...
005 (16235385.772.000) 2026-01-23 12:28:32 Job terminated.
	(1) Normal termination (return value 0)
		Usr 0 00:06:15, Sys 0 00:00:05  -  Run Remote Usage
		Usr 0 00:00:00, Sys 0 00:00:00  -  Run Local Usage
		Usr 0 00:06:15, Sys 0 00:00:05  -  Total Remote Usage
		Usr 0 00:00:00, Sys 0 00:00:00  -  Total Local Usage
	122  -  Run Bytes Sent By Job
	148880  -  Run Bytes Received By Job
	122  -  Total Bytes Sent By Job
	148880  -  Total Bytes Received By Job
	Partitionable Resources :    Usage  Request Allocated 
	   Cpus                 :     0.99        1         1 
	   Disk (KB)            :   163     2097152   6681591 
	   Memory (MB)          :    83        4096      4096 
	   xferslots            :                           0 

	Job terminated of its own accord at 2026-01-23T17:28:31Z with exit-code 0.
...
