000 (15690120.591.000) 2026-01-20 07:35:56 Job submitted from host: <130.199.48.129:9618?addrs=130.199.48.129-9618&alias=rcas6009.rcf.bnl.gov&noUDP&sock=schedd_22421_101d>
...
040 (15690120.591.000) 2026-01-21 10:16:42 Started transferring input files
	Transferring to host: <130.199.184.204:9618?addrs=130.199.184.204-9618&alias=spool1779.sdcc.bnl.gov&noUDP&sock=slot1_79_94050_e6ca_253407>
...
040 (15690120.591.000) 2026-01-21 10:16:42 Finished transferring input files
...
001 (15690120.591.000) 2026-01-21 10:16:43 Job executing on host: <130.199.184.204:9618?addrs=130.199.184.204-9618&alias=spool1779.sdcc.bnl.gov&noUDP&sock=startd_94041_e388>
...
006 (15690120.591.000) 2026-01-21 10:16:52 Image size of job updated: 421876
	96  -  MemoryUsage of job (MB)
	97904  -  ResidentSetSize of job (KB)
...
006 (15690120.591.000) 2026-01-21 10:21:53 Image size of job updated: 448992
	116  -  MemoryUsage of job (MB)
	118164  -  ResidentSetSize of job (KB)
...
006 (15690120.591.000) 2026-01-21 10:26:53 Image size of job updated: 448992
	116  -  MemoryUsage of job (MB)
	118168  -  ResidentSetSize of job (KB)
...
040 (15690120.591.000) 2026-01-21 10:40:52 Started transferring output files
...
040 (15690120.591.000) 2026-01-21 10:40:52 Finished transferring output files
...
005 (15690120.591.000) 2026-01-21 10:40:52 Job terminated.
	(1) Normal termination (return value 0)
		Usr 0 00:23:32, Sys 0 00:00:16  -  Run Remote Usage
		Usr 0 00:00:00, Sys 0 00:00:00  -  Run Local Usage
		Usr 0 00:23:32, Sys 0 00:00:16  -  Total Remote Usage
		Usr 0 00:00:00, Sys 0 00:00:00  -  Total Local Usage
	233  -  Run Bytes Sent By Job
	148880  -  Run Bytes Received By Job
	233  -  Total Bytes Sent By Job
	148880  -  Total Bytes Received By Job
	Partitionable Resources :    Usage  Request Allocated 
	   Cpus                 :     0.98        1         1 
	   Disk (KB)            :   164     2097152   6681567 
	   Memory (MB)          :   116        4096      4096 
	   xferslots            :                           0 

	Job terminated of its own accord at 2026-01-21T15:40:52Z with exit-code 0.
...
