000 (15564188.527.000) 2026-01-07 21:29:40 Job submitted from host: <130.199.48.129:9618?addrs=130.199.48.129-9618&alias=rcas6009.rcf.bnl.gov&noUDP&sock=schedd_22421_101d>
...
040 (15564188.527.000) 2026-01-08 01:22:49 Started transferring input files
	Transferring to host: <130.199.186.89:9618?addrs=130.199.186.89-9618&alias=spool1852.sdcc.bnl.gov&noUDP&sock=slot1_10_94012_d731_246047>
...
040 (15564188.527.000) 2026-01-08 01:22:49 Finished transferring input files
...
001 (15564188.527.000) 2026-01-08 01:22:50 Job executing on host: <130.199.186.89:9618?addrs=130.199.186.89-9618&alias=spool1852.sdcc.bnl.gov&noUDP&sock=startd_94003_dcbe>
...
006 (15564188.527.000) 2026-01-08 01:22:59 Image size of job updated: 330456
	77  -  MemoryUsage of job (MB)
	78304  -  ResidentSetSize of job (KB)
...
006 (15564188.527.000) 2026-01-08 01:28:00 Image size of job updated: 449000
	114  -  MemoryUsage of job (MB)
	115732  -  ResidentSetSize of job (KB)
...
040 (15564188.527.000) 2026-01-08 01:32:27 Started transferring output files
...
040 (15564188.527.000) 2026-01-08 01:32:27 Finished transferring output files
...
005 (15564188.527.000) 2026-01-08 01:32:27 Job terminated.
	(1) Normal termination (return value 0)
		Usr 0 00:08:45, Sys 0 00:00:09  -  Run Remote Usage
		Usr 0 00:00:00, Sys 0 00:00:00  -  Run Local Usage
		Usr 0 00:08:45, Sys 0 00:00:09  -  Total Remote Usage
		Usr 0 00:00:00, Sys 0 00:00:00  -  Total Local Usage
	233  -  Run Bytes Sent By Job
	144352  -  Run Bytes Received By Job
	233  -  Total Bytes Sent By Job
	144352  -  Total Bytes Received By Job
	Partitionable Resources :    Usage  Request Allocated 
	   Cpus                 :     0.96        1         1 
	   Disk (KB)            :   159     2097152   6681569 
	   Memory (MB)          :   114        4096      4096 
	   xferslots            :                           0 

	Job terminated of its own accord at 2026-01-08T06:32:27Z with exit-code 0.
...
