000 (15697407.605.000) 2026-01-21 18:36:42 Job submitted from host: <130.199.48.129:9618?addrs=130.199.48.129-9618&alias=rcas6009.rcf.bnl.gov&noUDP&sock=schedd_22421_101d>
...
040 (15697407.605.000) 2026-01-22 13:01:01 Started transferring input files
	Transferring to host: <130.199.186.29:9618?addrs=130.199.186.29-9618&alias=spool1826.sdcc.bnl.gov&noUDP&sock=slot1_1_22308_5708_284270>
...
040 (15697407.605.000) 2026-01-22 13:01:01 Finished transferring input files
...
001 (15697407.605.000) 2026-01-22 13:01:02 Job executing on host: <130.199.186.29:9618?addrs=130.199.186.29-9618&alias=spool1826.sdcc.bnl.gov&noUDP&sock=startd_22299_7394>
...
006 (15697407.605.000) 2026-01-22 13:01:11 Image size of job updated: 105852
	74  -  MemoryUsage of job (MB)
	74876  -  ResidentSetSize of job (KB)
...
006 (15697407.605.000) 2026-01-22 13:06:11 Image size of job updated: 424308
	91  -  MemoryUsage of job (MB)
	92484  -  ResidentSetSize of job (KB)
...
006 (15697407.605.000) 2026-01-22 13:11:12 Image size of job updated: 424308
	91  -  MemoryUsage of job (MB)
	92496  -  ResidentSetSize of job (KB)
...
040 (15697407.605.000) 2026-01-22 13:13:47 Started transferring output files
...
040 (15697407.605.000) 2026-01-22 13:13:47 Finished transferring output files
...
005 (15697407.605.000) 2026-01-22 13:13:47 Job terminated.
	(1) Normal termination (return value 0)
		Usr 0 00:12:22, Sys 0 00:00:09  -  Run Remote Usage
		Usr 0 00:00:00, Sys 0 00:00:00  -  Run Local Usage
		Usr 0 00:12:22, Sys 0 00:00:09  -  Total Remote Usage
		Usr 0 00:00:00, Sys 0 00:00:00  -  Total Local Usage
	177  -  Run Bytes Sent By Job
	148880  -  Run Bytes Received By Job
	177  -  Total Bytes Sent By Job
	148880  -  Total Bytes Received By Job
	Partitionable Resources :    Usage  Request Allocated 
	   Cpus                 :     0.98        1         1 
	   Disk (KB)            :   164     2097152   6681568 
	   Memory (MB)          :    91        4096      4096 
	   xferslots            :                           0 

	Job terminated of its own accord at 2026-01-22T18:13:47Z with exit-code 0.
...
