000 (15690120.127.000) 2026-01-20 07:35:55 Job submitted from host: <130.199.48.129:9618?addrs=130.199.48.129-9618&alias=rcas6009.rcf.bnl.gov&noUDP&sock=schedd_22421_101d>
...
040 (15690120.127.000) 2026-01-20 22:59:05 Started transferring input files
	Transferring to host: <130.199.150.70:9618?addrs=130.199.150.70-9618&alias=spool1551.sdcc.bnl.gov&noUDP&sock=slot1_1_94997_35a0_245549>
...
040 (15690120.127.000) 2026-01-20 22:59:05 Finished transferring input files
...
001 (15690120.127.000) 2026-01-20 22:59:06 Job executing on host: <130.199.150.70:9618?addrs=130.199.150.70-9618&alias=spool1551.sdcc.bnl.gov&noUDP&sock=startd_94985_a723>
...
006 (15690120.127.000) 2026-01-20 22:59:15 Image size of job updated: 420724
	74  -  MemoryUsage of job (MB)
	75272  -  ResidentSetSize of job (KB)
...
006 (15690120.127.000) 2026-01-20 23:04:16 Image size of job updated: 448364
	107  -  MemoryUsage of job (MB)
	109428  -  ResidentSetSize of job (KB)
...
006 (15690120.127.000) 2026-01-20 23:09:16 Image size of job updated: 448364
	107  -  MemoryUsage of job (MB)
	109432  -  ResidentSetSize of job (KB)
...
040 (15690120.127.000) 2026-01-20 23:16:37 Started transferring output files
...
040 (15690120.127.000) 2026-01-20 23:16:37 Finished transferring output files
...
005 (15690120.127.000) 2026-01-20 23:16:37 Job terminated.
	(1) Normal termination (return value 0)
		Usr 0 00:17:00, Sys 0 00:00:10  -  Run Remote Usage
		Usr 0 00:00:00, Sys 0 00:00:00  -  Run Local Usage
		Usr 0 00:17:00, Sys 0 00:00:10  -  Total Remote Usage
		Usr 0 00:00:00, Sys 0 00:00:00  -  Total Local Usage
	205  -  Run Bytes Sent By Job
	148880  -  Run Bytes Received By Job
	205  -  Total Bytes Sent By Job
	148880  -  Total Bytes Received By Job
	Partitionable Resources :    Usage  Request Allocated 
	   Cpus                 :     1.00        1         1 
	   Disk (KB)            :   163     2097152   6681189 
	   Memory (MB)          :   107        4096      4096 
	   xferslots            :                           0 

	Job terminated of its own accord at 2026-01-21T04:16:36Z with exit-code 0.
...
