000 (15684821.1179.000) 2026-01-19 15:56:23 Job submitted from host: <130.199.48.129:9618?addrs=130.199.48.129-9618&alias=rcas6009.rcf.bnl.gov&noUDP&sock=schedd_22421_101d>
...
040 (15684821.1179.000) 2026-01-19 16:32:38 Started transferring input files
	Transferring to host: <130.199.186.8:9618?addrs=130.199.186.8-9618&alias=spool1805.sdcc.bnl.gov&noUDP&sock=slot1_87_22185_82dc_256065>
...
040 (15684821.1179.000) 2026-01-19 16:32:38 Finished transferring input files
...
001 (15684821.1179.000) 2026-01-19 16:32:39 Job executing on host: <130.199.186.8:9618?addrs=130.199.186.8-9618&alias=spool1805.sdcc.bnl.gov&noUDP&sock=startd_22176_8606>
...
006 (15684821.1179.000) 2026-01-19 16:32:48 Image size of job updated: 109432
	77  -  MemoryUsage of job (MB)
	78320  -  ResidentSetSize of job (KB)
...
006 (15684821.1179.000) 2026-01-19 16:37:36 Image size of job updated: 448048
	77  -  MemoryUsage of job (MB)
	78320  -  ResidentSetSize of job (KB)
...
040 (15684821.1179.000) 2026-01-19 16:37:37 Started transferring output files
...
040 (15684821.1179.000) 2026-01-19 16:37:37 Finished transferring output files
...
005 (15684821.1179.000) 2026-01-19 16:37:37 Job terminated.
	(1) Normal termination (return value 0)
		Usr 0 00:04:50, Sys 0 00:00:04  -  Run Remote Usage
		Usr 0 00:00:00, Sys 0 00:00:00  -  Run Local Usage
		Usr 0 00:04:50, Sys 0 00:00:04  -  Total Remote Usage
		Usr 0 00:00:00, Sys 0 00:00:00  -  Total Local Usage
	135  -  Run Bytes Sent By Job
	148880  -  Run Bytes Received By Job
	135  -  Total Bytes Sent By Job
	148880  -  Total Bytes Received By Job
	Partitionable Resources :    Usage  Request Allocated 
	   Cpus                 :     0.99        1         1 
	   Disk (KB)            :   163     2097152   6681581 
	   Memory (MB)          :    77        4096      4096 
	   xferslots            :                           0 

	Job terminated of its own accord at 2026-01-19T21:37:36Z with exit-code 0.
...
