000 (16235385.733.000) 2026-01-23 10:57:29 Job submitted from host: <130.199.48.128:9618?addrs=130.199.48.128-9618&alias=rcas6008.rcf.bnl.gov&noUDP&sock=schedd_18725_535a>
...
040 (16235385.733.000) 2026-01-23 12:21:20 Started transferring input files
	Transferring to host: <130.199.184.221:9618?addrs=130.199.184.221-9618&alias=spool1796.sdcc.bnl.gov&noUDP&sock=slot1_59_96037_315f_255250>
...
040 (16235385.733.000) 2026-01-23 12:21:20 Finished transferring input files
...
001 (16235385.733.000) 2026-01-23 12:21:21 Job executing on host: <130.199.184.221:9618?addrs=130.199.184.221-9618&alias=spool1796.sdcc.bnl.gov&noUDP&sock=startd_96028_bfcc>
...
006 (16235385.733.000) 2026-01-23 12:21:30 Image size of job updated: 420032
	69  -  MemoryUsage of job (MB)
	70468  -  ResidentSetSize of job (KB)
...
006 (16235385.733.000) 2026-01-23 12:26:31 Image size of job updated: 423704
	84  -  MemoryUsage of job (MB)
	85872  -  ResidentSetSize of job (KB)
...
040 (16235385.733.000) 2026-01-23 12:27:05 Started transferring output files
...
040 (16235385.733.000) 2026-01-23 12:27:06 Finished transferring output files
...
005 (16235385.733.000) 2026-01-23 12:27:06 Job terminated.
	(1) Normal termination (return value 0)
		Usr 0 00:05:37, Sys 0 00:00:04  -  Run Remote Usage
		Usr 0 00:00:00, Sys 0 00:00:00  -  Run Local Usage
		Usr 0 00:05:37, Sys 0 00:00:04  -  Total Remote Usage
		Usr 0 00:00:00, Sys 0 00:00:00  -  Total Local Usage
	135  -  Run Bytes Sent By Job
	148880  -  Run Bytes Received By Job
	135  -  Total Bytes Sent By Job
	148880  -  Total Bytes Received By Job
	Partitionable Resources :    Usage  Request Allocated 
	   Cpus                 :     1.00        1         1 
	   Disk (KB)            :   164     2097152   6681568 
	   Memory (MB)          :    84        4096      4096 
	   xferslots            :                           0 

	Job terminated of its own accord at 2026-01-23T17:27:05Z with exit-code 0.
...
