000 (15554417.523.000) 2026-01-07 12:44:33 Job submitted from host: <130.199.48.129:9618?addrs=130.199.48.129-9618&alias=rcas6009.rcf.bnl.gov&noUDP&sock=schedd_22421_101d>
...
040 (15554417.523.000) 2026-01-07 13:47:53 Started transferring input files
	Transferring to host: <130.199.150.90:9618?addrs=130.199.150.90-9618&alias=spool1571.sdcc.bnl.gov&noUDP&sock=slot1_46_94964_d73c_181328>
...
040 (15554417.523.000) 2026-01-07 13:47:53 Finished transferring input files
...
001 (15554417.523.000) 2026-01-07 13:47:54 Job executing on host: <130.199.150.90:9618?addrs=130.199.150.90-9618&alias=spool1571.sdcc.bnl.gov&noUDP&sock=startd_94955_2884>
...
006 (15554417.523.000) 2026-01-07 13:48:02 Image size of job updated: 129032
	95  -  MemoryUsage of job (MB)
	96560  -  ResidentSetSize of job (KB)
...
006 (15554417.523.000) 2026-01-07 13:53:02 Image size of job updated: 424500
	96  -  MemoryUsage of job (MB)
	97316  -  ResidentSetSize of job (KB)
...
040 (15554417.523.000) 2026-01-07 13:55:26 Started transferring output files
...
040 (15554417.523.000) 2026-01-07 13:55:26 Finished transferring output files
...
005 (15554417.523.000) 2026-01-07 13:55:26 Job terminated.
	(1) Normal termination (return value 0)
		Usr 0 00:07:24, Sys 0 00:00:06  -  Run Remote Usage
		Usr 0 00:00:00, Sys 0 00:00:00  -  Run Local Usage
		Usr 0 00:07:24, Sys 0 00:00:06  -  Total Remote Usage
		Usr 0 00:00:00, Sys 0 00:00:00  -  Total Local Usage
	219  -  Run Bytes Sent By Job
	144352  -  Run Bytes Received By Job
	219  -  Total Bytes Sent By Job
	144352  -  Total Bytes Received By Job
	Partitionable Resources :    Usage  Request Allocated 
	   Cpus                 :     0.99        1         1 
	   Disk (KB)            :   159     2097152   6681189 
	   Memory (MB)          :    96        4096      4096 
	   xferslots            :                           0 

	Job terminated of its own accord at 2026-01-07T18:55:26Z with exit-code 0.
...
