000 (15684821.635.000) 2026-01-19 15:56:22 Job submitted from host: <130.199.48.129:9618?addrs=130.199.48.129-9618&alias=rcas6009.rcf.bnl.gov&noUDP&sock=schedd_22421_101d>
...
040 (15684821.635.000) 2026-01-19 16:24:54 Started transferring input files
	Transferring to host: <130.199.184.152:9618?addrs=130.199.184.152-9618&alias=spool1761.sdcc.bnl.gov&noUDP&sock=slot1_81_31056_4302_242105>
...
040 (15684821.635.000) 2026-01-19 16:24:54 Finished transferring input files
...
001 (15684821.635.000) 2026-01-19 16:24:55 Job executing on host: <130.199.184.152:9618?addrs=130.199.184.152-9618&alias=spool1761.sdcc.bnl.gov&noUDP&sock=startd_31047_1542>
...
006 (15684821.635.000) 2026-01-19 16:25:04 Image size of job updated: 97660
	66  -  MemoryUsage of job (MB)
	66764  -  ResidentSetSize of job (KB)
...
006 (15684821.635.000) 2026-01-19 16:30:05 Image size of job updated: 424556
	79  -  MemoryUsage of job (MB)
	80744  -  ResidentSetSize of job (KB)
...
040 (15684821.635.000) 2026-01-19 16:31:36 Started transferring output files
...
040 (15684821.635.000) 2026-01-19 16:31:36 Finished transferring output files
...
005 (15684821.635.000) 2026-01-19 16:31:36 Job terminated.
	(1) Normal termination (return value 0)
		Usr 0 00:06:03, Sys 0 00:00:05  -  Run Remote Usage
		Usr 0 00:00:00, Sys 0 00:00:00  -  Run Local Usage
		Usr 0 00:06:03, Sys 0 00:00:05  -  Total Remote Usage
		Usr 0 00:00:00, Sys 0 00:00:00  -  Total Local Usage
	122  -  Run Bytes Sent By Job
	148880  -  Run Bytes Received By Job
	122  -  Total Bytes Sent By Job
	148880  -  Total Bytes Received By Job
	Partitionable Resources :    Usage  Request Allocated 
	   Cpus                 :     0.96        1         1 
	   Disk (KB)            :   163     2097152   6681590 
	   Memory (MB)          :    79        4096      4096 
	   xferslots            :                           0 

	Job terminated of its own accord at 2026-01-19T21:31:36Z with exit-code 0.
...
