000 (16235385.694.000) 2026-01-23 10:57:29 Job submitted from host: <130.199.48.128:9618?addrs=130.199.48.128-9618&alias=rcas6008.rcf.bnl.gov&noUDP&sock=schedd_18725_535a>
...
040 (16235385.694.000) 2026-01-23 12:19:39 Started transferring input files
	Transferring to host: <130.199.184.222:9618?addrs=130.199.184.222-9618&alias=spool1797.sdcc.bnl.gov&noUDP&sock=slot1_79_96036_7454_283100>
...
040 (16235385.694.000) 2026-01-23 12:19:39 Finished transferring input files
...
001 (16235385.694.000) 2026-01-23 12:19:40 Job executing on host: <130.199.184.222:9618?addrs=130.199.184.222-9618&alias=spool1797.sdcc.bnl.gov&noUDP&sock=startd_96028_bfcc>
...
006 (16235385.694.000) 2026-01-23 12:19:48 Image size of job updated: 94932
	74  -  MemoryUsage of job (MB)
	75268  -  ResidentSetSize of job (KB)
...
006 (16235385.694.000) 2026-01-23 12:24:48 Image size of job updated: 423716
	95  -  MemoryUsage of job (MB)
	96736  -  ResidentSetSize of job (KB)
...
006 (16235385.694.000) 2026-01-23 12:29:49 Image size of job updated: 424276
	96  -  MemoryUsage of job (MB)
	97848  -  ResidentSetSize of job (KB)
...
040 (16235385.694.000) 2026-01-23 12:30:41 Started transferring output files
...
040 (16235385.694.000) 2026-01-23 12:30:41 Finished transferring output files
...
005 (16235385.694.000) 2026-01-23 12:30:41 Job terminated.
	(1) Normal termination (return value 0)
		Usr 0 00:10:45, Sys 0 00:00:06  -  Run Remote Usage
		Usr 0 00:00:00, Sys 0 00:00:00  -  Run Local Usage
		Usr 0 00:10:45, Sys 0 00:00:06  -  Total Remote Usage
		Usr 0 00:00:00, Sys 0 00:00:00  -  Total Local Usage
	191  -  Run Bytes Sent By Job
	148880  -  Run Bytes Received By Job
	191  -  Total Bytes Sent By Job
	148880  -  Total Bytes Received By Job
	Partitionable Resources :    Usage  Request Allocated 
	   Cpus                 :     0.99        1         1 
	   Disk (KB)            :   163     2097152   6681584 
	   Memory (MB)          :    96        4096      4096 
	   xferslots            :                           0 

	Job terminated of its own accord at 2026-01-23T17:30:41Z with exit-code 0.
...
