000 (15690120.134.000) 2026-01-20 07:35:55 Job submitted from host: <130.199.48.129:9618?addrs=130.199.48.129-9618&alias=rcas6009.rcf.bnl.gov&noUDP&sock=schedd_22421_101d>
...
040 (15690120.134.000) 2026-01-20 23:01:49 Started transferring input files
	Transferring to host: <130.199.151.21:9618?addrs=130.199.151.21-9618&alias=spool1599.sdcc.bnl.gov&noUDP&sock=slot1_19_96838_b010_241556>
...
040 (15690120.134.000) 2026-01-20 23:01:49 Finished transferring input files
...
001 (15690120.134.000) 2026-01-20 23:01:51 Job executing on host: <130.199.151.21:9618?addrs=130.199.151.21-9618&alias=spool1599.sdcc.bnl.gov&noUDP&sock=startd_96829_416f>
...
006 (15690120.134.000) 2026-01-20 23:02:00 Image size of job updated: 92564
	84  -  MemoryUsage of job (MB)
	85160  -  ResidentSetSize of job (KB)
...
006 (15690120.134.000) 2026-01-20 23:07:01 Image size of job updated: 447908
	136  -  MemoryUsage of job (MB)
	138548  -  ResidentSetSize of job (KB)
...
006 (15690120.134.000) 2026-01-20 23:22:02 Image size of job updated: 447908
	136  -  MemoryUsage of job (MB)
	138552  -  ResidentSetSize of job (KB)
...
040 (15690120.134.000) 2026-01-20 23:41:55 Started transferring output files
...
040 (15690120.134.000) 2026-01-20 23:41:55 Finished transferring output files
...
005 (15690120.134.000) 2026-01-20 23:41:55 Job terminated.
	(1) Normal termination (return value 0)
		Usr 0 00:39:08, Sys 0 00:00:29  -  Run Remote Usage
		Usr 0 00:00:00, Sys 0 00:00:00  -  Run Local Usage
		Usr 0 00:39:08, Sys 0 00:00:29  -  Total Remote Usage
		Usr 0 00:00:00, Sys 0 00:00:00  -  Total Local Usage
	317  -  Run Bytes Sent By Job
	148880  -  Run Bytes Received By Job
	317  -  Total Bytes Sent By Job
	148880  -  Total Bytes Received By Job
	Partitionable Resources :    Usage  Request Allocated 
	   Cpus                 :     0.99        1         1 
	   Disk (KB)            :   163     2097152   6681145 
	   Memory (MB)          :   136        4096      4096 
	   xferslots            :                           0 

	Job terminated of its own accord at 2026-01-21T04:41:55Z with exit-code 0.
...
