000 (15697407.848.000) 2026-01-21 18:36:43 Job submitted from host: <130.199.48.129:9618?addrs=130.199.48.129-9618&alias=rcas6009.rcf.bnl.gov&noUDP&sock=schedd_22421_101d>
...
040 (15697407.848.000) 2026-01-22 15:41:08 Started transferring input files
	Transferring to host: <130.199.186.23:9618?addrs=130.199.186.23-9618&alias=spool1820.sdcc.bnl.gov&noUDP&sock=slot1_30_94137_2573_258545>
...
040 (15697407.848.000) 2026-01-22 15:41:08 Finished transferring input files
...
001 (15697407.848.000) 2026-01-22 15:41:09 Job executing on host: <130.199.186.23:9618?addrs=130.199.186.23-9618&alias=spool1820.sdcc.bnl.gov&noUDP&sock=startd_94129_bd5c>
...
006 (15697407.848.000) 2026-01-22 15:41:18 Image size of job updated: 342760
	73  -  MemoryUsage of job (MB)
	73860  -  ResidentSetSize of job (KB)
...
006 (15697407.848.000) 2026-01-22 15:46:19 Image size of job updated: 450768
	105  -  MemoryUsage of job (MB)
	107124  -  ResidentSetSize of job (KB)
...
040 (15697407.848.000) 2026-01-22 15:51:36 Started transferring output files
...
040 (15697407.848.000) 2026-01-22 15:51:36 Finished transferring output files
...
005 (15697407.848.000) 2026-01-22 15:51:36 Job terminated.
	(1) Normal termination (return value 0)
		Usr 0 00:10:17, Sys 0 00:00:07  -  Run Remote Usage
		Usr 0 00:00:00, Sys 0 00:00:00  -  Run Local Usage
		Usr 0 00:10:17, Sys 0 00:00:07  -  Total Remote Usage
		Usr 0 00:00:00, Sys 0 00:00:00  -  Total Local Usage
	177  -  Run Bytes Sent By Job
	148880  -  Run Bytes Received By Job
	177  -  Total Bytes Sent By Job
	148880  -  Total Bytes Received By Job
	Partitionable Resources :    Usage  Request Allocated 
	   Cpus                 :     1.00        1         1 
	   Disk (KB)            :   164     2097152   6681582 
	   Memory (MB)          :   105        4096      4096 
	   xferslots            :                           0 

	Job terminated of its own accord at 2026-01-22T20:51:35Z with exit-code 0.
...
