000 (15697407.810.000) 2026-01-21 18:36:43 Job submitted from host: <130.199.48.129:9618?addrs=130.199.48.129-9618&alias=rcas6009.rcf.bnl.gov&noUDP&sock=schedd_22421_101d>
...
040 (15697407.810.000) 2026-01-22 15:17:19 Started transferring input files
	Transferring to host: <130.199.184.157:9618?addrs=130.199.184.157-9618&alias=spool1766.sdcc.bnl.gov&noUDP&sock=slot1_92_32409_60ec_292800>
...
001 (15697407.810.000) 2026-01-22 15:17:21 Job executing on host: <130.199.184.157:9618?addrs=130.199.184.157-9618&alias=spool1766.sdcc.bnl.gov&noUDP&sock=startd_32400_4a5c>
...
040 (15697407.810.000) 2026-01-22 15:17:21 Finished transferring input files
...
006 (15697407.810.000) 2026-01-22 15:17:29 Image size of job updated: 117396
	83  -  MemoryUsage of job (MB)
	84928  -  ResidentSetSize of job (KB)
...
006 (15697407.810.000) 2026-01-22 15:22:29 Image size of job updated: 449472
	97  -  MemoryUsage of job (MB)
	99156  -  ResidentSetSize of job (KB)
...
040 (15697407.810.000) 2026-01-22 15:27:42 Started transferring output files
...
040 (15697407.810.000) 2026-01-22 15:27:42 Finished transferring output files
...
005 (15697407.810.000) 2026-01-22 15:27:42 Job terminated.
	(1) Normal termination (return value 0)
		Usr 0 00:10:12, Sys 0 00:00:07  -  Run Remote Usage
		Usr 0 00:00:00, Sys 0 00:00:00  -  Run Local Usage
		Usr 0 00:10:12, Sys 0 00:00:07  -  Total Remote Usage
		Usr 0 00:00:00, Sys 0 00:00:00  -  Total Local Usage
	163  -  Run Bytes Sent By Job
	148880  -  Run Bytes Received By Job
	163  -  Total Bytes Sent By Job
	148880  -  Total Bytes Received By Job
	Partitionable Resources :    Usage  Request Allocated 
	   Cpus                 :     1.00        1         1 
	   Disk (KB)            :   164     2097152   6681523 
	   Memory (MB)          :    97        4096      4096 
	   xferslots            :                           0 

	Job terminated of its own accord at 2026-01-22T20:27:41Z with exit-code 0.
...
