000 (15554417.916.000) 2026-01-07 12:44:34 Job submitted from host: <130.199.48.129:9618?addrs=130.199.48.129-9618&alias=rcas6009.rcf.bnl.gov&noUDP&sock=schedd_22421_101d>
...
040 (15554417.916.000) 2026-01-07 14:07:09 Started transferring input files
	Transferring to host: <130.199.151.16:9618?addrs=130.199.151.16-9618&alias=spool1594.sdcc.bnl.gov&noUDP&sock=slot1_32_96956_d307_188737>
...
040 (15554417.916.000) 2026-01-07 14:07:09 Finished transferring input files
...
001 (15554417.916.000) 2026-01-07 14:07:10 Job executing on host: <130.199.151.16:9618?addrs=130.199.151.16-9618&alias=spool1594.sdcc.bnl.gov&noUDP&sock=startd_96947_99e2>
...
006 (15554417.916.000) 2026-01-07 14:07:19 Image size of job updated: 106436
	73  -  MemoryUsage of job (MB)
	74000  -  ResidentSetSize of job (KB)
...
006 (15554417.916.000) 2026-01-07 14:08:11 Image size of job updated: 448876
	73  -  MemoryUsage of job (MB)
	74000  -  ResidentSetSize of job (KB)
...
040 (15554417.916.000) 2026-01-07 14:08:11 Started transferring output files
...
040 (15554417.916.000) 2026-01-07 14:08:11 Finished transferring output files
...
005 (15554417.916.000) 2026-01-07 14:08:11 Job terminated.
	(1) Normal termination (return value 0)
		Usr 0 00:00:58, Sys 0 00:00:01  -  Run Remote Usage
		Usr 0 00:00:00, Sys 0 00:00:00  -  Run Local Usage
		Usr 0 00:00:58, Sys 0 00:00:01  -  Total Remote Usage
		Usr 0 00:00:00, Sys 0 00:00:00  -  Total Local Usage
	83  -  Run Bytes Sent By Job
	144352  -  Run Bytes Received By Job
	83  -  Total Bytes Sent By Job
	144352  -  Total Bytes Received By Job
	Partitionable Resources :    Usage  Request Allocated 
	   Cpus                 :                 1         1 
	   Disk (KB)            :      153  2097152   6681187 
	   Memory (MB)          :       73     4096      4096 
	   xferslots            :                           0 

	Job terminated of its own accord at 2026-01-07T19:08:11Z with exit-code 0.
...
