000 (15684821.642.000) 2026-01-19 15:56:22 Job submitted from host: <130.199.48.129:9618?addrs=130.199.48.129-9618&alias=rcas6009.rcf.bnl.gov&noUDP&sock=schedd_22421_101d>
...
040 (15684821.642.000) 2026-01-19 16:24:54 Started transferring input files
	Transferring to host: <130.199.184.210:9618?addrs=130.199.184.210-9618&alias=spool1785.sdcc.bnl.gov&noUDP&sock=slot1_9_95855_cbb7_247587>
...
040 (15684821.642.000) 2026-01-19 16:24:54 Finished transferring input files
...
001 (15684821.642.000) 2026-01-19 16:24:55 Job executing on host: <130.199.184.210:9618?addrs=130.199.184.210-9618&alias=spool1785.sdcc.bnl.gov&noUDP&sock=startd_95846_2605>
...
006 (15684821.642.000) 2026-01-19 16:25:04 Image size of job updated: 341536
	71  -  MemoryUsage of job (MB)
	72480  -  ResidentSetSize of job (KB)
...
006 (15684821.642.000) 2026-01-19 16:30:05 Image size of job updated: 450192
	98  -  MemoryUsage of job (MB)
	100304  -  ResidentSetSize of job (KB)
...
040 (15684821.642.000) 2026-01-19 16:38:20 Started transferring output files
...
040 (15684821.642.000) 2026-01-19 16:38:20 Finished transferring output files
...
005 (15684821.642.000) 2026-01-19 16:38:20 Job terminated.
	(1) Normal termination (return value 0)
		Usr 0 00:12:21, Sys 0 00:00:09  -  Run Remote Usage
		Usr 0 00:00:00, Sys 0 00:00:00  -  Run Local Usage
		Usr 0 00:12:21, Sys 0 00:00:09  -  Total Remote Usage
		Usr 0 00:00:00, Sys 0 00:00:00  -  Total Local Usage
	163  -  Run Bytes Sent By Job
	148880  -  Run Bytes Received By Job
	163  -  Total Bytes Sent By Job
	148880  -  Total Bytes Received By Job
	Partitionable Resources :    Usage  Request Allocated 
	   Cpus                 :     0.92        1         1 
	   Disk (KB)            :   163     2097152   6681617 
	   Memory (MB)          :    98        4096      4096 
	   xferslots            :                           0 

	Job terminated of its own accord at 2026-01-19T21:38:19Z with exit-code 0.
...
