000 (15564188.460.000) 2026-01-07 21:29:40 Job submitted from host: <130.199.48.129:9618?addrs=130.199.48.129-9618&alias=rcas6009.rcf.bnl.gov&noUDP&sock=schedd_22421_101d>
...
040 (15564188.460.000) 2026-01-08 01:09:44 Started transferring input files
	Transferring to host: <130.199.151.30:9618?addrs=130.199.151.30-9618&alias=spool1608.sdcc.bnl.gov&noUDP&sock=slot1_23_96495_66a3_188654>
...
040 (15564188.460.000) 2026-01-08 01:09:44 Finished transferring input files
...
001 (15564188.460.000) 2026-01-08 01:09:45 Job executing on host: <130.199.151.30:9618?addrs=130.199.151.30-9618&alias=spool1608.sdcc.bnl.gov&noUDP&sock=startd_96487_0455>
...
006 (15564188.460.000) 2026-01-08 01:09:54 Image size of job updated: 108512
	75  -  MemoryUsage of job (MB)
	76252  -  ResidentSetSize of job (KB)
...
006 (15564188.460.000) 2026-01-08 01:14:54 Image size of job updated: 447068
	116  -  MemoryUsage of job (MB)
	118188  -  ResidentSetSize of job (KB)
...
040 (15564188.460.000) 2026-01-08 01:21:23 Started transferring output files
...
040 (15564188.460.000) 2026-01-08 01:21:23 Finished transferring output files
...
005 (15564188.460.000) 2026-01-08 01:21:23 Job terminated.
	(1) Normal termination (return value 0)
		Usr 0 00:10:20, Sys 0 00:00:09  -  Run Remote Usage
		Usr 0 00:00:00, Sys 0 00:00:00  -  Run Local Usage
		Usr 0 00:10:20, Sys 0 00:00:09  -  Total Remote Usage
		Usr 0 00:00:00, Sys 0 00:00:00  -  Total Local Usage
	247  -  Run Bytes Sent By Job
	144352  -  Run Bytes Received By Job
	247  -  Total Bytes Sent By Job
	144352  -  Total Bytes Received By Job
	Partitionable Resources :    Usage  Request Allocated 
	   Cpus                 :     0.87        1         1 
	   Disk (KB)            :   159     2097152   6681194 
	   Memory (MB)          :   116        4096      4096 
	   xferslots            :                           0 

	Job terminated of its own accord at 2026-01-08T06:21:23Z with exit-code 0.
...
