000 (16235385.081.000) 2026-01-23 10:57:26 Job submitted from host: <130.199.48.128:9618?addrs=130.199.48.128-9618&alias=rcas6008.rcf.bnl.gov&noUDP&sock=schedd_18725_535a>
...
040 (16235385.081.000) 2026-01-23 11:25:47 Started transferring input files
	Transferring to host: <130.199.186.88:9618?addrs=130.199.186.88-9618&alias=spool1851.sdcc.bnl.gov&noUDP&sock=slot1_16_96118_01c7_326510>
...
040 (16235385.081.000) 2026-01-23 11:25:47 Finished transferring input files
...
001 (16235385.081.000) 2026-01-23 11:25:48 Job executing on host: <130.199.186.88:9618?addrs=130.199.186.88-9618&alias=spool1851.sdcc.bnl.gov&noUDP&sock=startd_96110_b380>
...
006 (16235385.081.000) 2026-01-23 11:25:56 Image size of job updated: 420084
	79  -  MemoryUsage of job (MB)
	80528  -  ResidentSetSize of job (KB)
...
006 (16235385.081.000) 2026-01-23 11:30:56 Image size of job updated: 424520
	105  -  MemoryUsage of job (MB)
	107064  -  ResidentSetSize of job (KB)
...
006 (16235385.081.000) 2026-01-23 11:35:57 Image size of job updated: 424520
	105  -  MemoryUsage of job (MB)
	107116  -  ResidentSetSize of job (KB)
...
006 (16235385.081.000) 2026-01-23 11:40:58 Image size of job updated: 424520
	105  -  MemoryUsage of job (MB)
	107132  -  ResidentSetSize of job (KB)
...
040 (16235385.081.000) 2026-01-23 11:44:32 Started transferring output files
...
040 (16235385.081.000) 2026-01-23 11:44:32 Finished transferring output files
...
005 (16235385.081.000) 2026-01-23 11:44:32 Job terminated.
	(1) Normal termination (return value 0)
		Usr 0 00:18:31, Sys 0 00:00:11  -  Run Remote Usage
		Usr 0 00:00:00, Sys 0 00:00:00  -  Run Local Usage
		Usr 0 00:18:31, Sys 0 00:00:11  -  Total Remote Usage
		Usr 0 00:00:00, Sys 0 00:00:00  -  Total Local Usage
	247  -  Run Bytes Sent By Job
	148880  -  Run Bytes Received By Job
	247  -  Total Bytes Sent By Job
	148880  -  Total Bytes Received By Job
	Partitionable Resources :    Usage  Request Allocated 
	   Cpus                 :     1.00        1         1 
	   Disk (KB)            :   164     2097152   6681618 
	   Memory (MB)          :   105        4096      4096 
	   xferslots            :                           0 

	Job terminated of its own accord at 2026-01-23T16:44:32Z with exit-code 0.
...
