000 (15697407.962.000) 2026-01-21 18:36:43 Job submitted from host: <130.199.48.129:9618?addrs=130.199.48.129-9618&alias=rcas6009.rcf.bnl.gov&noUDP&sock=schedd_22421_101d>
...
040 (15697407.962.000) 2026-01-22 16:50:49 Started transferring input files
	Transferring to host: <130.199.186.77:9618?addrs=130.199.186.77-9618&alias=spool1840.sdcc.bnl.gov&noUDP&sock=slot1_10_94008_e306_309199>
...
040 (15697407.962.000) 2026-01-22 16:50:49 Finished transferring input files
...
001 (15697407.962.000) 2026-01-22 16:50:50 Job executing on host: <130.199.186.77:9618?addrs=130.199.186.77-9618&alias=spool1840.sdcc.bnl.gov&noUDP&sock=startd_93998_47a4>
...
006 (15697407.962.000) 2026-01-22 16:50:59 Image size of job updated: 422444
	77  -  MemoryUsage of job (MB)
	78820  -  ResidentSetSize of job (KB)
...
006 (15697407.962.000) 2026-01-22 16:56:00 Image size of job updated: 450252
	114  -  MemoryUsage of job (MB)
	116064  -  ResidentSetSize of job (KB)
...
006 (15697407.962.000) 2026-01-22 17:01:00 Image size of job updated: 450252
	114  -  MemoryUsage of job (MB)
	116068  -  ResidentSetSize of job (KB)
...
040 (15697407.962.000) 2026-01-22 17:09:03 Started transferring output files
...
040 (15697407.962.000) 2026-01-22 17:09:03 Finished transferring output files
...
005 (15697407.962.000) 2026-01-22 17:09:03 Job terminated.
	(1) Normal termination (return value 0)
		Usr 0 00:18:00, Sys 0 00:00:11  -  Run Remote Usage
		Usr 0 00:00:00, Sys 0 00:00:00  -  Run Local Usage
		Usr 0 00:18:00, Sys 0 00:00:11  -  Total Remote Usage
		Usr 0 00:00:00, Sys 0 00:00:00  -  Total Local Usage
	233  -  Run Bytes Sent By Job
	148880  -  Run Bytes Received By Job
	233  -  Total Bytes Sent By Job
	148880  -  Total Bytes Received By Job
	Partitionable Resources :    Usage  Request Allocated 
	   Cpus                 :     1.00        1         1 
	   Disk (KB)            :   164     2097152   6681562 
	   Memory (MB)          :   114        4096      4096 
	   xferslots            :                           0 

	Job terminated of its own accord at 2026-01-22T22:09:02Z with exit-code 0.
...
