000 (15684821.229.000) 2026-01-19 15:56:20 Job submitted from host: <130.199.48.129:9618?addrs=130.199.48.129-9618&alias=rcas6009.rcf.bnl.gov&noUDP&sock=schedd_22421_101d>
...
040 (15684821.229.000) 2026-01-19 16:11:22 Started transferring input files
	Transferring to host: <130.199.184.155:9618?addrs=130.199.184.155-9618&alias=spool1764.sdcc.bnl.gov&noUDP&sock=slot1_77_4372_9493_238878>
...
040 (15684821.229.000) 2026-01-19 16:11:22 Finished transferring input files
...
001 (15684821.229.000) 2026-01-19 16:11:23 Job executing on host: <130.199.184.155:9618?addrs=130.199.184.155-9618&alias=spool1764.sdcc.bnl.gov&noUDP&sock=startd_4355_66ea>
...
006 (15684821.229.000) 2026-01-19 16:11:32 Image size of job updated: 420124
	82  -  MemoryUsage of job (MB)
	83416  -  ResidentSetSize of job (KB)
...
006 (15684821.229.000) 2026-01-19 16:16:33 Image size of job updated: 447908
	131  -  MemoryUsage of job (MB)
	133180  -  ResidentSetSize of job (KB)
...
040 (15684821.229.000) 2026-01-19 16:51:37 Started transferring output files
...
040 (15684821.229.000) 2026-01-19 16:51:37 Finished transferring output files
...
005 (15684821.229.000) 2026-01-19 16:51:37 Job terminated.
	(1) Normal termination (return value 0)
		Usr 0 00:37:10, Sys 0 00:00:30  -  Run Remote Usage
		Usr 0 00:00:00, Sys 0 00:00:00  -  Run Local Usage
		Usr 0 00:37:10, Sys 0 00:00:30  -  Total Remote Usage
		Usr 0 00:00:00, Sys 0 00:00:00  -  Total Local Usage
	303  -  Run Bytes Sent By Job
	148880  -  Run Bytes Received By Job
	303  -  Total Bytes Sent By Job
	148880  -  Total Bytes Received By Job
	Partitionable Resources :    Usage  Request Allocated 
	   Cpus                 :     0.94        1         1 
	   Disk (KB)            :   163     2097152   6681581 
	   Memory (MB)          :   131        4096      4096 
	   xferslots            :                           0 

	Job terminated of its own accord at 2026-01-19T21:51:37Z with exit-code 0.
...
