000 (15564188.419.000) 2026-01-07 21:29:40 Job submitted from host: <130.199.48.129:9618?addrs=130.199.48.129-9618&alias=rcas6009.rcf.bnl.gov&noUDP&sock=schedd_22421_101d>
...
040 (15564188.419.000) 2026-01-08 01:01:50 Started transferring input files
	Transferring to host: <130.199.150.96:9618?addrs=130.199.150.96-9618&alias=spool1577.sdcc.bnl.gov&noUDP&sock=slot1_70_24963_e9b7_185901>
...
040 (15564188.419.000) 2026-01-08 01:01:50 Finished transferring input files
...
001 (15564188.419.000) 2026-01-08 01:01:51 Job executing on host: <130.199.150.96:9618?addrs=130.199.150.96-9618&alias=spool1577.sdcc.bnl.gov&noUDP&sock=startd_24954_b9b8>
...
006 (15564188.419.000) 2026-01-08 01:02:00 Image size of job updated: 455516
	82  -  MemoryUsage of job (MB)
	83248  -  ResidentSetSize of job (KB)
...
006 (15564188.419.000) 2026-01-08 01:07:01 Image size of job updated: 455516
	129  -  MemoryUsage of job (MB)
	131760  -  ResidentSetSize of job (KB)
...
040 (15564188.419.000) 2026-01-08 01:17:55 Started transferring output files
...
040 (15564188.419.000) 2026-01-08 01:17:55 Finished transferring output files
...
005 (15564188.419.000) 2026-01-08 01:17:55 Job terminated.
	(1) Normal termination (return value 0)
		Usr 0 00:14:41, Sys 0 00:00:14  -  Run Remote Usage
		Usr 0 00:00:00, Sys 0 00:00:00  -  Run Local Usage
		Usr 0 00:14:41, Sys 0 00:00:14  -  Total Remote Usage
		Usr 0 00:00:00, Sys 0 00:00:00  -  Total Local Usage
	289  -  Run Bytes Sent By Job
	144352  -  Run Bytes Received By Job
	289  -  Total Bytes Sent By Job
	144352  -  Total Bytes Received By Job
	Partitionable Resources :    Usage  Request Allocated 
	   Cpus                 :     0.97        1         1 
	   Disk (KB)            :   159     2097152   6681182 
	   Memory (MB)          :   129        4096      4096 
	   xferslots            :                           0 

	Job terminated of its own accord at 2026-01-08T06:17:55Z with exit-code 0.
...
