000 (15697407.1193.000) 2026-01-21 18:36:44 Job submitted from host: <130.199.48.129:9618?addrs=130.199.48.129-9618&alias=rcas6009.rcf.bnl.gov&noUDP&sock=schedd_22421_101d>
...
040 (15697407.1193.000) 2026-01-22 19:08:27 Started transferring input files
	Transferring to host: <130.199.151.32:9618?addrs=130.199.151.32-9618&alias=spool1610.sdcc.bnl.gov&noUDP&sock=slot1_75_54219_e056_289953>
...
040 (15697407.1193.000) 2026-01-22 19:08:27 Finished transferring input files
...
001 (15697407.1193.000) 2026-01-22 19:08:28 Job executing on host: <130.199.151.32:9618?addrs=130.199.151.32-9618&alias=spool1610.sdcc.bnl.gov&noUDP&sock=startd_54204_fb30>
...
006 (15697407.1193.000) 2026-01-22 19:08:37 Image size of job updated: 201996
	73  -  MemoryUsage of job (MB)
	74060  -  ResidentSetSize of job (KB)
...
006 (15697407.1193.000) 2026-01-22 19:12:39 Image size of job updated: 447952
	73  -  MemoryUsage of job (MB)
	74060  -  ResidentSetSize of job (KB)
...
040 (15697407.1193.000) 2026-01-22 19:12:39 Started transferring output files
...
040 (15697407.1193.000) 2026-01-22 19:12:39 Finished transferring output files
...
005 (15697407.1193.000) 2026-01-22 19:12:39 Job terminated.
	(1) Normal termination (return value 0)
		Usr 0 00:03:56, Sys 0 00:00:04  -  Run Remote Usage
		Usr 0 00:00:00, Sys 0 00:00:00  -  Run Local Usage
		Usr 0 00:03:56, Sys 0 00:00:04  -  Total Remote Usage
		Usr 0 00:00:00, Sys 0 00:00:00  -  Total Local Usage
	122  -  Run Bytes Sent By Job
	148880  -  Run Bytes Received By Job
	122  -  Total Bytes Sent By Job
	148880  -  Total Bytes Received By Job
	Partitionable Resources :    Usage  Request Allocated 
	   Cpus                 :     0.86        1         1 
	   Disk (KB)            :   164     2097152   6681190 
	   Memory (MB)          :    73        4096      4096 
	   xferslots            :                           0 

	Job terminated of its own accord at 2026-01-23T00:12:39Z with exit-code 0.
...
