000 (15560432.317.000) 2026-01-07 17:58:16 Job submitted from host: <130.199.48.129:9618?addrs=130.199.48.129-9618&alias=rcas6009.rcf.bnl.gov&noUDP&sock=schedd_22421_101d>
...
040 (15560432.317.000) 2026-01-07 20:05:22 Started transferring input files
	Transferring to host: <130.199.184.213:9618?addrs=130.199.184.213-9618&alias=spool1788.sdcc.bnl.gov&noUDP&sock=slot1_3_95861_39f8_191862>
...
040 (15560432.317.000) 2026-01-07 20:05:22 Finished transferring input files
...
001 (15560432.317.000) 2026-01-07 20:05:23 Job executing on host: <130.199.184.213:9618?addrs=130.199.184.213-9618&alias=spool1788.sdcc.bnl.gov&noUDP&sock=startd_95852_0c25>
...
006 (15560432.317.000) 2026-01-07 20:05:32 Image size of job updated: 421788
	80  -  MemoryUsage of job (MB)
	81752  -  ResidentSetSize of job (KB)
...
006 (15560432.317.000) 2026-01-07 20:10:33 Image size of job updated: 424548
	106  -  MemoryUsage of job (MB)
	108416  -  ResidentSetSize of job (KB)
...
006 (15560432.317.000) 2026-01-07 20:15:33 Image size of job updated: 424548
	106  -  MemoryUsage of job (MB)
	108452  -  ResidentSetSize of job (KB)
...
040 (15560432.317.000) 2026-01-07 20:18:04 Started transferring output files
...
040 (15560432.317.000) 2026-01-07 20:18:04 Finished transferring output files
...
005 (15560432.317.000) 2026-01-07 20:18:04 Job terminated.
	(1) Normal termination (return value 0)
		Usr 0 00:12:28, Sys 0 00:00:10  -  Run Remote Usage
		Usr 0 00:00:00, Sys 0 00:00:00  -  Run Local Usage
		Usr 0 00:12:28, Sys 0 00:00:10  -  Total Remote Usage
		Usr 0 00:00:00, Sys 0 00:00:00  -  Total Local Usage
	275  -  Run Bytes Sent By Job
	144352  -  Run Bytes Received By Job
	275  -  Total Bytes Sent By Job
	144352  -  Total Bytes Received By Job
	Partitionable Resources :    Usage  Request Allocated 
	   Cpus                 :     0.99        1         1 
	   Disk (KB)            :   159     2097152   6681567 
	   Memory (MB)          :   106        4096      4096 
	   xferslots            :                           0 

	Job terminated of its own accord at 2026-01-08T01:18:04Z with exit-code 0.
...
