000 (15554417.402.000) 2026-01-07 12:44:33 Job submitted from host: <130.199.48.129:9618?addrs=130.199.48.129-9618&alias=rcas6009.rcf.bnl.gov&noUDP&sock=schedd_22421_101d>
...
040 (15554417.402.000) 2026-01-07 13:38:29 Started transferring input files
	Transferring to host: <130.199.186.31:9618?addrs=130.199.186.31-9618&alias=spool1828.sdcc.bnl.gov&noUDP&sock=slot1_77_95743_1701_186338>
...
040 (15554417.402.000) 2026-01-07 13:38:29 Finished transferring input files
...
001 (15554417.402.000) 2026-01-07 13:38:30 Job executing on host: <130.199.186.31:9618?addrs=130.199.186.31-9618&alias=spool1828.sdcc.bnl.gov&noUDP&sock=startd_95734_b3b1>
...
006 (15554417.402.000) 2026-01-07 13:38:39 Image size of job updated: 136488
	103  -  MemoryUsage of job (MB)
	105224  -  ResidentSetSize of job (KB)
...
006 (15554417.402.000) 2026-01-07 13:43:39 Image size of job updated: 424608
	107  -  MemoryUsage of job (MB)
	109012  -  ResidentSetSize of job (KB)
...
040 (15554417.402.000) 2026-01-07 13:48:52 Started transferring output files
...
040 (15554417.402.000) 2026-01-07 13:48:52 Finished transferring output files
...
005 (15554417.402.000) 2026-01-07 13:48:52 Job terminated.
	(1) Normal termination (return value 0)
		Usr 0 00:10:11, Sys 0 00:00:08  -  Run Remote Usage
		Usr 0 00:00:00, Sys 0 00:00:00  -  Run Local Usage
		Usr 0 00:10:11, Sys 0 00:00:08  -  Total Remote Usage
		Usr 0 00:00:00, Sys 0 00:00:00  -  Total Local Usage
	261  -  Run Bytes Sent By Job
	144352  -  Run Bytes Received By Job
	261  -  Total Bytes Sent By Job
	144352  -  Total Bytes Received By Job
	Partitionable Resources :    Usage  Request Allocated 
	   Cpus                 :     1.00        1         1 
	   Disk (KB)            :   159     2097152   6681577 
	   Memory (MB)          :   107        4096      4096 
	   xferslots            :                           0 

	Job terminated of its own accord at 2026-01-07T18:48:51Z with exit-code 0.
...
