000 (15690120.1002.000) 2026-01-20 07:35:57 Job submitted from host: <130.199.48.129:9618?addrs=130.199.48.129-9618&alias=rcas6009.rcf.bnl.gov&noUDP&sock=schedd_22421_101d>
...
040 (15690120.1002.000) 2026-01-21 14:38:33 Started transferring input files
	Transferring to host: <130.199.186.27:9618?addrs=130.199.186.27-9618&alias=spool1824.sdcc.bnl.gov&noUDP&sock=slot1_59_94218_f5db_245076>
...
040 (15690120.1002.000) 2026-01-21 14:38:33 Finished transferring input files
...
001 (15690120.1002.000) 2026-01-21 14:38:34 Job executing on host: <130.199.186.27:9618?addrs=130.199.186.27-9618&alias=spool1824.sdcc.bnl.gov&noUDP&sock=startd_94209_0f05>
...
006 (15690120.1002.000) 2026-01-21 14:38:43 Image size of job updated: 421152
	69  -  MemoryUsage of job (MB)
	70316  -  ResidentSetSize of job (KB)
...
006 (15690120.1002.000) 2026-01-21 14:43:44 Image size of job updated: 424492
	81  -  MemoryUsage of job (MB)
	82900  -  ResidentSetSize of job (KB)
...
040 (15690120.1002.000) 2026-01-21 14:46:35 Started transferring output files
...
040 (15690120.1002.000) 2026-01-21 14:46:35 Finished transferring output files
...
005 (15690120.1002.000) 2026-01-21 14:46:35 Job terminated.
	(1) Normal termination (return value 0)
		Usr 0 00:07:53, Sys 0 00:00:04  -  Run Remote Usage
		Usr 0 00:00:00, Sys 0 00:00:00  -  Run Local Usage
		Usr 0 00:07:53, Sys 0 00:00:04  -  Total Remote Usage
		Usr 0 00:00:00, Sys 0 00:00:00  -  Total Local Usage
	135  -  Run Bytes Sent By Job
	148880  -  Run Bytes Received By Job
	135  -  Total Bytes Sent By Job
	148880  -  Total Bytes Received By Job
	Partitionable Resources :    Usage  Request Allocated 
	   Cpus                 :     0.99        1         1 
	   Disk (KB)            :   164     2097152   6681576 
	   Memory (MB)          :    81        4096      4096 
	   xferslots            :                           0 

	Job terminated of its own accord at 2026-01-21T19:46:35Z with exit-code 0.
...
