000 (15564188.522.000) 2026-01-07 21:29:40 Job submitted from host: <130.199.48.129:9618?addrs=130.199.48.129-9618&alias=rcas6009.rcf.bnl.gov&noUDP&sock=schedd_22421_101d>
...
040 (15564188.522.000) 2026-01-08 01:21:09 Started transferring input files
	Transferring to host: <130.199.151.3:9618?addrs=130.199.151.3-9618&alias=spool1581.sdcc.bnl.gov&noUDP&sock=slot1_86_95061_7851_188823>
...
040 (15564188.522.000) 2026-01-08 01:21:09 Finished transferring input files
...
001 (15564188.522.000) 2026-01-08 01:21:10 Job executing on host: <130.199.151.3:9618?addrs=130.199.151.3-9618&alias=spool1581.sdcc.bnl.gov&noUDP&sock=startd_95052_db87>
...
006 (15564188.522.000) 2026-01-08 01:21:19 Image size of job updated: 80616
	50  -  MemoryUsage of job (MB)
	50684  -  ResidentSetSize of job (KB)
...
006 (15564188.522.000) 2026-01-08 01:26:19 Image size of job updated: 447072
	108  -  MemoryUsage of job (MB)
	109816  -  ResidentSetSize of job (KB)
...
040 (15564188.522.000) 2026-01-08 01:30:30 Started transferring output files
...
040 (15564188.522.000) 2026-01-08 01:30:30 Finished transferring output files
...
005 (15564188.522.000) 2026-01-08 01:30:30 Job terminated.
	(1) Normal termination (return value 0)
		Usr 0 00:08:18, Sys 0 00:00:08  -  Run Remote Usage
		Usr 0 00:00:00, Sys 0 00:00:00  -  Run Local Usage
		Usr 0 00:08:18, Sys 0 00:00:08  -  Total Remote Usage
		Usr 0 00:00:00, Sys 0 00:00:00  -  Total Local Usage
	219  -  Run Bytes Sent By Job
	144352  -  Run Bytes Received By Job
	219  -  Total Bytes Sent By Job
	144352  -  Total Bytes Received By Job
	Partitionable Resources :    Usage  Request Allocated 
	   Cpus                 :     0.89        1         1 
	   Disk (KB)            :   159     2097152   6681183 
	   Memory (MB)          :   108        4096      4096 
	   xferslots            :                           0 

	Job terminated of its own accord at 2026-01-08T06:30:30Z with exit-code 0.
...
