000 (16235385.036.000) 2026-01-23 10:57:26 Job submitted from host: <130.199.48.128:9618?addrs=130.199.48.128-9618&alias=rcas6008.rcf.bnl.gov&noUDP&sock=schedd_18725_535a>
...
040 (16235385.036.000) 2026-01-23 11:01:52 Started transferring input files
	Transferring to host: <130.199.184.213:9618?addrs=130.199.184.213-9618&alias=spool1788.sdcc.bnl.gov&noUDP&sock=slot1_77_95861_39f8_266932>
...
040 (16235385.036.000) 2026-01-23 11:01:52 Finished transferring input files
...
001 (16235385.036.000) 2026-01-23 11:01:53 Job executing on host: <130.199.184.213:9618?addrs=130.199.184.213-9618&alias=spool1788.sdcc.bnl.gov&noUDP&sock=startd_95852_0c25>
...
006 (16235385.036.000) 2026-01-23 11:02:02 Image size of job updated: 113820
	80  -  MemoryUsage of job (MB)
	81680  -  ResidentSetSize of job (KB)
...
006 (16235385.036.000) 2026-01-23 11:07:03 Image size of job updated: 423716
	106  -  MemoryUsage of job (MB)
	108104  -  ResidentSetSize of job (KB)
...
006 (16235385.036.000) 2026-01-23 11:12:04 Image size of job updated: 424276
	107  -  MemoryUsage of job (MB)
	109440  -  ResidentSetSize of job (KB)
...
006 (16235385.036.000) 2026-01-23 11:17:04 Image size of job updated: 424276
	107  -  MemoryUsage of job (MB)
	109452  -  ResidentSetSize of job (KB)
...
006 (16235385.036.000) 2026-01-23 11:22:04 Image size of job updated: 424276
	107  -  MemoryUsage of job (MB)
	109456  -  ResidentSetSize of job (KB)
...
040 (16235385.036.000) 2026-01-23 11:24:07 Started transferring output files
...
040 (16235385.036.000) 2026-01-23 11:24:07 Finished transferring output files
...
005 (16235385.036.000) 2026-01-23 11:24:07 Job terminated.
	(1) Normal termination (return value 0)
		Usr 0 00:21:57, Sys 0 00:00:15  -  Run Remote Usage
		Usr 0 00:00:00, Sys 0 00:00:00  -  Run Local Usage
		Usr 0 00:21:57, Sys 0 00:00:15  -  Total Remote Usage
		Usr 0 00:00:00, Sys 0 00:00:00  -  Total Local Usage
	261  -  Run Bytes Sent By Job
	148880  -  Run Bytes Received By Job
	261  -  Total Bytes Sent By Job
	148880  -  Total Bytes Received By Job
	Partitionable Resources :    Usage  Request Allocated 
	   Cpus                 :     1.00        1         1 
	   Disk (KB)            :   164     2097152   6681567 
	   Memory (MB)          :   107        4096      4096 
	   xferslots            :                           0 

	Job terminated of its own accord at 2026-01-23T16:24:07Z with exit-code 0.
...
