000 (16235385.472.000) 2026-01-23 10:57:27 Job submitted from host: <130.199.48.128:9618?addrs=130.199.48.128-9618&alias=rcas6008.rcf.bnl.gov&noUDP&sock=schedd_18725_535a>
...
040 (16235385.472.000) 2026-01-23 12:08:56 Started transferring input files
	Transferring to host: <130.199.150.81:9618?addrs=130.199.150.81-9618&alias=spool1562.sdcc.bnl.gov&noUDP&sock=slot1_91_95126_780d_248012>
...
040 (16235385.472.000) 2026-01-23 12:08:56 Finished transferring input files
...
001 (16235385.472.000) 2026-01-23 12:08:57 Job executing on host: <130.199.150.81:9618?addrs=130.199.150.81-9618&alias=spool1562.sdcc.bnl.gov&noUDP&sock=startd_95117_6de1>
...
006 (16235385.472.000) 2026-01-23 12:09:06 Image size of job updated: 342736
	69  -  MemoryUsage of job (MB)
	70424  -  ResidentSetSize of job (KB)
...
006 (16235385.472.000) 2026-01-23 12:14:07 Image size of job updated: 423148
	111  -  MemoryUsage of job (MB)
	113244  -  ResidentSetSize of job (KB)
...
006 (16235385.472.000) 2026-01-23 12:19:07 Image size of job updated: 424292
	113  -  MemoryUsage of job (MB)
	115088  -  ResidentSetSize of job (KB)
...
006 (16235385.472.000) 2026-01-23 12:24:08 Image size of job updated: 424292
	113  -  MemoryUsage of job (MB)
	115096  -  ResidentSetSize of job (KB)
...
006 (16235385.472.000) 2026-01-23 12:29:09 Image size of job updated: 424292
	113  -  MemoryUsage of job (MB)
	115104  -  ResidentSetSize of job (KB)
...
006 (16235385.472.000) 2026-01-23 12:34:09 Image size of job updated: 424292
	113  -  MemoryUsage of job (MB)
	115108  -  ResidentSetSize of job (KB)
...
040 (16235385.472.000) 2026-01-23 12:37:06 Started transferring output files
...
040 (16235385.472.000) 2026-01-23 12:37:06 Finished transferring output files
...
005 (16235385.472.000) 2026-01-23 12:37:06 Job terminated.
	(1) Normal termination (return value 0)
		Usr 0 00:27:19, Sys 0 00:00:20  -  Run Remote Usage
		Usr 0 00:00:00, Sys 0 00:00:00  -  Run Local Usage
		Usr 0 00:27:19, Sys 0 00:00:20  -  Total Remote Usage
		Usr 0 00:00:00, Sys 0 00:00:00  -  Total Local Usage
	303  -  Run Bytes Sent By Job
	148880  -  Run Bytes Received By Job
	303  -  Total Bytes Sent By Job
	148880  -  Total Bytes Received By Job
	Partitionable Resources :    Usage  Request Allocated 
	   Cpus                 :     1.00        1         1 
	   Disk (KB)            :   164     2097152   6681130 
	   Memory (MB)          :   113        4096      4096 
	   xferslots            :                           0 

	Job terminated of its own accord at 2026-01-23T17:37:06Z with exit-code 0.
...
