000 (16235385.802.000) 2026-01-23 10:57:29 Job submitted from host: <130.199.48.128:9618?addrs=130.199.48.128-9618&alias=rcas6008.rcf.bnl.gov&noUDP&sock=schedd_18725_535a>
...
040 (16235385.802.000) 2026-01-23 12:23:10 Started transferring input files
	Transferring to host: <130.199.150.86:9618?addrs=130.199.150.86-9618&alias=spool1567.sdcc.bnl.gov&noUDP&sock=slot1_87_23144_ae33_259693>
...
040 (16235385.802.000) 2026-01-23 12:23:10 Finished transferring input files
...
001 (16235385.802.000) 2026-01-23 12:23:11 Job executing on host: <130.199.150.86:9618?addrs=130.199.150.86-9618&alias=spool1567.sdcc.bnl.gov&noUDP&sock=startd_23135_08f1>
...
006 (16235385.802.000) 2026-01-23 12:23:20 Image size of job updated: 95024
	63  -  MemoryUsage of job (MB)
	63524  -  ResidentSetSize of job (KB)
...
006 (16235385.802.000) 2026-01-23 12:24:07 Image size of job updated: 423104
	63  -  MemoryUsage of job (MB)
	63524  -  ResidentSetSize of job (KB)
...
040 (16235385.802.000) 2026-01-23 12:24:07 Started transferring output files
...
040 (16235385.802.000) 2026-01-23 12:24:07 Finished transferring output files
...
005 (16235385.802.000) 2026-01-23 12:24:07 Job terminated.
	(1) Normal termination (return value 0)
		Usr 0 00:00:50, Sys 0 00:00:00  -  Run Remote Usage
		Usr 0 00:00:00, Sys 0 00:00:00  -  Run Local Usage
		Usr 0 00:00:50, Sys 0 00:00:00  -  Total Remote Usage
		Usr 0 00:00:00, Sys 0 00:00:00  -  Total Local Usage
	57  -  Run Bytes Sent By Job
	148880  -  Run Bytes Received By Job
	57  -  Total Bytes Sent By Job
	148880  -  Total Bytes Received By Job
	Partitionable Resources :    Usage  Request Allocated 
	   Cpus                 :                 1         1 
	   Disk (KB)            :      157  2097152   6681178 
	   Memory (MB)          :       63     4096      4096 
	   xferslots            :                           0 

	Job terminated of its own accord at 2026-01-23T17:24:07Z with exit-code 0.
...
