000 (15560432.076.000) 2026-01-07 17:58:15 Job submitted from host: <130.199.48.129:9618?addrs=130.199.48.129-9618&alias=rcas6009.rcf.bnl.gov&noUDP&sock=schedd_22421_101d>
...
040 (15560432.076.000) 2026-01-07 18:29:20 Started transferring input files
	Transferring to host: <130.199.151.3:9618?addrs=130.199.151.3-9618&alias=spool1581.sdcc.bnl.gov&noUDP&sock=slot1_33_95061_7851_187866>
...
040 (15560432.076.000) 2026-01-07 18:29:20 Finished transferring input files
...
001 (15560432.076.000) 2026-01-07 18:29:21 Job executing on host: <130.199.151.3:9618?addrs=130.199.151.3-9618&alias=spool1581.sdcc.bnl.gov&noUDP&sock=startd_95052_db87>
...
006 (15560432.076.000) 2026-01-07 18:29:29 Image size of job updated: 421832
	108  -  MemoryUsage of job (MB)
	110108  -  ResidentSetSize of job (KB)
...
006 (15560432.076.000) 2026-01-07 18:34:29 Image size of job updated: 424584
	109  -  MemoryUsage of job (MB)
	111444  -  ResidentSetSize of job (KB)
...
006 (15560432.076.000) 2026-01-07 18:39:30 Image size of job updated: 424584
	109  -  MemoryUsage of job (MB)
	111448  -  ResidentSetSize of job (KB)
...
040 (15560432.076.000) 2026-01-07 18:41:07 Started transferring output files
...
040 (15560432.076.000) 2026-01-07 18:41:07 Finished transferring output files
...
005 (15560432.076.000) 2026-01-07 18:41:07 Job terminated.
	(1) Normal termination (return value 0)
		Usr 0 00:11:36, Sys 0 00:00:08  -  Run Remote Usage
		Usr 0 00:00:00, Sys 0 00:00:00  -  Run Local Usage
		Usr 0 00:11:36, Sys 0 00:00:08  -  Total Remote Usage
		Usr 0 00:00:00, Sys 0 00:00:00  -  Total Local Usage
	289  -  Run Bytes Sent By Job
	144352  -  Run Bytes Received By Job
	289  -  Total Bytes Sent By Job
	144352  -  Total Bytes Received By Job
	Partitionable Resources :    Usage  Request Allocated 
	   Cpus                 :     1.00        1         1 
	   Disk (KB)            :   159     2097152   6681183 
	   Memory (MB)          :   109        4096      4096 
	   xferslots            :                           0 

	Job terminated of its own accord at 2026-01-07T23:41:07Z with exit-code 0.
...
