000 (15560432.662.000) 2026-01-07 17:58:16 Job submitted from host: <130.199.48.129:9618?addrs=130.199.48.129-9618&alias=rcas6009.rcf.bnl.gov&noUDP&sock=schedd_22421_101d>
...
040 (15560432.662.000) 2026-01-07 20:52:09 Started transferring input files
	Transferring to host: <130.199.151.4:9618?addrs=130.199.151.4-9618&alias=spool1582.sdcc.bnl.gov&noUDP&sock=slot1_53_96763_4de9_187843>
...
040 (15560432.662.000) 2026-01-07 20:52:09 Finished transferring input files
...
001 (15560432.662.000) 2026-01-07 20:52:10 Job executing on host: <130.199.151.4:9618?addrs=130.199.151.4-9618&alias=spool1582.sdcc.bnl.gov&noUDP&sock=startd_96754_84e0>
...
006 (15560432.662.000) 2026-01-07 20:52:19 Image size of job updated: 104728
	72  -  MemoryUsage of job (MB)
	73260  -  ResidentSetSize of job (KB)
...
006 (15560432.662.000) 2026-01-07 20:53:08 Image size of job updated: 424356
	72  -  MemoryUsage of job (MB)
	73260  -  ResidentSetSize of job (KB)
...
040 (15560432.662.000) 2026-01-07 20:53:08 Started transferring output files
...
040 (15560432.662.000) 2026-01-07 20:53:08 Finished transferring output files
...
005 (15560432.662.000) 2026-01-07 20:53:08 Job terminated.
	(1) Normal termination (return value 0)
		Usr 0 00:00:55, Sys 0 00:00:01  -  Run Remote Usage
		Usr 0 00:00:00, Sys 0 00:00:00  -  Run Local Usage
		Usr 0 00:00:55, Sys 0 00:00:01  -  Total Remote Usage
		Usr 0 00:00:00, Sys 0 00:00:00  -  Total Local Usage
	83  -  Run Bytes Sent By Job
	144352  -  Run Bytes Received By Job
	83  -  Total Bytes Sent By Job
	144352  -  Total Bytes Received By Job
	Partitionable Resources :    Usage  Request Allocated 
	   Cpus                 :                 1         1 
	   Disk (KB)            :      153  2097152   6681188 
	   Memory (MB)          :       72     4096      4096 
	   xferslots            :                           0 

	Job terminated of its own accord at 2026-01-08T01:53:08Z with exit-code 0.
...
