000 (15697407.461.000) 2026-01-21 18:36:42 Job submitted from host: <130.199.48.129:9618?addrs=130.199.48.129-9618&alias=rcas6009.rcf.bnl.gov&noUDP&sock=schedd_22421_101d>
...
040 (15697407.461.000) 2026-01-22 09:27:16 Started transferring input files
	Transferring to host: <130.199.151.22:9618?addrs=130.199.151.22-9618&alias=spool1600.sdcc.bnl.gov&noUDP&sock=slot1_57_25096_204f_260468>
...
040 (15697407.461.000) 2026-01-22 09:27:16 Finished transferring input files
...
001 (15697407.461.000) 2026-01-22 09:27:17 Job executing on host: <130.199.151.22:9618?addrs=130.199.151.22-9618&alias=spool1600.sdcc.bnl.gov&noUDP&sock=startd_25087_d17b>
...
006 (15697407.461.000) 2026-01-22 09:27:26 Image size of job updated: 341344
	79  -  MemoryUsage of job (MB)
	80244  -  ResidentSetSize of job (KB)
...
006 (15697407.461.000) 2026-01-22 09:32:26 Image size of job updated: 449640
	122  -  MemoryUsage of job (MB)
	123932  -  ResidentSetSize of job (KB)
...
040 (15697407.461.000) 2026-01-22 09:53:15 Started transferring output files
...
040 (15697407.461.000) 2026-01-22 09:53:15 Finished transferring output files
...
005 (15697407.461.000) 2026-01-22 09:53:15 Job terminated.
	(1) Normal termination (return value 0)
		Usr 0 00:24:20, Sys 0 00:00:23  -  Run Remote Usage
		Usr 0 00:00:00, Sys 0 00:00:00  -  Run Local Usage
		Usr 0 00:24:20, Sys 0 00:00:23  -  Total Remote Usage
		Usr 0 00:00:00, Sys 0 00:00:00  -  Total Local Usage
	261  -  Run Bytes Sent By Job
	148880  -  Run Bytes Received By Job
	261  -  Total Bytes Sent By Job
	148880  -  Total Bytes Received By Job
	Partitionable Resources :    Usage  Request Allocated 
	   Cpus                 :     0.93        1         1 
	   Disk (KB)            :   163     2097152   6681187 
	   Memory (MB)          :   122        4096      4096 
	   xferslots            :                           0 

	Job terminated of its own accord at 2026-01-22T14:53:15Z with exit-code 0.
...
