000 (15684821.898.000) 2026-01-19 15:56:22 Job submitted from host: <130.199.48.129:9618?addrs=130.199.48.129-9618&alias=rcas6009.rcf.bnl.gov&noUDP&sock=schedd_22421_101d>
...
040 (15684821.898.000) 2026-01-19 16:30:09 Started transferring input files
	Transferring to host: <130.199.184.221:9618?addrs=130.199.184.221-9618&alias=spool1796.sdcc.bnl.gov&noUDP&sock=slot1_36_96037_315f_238310>
...
040 (15684821.898.000) 2026-01-19 16:30:09 Finished transferring input files
...
001 (15684821.898.000) 2026-01-19 16:30:10 Job executing on host: <130.199.184.221:9618?addrs=130.199.184.221-9618&alias=spool1796.sdcc.bnl.gov&noUDP&sock=startd_96028_bfcc>
...
006 (15684821.898.000) 2026-01-19 16:30:19 Image size of job updated: 447880
	78  -  MemoryUsage of job (MB)
	78912  -  ResidentSetSize of job (KB)
...
006 (15684821.898.000) 2026-01-19 16:35:20 Image size of job updated: 447880
	89  -  MemoryUsage of job (MB)
	90716  -  ResidentSetSize of job (KB)
...
040 (15684821.898.000) 2026-01-19 16:39:07 Started transferring output files
...
040 (15684821.898.000) 2026-01-19 16:39:07 Finished transferring output files
...
005 (15684821.898.000) 2026-01-19 16:39:07 Job terminated.
	(1) Normal termination (return value 0)
		Usr 0 00:08:40, Sys 0 00:00:06  -  Run Remote Usage
		Usr 0 00:00:00, Sys 0 00:00:00  -  Run Local Usage
		Usr 0 00:08:40, Sys 0 00:00:06  -  Total Remote Usage
		Usr 0 00:00:00, Sys 0 00:00:00  -  Total Local Usage
	135  -  Run Bytes Sent By Job
	148880  -  Run Bytes Received By Job
	135  -  Total Bytes Sent By Job
	148880  -  Total Bytes Received By Job
	Partitionable Resources :    Usage  Request Allocated 
	   Cpus                 :     0.99        1         1 
	   Disk (KB)            :   164     2097152   6681568 
	   Memory (MB)          :    89        4096      4096 
	   xferslots            :                           0 

	Job terminated of its own accord at 2026-01-19T21:39:07Z with exit-code 0.
...
