000 (16235385.753.000) 2026-01-23 10:57:29 Job submitted from host: <130.199.48.128:9618?addrs=130.199.48.128-9618&alias=rcas6008.rcf.bnl.gov&noUDP&sock=schedd_18725_535a>
...
040 (16235385.753.000) 2026-01-23 12:21:42 Started transferring input files
	Transferring to host: <130.199.184.158:9618?addrs=130.199.184.158-9618&alias=spool1767.sdcc.bnl.gov&noUDP&sock=slot1_21_4771_385b_292537>
...
040 (16235385.753.000) 2026-01-23 12:21:42 Finished transferring input files
...
001 (16235385.753.000) 2026-01-23 12:21:43 Job executing on host: <130.199.184.158:9618?addrs=130.199.184.158-9618&alias=spool1767.sdcc.bnl.gov&noUDP&sock=startd_4762_365e>
...
006 (16235385.753.000) 2026-01-23 12:21:51 Image size of job updated: 102116
	70  -  MemoryUsage of job (MB)
	70756  -  ResidentSetSize of job (KB)
...
006 (16235385.753.000) 2026-01-23 12:26:51 Image size of job updated: 424256
	86  -  MemoryUsage of job (MB)
	87764  -  ResidentSetSize of job (KB)
...
040 (16235385.753.000) 2026-01-23 12:28:05 Started transferring output files
...
040 (16235385.753.000) 2026-01-23 12:28:05 Finished transferring output files
...
005 (16235385.753.000) 2026-01-23 12:28:05 Job terminated.
	(1) Normal termination (return value 0)
		Usr 0 00:06:15, Sys 0 00:00:04  -  Run Remote Usage
		Usr 0 00:00:00, Sys 0 00:00:00  -  Run Local Usage
		Usr 0 00:06:15, Sys 0 00:00:04  -  Total Remote Usage
		Usr 0 00:00:00, Sys 0 00:00:00  -  Total Local Usage
	149  -  Run Bytes Sent By Job
	148880  -  Run Bytes Received By Job
	149  -  Total Bytes Sent By Job
	148880  -  Total Bytes Received By Job
	Partitionable Resources :    Usage  Request Allocated 
	   Cpus                 :     1.00        1         1 
	   Disk (KB)            :   163     2097152   6681557 
	   Memory (MB)          :    86        4096      4096 
	   xferslots            :                           0 

	Job terminated of its own accord at 2026-01-23T17:28:04Z with exit-code 0.
...
