000 (15564188.818.000) 2026-01-07 21:29:41 Job submitted from host: <130.199.48.129:9618?addrs=130.199.48.129-9618&alias=rcas6009.rcf.bnl.gov&noUDP&sock=schedd_22421_101d>
...
040 (15564188.818.000) 2026-01-08 01:52:50 Started transferring input files
	Transferring to host: <130.199.186.19:9618?addrs=130.199.186.19-9618&alias=spool1816.sdcc.bnl.gov&noUDP&sock=slot1_72_94263_30c0_195788>
...
040 (15564188.818.000) 2026-01-08 01:52:50 Finished transferring input files
...
001 (15564188.818.000) 2026-01-08 01:52:51 Job executing on host: <130.199.186.19:9618?addrs=130.199.186.19-9618&alias=spool1816.sdcc.bnl.gov&noUDP&sock=startd_94255_9dfa>
...
006 (15564188.818.000) 2026-01-08 01:53:00 Image size of job updated: 335972
	71  -  MemoryUsage of job (MB)
	72024  -  ResidentSetSize of job (KB)
...
006 (15564188.818.000) 2026-01-08 01:58:01 Image size of job updated: 449688
	101  -  MemoryUsage of job (MB)
	102536  -  ResidentSetSize of job (KB)
...
040 (15564188.818.000) 2026-01-08 01:59:57 Started transferring output files
...
040 (15564188.818.000) 2026-01-08 01:59:57 Finished transferring output files
...
005 (15564188.818.000) 2026-01-08 01:59:57 Job terminated.
	(1) Normal termination (return value 0)
		Usr 0 00:06:21, Sys 0 00:00:07  -  Run Remote Usage
		Usr 0 00:00:00, Sys 0 00:00:00  -  Run Local Usage
		Usr 0 00:06:21, Sys 0 00:00:07  -  Total Remote Usage
		Usr 0 00:00:00, Sys 0 00:00:00  -  Total Local Usage
	177  -  Run Bytes Sent By Job
	144352  -  Run Bytes Received By Job
	177  -  Total Bytes Sent By Job
	144352  -  Total Bytes Received By Job
	Partitionable Resources :    Usage  Request Allocated 
	   Cpus                 :     0.79        1         1 
	   Disk (KB)            :   159     2097152   6681579 
	   Memory (MB)          :   101        4096      4096 
	   xferslots            :                           0 

	Job terminated of its own accord at 2026-01-08T06:59:56Z with exit-code 0.
...
