000 (15560432.629.000) 2026-01-07 17:58:16 Job submitted from host: <130.199.48.129:9618?addrs=130.199.48.129-9618&alias=rcas6009.rcf.bnl.gov&noUDP&sock=schedd_22421_101d>
...
040 (15560432.629.000) 2026-01-07 20:51:41 Started transferring input files
	Transferring to host: <130.199.151.34:9618?addrs=130.199.151.34-9618&alias=spool1612.sdcc.bnl.gov&noUDP&sock=slot1_40_96466_fc6b_194841>
...
040 (15560432.629.000) 2026-01-07 20:51:41 Finished transferring input files
...
001 (15560432.629.000) 2026-01-07 20:51:42 Job executing on host: <130.199.151.34:9618?addrs=130.199.151.34-9618&alias=spool1612.sdcc.bnl.gov&noUDP&sock=startd_96457_85b5>
...
006 (15560432.629.000) 2026-01-07 20:51:53 Image size of job updated: 111176
	78  -  MemoryUsage of job (MB)
	79712  -  ResidentSetSize of job (KB)
...
006 (15560432.629.000) 2026-01-07 20:54:34 Image size of job updated: 424540
	78  -  MemoryUsage of job (MB)
	79712  -  ResidentSetSize of job (KB)
...
040 (15560432.629.000) 2026-01-07 20:54:34 Started transferring output files
...
040 (15560432.629.000) 2026-01-07 20:54:34 Finished transferring output files
...
005 (15560432.629.000) 2026-01-07 20:54:34 Job terminated.
	(1) Normal termination (return value 0)
		Usr 0 00:02:47, Sys 0 00:00:03  -  Run Remote Usage
		Usr 0 00:00:00, Sys 0 00:00:00  -  Run Local Usage
		Usr 0 00:02:47, Sys 0 00:00:03  -  Total Remote Usage
		Usr 0 00:00:00, Sys 0 00:00:00  -  Total Local Usage
	122  -  Run Bytes Sent By Job
	144352  -  Run Bytes Received By Job
	122  -  Total Bytes Sent By Job
	144352  -  Total Bytes Received By Job
	Partitionable Resources :    Usage  Request Allocated 
	   Cpus                 :     0.03        1         1 
	   Disk (KB)            :   159     2097152   6681197 
	   Memory (MB)          :    78        4096      4096 
	   xferslots            :                           0 

	Job terminated of its own accord at 2026-01-08T01:54:34Z with exit-code 0.
...
