000 (15684821.230.000) 2026-01-19 15:56:20 Job submitted from host: <130.199.48.129:9618?addrs=130.199.48.129-9618&alias=rcas6009.rcf.bnl.gov&noUDP&sock=schedd_22421_101d>
...
040 (15684821.230.000) 2026-01-19 16:11:22 Started transferring input files
	Transferring to host: <130.199.184.221:9618?addrs=130.199.184.221-9618&alias=spool1796.sdcc.bnl.gov&noUDP&sock=slot1_36_96037_315f_238265>
...
040 (15684821.230.000) 2026-01-19 16:11:22 Finished transferring input files
...
001 (15684821.230.000) 2026-01-19 16:11:23 Job executing on host: <130.199.184.221:9618?addrs=130.199.184.221-9618&alias=spool1796.sdcc.bnl.gov&noUDP&sock=startd_96028_bfcc>
...
006 (15684821.230.000) 2026-01-19 16:11:32 Image size of job updated: 420964
	91  -  MemoryUsage of job (MB)
	92232  -  ResidentSetSize of job (KB)
...
006 (15684821.230.000) 2026-01-19 16:16:33 Image size of job updated: 448260
	108  -  MemoryUsage of job (MB)
	110576  -  ResidentSetSize of job (KB)
...
006 (15684821.230.000) 2026-01-19 16:26:33 Image size of job updated: 448260
	108  -  MemoryUsage of job (MB)
	110580  -  ResidentSetSize of job (KB)
...
040 (15684821.230.000) 2026-01-19 16:30:08 Started transferring output files
...
040 (15684821.230.000) 2026-01-19 16:30:08 Finished transferring output files
...
005 (15684821.230.000) 2026-01-19 16:30:09 Job terminated.
	(1) Normal termination (return value 0)
		Usr 0 00:18:17, Sys 0 00:00:13  -  Run Remote Usage
		Usr 0 00:00:00, Sys 0 00:00:00  -  Run Local Usage
		Usr 0 00:18:17, Sys 0 00:00:13  -  Total Remote Usage
		Usr 0 00:00:00, Sys 0 00:00:00  -  Total Local Usage
	219  -  Run Bytes Sent By Job
	148880  -  Run Bytes Received By Job
	219  -  Total Bytes Sent By Job
	148880  -  Total Bytes Received By Job
	Partitionable Resources :    Usage  Request Allocated 
	   Cpus                 :     0.99        1         1 
	   Disk (KB)            :   163     2097152   6681568 
	   Memory (MB)          :   108        4096      4096 
	   xferslots            :                           0 

	Job terminated of its own accord at 2026-01-19T21:30:08Z with exit-code 0.
...
