000 (15697407.106.000) 2026-01-21 18:36:41 Job submitted from host: <130.199.48.129:9618?addrs=130.199.48.129-9618&alias=rcas6009.rcf.bnl.gov&noUDP&sock=schedd_22421_101d>
...
040 (15697407.106.000) 2026-01-21 21:11:45 Started transferring input files
	Transferring to host: <130.199.150.72:9618?addrs=130.199.150.72-9618&alias=spool1553.sdcc.bnl.gov&noUDP&sock=slot1_69_35675_244e_249986>
...
040 (15697407.106.000) 2026-01-21 21:11:45 Finished transferring input files
...
001 (15697407.106.000) 2026-01-21 21:11:46 Job executing on host: <130.199.150.72:9618?addrs=130.199.150.72-9618&alias=spool1553.sdcc.bnl.gov&noUDP&sock=startd_35666_f030>
...
006 (15697407.106.000) 2026-01-21 21:11:55 Image size of job updated: 422196
	69  -  MemoryUsage of job (MB)
	70512  -  ResidentSetSize of job (KB)
...
006 (15697407.106.000) 2026-01-21 21:16:25 Image size of job updated: 424176
	69  -  MemoryUsage of job (MB)
	70512  -  ResidentSetSize of job (KB)
...
040 (15697407.106.000) 2026-01-21 21:16:25 Started transferring output files
...
040 (15697407.106.000) 2026-01-21 21:16:25 Finished transferring output files
...
005 (15697407.106.000) 2026-01-21 21:16:25 Job terminated.
	(1) Normal termination (return value 0)
		Usr 0 00:04:34, Sys 0 00:00:04  -  Run Remote Usage
		Usr 0 00:00:00, Sys 0 00:00:00  -  Run Local Usage
		Usr 0 00:04:34, Sys 0 00:00:04  -  Total Remote Usage
		Usr 0 00:00:00, Sys 0 00:00:00  -  Total Local Usage
	135  -  Run Bytes Sent By Job
	148880  -  Run Bytes Received By Job
	135  -  Total Bytes Sent By Job
	148880  -  Total Bytes Received By Job
	Partitionable Resources :    Usage  Request Allocated 
	   Cpus                 :     1.00        1         1 
	   Disk (KB)            :   164     2097152   6681183 
	   Memory (MB)          :    69        4096      4096 
	   xferslots            :                           0 

	Job terminated of its own accord at 2026-01-22T02:16:25Z with exit-code 0.
...
