000 (15560432.1019.000) 2026-01-07 17:58:17 Job submitted from host: <130.199.48.129:9618?addrs=130.199.48.129-9618&alias=rcas6009.rcf.bnl.gov&noUDP&sock=schedd_22421_101d>
...
040 (15560432.1019.000) 2026-01-07 20:59:48 Started transferring input files
	Transferring to host: <130.199.151.11:9618?addrs=130.199.151.11-9618&alias=spool1589.sdcc.bnl.gov&noUDP&sock=slot1_61_95006_db01_196230>
...
040 (15560432.1019.000) 2026-01-07 20:59:48 Finished transferring input files
...
001 (15560432.1019.000) 2026-01-07 20:59:49 Job executing on host: <130.199.151.11:9618?addrs=130.199.151.11-9618&alias=spool1589.sdcc.bnl.gov&noUDP&sock=startd_94997_7363>
...
006 (15560432.1019.000) 2026-01-07 20:59:58 Image size of job updated: 420068
	78  -  MemoryUsage of job (MB)
	79652  -  ResidentSetSize of job (KB)
...
006 (15560432.1019.000) 2026-01-07 21:04:58 Image size of job updated: 424576
	99  -  MemoryUsage of job (MB)
	100688  -  ResidentSetSize of job (KB)
...
040 (15560432.1019.000) 2026-01-07 21:09:10 Started transferring output files
...
040 (15560432.1019.000) 2026-01-07 21:09:10 Finished transferring output files
...
005 (15560432.1019.000) 2026-01-07 21:09:11 Job terminated.
	(1) Normal termination (return value 0)
		Usr 0 00:09:10, Sys 0 00:00:08  -  Run Remote Usage
		Usr 0 00:00:00, Sys 0 00:00:00  -  Run Local Usage
		Usr 0 00:09:10, Sys 0 00:00:08  -  Total Remote Usage
		Usr 0 00:00:00, Sys 0 00:00:00  -  Total Local Usage
	219  -  Run Bytes Sent By Job
	144352  -  Run Bytes Received By Job
	219  -  Total Bytes Sent By Job
	144352  -  Total Bytes Received By Job
	Partitionable Resources :    Usage  Request Allocated 
	   Cpus                 :     1.00        1         1 
	   Disk (KB)            :   159     2097152   6681175 
	   Memory (MB)          :    99        4096      4096 
	   xferslots            :                           0 

	Job terminated of its own accord at 2026-01-08T02:09:10Z with exit-code 0.
...
