000 (15564188.537.000) 2026-01-07 21:29:40 Job submitted from host: <130.199.48.129:9618?addrs=130.199.48.129-9618&alias=rcas6009.rcf.bnl.gov&noUDP&sock=schedd_22421_101d>
...
040 (15564188.537.000) 2026-01-08 01:24:17 Started transferring input files
	Transferring to host: <130.199.186.27:9618?addrs=130.199.186.27-9618&alias=spool1824.sdcc.bnl.gov&noUDP&sock=slot1_95_94218_f5db_183281>
...
040 (15564188.537.000) 2026-01-08 01:24:17 Finished transferring input files
...
001 (15564188.537.000) 2026-01-08 01:24:18 Job executing on host: <130.199.186.27:9618?addrs=130.199.186.27-9618&alias=spool1824.sdcc.bnl.gov&noUDP&sock=startd_94209_0f05>
...
006 (15564188.537.000) 2026-01-08 01:24:27 Image size of job updated: 334304
	69  -  MemoryUsage of job (MB)
	69652  -  ResidentSetSize of job (KB)
...
006 (15564188.537.000) 2026-01-08 01:27:43 Image size of job updated: 450180
	69  -  MemoryUsage of job (MB)
	69712  -  ResidentSetSize of job (KB)
...
040 (15564188.537.000) 2026-01-08 01:27:43 Started transferring output files
...
040 (15564188.537.000) 2026-01-08 01:27:43 Finished transferring output files
...
005 (15564188.537.000) 2026-01-08 01:27:43 Job terminated.
	(1) Normal termination (return value 0)
		Usr 0 00:03:00, Sys 0 00:00:03  -  Run Remote Usage
		Usr 0 00:00:00, Sys 0 00:00:00  -  Run Local Usage
		Usr 0 00:03:00, Sys 0 00:00:03  -  Total Remote Usage
		Usr 0 00:00:00, Sys 0 00:00:00  -  Total Local Usage
	135  -  Run Bytes Sent By Job
	144352  -  Run Bytes Received By Job
	135  -  Total Bytes Sent By Job
	144352  -  Total Bytes Received By Job
	Partitionable Resources :    Usage  Request Allocated 
	   Cpus                 :     0.98        1         1 
	   Disk (KB)            :   159     2097152   6681576 
	   Memory (MB)          :    69        4096      4096 
	   xferslots            :                           0 

	Job terminated of its own accord at 2026-01-08T06:27:43Z with exit-code 0.
...
