000 (16235385.704.000) 2026-01-23 10:57:29 Job submitted from host: <130.199.48.128:9618?addrs=130.199.48.128-9618&alias=rcas6008.rcf.bnl.gov&noUDP&sock=schedd_18725_535a>
...
040 (16235385.704.000) 2026-01-23 12:20:01 Started transferring input files
	Transferring to host: <130.199.186.29:9618?addrs=130.199.186.29-9618&alias=spool1826.sdcc.bnl.gov&noUDP&sock=slot1_61_22308_5708_288896>
...
040 (16235385.704.000) 2026-01-23 12:20:01 Finished transferring input files
...
001 (16235385.704.000) 2026-01-23 12:20:02 Job executing on host: <130.199.186.29:9618?addrs=130.199.186.29-9618&alias=spool1826.sdcc.bnl.gov&noUDP&sock=startd_22299_7394>
...
006 (16235385.704.000) 2026-01-23 12:20:11 Image size of job updated: 420060
	70  -  MemoryUsage of job (MB)
	71624  -  ResidentSetSize of job (KB)
...
006 (16235385.704.000) 2026-01-23 12:25:12 Image size of job updated: 424276
	96  -  MemoryUsage of job (MB)
	98052  -  ResidentSetSize of job (KB)
...
006 (16235385.704.000) 2026-01-23 12:30:12 Image size of job updated: 424276
	96  -  MemoryUsage of job (MB)
	98144  -  ResidentSetSize of job (KB)
...
040 (16235385.704.000) 2026-01-23 12:32:59 Started transferring output files
...
040 (16235385.704.000) 2026-01-23 12:32:59 Finished transferring output files
...
005 (16235385.704.000) 2026-01-23 12:32:59 Job terminated.
	(1) Normal termination (return value 0)
		Usr 0 00:12:41, Sys 0 00:00:08  -  Run Remote Usage
		Usr 0 00:00:00, Sys 0 00:00:00  -  Run Local Usage
		Usr 0 00:12:41, Sys 0 00:00:08  -  Total Remote Usage
		Usr 0 00:00:00, Sys 0 00:00:00  -  Total Local Usage
	191  -  Run Bytes Sent By Job
	148880  -  Run Bytes Received By Job
	191  -  Total Bytes Sent By Job
	148880  -  Total Bytes Received By Job
	Partitionable Resources :    Usage  Request Allocated 
	   Cpus                 :     1.00        1         1 
	   Disk (KB)            :   163     2097152   6681568 
	   Memory (MB)          :    96        4096      4096 
	   xferslots            :                           0 

	Job terminated of its own accord at 2026-01-23T17:32:58Z with exit-code 0.
...
