000 (15690120.977.000) 2026-01-20 07:35:57 Job submitted from host: <130.199.48.129:9618?addrs=130.199.48.129-9618&alias=rcas6009.rcf.bnl.gov&noUDP&sock=schedd_22421_101d>
...
040 (15690120.977.000) 2026-01-21 14:19:05 Started transferring input files
	Transferring to host: <130.199.184.220:9618?addrs=130.199.184.220-9618&alias=spool1795.sdcc.bnl.gov&noUDP&sock=slot1_46_94169_c6cc_247813>
...
040 (15690120.977.000) 2026-01-21 14:19:05 Finished transferring input files
...
001 (15690120.977.000) 2026-01-21 14:19:06 Job executing on host: <130.199.184.220:9618?addrs=130.199.184.220-9618&alias=spool1795.sdcc.bnl.gov&noUDP&sock=startd_94161_de06>
...
006 (15690120.977.000) 2026-01-21 14:19:15 Image size of job updated: 423336
	77  -  MemoryUsage of job (MB)
	78140  -  ResidentSetSize of job (KB)
...
006 (15690120.977.000) 2026-01-21 14:24:16 Image size of job updated: 424320
	96  -  MemoryUsage of job (MB)
	98256  -  ResidentSetSize of job (KB)
...
006 (15690120.977.000) 2026-01-21 14:29:16 Image size of job updated: 424320
	96  -  MemoryUsage of job (MB)
	98300  -  ResidentSetSize of job (KB)
...
006 (15690120.977.000) 2026-01-21 14:34:17 Image size of job updated: 424320
	96  -  MemoryUsage of job (MB)
	98304  -  ResidentSetSize of job (KB)
...
040 (15690120.977.000) 2026-01-21 14:38:07 Started transferring output files
...
040 (15690120.977.000) 2026-01-21 14:38:07 Finished transferring output files
...
005 (15690120.977.000) 2026-01-21 14:38:07 Job terminated.
	(1) Normal termination (return value 0)
		Usr 0 00:18:43, Sys 0 00:00:13  -  Run Remote Usage
		Usr 0 00:00:00, Sys 0 00:00:00  -  Run Local Usage
		Usr 0 00:18:43, Sys 0 00:00:13  -  Total Remote Usage
		Usr 0 00:00:00, Sys 0 00:00:00  -  Total Local Usage
	205  -  Run Bytes Sent By Job
	148880  -  Run Bytes Received By Job
	205  -  Total Bytes Sent By Job
	148880  -  Total Bytes Received By Job
	Partitionable Resources :    Usage  Request Allocated 
	   Cpus                 :     1.00        1         1 
	   Disk (KB)            :   163     2097152   6681583 
	   Memory (MB)          :    96        4096      4096 
	   xferslots            :                           0 

	Job terminated of its own accord at 2026-01-21T19:38:06Z with exit-code 0.
...
