000 (15564188.1214.000) 2026-01-07 21:29:42 Job submitted from host: <130.199.48.129:9618?addrs=130.199.48.129-9618&alias=rcas6009.rcf.bnl.gov&noUDP&sock=schedd_22421_101d>
...
040 (15564188.1214.000) 2026-01-08 02:13:49 Started transferring input files
	Transferring to host: <130.199.186.13:9618?addrs=130.199.186.13-9618&alias=spool1810.sdcc.bnl.gov&noUDP&sock=slot1_74_94082_8823_191933>
...
040 (15564188.1214.000) 2026-01-08 02:13:49 Finished transferring input files
...
001 (15564188.1214.000) 2026-01-08 02:13:50 Job executing on host: <130.199.186.13:9618?addrs=130.199.186.13-9618&alias=spool1810.sdcc.bnl.gov&noUDP&sock=startd_94074_5538>
...
006 (15564188.1214.000) 2026-01-08 02:13:59 Image size of job updated: 403504
	84  -  MemoryUsage of job (MB)
	85308  -  ResidentSetSize of job (KB)
...
006 (15564188.1214.000) 2026-01-08 02:17:52 Image size of job updated: 448868
	84  -  MemoryUsage of job (MB)
	85308  -  ResidentSetSize of job (KB)
...
040 (15564188.1214.000) 2026-01-08 02:17:52 Started transferring output files
...
040 (15564188.1214.000) 2026-01-08 02:17:52 Finished transferring output files
...
005 (15564188.1214.000) 2026-01-08 02:17:52 Job terminated.
	(1) Normal termination (return value 0)
		Usr 0 00:03:37, Sys 0 00:00:04  -  Run Remote Usage
		Usr 0 00:00:00, Sys 0 00:00:00  -  Run Local Usage
		Usr 0 00:03:37, Sys 0 00:00:04  -  Total Remote Usage
		Usr 0 00:00:00, Sys 0 00:00:00  -  Total Local Usage
	163  -  Run Bytes Sent By Job
	144352  -  Run Bytes Received By Job
	163  -  Total Bytes Sent By Job
	144352  -  Total Bytes Received By Job
	Partitionable Resources :    Usage  Request Allocated 
	   Cpus                 :     0.93        1         1 
	   Disk (KB)            :   159     2097152   6681591 
	   Memory (MB)          :    84        4096      4096 
	   xferslots            :                           0 

	Job terminated of its own accord at 2026-01-08T07:17:52Z with exit-code 0.
...
