000 (16235385.579.000) 2026-01-23 10:57:28 Job submitted from host: <130.199.48.128:9618?addrs=130.199.48.128-9618&alias=rcas6008.rcf.bnl.gov&noUDP&sock=schedd_18725_535a>
...
040 (16235385.579.000) 2026-01-23 12:13:37 Started transferring input files
	Transferring to host: <130.199.184.202:9618?addrs=130.199.184.202-9618&alias=spool1777.sdcc.bnl.gov&noUDP&sock=slot1_57_95949_35ab_253234>
...
040 (16235385.579.000) 2026-01-23 12:13:37 Finished transferring input files
...
001 (16235385.579.000) 2026-01-23 12:13:38 Job executing on host: <130.199.184.202:9618?addrs=130.199.184.202-9618&alias=spool1777.sdcc.bnl.gov&noUDP&sock=startd_95940_e5f9>
...
006 (16235385.579.000) 2026-01-23 12:13:46 Image size of job updated: 342756
	40  -  MemoryUsage of job (MB)
	40720  -  ResidentSetSize of job (KB)
...
006 (16235385.579.000) 2026-01-23 12:18:46 Image size of job updated: 424520
	105  -  MemoryUsage of job (MB)
	106872  -  ResidentSetSize of job (KB)
...
006 (16235385.579.000) 2026-01-23 12:23:47 Image size of job updated: 424520
	105  -  MemoryUsage of job (MB)
	106884  -  ResidentSetSize of job (KB)
...
006 (16235385.579.000) 2026-01-23 12:28:48 Image size of job updated: 424520
	105  -  MemoryUsage of job (MB)
	106888  -  ResidentSetSize of job (KB)
...
006 (16235385.579.000) 2026-01-23 12:33:48 Image size of job updated: 424520
	105  -  MemoryUsage of job (MB)
	106892  -  ResidentSetSize of job (KB)
...
040 (16235385.579.000) 2026-01-23 12:34:26 Started transferring output files
...
040 (16235385.579.000) 2026-01-23 12:34:26 Finished transferring output files
...
005 (16235385.579.000) 2026-01-23 12:34:26 Job terminated.
	(1) Normal termination (return value 0)
		Usr 0 00:20:23, Sys 0 00:00:14  -  Run Remote Usage
		Usr 0 00:00:00, Sys 0 00:00:00  -  Run Local Usage
		Usr 0 00:20:23, Sys 0 00:00:14  -  Total Remote Usage
		Usr 0 00:00:00, Sys 0 00:00:00  -  Total Local Usage
	247  -  Run Bytes Sent By Job
	148880  -  Run Bytes Received By Job
	247  -  Total Bytes Sent By Job
	148880  -  Total Bytes Received By Job
	Partitionable Resources :    Usage  Request Allocated 
	   Cpus                 :     0.99        1         1 
	   Disk (KB)            :   164     2097152   6681572 
	   Memory (MB)          :   105        4096      4096 
	   xferslots            :                           0 

	Job terminated of its own accord at 2026-01-23T17:34:26Z with exit-code 0.
...
