000 (15560432.1157.000) 2026-01-07 17:58:18 Job submitted from host: <130.199.48.129:9618?addrs=130.199.48.129-9618&alias=rcas6009.rcf.bnl.gov&noUDP&sock=schedd_22421_101d>
...
040 (15560432.1157.000) 2026-01-07 21:01:44 Started transferring input files
	Transferring to host: <130.199.150.85:9618?addrs=130.199.150.85-9618&alias=spool1566.sdcc.bnl.gov&noUDP&sock=slot1_67_24995_8b0f_190937>
...
040 (15560432.1157.000) 2026-01-07 21:01:44 Finished transferring input files
...
001 (15560432.1157.000) 2026-01-07 21:01:45 Job executing on host: <130.199.150.85:9618?addrs=130.199.150.85-9618&alias=spool1566.sdcc.bnl.gov&noUDP&sock=startd_24986_da62>
...
006 (15560432.1157.000) 2026-01-07 21:01:54 Image size of job updated: 118172
	85  -  MemoryUsage of job (MB)
	87016  -  ResidentSetSize of job (KB)
...
006 (15560432.1157.000) 2026-01-07 21:05:32 Image size of job updated: 424784
	85  -  MemoryUsage of job (MB)
	87016  -  ResidentSetSize of job (KB)
...
040 (15560432.1157.000) 2026-01-07 21:05:32 Started transferring output files
...
040 (15560432.1157.000) 2026-01-07 21:05:32 Finished transferring output files
...
005 (15560432.1157.000) 2026-01-07 21:05:32 Job terminated.
	(1) Normal termination (return value 0)
		Usr 0 00:03:40, Sys 0 00:00:03  -  Run Remote Usage
		Usr 0 00:00:00, Sys 0 00:00:00  -  Run Local Usage
		Usr 0 00:03:40, Sys 0 00:00:03  -  Total Remote Usage
		Usr 0 00:00:00, Sys 0 00:00:00  -  Total Local Usage
	177  -  Run Bytes Sent By Job
	144352  -  Run Bytes Received By Job
	177  -  Total Bytes Sent By Job
	144352  -  Total Bytes Received By Job
	Partitionable Resources :    Usage  Request Allocated 
	   Cpus                 :                 1         1 
	   Disk (KB)            :      153  2097152   6681188 
	   Memory (MB)          :       85     4096      4096 
	   xferslots            :                           0 

	Job terminated of its own accord at 2026-01-08T02:05:32Z with exit-code 0.
...
