000 (16235385.882.000) 2026-01-23 10:57:29 Job submitted from host: <130.199.48.128:9618?addrs=130.199.48.128-9618&alias=rcas6008.rcf.bnl.gov&noUDP&sock=schedd_18725_535a>
...
040 (16235385.882.000) 2026-01-23 12:25:16 Started transferring input files
	Transferring to host: <130.199.151.30:9618?addrs=130.199.151.30-9618&alias=spool1608.sdcc.bnl.gov&noUDP&sock=slot1_80_96495_66a3_259898>
...
040 (16235385.882.000) 2026-01-23 12:25:16 Finished transferring input files
...
001 (16235385.882.000) 2026-01-23 12:25:17 Job executing on host: <130.199.151.30:9618?addrs=130.199.151.30-9618&alias=spool1608.sdcc.bnl.gov&noUDP&sock=startd_96487_0455>
...
006 (16235385.882.000) 2026-01-23 12:25:25 Image size of job updated: 419780
	71  -  MemoryUsage of job (MB)
	72144  -  ResidentSetSize of job (KB)
...
006 (16235385.882.000) 2026-01-23 12:30:25 Image size of job updated: 423616
	91  -  MemoryUsage of job (MB)
	92740  -  ResidentSetSize of job (KB)
...
006 (16235385.882.000) 2026-01-23 12:35:27 Image size of job updated: 424176
	92  -  MemoryUsage of job (MB)
	93924  -  ResidentSetSize of job (KB)
...
040 (16235385.882.000) 2026-01-23 12:36:06 Started transferring output files
...
040 (16235385.882.000) 2026-01-23 12:36:06 Finished transferring output files
...
005 (16235385.882.000) 2026-01-23 12:36:06 Job terminated.
	(1) Normal termination (return value 0)
		Usr 0 00:10:37, Sys 0 00:00:10  -  Run Remote Usage
		Usr 0 00:00:00, Sys 0 00:00:00  -  Run Local Usage
		Usr 0 00:10:37, Sys 0 00:00:10  -  Total Remote Usage
		Usr 0 00:00:00, Sys 0 00:00:00  -  Total Local Usage
	177  -  Run Bytes Sent By Job
	148880  -  Run Bytes Received By Job
	177  -  Total Bytes Sent By Job
	148880  -  Total Bytes Received By Job
	Partitionable Resources :    Usage  Request Allocated 
	   Cpus                 :     0.99        1         1 
	   Disk (KB)            :   164     2097152   6681194 
	   Memory (MB)          :    92        4096      4096 
	   xferslots            :                           0 

	Job terminated of its own accord at 2026-01-23T17:36:06Z with exit-code 0.
...
