000 (15684821.141.000) 2026-01-19 15:56:20 Job submitted from host: <130.199.48.129:9618?addrs=130.199.48.129-9618&alias=rcas6009.rcf.bnl.gov&noUDP&sock=schedd_22421_101d>
...
040 (15684821.141.000) 2026-01-19 16:05:04 Started transferring input files
	Transferring to host: <130.199.186.87:9618?addrs=130.199.186.87-9618&alias=spool1850.sdcc.bnl.gov&noUDP&sock=slot1_94_95972_31a3_233959>
...
040 (15684821.141.000) 2026-01-19 16:05:04 Finished transferring input files
...
001 (15684821.141.000) 2026-01-19 16:05:05 Job executing on host: <130.199.186.87:9618?addrs=130.199.186.87-9618&alias=spool1850.sdcc.bnl.gov&noUDP&sock=startd_95963_2d73>
...
006 (15684821.141.000) 2026-01-19 16:05:14 Image size of job updated: 339840
	67  -  MemoryUsage of job (MB)
	68564  -  ResidentSetSize of job (KB)
...
006 (15684821.141.000) 2026-01-19 16:07:21 Image size of job updated: 447820
	67  -  MemoryUsage of job (MB)
	68564  -  ResidentSetSize of job (KB)
...
040 (15684821.141.000) 2026-01-19 16:07:21 Started transferring output files
...
040 (15684821.141.000) 2026-01-19 16:07:21 Finished transferring output files
...
005 (15684821.141.000) 2026-01-19 16:07:22 Job terminated.
	(1) Normal termination (return value 0)
		Usr 0 00:02:06, Sys 0 00:00:01  -  Run Remote Usage
		Usr 0 00:00:00, Sys 0 00:00:00  -  Run Local Usage
		Usr 0 00:02:06, Sys 0 00:00:01  -  Total Remote Usage
		Usr 0 00:00:00, Sys 0 00:00:00  -  Total Local Usage
	83  -  Run Bytes Sent By Job
	148880  -  Run Bytes Received By Job
	83  -  Total Bytes Sent By Job
	148880  -  Total Bytes Received By Job
	Partitionable Resources :    Usage  Request Allocated 
	   Cpus                 :                 1         1 
	   Disk (KB)            :      157  2097152   6681609 
	   Memory (MB)          :       67     4096      4096 
	   xferslots            :                           0 

	Job terminated of its own accord at 2026-01-19T21:07:21Z with exit-code 0.
...
