000 (15564188.1035.000) 2026-01-07 21:29:41 Job submitted from host: <130.199.48.129:9618?addrs=130.199.48.129-9618&alias=rcas6009.rcf.bnl.gov&noUDP&sock=schedd_22421_101d>
...
040 (15564188.1035.000) 2026-01-08 02:05:43 Started transferring input files
	Transferring to host: <130.199.150.94:9618?addrs=130.199.150.94-9618&alias=spool1575.sdcc.bnl.gov&noUDP&sock=slot1_96_57332_a848_187843>
...
040 (15564188.1035.000) 2026-01-08 02:05:43 Finished transferring input files
...
001 (15564188.1035.000) 2026-01-08 02:05:44 Job executing on host: <130.199.150.94:9618?addrs=130.199.150.94-9618&alias=spool1575.sdcc.bnl.gov&noUDP&sock=startd_57323_1af7>
...
006 (15564188.1035.000) 2026-01-08 02:05:53 Image size of job updated: 447948
	91  -  MemoryUsage of job (MB)
	92404  -  ResidentSetSize of job (KB)
...
006 (15564188.1035.000) 2026-01-08 02:10:54 Image size of job updated: 447948
	109  -  MemoryUsage of job (MB)
	110968  -  ResidentSetSize of job (KB)
...
040 (15564188.1035.000) 2026-01-08 02:16:39 Started transferring output files
...
040 (15564188.1035.000) 2026-01-08 02:16:39 Finished transferring output files
...
005 (15564188.1035.000) 2026-01-08 02:16:39 Job terminated.
	(1) Normal termination (return value 0)
		Usr 0 00:10:01, Sys 0 00:00:09  -  Run Remote Usage
		Usr 0 00:00:00, Sys 0 00:00:00  -  Run Local Usage
		Usr 0 00:10:01, Sys 0 00:00:09  -  Total Remote Usage
		Usr 0 00:00:00, Sys 0 00:00:00  -  Total Local Usage
	219  -  Run Bytes Sent By Job
	144352  -  Run Bytes Received By Job
	219  -  Total Bytes Sent By Job
	144352  -  Total Bytes Received By Job
	Partitionable Resources :    Usage  Request Allocated 
	   Cpus                 :     0.96        1         1 
	   Disk (KB)            :   159     2097152   6681173 
	   Memory (MB)          :   109        4096      4096 
	   xferslots            :                           0 

	Job terminated of its own accord at 2026-01-08T07:16:38Z with exit-code 0.
...
