000 (15690120.1007.000) 2026-01-20 07:35:57 Job submitted from host: <130.199.48.129:9618?addrs=130.199.48.129-9618&alias=rcas6009.rcf.bnl.gov&noUDP&sock=schedd_22421_101d>
...
040 (15690120.1007.000) 2026-01-21 14:40:34 Started transferring input files
	Transferring to host: <130.199.184.220:9618?addrs=130.199.184.220-9618&alias=spool1795.sdcc.bnl.gov&noUDP&sock=slot1_7_94169_c6cc_247862>
...
040 (15690120.1007.000) 2026-01-21 14:40:34 Finished transferring input files
...
001 (15690120.1007.000) 2026-01-21 14:40:35 Job executing on host: <130.199.184.220:9618?addrs=130.199.184.220-9618&alias=spool1795.sdcc.bnl.gov&noUDP&sock=startd_94161_de06>
...
006 (15690120.1007.000) 2026-01-21 14:40:44 Image size of job updated: 109872
	77  -  MemoryUsage of job (MB)
	78564  -  ResidentSetSize of job (KB)
...
006 (15690120.1007.000) 2026-01-21 14:45:45 Image size of job updated: 449608
	87  -  MemoryUsage of job (MB)
	88312  -  ResidentSetSize of job (KB)
...
040 (15690120.1007.000) 2026-01-21 14:46:27 Started transferring output files
...
040 (15690120.1007.000) 2026-01-21 14:46:27 Finished transferring output files
...
005 (15690120.1007.000) 2026-01-21 14:46:27 Job terminated.
	(1) Normal termination (return value 0)
		Usr 0 00:05:45, Sys 0 00:00:04  -  Run Remote Usage
		Usr 0 00:00:00, Sys 0 00:00:00  -  Run Local Usage
		Usr 0 00:05:45, Sys 0 00:00:04  -  Total Remote Usage
		Usr 0 00:00:00, Sys 0 00:00:00  -  Total Local Usage
	122  -  Run Bytes Sent By Job
	148880  -  Run Bytes Received By Job
	122  -  Total Bytes Sent By Job
	148880  -  Total Bytes Received By Job
	Partitionable Resources :    Usage  Request Allocated 
	   Cpus                 :     0.99        1         1 
	   Disk (KB)            :   164     2097152   6681583 
	   Memory (MB)          :    87        4096      4096 
	   xferslots            :                           0 

	Job terminated of its own accord at 2026-01-21T19:46:27Z with exit-code 0.
...
