000 (15554417.334.000) 2026-01-07 12:44:33 Job submitted from host: <130.199.48.129:9618?addrs=130.199.48.129-9618&alias=rcas6009.rcf.bnl.gov&noUDP&sock=schedd_22421_101d>
...
040 (15554417.334.000) 2026-01-07 13:31:12 Started transferring input files
	Transferring to host: <130.199.150.79:9618?addrs=130.199.150.79-9618&alias=spool1560.sdcc.bnl.gov&noUDP&sock=slot1_75_96765_c7fe_188004>
...
040 (15554417.334.000) 2026-01-07 13:31:12 Finished transferring input files
...
001 (15554417.334.000) 2026-01-07 13:31:13 Job executing on host: <130.199.150.79:9618?addrs=130.199.150.79-9618&alias=spool1560.sdcc.bnl.gov&noUDP&sock=startd_96756_26eb>
...
006 (15554417.334.000) 2026-01-07 13:31:22 Image size of job updated: 421196
	83  -  MemoryUsage of job (MB)
	84252  -  ResidentSetSize of job (KB)
...
006 (15554417.334.000) 2026-01-07 13:36:22 Image size of job updated: 424640
	109  -  MemoryUsage of job (MB)
	111348  -  ResidentSetSize of job (KB)
...
006 (15554417.334.000) 2026-01-07 13:41:22 Image size of job updated: 424640
	109  -  MemoryUsage of job (MB)
	111352  -  ResidentSetSize of job (KB)
...
040 (15554417.334.000) 2026-01-07 13:41:58 Started transferring output files
...
040 (15554417.334.000) 2026-01-07 13:41:58 Finished transferring output files
...
005 (15554417.334.000) 2026-01-07 13:41:58 Job terminated.
	(1) Normal termination (return value 0)
		Usr 0 00:10:36, Sys 0 00:00:06  -  Run Remote Usage
		Usr 0 00:00:00, Sys 0 00:00:00  -  Run Local Usage
		Usr 0 00:10:36, Sys 0 00:00:06  -  Total Remote Usage
		Usr 0 00:00:00, Sys 0 00:00:00  -  Total Local Usage
	275  -  Run Bytes Sent By Job
	144352  -  Run Bytes Received By Job
	275  -  Total Bytes Sent By Job
	144352  -  Total Bytes Received By Job
	Partitionable Resources :    Usage  Request Allocated 
	   Cpus                 :     1.00        1         1 
	   Disk (KB)            :   159     2097152   6681201 
	   Memory (MB)          :   109        4096      4096 
	   xferslots            :                           0 

	Job terminated of its own accord at 2026-01-07T18:41:58Z with exit-code 0.
...
