000 (16235385.895.000) 2026-01-23 10:57:30 Job submitted from host: <130.199.48.128:9618?addrs=130.199.48.128-9618&alias=rcas6008.rcf.bnl.gov&noUDP&sock=schedd_18725_535a>
...
040 (16235385.895.000) 2026-01-23 12:25:29 Started transferring input files
	Transferring to host: <130.199.186.68:9618?addrs=130.199.186.68-9618&alias=spool1831.sdcc.bnl.gov&noUDP&sock=slot1_78_95675_e025_260178>
...
040 (16235385.895.000) 2026-01-23 12:25:29 Finished transferring input files
...
001 (16235385.895.000) 2026-01-23 12:25:30 Job executing on host: <130.199.186.68:9618?addrs=130.199.186.68-9618&alias=spool1831.sdcc.bnl.gov&noUDP&sock=startd_95666_2e48>
...
006 (16235385.895.000) 2026-01-23 12:25:38 Image size of job updated: 98428
	66  -  MemoryUsage of job (MB)
	67308  -  ResidentSetSize of job (KB)
...
006 (16235385.895.000) 2026-01-23 12:30:38 Image size of job updated: 447892
	87  -  MemoryUsage of job (MB)
	88200  -  ResidentSetSize of job (KB)
...
040 (16235385.895.000) 2026-01-23 12:31:17 Started transferring output files
...
040 (16235385.895.000) 2026-01-23 12:31:17 Finished transferring output files
...
005 (16235385.895.000) 2026-01-23 12:31:17 Job terminated.
	(1) Normal termination (return value 0)
		Usr 0 00:05:41, Sys 0 00:00:04  -  Run Remote Usage
		Usr 0 00:00:00, Sys 0 00:00:00  -  Run Local Usage
		Usr 0 00:05:41, Sys 0 00:00:04  -  Total Remote Usage
		Usr 0 00:00:00, Sys 0 00:00:00  -  Total Local Usage
	135  -  Run Bytes Sent By Job
	148880  -  Run Bytes Received By Job
	135  -  Total Bytes Sent By Job
	148880  -  Total Bytes Received By Job
	Partitionable Resources :    Usage  Request Allocated 
	   Cpus                 :     1.00        1         1 
	   Disk (KB)            :   164     2097152   6681565 
	   Memory (MB)          :    87        4096      4096 
	   xferslots            :                           0 

	Job terminated of its own accord at 2026-01-23T17:31:17Z with exit-code 0.
...
