000 (16235385.994.000) 2026-01-23 10:57:30 Job submitted from host: <130.199.48.128:9618?addrs=130.199.48.128-9618&alias=rcas6008.rcf.bnl.gov&noUDP&sock=schedd_18725_535a>
...
040 (16235385.994.000) 2026-01-23 12:27:41 Started transferring input files
	Transferring to host: <130.199.184.204:9618?addrs=130.199.184.204-9618&alias=spool1779.sdcc.bnl.gov&noUDP&sock=slot1_94_94050_e6ca_263717>
...
040 (16235385.994.000) 2026-01-23 12:27:41 Finished transferring input files
...
001 (16235385.994.000) 2026-01-23 12:27:42 Job executing on host: <130.199.184.204:9618?addrs=130.199.184.204-9618&alias=spool1779.sdcc.bnl.gov&noUDP&sock=startd_94041_e388>
...
006 (16235385.994.000) 2026-01-23 12:27:51 Image size of job updated: 420072
	77  -  MemoryUsage of job (MB)
	78044  -  ResidentSetSize of job (KB)
...
006 (16235385.994.000) 2026-01-23 12:32:52 Image size of job updated: 424300
	100  -  MemoryUsage of job (MB)
	102300  -  ResidentSetSize of job (KB)
...
006 (16235385.994.000) 2026-01-23 12:37:53 Image size of job updated: 424300
	100  -  MemoryUsage of job (MB)
	102312  -  ResidentSetSize of job (KB)
...
006 (16235385.994.000) 2026-01-23 12:42:53 Image size of job updated: 424300
	100  -  MemoryUsage of job (MB)
	102316  -  ResidentSetSize of job (KB)
...
040 (16235385.994.000) 2026-01-23 12:43:47 Started transferring output files
...
040 (16235385.994.000) 2026-01-23 12:43:47 Finished transferring output files
...
005 (16235385.994.000) 2026-01-23 12:43:47 Job terminated.
	(1) Normal termination (return value 0)
		Usr 0 00:15:52, Sys 0 00:00:11  -  Run Remote Usage
		Usr 0 00:00:00, Sys 0 00:00:00  -  Run Local Usage
		Usr 0 00:15:52, Sys 0 00:00:11  -  Total Remote Usage
		Usr 0 00:00:00, Sys 0 00:00:00  -  Total Local Usage
	219  -  Run Bytes Sent By Job
	148880  -  Run Bytes Received By Job
	219  -  Total Bytes Sent By Job
	148880  -  Total Bytes Received By Job
	Partitionable Resources :    Usage  Request Allocated 
	   Cpus                 :     1.00        1         1 
	   Disk (KB)            :   164     2097152   6681567 
	   Memory (MB)          :   100        4096      4096 
	   xferslots            :                           0 

	Job terminated of its own accord at 2026-01-23T17:43:47Z with exit-code 0.
...
