000 (15554417.578.000) 2026-01-07 12:44:34 Job submitted from host: <130.199.48.129:9618?addrs=130.199.48.129-9618&alias=rcas6009.rcf.bnl.gov&noUDP&sock=schedd_22421_101d>
...
040 (15554417.578.000) 2026-01-07 13:52:00 Started transferring input files
	Transferring to host: <130.199.186.76:9618?addrs=130.199.186.76-9618&alias=spool1839.sdcc.bnl.gov&noUDP&sock=slot1_58_95854_0eac_185189>
...
040 (15554417.578.000) 2026-01-07 13:52:00 Finished transferring input files
...
001 (15554417.578.000) 2026-01-07 13:52:01 Job executing on host: <130.199.186.76:9618?addrs=130.199.186.76-9618&alias=spool1839.sdcc.bnl.gov&noUDP&sock=startd_95845_d4ff>
...
006 (15554417.578.000) 2026-01-07 13:52:10 Image size of job updated: 135200
	102  -  MemoryUsage of job (MB)
	103764  -  ResidentSetSize of job (KB)
...
006 (15554417.578.000) 2026-01-07 13:57:11 Image size of job updated: 424804
	103  -  MemoryUsage of job (MB)
	104644  -  ResidentSetSize of job (KB)
...
040 (15554417.578.000) 2026-01-07 14:03:06 Started transferring output files
...
040 (15554417.578.000) 2026-01-07 14:03:06 Finished transferring output files
...
005 (15554417.578.000) 2026-01-07 14:03:06 Job terminated.
	(1) Normal termination (return value 0)
		Usr 0 00:10:54, Sys 0 00:00:09  -  Run Remote Usage
		Usr 0 00:00:00, Sys 0 00:00:00  -  Run Local Usage
		Usr 0 00:10:54, Sys 0 00:00:09  -  Total Remote Usage
		Usr 0 00:00:00, Sys 0 00:00:00  -  Total Local Usage
	247  -  Run Bytes Sent By Job
	144352  -  Run Bytes Received By Job
	247  -  Total Bytes Sent By Job
	144352  -  Total Bytes Received By Job
	Partitionable Resources :    Usage  Request Allocated 
	   Cpus                 :     0.99        1         1 
	   Disk (KB)            :   159     2097152   6681563 
	   Memory (MB)          :   103        4096      4096 
	   xferslots            :                           0 

	Job terminated of its own accord at 2026-01-07T19:03:06Z with exit-code 0.
...
