000 (15684821.407.000) 2026-01-19 15:56:21 Job submitted from host: <130.199.48.129:9618?addrs=130.199.48.129-9618&alias=rcas6009.rcf.bnl.gov&noUDP&sock=schedd_22421_101d>
...
040 (15684821.407.000) 2026-01-19 16:19:10 Started transferring input files
	Transferring to host: <130.199.151.17:9618?addrs=130.199.151.17-9618&alias=spool1595.sdcc.bnl.gov&noUDP&sock=slot1_6_56003_4361_245448>
...
040 (15684821.407.000) 2026-01-19 16:19:10 Finished transferring input files
...
001 (15684821.407.000) 2026-01-19 16:19:11 Job executing on host: <130.199.151.17:9618?addrs=130.199.151.17-9618&alias=spool1595.sdcc.bnl.gov&noUDP&sock=startd_55988_983d>
...
006 (15684821.407.000) 2026-01-19 16:19:20 Image size of job updated: 421564
	80  -  MemoryUsage of job (MB)
	81864  -  ResidentSetSize of job (KB)
...
006 (15684821.407.000) 2026-01-19 16:24:20 Image size of job updated: 450468
	124  -  MemoryUsage of job (MB)
	126104  -  ResidentSetSize of job (KB)
...
040 (15684821.407.000) 2026-01-19 16:46:18 Started transferring output files
...
040 (15684821.407.000) 2026-01-19 16:46:18 Finished transferring output files
...
005 (15684821.407.000) 2026-01-19 16:46:18 Job terminated.
	(1) Normal termination (return value 0)
		Usr 0 00:25:23, Sys 0 00:00:16  -  Run Remote Usage
		Usr 0 00:00:00, Sys 0 00:00:00  -  Run Local Usage
		Usr 0 00:25:23, Sys 0 00:00:16  -  Total Remote Usage
		Usr 0 00:00:00, Sys 0 00:00:00  -  Total Local Usage
	261  -  Run Bytes Sent By Job
	148880  -  Run Bytes Received By Job
	261  -  Total Bytes Sent By Job
	148880  -  Total Bytes Received By Job
	Partitionable Resources :    Usage  Request Allocated 
	   Cpus                 :     0.98        1         1 
	   Disk (KB)            :   164     2097152   6681209 
	   Memory (MB)          :   124        4096      4096 
	   xferslots            :                           0 

	Job terminated of its own accord at 2026-01-19T21:46:18Z with exit-code 0.
...
