000 (15697407.589.000) 2026-01-21 18:36:42 Job submitted from host: <130.199.48.129:9618?addrs=130.199.48.129-9618&alias=rcas6009.rcf.bnl.gov&noUDP&sock=schedd_22421_101d>
...
040 (15697407.589.000) 2026-01-22 12:32:55 Started transferring input files
	Transferring to host: <130.199.186.29:9618?addrs=130.199.186.29-9618&alias=spool1826.sdcc.bnl.gov&noUDP&sock=slot1_49_22308_5708_284134>
...
040 (15697407.589.000) 2026-01-22 12:32:55 Finished transferring input files
...
001 (15697407.589.000) 2026-01-22 12:32:57 Job executing on host: <130.199.186.29:9618?addrs=130.199.186.29-9618&alias=spool1826.sdcc.bnl.gov&noUDP&sock=startd_22299_7394>
...
006 (15697407.589.000) 2026-01-22 12:33:05 Image size of job updated: 393988
	79  -  MemoryUsage of job (MB)
	80624  -  ResidentSetSize of job (KB)
...
006 (15697407.589.000) 2026-01-22 12:38:05 Image size of job updated: 450872
	120  -  MemoryUsage of job (MB)
	122660  -  ResidentSetSize of job (KB)
...
006 (15697407.589.000) 2026-01-22 12:43:06 Image size of job updated: 450872
	120  -  MemoryUsage of job (MB)
	122664  -  ResidentSetSize of job (KB)
...
040 (15697407.589.000) 2026-01-22 12:57:31 Started transferring output files
...
040 (15697407.589.000) 2026-01-22 12:57:32 Finished transferring output files
...
005 (15697407.589.000) 2026-01-22 12:57:32 Job terminated.
	(1) Normal termination (return value 0)
		Usr 0 00:23:07, Sys 0 00:00:16  -  Run Remote Usage
		Usr 0 00:00:00, Sys 0 00:00:00  -  Run Local Usage
		Usr 0 00:23:07, Sys 0 00:00:16  -  Total Remote Usage
		Usr 0 00:00:00, Sys 0 00:00:00  -  Total Local Usage
	247  -  Run Bytes Sent By Job
	148880  -  Run Bytes Received By Job
	247  -  Total Bytes Sent By Job
	148880  -  Total Bytes Received By Job
	Partitionable Resources :    Usage  Request Allocated 
	   Cpus                 :     0.98        1         1 
	   Disk (KB)            :   163     2097152   6681568 
	   Memory (MB)          :   120        4096      4096 
	   xferslots            :                           0 

	Job terminated of its own accord at 2026-01-22T17:57:31Z with exit-code 0.
...
