000 (15554417.833.000) 2026-01-07 12:44:34 Job submitted from host: <130.199.48.129:9618?addrs=130.199.48.129-9618&alias=rcas6009.rcf.bnl.gov&noUDP&sock=schedd_22421_101d>
...
040 (15554417.833.000) 2026-01-07 14:03:59 Started transferring input files
	Transferring to host: <130.199.150.74:9618?addrs=130.199.150.74-9618&alias=spool1555.sdcc.bnl.gov&noUDP&sock=slot1_83_23207_33d9_179859>
...
040 (15554417.833.000) 2026-01-07 14:03:59 Finished transferring input files
...
001 (15554417.833.000) 2026-01-07 14:04:00 Job executing on host: <130.199.150.74:9618?addrs=130.199.150.74-9618&alias=spool1555.sdcc.bnl.gov&noUDP&sock=startd_23198_f940>
...
006 (15554417.833.000) 2026-01-07 14:04:09 Image size of job updated: 107816
	75  -  MemoryUsage of job (MB)
	76496  -  ResidentSetSize of job (KB)
...
006 (15554417.833.000) 2026-01-07 14:05:39 Image size of job updated: 424296
	75  -  MemoryUsage of job (MB)
	76496  -  ResidentSetSize of job (KB)
...
040 (15554417.833.000) 2026-01-07 14:05:40 Started transferring output files
...
040 (15554417.833.000) 2026-01-07 14:05:40 Finished transferring output files
...
005 (15554417.833.000) 2026-01-07 14:05:40 Job terminated.
	(1) Normal termination (return value 0)
		Usr 0 00:01:36, Sys 0 00:00:01  -  Run Remote Usage
		Usr 0 00:00:00, Sys 0 00:00:00  -  Run Local Usage
		Usr 0 00:01:36, Sys 0 00:00:01  -  Total Remote Usage
		Usr 0 00:00:00, Sys 0 00:00:00  -  Total Local Usage
	96  -  Run Bytes Sent By Job
	144352  -  Run Bytes Received By Job
	96  -  Total Bytes Sent By Job
	144352  -  Total Bytes Received By Job
	Partitionable Resources :    Usage  Request Allocated 
	   Cpus                 :                 1         1 
	   Disk (KB)            :      153  2097152   6681187 
	   Memory (MB)          :       75     4096      4096 
	   xferslots            :                           0 

	Job terminated of its own accord at 2026-01-07T19:05:39Z with exit-code 0.
...
