000 (15684821.060.000) 2026-01-19 15:56:20 Job submitted from host: <130.199.48.129:9618?addrs=130.199.48.129-9618&alias=rcas6009.rcf.bnl.gov&noUDP&sock=schedd_22421_101d>
...
040 (15684821.060.000) 2026-01-19 15:59:43 Started transferring input files
	Transferring to host: <130.199.184.155:9618?addrs=130.199.184.155-9618&alias=spool1764.sdcc.bnl.gov&noUDP&sock=slot1_33_4372_9493_238850>
...
040 (15684821.060.000) 2026-01-19 15:59:43 Finished transferring input files
...
001 (15684821.060.000) 2026-01-19 15:59:44 Job executing on host: <130.199.184.155:9618?addrs=130.199.184.155-9618&alias=spool1764.sdcc.bnl.gov&noUDP&sock=startd_4355_66ea>
...
006 (15684821.060.000) 2026-01-19 15:59:53 Image size of job updated: 104484
	71  -  MemoryUsage of job (MB)
	72084  -  ResidentSetSize of job (KB)
...
006 (15684821.060.000) 2026-01-19 16:04:53 Image size of job updated: 448852
	105  -  MemoryUsage of job (MB)
	107092  -  ResidentSetSize of job (KB)
...
006 (15684821.060.000) 2026-01-19 16:09:53 Image size of job updated: 448852
	105  -  MemoryUsage of job (MB)
	107128  -  ResidentSetSize of job (KB)
...
006 (15684821.060.000) 2026-01-19 16:14:54 Image size of job updated: 448852
	105  -  MemoryUsage of job (MB)
	107132  -  ResidentSetSize of job (KB)
...
040 (15684821.060.000) 2026-01-19 16:16:00 Started transferring output files
...
040 (15684821.060.000) 2026-01-19 16:16:00 Finished transferring output files
...
005 (15684821.060.000) 2026-01-19 16:16:00 Job terminated.
	(1) Normal termination (return value 0)
		Usr 0 00:15:07, Sys 0 00:00:12  -  Run Remote Usage
		Usr 0 00:00:00, Sys 0 00:00:00  -  Run Local Usage
		Usr 0 00:15:07, Sys 0 00:00:12  -  Total Remote Usage
		Usr 0 00:00:00, Sys 0 00:00:00  -  Total Local Usage
	205  -  Run Bytes Sent By Job
	148880  -  Run Bytes Received By Job
	205  -  Total Bytes Sent By Job
	148880  -  Total Bytes Received By Job
	Partitionable Resources :    Usage  Request Allocated 
	   Cpus                 :     0.91        1         1 
	   Disk (KB)            :   163     2097152   6681581 
	   Memory (MB)          :   105        4096      4096 
	   xferslots            :                           0 

	Job terminated of its own accord at 2026-01-19T21:16:00Z with exit-code 0.
...
