000 (15560432.535.000) 2026-01-07 17:58:16 Job submitted from host: <130.199.48.129:9618?addrs=130.199.48.129-9618&alias=rcas6009.rcf.bnl.gov&noUDP&sock=schedd_22421_101d>
...
040 (15560432.535.000) 2026-01-07 20:47:52 Started transferring input files
	Transferring to host: <130.199.186.93:9618?addrs=130.199.186.93-9618&alias=spool1856.sdcc.bnl.gov&noUDP&sock=slot1_20_94268_e1f6_181576>
...
040 (15560432.535.000) 2026-01-07 20:47:53 Finished transferring input files
...
001 (15560432.535.000) 2026-01-07 20:47:54 Job executing on host: <130.199.186.93:9618?addrs=130.199.186.93-9618&alias=spool1856.sdcc.bnl.gov&noUDP&sock=startd_94259_e20f>
...
006 (15560432.535.000) 2026-01-07 20:48:03 Image size of job updated: 421116
	80  -  MemoryUsage of job (MB)
	81844  -  ResidentSetSize of job (KB)
...
006 (15560432.535.000) 2026-01-07 20:53:04 Image size of job updated: 424488
	105  -  MemoryUsage of job (MB)
	106576  -  ResidentSetSize of job (KB)
...
006 (15560432.535.000) 2026-01-07 20:58:05 Image size of job updated: 424488
	105  -  MemoryUsage of job (MB)
	106612  -  ResidentSetSize of job (KB)
...
006 (15560432.535.000) 2026-01-07 20:59:53 Image size of job updated: 424644
	105  -  MemoryUsage of job (MB)
	106612  -  ResidentSetSize of job (KB)
...
040 (15560432.535.000) 2026-01-07 20:59:54 Started transferring output files
...
040 (15560432.535.000) 2026-01-07 20:59:54 Finished transferring output files
...
005 (15560432.535.000) 2026-01-07 20:59:54 Job terminated.
	(1) Normal termination (return value 0)
		Usr 0 00:11:45, Sys 0 00:00:11  -  Run Remote Usage
		Usr 0 00:00:00, Sys 0 00:00:00  -  Run Local Usage
		Usr 0 00:11:45, Sys 0 00:00:11  -  Total Remote Usage
		Usr 0 00:00:00, Sys 0 00:00:00  -  Total Local Usage
	261  -  Run Bytes Sent By Job
	144352  -  Run Bytes Received By Job
	261  -  Total Bytes Sent By Job
	144352  -  Total Bytes Received By Job
	Partitionable Resources :    Usage  Request Allocated 
	   Cpus                 :     0.99        1         1 
	   Disk (KB)            :   159     2097152   6681548 
	   Memory (MB)          :   105        4096      4096 
	   xferslots            :                           0 

	Job terminated of its own accord at 2026-01-08T01:59:53Z with exit-code 0.
...
