000 (15684821.083.000) 2026-01-19 15:56:20 Job submitted from host: <130.199.48.129:9618?addrs=130.199.48.129-9618&alias=rcas6009.rcf.bnl.gov&noUDP&sock=schedd_22421_101d>
...
040 (15684821.083.000) 2026-01-19 16:02:38 Started transferring input files
	Transferring to host: <130.199.151.4:9618?addrs=130.199.151.4-9618&alias=spool1582.sdcc.bnl.gov&noUDP&sock=slot1_34_96763_4de9_239459>
...
040 (15684821.083.000) 2026-01-19 16:02:38 Finished transferring input files
...
001 (15684821.083.000) 2026-01-19 16:02:39 Job executing on host: <130.199.151.4:9618?addrs=130.199.151.4-9618&alias=spool1582.sdcc.bnl.gov&noUDP&sock=startd_96754_84e0>
...
006 (15684821.083.000) 2026-01-19 16:02:48 Image size of job updated: 100760
	68  -  MemoryUsage of job (MB)
	69420  -  ResidentSetSize of job (KB)
...
006 (15684821.083.000) 2026-01-19 16:07:20 Image size of job updated: 424180
	68  -  MemoryUsage of job (MB)
	69420  -  ResidentSetSize of job (KB)
...
040 (15684821.083.000) 2026-01-19 16:07:21 Started transferring output files
...
040 (15684821.083.000) 2026-01-19 16:07:21 Finished transferring output files
...
005 (15684821.083.000) 2026-01-19 16:07:21 Job terminated.
	(1) Normal termination (return value 0)
		Usr 0 00:04:21, Sys 0 00:00:04  -  Run Remote Usage
		Usr 0 00:00:00, Sys 0 00:00:00  -  Run Local Usage
		Usr 0 00:04:21, Sys 0 00:00:04  -  Total Remote Usage
		Usr 0 00:00:00, Sys 0 00:00:00  -  Total Local Usage
	109  -  Run Bytes Sent By Job
	148880  -  Run Bytes Received By Job
	109  -  Total Bytes Sent By Job
	148880  -  Total Bytes Received By Job
	Partitionable Resources :    Usage  Request Allocated 
	   Cpus                 :     0.99        1         1 
	   Disk (KB)            :   163     2097152   6681188 
	   Memory (MB)          :    68        4096      4096 
	   xferslots            :                           0 

	Job terminated of its own accord at 2026-01-19T21:07:20Z with exit-code 0.
...
