000 (15690120.176.000) 2026-01-20 07:35:55 Job submitted from host: <130.199.48.129:9618?addrs=130.199.48.129-9618&alias=rcas6009.rcf.bnl.gov&noUDP&sock=schedd_22421_101d>
...
040 (15690120.176.000) 2026-01-20 23:28:50 Started transferring input files
	Transferring to host: <130.199.151.21:9618?addrs=130.199.151.21-9618&alias=spool1599.sdcc.bnl.gov&noUDP&sock=slot1_91_96838_b010_241677>
...
040 (15690120.176.000) 2026-01-20 23:28:50 Finished transferring input files
...
001 (15690120.176.000) 2026-01-20 23:28:51 Job executing on host: <130.199.151.21:9618?addrs=130.199.151.21-9618&alias=spool1599.sdcc.bnl.gov&noUDP&sock=startd_96829_416f>
...
006 (15690120.176.000) 2026-01-20 23:29:00 Image size of job updated: 421000
	81  -  MemoryUsage of job (MB)
	82668  -  ResidentSetSize of job (KB)
...
006 (15690120.176.000) 2026-01-20 23:34:00 Image size of job updated: 448052
	129  -  MemoryUsage of job (MB)
	131120  -  ResidentSetSize of job (KB)
...
006 (15690120.176.000) 2026-01-20 23:39:00 Image size of job updated: 448052
	129  -  MemoryUsage of job (MB)
	131124  -  ResidentSetSize of job (KB)
...
040 (15690120.176.000) 2026-01-21 00:03:48 Started transferring output files
...
040 (15690120.176.000) 2026-01-21 00:03:48 Finished transferring output files
...
005 (15690120.176.000) 2026-01-21 00:03:48 Job terminated.
	(1) Normal termination (return value 0)
		Usr 0 00:34:02, Sys 0 00:00:25  -  Run Remote Usage
		Usr 0 00:00:00, Sys 0 00:00:00  -  Run Local Usage
		Usr 0 00:34:02, Sys 0 00:00:25  -  Total Remote Usage
		Usr 0 00:00:00, Sys 0 00:00:00  -  Total Local Usage
	289  -  Run Bytes Sent By Job
	148880  -  Run Bytes Received By Job
	289  -  Total Bytes Sent By Job
	148880  -  Total Bytes Received By Job
	Partitionable Resources :    Usage  Request Allocated 
	   Cpus                 :     0.98        1         1 
	   Disk (KB)            :   164     2097152   6681145 
	   Memory (MB)          :   129        4096      4096 
	   xferslots            :                           0 

	Job terminated of its own accord at 2026-01-21T05:03:48Z with exit-code 0.
...
