000 (15560432.1081.000) 2026-01-07 17:58:17 Job submitted from host: <130.199.48.129:9618?addrs=130.199.48.129-9618&alias=rcas6009.rcf.bnl.gov&noUDP&sock=schedd_22421_101d>
...
040 (15560432.1081.000) 2026-01-07 21:00:43 Started transferring input files
	Transferring to host: <130.199.151.20:9618?addrs=130.199.151.20-9618&alias=spool1598.sdcc.bnl.gov&noUDP&sock=slot1_33_29322_cc12_192253>
...
040 (15560432.1081.000) 2026-01-07 21:00:43 Finished transferring input files
...
001 (15560432.1081.000) 2026-01-07 21:00:44 Job executing on host: <130.199.151.20:9618?addrs=130.199.151.20-9618&alias=spool1598.sdcc.bnl.gov&noUDP&sock=startd_29313_4b3f>
...
006 (15560432.1081.000) 2026-01-07 21:00:53 Image size of job updated: 423800
	78  -  MemoryUsage of job (MB)
	79248  -  ResidentSetSize of job (KB)
...
006 (15560432.1081.000) 2026-01-07 21:02:19 Image size of job updated: 424472
	78  -  MemoryUsage of job (MB)
	79248  -  ResidentSetSize of job (KB)
...
040 (15560432.1081.000) 2026-01-07 21:02:19 Started transferring output files
...
040 (15560432.1081.000) 2026-01-07 21:02:19 Finished transferring output files
...
005 (15560432.1081.000) 2026-01-07 21:02:19 Job terminated.
	(1) Normal termination (return value 0)
		Usr 0 00:01:32, Sys 0 00:00:01  -  Run Remote Usage
		Usr 0 00:00:00, Sys 0 00:00:00  -  Run Local Usage
		Usr 0 00:01:32, Sys 0 00:00:01  -  Total Remote Usage
		Usr 0 00:00:00, Sys 0 00:00:00  -  Total Local Usage
	122  -  Run Bytes Sent By Job
	144352  -  Run Bytes Received By Job
	122  -  Total Bytes Sent By Job
	144352  -  Total Bytes Received By Job
	Partitionable Resources :    Usage  Request Allocated 
	   Cpus                 :     0.99        1         1 
	   Disk (KB)            :   159     2097152   6681198 
	   Memory (MB)          :    78        4096      4096 
	   xferslots            :                           0 

	Job terminated of its own accord at 2026-01-08T02:02:19Z with exit-code 0.
...
