000 (15690120.1191.000) 2026-01-20 07:35:57 Job submitted from host: <130.199.48.129:9618?addrs=130.199.48.129-9618&alias=rcas6009.rcf.bnl.gov&noUDP&sock=schedd_22421_101d>
...
040 (15690120.1191.000) 2026-01-21 17:18:13 Started transferring input files
	Transferring to host: <130.199.150.77:9618?addrs=130.199.150.77-9618&alias=spool1558.sdcc.bnl.gov&noUDP&sock=slot1_17_49269_921f_242196>
...
040 (15690120.1191.000) 2026-01-21 17:18:13 Finished transferring input files
...
001 (15690120.1191.000) 2026-01-21 17:18:14 Job executing on host: <130.199.150.77:9618?addrs=130.199.150.77-9618&alias=spool1558.sdcc.bnl.gov&noUDP&sock=startd_49259_f37d>
...
006 (15690120.1191.000) 2026-01-21 17:18:22 Image size of job updated: 423076
	78  -  MemoryUsage of job (MB)
	79200  -  ResidentSetSize of job (KB)
...
006 (15690120.1191.000) 2026-01-21 17:21:23 Image size of job updated: 424184
	78  -  MemoryUsage of job (MB)
	79200  -  ResidentSetSize of job (KB)
...
040 (15690120.1191.000) 2026-01-21 17:21:23 Started transferring output files
...
040 (15690120.1191.000) 2026-01-21 17:21:23 Finished transferring output files
...
005 (15690120.1191.000) 2026-01-21 17:21:23 Job terminated.
	(1) Normal termination (return value 0)
		Usr 0 00:03:05, Sys 0 00:00:02  -  Run Remote Usage
		Usr 0 00:00:00, Sys 0 00:00:00  -  Run Local Usage
		Usr 0 00:03:05, Sys 0 00:00:02  -  Total Remote Usage
		Usr 0 00:00:00, Sys 0 00:00:00  -  Total Local Usage
	122  -  Run Bytes Sent By Job
	148880  -  Run Bytes Received By Job
	122  -  Total Bytes Sent By Job
	148880  -  Total Bytes Received By Job
	Partitionable Resources :    Usage  Request Allocated 
	   Cpus                 :                 1         1 
	   Disk (KB)            :      157  2097152   6681195 
	   Memory (MB)          :       78     4096      4096 
	   xferslots            :                           0 

	Job terminated of its own accord at 2026-01-21T22:21:23Z with exit-code 0.
...
