000 (15564188.745.000) 2026-01-07 21:29:41 Job submitted from host: <130.199.48.129:9618?addrs=130.199.48.129-9618&alias=rcas6009.rcf.bnl.gov&noUDP&sock=schedd_22421_101d>
...
040 (15564188.745.000) 2026-01-08 01:47:14 Started transferring input files
	Transferring to host: <130.199.184.216:9618?addrs=130.199.184.216-9618&alias=spool1791.sdcc.bnl.gov&noUDP&sock=slot1_49_95931_eae9_186947>
...
040 (15564188.745.000) 2026-01-08 01:47:14 Finished transferring input files
...
001 (15564188.745.000) 2026-01-08 01:47:15 Job executing on host: <130.199.184.216:9618?addrs=130.199.184.216-9618&alias=spool1791.sdcc.bnl.gov&noUDP&sock=startd_95922_3399>
...
006 (15564188.745.000) 2026-01-08 01:47:23 Image size of job updated: 447824
	77  -  MemoryUsage of job (MB)
	78624  -  ResidentSetSize of job (KB)
...
040 (15564188.745.000) 2026-01-08 01:50:48 Started transferring output files
...
040 (15564188.745.000) 2026-01-08 01:50:48 Finished transferring output files
...
005 (15564188.745.000) 2026-01-08 01:50:48 Job terminated.
	(1) Normal termination (return value 0)
		Usr 0 00:03:12, Sys 0 00:00:04  -  Run Remote Usage
		Usr 0 00:00:00, Sys 0 00:00:00  -  Run Local Usage
		Usr 0 00:03:12, Sys 0 00:00:04  -  Total Remote Usage
		Usr 0 00:00:00, Sys 0 00:00:00  -  Total Local Usage
	135  -  Run Bytes Sent By Job
	144352  -  Run Bytes Received By Job
	135  -  Total Bytes Sent By Job
	144352  -  Total Bytes Received By Job
	Partitionable Resources :    Usage  Request Allocated 
	   Cpus                 :                 1         1 
	   Disk (KB)            :      153  2097152   6681570 
	   Memory (MB)          :       77     4096      4096 
	   xferslots            :                           0 

	Job terminated of its own accord at 2026-01-08T06:50:48Z with exit-code 0.
...
