000 (15564188.199.000) 2026-01-07 21:29:39 Job submitted from host: <130.199.48.129:9618?addrs=130.199.48.129-9618&alias=rcas6009.rcf.bnl.gov&noUDP&sock=schedd_22421_101d>
...
040 (15564188.199.000) 2026-01-08 00:03:33 Started transferring input files
	Transferring to host: <130.199.186.89:9618?addrs=130.199.186.89-9618&alias=spool1852.sdcc.bnl.gov&noUDP&sock=slot1_91_94012_d731_245743>
...
040 (15564188.199.000) 2026-01-08 00:03:33 Finished transferring input files
...
001 (15564188.199.000) 2026-01-08 00:03:34 Job executing on host: <130.199.186.89:9618?addrs=130.199.186.89-9618&alias=spool1852.sdcc.bnl.gov&noUDP&sock=startd_94003_dcbe>
...
006 (15564188.199.000) 2026-01-08 00:03:43 Image size of job updated: 335972
	70  -  MemoryUsage of job (MB)
	71260  -  ResidentSetSize of job (KB)
...
006 (15564188.199.000) 2026-01-08 00:07:17 Image size of job updated: 449640
	70  -  MemoryUsage of job (MB)
	71260  -  ResidentSetSize of job (KB)
...
040 (15564188.199.000) 2026-01-08 00:07:18 Started transferring output files
...
040 (15564188.199.000) 2026-01-08 00:07:18 Finished transferring output files
...
005 (15564188.199.000) 2026-01-08 00:07:18 Job terminated.
	(1) Normal termination (return value 0)
		Usr 0 00:03:22, Sys 0 00:00:04  -  Run Remote Usage
		Usr 0 00:00:00, Sys 0 00:00:00  -  Run Local Usage
		Usr 0 00:03:22, Sys 0 00:00:04  -  Total Remote Usage
		Usr 0 00:00:00, Sys 0 00:00:00  -  Total Local Usage
	149  -  Run Bytes Sent By Job
	144352  -  Run Bytes Received By Job
	149  -  Total Bytes Sent By Job
	144352  -  Total Bytes Received By Job
	Partitionable Resources :    Usage  Request Allocated 
	   Cpus                 :     0.93        1         1 
	   Disk (KB)            :   159     2097152   6681569 
	   Memory (MB)          :    70        4096      4096 
	   xferslots            :                           0 

	Job terminated of its own accord at 2026-01-08T05:07:17Z with exit-code 0.
...
