000 (15564188.039.000) 2026-01-07 21:29:39 Job submitted from host: <130.199.48.129:9618?addrs=130.199.48.129-9618&alias=rcas6009.rcf.bnl.gov&noUDP&sock=schedd_22421_101d>
...
040 (15564188.039.000) 2026-01-07 22:59:29 Started transferring input files
	Transferring to host: <130.199.186.79:9618?addrs=130.199.186.79-9618&alias=spool1842.sdcc.bnl.gov&noUDP&sock=slot1_3_94130_fa28_200284>
...
040 (15564188.039.000) 2026-01-07 22:59:29 Finished transferring input files
...
001 (15564188.039.000) 2026-01-07 22:59:30 Job executing on host: <130.199.186.79:9618?addrs=130.199.186.79-9618&alias=spool1842.sdcc.bnl.gov&noUDP&sock=startd_94122_8637>
...
006 (15564188.039.000) 2026-01-07 22:59:39 Image size of job updated: 340748
	78  -  MemoryUsage of job (MB)
	79540  -  ResidentSetSize of job (KB)
...
006 (15564188.039.000) 2026-01-07 23:04:40 Image size of job updated: 448040
	126  -  MemoryUsage of job (MB)
	128132  -  ResidentSetSize of job (KB)
...
040 (15564188.039.000) 2026-01-07 23:13:12 Started transferring output files
...
040 (15564188.039.000) 2026-01-07 23:13:12 Finished transferring output files
...
005 (15564188.039.000) 2026-01-07 23:13:12 Job terminated.
	(1) Normal termination (return value 0)
		Usr 0 00:12:13, Sys 0 00:00:11  -  Run Remote Usage
		Usr 0 00:00:00, Sys 0 00:00:00  -  Run Local Usage
		Usr 0 00:12:13, Sys 0 00:00:11  -  Total Remote Usage
		Usr 0 00:00:00, Sys 0 00:00:00  -  Total Local Usage
	289  -  Run Bytes Sent By Job
	144352  -  Run Bytes Received By Job
	289  -  Total Bytes Sent By Job
	144352  -  Total Bytes Received By Job
	Partitionable Resources :    Usage  Request Allocated 
	   Cpus                 :     0.65        1         1 
	   Disk (KB)            :   159     2097152   6681568 
	   Memory (MB)          :   126        4096      4096 
	   xferslots            :                           0 

	Job terminated of its own accord at 2026-01-08T04:13:12Z with exit-code 0.
...
