000 (15697407.029.000) 2026-01-21 18:36:41 Job submitted from host: <130.199.48.129:9618?addrs=130.199.48.129-9618&alias=rcas6009.rcf.bnl.gov&noUDP&sock=schedd_22421_101d>
...
040 (15697407.029.000) 2026-01-21 18:55:21 Started transferring input files
	Transferring to host: <130.199.186.72:9618?addrs=130.199.186.72-9618&alias=spool1835.sdcc.bnl.gov&noUDP&sock=slot1_8_95827_1e8a_254417>
...
040 (15697407.029.000) 2026-01-21 18:55:21 Finished transferring input files
...
001 (15697407.029.000) 2026-01-21 18:55:22 Job executing on host: <130.199.186.72:9618?addrs=130.199.186.72-9618&alias=spool1835.sdcc.bnl.gov&noUDP&sock=startd_95818_4970>
...
006 (15697407.029.000) 2026-01-21 18:55:31 Image size of job updated: 100384
	67  -  MemoryUsage of job (MB)
	67916  -  ResidentSetSize of job (KB)
...
006 (15697407.029.000) 2026-01-21 18:55:45 Image size of job updated: 423680
	67  -  MemoryUsage of job (MB)
	67916  -  ResidentSetSize of job (KB)
...
040 (15697407.029.000) 2026-01-21 18:55:45 Started transferring output files
...
040 (15697407.029.000) 2026-01-21 18:55:45 Finished transferring output files
...
005 (15697407.029.000) 2026-01-21 18:55:45 Job terminated.
	(1) Normal termination (return value 0)
		Usr 0 00:00:22, Sys 0 00:00:00  -  Run Remote Usage
		Usr 0 00:00:00, Sys 0 00:00:00  -  Run Local Usage
		Usr 0 00:00:22, Sys 0 00:00:00  -  Total Remote Usage
		Usr 0 00:00:00, Sys 0 00:00:00  -  Total Local Usage
	44  -  Run Bytes Sent By Job
	148880  -  Run Bytes Received By Job
	44  -  Total Bytes Sent By Job
	148880  -  Total Bytes Received By Job
	Partitionable Resources :    Usage  Request Allocated 
	   Cpus                 :                 1         1 
	   Disk (KB)            :      157  2097152   6681562 
	   Memory (MB)          :       67     4096      4096 
	   xferslots            :                           0 

	Job terminated of its own accord at 2026-01-21T23:55:45Z with exit-code 0.
...
