000 (15554417.398.000) 2026-01-07 12:44:33 Job submitted from host: <130.199.48.129:9618?addrs=130.199.48.129-9618&alias=rcas6009.rcf.bnl.gov&noUDP&sock=schedd_22421_101d>
...
040 (15554417.398.000) 2026-01-07 13:38:03 Started transferring input files
	Transferring to host: <130.199.150.70:9618?addrs=130.199.150.70-9618&alias=spool1551.sdcc.bnl.gov&noUDP&sock=slot1_47_94997_35a0_187767>
...
040 (15554417.398.000) 2026-01-07 13:38:03 Finished transferring input files
...
001 (15554417.398.000) 2026-01-07 13:38:05 Job executing on host: <130.199.150.70:9618?addrs=130.199.150.70-9618&alias=spool1551.sdcc.bnl.gov&noUDP&sock=startd_94985_a723>
...
006 (15554417.398.000) 2026-01-07 13:38:13 Image size of job updated: 421132
	82  -  MemoryUsage of job (MB)
	82980  -  ResidentSetSize of job (KB)
...
006 (15554417.398.000) 2026-01-07 13:43:13 Image size of job updated: 424808
	107  -  MemoryUsage of job (MB)
	109492  -  ResidentSetSize of job (KB)
...
006 (15554417.398.000) 2026-01-07 13:48:13 Image size of job updated: 424808
	107  -  MemoryUsage of job (MB)
	109512  -  ResidentSetSize of job (KB)
...
040 (15554417.398.000) 2026-01-07 13:49:11 Started transferring output files
...
040 (15554417.398.000) 2026-01-07 13:49:11 Finished transferring output files
...
005 (15554417.398.000) 2026-01-07 13:49:11 Job terminated.
	(1) Normal termination (return value 0)
		Usr 0 00:10:57, Sys 0 00:00:07  -  Run Remote Usage
		Usr 0 00:00:00, Sys 0 00:00:00  -  Run Local Usage
		Usr 0 00:10:57, Sys 0 00:00:07  -  Total Remote Usage
		Usr 0 00:00:00, Sys 0 00:00:00  -  Total Local Usage
	275  -  Run Bytes Sent By Job
	144352  -  Run Bytes Received By Job
	275  -  Total Bytes Sent By Job
	144352  -  Total Bytes Received By Job
	Partitionable Resources :    Usage  Request Allocated 
	   Cpus                 :     0.99        1         1 
	   Disk (KB)            :   159     2097152   6681189 
	   Memory (MB)          :   107        4096      4096 
	   xferslots            :                           0 

	Job terminated of its own accord at 2026-01-07T18:49:11Z with exit-code 0.
...
