000 (15564188.261.000) 2026-01-07 21:29:39 Job submitted from host: <130.199.48.129:9618?addrs=130.199.48.129-9618&alias=rcas6009.rcf.bnl.gov&noUDP&sock=schedd_22421_101d>
...
040 (15564188.261.000) 2026-01-08 00:23:53 Started transferring input files
	Transferring to host: <130.199.151.3:9618?addrs=130.199.151.3-9618&alias=spool1581.sdcc.bnl.gov&noUDP&sock=slot1_86_95061_7851_188689>
...
040 (15564188.261.000) 2026-01-08 00:23:53 Finished transferring input files
...
001 (15564188.261.000) 2026-01-08 00:23:55 Job executing on host: <130.199.151.3:9618?addrs=130.199.151.3-9618&alias=spool1581.sdcc.bnl.gov&noUDP&sock=startd_95052_db87>
...
006 (15564188.261.000) 2026-01-08 00:24:03 Image size of job updated: 335124
	50  -  MemoryUsage of job (MB)
	50360  -  ResidentSetSize of job (KB)
...
006 (15564188.261.000) 2026-01-08 00:29:03 Image size of job updated: 694304
	127  -  MemoryUsage of job (MB)
	130040  -  ResidentSetSize of job (KB)
...
006 (15564188.261.000) 2026-01-08 00:39:05 Image size of job updated: 694304
	129  -  MemoryUsage of job (MB)
	132080  -  ResidentSetSize of job (KB)
...
040 (15564188.261.000) 2026-01-08 00:49:04 Started transferring output files
...
040 (15564188.261.000) 2026-01-08 00:49:04 Finished transferring output files
...
005 (15564188.261.000) 2026-01-08 00:49:04 Job terminated.
	(1) Normal termination (return value 0)
		Usr 0 00:21:59, Sys 0 00:01:05  -  Run Remote Usage
		Usr 0 00:00:00, Sys 0 00:00:00  -  Run Local Usage
		Usr 0 00:21:59, Sys 0 00:01:05  -  Total Remote Usage
		Usr 0 00:00:00, Sys 0 00:00:00  -  Total Local Usage
	359  -  Run Bytes Sent By Job
	144352  -  Run Bytes Received By Job
	359  -  Total Bytes Sent By Job
	144352  -  Total Bytes Received By Job
	Partitionable Resources :    Usage  Request Allocated 
	   Cpus                 :     0.89        1         1 
	   Disk (KB)            :   159     2097152   6681183 
	   Memory (MB)          :   129        4096      4096 
	   xferslots            :                           0 

	Job terminated of its own accord at 2026-01-08T05:49:04Z with exit-code 0.
...
