000 (15690120.285.000) 2026-01-20 07:35:55 Job submitted from host: <130.199.48.129:9618?addrs=130.199.48.129-9618&alias=rcas6009.rcf.bnl.gov&noUDP&sock=schedd_22421_101d>
...
040 (15690120.285.000) 2026-01-21 04:21:29 Started transferring input files
	Transferring to host: <130.199.151.16:9618?addrs=130.199.151.16-9618&alias=spool1594.sdcc.bnl.gov&noUDP&sock=slot1_36_96956_d307_254282>
...
040 (15690120.285.000) 2026-01-21 04:21:29 Finished transferring input files
...
001 (15690120.285.000) 2026-01-21 04:21:30 Job executing on host: <130.199.151.16:9618?addrs=130.199.151.16-9618&alias=spool1594.sdcc.bnl.gov&noUDP&sock=startd_96947_99e2>
...
006 (15690120.285.000) 2026-01-21 04:21:40 Image size of job updated: 448316
	90  -  MemoryUsage of job (MB)
	92148  -  ResidentSetSize of job (KB)
...
006 (15690120.285.000) 2026-01-21 04:26:40 Image size of job updated: 448316
	108  -  MemoryUsage of job (MB)
	109844  -  ResidentSetSize of job (KB)
...
040 (15690120.285.000) 2026-01-21 04:39:12 Started transferring output files
...
040 (15690120.285.000) 2026-01-21 04:39:12 Finished transferring output files
...
005 (15690120.285.000) 2026-01-21 04:39:12 Job terminated.
	(1) Normal termination (return value 0)
		Usr 0 00:17:28, Sys 0 00:00:11  -  Run Remote Usage
		Usr 0 00:00:00, Sys 0 00:00:00  -  Run Local Usage
		Usr 0 00:17:28, Sys 0 00:00:11  -  Total Remote Usage
		Usr 0 00:00:00, Sys 0 00:00:00  -  Total Local Usage
	205  -  Run Bytes Sent By Job
	148880  -  Run Bytes Received By Job
	205  -  Total Bytes Sent By Job
	148880  -  Total Bytes Received By Job
	Partitionable Resources :    Usage  Request Allocated 
	   Cpus                 :     1.00        1         1 
	   Disk (KB)            :   163     2097152   6681187 
	   Memory (MB)          :   108        4096      4096 
	   xferslots            :                           0 

	Job terminated of its own accord at 2026-01-21T09:39:12Z with exit-code 0.
...
