000 (15697407.441.000) 2026-01-21 18:36:42 Job submitted from host: <130.199.48.129:9618?addrs=130.199.48.129-9618&alias=rcas6009.rcf.bnl.gov&noUDP&sock=schedd_22421_101d>
...
040 (15697407.441.000) 2026-01-22 08:50:24 Started transferring input files
	Transferring to host: <130.199.186.2:9618?addrs=130.199.186.2-9618&alias=spool1799.sdcc.bnl.gov&noUDP&sock=slot1_19_94106_4125_313103>
...
040 (15697407.441.000) 2026-01-22 08:50:24 Finished transferring input files
...
001 (15697407.441.000) 2026-01-22 08:50:25 Job executing on host: <130.199.186.2:9618?addrs=130.199.186.2-9618&alias=spool1799.sdcc.bnl.gov&noUDP&sock=startd_94098_edb7>
...
006 (15697407.441.000) 2026-01-22 08:50:34 Image size of job updated: 330996
	76  -  MemoryUsage of job (MB)
	77692  -  ResidentSetSize of job (KB)
...
006 (15697407.441.000) 2026-01-22 08:55:34 Image size of job updated: 448616
	115  -  MemoryUsage of job (MB)
	116856  -  ResidentSetSize of job (KB)
...
006 (15697407.441.000) 2026-01-22 09:05:35 Image size of job updated: 448616
	115  -  MemoryUsage of job (MB)
	116864  -  ResidentSetSize of job (KB)
...
040 (15697407.441.000) 2026-01-22 09:12:00 Started transferring output files
...
040 (15697407.441.000) 2026-01-22 09:12:00 Finished transferring output files
...
005 (15697407.441.000) 2026-01-22 09:12:00 Job terminated.
	(1) Normal termination (return value 0)
		Usr 0 00:20:09, Sys 0 00:00:15  -  Run Remote Usage
		Usr 0 00:00:00, Sys 0 00:00:00  -  Run Local Usage
		Usr 0 00:20:09, Sys 0 00:00:15  -  Total Remote Usage
		Usr 0 00:00:00, Sys 0 00:00:00  -  Total Local Usage
	233  -  Run Bytes Sent By Job
	148880  -  Run Bytes Received By Job
	233  -  Total Bytes Sent By Job
	148880  -  Total Bytes Received By Job
	Partitionable Resources :    Usage  Request Allocated 
	   Cpus                 :     0.99        1         1 
	   Disk (KB)            :   164     2097152   6681489 
	   Memory (MB)          :   115        4096      4096 
	   xferslots            :                           0 

	Job terminated of its own accord at 2026-01-22T14:12:00Z with exit-code 0.
...
