000 (15684821.270.000) 2026-01-19 15:56:21 Job submitted from host: <130.199.48.129:9618?addrs=130.199.48.129-9618&alias=rcas6009.rcf.bnl.gov&noUDP&sock=schedd_22421_101d>
...
040 (15684821.270.000) 2026-01-19 16:12:10 Started transferring input files
	Transferring to host: <130.199.184.155:9618?addrs=130.199.184.155-9618&alias=spool1764.sdcc.bnl.gov&noUDP&sock=slot1_66_4372_9493_238880>
...
040 (15684821.270.000) 2026-01-19 16:12:10 Finished transferring input files
...
001 (15684821.270.000) 2026-01-19 16:12:11 Job executing on host: <130.199.184.155:9618?addrs=130.199.184.155-9618&alias=spool1764.sdcc.bnl.gov&noUDP&sock=startd_4355_66ea>
...
006 (15684821.270.000) 2026-01-19 16:12:20 Image size of job updated: 342736
	94  -  MemoryUsage of job (MB)
	95512  -  ResidentSetSize of job (KB)
...
006 (15684821.270.000) 2026-01-19 16:17:20 Image size of job updated: 695308
	125  -  MemoryUsage of job (MB)
	127768  -  ResidentSetSize of job (KB)
...
006 (15684821.270.000) 2026-01-19 16:27:21 Image size of job updated: 695308
	126  -  MemoryUsage of job (MB)
	128340  -  ResidentSetSize of job (KB)
...
006 (15684821.270.000) 2026-01-19 16:32:21 Image size of job updated: 695308
	127  -  MemoryUsage of job (MB)
	129216  -  ResidentSetSize of job (KB)
...
006 (15684821.270.000) 2026-01-19 17:02:25 Image size of job updated: 695308
	127  -  MemoryUsage of job (MB)
	129300  -  ResidentSetSize of job (KB)
...
040 (15684821.270.000) 2026-01-19 17:03:38 Started transferring output files
...
040 (15684821.270.000) 2026-01-19 17:03:38 Finished transferring output files
...
005 (15684821.270.000) 2026-01-19 17:03:38 Job terminated.
	(1) Normal termination (return value 0)
		Usr 0 00:46:18, Sys 0 00:01:57  -  Run Remote Usage
		Usr 0 00:00:00, Sys 0 00:00:00  -  Run Local Usage
		Usr 0 00:46:18, Sys 0 00:01:57  -  Total Remote Usage
		Usr 0 00:00:00, Sys 0 00:00:00  -  Total Local Usage
	359  -  Run Bytes Sent By Job
	148880  -  Run Bytes Received By Job
	359  -  Total Bytes Sent By Job
	148880  -  Total Bytes Received By Job
	Partitionable Resources :    Usage  Request Allocated 
	   Cpus                 :     0.95        1         1 
	   Disk (KB)            :   163     2097152   6681581 
	   Memory (MB)          :   127        4096      4096 
	   xferslots            :                           0 

	Job terminated of its own accord at 2026-01-19T22:03:38Z with exit-code 0.
...
