000 (15554417.810.000) 2026-01-07 12:44:34 Job submitted from host: <130.199.48.129:9618?addrs=130.199.48.129-9618&alias=rcas6009.rcf.bnl.gov&noUDP&sock=schedd_22421_101d>
...
040 (15554417.810.000) 2026-01-07 14:03:31 Started transferring input files
	Transferring to host: <130.199.150.76:9618?addrs=130.199.150.76-9618&alias=spool1557.sdcc.bnl.gov&noUDP&sock=slot1_9_95132_e64d_191537>
...
040 (15554417.810.000) 2026-01-07 14:03:31 Finished transferring input files
...
001 (15554417.810.000) 2026-01-07 14:03:32 Job executing on host: <130.199.150.76:9618?addrs=130.199.150.76-9618&alias=spool1557.sdcc.bnl.gov&noUDP&sock=startd_95123_5401>
...
006 (15554417.810.000) 2026-01-07 14:03:41 Image size of job updated: 422416
	86  -  MemoryUsage of job (MB)
	87404  -  ResidentSetSize of job (KB)
...
006 (15554417.810.000) 2026-01-07 14:08:31 Image size of job updated: 424404
	86  -  MemoryUsage of job (MB)
	87404  -  ResidentSetSize of job (KB)
...
040 (15554417.810.000) 2026-01-07 14:08:31 Started transferring output files
...
040 (15554417.810.000) 2026-01-07 14:08:31 Finished transferring output files
...
005 (15554417.810.000) 2026-01-07 14:08:31 Job terminated.
	(1) Normal termination (return value 0)
		Usr 0 00:04:53, Sys 0 00:00:04  -  Run Remote Usage
		Usr 0 00:00:00, Sys 0 00:00:00  -  Run Local Usage
		Usr 0 00:04:53, Sys 0 00:00:04  -  Total Remote Usage
		Usr 0 00:00:00, Sys 0 00:00:00  -  Total Local Usage
	163  -  Run Bytes Sent By Job
	144352  -  Run Bytes Received By Job
	163  -  Total Bytes Sent By Job
	144352  -  Total Bytes Received By Job
	Partitionable Resources :    Usage  Request Allocated 
	   Cpus                 :     0.99        1         1 
	   Disk (KB)            :   159     2097152   6681175 
	   Memory (MB)          :    86        4096      4096 
	   xferslots            :                           0 

	Job terminated of its own accord at 2026-01-07T19:08:31Z with exit-code 0.
...
