000 (15560432.330.000) 2026-01-07 17:58:16 Job submitted from host: <130.199.48.129:9618?addrs=130.199.48.129-9618&alias=rcas6009.rcf.bnl.gov&noUDP&sock=schedd_22421_101d>
...
040 (15560432.330.000) 2026-01-07 20:09:20 Started transferring input files
	Transferring to host: <130.199.151.31:9618?addrs=130.199.151.31-9618&alias=spool1609.sdcc.bnl.gov&noUDP&sock=slot1_86_94980_a7e9_182137>
...
040 (15560432.330.000) 2026-01-07 20:09:20 Finished transferring input files
...
001 (15560432.330.000) 2026-01-07 20:09:21 Job executing on host: <130.199.151.31:9618?addrs=130.199.151.31-9618&alias=spool1609.sdcc.bnl.gov&noUDP&sock=startd_94972_89de>
...
006 (15560432.330.000) 2026-01-07 20:09:30 Image size of job updated: 421732
	104  -  MemoryUsage of job (MB)
	106356  -  ResidentSetSize of job (KB)
...
006 (15560432.330.000) 2026-01-07 20:14:31 Image size of job updated: 424184
	107  -  MemoryUsage of job (MB)
	108672  -  ResidentSetSize of job (KB)
...
006 (15560432.330.000) 2026-01-07 20:19:32 Image size of job updated: 424736
	107  -  MemoryUsage of job (MB)
	109220  -  ResidentSetSize of job (KB)
...
040 (15560432.330.000) 2026-01-07 20:22:43 Started transferring output files
...
040 (15560432.330.000) 2026-01-07 20:22:43 Finished transferring output files
...
005 (15560432.330.000) 2026-01-07 20:22:43 Job terminated.
	(1) Normal termination (return value 0)
		Usr 0 00:13:06, Sys 0 00:00:11  -  Run Remote Usage
		Usr 0 00:00:00, Sys 0 00:00:00  -  Run Local Usage
		Usr 0 00:13:06, Sys 0 00:00:11  -  Total Remote Usage
		Usr 0 00:00:00, Sys 0 00:00:00  -  Total Local Usage
	275  -  Run Bytes Sent By Job
	144352  -  Run Bytes Received By Job
	275  -  Total Bytes Sent By Job
	144352  -  Total Bytes Received By Job
	Partitionable Resources :    Usage  Request Allocated 
	   Cpus                 :     0.99        1         1 
	   Disk (KB)            :   159     2097152   6681162 
	   Memory (MB)          :   107        4096      4096 
	   xferslots            :                           0 

	Job terminated of its own accord at 2026-01-08T01:22:42Z with exit-code 0.
...
