000 (15554417.225.000) 2026-01-07 12:44:33 Job submitted from host: <130.199.48.129:9618?addrs=130.199.48.129-9618&alias=rcas6009.rcf.bnl.gov&noUDP&sock=schedd_22421_101d>
...
040 (15554417.225.000) 2026-01-07 13:17:55 Started transferring input files
	Transferring to host: <130.199.150.76:9618?addrs=130.199.150.76-9618&alias=spool1557.sdcc.bnl.gov&noUDP&sock=slot1_5_95132_e64d_191438>
...
040 (15554417.225.000) 2026-01-07 13:17:55 Finished transferring input files
...
001 (15554417.225.000) 2026-01-07 13:17:56 Job executing on host: <130.199.150.76:9618?addrs=130.199.150.76-9618&alias=spool1557.sdcc.bnl.gov&noUDP&sock=startd_95123_5401>
...
006 (15554417.225.000) 2026-01-07 13:18:15 Image size of job updated: 694160
	108  -  MemoryUsage of job (MB)
	110056  -  ResidentSetSize of job (KB)
...
006 (15554417.225.000) 2026-01-07 13:23:06 Image size of job updated: 694160
	151  -  MemoryUsage of job (MB)
	154404  -  ResidentSetSize of job (KB)
...
006 (15554417.225.000) 2026-01-07 13:28:06 Image size of job updated: 694160
	152  -  MemoryUsage of job (MB)
	155128  -  ResidentSetSize of job (KB)
...
006 (15554417.225.000) 2026-01-07 13:33:06 Image size of job updated: 694160
	153  -  MemoryUsage of job (MB)
	155668  -  ResidentSetSize of job (KB)
...
006 (15554417.225.000) 2026-01-07 13:38:07 Image size of job updated: 694160
	153  -  MemoryUsage of job (MB)
	155820  -  ResidentSetSize of job (KB)
...
040 (15554417.225.000) 2026-01-07 13:41:02 Started transferring output files
...
040 (15554417.225.000) 2026-01-07 13:41:02 Finished transferring output files
...
005 (15554417.225.000) 2026-01-07 13:41:02 Job terminated.
	(1) Normal termination (return value 0)
		Usr 0 00:22:01, Sys 0 00:01:01  -  Run Remote Usage
		Usr 0 00:00:00, Sys 0 00:00:00  -  Run Local Usage
		Usr 0 00:22:01, Sys 0 00:01:01  -  Total Remote Usage
		Usr 0 00:00:00, Sys 0 00:00:00  -  Total Local Usage
	387  -  Run Bytes Sent By Job
	144352  -  Run Bytes Received By Job
	387  -  Total Bytes Sent By Job
	144352  -  Total Bytes Received By Job
	Partitionable Resources :    Usage  Request Allocated 
	   Cpus                 :     0.99        1         1 
	   Disk (KB)            :   159     2097152   6681175 
	   Memory (MB)          :   153        4096      4096 
	   xferslots            :                           0 

	Job terminated of its own accord at 2026-01-07T18:41:02Z with exit-code 0.
...
