000 (16235385.991.000) 2026-01-23 10:57:30 Job submitted from host: <130.199.48.128:9618?addrs=130.199.48.128-9618&alias=rcas6008.rcf.bnl.gov&noUDP&sock=schedd_18725_535a>
...
040 (16235385.991.000) 2026-01-23 12:27:36 Started transferring input files
	Transferring to host: <130.199.184.202:9618?addrs=130.199.184.202-9618&alias=spool1777.sdcc.bnl.gov&noUDP&sock=slot1_35_95949_35ab_253286>
...
040 (16235385.991.000) 2026-01-23 12:27:36 Finished transferring input files
...
001 (16235385.991.000) 2026-01-23 12:27:37 Job executing on host: <130.199.184.202:9618?addrs=130.199.184.202-9618&alias=spool1777.sdcc.bnl.gov&noUDP&sock=startd_95940_e5f9>
...
006 (16235385.991.000) 2026-01-23 12:27:45 Image size of job updated: 421864
	75  -  MemoryUsage of job (MB)
	76640  -  ResidentSetSize of job (KB)
...
006 (16235385.991.000) 2026-01-23 12:32:45 Image size of job updated: 424548
	98  -  MemoryUsage of job (MB)
	99440  -  ResidentSetSize of job (KB)
...
006 (16235385.991.000) 2026-01-23 12:37:46 Image size of job updated: 424548
	98  -  MemoryUsage of job (MB)
	99520  -  ResidentSetSize of job (KB)
...
006 (16235385.991.000) 2026-01-23 12:42:47 Image size of job updated: 424548
	98  -  MemoryUsage of job (MB)
	99532  -  ResidentSetSize of job (KB)
...
040 (16235385.991.000) 2026-01-23 12:42:52 Started transferring output files
...
040 (16235385.991.000) 2026-01-23 12:42:52 Finished transferring output files
...
005 (16235385.991.000) 2026-01-23 12:42:52 Job terminated.
	(1) Normal termination (return value 0)
		Usr 0 00:15:04, Sys 0 00:00:10  -  Run Remote Usage
		Usr 0 00:00:00, Sys 0 00:00:00  -  Run Local Usage
		Usr 0 00:15:04, Sys 0 00:00:10  -  Total Remote Usage
		Usr 0 00:00:00, Sys 0 00:00:00  -  Total Local Usage
	205  -  Run Bytes Sent By Job
	148880  -  Run Bytes Received By Job
	205  -  Total Bytes Sent By Job
	148880  -  Total Bytes Received By Job
	Partitionable Resources :    Usage  Request Allocated 
	   Cpus                 :     1.00        1         1 
	   Disk (KB)            :   164     2097152   6681572 
	   Memory (MB)          :    98        4096      4096 
	   xferslots            :                           0 

	Job terminated of its own accord at 2026-01-23T17:42:52Z with exit-code 0.
...
