000 (15697407.876.000) 2026-01-21 18:36:43 Job submitted from host: <130.199.48.129:9618?addrs=130.199.48.129-9618&alias=rcas6009.rcf.bnl.gov&noUDP&sock=schedd_22421_101d>
...
040 (15697407.876.000) 2026-01-22 15:57:10 Started transferring input files
	Transferring to host: <130.199.151.8:9618?addrs=130.199.151.8-9618&alias=spool1586.sdcc.bnl.gov&noUDP&sock=slot1_17_95056_c71b_326260>
...
040 (15697407.876.000) 2026-01-22 15:57:10 Finished transferring input files
...
001 (15697407.876.000) 2026-01-22 15:57:11 Job executing on host: <130.199.151.8:9618?addrs=130.199.151.8-9618&alias=spool1586.sdcc.bnl.gov&noUDP&sock=startd_95047_466d>
...
006 (15697407.876.000) 2026-01-22 15:57:19 Image size of job updated: 422428
	74  -  MemoryUsage of job (MB)
	75308  -  ResidentSetSize of job (KB)
...
006 (15697407.876.000) 2026-01-22 16:02:19 Image size of job updated: 449376
	102  -  MemoryUsage of job (MB)
	104168  -  ResidentSetSize of job (KB)
...
040 (15697407.876.000) 2026-01-22 16:08:32 Started transferring output files
...
040 (15697407.876.000) 2026-01-22 16:08:32 Finished transferring output files
...
005 (15697407.876.000) 2026-01-22 16:08:32 Job terminated.
	(1) Normal termination (return value 0)
		Usr 0 00:11:13, Sys 0 00:00:06  -  Run Remote Usage
		Usr 0 00:00:00, Sys 0 00:00:00  -  Run Local Usage
		Usr 0 00:11:13, Sys 0 00:00:06  -  Total Remote Usage
		Usr 0 00:00:00, Sys 0 00:00:00  -  Total Local Usage
	177  -  Run Bytes Sent By Job
	148880  -  Run Bytes Received By Job
	177  -  Total Bytes Sent By Job
	148880  -  Total Bytes Received By Job
	Partitionable Resources :    Usage  Request Allocated 
	   Cpus                 :     1.00        1         1 
	   Disk (KB)            :   164     2097152   6681117 
	   Memory (MB)          :   102        4096      4096 
	   xferslots            :                           0 

	Job terminated of its own accord at 2026-01-22T21:08:32Z with exit-code 0.
...
