000 (16235385.190.000) 2026-01-23 10:57:26 Job submitted from host: <130.199.48.128:9618?addrs=130.199.48.128-9618&alias=rcas6008.rcf.bnl.gov&noUDP&sock=schedd_18725_535a>
...
040 (16235385.190.000) 2026-01-23 11:50:09 Started transferring input files
	Transferring to host: <130.199.186.17:9618?addrs=130.199.186.17-9618&alias=spool1814.sdcc.bnl.gov&noUDP&sock=slot1_22_95879_84b9_374587>
...
040 (16235385.190.000) 2026-01-23 11:50:09 Finished transferring input files
...
001 (16235385.190.000) 2026-01-23 11:50:10 Job executing on host: <130.199.186.17:9618?addrs=130.199.186.17-9618&alias=spool1814.sdcc.bnl.gov&noUDP&sock=startd_95870_be84>
...
006 (16235385.190.000) 2026-01-23 11:50:19 Image size of job updated: 135204
	102  -  MemoryUsage of job (MB)
	103700  -  ResidentSetSize of job (KB)
...
006 (16235385.190.000) 2026-01-23 11:55:20 Image size of job updated: 694464
	182  -  MemoryUsage of job (MB)
	185868  -  ResidentSetSize of job (KB)
...
006 (16235385.190.000) 2026-01-23 12:05:21 Image size of job updated: 694464
	182  -  MemoryUsage of job (MB)
	185932  -  ResidentSetSize of job (KB)
...
006 (16235385.190.000) 2026-01-23 12:10:22 Image size of job updated: 694464
	182  -  MemoryUsage of job (MB)
	185940  -  ResidentSetSize of job (KB)
...
006 (16235385.190.000) 2026-01-23 12:25:23 Image size of job updated: 694464
	182  -  MemoryUsage of job (MB)
	185952  -  ResidentSetSize of job (KB)
...
006 (16235385.190.000) 2026-01-23 12:30:23 Image size of job updated: 694464
	184  -  MemoryUsage of job (MB)
	187668  -  ResidentSetSize of job (KB)
...
006 (16235385.190.000) 2026-01-23 12:35:23 Image size of job updated: 694464
	190  -  MemoryUsage of job (MB)
	194108  -  ResidentSetSize of job (KB)
...
040 (16235385.190.000) 2026-01-23 12:39:26 Started transferring output files
...
040 (16235385.190.000) 2026-01-23 12:39:26 Finished transferring output files
...
005 (16235385.190.000) 2026-01-23 12:39:26 Job terminated.
	(1) Normal termination (return value 0)
		Usr 0 00:47:58, Sys 0 00:00:35  -  Run Remote Usage
		Usr 0 00:00:00, Sys 0 00:00:00  -  Run Local Usage
		Usr 0 00:47:58, Sys 0 00:00:35  -  Total Remote Usage
		Usr 0 00:00:00, Sys 0 00:00:00  -  Total Local Usage
	387  -  Run Bytes Sent By Job
	148880  -  Run Bytes Received By Job
	387  -  Total Bytes Sent By Job
	148880  -  Total Bytes Received By Job
	Partitionable Resources :    Usage  Request Allocated 
	   Cpus                 :     1.00        1         1 
	   Disk (KB)            :   164     2097152   6681625 
	   Memory (MB)          :   190        4096      4096 
	   xferslots            :                           0 

	Job terminated of its own accord at 2026-01-23T17:39:26Z with exit-code 0.
...
