000 (15690120.662.000) 2026-01-20 07:35:56 Job submitted from host: <130.199.48.129:9618?addrs=130.199.48.129-9618&alias=rcas6009.rcf.bnl.gov&noUDP&sock=schedd_22421_101d>
...
040 (15690120.662.000) 2026-01-21 11:00:07 Started transferring input files
	Transferring to host: <130.199.186.20:9618?addrs=130.199.186.20-9618&alias=spool1817.sdcc.bnl.gov&noUDP&sock=slot1_86_24187_e112_366252>
...
040 (15690120.662.000) 2026-01-21 11:00:07 Finished transferring input files
...
001 (15690120.662.000) 2026-01-21 11:00:08 Job executing on host: <130.199.186.20:9618?addrs=130.199.186.20-9618&alias=spool1817.sdcc.bnl.gov&noUDP&sock=startd_24178_219a>
...
006 (15690120.662.000) 2026-01-21 11:00:16 Image size of job updated: 107928
	74  -  MemoryUsage of job (MB)
	75460  -  ResidentSetSize of job (KB)
...
006 (15690120.662.000) 2026-01-21 11:01:43 Image size of job updated: 449256
	74  -  MemoryUsage of job (MB)
	75460  -  ResidentSetSize of job (KB)
...
040 (15690120.662.000) 2026-01-21 11:01:43 Started transferring output files
...
040 (15690120.662.000) 2026-01-21 11:01:43 Finished transferring output files
...
005 (15690120.662.000) 2026-01-21 11:01:43 Job terminated.
	(1) Normal termination (return value 0)
		Usr 0 00:01:32, Sys 0 00:00:01  -  Run Remote Usage
		Usr 0 00:00:00, Sys 0 00:00:00  -  Run Local Usage
		Usr 0 00:01:32, Sys 0 00:00:01  -  Total Remote Usage
		Usr 0 00:00:00, Sys 0 00:00:00  -  Total Local Usage
	83  -  Run Bytes Sent By Job
	148880  -  Run Bytes Received By Job
	83  -  Total Bytes Sent By Job
	148880  -  Total Bytes Received By Job
	Partitionable Resources :    Usage  Request Allocated 
	   Cpus                 :     1.00        1         1 
	   Disk (KB)            :   163     2097152   6681552 
	   Memory (MB)          :    74        4096      4096 
	   xferslots            :                           0 

	Job terminated of its own accord at 2026-01-21T16:01:43Z with exit-code 0.
...
