000 (15697407.1160.000) 2026-01-21 18:36:44 Job submitted from host: <130.199.48.129:9618?addrs=130.199.48.129-9618&alias=rcas6009.rcf.bnl.gov&noUDP&sock=schedd_22421_101d>
...
040 (15697407.1160.000) 2026-01-22 18:55:25 Started transferring input files
	Transferring to host: <130.199.186.17:9618?addrs=130.199.186.17-9618&alias=spool1814.sdcc.bnl.gov&noUDP&sock=slot1_69_95879_84b9_371546>
...
040 (15697407.1160.000) 2026-01-22 18:55:25 Finished transferring input files
...
001 (15697407.1160.000) 2026-01-22 18:55:26 Job executing on host: <130.199.186.17:9618?addrs=130.199.186.17-9618&alias=spool1814.sdcc.bnl.gov&noUDP&sock=startd_95870_be84>
...
006 (15697407.1160.000) 2026-01-22 18:55:35 Image size of job updated: 99512
	67  -  MemoryUsage of job (MB)
	68596  -  ResidentSetSize of job (KB)
...
006 (15697407.1160.000) 2026-01-22 19:00:36 Image size of job updated: 424192
	88  -  MemoryUsage of job (MB)
	89256  -  ResidentSetSize of job (KB)
...
040 (15697407.1160.000) 2026-01-22 19:03:45 Started transferring output files
...
040 (15697407.1160.000) 2026-01-22 19:03:45 Finished transferring output files
...
005 (15697407.1160.000) 2026-01-22 19:03:45 Job terminated.
	(1) Normal termination (return value 0)
		Usr 0 00:07:38, Sys 0 00:00:05  -  Run Remote Usage
		Usr 0 00:00:00, Sys 0 00:00:00  -  Run Local Usage
		Usr 0 00:07:38, Sys 0 00:00:05  -  Total Remote Usage
		Usr 0 00:00:00, Sys 0 00:00:00  -  Total Local Usage
	163  -  Run Bytes Sent By Job
	148880  -  Run Bytes Received By Job
	163  -  Total Bytes Sent By Job
	148880  -  Total Bytes Received By Job
	Partitionable Resources :    Usage  Request Allocated 
	   Cpus                 :     0.96        1         1 
	   Disk (KB)            :   163     2097152   6681625 
	   Memory (MB)          :    88        4096      4096 
	   xferslots            :                           0 

	Job terminated of its own accord at 2026-01-23T00:03:45Z with exit-code 0.
...
