000 (15560432.189.000) 2026-01-07 17:58:15 Job submitted from host: <130.199.48.129:9618?addrs=130.199.48.129-9618&alias=rcas6009.rcf.bnl.gov&noUDP&sock=schedd_22421_101d>
...
040 (15560432.189.000) 2026-01-07 19:05:45 Started transferring input files
	Transferring to host: <130.199.150.90:9618?addrs=130.199.150.90-9618&alias=spool1571.sdcc.bnl.gov&noUDP&sock=slot1_94_94964_d73c_182022>
...
040 (15560432.189.000) 2026-01-07 19:05:45 Finished transferring input files
...
001 (15560432.189.000) 2026-01-07 19:05:46 Job executing on host: <130.199.150.90:9618?addrs=130.199.150.90-9618&alias=spool1571.sdcc.bnl.gov&noUDP&sock=startd_94955_2884>
...
006 (15560432.189.000) 2026-01-07 19:05:55 Image size of job updated: 421216
	107  -  MemoryUsage of job (MB)
	109308  -  ResidentSetSize of job (KB)
...
006 (15560432.189.000) 2026-01-07 19:10:55 Image size of job updated: 424780
	110  -  MemoryUsage of job (MB)
	112400  -  ResidentSetSize of job (KB)
...
006 (15560432.189.000) 2026-01-07 19:15:55 Image size of job updated: 424780
	110  -  MemoryUsage of job (MB)
	112416  -  ResidentSetSize of job (KB)
...
040 (15560432.189.000) 2026-01-07 19:18:43 Started transferring output files
...
040 (15560432.189.000) 2026-01-07 19:18:43 Finished transferring output files
...
005 (15560432.189.000) 2026-01-07 19:18:43 Job terminated.
	(1) Normal termination (return value 0)
		Usr 0 00:12:47, Sys 0 00:00:08  -  Run Remote Usage
		Usr 0 00:00:00, Sys 0 00:00:00  -  Run Local Usage
		Usr 0 00:12:47, Sys 0 00:00:08  -  Total Remote Usage
		Usr 0 00:00:00, Sys 0 00:00:00  -  Total Local Usage
	289  -  Run Bytes Sent By Job
	144352  -  Run Bytes Received By Job
	289  -  Total Bytes Sent By Job
	144352  -  Total Bytes Received By Job
	Partitionable Resources :    Usage  Request Allocated 
	   Cpus                 :     1.00        1         1 
	   Disk (KB)            :   159     2097152   6681189 
	   Memory (MB)          :   110        4096      4096 
	   xferslots            :                           0 

	Job terminated of its own accord at 2026-01-08T00:18:43Z with exit-code 0.
...
