000 (15564188.942.000) 2026-01-07 21:29:41 Job submitted from host: <130.199.48.129:9618?addrs=130.199.48.129-9618&alias=rcas6009.rcf.bnl.gov&noUDP&sock=schedd_22421_101d>
...
040 (15564188.942.000) 2026-01-08 01:59:59 Started transferring input files
	Transferring to host: <130.199.186.94:9618?addrs=130.199.186.94-9618&alias=spool1857.sdcc.bnl.gov&noUDP&sock=slot1_4_95819_3633_243775>
...
040 (15564188.942.000) 2026-01-08 01:59:59 Finished transferring input files
...
001 (15564188.942.000) 2026-01-08 02:00:00 Job executing on host: <130.199.186.94:9618?addrs=130.199.186.94-9618&alias=spool1857.sdcc.bnl.gov&noUDP&sock=startd_95810_c145>
...
006 (15564188.942.000) 2026-01-08 02:00:09 Image size of job updated: 448260
	73  -  MemoryUsage of job (MB)
	73828  -  ResidentSetSize of job (KB)
...
040 (15564188.942.000) 2026-01-08 02:01:00 Started transferring output files
...
040 (15564188.942.000) 2026-01-08 02:01:00 Finished transferring output files
...
005 (15564188.942.000) 2026-01-08 02:01:00 Job terminated.
	(1) Normal termination (return value 0)
		Usr 0 00:00:50, Sys 0 00:00:01  -  Run Remote Usage
		Usr 0 00:00:00, Sys 0 00:00:00  -  Run Local Usage
		Usr 0 00:00:50, Sys 0 00:00:01  -  Total Remote Usage
		Usr 0 00:00:00, Sys 0 00:00:00  -  Total Local Usage
	70  -  Run Bytes Sent By Job
	144352  -  Run Bytes Received By Job
	70  -  Total Bytes Sent By Job
	144352  -  Total Bytes Received By Job
	Partitionable Resources :    Usage  Request Allocated 
	   Cpus                 :                 1         1 
	   Disk (KB)            :      153  2097152   6681616 
	   Memory (MB)          :       73     4096      4096 
	   xferslots            :                           0 

	Job terminated of its own accord at 2026-01-08T07:01:00Z with exit-code 0.
...
