000 (15554417.293.000) 2026-01-07 12:44:33 Job submitted from host: <130.199.48.129:9618?addrs=130.199.48.129-9618&alias=rcas6009.rcf.bnl.gov&noUDP&sock=schedd_22421_101d>
...
040 (15554417.293.000) 2026-01-07 13:25:30 Started transferring input files
	Transferring to host: <130.199.184.197:9618?addrs=130.199.184.197-9618&alias=spool1772.sdcc.bnl.gov&noUDP&sock=slot1_9_95968_3d78_188082>
...
040 (15554417.293.000) 2026-01-07 13:25:30 Finished transferring input files
...
001 (15554417.293.000) 2026-01-07 13:25:31 Job executing on host: <130.199.184.197:9618?addrs=130.199.184.197-9618&alias=spool1772.sdcc.bnl.gov&noUDP&sock=startd_95960_3a63>
...
006 (15554417.293.000) 2026-01-07 13:25:40 Image size of job updated: 422472
	83  -  MemoryUsage of job (MB)
	84636  -  ResidentSetSize of job (KB)
...
006 (15554417.293.000) 2026-01-07 13:30:41 Image size of job updated: 424788
	108  -  MemoryUsage of job (MB)
	110520  -  ResidentSetSize of job (KB)
...
006 (15554417.293.000) 2026-01-07 13:35:42 Image size of job updated: 424788
	108  -  MemoryUsage of job (MB)
	110532  -  ResidentSetSize of job (KB)
...
040 (15554417.293.000) 2026-01-07 13:37:33 Started transferring output files
...
040 (15554417.293.000) 2026-01-07 13:37:33 Finished transferring output files
...
005 (15554417.293.000) 2026-01-07 13:37:34 Job terminated.
	(1) Normal termination (return value 0)
		Usr 0 00:11:53, Sys 0 00:00:08  -  Run Remote Usage
		Usr 0 00:00:00, Sys 0 00:00:00  -  Run Local Usage
		Usr 0 00:11:53, Sys 0 00:00:08  -  Total Remote Usage
		Usr 0 00:00:00, Sys 0 00:00:00  -  Total Local Usage
	289  -  Run Bytes Sent By Job
	144352  -  Run Bytes Received By Job
	289  -  Total Bytes Sent By Job
	144352  -  Total Bytes Received By Job
	Partitionable Resources :    Usage  Request Allocated 
	   Cpus                 :     1.00        1         1 
	   Disk (KB)            :   159     2097152   6681570 
	   Memory (MB)          :   108        4096      4096 
	   xferslots            :                           0 

	Job terminated of its own accord at 2026-01-07T18:37:33Z with exit-code 0.
...
