000 (15554416.006.000) 2026-01-07 12:30:30 Job submitted from host: <130.199.48.129:9618?addrs=130.199.48.129-9618&alias=rcas6009.rcf.bnl.gov&noUDP&sock=schedd_22421_101d>
...
040 (15554416.006.000) 2026-01-07 12:40:57 Started transferring input files
	Transferring to host: <130.199.151.8:9618?addrs=130.199.151.8-9618&alias=spool1586.sdcc.bnl.gov&noUDP&sock=slot1_66_95056_c71b_223252>
...
040 (15554416.006.000) 2026-01-07 12:40:57 Finished transferring input files
...
001 (15554416.006.000) 2026-01-07 12:40:58 Job executing on host: <130.199.151.8:9618?addrs=130.199.151.8-9618&alias=spool1586.sdcc.bnl.gov&noUDP&sock=startd_95047_466d>
...
006 (15554416.006.000) 2026-01-07 12:41:06 Image size of job updated: 108364
	75  -  MemoryUsage of job (MB)
	75892  -  ResidentSetSize of job (KB)
...
006 (15554416.006.000) 2026-01-07 12:42:06 Image size of job updated: 424448
	75  -  MemoryUsage of job (MB)
	75892  -  ResidentSetSize of job (KB)
...
040 (15554416.006.000) 2026-01-07 12:42:06 Started transferring output files
...
040 (15554416.006.000) 2026-01-07 12:42:06 Finished transferring output files
...
005 (15554416.006.000) 2026-01-07 12:42:06 Job terminated.
	(1) Normal termination (return value 0)
		Usr 0 00:01:06, Sys 0 00:00:01  -  Run Remote Usage
		Usr 0 00:00:00, Sys 0 00:00:00  -  Run Local Usage
		Usr 0 00:01:06, Sys 0 00:00:01  -  Total Remote Usage
		Usr 0 00:00:00, Sys 0 00:00:00  -  Total Local Usage
	109  -  Run Bytes Sent By Job
	144352  -  Run Bytes Received By Job
	109  -  Total Bytes Sent By Job
	144352  -  Total Bytes Received By Job
	Partitionable Resources :    Usage  Request Allocated 
	   Cpus                 :     1.00        1         1 
	   Disk (KB)            :   159     2097152   6681117 
	   Memory (MB)          :    75        4096      4096 
	   xferslots            :                           0 

	Job terminated of its own accord at 2026-01-07T17:42:05Z with exit-code 0.
...
