000 (15690120.755.000) 2026-01-20 07:35:56 Job submitted from host: <130.199.48.129:9618?addrs=130.199.48.129-9618&alias=rcas6009.rcf.bnl.gov&noUDP&sock=schedd_22421_101d>
...
040 (15690120.755.000) 2026-01-21 12:39:56 Started transferring input files
	Transferring to host: <130.199.150.92:9618?addrs=130.199.150.92-9618&alias=spool1573.sdcc.bnl.gov&noUDP&sock=slot1_78_96627_e030_255841>
...
040 (15690120.755.000) 2026-01-21 12:39:56 Finished transferring input files
...
001 (15690120.755.000) 2026-01-21 12:39:57 Job executing on host: <130.199.150.92:9618?addrs=130.199.150.92-9618&alias=spool1573.sdcc.bnl.gov&noUDP&sock=startd_96618_7a0d>
...
006 (15690120.755.000) 2026-01-21 12:40:05 Image size of job updated: 448308
	84  -  MemoryUsage of job (MB)
	85060  -  ResidentSetSize of job (KB)
...
006 (15690120.755.000) 2026-01-21 12:45:05 Image size of job updated: 448308
	98  -  MemoryUsage of job (MB)
	99440  -  ResidentSetSize of job (KB)
...
040 (15690120.755.000) 2026-01-21 12:52:40 Started transferring output files
...
040 (15690120.755.000) 2026-01-21 12:52:40 Finished transferring output files
...
005 (15690120.755.000) 2026-01-21 12:52:40 Job terminated.
	(1) Normal termination (return value 0)
		Usr 0 00:12:22, Sys 0 00:00:11  -  Run Remote Usage
		Usr 0 00:00:00, Sys 0 00:00:00  -  Run Local Usage
		Usr 0 00:12:22, Sys 0 00:00:11  -  Total Remote Usage
		Usr 0 00:00:00, Sys 0 00:00:00  -  Total Local Usage
	177  -  Run Bytes Sent By Job
	148880  -  Run Bytes Received By Job
	177  -  Total Bytes Sent By Job
	148880  -  Total Bytes Received By Job
	Partitionable Resources :    Usage  Request Allocated 
	   Cpus                 :     0.90        1         1 
	   Disk (KB)            :   163     2097152   6681191 
	   Memory (MB)          :    98        4096      4096 
	   xferslots            :                           0 

	Job terminated of its own accord at 2026-01-21T17:52:40Z with exit-code 0.
...
