000 (15697407.906.000) 2026-01-21 18:36:43 Job submitted from host: <130.199.48.129:9618?addrs=130.199.48.129-9618&alias=rcas6009.rcf.bnl.gov&noUDP&sock=schedd_22421_101d>
...
040 (15697407.906.000) 2026-01-22 16:17:52 Started transferring input files
	Transferring to host: <130.199.151.17:9618?addrs=130.199.151.17-9618&alias=spool1595.sdcc.bnl.gov&noUDP&sock=slot1_92_56003_4361_259989>
...
040 (15697407.906.000) 2026-01-22 16:17:52 Finished transferring input files
...
001 (15697407.906.000) 2026-01-22 16:17:53 Job executing on host: <130.199.151.17:9618?addrs=130.199.151.17-9618&alias=spool1595.sdcc.bnl.gov&noUDP&sock=startd_55988_983d>
...
006 (15697407.906.000) 2026-01-22 16:18:01 Image size of job updated: 420052
	73  -  MemoryUsage of job (MB)
	73764  -  ResidentSetSize of job (KB)
...
006 (15697407.906.000) 2026-01-22 16:23:01 Image size of job updated: 424324
	87  -  MemoryUsage of job (MB)
	88096  -  ResidentSetSize of job (KB)
...
040 (15697407.906.000) 2026-01-22 16:27:11 Started transferring output files
...
040 (15697407.906.000) 2026-01-22 16:27:11 Finished transferring output files
...
005 (15697407.906.000) 2026-01-22 16:27:11 Job terminated.
	(1) Normal termination (return value 0)
		Usr 0 00:09:09, Sys 0 00:00:06  -  Run Remote Usage
		Usr 0 00:00:00, Sys 0 00:00:00  -  Run Local Usage
		Usr 0 00:09:09, Sys 0 00:00:06  -  Total Remote Usage
		Usr 0 00:00:00, Sys 0 00:00:00  -  Total Local Usage
	163  -  Run Bytes Sent By Job
	148880  -  Run Bytes Received By Job
	163  -  Total Bytes Sent By Job
	148880  -  Total Bytes Received By Job
	Partitionable Resources :    Usage  Request Allocated 
	   Cpus                 :     0.99        1         1 
	   Disk (KB)            :   164     2097152   6681209 
	   Memory (MB)          :    87        4096      4096 
	   xferslots            :                           0 

	Job terminated of its own accord at 2026-01-22T21:27:11Z with exit-code 0.
...
