000 (16235385.466.000) 2026-01-23 10:57:27 Job submitted from host: <130.199.48.128:9618?addrs=130.199.48.128-9618&alias=rcas6008.rcf.bnl.gov&noUDP&sock=schedd_18725_535a>
...
040 (16235385.466.000) 2026-01-23 12:08:50 Started transferring input files
	Transferring to host: <130.199.151.28:9618?addrs=130.199.151.28-9618&alias=spool1606.sdcc.bnl.gov&noUDP&sock=slot1_62_25111_33f0_256199>
...
040 (16235385.466.000) 2026-01-23 12:08:50 Finished transferring input files
...
001 (16235385.466.000) 2026-01-23 12:08:51 Job executing on host: <130.199.151.28:9618?addrs=130.199.151.28-9618&alias=spool1606.sdcc.bnl.gov&noUDP&sock=startd_25102_90cb>
...
006 (16235385.466.000) 2026-01-23 12:08:59 Image size of job updated: 342736
	74  -  MemoryUsage of job (MB)
	75040  -  ResidentSetSize of job (KB)
...
006 (16235385.466.000) 2026-01-23 12:13:59 Image size of job updated: 449932
	117  -  MemoryUsage of job (MB)
	118864  -  ResidentSetSize of job (KB)
...
040 (16235385.466.000) 2026-01-23 12:26:16 Started transferring output files
...
040 (16235385.466.000) 2026-01-23 12:26:16 Finished transferring output files
...
005 (16235385.466.000) 2026-01-23 12:26:16 Job terminated.
	(1) Normal termination (return value 0)
		Usr 0 00:17:04, Sys 0 00:00:12  -  Run Remote Usage
		Usr 0 00:00:00, Sys 0 00:00:00  -  Run Local Usage
		Usr 0 00:17:04, Sys 0 00:00:12  -  Total Remote Usage
		Usr 0 00:00:00, Sys 0 00:00:00  -  Total Local Usage
	233  -  Run Bytes Sent By Job
	148880  -  Run Bytes Received By Job
	233  -  Total Bytes Sent By Job
	148880  -  Total Bytes Received By Job
	Partitionable Resources :    Usage  Request Allocated 
	   Cpus                 :     0.99        1         1 
	   Disk (KB)            :   163     2097152   6681186 
	   Memory (MB)          :   117        4096      4096 
	   xferslots            :                           0 

	Job terminated of its own accord at 2026-01-23T17:26:16Z with exit-code 0.
...
