000 (15564188.876.000) 2026-01-07 21:29:41 Job submitted from host: <130.199.48.129:9618?addrs=130.199.48.129-9618&alias=rcas6009.rcf.bnl.gov&noUDP&sock=schedd_22421_101d>
...
040 (15564188.876.000) 2026-01-08 01:55:58 Started transferring input files
	Transferring to host: <130.199.186.22:9618?addrs=130.199.186.22-9618&alias=spool1819.sdcc.bnl.gov&noUDP&sock=slot1_67_95747_0b2c_202288>
...
040 (15564188.876.000) 2026-01-08 01:55:58 Finished transferring input files
...
001 (15564188.876.000) 2026-01-08 01:55:59 Job executing on host: <130.199.186.22:9618?addrs=130.199.186.22-9618&alias=spool1819.sdcc.bnl.gov&noUDP&sock=startd_95703_e40c>
...
006 (15564188.876.000) 2026-01-08 01:56:08 Image size of job updated: 420048
	83  -  MemoryUsage of job (MB)
	84948  -  ResidentSetSize of job (KB)
...
006 (15564188.876.000) 2026-01-08 02:01:09 Image size of job updated: 446964
	99  -  MemoryUsage of job (MB)
	100448  -  ResidentSetSize of job (KB)
...
040 (15564188.876.000) 2026-01-08 02:02:41 Started transferring output files
...
040 (15564188.876.000) 2026-01-08 02:02:41 Finished transferring output files
...
005 (15564188.876.000) 2026-01-08 02:02:41 Job terminated.
	(1) Normal termination (return value 0)
		Usr 0 00:06:04, Sys 0 00:00:07  -  Run Remote Usage
		Usr 0 00:00:00, Sys 0 00:00:00  -  Run Local Usage
		Usr 0 00:06:04, Sys 0 00:00:07  -  Total Remote Usage
		Usr 0 00:00:00, Sys 0 00:00:00  -  Total Local Usage
	177  -  Run Bytes Sent By Job
	144352  -  Run Bytes Received By Job
	177  -  Total Bytes Sent By Job
	144352  -  Total Bytes Received By Job
	Partitionable Resources :    Usage  Request Allocated 
	   Cpus                 :     0.99        1         1 
	   Disk (KB)            :   159     2097152   6681584 
	   Memory (MB)          :    99        4096      4096 
	   xferslots            :                           0 

	Job terminated of its own accord at 2026-01-08T07:02:41Z with exit-code 0.
...
