000 (15684821.597.000) 2026-01-19 15:56:21 Job submitted from host: <130.199.48.129:9618?addrs=130.199.48.129-9618&alias=rcas6009.rcf.bnl.gov&noUDP&sock=schedd_22421_101d>
...
040 (15684821.597.000) 2026-01-19 16:24:33 Started transferring input files
	Transferring to host: <130.199.186.75:9618?addrs=130.199.186.75-9618&alias=spool1838.sdcc.bnl.gov&noUDP&sock=slot1_62_24044_480e_249270>
...
040 (15684821.597.000) 2026-01-19 16:24:33 Finished transferring input files
...
001 (15684821.597.000) 2026-01-19 16:24:34 Job executing on host: <130.199.186.75:9618?addrs=130.199.186.75-9618&alias=spool1838.sdcc.bnl.gov&noUDP&sock=startd_24036_30a7>
...
006 (15684821.597.000) 2026-01-19 16:24:43 Image size of job updated: 420944
	72  -  MemoryUsage of job (MB)
	72928  -  ResidentSetSize of job (KB)
...
006 (15684821.597.000) 2026-01-19 16:29:43 Image size of job updated: 424560
	87  -  MemoryUsage of job (MB)
	88852  -  ResidentSetSize of job (KB)
...
006 (15684821.597.000) 2026-01-19 16:34:44 Image size of job updated: 424560
	87  -  MemoryUsage of job (MB)
	88880  -  ResidentSetSize of job (KB)
...
040 (15684821.597.000) 2026-01-19 16:36:34 Started transferring output files
...
040 (15684821.597.000) 2026-01-19 16:36:34 Finished transferring output files
...
005 (15684821.597.000) 2026-01-19 16:36:34 Job terminated.
	(1) Normal termination (return value 0)
		Usr 0 00:11:02, Sys 0 00:00:09  -  Run Remote Usage
		Usr 0 00:00:00, Sys 0 00:00:00  -  Run Local Usage
		Usr 0 00:11:02, Sys 0 00:00:09  -  Total Remote Usage
		Usr 0 00:00:00, Sys 0 00:00:00  -  Total Local Usage
	163  -  Run Bytes Sent By Job
	148880  -  Run Bytes Received By Job
	163  -  Total Bytes Sent By Job
	148880  -  Total Bytes Received By Job
	Partitionable Resources :    Usage  Request Allocated 
	   Cpus                 :     0.94        1         1 
	   Disk (KB)            :   164     2097152   6681575 
	   Memory (MB)          :    87        4096      4096 
	   xferslots            :                           0 

	Job terminated of its own accord at 2026-01-19T21:36:34Z with exit-code 0.
...
