000 (15697407.1010.000) 2026-01-21 18:36:43 Job submitted from host: <130.199.48.129:9618?addrs=130.199.48.129-9618&alias=rcas6009.rcf.bnl.gov&noUDP&sock=schedd_22421_101d>
...
040 (15697407.1010.000) 2026-01-22 17:51:28 Started transferring input files
	Transferring to host: <130.199.150.71:9618?addrs=130.199.150.71-9618&alias=spool1552.sdcc.bnl.gov&noUDP&sock=slot1_22_96733_26a6_352895>
...
040 (15697407.1010.000) 2026-01-22 17:51:28 Finished transferring input files
...
001 (15697407.1010.000) 2026-01-22 17:51:29 Job executing on host: <130.199.150.71:9618?addrs=130.199.150.71-9618&alias=spool1552.sdcc.bnl.gov&noUDP&sock=startd_96724_0641>
...
006 (15697407.1010.000) 2026-01-22 17:51:37 Image size of job updated: 104688
	71  -  MemoryUsage of job (MB)
	72520  -  ResidentSetSize of job (KB)
...
006 (15697407.1010.000) 2026-01-22 17:56:37 Image size of job updated: 450756
	95  -  MemoryUsage of job (MB)
	96396  -  ResidentSetSize of job (KB)
...
040 (15697407.1010.000) 2026-01-22 18:00:54 Started transferring output files
...
040 (15697407.1010.000) 2026-01-22 18:00:54 Finished transferring output files
...
005 (15697407.1010.000) 2026-01-22 18:00:54 Job terminated.
	(1) Normal termination (return value 0)
		Usr 0 00:09:02, Sys 0 00:00:07  -  Run Remote Usage
		Usr 0 00:00:00, Sys 0 00:00:00  -  Run Local Usage
		Usr 0 00:09:02, Sys 0 00:00:07  -  Total Remote Usage
		Usr 0 00:00:00, Sys 0 00:00:00  -  Total Local Usage
	149  -  Run Bytes Sent By Job
	148880  -  Run Bytes Received By Job
	149  -  Total Bytes Sent By Job
	148880  -  Total Bytes Received By Job
	Partitionable Resources :    Usage  Request Allocated 
	   Cpus                 :     0.99        1         1 
	   Disk (KB)            :   164     2097152   6681194 
	   Memory (MB)          :    95        4096      4096 
	   xferslots            :                           0 

	Job terminated of its own accord at 2026-01-22T23:00:53Z with exit-code 0.
...
