000 (15697407.398.000) 2026-01-21 18:36:41 Job submitted from host: <130.199.48.129:9618?addrs=130.199.48.129-9618&alias=rcas6009.rcf.bnl.gov&noUDP&sock=schedd_22421_101d>
...
040 (15697407.398.000) 2026-01-22 07:38:50 Started transferring input files
	Transferring to host: <130.199.184.157:9618?addrs=130.199.184.157-9618&alias=spool1766.sdcc.bnl.gov&noUDP&sock=slot1_85_32409_60ec_291466>
...
040 (15697407.398.000) 2026-01-22 07:38:50 Finished transferring input files
...
001 (15697407.398.000) 2026-01-22 07:38:51 Job executing on host: <130.199.184.157:9618?addrs=130.199.184.157-9618&alias=spool1766.sdcc.bnl.gov&noUDP&sock=startd_32400_4a5c>
...
006 (15697407.398.000) 2026-01-22 07:38:59 Image size of job updated: 114252
	80  -  MemoryUsage of job (MB)
	81784  -  ResidentSetSize of job (KB)
...
006 (15697407.398.000) 2026-01-22 07:43:59 Image size of job updated: 451080
	130  -  MemoryUsage of job (MB)
	132456  -  ResidentSetSize of job (KB)
...
040 (15697407.398.000) 2026-01-22 08:06:43 Started transferring output files
...
040 (15697407.398.000) 2026-01-22 08:06:43 Finished transferring output files
...
005 (15697407.398.000) 2026-01-22 08:06:43 Job terminated.
	(1) Normal termination (return value 0)
		Usr 0 00:27:25, Sys 0 00:00:24  -  Run Remote Usage
		Usr 0 00:00:00, Sys 0 00:00:00  -  Run Local Usage
		Usr 0 00:27:25, Sys 0 00:00:24  -  Total Remote Usage
		Usr 0 00:00:00, Sys 0 00:00:00  -  Total Local Usage
	275  -  Run Bytes Sent By Job
	148880  -  Run Bytes Received By Job
	275  -  Total Bytes Sent By Job
	148880  -  Total Bytes Received By Job
	Partitionable Resources :    Usage  Request Allocated 
	   Cpus                 :     1.00        1         1 
	   Disk (KB)            :   164     2097152   6681523 
	   Memory (MB)          :   130        4096      4096 
	   xferslots            :                           0 

	Job terminated of its own accord at 2026-01-22T13:06:43Z with exit-code 0.
...
