000 (15684821.1032.000) 2026-01-19 15:56:23 Job submitted from host: <130.199.48.129:9618?addrs=130.199.48.129-9618&alias=rcas6009.rcf.bnl.gov&noUDP&sock=schedd_22421_101d>
...
040 (15684821.1032.000) 2026-01-19 16:30:44 Started transferring input files
	Transferring to host: <130.199.150.70:9618?addrs=130.199.150.70-9618&alias=spool1551.sdcc.bnl.gov&noUDP&sock=slot1_65_94997_35a0_240698>
...
040 (15684821.1032.000) 2026-01-19 16:30:44 Finished transferring input files
...
001 (15684821.1032.000) 2026-01-19 16:30:45 Job executing on host: <130.199.150.70:9618?addrs=130.199.150.70-9618&alias=spool1551.sdcc.bnl.gov&noUDP&sock=startd_94985_a723>
...
006 (15684821.1032.000) 2026-01-19 16:30:54 Image size of job updated: 344508
	75  -  MemoryUsage of job (MB)
	76700  -  ResidentSetSize of job (KB)
...
006 (15684821.1032.000) 2026-01-19 16:35:54 Image size of job updated: 450816
	110  -  MemoryUsage of job (MB)
	112308  -  ResidentSetSize of job (KB)
...
040 (15684821.1032.000) 2026-01-19 16:51:18 Started transferring output files
...
040 (15684821.1032.000) 2026-01-19 16:51:18 Finished transferring output files
...
005 (15684821.1032.000) 2026-01-19 16:51:18 Job terminated.
	(1) Normal termination (return value 0)
		Usr 0 00:19:19, Sys 0 00:00:13  -  Run Remote Usage
		Usr 0 00:00:00, Sys 0 00:00:00  -  Run Local Usage
		Usr 0 00:19:19, Sys 0 00:00:13  -  Total Remote Usage
		Usr 0 00:00:00, Sys 0 00:00:00  -  Total Local Usage
	205  -  Run Bytes Sent By Job
	148880  -  Run Bytes Received By Job
	205  -  Total Bytes Sent By Job
	148880  -  Total Bytes Received By Job
	Partitionable Resources :    Usage  Request Allocated 
	   Cpus                 :     1.00        1         1 
	   Disk (KB)            :   163     2097152   6681189 
	   Memory (MB)          :   110        4096      4096 
	   xferslots            :                           0 

	Job terminated of its own accord at 2026-01-19T21:51:18Z with exit-code 0.
...
