000 (15554417.238.000) 2026-01-07 12:44:33 Job submitted from host: <130.199.48.129:9618?addrs=130.199.48.129-9618&alias=rcas6009.rcf.bnl.gov&noUDP&sock=schedd_22421_101d>
...
040 (15554417.238.000) 2026-01-07 13:18:34 Started transferring input files
	Transferring to host: <130.199.151.19:9618?addrs=130.199.151.19-9618&alias=spool1597.sdcc.bnl.gov&noUDP&sock=slot1_89_94933_f2ef_192227>
...
040 (15554417.238.000) 2026-01-07 13:18:34 Finished transferring input files
...
001 (15554417.238.000) 2026-01-07 13:18:35 Job executing on host: <130.199.151.19:9618?addrs=130.199.151.19-9618&alias=spool1597.sdcc.bnl.gov&noUDP&sock=startd_94924_58df>
...
006 (15554417.238.000) 2026-01-07 13:18:43 Image size of job updated: 421092
	93  -  MemoryUsage of job (MB)
	94416  -  ResidentSetSize of job (KB)
...
006 (15554417.238.000) 2026-01-07 13:23:43 Image size of job updated: 424596
	96  -  MemoryUsage of job (MB)
	97632  -  ResidentSetSize of job (KB)
...
040 (15554417.238.000) 2026-01-07 13:25:17 Started transferring output files
...
040 (15554417.238.000) 2026-01-07 13:25:17 Finished transferring output files
...
005 (15554417.238.000) 2026-01-07 13:25:17 Job terminated.
	(1) Normal termination (return value 0)
		Usr 0 00:06:36, Sys 0 00:00:04  -  Run Remote Usage
		Usr 0 00:00:00, Sys 0 00:00:00  -  Run Local Usage
		Usr 0 00:06:36, Sys 0 00:00:04  -  Total Remote Usage
		Usr 0 00:00:00, Sys 0 00:00:00  -  Total Local Usage
	205  -  Run Bytes Sent By Job
	144352  -  Run Bytes Received By Job
	205  -  Total Bytes Sent By Job
	144352  -  Total Bytes Received By Job
	Partitionable Resources :    Usage  Request Allocated 
	   Cpus                 :     1.00        1         1 
	   Disk (KB)            :   159     2097152   6681200 
	   Memory (MB)          :    96        4096      4096 
	   xferslots            :                           0 

	Job terminated of its own accord at 2026-01-07T18:25:17Z with exit-code 0.
...
