000 (15560432.131.000) 2026-01-07 17:58:15 Job submitted from host: <130.199.48.129:9618?addrs=130.199.48.129-9618&alias=rcas6009.rcf.bnl.gov&noUDP&sock=schedd_22421_101d>
...
040 (15560432.131.000) 2026-01-07 18:45:48 Started transferring input files
	Transferring to host: <130.199.184.210:9618?addrs=130.199.184.210-9618&alias=spool1785.sdcc.bnl.gov&noUDP&sock=slot1_11_95855_cbb7_190978>
...
040 (15560432.131.000) 2026-01-07 18:45:48 Finished transferring input files
...
001 (15560432.131.000) 2026-01-07 18:45:49 Job executing on host: <130.199.184.210:9618?addrs=130.199.184.210-9618&alias=spool1785.sdcc.bnl.gov&noUDP&sock=startd_95846_2605>
...
006 (15560432.131.000) 2026-01-07 18:45:57 Image size of job updated: 421688
	79  -  MemoryUsage of job (MB)
	80236  -  ResidentSetSize of job (KB)
...
006 (15560432.131.000) 2026-01-07 18:50:57 Image size of job updated: 424796
	102  -  MemoryUsage of job (MB)
	103852  -  ResidentSetSize of job (KB)
...
040 (15560432.131.000) 2026-01-07 18:55:03 Started transferring output files
...
040 (15560432.131.000) 2026-01-07 18:55:03 Finished transferring output files
...
005 (15560432.131.000) 2026-01-07 18:55:03 Job terminated.
	(1) Normal termination (return value 0)
		Usr 0 00:09:04, Sys 0 00:00:08  -  Run Remote Usage
		Usr 0 00:00:00, Sys 0 00:00:00  -  Run Local Usage
		Usr 0 00:09:04, Sys 0 00:00:08  -  Total Remote Usage
		Usr 0 00:00:00, Sys 0 00:00:00  -  Total Local Usage
	247  -  Run Bytes Sent By Job
	144352  -  Run Bytes Received By Job
	247  -  Total Bytes Sent By Job
	144352  -  Total Bytes Received By Job
	Partitionable Resources :    Usage  Request Allocated 
	   Cpus                 :     0.99        1         1 
	   Disk (KB)            :   159     2097152   6681617 
	   Memory (MB)          :   102        4096      4096 
	   xferslots            :                           0 

	Job terminated of its own accord at 2026-01-07T23:55:03Z with exit-code 0.
...
