000 (15684821.348.000) 2026-01-19 15:56:21 Job submitted from host: <130.199.48.129:9618?addrs=130.199.48.129-9618&alias=rcas6009.rcf.bnl.gov&noUDP&sock=schedd_22421_101d>
...
040 (15684821.348.000) 2026-01-19 16:14:33 Started transferring input files
	Transferring to host: <130.199.151.13:9618?addrs=130.199.151.13-9618&alias=spool1591.sdcc.bnl.gov&noUDP&sock=slot1_74_96806_0eb8_242953>
...
040 (15684821.348.000) 2026-01-19 16:14:33 Finished transferring input files
...
001 (15684821.348.000) 2026-01-19 16:14:34 Job executing on host: <130.199.151.13:9618?addrs=130.199.151.13-9618&alias=spool1591.sdcc.bnl.gov&noUDP&sock=startd_96788_4795>
...
006 (15684821.348.000) 2026-01-19 16:14:42 Image size of job updated: 104560
	82  -  MemoryUsage of job (MB)
	83600  -  ResidentSetSize of job (KB)
...
006 (15684821.348.000) 2026-01-19 16:19:42 Image size of job updated: 448628
	128  -  MemoryUsage of job (MB)
	130860  -  ResidentSetSize of job (KB)
...
040 (15684821.348.000) 2026-01-19 16:51:55 Started transferring output files
...
040 (15684821.348.000) 2026-01-19 16:51:55 Finished transferring output files
...
005 (15684821.348.000) 2026-01-19 16:51:55 Job terminated.
	(1) Normal termination (return value 0)
		Usr 0 00:35:24, Sys 0 00:00:23  -  Run Remote Usage
		Usr 0 00:00:00, Sys 0 00:00:00  -  Run Local Usage
		Usr 0 00:35:24, Sys 0 00:00:23  -  Total Remote Usage
		Usr 0 00:00:00, Sys 0 00:00:00  -  Total Local Usage
	303  -  Run Bytes Sent By Job
	148880  -  Run Bytes Received By Job
	303  -  Total Bytes Sent By Job
	148880  -  Total Bytes Received By Job
	Partitionable Resources :    Usage  Request Allocated 
	   Cpus                 :     0.99        1         1 
	   Disk (KB)            :   163     2097152   6681206 
	   Memory (MB)          :   128        4096      4096 
	   xferslots            :                           0 

	Job terminated of its own accord at 2026-01-19T21:51:55Z with exit-code 0.
...
