000 (15684821.1110.000) 2026-01-19 15:56:23 Job submitted from host: <130.199.48.129:9618?addrs=130.199.48.129-9618&alias=rcas6009.rcf.bnl.gov&noUDP&sock=schedd_22421_101d>
...
040 (15684821.1110.000) 2026-01-19 16:31:45 Started transferring input files
	Transferring to host: <130.199.184.209:9618?addrs=130.199.184.209-9618&alias=spool1784.sdcc.bnl.gov&noUDP&sock=slot1_34_94260_f99f_239166>
...
040 (15684821.1110.000) 2026-01-19 16:31:45 Finished transferring input files
...
001 (15684821.1110.000) 2026-01-19 16:31:46 Job executing on host: <130.199.184.209:9618?addrs=130.199.184.209-9618&alias=spool1784.sdcc.bnl.gov&noUDP&sock=startd_94248_66d5>
...
006 (15684821.1110.000) 2026-01-19 16:31:55 Image size of job updated: 99472
	67  -  MemoryUsage of job (MB)
	68564  -  ResidentSetSize of job (KB)
...
006 (15684821.1110.000) 2026-01-19 16:32:43 Image size of job updated: 449824
	67  -  MemoryUsage of job (MB)
	68564  -  ResidentSetSize of job (KB)
...
040 (15684821.1110.000) 2026-01-19 16:32:43 Started transferring output files
...
040 (15684821.1110.000) 2026-01-19 16:32:43 Finished transferring output files
...
005 (15684821.1110.000) 2026-01-19 16:32:43 Job terminated.
	(1) Normal termination (return value 0)
		Usr 0 00:00:47, Sys 0 00:00:01  -  Run Remote Usage
		Usr 0 00:00:00, Sys 0 00:00:00  -  Run Local Usage
		Usr 0 00:00:47, Sys 0 00:00:01  -  Total Remote Usage
		Usr 0 00:00:00, Sys 0 00:00:00  -  Total Local Usage
	57  -  Run Bytes Sent By Job
	148880  -  Run Bytes Received By Job
	57  -  Total Bytes Sent By Job
	148880  -  Total Bytes Received By Job
	Partitionable Resources :    Usage  Request Allocated 
	   Cpus                 :                 1         1 
	   Disk (KB)            :      157  2097152   6681570 
	   Memory (MB)          :       67     4096      4096 
	   xferslots            :                           0 

	Job terminated of its own accord at 2026-01-19T21:32:43Z with exit-code 0.
...
