000 (16235385.742.000) 2026-01-23 10:57:29 Job submitted from host: <130.199.48.128:9618?addrs=130.199.48.128-9618&alias=rcas6008.rcf.bnl.gov&noUDP&sock=schedd_18725_535a>
...
040 (16235385.742.000) 2026-01-23 12:21:30 Started transferring input files
	Transferring to host: <130.199.186.92:9618?addrs=130.199.186.92-9618&alias=spool1855.sdcc.bnl.gov&noUDP&sock=slot1_85_96054_bf16_256559>
...
040 (16235385.742.000) 2026-01-23 12:21:30 Finished transferring input files
...
001 (16235385.742.000) 2026-01-23 12:21:31 Job executing on host: <130.199.186.92:9618?addrs=130.199.186.92-9618&alias=spool1855.sdcc.bnl.gov&noUDP&sock=startd_96045_2127>
...
006 (16235385.742.000) 2026-01-23 12:21:39 Image size of job updated: 102620
	70  -  MemoryUsage of job (MB)
	71260  -  ResidentSetSize of job (KB)
...
006 (16235385.742.000) 2026-01-23 12:26:39 Image size of job updated: 423868
	94  -  MemoryUsage of job (MB)
	95644  -  ResidentSetSize of job (KB)
...
006 (16235385.742.000) 2026-01-23 12:31:40 Image size of job updated: 424428
	95  -  MemoryUsage of job (MB)
	96764  -  ResidentSetSize of job (KB)
...
040 (16235385.742.000) 2026-01-23 12:35:54 Started transferring output files
...
040 (16235385.742.000) 2026-01-23 12:35:54 Finished transferring output files
...
005 (16235385.742.000) 2026-01-23 12:35:54 Job terminated.
	(1) Normal termination (return value 0)
		Usr 0 00:13:55, Sys 0 00:00:12  -  Run Remote Usage
		Usr 0 00:00:00, Sys 0 00:00:00  -  Run Local Usage
		Usr 0 00:13:55, Sys 0 00:00:12  -  Total Remote Usage
		Usr 0 00:00:00, Sys 0 00:00:00  -  Total Local Usage
	191  -  Run Bytes Sent By Job
	148880  -  Run Bytes Received By Job
	191  -  Total Bytes Sent By Job
	148880  -  Total Bytes Received By Job
	Partitionable Resources :    Usage  Request Allocated 
	   Cpus                 :     0.99        1         1 
	   Disk (KB)            :   163     2097152   6681574 
	   Memory (MB)          :    95        4096      4096 
	   xferslots            :                           0 

	Job terminated of its own accord at 2026-01-23T17:35:54Z with exit-code 0.
...
