000 (15697407.463.000) 2026-01-21 18:36:42 Job submitted from host: <130.199.48.129:9618?addrs=130.199.48.129-9618&alias=rcas6009.rcf.bnl.gov&noUDP&sock=schedd_22421_101d>
...
040 (15697407.463.000) 2026-01-22 09:32:32 Started transferring input files
	Transferring to host: <130.199.151.22:9618?addrs=130.199.151.22-9618&alias=spool1600.sdcc.bnl.gov&noUDP&sock=slot1_29_25096_204f_260478>
...
040 (15697407.463.000) 2026-01-22 09:32:32 Finished transferring input files
...
001 (15697407.463.000) 2026-01-22 09:32:34 Job executing on host: <130.199.151.22:9618?addrs=130.199.151.22-9618&alias=spool1600.sdcc.bnl.gov&noUDP&sock=startd_25087_d17b>
...
006 (15697407.463.000) 2026-01-22 09:32:42 Image size of job updated: 447852
	63  -  MemoryUsage of job (MB)
	64296  -  ResidentSetSize of job (KB)
...
040 (15697407.463.000) 2026-01-22 09:32:49 Started transferring output files
...
040 (15697407.463.000) 2026-01-22 09:32:50 Finished transferring output files
...
005 (15697407.463.000) 2026-01-22 09:32:50 Job terminated.
	(1) Normal termination (return value 0)
		Usr 0 00:00:13, Sys 0 00:00:00  -  Run Remote Usage
		Usr 0 00:00:00, Sys 0 00:00:00  -  Run Local Usage
		Usr 0 00:00:13, Sys 0 00:00:00  -  Total Remote Usage
		Usr 0 00:00:00, Sys 0 00:00:00  -  Total Local Usage
	31  -  Run Bytes Sent By Job
	148880  -  Run Bytes Received By Job
	31  -  Total Bytes Sent By Job
	148880  -  Total Bytes Received By Job
	Partitionable Resources :    Usage  Request Allocated 
	   Cpus                 :                 1         1 
	   Disk (KB)            :      157  2097152   6681187 
	   Memory (MB)          :       63     4096      4096 
	   xferslots            :                           0 

	Job terminated of its own accord at 2026-01-22T14:32:49Z with exit-code 0.
...
