000 (15697407.725.000) 2026-01-21 18:36:42 Job submitted from host: <130.199.48.129:9618?addrs=130.199.48.129-9618&alias=rcas6009.rcf.bnl.gov&noUDP&sock=schedd_22421_101d>
...
040 (15697407.725.000) 2026-01-22 14:25:41 Started transferring input files
	Transferring to host: <130.199.184.212:9618?addrs=130.199.184.212-9618&alias=spool1787.sdcc.bnl.gov&noUDP&sock=slot1_16_94132_743d_287314>
...
040 (15697407.725.000) 2026-01-22 14:25:42 Finished transferring input files
...
001 (15697407.725.000) 2026-01-22 14:25:43 Job executing on host: <130.199.184.212:9618?addrs=130.199.184.212-9618&alias=spool1787.sdcc.bnl.gov&noUDP&sock=startd_94123_d73c>
...
006 (15697407.725.000) 2026-01-22 14:25:51 Image size of job updated: 122976
	89  -  MemoryUsage of job (MB)
	90508  -  ResidentSetSize of job (KB)
...
006 (15697407.725.000) 2026-01-22 14:31:04 Image size of job updated: 448008
	106  -  MemoryUsage of job (MB)
	107640  -  ResidentSetSize of job (KB)
...
040 (15697407.725.000) 2026-01-22 14:39:51 Started transferring output files
...
040 (15697407.725.000) 2026-01-22 14:39:51 Finished transferring output files
...
005 (15697407.725.000) 2026-01-22 14:39:51 Job terminated.
	(1) Normal termination (return value 0)
		Usr 0 00:13:57, Sys 0 00:00:10  -  Run Remote Usage
		Usr 0 00:00:00, Sys 0 00:00:00  -  Run Local Usage
		Usr 0 00:13:57, Sys 0 00:00:10  -  Total Remote Usage
		Usr 0 00:00:00, Sys 0 00:00:00  -  Total Local Usage
	205  -  Run Bytes Sent By Job
	148880  -  Run Bytes Received By Job
	205  -  Total Bytes Sent By Job
	148880  -  Total Bytes Received By Job
	Partitionable Resources :    Usage  Request Allocated 
	   Cpus                 :     1.00        1         1 
	   Disk (KB)            :   164     2097152   6681558 
	   Memory (MB)          :   106        4096      4096 
	   xferslots            :                           0 

	Job terminated of its own accord at 2026-01-22T19:39:51Z with exit-code 0.
...
