000 (15684821.066.000) 2026-01-19 15:56:20 Job submitted from host: <130.199.48.129:9618?addrs=130.199.48.129-9618&alias=rcas6009.rcf.bnl.gov&noUDP&sock=schedd_22421_101d>
...
040 (15684821.066.000) 2026-01-19 15:59:51 Started transferring input files
	Transferring to host: <130.199.151.17:9618?addrs=130.199.151.17-9618&alias=spool1595.sdcc.bnl.gov&noUDP&sock=slot1_6_56003_4361_245413>
...
040 (15684821.066.000) 2026-01-19 15:59:51 Finished transferring input files
...
001 (15684821.066.000) 2026-01-19 15:59:52 Job executing on host: <130.199.151.17:9618?addrs=130.199.151.17-9618&alias=spool1595.sdcc.bnl.gov&noUDP&sock=startd_55988_983d>
...
006 (15684821.066.000) 2026-01-19 16:00:01 Image size of job updated: 109992
	76  -  MemoryUsage of job (MB)
	77520  -  ResidentSetSize of job (KB)
...
006 (15684821.066.000) 2026-01-19 16:05:01 Image size of job updated: 449328
	111  -  MemoryUsage of job (MB)
	113292  -  ResidentSetSize of job (KB)
...
040 (15684821.066.000) 2026-01-19 16:19:10 Started transferring output files
...
040 (15684821.066.000) 2026-01-19 16:19:10 Finished transferring output files
...
005 (15684821.066.000) 2026-01-19 16:19:10 Job terminated.
	(1) Normal termination (return value 0)
		Usr 0 00:18:38, Sys 0 00:00:11  -  Run Remote Usage
		Usr 0 00:00:00, Sys 0 00:00:00  -  Run Local Usage
		Usr 0 00:18:38, Sys 0 00:00:11  -  Total Remote Usage
		Usr 0 00:00:00, Sys 0 00:00:00  -  Total Local Usage
	219  -  Run Bytes Sent By Job
	148880  -  Run Bytes Received By Job
	219  -  Total Bytes Sent By Job
	148880  -  Total Bytes Received By Job
	Partitionable Resources :    Usage  Request Allocated 
	   Cpus                 :     0.96        1         1 
	   Disk (KB)            :   164     2097152   6681209 
	   Memory (MB)          :   111        4096      4096 
	   xferslots            :                           0 

	Job terminated of its own accord at 2026-01-19T21:19:09Z with exit-code 0.
...
