000 (15697407.232.000) 2026-01-21 18:36:41 Job submitted from host: <130.199.48.129:9618?addrs=130.199.48.129-9618&alias=rcas6009.rcf.bnl.gov&noUDP&sock=schedd_22421_101d>
...
040 (15697407.232.000) 2026-01-22 01:47:42 Started transferring input files
	Transferring to host: <130.199.150.72:9618?addrs=130.199.150.72-9618&alias=spool1553.sdcc.bnl.gov&noUDP&sock=slot1_28_35675_244e_251135>
...
040 (15697407.232.000) 2026-01-22 01:47:42 Finished transferring input files
...
001 (15697407.232.000) 2026-01-22 01:47:43 Job executing on host: <130.199.150.72:9618?addrs=130.199.150.72-9618&alias=spool1553.sdcc.bnl.gov&noUDP&sock=startd_35666_f030>
...
006 (15697407.232.000) 2026-01-22 01:47:52 Image size of job updated: 448972
	73  -  MemoryUsage of job (MB)
	73864  -  ResidentSetSize of job (KB)
...
040 (15697407.232.000) 2026-01-22 01:51:27 Started transferring output files
...
040 (15697407.232.000) 2026-01-22 01:51:27 Finished transferring output files
...
005 (15697407.232.000) 2026-01-22 01:51:27 Job terminated.
	(1) Normal termination (return value 0)
		Usr 0 00:03:34, Sys 0 00:00:04  -  Run Remote Usage
		Usr 0 00:00:00, Sys 0 00:00:00  -  Run Local Usage
		Usr 0 00:03:34, Sys 0 00:00:04  -  Total Remote Usage
		Usr 0 00:00:00, Sys 0 00:00:00  -  Total Local Usage
	109  -  Run Bytes Sent By Job
	148880  -  Run Bytes Received By Job
	109  -  Total Bytes Sent By Job
	148880  -  Total Bytes Received By Job
	Partitionable Resources :    Usage  Request Allocated 
	   Cpus                 :     0.99        1         1 
	   Disk (KB)            :   164     2097152   6681183 
	   Memory (MB)          :    73        4096      4096 
	   xferslots            :                           0 

	Job terminated of its own accord at 2026-01-22T06:51:27Z with exit-code 0.
...
