000 (15697407.1021.000) 2026-01-21 18:36:43 Job submitted from host: <130.199.48.129:9618?addrs=130.199.48.129-9618&alias=rcas6009.rcf.bnl.gov&noUDP&sock=schedd_22421_101d>
...
040 (15697407.1021.000) 2026-01-22 17:57:58 Started transferring input files
	Transferring to host: <130.199.186.28:9618?addrs=130.199.186.28-9618&alias=spool1825.sdcc.bnl.gov&noUDP&sock=slot1_16_94014_5146_274576>
...
040 (15697407.1021.000) 2026-01-22 17:57:58 Finished transferring input files
...
001 (15697407.1021.000) 2026-01-22 17:58:00 Job executing on host: <130.199.186.28:9618?addrs=130.199.186.28-9618&alias=spool1825.sdcc.bnl.gov&noUDP&sock=startd_94005_7ec9>
...
006 (15697407.1021.000) 2026-01-22 17:58:08 Image size of job updated: 334048
	75  -  MemoryUsage of job (MB)
	76548  -  ResidentSetSize of job (KB)
...
006 (15697407.1021.000) 2026-01-22 18:03:08 Image size of job updated: 450924
	108  -  MemoryUsage of job (MB)
	109912  -  ResidentSetSize of job (KB)
...
040 (15697407.1021.000) 2026-01-22 18:14:07 Started transferring output files
...
040 (15697407.1021.000) 2026-01-22 18:14:07 Finished transferring output files
...
005 (15697407.1021.000) 2026-01-22 18:14:07 Job terminated.
	(1) Normal termination (return value 0)
		Usr 0 00:15:26, Sys 0 00:00:11  -  Run Remote Usage
		Usr 0 00:00:00, Sys 0 00:00:00  -  Run Local Usage
		Usr 0 00:15:26, Sys 0 00:00:11  -  Total Remote Usage
		Usr 0 00:00:00, Sys 0 00:00:00  -  Total Local Usage
	205  -  Run Bytes Sent By Job
	148880  -  Run Bytes Received By Job
	205  -  Total Bytes Sent By Job
	148880  -  Total Bytes Received By Job
	Partitionable Resources :    Usage  Request Allocated 
	   Cpus                 :     1.00        1         1 
	   Disk (KB)            :   164     2097152   6681577 
	   Memory (MB)          :   108        4096      4096 
	   xferslots            :                           0 

	Job terminated of its own accord at 2026-01-22T23:14:07Z with exit-code 0.
...
