000 (15697407.288.000) 2026-01-21 18:36:41 Job submitted from host: <130.199.48.129:9618?addrs=130.199.48.129-9618&alias=rcas6009.rcf.bnl.gov&noUDP&sock=schedd_22421_101d>
...
040 (15697407.288.000) 2026-01-22 04:26:45 Started transferring input files
	Transferring to host: <130.199.186.82:9618?addrs=130.199.186.82-9618&alias=spool1845.sdcc.bnl.gov&noUDP&sock=slot1_46_95953_29d6_276616>
...
040 (15697407.288.000) 2026-01-22 04:26:45 Finished transferring input files
...
001 (15697407.288.000) 2026-01-22 04:26:46 Job executing on host: <130.199.186.82:9618?addrs=130.199.186.82-9618&alias=spool1845.sdcc.bnl.gov&noUDP&sock=startd_95944_2a0e>
...
006 (15697407.288.000) 2026-01-22 04:26:54 Image size of job updated: 422292
	65  -  MemoryUsage of job (MB)
	66436  -  ResidentSetSize of job (KB)
...
006 (15697407.288.000) 2026-01-22 04:27:23 Image size of job updated: 423684
	65  -  MemoryUsage of job (MB)
	66436  -  ResidentSetSize of job (KB)
...
040 (15697407.288.000) 2026-01-22 04:27:24 Started transferring output files
...
040 (15697407.288.000) 2026-01-22 04:27:24 Finished transferring output files
...
005 (15697407.288.000) 2026-01-22 04:27:24 Job terminated.
	(1) Normal termination (return value 0)
		Usr 0 00:00:33, Sys 0 00:00:01  -  Run Remote Usage
		Usr 0 00:00:00, Sys 0 00:00:00  -  Run Local Usage
		Usr 0 00:00:33, Sys 0 00:00:01  -  Total Remote Usage
		Usr 0 00:00:00, Sys 0 00:00:00  -  Total Local Usage
	44  -  Run Bytes Sent By Job
	148880  -  Run Bytes Received By Job
	44  -  Total Bytes Sent By Job
	148880  -  Total Bytes Received By Job
	Partitionable Resources :    Usage  Request Allocated 
	   Cpus                 :                 1         1 
	   Disk (KB)            :      156  2097152   6681560 
	   Memory (MB)          :       65     4096      4096 
	   xferslots            :                           0 

	Job terminated of its own accord at 2026-01-22T09:27:23Z with exit-code 0.
...
