000 (15684821.514.000) 2026-01-19 15:56:21 Job submitted from host: <130.199.48.129:9618?addrs=130.199.48.129-9618&alias=rcas6009.rcf.bnl.gov&noUDP&sock=schedd_22421_101d>
...
040 (15684821.514.000) 2026-01-19 16:22:53 Started transferring input files
	Transferring to host: <130.199.150.78:9618?addrs=130.199.150.78-9618&alias=spool1559.sdcc.bnl.gov&noUDP&sock=slot1_45_24669_cf59_245920>
...
040 (15684821.514.000) 2026-01-19 16:22:53 Finished transferring input files
...
001 (15684821.514.000) 2026-01-19 16:22:54 Job executing on host: <130.199.150.78:9618?addrs=130.199.150.78-9618&alias=spool1559.sdcc.bnl.gov&noUDP&sock=startd_24661_fea2>
...
006 (15684821.514.000) 2026-01-19 16:23:03 Image size of job updated: 88832
	75  -  MemoryUsage of job (MB)
	76512  -  ResidentSetSize of job (KB)
...
006 (15684821.514.000) 2026-01-19 16:28:04 Image size of job updated: 450648
	116  -  MemoryUsage of job (MB)
	118056  -  ResidentSetSize of job (KB)
...
040 (15684821.514.000) 2026-01-19 16:47:33 Started transferring output files
...
040 (15684821.514.000) 2026-01-19 16:47:33 Finished transferring output files
...
005 (15684821.514.000) 2026-01-19 16:47:34 Job terminated.
	(1) Normal termination (return value 0)
		Usr 0 00:23:00, Sys 0 00:00:15  -  Run Remote Usage
		Usr 0 00:00:00, Sys 0 00:00:00  -  Run Local Usage
		Usr 0 00:23:00, Sys 0 00:00:15  -  Total Remote Usage
		Usr 0 00:00:00, Sys 0 00:00:00  -  Total Local Usage
	233  -  Run Bytes Sent By Job
	148880  -  Run Bytes Received By Job
	233  -  Total Bytes Sent By Job
	148880  -  Total Bytes Received By Job
	Partitionable Resources :    Usage  Request Allocated 
	   Cpus                 :     0.98        1         1 
	   Disk (KB)            :   163     2097152   6681170 
	   Memory (MB)          :   116        4096      4096 
	   xferslots            :                           0 

	Job terminated of its own accord at 2026-01-19T21:47:33Z with exit-code 0.
...
