000 (15564188.114.000) 2026-01-07 21:29:39 Job submitted from host: <130.199.48.129:9618?addrs=130.199.48.129-9618&alias=rcas6009.rcf.bnl.gov&noUDP&sock=schedd_22421_101d>
...
040 (15564188.114.000) 2026-01-07 23:43:27 Started transferring input files
	Transferring to host: <130.199.186.20:9618?addrs=130.199.186.20-9618&alias=spool1817.sdcc.bnl.gov&noUDP&sock=slot1_26_24187_e112_248995>
...
040 (15564188.114.000) 2026-01-07 23:43:27 Finished transferring input files
...
001 (15564188.114.000) 2026-01-07 23:43:28 Job executing on host: <130.199.186.20:9618?addrs=130.199.186.20-9618&alias=spool1817.sdcc.bnl.gov&noUDP&sock=startd_24178_219a>
...
006 (15564188.114.000) 2026-01-07 23:43:37 Image size of job updated: 75308
	40  -  MemoryUsage of job (MB)
	40408  -  ResidentSetSize of job (KB)
...
006 (15564188.114.000) 2026-01-07 23:48:38 Image size of job updated: 446992
	108  -  MemoryUsage of job (MB)
	109616  -  ResidentSetSize of job (KB)
...
040 (15564188.114.000) 2026-01-07 23:52:22 Started transferring output files
...
040 (15564188.114.000) 2026-01-07 23:52:22 Finished transferring output files
...
005 (15564188.114.000) 2026-01-07 23:52:22 Job terminated.
	(1) Normal termination (return value 0)
		Usr 0 00:07:48, Sys 0 00:00:07  -  Run Remote Usage
		Usr 0 00:00:00, Sys 0 00:00:00  -  Run Local Usage
		Usr 0 00:07:48, Sys 0 00:00:07  -  Total Remote Usage
		Usr 0 00:00:00, Sys 0 00:00:00  -  Total Local Usage
	219  -  Run Bytes Sent By Job
	144352  -  Run Bytes Received By Job
	219  -  Total Bytes Sent By Job
	144352  -  Total Bytes Received By Job
	Partitionable Resources :    Usage  Request Allocated 
	   Cpus                 :     0.90        1         1 
	   Disk (KB)            :   159     2097152   6681552 
	   Memory (MB)          :   108        4096      4096 
	   xferslots            :                           0 

	Job terminated of its own accord at 2026-01-08T04:52:22Z with exit-code 0.
...
