000 (15554417.001.000) 2026-01-07 12:44:32 Job submitted from host: <130.199.48.129:9618?addrs=130.199.48.129-9618&alias=rcas6009.rcf.bnl.gov&noUDP&sock=schedd_22421_101d>
...
040 (15554417.001.000) 2026-01-07 12:44:40 Started transferring input files
	Transferring to host: <130.199.186.89:9618?addrs=130.199.186.89-9618&alias=spool1852.sdcc.bnl.gov&noUDP&sock=slot1_62_94012_d731_243811>
...
040 (15554417.001.000) 2026-01-07 12:44:40 Finished transferring input files
...
001 (15554417.001.000) 2026-01-07 12:44:41 Job executing on host: <130.199.186.89:9618?addrs=130.199.186.89-9618&alias=spool1852.sdcc.bnl.gov&noUDP&sock=startd_94003_dcbe>
...
006 (15554417.001.000) 2026-01-07 12:44:50 Image size of job updated: 422768
	76  -  MemoryUsage of job (MB)
	76864  -  ResidentSetSize of job (KB)
...
006 (15554417.001.000) 2026-01-07 12:45:31 Image size of job updated: 451044
	76  -  MemoryUsage of job (MB)
	76864  -  ResidentSetSize of job (KB)
...
040 (15554417.001.000) 2026-01-07 12:45:31 Started transferring output files
...
040 (15554417.001.000) 2026-01-07 12:45:31 Finished transferring output files
...
005 (15554417.001.000) 2026-01-07 12:45:31 Job terminated.
	(1) Normal termination (return value 0)
		Usr 0 00:00:47, Sys 0 00:00:00  -  Run Remote Usage
		Usr 0 00:00:00, Sys 0 00:00:00  -  Run Local Usage
		Usr 0 00:00:47, Sys 0 00:00:00  -  Total Remote Usage
		Usr 0 00:00:00, Sys 0 00:00:00  -  Total Local Usage
	109  -  Run Bytes Sent By Job
	144352  -  Run Bytes Received By Job
	109  -  Total Bytes Sent By Job
	144352  -  Total Bytes Received By Job
	Partitionable Resources :    Usage  Request Allocated 
	   Cpus                 :     1.00        1         1 
	   Disk (KB)            :   158     2097152   6681569 
	   Memory (MB)          :    76        4096      4096 
	   xferslots            :                           0 

	Job terminated of its own accord at 2026-01-07T17:45:31Z with exit-code 0.
...
