000 (16235385.381.000) 2026-01-23 10:57:27 Job submitted from host: <130.199.48.128:9618?addrs=130.199.48.128-9618&alias=rcas6008.rcf.bnl.gov&noUDP&sock=schedd_18725_535a>
...
040 (16235385.381.000) 2026-01-23 12:06:17 Started transferring input files
	Transferring to host: <130.199.184.156:9618?addrs=130.199.184.156-9618&alias=spool1765.sdcc.bnl.gov&noUDP&sock=slot1_26_58527_198d_260586>
...
040 (16235385.381.000) 2026-01-23 12:06:17 Finished transferring input files
...
001 (16235385.381.000) 2026-01-23 12:06:18 Job executing on host: <130.199.184.156:9618?addrs=130.199.184.156-9618&alias=spool1765.sdcc.bnl.gov&noUDP&sock=startd_58518_4ec8>
...
006 (16235385.381.000) 2026-01-23 12:06:26 Image size of job updated: 342736
	40  -  MemoryUsage of job (MB)
	40728  -  ResidentSetSize of job (KB)
...
006 (16235385.381.000) 2026-01-23 12:11:27 Image size of job updated: 449992
	112  -  MemoryUsage of job (MB)
	114288  -  ResidentSetSize of job (KB)
...
006 (16235385.381.000) 2026-01-23 12:21:28 Image size of job updated: 449992
	112  -  MemoryUsage of job (MB)
	114292  -  ResidentSetSize of job (KB)
...
040 (16235385.381.000) 2026-01-23 12:24:20 Started transferring output files
...
040 (16235385.381.000) 2026-01-23 12:24:20 Finished transferring output files
...
005 (16235385.381.000) 2026-01-23 12:24:20 Job terminated.
	(1) Normal termination (return value 0)
		Usr 0 00:17:32, Sys 0 00:00:14  -  Run Remote Usage
		Usr 0 00:00:00, Sys 0 00:00:00  -  Run Local Usage
		Usr 0 00:17:32, Sys 0 00:00:14  -  Total Remote Usage
		Usr 0 00:00:00, Sys 0 00:00:00  -  Total Local Usage
	219  -  Run Bytes Sent By Job
	148880  -  Run Bytes Received By Job
	219  -  Total Bytes Sent By Job
	148880  -  Total Bytes Received By Job
	Partitionable Resources :    Usage  Request Allocated 
	   Cpus                 :     1.00        1         1 
	   Disk (KB)            :   164     2097152   6681570 
	   Memory (MB)          :   112        4096      4096 
	   xferslots            :                           0 

	Job terminated of its own accord at 2026-01-23T17:24:20Z with exit-code 0.
...
