000 (15697407.038.000) 2026-01-21 18:36:41 Job submitted from host: <130.199.48.129:9618?addrs=130.199.48.129-9618&alias=rcas6009.rcf.bnl.gov&noUDP&sock=schedd_22421_101d>
...
040 (15697407.038.000) 2026-01-21 19:04:35 Started transferring input files
	Transferring to host: <130.199.151.5:9618?addrs=130.199.151.5-9618&alias=spool1583.sdcc.bnl.gov&noUDP&sock=slot1_17_95004_60eb_365314>
...
040 (15697407.038.000) 2026-01-21 19:04:35 Finished transferring input files
...
001 (15697407.038.000) 2026-01-21 19:04:36 Job executing on host: <130.199.151.5:9618?addrs=130.199.151.5-9618&alias=spool1583.sdcc.bnl.gov&noUDP&sock=startd_94995_d158>
...
006 (15697407.038.000) 2026-01-21 19:04:44 Image size of job updated: 340104
	80  -  MemoryUsage of job (MB)
	81056  -  ResidentSetSize of job (KB)
...
006 (15697407.038.000) 2026-01-21 19:09:44 Image size of job updated: 423940
	106  -  MemoryUsage of job (MB)
	108172  -  ResidentSetSize of job (KB)
...
006 (15697407.038.000) 2026-01-21 19:14:45 Image size of job updated: 424340
	107  -  MemoryUsage of job (MB)
	109176  -  ResidentSetSize of job (KB)
...
006 (15697407.038.000) 2026-01-21 19:19:46 Image size of job updated: 424340
	107  -  MemoryUsage of job (MB)
	109184  -  ResidentSetSize of job (KB)
...
006 (15697407.038.000) 2026-01-21 19:24:46 Image size of job updated: 424340
	107  -  MemoryUsage of job (MB)
	109208  -  ResidentSetSize of job (KB)
...
040 (15697407.038.000) 2026-01-21 19:34:12 Started transferring output files
...
040 (15697407.038.000) 2026-01-21 19:34:12 Finished transferring output files
...
005 (15697407.038.000) 2026-01-21 19:34:12 Job terminated.
	(1) Normal termination (return value 0)
		Usr 0 00:28:45, Sys 0 00:00:23  -  Run Remote Usage
		Usr 0 00:00:00, Sys 0 00:00:00  -  Run Local Usage
		Usr 0 00:28:45, Sys 0 00:00:23  -  Total Remote Usage
		Usr 0 00:00:00, Sys 0 00:00:00  -  Total Local Usage
	275  -  Run Bytes Sent By Job
	148880  -  Run Bytes Received By Job
	275  -  Total Bytes Sent By Job
	148880  -  Total Bytes Received By Job
	Partitionable Resources :    Usage  Request Allocated 
	   Cpus                 :     0.99        1         1 
	   Disk (KB)            :   164     2097152   6681171 
	   Memory (MB)          :   107        4096      4096 
	   xferslots            :                           0 

	Job terminated of its own accord at 2026-01-22T00:34:12Z with exit-code 0.
...
