000 (15697407.1108.000) 2026-01-21 18:36:43 Job submitted from host: <130.199.48.129:9618?addrs=130.199.48.129-9618&alias=rcas6009.rcf.bnl.gov&noUDP&sock=schedd_22421_101d>
...
040 (15697407.1108.000) 2026-01-22 18:48:14 Started transferring input files
	Transferring to host: <130.199.186.28:9618?addrs=130.199.186.28-9618&alias=spool1825.sdcc.bnl.gov&noUDP&sock=slot1_22_94014_5146_274666>
...
040 (15697407.1108.000) 2026-01-22 18:48:15 Finished transferring input files
...
001 (15697407.1108.000) 2026-01-22 18:48:15 Job executing on host: <130.199.186.28:9618?addrs=130.199.186.28-9618&alias=spool1825.sdcc.bnl.gov&noUDP&sock=startd_94005_7ec9>
...
006 (15697407.1108.000) 2026-01-22 18:48:24 Image size of job updated: 351780
	66  -  MemoryUsage of job (MB)
	67208  -  ResidentSetSize of job (KB)
...
006 (15697407.1108.000) 2026-01-22 18:52:11 Image size of job updated: 448684
	66  -  MemoryUsage of job (MB)
	67208  -  ResidentSetSize of job (KB)
...
040 (15697407.1108.000) 2026-01-22 18:52:11 Started transferring output files
...
040 (15697407.1108.000) 2026-01-22 18:52:11 Finished transferring output files
...
005 (15697407.1108.000) 2026-01-22 18:52:11 Job terminated.
	(1) Normal termination (return value 0)
		Usr 0 00:03:37, Sys 0 00:00:02  -  Run Remote Usage
		Usr 0 00:00:00, Sys 0 00:00:00  -  Run Local Usage
		Usr 0 00:03:37, Sys 0 00:00:02  -  Total Remote Usage
		Usr 0 00:00:00, Sys 0 00:00:00  -  Total Local Usage
	122  -  Run Bytes Sent By Job
	148880  -  Run Bytes Received By Job
	122  -  Total Bytes Sent By Job
	148880  -  Total Bytes Received By Job
	Partitionable Resources :    Usage  Request Allocated 
	   Cpus                 :     1.00        1         1 
	   Disk (KB)            :   163     2097152   6681577 
	   Memory (MB)          :    66        4096      4096 
	   xferslots            :                           0 

	Job terminated of its own accord at 2026-01-22T23:52:11Z with exit-code 0.
...
