000 (15554417.430.000) 2026-01-07 12:44:33 Job submitted from host: <130.199.48.129:9618?addrs=130.199.48.129-9618&alias=rcas6009.rcf.bnl.gov&noUDP&sock=schedd_22421_101d>
...
040 (15554417.430.000) 2026-01-07 13:40:21 Started transferring input files
	Transferring to host: <130.199.151.16:9618?addrs=130.199.151.16-9618&alias=spool1594.sdcc.bnl.gov&noUDP&sock=slot1_32_96956_d307_188697>
...
040 (15554417.430.000) 2026-01-07 13:40:21 Finished transferring input files
...
001 (15554417.430.000) 2026-01-07 13:40:22 Job executing on host: <130.199.151.16:9618?addrs=130.199.151.16-9618&alias=spool1594.sdcc.bnl.gov&noUDP&sock=startd_96947_99e2>
...
006 (15554417.430.000) 2026-01-07 13:40:30 Image size of job updated: 420244
	78  -  MemoryUsage of job (MB)
	79064  -  ResidentSetSize of job (KB)
...
006 (15554417.430.000) 2026-01-07 13:45:30 Image size of job updated: 424780
	98  -  MemoryUsage of job (MB)
	99508  -  ResidentSetSize of job (KB)
...
040 (15554417.430.000) 2026-01-07 13:48:24 Started transferring output files
...
040 (15554417.430.000) 2026-01-07 13:48:24 Finished transferring output files
...
005 (15554417.430.000) 2026-01-07 13:48:24 Job terminated.
	(1) Normal termination (return value 0)
		Usr 0 00:07:53, Sys 0 00:00:07  -  Run Remote Usage
		Usr 0 00:00:00, Sys 0 00:00:00  -  Run Local Usage
		Usr 0 00:07:53, Sys 0 00:00:07  -  Total Remote Usage
		Usr 0 00:00:00, Sys 0 00:00:00  -  Total Local Usage
	233  -  Run Bytes Sent By Job
	144352  -  Run Bytes Received By Job
	233  -  Total Bytes Sent By Job
	144352  -  Total Bytes Received By Job
	Partitionable Resources :    Usage  Request Allocated 
	   Cpus                 :     1.00        1         1 
	   Disk (KB)            :   159     2097152   6681187 
	   Memory (MB)          :    98        4096      4096 
	   xferslots            :                           0 

	Job terminated of its own accord at 2026-01-07T18:48:24Z with exit-code 0.
...
