000 (15697407.993.000) 2026-01-21 18:36:43 Job submitted from host: <130.199.48.129:9618?addrs=130.199.48.129-9618&alias=rcas6009.rcf.bnl.gov&noUDP&sock=schedd_22421_101d>
...
040 (15697407.993.000) 2026-01-22 17:30:15 Started transferring input files
	Transferring to host: <130.199.184.206:9618?addrs=130.199.184.206-9618&alias=spool1781.sdcc.bnl.gov&noUDP&sock=slot1_28_94252_1149_313465>
...
040 (15697407.993.000) 2026-01-22 17:30:15 Finished transferring input files
...
001 (15697407.993.000) 2026-01-22 17:30:16 Job executing on host: <130.199.184.206:9618?addrs=130.199.184.206-9618&alias=spool1781.sdcc.bnl.gov&noUDP&sock=startd_94243_d1ba>
...
006 (15697407.993.000) 2026-01-22 17:30:24 Image size of job updated: 447988
	80  -  MemoryUsage of job (MB)
	80984  -  ResidentSetSize of job (KB)
...
006 (15697407.993.000) 2026-01-22 17:35:24 Image size of job updated: 447988
	92  -  MemoryUsage of job (MB)
	94020  -  ResidentSetSize of job (KB)
...
040 (15697407.993.000) 2026-01-22 17:39:11 Started transferring output files
...
040 (15697407.993.000) 2026-01-22 17:39:11 Finished transferring output files
...
005 (15697407.993.000) 2026-01-22 17:39:11 Job terminated.
	(1) Normal termination (return value 0)
		Usr 0 00:08:47, Sys 0 00:00:06  -  Run Remote Usage
		Usr 0 00:00:00, Sys 0 00:00:00  -  Run Local Usage
		Usr 0 00:08:47, Sys 0 00:00:06  -  Total Remote Usage
		Usr 0 00:00:00, Sys 0 00:00:00  -  Total Local Usage
	149  -  Run Bytes Sent By Job
	148880  -  Run Bytes Received By Job
	149  -  Total Bytes Sent By Job
	148880  -  Total Bytes Received By Job
	Partitionable Resources :    Usage  Request Allocated 
	   Cpus                 :     1.00        1         1 
	   Disk (KB)            :   164     2097152   6681565 
	   Memory (MB)          :    92        4096      4096 
	   xferslots            :                           0 

	Job terminated of its own accord at 2026-01-22T22:39:11Z with exit-code 0.
...
