000 (15554417.221.000) 2026-01-07 12:44:33 Job submitted from host: <130.199.48.129:9618?addrs=130.199.48.129-9618&alias=rcas6009.rcf.bnl.gov&noUDP&sock=schedd_22421_101d>
...
040 (15554417.221.000) 2026-01-07 13:17:39 Started transferring input files
	Transferring to host: <130.199.151.14:9618?addrs=130.199.151.14-9618&alias=spool1592.sdcc.bnl.gov&noUDP&sock=slot1_44_96745_0327_185022>
...
040 (15554417.221.000) 2026-01-07 13:17:39 Finished transferring input files
...
001 (15554417.221.000) 2026-01-07 13:17:40 Job executing on host: <130.199.151.14:9618?addrs=130.199.151.14-9618&alias=spool1592.sdcc.bnl.gov&noUDP&sock=startd_96736_d281>
...
006 (15554417.221.000) 2026-01-07 13:17:49 Image size of job updated: 641276
	126  -  MemoryUsage of job (MB)
	128892  -  ResidentSetSize of job (KB)
...
006 (15554417.221.000) 2026-01-07 13:22:50 Image size of job updated: 641276
	130  -  MemoryUsage of job (MB)
	132932  -  ResidentSetSize of job (KB)
...
006 (15554417.221.000) 2026-01-07 13:37:51 Image size of job updated: 646820
	134  -  MemoryUsage of job (MB)
	136204  -  ResidentSetSize of job (KB)
...
040 (15554417.221.000) 2026-01-07 13:39:25 Started transferring output files
...
040 (15554417.221.000) 2026-01-07 13:39:25 Finished transferring output files
...
005 (15554417.221.000) 2026-01-07 13:39:25 Job terminated.
	(1) Normal termination (return value 0)
		Usr 0 00:20:26, Sys 0 00:00:50  -  Run Remote Usage
		Usr 0 00:00:00, Sys 0 00:00:00  -  Run Local Usage
		Usr 0 00:20:26, Sys 0 00:00:50  -  Total Remote Usage
		Usr 0 00:00:00, Sys 0 00:00:00  -  Total Local Usage
	373  -  Run Bytes Sent By Job
	144352  -  Run Bytes Received By Job
	373  -  Total Bytes Sent By Job
	144352  -  Total Bytes Received By Job
	Partitionable Resources :    Usage  Request Allocated 
	   Cpus                 :     1.00        1         1 
	   Disk (KB)            :   159     2097152   6681187 
	   Memory (MB)          :   134        4096      4096 
	   xferslots            :                           0 

	Job terminated of its own accord at 2026-01-07T18:39:25Z with exit-code 0.
...
