000 (15684821.582.000) 2026-01-19 15:56:21 Job submitted from host: <130.199.48.129:9618?addrs=130.199.48.129-9618&alias=rcas6009.rcf.bnl.gov&noUDP&sock=schedd_22421_101d>
...
040 (15684821.582.000) 2026-01-19 16:24:19 Started transferring input files
	Transferring to host: <130.199.184.156:9618?addrs=130.199.184.156-9618&alias=spool1765.sdcc.bnl.gov&noUDP&sock=slot1_47_58527_198d_243629>
...
040 (15684821.582.000) 2026-01-19 16:24:19 Finished transferring input files
...
001 (15684821.582.000) 2026-01-19 16:24:20 Job executing on host: <130.199.184.156:9618?addrs=130.199.184.156-9618&alias=spool1765.sdcc.bnl.gov&noUDP&sock=startd_58518_4ec8>
...
006 (15684821.582.000) 2026-01-19 16:24:29 Image size of job updated: 393344
	63  -  MemoryUsage of job (MB)
	63996  -  ResidentSetSize of job (KB)
...
006 (15684821.582.000) 2026-01-19 16:27:19 Image size of job updated: 450864
	63  -  MemoryUsage of job (MB)
	63996  -  ResidentSetSize of job (KB)
...
040 (15684821.582.000) 2026-01-19 16:27:19 Started transferring output files
...
040 (15684821.582.000) 2026-01-19 16:27:19 Finished transferring output files
...
005 (15684821.582.000) 2026-01-19 16:27:19 Job terminated.
	(1) Normal termination (return value 0)
		Usr 0 00:02:31, Sys 0 00:00:02  -  Run Remote Usage
		Usr 0 00:00:00, Sys 0 00:00:00  -  Run Local Usage
		Usr 0 00:02:31, Sys 0 00:00:02  -  Total Remote Usage
		Usr 0 00:00:00, Sys 0 00:00:00  -  Total Local Usage
	83  -  Run Bytes Sent By Job
	148880  -  Run Bytes Received By Job
	83  -  Total Bytes Sent By Job
	148880  -  Total Bytes Received By Job
	Partitionable Resources :    Usage  Request Allocated 
	   Cpus                 :                 1         1 
	   Disk (KB)            :      157  2097152   6681570 
	   Memory (MB)          :       63     4096      4096 
	   xferslots            :                           0 

	Job terminated of its own accord at 2026-01-19T21:27:19Z with exit-code 0.
...
