000 (15560432.183.000) 2026-01-07 17:58:15 Job submitted from host: <130.199.48.129:9618?addrs=130.199.48.129-9618&alias=rcas6009.rcf.bnl.gov&noUDP&sock=schedd_22421_101d>
...
040 (15560432.183.000) 2026-01-07 19:03:17 Started transferring input files
	Transferring to host: <130.199.184.213:9618?addrs=130.199.184.213-9618&alias=spool1788.sdcc.bnl.gov&noUDP&sock=slot1_94_95861_39f8_191724>
...
040 (15560432.183.000) 2026-01-07 19:03:17 Finished transferring input files
...
001 (15560432.183.000) 2026-01-07 19:03:18 Job executing on host: <130.199.184.213:9618?addrs=130.199.184.213-9618&alias=spool1788.sdcc.bnl.gov&noUDP&sock=startd_95852_0c25>
...
006 (15560432.183.000) 2026-01-07 19:03:26 Image size of job updated: 117268
	84  -  MemoryUsage of job (MB)
	85840  -  ResidentSetSize of job (KB)
...
006 (15560432.183.000) 2026-01-07 19:08:26 Image size of job updated: 424540
	114  -  MemoryUsage of job (MB)
	115984  -  ResidentSetSize of job (KB)
...
006 (15560432.183.000) 2026-01-07 19:13:27 Image size of job updated: 424540
	114  -  MemoryUsage of job (MB)
	116024  -  ResidentSetSize of job (KB)
...
040 (15560432.183.000) 2026-01-07 19:17:32 Started transferring output files
...
040 (15560432.183.000) 2026-01-07 19:17:32 Finished transferring output files
...
005 (15560432.183.000) 2026-01-07 19:17:32 Job terminated.
	(1) Normal termination (return value 0)
		Usr 0 00:14:02, Sys 0 00:00:10  -  Run Remote Usage
		Usr 0 00:00:00, Sys 0 00:00:00  -  Run Local Usage
		Usr 0 00:14:02, Sys 0 00:00:10  -  Total Remote Usage
		Usr 0 00:00:00, Sys 0 00:00:00  -  Total Local Usage
	317  -  Run Bytes Sent By Job
	144352  -  Run Bytes Received By Job
	317  -  Total Bytes Sent By Job
	144352  -  Total Bytes Received By Job
	Partitionable Resources :    Usage  Request Allocated 
	   Cpus                 :     1.00        1         1 
	   Disk (KB)            :   159     2097152   6681567 
	   Memory (MB)          :   114        4096      4096 
	   xferslots            :                           0 

	Job terminated of its own accord at 2026-01-08T00:17:32Z with exit-code 0.
...
