000 (15564188.559.000) 2026-01-07 21:29:40 Job submitted from host: <130.199.48.129:9618?addrs=130.199.48.129-9618&alias=rcas6009.rcf.bnl.gov&noUDP&sock=schedd_22421_101d>
...
040 (15564188.559.000) 2026-01-08 01:28:00 Started transferring input files
	Transferring to host: <130.199.150.96:9618?addrs=130.199.150.96-9618&alias=spool1577.sdcc.bnl.gov&noUDP&sock=slot1_89_24963_e9b7_185984>
...
040 (15564188.559.000) 2026-01-08 01:28:00 Finished transferring input files
...
001 (15564188.559.000) 2026-01-08 01:28:01 Job executing on host: <130.199.150.96:9618?addrs=130.199.150.96-9618&alias=spool1577.sdcc.bnl.gov&noUDP&sock=startd_24954_b9b8>
...
006 (15564188.559.000) 2026-01-08 01:28:10 Image size of job updated: 346652
	75  -  MemoryUsage of job (MB)
	76120  -  ResidentSetSize of job (KB)
...
006 (15564188.559.000) 2026-01-08 01:33:11 Image size of job updated: 449704
	113  -  MemoryUsage of job (MB)
	115504  -  ResidentSetSize of job (KB)
...
006 (15564188.559.000) 2026-01-08 01:38:11 Image size of job updated: 449704
	113  -  MemoryUsage of job (MB)
	115512  -  ResidentSetSize of job (KB)
...
040 (15564188.559.000) 2026-01-08 01:39:09 Started transferring output files
...
040 (15564188.559.000) 2026-01-08 01:39:09 Finished transferring output files
...
005 (15564188.559.000) 2026-01-08 01:39:09 Job terminated.
	(1) Normal termination (return value 0)
		Usr 0 00:09:45, Sys 0 00:00:10  -  Run Remote Usage
		Usr 0 00:00:00, Sys 0 00:00:00  -  Run Local Usage
		Usr 0 00:09:45, Sys 0 00:00:10  -  Total Remote Usage
		Usr 0 00:00:00, Sys 0 00:00:00  -  Total Local Usage
	233  -  Run Bytes Sent By Job
	144352  -  Run Bytes Received By Job
	233  -  Total Bytes Sent By Job
	144352  -  Total Bytes Received By Job
	Partitionable Resources :    Usage  Request Allocated 
	   Cpus                 :     0.95        1         1 
	   Disk (KB)            :   159     2097152   6681182 
	   Memory (MB)          :   113        4096      4096 
	   xferslots            :                           0 

	Job terminated of its own accord at 2026-01-08T06:39:09Z with exit-code 0.
...
