000 (15697407.299.000) 2026-01-21 18:36:41 Job submitted from host: <130.199.48.129:9618?addrs=130.199.48.129-9618&alias=rcas6009.rcf.bnl.gov&noUDP&sock=schedd_22421_101d>
...
040 (15697407.299.000) 2026-01-22 04:38:01 Started transferring input files
	Transferring to host: <130.199.184.205:9618?addrs=130.199.184.205-9618&alias=spool1780.sdcc.bnl.gov&noUDP&sock=slot1_13_95797_f746_277364>
...
040 (15697407.299.000) 2026-01-22 04:38:01 Finished transferring input files
...
001 (15697407.299.000) 2026-01-22 04:38:02 Job executing on host: <130.199.184.205:9618?addrs=130.199.184.205-9618&alias=spool1780.sdcc.bnl.gov&noUDP&sock=startd_95788_cad0>
...
006 (15697407.299.000) 2026-01-22 04:38:11 Image size of job updated: 101292
	68  -  MemoryUsage of job (MB)
	68820  -  ResidentSetSize of job (KB)
...
006 (15697407.299.000) 2026-01-22 04:38:27 Image size of job updated: 450956
	68  -  MemoryUsage of job (MB)
	68820  -  ResidentSetSize of job (KB)
...
040 (15697407.299.000) 2026-01-22 04:38:28 Started transferring output files
...
040 (15697407.299.000) 2026-01-22 04:38:28 Finished transferring output files
...
005 (15697407.299.000) 2026-01-22 04:38:28 Job terminated.
	(1) Normal termination (return value 0)
		Usr 0 00:00:24, Sys 0 00:00:00  -  Run Remote Usage
		Usr 0 00:00:00, Sys 0 00:00:00  -  Run Local Usage
		Usr 0 00:00:24, Sys 0 00:00:00  -  Total Remote Usage
		Usr 0 00:00:00, Sys 0 00:00:00  -  Total Local Usage
	44  -  Run Bytes Sent By Job
	148880  -  Run Bytes Received By Job
	44  -  Total Bytes Sent By Job
	148880  -  Total Bytes Received By Job
	Partitionable Resources :    Usage  Request Allocated 
	   Cpus                 :     0.94        1         1 
	   Disk (KB)            :   164     2097152   6681578 
	   Memory (MB)          :    68        4096      4096 
	   xferslots            :                           0 

	Job terminated of its own accord at 2026-01-22T09:38:27Z with exit-code 0.
...
