000 (15564188.218.000) 2026-01-07 21:29:39 Job submitted from host: <130.199.48.129:9618?addrs=130.199.48.129-9618&alias=rcas6009.rcf.bnl.gov&noUDP&sock=schedd_22421_101d>
...
040 (15564188.218.000) 2026-01-08 00:08:48 Started transferring input files
	Transferring to host: <130.199.186.89:9618?addrs=130.199.186.89-9618&alias=spool1852.sdcc.bnl.gov&noUDP&sock=slot1_11_94012_d731_245777>
...
040 (15564188.218.000) 2026-01-08 00:08:48 Finished transferring input files
...
001 (15564188.218.000) 2026-01-08 00:08:49 Job executing on host: <130.199.186.89:9618?addrs=130.199.186.89-9618&alias=spool1852.sdcc.bnl.gov&noUDP&sock=startd_94003_dcbe>
...
006 (15564188.218.000) 2026-01-08 00:08:58 Image size of job updated: 333616
	50  -  MemoryUsage of job (MB)
	50312  -  ResidentSetSize of job (KB)
...
006 (15564188.218.000) 2026-01-08 00:13:59 Image size of job updated: 448096
	132  -  MemoryUsage of job (MB)
	134656  -  ResidentSetSize of job (KB)
...
040 (15564188.218.000) 2026-01-08 00:26:54 Started transferring output files
...
040 (15564188.218.000) 2026-01-08 00:26:54 Finished transferring output files
...
005 (15564188.218.000) 2026-01-08 00:26:54 Job terminated.
	(1) Normal termination (return value 0)
		Usr 0 00:16:29, Sys 0 00:00:19  -  Run Remote Usage
		Usr 0 00:00:00, Sys 0 00:00:00  -  Run Local Usage
		Usr 0 00:16:29, Sys 0 00:00:19  -  Total Remote Usage
		Usr 0 00:00:00, Sys 0 00:00:00  -  Total Local Usage
	303  -  Run Bytes Sent By Job
	144352  -  Run Bytes Received By Job
	303  -  Total Bytes Sent By Job
	144352  -  Total Bytes Received By Job
	Partitionable Resources :    Usage  Request Allocated 
	   Cpus                 :     0.92        1         1 
	   Disk (KB)            :   159     2097152   6681569 
	   Memory (MB)          :   132        4096      4096 
	   xferslots            :                           0 

	Job terminated of its own accord at 2026-01-08T05:26:54Z with exit-code 0.
...
