000 (15564188.955.000) 2026-01-07 21:29:41 Job submitted from host: <130.199.48.129:9618?addrs=130.199.48.129-9618&alias=rcas6009.rcf.bnl.gov&noUDP&sock=schedd_22421_101d>
...
040 (15564188.955.000) 2026-01-08 02:00:35 Started transferring input files
	Transferring to host: <130.199.184.197:9618?addrs=130.199.184.197-9618&alias=spool1772.sdcc.bnl.gov&noUDP&sock=slot1_35_95968_3d78_190000>
...
040 (15564188.955.000) 2026-01-08 02:00:35 Finished transferring input files
...
001 (15564188.955.000) 2026-01-08 02:00:37 Job executing on host: <130.199.184.197:9618?addrs=130.199.184.197-9618&alias=spool1772.sdcc.bnl.gov&noUDP&sock=startd_95960_3a63>
...
006 (15564188.955.000) 2026-01-08 02:00:45 Image size of job updated: 420068
	78  -  MemoryUsage of job (MB)
	79696  -  ResidentSetSize of job (KB)
...
006 (15564188.955.000) 2026-01-08 02:05:45 Image size of job updated: 450432
	114  -  MemoryUsage of job (MB)
	116312  -  ResidentSetSize of job (KB)
...
040 (15564188.955.000) 2026-01-08 02:12:02 Started transferring output files
...
040 (15564188.955.000) 2026-01-08 02:12:02 Finished transferring output files
...
005 (15564188.955.000) 2026-01-08 02:12:02 Job terminated.
	(1) Normal termination (return value 0)
		Usr 0 00:11:10, Sys 0 00:00:08  -  Run Remote Usage
		Usr 0 00:00:00, Sys 0 00:00:00  -  Run Local Usage
		Usr 0 00:11:10, Sys 0 00:00:08  -  Total Remote Usage
		Usr 0 00:00:00, Sys 0 00:00:00  -  Total Local Usage
	233  -  Run Bytes Sent By Job
	144352  -  Run Bytes Received By Job
	233  -  Total Bytes Sent By Job
	144352  -  Total Bytes Received By Job
	Partitionable Resources :    Usage  Request Allocated 
	   Cpus                 :     0.99        1         1 
	   Disk (KB)            :   159     2097152   6681570 
	   Memory (MB)          :   114        4096      4096 
	   xferslots            :                           0 

	Job terminated of its own accord at 2026-01-08T07:12:02Z with exit-code 0.
...
