000 (16235385.1033.000) 2026-01-23 10:57:30 Job submitted from host: <130.199.48.128:9618?addrs=130.199.48.128-9618&alias=rcas6008.rcf.bnl.gov&noUDP&sock=schedd_18725_535a>
...
040 (16235385.1033.000) 2026-01-23 12:28:17 Started transferring input files
	Transferring to host: <130.199.184.221:9618?addrs=130.199.184.221-9618&alias=spool1796.sdcc.bnl.gov&noUDP&sock=slot1_21_96037_315f_255274>
...
040 (16235385.1033.000) 2026-01-23 12:28:17 Finished transferring input files
...
001 (16235385.1033.000) 2026-01-23 12:28:18 Job executing on host: <130.199.184.221:9618?addrs=130.199.184.221-9618&alias=spool1796.sdcc.bnl.gov&noUDP&sock=startd_96028_bfcc>
...
006 (16235385.1033.000) 2026-01-23 12:28:27 Image size of job updated: 421868
	75  -  MemoryUsage of job (MB)
	76212  -  ResidentSetSize of job (KB)
...
006 (16235385.1033.000) 2026-01-23 12:33:27 Image size of job updated: 449452
	108  -  MemoryUsage of job (MB)
	110180  -  ResidentSetSize of job (KB)
...
006 (16235385.1033.000) 2026-01-23 12:38:27 Image size of job updated: 449452
	108  -  MemoryUsage of job (MB)
	110184  -  ResidentSetSize of job (KB)
...
040 (16235385.1033.000) 2026-01-23 12:43:23 Started transferring output files
...
040 (16235385.1033.000) 2026-01-23 12:43:23 Finished transferring output files
...
005 (16235385.1033.000) 2026-01-23 12:43:23 Job terminated.
	(1) Normal termination (return value 0)
		Usr 0 00:14:52, Sys 0 00:00:11  -  Run Remote Usage
		Usr 0 00:00:00, Sys 0 00:00:00  -  Run Local Usage
		Usr 0 00:14:52, Sys 0 00:00:11  -  Total Remote Usage
		Usr 0 00:00:00, Sys 0 00:00:00  -  Total Local Usage
	205  -  Run Bytes Sent By Job
	148880  -  Run Bytes Received By Job
	205  -  Total Bytes Sent By Job
	148880  -  Total Bytes Received By Job
	Partitionable Resources :    Usage  Request Allocated 
	   Cpus                 :     1.00        1         1 
	   Disk (KB)            :   164     2097152   6681568 
	   Memory (MB)          :   108        4096      4096 
	   xferslots            :                           0 

	Job terminated of its own accord at 2026-01-23T17:43:23Z with exit-code 0.
...
