000 (16235385.943.000) 2026-01-23 10:57:30 Job submitted from host: <130.199.48.128:9618?addrs=130.199.48.128-9618&alias=rcas6008.rcf.bnl.gov&noUDP&sock=schedd_18725_535a>
...
040 (16235385.943.000) 2026-01-23 12:26:26 Started transferring input files
	Transferring to host: <130.199.151.20:9618?addrs=130.199.151.20-9618&alias=spool1598.sdcc.bnl.gov&noUDP&sock=slot1_92_29322_cc12_263686>
...
040 (16235385.943.000) 2026-01-23 12:26:26 Finished transferring input files
...
001 (16235385.943.000) 2026-01-23 12:26:27 Job executing on host: <130.199.151.20:9618?addrs=130.199.151.20-9618&alias=spool1598.sdcc.bnl.gov&noUDP&sock=startd_29313_4b3f>
...
006 (16235385.943.000) 2026-01-23 12:26:36 Image size of job updated: 349540
	67  -  MemoryUsage of job (MB)
	68432  -  ResidentSetSize of job (KB)
...
006 (16235385.943.000) 2026-01-23 12:28:02 Image size of job updated: 448772
	67  -  MemoryUsage of job (MB)
	68432  -  ResidentSetSize of job (KB)
...
040 (16235385.943.000) 2026-01-23 12:28:02 Started transferring output files
...
040 (16235385.943.000) 2026-01-23 12:28:02 Finished transferring output files
...
005 (16235385.943.000) 2026-01-23 12:28:02 Job terminated.
	(1) Normal termination (return value 0)
		Usr 0 00:01:32, Sys 0 00:00:01  -  Run Remote Usage
		Usr 0 00:00:00, Sys 0 00:00:00  -  Run Local Usage
		Usr 0 00:01:32, Sys 0 00:00:01  -  Total Remote Usage
		Usr 0 00:00:00, Sys 0 00:00:00  -  Total Local Usage
	70  -  Run Bytes Sent By Job
	148880  -  Run Bytes Received By Job
	70  -  Total Bytes Sent By Job
	148880  -  Total Bytes Received By Job
	Partitionable Resources :    Usage  Request Allocated 
	   Cpus                 :                 1         1 
	   Disk (KB)            :      157  2097152   6681198 
	   Memory (MB)          :       67     4096      4096 
	   xferslots            :                           0 

	Job terminated of its own accord at 2026-01-23T17:28:02Z with exit-code 0.
...
