000 (16235385.778.000) 2026-01-23 10:57:29 Job submitted from host: <130.199.48.128:9618?addrs=130.199.48.128-9618&alias=rcas6008.rcf.bnl.gov&noUDP&sock=schedd_18725_535a>
...
040 (16235385.778.000) 2026-01-23 12:22:19 Started transferring input files
	Transferring to host: <130.199.184.218:9618?addrs=130.199.184.218-9618&alias=spool1793.sdcc.bnl.gov&noUDP&sock=slot1_89_94162_9b80_256933>
...
040 (16235385.778.000) 2026-01-23 12:22:19 Finished transferring input files
...
001 (16235385.778.000) 2026-01-23 12:22:20 Job executing on host: <130.199.184.218:9618?addrs=130.199.184.218-9618&alias=spool1793.sdcc.bnl.gov&noUDP&sock=startd_94153_55dc>
...
006 (16235385.778.000) 2026-01-23 12:22:29 Image size of job updated: 420904
	72  -  MemoryUsage of job (MB)
	72740  -  ResidentSetSize of job (KB)
...
006 (16235385.778.000) 2026-01-23 12:27:30 Image size of job updated: 423700
	92  -  MemoryUsage of job (MB)
	93572  -  ResidentSetSize of job (KB)
...
006 (16235385.778.000) 2026-01-23 12:32:31 Image size of job updated: 423700
	92  -  MemoryUsage of job (MB)
	93592  -  ResidentSetSize of job (KB)
...
040 (16235385.778.000) 2026-01-23 12:33:35 Started transferring output files
...
040 (16235385.778.000) 2026-01-23 12:33:35 Finished transferring output files
...
005 (16235385.778.000) 2026-01-23 12:33:35 Job terminated.
	(1) Normal termination (return value 0)
		Usr 0 00:11:04, Sys 0 00:00:09  -  Run Remote Usage
		Usr 0 00:00:00, Sys 0 00:00:00  -  Run Local Usage
		Usr 0 00:11:04, Sys 0 00:00:09  -  Total Remote Usage
		Usr 0 00:00:00, Sys 0 00:00:00  -  Total Local Usage
	177  -  Run Bytes Sent By Job
	148880  -  Run Bytes Received By Job
	177  -  Total Bytes Sent By Job
	148880  -  Total Bytes Received By Job
	Partitionable Resources :    Usage  Request Allocated 
	   Cpus                 :     0.99        1         1 
	   Disk (KB)            :   164     2097152   6681593 
	   Memory (MB)          :    92        4096      4096 
	   xferslots            :                           0 

	Job terminated of its own accord at 2026-01-23T17:33:35Z with exit-code 0.
...
