000 (15564188.788.000) 2026-01-07 21:29:41 Job submitted from host: <130.199.48.129:9618?addrs=130.199.48.129-9618&alias=rcas6009.rcf.bnl.gov&noUDP&sock=schedd_22421_101d>
...
040 (15564188.788.000) 2026-01-08 01:51:32 Started transferring input files
	Transferring to host: <130.199.151.10:9618?addrs=130.199.151.10-9618&alias=spool1588.sdcc.bnl.gov&noUDP&sock=slot1_77_94958_68fc_196356>
...
040 (15564188.788.000) 2026-01-08 01:51:32 Finished transferring input files
...
001 (15564188.788.000) 2026-01-08 01:51:33 Job executing on host: <130.199.151.10:9618?addrs=130.199.151.10-9618&alias=spool1588.sdcc.bnl.gov&noUDP&sock=startd_94950_9369>
...
006 (15564188.788.000) 2026-01-08 01:51:42 Image size of job updated: 341580
	49  -  MemoryUsage of job (MB)
	50168  -  ResidentSetSize of job (KB)
...
006 (15564188.788.000) 2026-01-08 01:54:04 Image size of job updated: 447868
	49  -  MemoryUsage of job (MB)
	50168  -  ResidentSetSize of job (KB)
...
040 (15564188.788.000) 2026-01-08 01:54:05 Started transferring output files
...
040 (15564188.788.000) 2026-01-08 01:54:05 Finished transferring output files
...
005 (15564188.788.000) 2026-01-08 01:54:05 Job terminated.
	(1) Normal termination (return value 0)
		Usr 0 00:02:11, Sys 0 00:00:02  -  Run Remote Usage
		Usr 0 00:00:00, Sys 0 00:00:00  -  Run Local Usage
		Usr 0 00:02:11, Sys 0 00:00:02  -  Total Remote Usage
		Usr 0 00:00:00, Sys 0 00:00:00  -  Total Local Usage
	109  -  Run Bytes Sent By Job
	144352  -  Run Bytes Received By Job
	109  -  Total Bytes Sent By Job
	144352  -  Total Bytes Received By Job
	Partitionable Resources :    Usage  Request Allocated 
	   Cpus                 :                 1         1 
	   Disk (KB)            :      152  2097152   6681185 
	   Memory (MB)          :       49     4096      4096 
	   xferslots            :                           0 

	Job terminated of its own accord at 2026-01-08T06:54:04Z with exit-code 0.
...
