000 (15697407.994.000) 2026-01-21 18:36:43 Job submitted from host: <130.199.48.129:9618?addrs=130.199.48.129-9618&alias=rcas6009.rcf.bnl.gov&noUDP&sock=schedd_22421_101d>
...
040 (15697407.994.000) 2026-01-22 17:32:41 Started transferring input files
	Transferring to host: <130.199.150.80:9618?addrs=130.199.150.80-9618&alias=spool1561.sdcc.bnl.gov&noUDP&sock=slot1_91_96576_370b_271563>
...
040 (15697407.994.000) 2026-01-22 17:32:41 Finished transferring input files
...
001 (15697407.994.000) 2026-01-22 17:32:42 Job executing on host: <130.199.150.80:9618?addrs=130.199.150.80-9618&alias=spool1561.sdcc.bnl.gov&noUDP&sock=startd_96567_55fe>
...
006 (15697407.994.000) 2026-01-22 17:32:51 Image size of job updated: 420968
	78  -  MemoryUsage of job (MB)
	79476  -  ResidentSetSize of job (KB)
...
006 (15697407.994.000) 2026-01-22 17:37:52 Image size of job updated: 424324
	98  -  MemoryUsage of job (MB)
	99600  -  ResidentSetSize of job (KB)
...
006 (15697407.994.000) 2026-01-22 17:42:52 Image size of job updated: 424324
	98  -  MemoryUsage of job (MB)
	99620  -  ResidentSetSize of job (KB)
...
006 (15697407.994.000) 2026-01-22 17:47:52 Image size of job updated: 424484
	98  -  MemoryUsage of job (MB)
	99632  -  ResidentSetSize of job (KB)
...
040 (15697407.994.000) 2026-01-22 17:52:10 Started transferring output files
...
040 (15697407.994.000) 2026-01-22 17:52:10 Finished transferring output files
...
005 (15697407.994.000) 2026-01-22 17:52:11 Job terminated.
	(1) Normal termination (return value 0)
		Usr 0 00:18:20, Sys 0 00:00:18  -  Run Remote Usage
		Usr 0 00:00:00, Sys 0 00:00:00  -  Run Local Usage
		Usr 0 00:18:20, Sys 0 00:00:18  -  Total Remote Usage
		Usr 0 00:00:00, Sys 0 00:00:00  -  Total Local Usage
	219  -  Run Bytes Sent By Job
	148880  -  Run Bytes Received By Job
	219  -  Total Bytes Sent By Job
	148880  -  Total Bytes Received By Job
	Partitionable Resources :    Usage  Request Allocated 
	   Cpus                 :     0.98        1         1 
	   Disk (KB)            :   164     2097152   6681208 
	   Memory (MB)          :    98        4096      4096 
	   xferslots            :                           0 

	Job terminated of its own accord at 2026-01-22T22:52:10Z with exit-code 0.
...
