000 (15684821.029.000) 2026-01-19 15:56:20 Job submitted from host: <130.199.48.129:9618?addrs=130.199.48.129-9618&alias=rcas6009.rcf.bnl.gov&noUDP&sock=schedd_22421_101d>
...
040 (15684821.029.000) 2026-01-19 15:57:22 Started transferring input files
	Transferring to host: <130.199.150.96:9618?addrs=130.199.150.96-9618&alias=spool1577.sdcc.bnl.gov&noUDP&sock=slot1_87_24963_e9b7_235479>
...
040 (15684821.029.000) 2026-01-19 15:57:22 Finished transferring input files
...
001 (15684821.029.000) 2026-01-19 15:57:23 Job executing on host: <130.199.150.96:9618?addrs=130.199.150.96-9618&alias=spool1577.sdcc.bnl.gov&noUDP&sock=startd_24954_b9b8>
...
006 (15684821.029.000) 2026-01-19 15:57:32 Image size of job updated: 321112
	66  -  MemoryUsage of job (MB)
	67340  -  ResidentSetSize of job (KB)
...
006 (15684821.029.000) 2026-01-19 15:57:57 Image size of job updated: 449768
	66  -  MemoryUsage of job (MB)
	67340  -  ResidentSetSize of job (KB)
...
040 (15684821.029.000) 2026-01-19 15:57:58 Started transferring output files
...
040 (15684821.029.000) 2026-01-19 15:57:58 Finished transferring output files
...
005 (15684821.029.000) 2026-01-19 15:57:58 Job terminated.
	(1) Normal termination (return value 0)
		Usr 0 00:00:28, Sys 0 00:00:00  -  Run Remote Usage
		Usr 0 00:00:00, Sys 0 00:00:00  -  Run Local Usage
		Usr 0 00:00:28, Sys 0 00:00:00  -  Total Remote Usage
		Usr 0 00:00:00, Sys 0 00:00:00  -  Total Local Usage
	44  -  Run Bytes Sent By Job
	148880  -  Run Bytes Received By Job
	44  -  Total Bytes Sent By Job
	148880  -  Total Bytes Received By Job
	Partitionable Resources :    Usage  Request Allocated 
	   Cpus                 :     0.08        1         1 
	   Disk (KB)            :   163     2097152   6681182 
	   Memory (MB)          :    66        4096      4096 
	   xferslots            :                           0 

	Job terminated of its own accord at 2026-01-19T20:57:57Z with exit-code 0.
...
