000 (15697407.250.000) 2026-01-21 18:36:41 Job submitted from host: <130.199.48.129:9618?addrs=130.199.48.129-9618&alias=rcas6009.rcf.bnl.gov&noUDP&sock=schedd_22421_101d>
...
040 (15697407.250.000) 2026-01-22 02:33:58 Started transferring input files
	Transferring to host: <130.199.184.194:9618?addrs=130.199.184.194-9618&alias=spool1769.sdcc.bnl.gov&noUDP&sock=slot1_88_95939_d340_255792>
...
040 (15697407.250.000) 2026-01-22 02:33:58 Finished transferring input files
...
001 (15697407.250.000) 2026-01-22 02:33:59 Job executing on host: <130.199.184.194:9618?addrs=130.199.184.194-9618&alias=spool1769.sdcc.bnl.gov&noUDP&sock=startd_95928_19b9>
...
006 (15697407.250.000) 2026-01-22 02:34:08 Image size of job updated: 422472
	84  -  MemoryUsage of job (MB)
	85656  -  ResidentSetSize of job (KB)
...
006 (15697407.250.000) 2026-01-22 02:39:09 Image size of job updated: 424356
	110  -  MemoryUsage of job (MB)
	112280  -  ResidentSetSize of job (KB)
...
006 (15697407.250.000) 2026-01-22 02:49:10 Image size of job updated: 424356
	110  -  MemoryUsage of job (MB)
	112284  -  ResidentSetSize of job (KB)
...
006 (15697407.250.000) 2026-01-22 02:54:11 Image size of job updated: 424356
	110  -  MemoryUsage of job (MB)
	112288  -  ResidentSetSize of job (KB)
...
006 (15697407.250.000) 2026-01-22 02:59:11 Image size of job updated: 424356
	110  -  MemoryUsage of job (MB)
	112296  -  ResidentSetSize of job (KB)
...
040 (15697407.250.000) 2026-01-22 03:02:54 Started transferring output files
...
040 (15697407.250.000) 2026-01-22 03:02:54 Finished transferring output files
...
005 (15697407.250.000) 2026-01-22 03:02:54 Job terminated.
	(1) Normal termination (return value 0)
		Usr 0 00:28:33, Sys 0 00:00:18  -  Run Remote Usage
		Usr 0 00:00:00, Sys 0 00:00:00  -  Run Local Usage
		Usr 0 00:28:33, Sys 0 00:00:18  -  Total Remote Usage
		Usr 0 00:00:00, Sys 0 00:00:00  -  Total Local Usage
	289  -  Run Bytes Sent By Job
	148880  -  Run Bytes Received By Job
	289  -  Total Bytes Sent By Job
	148880  -  Total Bytes Received By Job
	Partitionable Resources :    Usage  Request Allocated 
	   Cpus                 :     1.00        1         1 
	   Disk (KB)            :   164     2097152   6681581 
	   Memory (MB)          :   110        4096      4096 
	   xferslots            :                           0 

	Job terminated of its own accord at 2026-01-22T08:02:54Z with exit-code 0.
...
