000 (15564188.887.000) 2026-01-07 21:29:41 Job submitted from host: <130.199.48.129:9618?addrs=130.199.48.129-9618&alias=rcas6009.rcf.bnl.gov&noUDP&sock=schedd_22421_101d>
...
040 (15564188.887.000) 2026-01-08 01:57:06 Started transferring input files
	Transferring to host: <130.199.150.87:9618?addrs=130.199.150.87-9618&alias=spool1568.sdcc.bnl.gov&noUDP&sock=slot1_41_25189_cd38_196105>
...
040 (15564188.887.000) 2026-01-08 01:57:06 Finished transferring input files
...
001 (15564188.887.000) 2026-01-08 01:57:07 Job executing on host: <130.199.150.87:9618?addrs=130.199.150.87-9618&alias=spool1568.sdcc.bnl.gov&noUDP&sock=startd_25180_4069>
...
006 (15564188.887.000) 2026-01-08 01:57:16 Image size of job updated: 422348
	63  -  MemoryUsage of job (MB)
	63752  -  ResidentSetSize of job (KB)
...
006 (15564188.887.000) 2026-01-08 01:57:29 Image size of job updated: 450196
	63  -  MemoryUsage of job (MB)
	63752  -  ResidentSetSize of job (KB)
...
040 (15564188.887.000) 2026-01-08 01:57:30 Started transferring output files
...
040 (15564188.887.000) 2026-01-08 01:57:30 Finished transferring output files
...
005 (15564188.887.000) 2026-01-08 01:57:30 Job terminated.
	(1) Normal termination (return value 0)
		Usr 0 00:00:14, Sys 0 00:00:00  -  Run Remote Usage
		Usr 0 00:00:00, Sys 0 00:00:00  -  Run Local Usage
		Usr 0 00:00:14, Sys 0 00:00:00  -  Total Remote Usage
		Usr 0 00:00:00, Sys 0 00:00:00  -  Total Local Usage
	44  -  Run Bytes Sent By Job
	144352  -  Run Bytes Received By Job
	44  -  Total Bytes Sent By Job
	144352  -  Total Bytes Received By Job
	Partitionable Resources :    Usage  Request Allocated 
	   Cpus                 :                 1         1 
	   Disk (KB)            :      153  2097152   6681186 
	   Memory (MB)          :       63     4096      4096 
	   xferslots            :                           0 

	Job terminated of its own accord at 2026-01-08T06:57:29Z with exit-code 0.
...
