000 (15564188.467.000) 2026-01-07 21:29:40 Job submitted from host: <130.199.48.129:9618?addrs=130.199.48.129-9618&alias=rcas6009.rcf.bnl.gov&noUDP&sock=schedd_22421_101d>
...
040 (15564188.467.000) 2026-01-08 01:11:24 Started transferring input files
	Transferring to host: <130.199.150.96:9618?addrs=130.199.150.96-9618&alias=spool1577.sdcc.bnl.gov&noUDP&sock=slot1_89_24963_e9b7_185928>
...
040 (15564188.467.000) 2026-01-08 01:11:24 Finished transferring input files
...
001 (15564188.467.000) 2026-01-08 01:11:25 Job executing on host: <130.199.150.96:9618?addrs=130.199.150.96-9618&alias=spool1577.sdcc.bnl.gov&noUDP&sock=startd_24954_b9b8>
...
006 (15564188.467.000) 2026-01-08 01:11:34 Image size of job updated: 420984
	103  -  MemoryUsage of job (MB)
	104980  -  ResidentSetSize of job (KB)
...
006 (15564188.467.000) 2026-01-08 01:16:35 Image size of job updated: 448060
	127  -  MemoryUsage of job (MB)
	129772  -  ResidentSetSize of job (KB)
...
040 (15564188.467.000) 2026-01-08 01:27:59 Started transferring output files
...
040 (15564188.467.000) 2026-01-08 01:27:59 Finished transferring output files
...
005 (15564188.467.000) 2026-01-08 01:28:00 Job terminated.
	(1) Normal termination (return value 0)
		Usr 0 00:15:02, Sys 0 00:00:15  -  Run Remote Usage
		Usr 0 00:00:00, Sys 0 00:00:00  -  Run Local Usage
		Usr 0 00:15:02, Sys 0 00:00:15  -  Total Remote Usage
		Usr 0 00:00:00, Sys 0 00:00:00  -  Total Local Usage
	289  -  Run Bytes Sent By Job
	144352  -  Run Bytes Received By Job
	289  -  Total Bytes Sent By Job
	144352  -  Total Bytes Received By Job
	Partitionable Resources :    Usage  Request Allocated 
	   Cpus                 :     0.61        1         1 
	   Disk (KB)            :   159     2097152   6681182 
	   Memory (MB)          :   127        4096      4096 
	   xferslots            :                           0 

	Job terminated of its own accord at 2026-01-08T06:27:59Z with exit-code 0.
...
