000 (15564188.444.000) 2026-01-07 21:29:40 Job submitted from host: <130.199.48.129:9618?addrs=130.199.48.129-9618&alias=rcas6009.rcf.bnl.gov&noUDP&sock=schedd_22421_101d>
...
040 (15564188.444.000) 2026-01-08 01:07:57 Started transferring input files
	Transferring to host: <130.199.150.93:9618?addrs=130.199.150.93-9618&alias=spool1574.sdcc.bnl.gov&noUDP&sock=slot1_32_94784_ebaa_188943>
...
040 (15564188.444.000) 2026-01-08 01:07:57 Finished transferring input files
...
001 (15564188.444.000) 2026-01-08 01:07:58 Job executing on host: <130.199.150.93:9618?addrs=130.199.150.93-9618&alias=spool1574.sdcc.bnl.gov&noUDP&sock=startd_94775_30c7>
...
006 (15564188.444.000) 2026-01-08 01:08:06 Image size of job updated: 108176
	76  -  MemoryUsage of job (MB)
	77008  -  ResidentSetSize of job (KB)
...
006 (15564188.444.000) 2026-01-08 01:13:06 Image size of job updated: 448768
	117  -  MemoryUsage of job (MB)
	118828  -  ResidentSetSize of job (KB)
...
040 (15564188.444.000) 2026-01-08 01:18:19 Started transferring output files
...
040 (15564188.444.000) 2026-01-08 01:18:19 Finished transferring output files
...
005 (15564188.444.000) 2026-01-08 01:18:19 Job terminated.
	(1) Normal termination (return value 0)
		Usr 0 00:09:26, Sys 0 00:00:09  -  Run Remote Usage
		Usr 0 00:00:00, Sys 0 00:00:00  -  Run Local Usage
		Usr 0 00:09:26, Sys 0 00:00:09  -  Total Remote Usage
		Usr 0 00:00:00, Sys 0 00:00:00  -  Total Local Usage
	247  -  Run Bytes Sent By Job
	144352  -  Run Bytes Received By Job
	247  -  Total Bytes Sent By Job
	144352  -  Total Bytes Received By Job
	Partitionable Resources :    Usage  Request Allocated 
	   Cpus                 :     0.91        1         1 
	   Disk (KB)            :   159     2097152   6681104 
	   Memory (MB)          :   117        4096      4096 
	   xferslots            :                           0 

	Job terminated of its own accord at 2026-01-08T06:18:19Z with exit-code 0.
...
