000 (15690120.392.000) 2026-01-20 07:35:55 Job submitted from host: <130.199.48.129:9618?addrs=130.199.48.129-9618&alias=rcas6009.rcf.bnl.gov&noUDP&sock=schedd_22421_101d>
...
040 (15690120.392.000) 2026-01-21 08:23:47 Started transferring input files
	Transferring to host: <130.199.184.155:9618?addrs=130.199.184.155-9618&alias=spool1764.sdcc.bnl.gov&noUDP&sock=slot1_89_4372_9493_245840>
...
040 (15690120.392.000) 2026-01-21 08:23:47 Finished transferring input files
...
001 (15690120.392.000) 2026-01-21 08:23:48 Job executing on host: <130.199.184.155:9618?addrs=130.199.184.155-9618&alias=spool1764.sdcc.bnl.gov&noUDP&sock=startd_4355_66ea>
...
006 (15690120.392.000) 2026-01-21 08:23:57 Image size of job updated: 421836
	100  -  MemoryUsage of job (MB)
	102396  -  ResidentSetSize of job (KB)
...
006 (15690120.392.000) 2026-01-21 08:28:58 Image size of job updated: 448988
	123  -  MemoryUsage of job (MB)
	125332  -  ResidentSetSize of job (KB)
...
006 (15690120.392.000) 2026-01-21 08:43:59 Image size of job updated: 448988
	123  -  MemoryUsage of job (MB)
	125336  -  ResidentSetSize of job (KB)
...
040 (15690120.392.000) 2026-01-21 08:51:24 Started transferring output files
...
040 (15690120.392.000) 2026-01-21 08:51:24 Finished transferring output files
...
005 (15690120.392.000) 2026-01-21 08:51:24 Job terminated.
	(1) Normal termination (return value 0)
		Usr 0 00:27:13, Sys 0 00:00:20  -  Run Remote Usage
		Usr 0 00:00:00, Sys 0 00:00:00  -  Run Local Usage
		Usr 0 00:27:13, Sys 0 00:00:20  -  Total Remote Usage
		Usr 0 00:00:00, Sys 0 00:00:00  -  Total Local Usage
	261  -  Run Bytes Sent By Job
	148880  -  Run Bytes Received By Job
	261  -  Total Bytes Sent By Job
	148880  -  Total Bytes Received By Job
	Partitionable Resources :    Usage  Request Allocated 
	   Cpus                 :     0.99        1         1 
	   Disk (KB)            :   164     2097152   6681581 
	   Memory (MB)          :   123        4096      4096 
	   xferslots            :                           0 

	Job terminated of its own accord at 2026-01-21T13:51:24Z with exit-code 0.
...
