000 (15684821.1005.000) 2026-01-19 15:56:22 Job submitted from host: <130.199.48.129:9618?addrs=130.199.48.129-9618&alias=rcas6009.rcf.bnl.gov&noUDP&sock=schedd_22421_101d>
...
040 (15684821.1005.000) 2026-01-19 16:30:43 Started transferring input files
	Transferring to host: <130.199.186.70:9618?addrs=130.199.186.70-9618&alias=spool1833.sdcc.bnl.gov&noUDP&sock=slot1_57_94191_05b8_235725>
...
040 (15684821.1005.000) 2026-01-19 16:30:43 Finished transferring input files
...
001 (15684821.1005.000) 2026-01-19 16:30:44 Job executing on host: <130.199.186.70:9618?addrs=130.199.186.70-9618&alias=spool1833.sdcc.bnl.gov&noUDP&sock=startd_94182_8376>
...
006 (15684821.1005.000) 2026-01-19 16:30:53 Image size of job updated: 341064
	76  -  MemoryUsage of job (MB)
	77276  -  ResidentSetSize of job (KB)
...
006 (15684821.1005.000) 2026-01-19 16:35:54 Image size of job updated: 448284
	87  -  MemoryUsage of job (MB)
	88152  -  ResidentSetSize of job (KB)
...
040 (15684821.1005.000) 2026-01-19 16:38:32 Started transferring output files
...
040 (15684821.1005.000) 2026-01-19 16:38:32 Finished transferring output files
...
005 (15684821.1005.000) 2026-01-19 16:38:32 Job terminated.
	(1) Normal termination (return value 0)
		Usr 0 00:07:17, Sys 0 00:00:05  -  Run Remote Usage
		Usr 0 00:00:00, Sys 0 00:00:00  -  Run Local Usage
		Usr 0 00:07:17, Sys 0 00:00:05  -  Total Remote Usage
		Usr 0 00:00:00, Sys 0 00:00:00  -  Total Local Usage
	135  -  Run Bytes Sent By Job
	148880  -  Run Bytes Received By Job
	135  -  Total Bytes Sent By Job
	148880  -  Total Bytes Received By Job
	Partitionable Resources :    Usage  Request Allocated 
	   Cpus                 :     1.00        1         1 
	   Disk (KB)            :   163     2097152   6681512 
	   Memory (MB)          :    87        4096      4096 
	   xferslots            :                           0 

	Job terminated of its own accord at 2026-01-19T21:38:32Z with exit-code 0.
...
