000 (15564188.1209.000) 2026-01-07 21:29:42 Job submitted from host: <130.199.48.129:9618?addrs=130.199.48.129-9618&alias=rcas6009.rcf.bnl.gov&noUDP&sock=schedd_22421_101d>
...
040 (15564188.1209.000) 2026-01-08 02:13:43 Started transferring input files
	Transferring to host: <130.199.186.75:9618?addrs=130.199.186.75-9618&alias=spool1838.sdcc.bnl.gov&noUDP&sock=slot1_13_24044_480e_194041>
...
040 (15564188.1209.000) 2026-01-08 02:13:43 Finished transferring input files
...
001 (15564188.1209.000) 2026-01-08 02:13:44 Job executing on host: <130.199.186.75:9618?addrs=130.199.186.75-9618&alias=spool1838.sdcc.bnl.gov&noUDP&sock=startd_24036_30a7>
...
006 (15564188.1209.000) 2026-01-08 02:13:52 Image size of job updated: 419764
	93  -  MemoryUsage of job (MB)
	95048  -  ResidentSetSize of job (KB)
...
006 (15564188.1209.000) 2026-01-08 02:16:39 Image size of job updated: 449780
	93  -  MemoryUsage of job (MB)
	95048  -  ResidentSetSize of job (KB)
...
040 (15564188.1209.000) 2026-01-08 02:16:40 Started transferring output files
...
040 (15564188.1209.000) 2026-01-08 02:16:40 Finished transferring output files
...
005 (15564188.1209.000) 2026-01-08 02:16:40 Job terminated.
	(1) Normal termination (return value 0)
		Usr 0 00:02:41, Sys 0 00:00:03  -  Run Remote Usage
		Usr 0 00:00:00, Sys 0 00:00:00  -  Run Local Usage
		Usr 0 00:02:41, Sys 0 00:00:03  -  Total Remote Usage
		Usr 0 00:00:00, Sys 0 00:00:00  -  Total Local Usage
	149  -  Run Bytes Sent By Job
	144352  -  Run Bytes Received By Job
	149  -  Total Bytes Sent By Job
	144352  -  Total Bytes Received By Job
	Partitionable Resources :    Usage  Request Allocated 
	   Cpus                 :     0.04        1         1 
	   Disk (KB)            :   159     2097152   6681575 
	   Memory (MB)          :    93        4096      4096 
	   xferslots            :                           0 

	Job terminated of its own accord at 2026-01-08T07:16:39Z with exit-code 0.
...
