000 (15684821.605.000) 2026-01-19 15:56:21 Job submitted from host: <130.199.48.129:9618?addrs=130.199.48.129-9618&alias=rcas6009.rcf.bnl.gov&noUDP&sock=schedd_22421_101d>
...
040 (15684821.605.000) 2026-01-19 16:24:34 Started transferring input files
	Transferring to host: <130.199.184.221:9618?addrs=130.199.184.221-9618&alias=spool1796.sdcc.bnl.gov&noUDP&sock=slot1_49_96037_315f_238293>
...
040 (15684821.605.000) 2026-01-19 16:24:34 Finished transferring input files
...
001 (15684821.605.000) 2026-01-19 16:24:35 Job executing on host: <130.199.184.221:9618?addrs=130.199.184.221-9618&alias=spool1796.sdcc.bnl.gov&noUDP&sock=startd_96028_bfcc>
...
006 (15684821.605.000) 2026-01-19 16:24:43 Image size of job updated: 107972
	87  -  MemoryUsage of job (MB)
	88516  -  ResidentSetSize of job (KB)
...
006 (15684821.605.000) 2026-01-19 16:29:43 Image size of job updated: 448556
	102  -  MemoryUsage of job (MB)
	104016  -  ResidentSetSize of job (KB)
...
006 (15684821.605.000) 2026-01-19 16:34:44 Image size of job updated: 448556
	102  -  MemoryUsage of job (MB)
	104020  -  ResidentSetSize of job (KB)
...
040 (15684821.605.000) 2026-01-19 16:39:09 Started transferring output files
...
040 (15684821.605.000) 2026-01-19 16:39:09 Finished transferring output files
...
005 (15684821.605.000) 2026-01-19 16:39:09 Job terminated.
	(1) Normal termination (return value 0)
		Usr 0 00:14:13, Sys 0 00:00:10  -  Run Remote Usage
		Usr 0 00:00:00, Sys 0 00:00:00  -  Run Local Usage
		Usr 0 00:14:13, Sys 0 00:00:10  -  Total Remote Usage
		Usr 0 00:00:00, Sys 0 00:00:00  -  Total Local Usage
	177  -  Run Bytes Sent By Job
	148880  -  Run Bytes Received By Job
	177  -  Total Bytes Sent By Job
	148880  -  Total Bytes Received By Job
	Partitionable Resources :    Usage  Request Allocated 
	   Cpus                 :     1.00        1         1 
	   Disk (KB)            :   163     2097152   6681568 
	   Memory (MB)          :   102        4096      4096 
	   xferslots            :                           0 

	Job terminated of its own accord at 2026-01-19T21:39:09Z with exit-code 0.
...
