000 (15564188.1029.000) 2026-01-07 21:29:41 Job submitted from host: <130.199.48.129:9618?addrs=130.199.48.129-9618&alias=rcas6009.rcf.bnl.gov&noUDP&sock=schedd_22421_101d>
...
040 (15564188.1029.000) 2026-01-08 02:05:19 Started transferring input files
	Transferring to host: <130.199.151.10:9618?addrs=130.199.151.10-9618&alias=spool1588.sdcc.bnl.gov&noUDP&sock=slot1_77_94958_68fc_196478>
...
040 (15564188.1029.000) 2026-01-08 02:05:19 Finished transferring input files
...
001 (15564188.1029.000) 2026-01-08 02:05:20 Job executing on host: <130.199.151.10:9618?addrs=130.199.151.10-9618&alias=spool1588.sdcc.bnl.gov&noUDP&sock=startd_94950_9369>
...
006 (15564188.1029.000) 2026-01-08 02:05:29 Image size of job updated: 384456
	74  -  MemoryUsage of job (MB)
	75012  -  ResidentSetSize of job (KB)
...
006 (15564188.1029.000) 2026-01-08 02:10:30 Image size of job updated: 450004
	108  -  MemoryUsage of job (MB)
	110312  -  ResidentSetSize of job (KB)
...
040 (15564188.1029.000) 2026-01-08 02:13:55 Started transferring output files
...
040 (15564188.1029.000) 2026-01-08 02:13:55 Finished transferring output files
...
005 (15564188.1029.000) 2026-01-08 02:13:55 Job terminated.
	(1) Normal termination (return value 0)
		Usr 0 00:07:53, Sys 0 00:00:08  -  Run Remote Usage
		Usr 0 00:00:00, Sys 0 00:00:00  -  Run Local Usage
		Usr 0 00:07:53, Sys 0 00:00:08  -  Total Remote Usage
		Usr 0 00:00:00, Sys 0 00:00:00  -  Total Local Usage
	205  -  Run Bytes Sent By Job
	144352  -  Run Bytes Received By Job
	205  -  Total Bytes Sent By Job
	144352  -  Total Bytes Received By Job
	Partitionable Resources :    Usage  Request Allocated 
	   Cpus                 :     0.98        1         1 
	   Disk (KB)            :   159     2097152   6681185 
	   Memory (MB)          :   108        4096      4096 
	   xferslots            :                           0 

	Job terminated of its own accord at 2026-01-08T07:13:55Z with exit-code 0.
...
