000 (15690120.983.000) 2026-01-20 07:35:57 Job submitted from host: <130.199.48.129:9618?addrs=130.199.48.129-9618&alias=rcas6009.rcf.bnl.gov&noUDP&sock=schedd_22421_101d>
...
040 (15690120.983.000) 2026-01-21 14:29:05 Started transferring input files
	Transferring to host: <130.199.150.92:9618?addrs=130.199.150.92-9618&alias=spool1573.sdcc.bnl.gov&noUDP&sock=slot1_71_96627_e030_256601>
...
040 (15690120.983.000) 2026-01-21 14:29:05 Finished transferring input files
...
001 (15690120.983.000) 2026-01-21 14:29:06 Job executing on host: <130.199.150.92:9618?addrs=130.199.150.92-9618&alias=spool1573.sdcc.bnl.gov&noUDP&sock=startd_96618_7a0d>
...
006 (15690120.983.000) 2026-01-21 14:29:15 Image size of job updated: 419864
	78  -  MemoryUsage of job (MB)
	79496  -  ResidentSetSize of job (KB)
...
006 (15690120.983.000) 2026-01-21 14:34:16 Image size of job updated: 424208
	100  -  MemoryUsage of job (MB)
	101648  -  ResidentSetSize of job (KB)
...
040 (15690120.983.000) 2026-01-21 14:50:16 Started transferring output files
...
040 (15690120.983.000) 2026-01-21 14:50:16 Finished transferring output files
...
005 (15690120.983.000) 2026-01-21 14:50:16 Job terminated.
	(1) Normal termination (return value 0)
		Usr 0 00:20:48, Sys 0 00:00:16  -  Run Remote Usage
		Usr 0 00:00:00, Sys 0 00:00:00  -  Run Local Usage
		Usr 0 00:20:48, Sys 0 00:00:16  -  Total Remote Usage
		Usr 0 00:00:00, Sys 0 00:00:00  -  Total Local Usage
	233  -  Run Bytes Sent By Job
	148880  -  Run Bytes Received By Job
	233  -  Total Bytes Sent By Job
	148880  -  Total Bytes Received By Job
	Partitionable Resources :    Usage  Request Allocated 
	   Cpus                 :     0.99        1         1 
	   Disk (KB)            :   164     2097152   6681191 
	   Memory (MB)          :   100        4096      4096 
	   xferslots            :                           0 

	Job terminated of its own accord at 2026-01-21T19:50:16Z with exit-code 0.
...
