000 (15697407.1208.000) 2026-01-21 18:36:44 Job submitted from host: <130.199.48.129:9618?addrs=130.199.48.129-9618&alias=rcas6009.rcf.bnl.gov&noUDP&sock=schedd_22421_101d>
...
040 (15697407.1208.000) 2026-01-22 19:12:55 Started transferring input files
	Transferring to host: <130.199.186.17:9618?addrs=130.199.186.17-9618&alias=spool1814.sdcc.bnl.gov&noUDP&sock=slot1_69_95879_84b9_371583>
...
040 (15697407.1208.000) 2026-01-22 19:12:55 Finished transferring input files
...
001 (15697407.1208.000) 2026-01-22 19:12:56 Job executing on host: <130.199.186.17:9618?addrs=130.199.186.17-9618&alias=spool1814.sdcc.bnl.gov&noUDP&sock=startd_95870_be84>
...
006 (15697407.1208.000) 2026-01-22 19:13:05 Image size of job updated: 105804
	73  -  MemoryUsage of job (MB)
	74684  -  ResidentSetSize of job (KB)
...
006 (15697407.1208.000) 2026-01-22 19:18:06 Image size of job updated: 450444
	100  -  MemoryUsage of job (MB)
	101556  -  ResidentSetSize of job (KB)
...
040 (15697407.1208.000) 2026-01-22 19:20:35 Started transferring output files
...
040 (15697407.1208.000) 2026-01-22 19:20:35 Finished transferring output files
...
005 (15697407.1208.000) 2026-01-22 19:20:35 Job terminated.
	(1) Normal termination (return value 0)
		Usr 0 00:06:52, Sys 0 00:00:05  -  Run Remote Usage
		Usr 0 00:00:00, Sys 0 00:00:00  -  Run Local Usage
		Usr 0 00:06:52, Sys 0 00:00:05  -  Total Remote Usage
		Usr 0 00:00:00, Sys 0 00:00:00  -  Total Local Usage
	163  -  Run Bytes Sent By Job
	148880  -  Run Bytes Received By Job
	163  -  Total Bytes Sent By Job
	148880  -  Total Bytes Received By Job
	Partitionable Resources :    Usage  Request Allocated 
	   Cpus                 :     0.87        1         1 
	   Disk (KB)            :   163     2097152   6681625 
	   Memory (MB)          :   100        4096      4096 
	   xferslots            :                           0 

	Job terminated of its own accord at 2026-01-23T00:20:34Z with exit-code 0.
...
