000 (15684821.827.000) 2026-01-19 15:56:22 Job submitted from host: <130.199.48.129:9618?addrs=130.199.48.129-9618&alias=rcas6009.rcf.bnl.gov&noUDP&sock=schedd_22421_101d>
...
040 (15684821.827.000) 2026-01-19 16:28:32 Started transferring input files
	Transferring to host: <130.199.186.66:9618?addrs=130.199.186.66-9618&alias=spool1829.sdcc.bnl.gov&noUDP&sock=slot1_93_93926_5593_252042>
...
040 (15684821.827.000) 2026-01-19 16:28:32 Finished transferring input files
...
001 (15684821.827.000) 2026-01-19 16:28:33 Job executing on host: <130.199.186.66:9618?addrs=130.199.186.66-9618&alias=spool1829.sdcc.bnl.gov&noUDP&sock=startd_93917_a4f5>
...
006 (15684821.827.000) 2026-01-19 16:28:42 Image size of job updated: 204804
	85  -  MemoryUsage of job (MB)
	86640  -  ResidentSetSize of job (KB)
...
006 (15684821.827.000) 2026-01-19 16:33:43 Image size of job updated: 447920
	100  -  MemoryUsage of job (MB)
	102364  -  ResidentSetSize of job (KB)
...
040 (15684821.827.000) 2026-01-19 16:44:34 Started transferring output files
...
040 (15684821.827.000) 2026-01-19 16:44:34 Finished transferring output files
...
005 (15684821.827.000) 2026-01-19 16:44:34 Job terminated.
	(1) Normal termination (return value 0)
		Usr 0 00:15:00, Sys 0 00:00:10  -  Run Remote Usage
		Usr 0 00:00:00, Sys 0 00:00:00  -  Run Local Usage
		Usr 0 00:15:00, Sys 0 00:00:10  -  Total Remote Usage
		Usr 0 00:00:00, Sys 0 00:00:00  -  Total Local Usage
	191  -  Run Bytes Sent By Job
	148880  -  Run Bytes Received By Job
	191  -  Total Bytes Sent By Job
	148880  -  Total Bytes Received By Job
	Partitionable Resources :    Usage  Request Allocated 
	   Cpus                 :     0.95        1         1 
	   Disk (KB)            :   164     2097152   6681577 
	   Memory (MB)          :   100        4096      4096 
	   xferslots            :                           0 

	Job terminated of its own accord at 2026-01-19T21:44:34Z with exit-code 0.
...
