000 (15684821.067.000) 2026-01-19 15:56:20 Job submitted from host: <130.199.48.129:9618?addrs=130.199.48.129-9618&alias=rcas6009.rcf.bnl.gov&noUDP&sock=schedd_22421_101d>
...
040 (15684821.067.000) 2026-01-19 16:00:04 Started transferring input files
	Transferring to host: <130.199.150.79:9618?addrs=130.199.150.79-9618&alias=spool1560.sdcc.bnl.gov&noUDP&sock=slot1_81_96765_c7fe_241200>
...
040 (15684821.067.000) 2026-01-19 16:00:05 Finished transferring input files
...
001 (15684821.067.000) 2026-01-19 16:00:06 Job executing on host: <130.199.150.79:9618?addrs=130.199.150.79-9618&alias=spool1560.sdcc.bnl.gov&noUDP&sock=startd_96756_26eb>
...
006 (15684821.067.000) 2026-01-19 16:00:14 Image size of job updated: 344792
	63  -  MemoryUsage of job (MB)
	63516  -  ResidentSetSize of job (KB)
...
006 (15684821.067.000) 2026-01-19 16:00:41 Image size of job updated: 424124
	63  -  MemoryUsage of job (MB)
	63516  -  ResidentSetSize of job (KB)
...
040 (15684821.067.000) 2026-01-19 16:00:41 Started transferring output files
...
040 (15684821.067.000) 2026-01-19 16:00:41 Finished transferring output files
...
005 (15684821.067.000) 2026-01-19 16:00:42 Job terminated.
	(1) Normal termination (return value 0)
		Usr 0 00:00:29, Sys 0 00:00:00  -  Run Remote Usage
		Usr 0 00:00:00, Sys 0 00:00:00  -  Run Local Usage
		Usr 0 00:00:29, Sys 0 00:00:00  -  Total Remote Usage
		Usr 0 00:00:00, Sys 0 00:00:00  -  Total Local Usage
	44  -  Run Bytes Sent By Job
	148880  -  Run Bytes Received By Job
	44  -  Total Bytes Sent By Job
	148880  -  Total Bytes Received By Job
	Partitionable Resources :    Usage  Request Allocated 
	   Cpus                 :                 1         1 
	   Disk (KB)            :      157  2097152   6681201 
	   Memory (MB)          :       63     4096      4096 
	   xferslots            :                           0 

	Job terminated of its own accord at 2026-01-19T21:00:41Z with exit-code 0.
...
