000 (15564188.568.000) 2026-01-07 21:29:40 Job submitted from host: <130.199.48.129:9618?addrs=130.199.48.129-9618&alias=rcas6009.rcf.bnl.gov&noUDP&sock=schedd_22421_101d>
...
040 (15564188.568.000) 2026-01-08 01:29:17 Started transferring input files
	Transferring to host: <130.199.186.27:9618?addrs=130.199.186.27-9618&alias=spool1824.sdcc.bnl.gov&noUDP&sock=slot1_52_94218_f5db_183303>
...
040 (15564188.568.000) 2026-01-08 01:29:17 Finished transferring input files
...
001 (15564188.568.000) 2026-01-08 01:29:18 Job executing on host: <130.199.186.27:9618?addrs=130.199.186.27-9618&alias=spool1824.sdcc.bnl.gov&noUDP&sock=startd_94209_0f05>
...
006 (15564188.568.000) 2026-01-08 01:29:27 Image size of job updated: 382272
	50  -  MemoryUsage of job (MB)
	50228  -  ResidentSetSize of job (KB)
...
006 (15564188.568.000) 2026-01-08 01:34:27 Image size of job updated: 424284
	96  -  MemoryUsage of job (MB)
	97504  -  ResidentSetSize of job (KB)
...
040 (15564188.568.000) 2026-01-08 01:38:36 Started transferring output files
...
040 (15564188.568.000) 2026-01-08 01:38:36 Finished transferring output files
...
005 (15564188.568.000) 2026-01-08 01:38:36 Job terminated.
	(1) Normal termination (return value 0)
		Usr 0 00:08:16, Sys 0 00:00:08  -  Run Remote Usage
		Usr 0 00:00:00, Sys 0 00:00:00  -  Run Local Usage
		Usr 0 00:08:16, Sys 0 00:00:08  -  Total Remote Usage
		Usr 0 00:00:00, Sys 0 00:00:00  -  Total Local Usage
	219  -  Run Bytes Sent By Job
	144352  -  Run Bytes Received By Job
	219  -  Total Bytes Sent By Job
	144352  -  Total Bytes Received By Job
	Partitionable Resources :    Usage  Request Allocated 
	   Cpus                 :     0.98        1         1 
	   Disk (KB)            :   159     2097152   6681576 
	   Memory (MB)          :    96        4096      4096 
	   xferslots            :                           0 

	Job terminated of its own accord at 2026-01-08T06:38:36Z with exit-code 0.
...
