000 (16235385.454.000) 2026-01-23 10:57:27 Job submitted from host: <130.199.48.128:9618?addrs=130.199.48.128-9618&alias=rcas6008.rcf.bnl.gov&noUDP&sock=schedd_18725_535a>
...
040 (16235385.454.000) 2026-01-23 12:08:33 Started transferring input files
	Transferring to host: <130.199.186.93:9618?addrs=130.199.186.93-9618&alias=spool1856.sdcc.bnl.gov&noUDP&sock=slot1_3_94268_e1f6_256836>
...
040 (16235385.454.000) 2026-01-23 12:08:33 Finished transferring input files
...
001 (16235385.454.000) 2026-01-23 12:08:34 Job executing on host: <130.199.186.93:9618?addrs=130.199.186.93-9618&alias=spool1856.sdcc.bnl.gov&noUDP&sock=startd_94259_e20f>
...
006 (16235385.454.000) 2026-01-23 12:08:42 Image size of job updated: 75960
	40  -  MemoryUsage of job (MB)
	40724  -  ResidentSetSize of job (KB)
...
006 (16235385.454.000) 2026-01-23 12:13:42 Image size of job updated: 423760
	101  -  MemoryUsage of job (MB)
	102808  -  ResidentSetSize of job (KB)
...
006 (16235385.454.000) 2026-01-23 12:18:43 Image size of job updated: 424296
	102  -  MemoryUsage of job (MB)
	103936  -  ResidentSetSize of job (KB)
...
006 (16235385.454.000) 2026-01-23 12:23:43 Image size of job updated: 424296
	102  -  MemoryUsage of job (MB)
	103940  -  ResidentSetSize of job (KB)
...
040 (16235385.454.000) 2026-01-23 12:25:01 Started transferring output files
...
040 (16235385.454.000) 2026-01-23 12:25:01 Finished transferring output files
...
005 (16235385.454.000) 2026-01-23 12:25:01 Job terminated.
	(1) Normal termination (return value 0)
		Usr 0 00:16:05, Sys 0 00:00:10  -  Run Remote Usage
		Usr 0 00:00:00, Sys 0 00:00:00  -  Run Local Usage
		Usr 0 00:16:05, Sys 0 00:00:10  -  Total Remote Usage
		Usr 0 00:00:00, Sys 0 00:00:00  -  Total Local Usage
	233  -  Run Bytes Sent By Job
	148880  -  Run Bytes Received By Job
	233  -  Total Bytes Sent By Job
	148880  -  Total Bytes Received By Job
	Partitionable Resources :    Usage  Request Allocated 
	   Cpus                 :     1.00        1         1 
	   Disk (KB)            :   163     2097152   6681548 
	   Memory (MB)          :   102        4096      4096 
	   xferslots            :                           0 

	Job terminated of its own accord at 2026-01-23T17:25:01Z with exit-code 0.
...
