000 (15560432.153.000) 2026-01-07 17:58:15 Job submitted from host: <130.199.48.129:9618?addrs=130.199.48.129-9618&alias=rcas6009.rcf.bnl.gov&noUDP&sock=schedd_22421_101d>
...
040 (15560432.153.000) 2026-01-07 18:51:14 Started transferring input files
	Transferring to host: <130.199.151.33:9618?addrs=130.199.151.33-9618&alias=spool1611.sdcc.bnl.gov&noUDP&sock=slot1_5_94855_59a7_184535>
...
040 (15560432.153.000) 2026-01-07 18:51:14 Finished transferring input files
...
001 (15560432.153.000) 2026-01-07 18:51:15 Job executing on host: <130.199.151.33:9618?addrs=130.199.151.33-9618&alias=spool1611.sdcc.bnl.gov&noUDP&sock=startd_94847_fa45>
...
006 (15560432.153.000) 2026-01-07 18:51:24 Image size of job updated: 121676
	88  -  MemoryUsage of job (MB)
	89120  -  ResidentSetSize of job (KB)
...
006 (15560432.153.000) 2026-01-07 18:56:25 Image size of job updated: 641720
	117  -  MemoryUsage of job (MB)
	119684  -  ResidentSetSize of job (KB)
...
006 (15560432.153.000) 2026-01-07 19:01:25 Image size of job updated: 641720
	119  -  MemoryUsage of job (MB)
	121328  -  ResidentSetSize of job (KB)
...
006 (15560432.153.000) 2026-01-07 19:06:26 Image size of job updated: 641720
	121  -  MemoryUsage of job (MB)
	123796  -  ResidentSetSize of job (KB)
...
006 (15560432.153.000) 2026-01-07 19:13:56 Image size of job updated: 643272
	121  -  MemoryUsage of job (MB)
	123796  -  ResidentSetSize of job (KB)
...
040 (15560432.153.000) 2026-01-07 19:13:56 Started transferring output files
...
040 (15560432.153.000) 2026-01-07 19:13:56 Finished transferring output files
...
005 (15560432.153.000) 2026-01-07 19:13:56 Job terminated.
	(1) Normal termination (return value 0)
		Usr 0 00:21:41, Sys 0 00:00:58  -  Run Remote Usage
		Usr 0 00:00:00, Sys 0 00:00:00  -  Run Local Usage
		Usr 0 00:21:41, Sys 0 00:00:58  -  Total Remote Usage
		Usr 0 00:00:00, Sys 0 00:00:00  -  Total Local Usage
	373  -  Run Bytes Sent By Job
	144352  -  Run Bytes Received By Job
	373  -  Total Bytes Sent By Job
	144352  -  Total Bytes Received By Job
	Partitionable Resources :    Usage  Request Allocated 
	   Cpus                 :     0.99        1         1 
	   Disk (KB)            :   159     2097152   6681176 
	   Memory (MB)          :   121        4096      4096 
	   xferslots            :                           0 

	Job terminated of its own accord at 2026-01-08T00:13:56Z with exit-code 0.
...
