000 (15697407.1198.000) 2026-01-21 18:36:44 Job submitted from host: <130.199.48.129:9618?addrs=130.199.48.129-9618&alias=rcas6009.rcf.bnl.gov&noUDP&sock=schedd_22421_101d>
...
040 (15697407.1198.000) 2026-01-22 19:10:11 Started transferring input files
	Transferring to host: <130.199.186.88:9618?addrs=130.199.186.88-9618&alias=spool1851.sdcc.bnl.gov&noUDP&sock=slot1_12_96118_01c7_321629>
...
040 (15697407.1198.000) 2026-01-22 19:10:11 Finished transferring input files
...
001 (15697407.1198.000) 2026-01-22 19:10:12 Job executing on host: <130.199.186.88:9618?addrs=130.199.186.88-9618&alias=spool1851.sdcc.bnl.gov&noUDP&sock=startd_96110_b380>
...
006 (15697407.1198.000) 2026-01-22 19:10:20 Image size of job updated: 116016
	82  -  MemoryUsage of job (MB)
	83492  -  ResidentSetSize of job (KB)
...
006 (15697407.1198.000) 2026-01-22 19:15:20 Image size of job updated: 449416
	94  -  MemoryUsage of job (MB)
	96172  -  ResidentSetSize of job (KB)
...
040 (15697407.1198.000) 2026-01-22 19:17:24 Started transferring output files
...
040 (15697407.1198.000) 2026-01-22 19:17:24 Finished transferring output files
...
005 (15697407.1198.000) 2026-01-22 19:17:24 Job terminated.
	(1) Normal termination (return value 0)
		Usr 0 00:06:40, Sys 0 00:00:05  -  Run Remote Usage
		Usr 0 00:00:00, Sys 0 00:00:00  -  Run Local Usage
		Usr 0 00:06:40, Sys 0 00:00:05  -  Total Remote Usage
		Usr 0 00:00:00, Sys 0 00:00:00  -  Total Local Usage
	149  -  Run Bytes Sent By Job
	148880  -  Run Bytes Received By Job
	149  -  Total Bytes Sent By Job
	148880  -  Total Bytes Received By Job
	Partitionable Resources :    Usage  Request Allocated 
	   Cpus                 :     0.89        1         1 
	   Disk (KB)            :   164     2097152   6681618 
	   Memory (MB)          :    94        4096      4096 
	   xferslots            :                           0 

	Job terminated of its own accord at 2026-01-23T00:17:23Z with exit-code 0.
...
