000 (15684821.294.000) 2026-01-19 15:56:21 Job submitted from host: <130.199.48.129:9618?addrs=130.199.48.129-9618&alias=rcas6009.rcf.bnl.gov&noUDP&sock=schedd_22421_101d>
...
040 (15684821.294.000) 2026-01-19 16:12:58 Started transferring input files
	Transferring to host: <130.199.151.33:9618?addrs=130.199.151.33-9618&alias=spool1611.sdcc.bnl.gov&noUDP&sock=slot1_83_94855_59a7_267157>
...
040 (15684821.294.000) 2026-01-19 16:12:59 Finished transferring input files
...
001 (15684821.294.000) 2026-01-19 16:13:00 Job executing on host: <130.199.151.33:9618?addrs=130.199.151.33-9618&alias=spool1611.sdcc.bnl.gov&noUDP&sock=startd_94847_fa45>
...
006 (15684821.294.000) 2026-01-19 16:13:08 Image size of job updated: 114228
	82  -  MemoryUsage of job (MB)
	83220  -  ResidentSetSize of job (KB)
...
006 (15684821.294.000) 2026-01-19 16:18:08 Image size of job updated: 448772
	131  -  MemoryUsage of job (MB)
	134008  -  ResidentSetSize of job (KB)
...
040 (15684821.294.000) 2026-01-19 16:51:37 Started transferring output files
...
040 (15684821.294.000) 2026-01-19 16:51:37 Finished transferring output files
...
005 (15684821.294.000) 2026-01-19 16:51:37 Job terminated.
	(1) Normal termination (return value 0)
		Usr 0 00:35:42, Sys 0 00:00:25  -  Run Remote Usage
		Usr 0 00:00:00, Sys 0 00:00:00  -  Run Local Usage
		Usr 0 00:35:42, Sys 0 00:00:25  -  Total Remote Usage
		Usr 0 00:00:00, Sys 0 00:00:00  -  Total Local Usage
	303  -  Run Bytes Sent By Job
	148880  -  Run Bytes Received By Job
	303  -  Total Bytes Sent By Job
	148880  -  Total Bytes Received By Job
	Partitionable Resources :    Usage  Request Allocated 
	   Cpus                 :     0.94        1         1 
	   Disk (KB)            :   163     2097152   6681176 
	   Memory (MB)          :   131        4096      4096 
	   xferslots            :                           0 

	Job terminated of its own accord at 2026-01-19T21:51:36Z with exit-code 0.
...
