000 (15690120.105.000) 2026-01-20 07:35:54 Job submitted from host: <130.199.48.129:9618?addrs=130.199.48.129-9618&alias=rcas6009.rcf.bnl.gov&noUDP&sock=schedd_22421_101d>
...
040 (15690120.105.000) 2026-01-20 22:40:03 Started transferring input files
	Transferring to host: <130.199.150.72:9618?addrs=130.199.150.72-9618&alias=spool1553.sdcc.bnl.gov&noUDP&sock=slot1_67_35675_244e_245385>
...
040 (15690120.105.000) 2026-01-20 22:40:03 Finished transferring input files
...
001 (15690120.105.000) 2026-01-20 22:40:04 Job executing on host: <130.199.150.72:9618?addrs=130.199.150.72-9618&alias=spool1553.sdcc.bnl.gov&noUDP&sock=startd_35666_f030>
...
006 (15690120.105.000) 2026-01-20 22:40:12 Image size of job updated: 421760
	70  -  MemoryUsage of job (MB)
	71572  -  ResidentSetSize of job (KB)
...
006 (15690120.105.000) 2026-01-20 22:45:12 Image size of job updated: 449288
	93  -  MemoryUsage of job (MB)
	95196  -  ResidentSetSize of job (KB)
...
040 (15690120.105.000) 2026-01-20 22:46:40 Started transferring output files
...
040 (15690120.105.000) 2026-01-20 22:46:40 Finished transferring output files
...
005 (15690120.105.000) 2026-01-20 22:46:40 Job terminated.
	(1) Normal termination (return value 0)
		Usr 0 00:06:20, Sys 0 00:00:05  -  Run Remote Usage
		Usr 0 00:00:00, Sys 0 00:00:00  -  Run Local Usage
		Usr 0 00:06:20, Sys 0 00:00:05  -  Total Remote Usage
		Usr 0 00:00:00, Sys 0 00:00:00  -  Total Local Usage
	149  -  Run Bytes Sent By Job
	148880  -  Run Bytes Received By Job
	149  -  Total Bytes Sent By Job
	148880  -  Total Bytes Received By Job
	Partitionable Resources :    Usage  Request Allocated 
	   Cpus                 :     0.99        1         1 
	   Disk (KB)            :   164     2097152   6681183 
	   Memory (MB)          :    93        4096      4096 
	   xferslots            :                           0 

	Job terminated of its own accord at 2026-01-21T03:46:40Z with exit-code 0.
...
