000 (15684821.485.000) 2026-01-19 15:56:21 Job submitted from host: <130.199.48.129:9618?addrs=130.199.48.129-9618&alias=rcas6009.rcf.bnl.gov&noUDP&sock=schedd_22421_101d>
...
040 (15684821.485.000) 2026-01-19 16:21:44 Started transferring input files
	Transferring to host: <130.199.184.204:9618?addrs=130.199.184.204-9618&alias=spool1779.sdcc.bnl.gov&noUDP&sock=slot1_15_94050_e6ca_245371>
...
040 (15684821.485.000) 2026-01-19 16:21:44 Finished transferring input files
...
001 (15684821.485.000) 2026-01-19 16:21:45 Job executing on host: <130.199.184.204:9618?addrs=130.199.184.204-9618&alias=spool1779.sdcc.bnl.gov&noUDP&sock=startd_94041_e388>
...
006 (15684821.485.000) 2026-01-19 16:21:54 Image size of job updated: 447964
	82  -  MemoryUsage of job (MB)
	83500  -  ResidentSetSize of job (KB)
...
006 (15684821.485.000) 2026-01-19 16:26:54 Image size of job updated: 447964
	95  -  MemoryUsage of job (MB)
	96984  -  ResidentSetSize of job (KB)
...
040 (15684821.485.000) 2026-01-19 16:32:01 Started transferring output files
...
040 (15684821.485.000) 2026-01-19 16:32:01 Finished transferring output files
...
005 (15684821.485.000) 2026-01-19 16:32:02 Job terminated.
	(1) Normal termination (return value 0)
		Usr 0 00:09:31, Sys 0 00:00:09  -  Run Remote Usage
		Usr 0 00:00:00, Sys 0 00:00:00  -  Run Local Usage
		Usr 0 00:09:31, Sys 0 00:00:09  -  Total Remote Usage
		Usr 0 00:00:00, Sys 0 00:00:00  -  Total Local Usage
	163  -  Run Bytes Sent By Job
	148880  -  Run Bytes Received By Job
	163  -  Total Bytes Sent By Job
	148880  -  Total Bytes Received By Job
	Partitionable Resources :    Usage  Request Allocated 
	   Cpus                 :     0.98        1         1 
	   Disk (KB)            :   163     2097152   6681567 
	   Memory (MB)          :    95        4096      4096 
	   xferslots            :                           0 

	Job terminated of its own accord at 2026-01-19T21:32:01Z with exit-code 0.
...
