000 (16235385.418.000) 2026-01-23 10:57:27 Job submitted from host: <130.199.48.128:9618?addrs=130.199.48.128-9618&alias=rcas6008.rcf.bnl.gov&noUDP&sock=schedd_18725_535a>
...
040 (16235385.418.000) 2026-01-23 12:07:34 Started transferring input files
	Transferring to host: <130.199.184.209:9618?addrs=130.199.184.209-9618&alias=spool1784.sdcc.bnl.gov&noUDP&sock=slot1_88_94260_f99f_255955>
...
040 (16235385.418.000) 2026-01-23 12:07:34 Finished transferring input files
...
001 (16235385.418.000) 2026-01-23 12:07:35 Job executing on host: <130.199.184.209:9618?addrs=130.199.184.209-9618&alias=spool1784.sdcc.bnl.gov&noUDP&sock=startd_94248_66d5>
...
006 (16235385.418.000) 2026-01-23 12:07:44 Image size of job updated: 342736
	40  -  MemoryUsage of job (MB)
	40720  -  ResidentSetSize of job (KB)
...
006 (16235385.418.000) 2026-01-23 12:12:45 Image size of job updated: 447092
	120  -  MemoryUsage of job (MB)
	122120  -  ResidentSetSize of job (KB)
...
040 (16235385.418.000) 2026-01-23 12:32:07 Started transferring output files
...
040 (16235385.418.000) 2026-01-23 12:32:07 Finished transferring output files
...
005 (16235385.418.000) 2026-01-23 12:32:07 Job terminated.
	(1) Normal termination (return value 0)
		Usr 0 00:23:52, Sys 0 00:00:16  -  Run Remote Usage
		Usr 0 00:00:00, Sys 0 00:00:00  -  Run Local Usage
		Usr 0 00:23:52, Sys 0 00:00:16  -  Total Remote Usage
		Usr 0 00:00:00, Sys 0 00:00:00  -  Total Local Usage
	261  -  Run Bytes Sent By Job
	148880  -  Run Bytes Received By Job
	261  -  Total Bytes Sent By Job
	148880  -  Total Bytes Received By Job
	Partitionable Resources :    Usage  Request Allocated 
	   Cpus                 :     0.99        1         1 
	   Disk (KB)            :   163     2097152   6681570 
	   Memory (MB)          :   120        4096      4096 
	   xferslots            :                           0 

	Job terminated of its own accord at 2026-01-23T17:32:07Z with exit-code 0.
...
