000 (15560432.1027.000) 2026-01-07 17:58:17 Job submitted from host: <130.199.48.129:9618?addrs=130.199.48.129-9618&alias=rcas6009.rcf.bnl.gov&noUDP&sock=schedd_22421_101d>
...
040 (15560432.1027.000) 2026-01-07 21:00:04 Started transferring input files
	Transferring to host: <130.199.151.14:9618?addrs=130.199.151.14-9618&alias=spool1592.sdcc.bnl.gov&noUDP&sock=slot1_64_96745_0327_185999>
...
040 (15560432.1027.000) 2026-01-07 21:00:04 Finished transferring input files
...
001 (15560432.1027.000) 2026-01-07 21:00:05 Job executing on host: <130.199.151.14:9618?addrs=130.199.151.14-9618&alias=spool1592.sdcc.bnl.gov&noUDP&sock=startd_96736_d281>
...
006 (15560432.1027.000) 2026-01-07 21:00:13 Image size of job updated: 107996
	76  -  MemoryUsage of job (MB)
	76900  -  ResidentSetSize of job (KB)
...
006 (15560432.1027.000) 2026-01-07 21:05:13 Image size of job updated: 424752
	94  -  MemoryUsage of job (MB)
	95988  -  ResidentSetSize of job (KB)
...
040 (15560432.1027.000) 2026-01-07 21:08:04 Started transferring output files
...
040 (15560432.1027.000) 2026-01-07 21:08:04 Finished transferring output files
...
005 (15560432.1027.000) 2026-01-07 21:08:04 Job terminated.
	(1) Normal termination (return value 0)
		Usr 0 00:07:50, Sys 0 00:00:06  -  Run Remote Usage
		Usr 0 00:00:00, Sys 0 00:00:00  -  Run Local Usage
		Usr 0 00:07:50, Sys 0 00:00:06  -  Total Remote Usage
		Usr 0 00:00:00, Sys 0 00:00:00  -  Total Local Usage
	205  -  Run Bytes Sent By Job
	144352  -  Run Bytes Received By Job
	205  -  Total Bytes Sent By Job
	144352  -  Total Bytes Received By Job
	Partitionable Resources :    Usage  Request Allocated 
	   Cpus                 :     0.99        1         1 
	   Disk (KB)            :   159     2097152   6681187 
	   Memory (MB)          :    94        4096      4096 
	   xferslots            :                           0 

	Job terminated of its own accord at 2026-01-08T02:08:03Z with exit-code 0.
...
