000 (15684821.252.000) 2026-01-19 15:56:21 Job submitted from host: <130.199.48.129:9618?addrs=130.199.48.129-9618&alias=rcas6009.rcf.bnl.gov&noUDP&sock=schedd_22421_101d>
...
040 (15684821.252.000) 2026-01-19 16:11:54 Started transferring input files
	Transferring to host: <130.199.150.66:9618?addrs=130.199.150.66-9618&alias=spool1547.sdcc.bnl.gov&noUDP&sock=slot1_4_9852_4315_240262>
...
040 (15684821.252.000) 2026-01-19 16:11:54 Finished transferring input files
...
001 (15684821.252.000) 2026-01-19 16:11:55 Job executing on host: <130.199.150.66:9618?addrs=130.199.150.66-9618&alias=spool1547.sdcc.bnl.gov&noUDP&sock=startd_9843_48e4>
...
006 (15684821.252.000) 2026-01-19 16:12:03 Image size of job updated: 117136
	84  -  MemoryUsage of job (MB)
	85996  -  ResidentSetSize of job (KB)
...
006 (15684821.252.000) 2026-01-19 16:17:03 Image size of job updated: 450276
	141  -  MemoryUsage of job (MB)
	143976  -  ResidentSetSize of job (KB)
...
040 (15684821.252.000) 2026-01-19 17:00:19 Started transferring output files
...
040 (15684821.252.000) 2026-01-19 17:00:19 Finished transferring output files
...
005 (15684821.252.000) 2026-01-19 17:00:19 Job terminated.
	(1) Normal termination (return value 0)
		Usr 0 00:45:09, Sys 0 00:00:29  -  Run Remote Usage
		Usr 0 00:00:00, Sys 0 00:00:00  -  Run Local Usage
		Usr 0 00:45:09, Sys 0 00:00:29  -  Total Remote Usage
		Usr 0 00:00:00, Sys 0 00:00:00  -  Total Local Usage
	331  -  Run Bytes Sent By Job
	148880  -  Run Bytes Received By Job
	331  -  Total Bytes Sent By Job
	148880  -  Total Bytes Received By Job
	Partitionable Resources :    Usage  Request Allocated 
	   Cpus                 :     0.80        1         1 
	   Disk (KB)            :   163     2097152   6681184 
	   Memory (MB)          :   141        4096      4096 
	   xferslots            :                           0 

	Job terminated of its own accord at 2026-01-19T22:00:19Z with exit-code 0.
...
