000 (16235385.678.000) 2026-01-23 10:57:28 Job submitted from host: <130.199.48.128:9618?addrs=130.199.48.128-9618&alias=rcas6008.rcf.bnl.gov&noUDP&sock=schedd_18725_535a>
...
040 (16235385.678.000) 2026-01-23 12:19:00 Started transferring input files
	Transferring to host: <130.199.186.90:9618?addrs=130.199.186.90-9618&alias=spool1853.sdcc.bnl.gov&noUDP&sock=slot1_76_95758_2aa3_260444>
...
040 (16235385.678.000) 2026-01-23 12:19:00 Finished transferring input files
...
001 (16235385.678.000) 2026-01-23 12:19:01 Job executing on host: <130.199.186.90:9618?addrs=130.199.186.90-9618&alias=spool1853.sdcc.bnl.gov&noUDP&sock=startd_95750_c406>
...
006 (16235385.678.000) 2026-01-23 12:19:10 Image size of job updated: 419776
	72  -  MemoryUsage of job (MB)
	73264  -  ResidentSetSize of job (KB)
...
006 (16235385.678.000) 2026-01-23 12:24:11 Image size of job updated: 424164
	91  -  MemoryUsage of job (MB)
	92664  -  ResidentSetSize of job (KB)
...
040 (16235385.678.000) 2026-01-23 12:29:43 Started transferring output files
...
040 (16235385.678.000) 2026-01-23 12:29:43 Finished transferring output files
...
005 (16235385.678.000) 2026-01-23 12:29:43 Job terminated.
	(1) Normal termination (return value 0)
		Usr 0 00:10:27, Sys 0 00:00:09  -  Run Remote Usage
		Usr 0 00:00:00, Sys 0 00:00:00  -  Run Local Usage
		Usr 0 00:10:27, Sys 0 00:00:09  -  Total Remote Usage
		Usr 0 00:00:00, Sys 0 00:00:00  -  Total Local Usage
	163  -  Run Bytes Sent By Job
	148880  -  Run Bytes Received By Job
	163  -  Total Bytes Sent By Job
	148880  -  Total Bytes Received By Job
	Partitionable Resources :    Usage  Request Allocated 
	   Cpus                 :     1.00        1         1 
	   Disk (KB)            :   164     2097152   6681587 
	   Memory (MB)          :    91        4096      4096 
	   xferslots            :                           0 

	Job terminated of its own accord at 2026-01-23T17:29:43Z with exit-code 0.
...
