000 (15560432.289.000) 2026-01-07 17:58:16 Job submitted from host: <130.199.48.129:9618?addrs=130.199.48.129-9618&alias=rcas6009.rcf.bnl.gov&noUDP&sock=schedd_22421_101d>
...
040 (15560432.289.000) 2026-01-07 19:53:58 Started transferring input files
	Transferring to host: <130.199.186.89:9618?addrs=130.199.186.89-9618&alias=spool1852.sdcc.bnl.gov&noUDP&sock=slot1_19_94012_d731_244726>
...
040 (15560432.289.000) 2026-01-07 19:53:58 Finished transferring input files
...
001 (15560432.289.000) 2026-01-07 19:53:59 Job executing on host: <130.199.186.89:9618?addrs=130.199.186.89-9618&alias=spool1852.sdcc.bnl.gov&noUDP&sock=startd_94003_dcbe>
...
006 (15560432.289.000) 2026-01-07 19:54:08 Image size of job updated: 110516
	77  -  MemoryUsage of job (MB)
	78044  -  ResidentSetSize of job (KB)
...
006 (15560432.289.000) 2026-01-07 19:56:21 Image size of job updated: 424644
	77  -  MemoryUsage of job (MB)
	78044  -  ResidentSetSize of job (KB)
...
040 (15560432.289.000) 2026-01-07 19:56:21 Started transferring output files
...
040 (15560432.289.000) 2026-01-07 19:56:21 Finished transferring output files
...
005 (15560432.289.000) 2026-01-07 19:56:21 Job terminated.
	(1) Normal termination (return value 0)
		Usr 0 00:02:16, Sys 0 00:00:02  -  Run Remote Usage
		Usr 0 00:00:00, Sys 0 00:00:00  -  Run Local Usage
		Usr 0 00:02:16, Sys 0 00:00:02  -  Total Remote Usage
		Usr 0 00:00:00, Sys 0 00:00:00  -  Total Local Usage
	109  -  Run Bytes Sent By Job
	144352  -  Run Bytes Received By Job
	109  -  Total Bytes Sent By Job
	144352  -  Total Bytes Received By Job
	Partitionable Resources :    Usage  Request Allocated 
	   Cpus                 :     0.98        1         1 
	   Disk (KB)            :   159     2097152   6681569 
	   Memory (MB)          :    77        4096      4096 
	   xferslots            :                           0 

	Job terminated of its own accord at 2026-01-08T00:56:21Z with exit-code 0.
...
