000 (15697407.661.000) 2026-01-21 18:36:42 Job submitted from host: <130.199.48.129:9618?addrs=130.199.48.129-9618&alias=rcas6009.rcf.bnl.gov&noUDP&sock=schedd_22421_101d>
...
040 (15697407.661.000) 2026-01-22 13:36:11 Started transferring input files
	Transferring to host: <130.199.186.19:9618?addrs=130.199.186.19-9618&alias=spool1816.sdcc.bnl.gov&noUDP&sock=slot1_41_94263_30c0_264878>
...
040 (15697407.661.000) 2026-01-22 13:36:11 Finished transferring input files
...
001 (15697407.661.000) 2026-01-22 13:36:12 Job executing on host: <130.199.186.19:9618?addrs=130.199.186.19-9618&alias=spool1816.sdcc.bnl.gov&noUDP&sock=startd_94255_9dfa>
...
006 (15697407.661.000) 2026-01-22 13:36:21 Image size of job updated: 108540
	76  -  MemoryUsage of job (MB)
	77008  -  ResidentSetSize of job (KB)
...
006 (15697407.661.000) 2026-01-22 13:38:00 Image size of job updated: 448868
	76  -  MemoryUsage of job (MB)
	77008  -  ResidentSetSize of job (KB)
...
040 (15697407.661.000) 2026-01-22 13:38:00 Started transferring output files
...
040 (15697407.661.000) 2026-01-22 13:38:00 Finished transferring output files
...
005 (15697407.661.000) 2026-01-22 13:38:00 Job terminated.
	(1) Normal termination (return value 0)
		Usr 0 00:01:45, Sys 0 00:00:01  -  Run Remote Usage
		Usr 0 00:00:00, Sys 0 00:00:00  -  Run Local Usage
		Usr 0 00:01:45, Sys 0 00:00:01  -  Total Remote Usage
		Usr 0 00:00:00, Sys 0 00:00:00  -  Total Local Usage
	83  -  Run Bytes Sent By Job
	148880  -  Run Bytes Received By Job
	83  -  Total Bytes Sent By Job
	148880  -  Total Bytes Received By Job
	Partitionable Resources :    Usage  Request Allocated 
	   Cpus                 :                 1         1 
	   Disk (KB)            :      157  2097152   6681579 
	   Memory (MB)          :       76     4096      4096 
	   xferslots            :                           0 

	Job terminated of its own accord at 2026-01-22T18:38:00Z with exit-code 0.
...
