000 (15560432.342.000) 2026-01-07 17:58:16 Job submitted from host: <130.199.48.129:9618?addrs=130.199.48.129-9618&alias=rcas6009.rcf.bnl.gov&noUDP&sock=schedd_22421_101d>
...
040 (15560432.342.000) 2026-01-07 20:17:07 Started transferring input files
	Transferring to host: <130.199.150.93:9618?addrs=130.199.150.93-9618&alias=spool1574.sdcc.bnl.gov&noUDP&sock=slot1_11_94784_ebaa_188148>
...
040 (15560432.342.000) 2026-01-07 20:17:07 Finished transferring input files
...
001 (15560432.342.000) 2026-01-07 20:17:08 Job executing on host: <130.199.150.93:9618?addrs=130.199.150.93-9618&alias=spool1574.sdcc.bnl.gov&noUDP&sock=startd_94775_30c7>
...
006 (15560432.342.000) 2026-01-07 20:17:17 Image size of job updated: 421204
	84  -  MemoryUsage of job (MB)
	85640  -  ResidentSetSize of job (KB)
...
006 (15560432.342.000) 2026-01-07 20:22:17 Image size of job updated: 424788
	115  -  MemoryUsage of job (MB)
	117420  -  ResidentSetSize of job (KB)
...
006 (15560432.342.000) 2026-01-07 20:27:17 Image size of job updated: 424924
	115  -  MemoryUsage of job (MB)
	117456  -  ResidentSetSize of job (KB)
...
006 (15560432.342.000) 2026-01-07 20:32:18 Image size of job updated: 424924
	115  -  MemoryUsage of job (MB)
	117464  -  ResidentSetSize of job (KB)
...
040 (15560432.342.000) 2026-01-07 20:35:43 Started transferring output files
...
040 (15560432.342.000) 2026-01-07 20:35:43 Finished transferring output files
...
005 (15560432.342.000) 2026-01-07 20:35:43 Job terminated.
	(1) Normal termination (return value 0)
		Usr 0 00:18:13, Sys 0 00:00:18  -  Run Remote Usage
		Usr 0 00:00:00, Sys 0 00:00:00  -  Run Local Usage
		Usr 0 00:18:13, Sys 0 00:00:18  -  Total Remote Usage
		Usr 0 00:00:00, Sys 0 00:00:00  -  Total Local Usage
	331  -  Run Bytes Sent By Job
	144352  -  Run Bytes Received By Job
	331  -  Total Bytes Sent By Job
	144352  -  Total Bytes Received By Job
	Partitionable Resources :    Usage  Request Allocated 
	   Cpus                 :     0.99        1         1 
	   Disk (KB)            :   159     2097152   6681104 
	   Memory (MB)          :   115        4096      4096 
	   xferslots            :                           0 

	Job terminated of its own accord at 2026-01-08T01:35:42Z with exit-code 0.
...
