000 (15560432.134.000) 2026-01-07 17:58:15 Job submitted from host: <130.199.48.129:9618?addrs=130.199.48.129-9618&alias=rcas6009.rcf.bnl.gov&noUDP&sock=schedd_22421_101d>
...
040 (15560432.134.000) 2026-01-07 18:46:18 Started transferring input files
	Transferring to host: <130.199.151.30:9618?addrs=130.199.151.30-9618&alias=spool1608.sdcc.bnl.gov&noUDP&sock=slot1_64_96495_66a3_187797>
...
040 (15560432.134.000) 2026-01-07 18:46:18 Finished transferring input files
...
001 (15560432.134.000) 2026-01-07 18:46:19 Job executing on host: <130.199.151.30:9618?addrs=130.199.151.30-9618&alias=spool1608.sdcc.bnl.gov&noUDP&sock=startd_96487_0455>
...
006 (15560432.134.000) 2026-01-07 18:46:27 Image size of job updated: 120508
	86  -  MemoryUsage of job (MB)
	88040  -  ResidentSetSize of job (KB)
...
006 (15560432.134.000) 2026-01-07 18:51:27 Image size of job updated: 424712
	115  -  MemoryUsage of job (MB)
	117748  -  ResidentSetSize of job (KB)
...
040 (15560432.134.000) 2026-01-07 19:02:36 Started transferring output files
...
040 (15560432.134.000) 2026-01-07 19:02:37 Finished transferring output files
...
005 (15560432.134.000) 2026-01-07 19:02:37 Job terminated.
	(1) Normal termination (return value 0)
		Usr 0 00:16:00, Sys 0 00:00:15  -  Run Remote Usage
		Usr 0 00:00:00, Sys 0 00:00:00  -  Run Local Usage
		Usr 0 00:16:00, Sys 0 00:00:15  -  Total Remote Usage
		Usr 0 00:00:00, Sys 0 00:00:00  -  Total Local Usage
	317  -  Run Bytes Sent By Job
	144352  -  Run Bytes Received By Job
	317  -  Total Bytes Sent By Job
	144352  -  Total Bytes Received By Job
	Partitionable Resources :    Usage  Request Allocated 
	   Cpus                 :     0.99        1         1 
	   Disk (KB)            :   159     2097152   6681194 
	   Memory (MB)          :   115        4096      4096 
	   xferslots            :                           0 

	Job terminated of its own accord at 2026-01-08T00:02:36Z with exit-code 0.
...
