000 (16235385.776.000) 2026-01-23 10:57:29 Job submitted from host: <130.199.48.128:9618?addrs=130.199.48.128-9618&alias=rcas6008.rcf.bnl.gov&noUDP&sock=schedd_18725_535a>
...
040 (16235385.776.000) 2026-01-23 12:22:18 Started transferring input files
	Transferring to host: <130.199.186.70:9618?addrs=130.199.186.70-9618&alias=spool1833.sdcc.bnl.gov&noUDP&sock=slot1_35_94191_05b8_251546>
...
040 (16235385.776.000) 2026-01-23 12:22:18 Finished transferring input files
...
001 (16235385.776.000) 2026-01-23 12:22:19 Job executing on host: <130.199.186.70:9618?addrs=130.199.186.70-9618&alias=spool1833.sdcc.bnl.gov&noUDP&sock=startd_94182_8376>
...
006 (16235385.776.000) 2026-01-23 12:22:27 Image size of job updated: 103496
	71  -  MemoryUsage of job (MB)
	72532  -  ResidentSetSize of job (KB)
...
006 (16235385.776.000) 2026-01-23 12:27:27 Image size of job updated: 424252
	93  -  MemoryUsage of job (MB)
	94664  -  ResidentSetSize of job (KB)
...
006 (16235385.776.000) 2026-01-23 12:32:28 Image size of job updated: 424252
	93  -  MemoryUsage of job (MB)
	94680  -  ResidentSetSize of job (KB)
...
040 (16235385.776.000) 2026-01-23 12:33:41 Started transferring output files
...
040 (16235385.776.000) 2026-01-23 12:33:41 Finished transferring output files
...
005 (16235385.776.000) 2026-01-23 12:33:41 Job terminated.
	(1) Normal termination (return value 0)
		Usr 0 00:11:10, Sys 0 00:00:08  -  Run Remote Usage
		Usr 0 00:00:00, Sys 0 00:00:00  -  Run Local Usage
		Usr 0 00:11:10, Sys 0 00:00:08  -  Total Remote Usage
		Usr 0 00:00:00, Sys 0 00:00:00  -  Total Local Usage
	177  -  Run Bytes Sent By Job
	148880  -  Run Bytes Received By Job
	177  -  Total Bytes Sent By Job
	148880  -  Total Bytes Received By Job
	Partitionable Resources :    Usage  Request Allocated 
	   Cpus                 :     0.99        1         1 
	   Disk (KB)            :   164     2097152   6681512 
	   Memory (MB)          :    93        4096      4096 
	   xferslots            :                           0 

	Job terminated of its own accord at 2026-01-23T17:33:41Z with exit-code 0.
...
