000 (15684821.096.000) 2026-01-19 15:56:20 Job submitted from host: <130.199.48.129:9618?addrs=130.199.48.129-9618&alias=rcas6009.rcf.bnl.gov&noUDP&sock=schedd_22421_101d>
...
040 (15684821.096.000) 2026-01-19 16:03:11 Started transferring input files
	Transferring to host: <130.199.184.204:9618?addrs=130.199.184.204-9618&alias=spool1779.sdcc.bnl.gov&noUDP&sock=slot1_8_94050_e6ca_245336>
...
040 (15684821.096.000) 2026-01-19 16:03:11 Finished transferring input files
...
001 (15684821.096.000) 2026-01-19 16:03:12 Job executing on host: <130.199.184.204:9618?addrs=130.199.184.204-9618&alias=spool1779.sdcc.bnl.gov&noUDP&sock=startd_94041_e388>
...
006 (15684821.096.000) 2026-01-19 16:03:22 Image size of job updated: 83048
	64  -  MemoryUsage of job (MB)
	64736  -  ResidentSetSize of job (KB)
...
006 (15684821.096.000) 2026-01-19 16:04:09 Image size of job updated: 424524
	64  -  MemoryUsage of job (MB)
	64736  -  ResidentSetSize of job (KB)
...
040 (15684821.096.000) 2026-01-19 16:04:09 Started transferring output files
...
040 (15684821.096.000) 2026-01-19 16:04:09 Finished transferring output files
...
005 (15684821.096.000) 2026-01-19 16:04:09 Job terminated.
	(1) Normal termination (return value 0)
		Usr 0 00:00:46, Sys 0 00:00:01  -  Run Remote Usage
		Usr 0 00:00:00, Sys 0 00:00:00  -  Run Local Usage
		Usr 0 00:00:46, Sys 0 00:00:01  -  Total Remote Usage
		Usr 0 00:00:00, Sys 0 00:00:00  -  Total Local Usage
	57  -  Run Bytes Sent By Job
	148880  -  Run Bytes Received By Job
	57  -  Total Bytes Sent By Job
	148880  -  Total Bytes Received By Job
	Partitionable Resources :    Usage  Request Allocated 
	   Cpus                 :     0.38        1         1 
	   Disk (KB)            :   163     2097152   6681567 
	   Memory (MB)          :    64        4096      4096 
	   xferslots            :                           0 

	Job terminated of its own accord at 2026-01-19T21:04:09Z with exit-code 0.
...
