000 (15560432.949.000) 2026-01-07 17:58:17 Job submitted from host: <130.199.48.129:9618?addrs=130.199.48.129-9618&alias=rcas6009.rcf.bnl.gov&noUDP&sock=schedd_22421_101d>
...
040 (15560432.949.000) 2026-01-07 20:58:34 Started transferring input files
	Transferring to host: <130.199.184.202:9618?addrs=130.199.184.202-9618&alias=spool1777.sdcc.bnl.gov&noUDP&sock=slot1_33_95949_35ab_185934>
...
040 (15560432.949.000) 2026-01-07 20:58:34 Finished transferring input files
...
001 (15560432.949.000) 2026-01-07 20:58:35 Job executing on host: <130.199.184.202:9618?addrs=130.199.184.202-9618&alias=spool1777.sdcc.bnl.gov&noUDP&sock=startd_95940_e5f9>
...
006 (15560432.949.000) 2026-01-07 20:58:46 Image size of job updated: 421516
	88  -  MemoryUsage of job (MB)
	89756  -  ResidentSetSize of job (KB)
...
006 (15560432.949.000) 2026-01-07 21:03:21 Image size of job updated: 424476
	88  -  MemoryUsage of job (MB)
	89756  -  ResidentSetSize of job (KB)
...
040 (15560432.949.000) 2026-01-07 21:03:21 Started transferring output files
...
040 (15560432.949.000) 2026-01-07 21:03:21 Finished transferring output files
...
005 (15560432.949.000) 2026-01-07 21:03:21 Job terminated.
	(1) Normal termination (return value 0)
		Usr 0 00:04:40, Sys 0 00:00:04  -  Run Remote Usage
		Usr 0 00:00:00, Sys 0 00:00:00  -  Run Local Usage
		Usr 0 00:04:40, Sys 0 00:00:04  -  Total Remote Usage
		Usr 0 00:00:00, Sys 0 00:00:00  -  Total Local Usage
	163  -  Run Bytes Sent By Job
	144352  -  Run Bytes Received By Job
	163  -  Total Bytes Sent By Job
	144352  -  Total Bytes Received By Job
	Partitionable Resources :    Usage  Request Allocated 
	   Cpus                 :                 1         1 
	   Disk (KB)            :      153  2097152   6681572 
	   Memory (MB)          :       88     4096      4096 
	   xferslots            :                           0 

	Job terminated of its own accord at 2026-01-08T02:03:21Z with exit-code 0.
...
