000 (15560432.339.000) 2026-01-07 17:58:16 Job submitted from host: <130.199.48.129:9618?addrs=130.199.48.129-9618&alias=rcas6009.rcf.bnl.gov&noUDP&sock=schedd_22421_101d>
...
040 (15560432.339.000) 2026-01-07 20:13:40 Started transferring input files
	Transferring to host: <130.199.151.3:9618?addrs=130.199.151.3-9618&alias=spool1581.sdcc.bnl.gov&noUDP&sock=slot1_33_95061_7851_188076>
...
040 (15560432.339.000) 2026-01-07 20:13:40 Finished transferring input files
...
001 (15560432.339.000) 2026-01-07 20:13:41 Job executing on host: <130.199.151.3:9618?addrs=130.199.151.3-9618&alias=spool1581.sdcc.bnl.gov&noUDP&sock=startd_95052_db87>
...
006 (15560432.339.000) 2026-01-07 20:13:50 Image size of job updated: 110720
	78  -  MemoryUsage of job (MB)
	79624  -  ResidentSetSize of job (KB)
...
006 (15560432.339.000) 2026-01-07 20:18:51 Image size of job updated: 424712
	99  -  MemoryUsage of job (MB)
	100508  -  ResidentSetSize of job (KB)
...
006 (15560432.339.000) 2026-01-07 20:22:20 Image size of job updated: 424876
	99  -  MemoryUsage of job (MB)
	100508  -  ResidentSetSize of job (KB)
...
040 (15560432.339.000) 2026-01-07 20:22:20 Started transferring output files
...
040 (15560432.339.000) 2026-01-07 20:22:20 Finished transferring output files
...
005 (15560432.339.000) 2026-01-07 20:22:20 Job terminated.
	(1) Normal termination (return value 0)
		Usr 0 00:08:29, Sys 0 00:00:08  -  Run Remote Usage
		Usr 0 00:00:00, Sys 0 00:00:00  -  Run Local Usage
		Usr 0 00:08:29, Sys 0 00:00:08  -  Total Remote Usage
		Usr 0 00:00:00, Sys 0 00:00:00  -  Total Local Usage
	233  -  Run Bytes Sent By Job
	144352  -  Run Bytes Received By Job
	233  -  Total Bytes Sent By Job
	144352  -  Total Bytes Received By Job
	Partitionable Resources :    Usage  Request Allocated 
	   Cpus                 :     0.99        1         1 
	   Disk (KB)            :   159     2097152   6681183 
	   Memory (MB)          :    99        4096      4096 
	   xferslots            :                           0 

	Job terminated of its own accord at 2026-01-08T01:22:20Z with exit-code 0.
...
