000 (15564188.344.000) 2026-01-07 21:29:40 Job submitted from host: <130.199.48.129:9618?addrs=130.199.48.129-9618&alias=rcas6009.rcf.bnl.gov&noUDP&sock=schedd_22421_101d>
...
040 (15564188.344.000) 2026-01-08 00:47:45 Started transferring input files
	Transferring to host: <130.199.151.31:9618?addrs=130.199.151.31-9618&alias=spool1609.sdcc.bnl.gov&noUDP&sock=slot1_90_94980_a7e9_182750>
...
040 (15564188.344.000) 2026-01-08 00:47:45 Finished transferring input files
...
001 (15564188.344.000) 2026-01-08 00:47:46 Job executing on host: <130.199.151.31:9618?addrs=130.199.151.31-9618&alias=spool1609.sdcc.bnl.gov&noUDP&sock=startd_94972_89de>
...
006 (15564188.344.000) 2026-01-08 00:47:55 Image size of job updated: 117084
	83  -  MemoryUsage of job (MB)
	84616  -  ResidentSetSize of job (KB)
...
006 (15564188.344.000) 2026-01-08 00:52:56 Image size of job updated: 448892
	132  -  MemoryUsage of job (MB)
	135020  -  ResidentSetSize of job (KB)
...
040 (15564188.344.000) 2026-01-08 01:04:56 Started transferring output files
...
040 (15564188.344.000) 2026-01-08 01:04:56 Finished transferring output files
...
005 (15564188.344.000) 2026-01-08 01:04:56 Job terminated.
	(1) Normal termination (return value 0)
		Usr 0 00:15:28, Sys 0 00:00:14  -  Run Remote Usage
		Usr 0 00:00:00, Sys 0 00:00:00  -  Run Local Usage
		Usr 0 00:15:28, Sys 0 00:00:14  -  Total Remote Usage
		Usr 0 00:00:00, Sys 0 00:00:00  -  Total Local Usage
	303  -  Run Bytes Sent By Job
	144352  -  Run Bytes Received By Job
	303  -  Total Bytes Sent By Job
	144352  -  Total Bytes Received By Job
	Partitionable Resources :    Usage  Request Allocated 
	   Cpus                 :     0.95        1         1 
	   Disk (KB)            :   159     2097152   6681162 
	   Memory (MB)          :   132        4096      4096 
	   xferslots            :                           0 

	Job terminated of its own accord at 2026-01-08T06:04:55Z with exit-code 0.
...
