000 (15697407.343.000) 2026-01-21 18:36:41 Job submitted from host: <130.199.48.129:9618?addrs=130.199.48.129-9618&alias=rcas6009.rcf.bnl.gov&noUDP&sock=schedd_22421_101d>
...
040 (15697407.343.000) 2026-01-22 06:18:50 Started transferring input files
	Transferring to host: <130.199.151.15:9618?addrs=130.199.151.15-9618&alias=spool1593.sdcc.bnl.gov&noUDP&sock=slot1_91_96858_74e8_273979>
...
001 (15697407.343.000) 2026-01-22 06:19:05 Job executing on host: <130.199.151.15:9618?addrs=130.199.151.15-9618&alias=spool1593.sdcc.bnl.gov&noUDP&sock=startd_96849_95d9>
...
040 (15697407.343.000) 2026-01-22 06:19:05 Finished transferring input files
...
006 (15697407.343.000) 2026-01-22 06:19:14 Image size of job updated: 422532
	83  -  MemoryUsage of job (MB)
	84408  -  ResidentSetSize of job (KB)
...
006 (15697407.343.000) 2026-01-22 06:24:15 Image size of job updated: 424232
	110  -  MemoryUsage of job (MB)
	112016  -  ResidentSetSize of job (KB)
...
006 (15697407.343.000) 2026-01-22 06:29:16 Image size of job updated: 424232
	110  -  MemoryUsage of job (MB)
	112036  -  ResidentSetSize of job (KB)
...
040 (15697407.343.000) 2026-01-22 06:49:40 Started transferring output files
...
040 (15697407.343.000) 2026-01-22 06:49:40 Finished transferring output files
...
005 (15697407.343.000) 2026-01-22 06:49:40 Job terminated.
	(1) Normal termination (return value 0)
		Usr 0 00:30:15, Sys 0 00:00:17  -  Run Remote Usage
		Usr 0 00:00:00, Sys 0 00:00:00  -  Run Local Usage
		Usr 0 00:30:15, Sys 0 00:00:17  -  Total Remote Usage
		Usr 0 00:00:00, Sys 0 00:00:00  -  Total Local Usage
	303  -  Run Bytes Sent By Job
	148880  -  Run Bytes Received By Job
	303  -  Total Bytes Sent By Job
	148880  -  Total Bytes Received By Job
	Partitionable Resources :    Usage  Request Allocated 
	   Cpus                 :     1.00        1         1 
	   Disk (KB)            :   164     2097152   6681185 
	   Memory (MB)          :   110        4096      4096 
	   xferslots            :                           0 

	Job terminated of its own accord at 2026-01-22T11:49:39Z with exit-code 0.
...
