000 (16235385.383.000) 2026-01-23 10:57:27 Job submitted from host: <130.199.48.128:9618?addrs=130.199.48.128-9618&alias=rcas6008.rcf.bnl.gov&noUDP&sock=schedd_18725_535a>
...
040 (16235385.383.000) 2026-01-23 12:06:26 Started transferring input files
	Transferring to host: <130.199.151.22:9618?addrs=130.199.151.22-9618&alias=spool1600.sdcc.bnl.gov&noUDP&sock=slot1_77_25096_204f_265559>
...
040 (16235385.383.000) 2026-01-23 12:06:26 Finished transferring input files
...
001 (16235385.383.000) 2026-01-23 12:06:27 Job executing on host: <130.199.151.22:9618?addrs=130.199.151.22-9618&alias=spool1600.sdcc.bnl.gov&noUDP&sock=startd_25087_d17b>
...
006 (16235385.383.000) 2026-01-23 12:06:35 Image size of job updated: 342736
	76  -  MemoryUsage of job (MB)
	77272  -  ResidentSetSize of job (KB)
...
006 (16235385.383.000) 2026-01-23 12:11:35 Image size of job updated: 446836
	119  -  MemoryUsage of job (MB)
	120860  -  ResidentSetSize of job (KB)
...
040 (16235385.383.000) 2026-01-23 12:28:25 Started transferring output files
...
040 (16235385.383.000) 2026-01-23 12:28:25 Finished transferring output files
...
005 (16235385.383.000) 2026-01-23 12:28:25 Job terminated.
	(1) Normal termination (return value 0)
		Usr 0 00:21:36, Sys 0 00:00:14  -  Run Remote Usage
		Usr 0 00:00:00, Sys 0 00:00:00  -  Run Local Usage
		Usr 0 00:21:36, Sys 0 00:00:14  -  Total Remote Usage
		Usr 0 00:00:00, Sys 0 00:00:00  -  Total Local Usage
	261  -  Run Bytes Sent By Job
	148880  -  Run Bytes Received By Job
	261  -  Total Bytes Sent By Job
	148880  -  Total Bytes Received By Job
	Partitionable Resources :    Usage  Request Allocated 
	   Cpus                 :     1.00        1         1 
	   Disk (KB)            :   163     2097152   6681187 
	   Memory (MB)          :   119        4096      4096 
	   xferslots            :                           0 

	Job terminated of its own accord at 2026-01-23T17:28:25Z with exit-code 0.
...
