000 (15697407.152.000) 2026-01-21 18:36:41 Job submitted from host: <130.199.48.129:9618?addrs=130.199.48.129-9618&alias=rcas6009.rcf.bnl.gov&noUDP&sock=schedd_22421_101d>
...
040 (15697407.152.000) 2026-01-21 22:46:56 Started transferring input files
	Transferring to host: <130.199.186.94:9618?addrs=130.199.186.94-9618&alias=spool1857.sdcc.bnl.gov&noUDP&sock=slot1_35_95819_3633_376664>
...
040 (15697407.152.000) 2026-01-21 22:46:56 Finished transferring input files
...
001 (15697407.152.000) 2026-01-21 22:46:57 Job executing on host: <130.199.186.94:9618?addrs=130.199.186.94-9618&alias=spool1857.sdcc.bnl.gov&noUDP&sock=startd_95810_c145>
...
006 (15697407.152.000) 2026-01-21 22:47:05 Image size of job updated: 420740
	78  -  MemoryUsage of job (MB)
	79212  -  ResidentSetSize of job (KB)
...
006 (15697407.152.000) 2026-01-21 22:52:05 Image size of job updated: 449848
	113  -  MemoryUsage of job (MB)
	115304  -  ResidentSetSize of job (KB)
...
006 (15697407.152.000) 2026-01-21 23:02:06 Image size of job updated: 449848
	113  -  MemoryUsage of job (MB)
	115308  -  ResidentSetSize of job (KB)
...
040 (15697407.152.000) 2026-01-21 23:05:13 Started transferring output files
...
040 (15697407.152.000) 2026-01-21 23:05:13 Finished transferring output files
...
005 (15697407.152.000) 2026-01-21 23:05:13 Job terminated.
	(1) Normal termination (return value 0)
		Usr 0 00:17:47, Sys 0 00:00:14  -  Run Remote Usage
		Usr 0 00:00:00, Sys 0 00:00:00  -  Run Local Usage
		Usr 0 00:17:47, Sys 0 00:00:14  -  Total Remote Usage
		Usr 0 00:00:00, Sys 0 00:00:00  -  Total Local Usage
	219  -  Run Bytes Sent By Job
	148880  -  Run Bytes Received By Job
	219  -  Total Bytes Sent By Job
	148880  -  Total Bytes Received By Job
	Partitionable Resources :    Usage  Request Allocated 
	   Cpus                 :     0.99        1         1 
	   Disk (KB)            :   163     2097152   6681616 
	   Memory (MB)          :   113        4096      4096 
	   xferslots            :                           0 

	Job terminated of its own accord at 2026-01-22T04:05:13Z with exit-code 0.
...
