000 (15564188.1067.000) 2026-01-07 21:29:41 Job submitted from host: <130.199.48.129:9618?addrs=130.199.48.129-9618&alias=rcas6009.rcf.bnl.gov&noUDP&sock=schedd_22421_101d>
...
040 (15564188.1067.000) 2026-01-08 02:08:55 Started transferring input files
	Transferring to host: <130.199.150.87:9618?addrs=130.199.150.87-9618&alias=spool1568.sdcc.bnl.gov&noUDP&sock=slot1_52_25189_cd38_196190>
...
040 (15564188.1067.000) 2026-01-08 02:08:55 Finished transferring input files
...
001 (15564188.1067.000) 2026-01-08 02:08:56 Job executing on host: <130.199.150.87:9618?addrs=130.199.150.87-9618&alias=spool1568.sdcc.bnl.gov&noUDP&sock=startd_25180_4069>
...
006 (15564188.1067.000) 2026-01-08 02:09:05 Image size of job updated: 339684
	64  -  MemoryUsage of job (MB)
	65340  -  ResidentSetSize of job (KB)
...
006 (15564188.1067.000) 2026-01-08 02:09:13 Image size of job updated: 450424
	64  -  MemoryUsage of job (MB)
	65340  -  ResidentSetSize of job (KB)
...
040 (15564188.1067.000) 2026-01-08 02:09:13 Started transferring output files
...
040 (15564188.1067.000) 2026-01-08 02:09:13 Finished transferring output files
...
005 (15564188.1067.000) 2026-01-08 02:09:13 Job terminated.
	(1) Normal termination (return value 0)
		Usr 0 00:00:11, Sys 0 00:00:00  -  Run Remote Usage
		Usr 0 00:00:00, Sys 0 00:00:00  -  Run Local Usage
		Usr 0 00:00:11, Sys 0 00:00:00  -  Total Remote Usage
		Usr 0 00:00:00, Sys 0 00:00:00  -  Total Local Usage
	44  -  Run Bytes Sent By Job
	144352  -  Run Bytes Received By Job
	44  -  Total Bytes Sent By Job
	144352  -  Total Bytes Received By Job
	Partitionable Resources :    Usage  Request Allocated 
	   Cpus                 :                 1         1 
	   Disk (KB)            :      152  2097152   6681186 
	   Memory (MB)          :       64     4096      4096 
	   xferslots            :                           0 

	Job terminated of its own accord at 2026-01-08T07:09:13Z with exit-code 0.
...
