000 (15560432.670.000) 2026-01-07 17:58:16 Job submitted from host: <130.199.48.129:9618?addrs=130.199.48.129-9618&alias=rcas6009.rcf.bnl.gov&noUDP&sock=schedd_22421_101d>
...
040 (15560432.670.000) 2026-01-07 20:52:27 Started transferring input files
	Transferring to host: <130.199.151.14:9618?addrs=130.199.151.14-9618&alias=spool1592.sdcc.bnl.gov&noUDP&sock=slot1_79_96745_0327_185981>
...
040 (15560432.670.000) 2026-01-07 20:52:27 Finished transferring input files
...
001 (15560432.670.000) 2026-01-07 20:52:28 Job executing on host: <130.199.151.14:9618?addrs=130.199.151.14-9618&alias=spool1592.sdcc.bnl.gov&noUDP&sock=startd_96736_d281>
...
006 (15560432.670.000) 2026-01-07 20:52:36 Image size of job updated: 99740
	67  -  MemoryUsage of job (MB)
	68332  -  ResidentSetSize of job (KB)
...
006 (15560432.670.000) 2026-01-07 20:52:58 Image size of job updated: 450468
	67  -  MemoryUsage of job (MB)
	68332  -  ResidentSetSize of job (KB)
...
040 (15560432.670.000) 2026-01-07 20:52:58 Started transferring output files
...
040 (15560432.670.000) 2026-01-07 20:52:58 Finished transferring output files
...
005 (15560432.670.000) 2026-01-07 20:52:58 Job terminated.
	(1) Normal termination (return value 0)
		Usr 0 00:00:28, Sys 0 00:00:00  -  Run Remote Usage
		Usr 0 00:00:00, Sys 0 00:00:00  -  Run Local Usage
		Usr 0 00:00:28, Sys 0 00:00:00  -  Total Remote Usage
		Usr 0 00:00:00, Sys 0 00:00:00  -  Total Local Usage
	57  -  Run Bytes Sent By Job
	144352  -  Run Bytes Received By Job
	57  -  Total Bytes Sent By Job
	144352  -  Total Bytes Received By Job
	Partitionable Resources :    Usage  Request Allocated 
	   Cpus                 :                 1         1 
	   Disk (KB)            :      153  2097152   6681187 
	   Memory (MB)          :       67     4096      4096 
	   xferslots            :                           0 

	Job terminated of its own accord at 2026-01-08T01:52:58Z with exit-code 0.
...
