000 (16235385.868.000) 2026-01-23 10:57:29 Job submitted from host: <130.199.48.128:9618?addrs=130.199.48.128-9618&alias=rcas6008.rcf.bnl.gov&noUDP&sock=schedd_18725_535a>
...
040 (16235385.868.000) 2026-01-23 12:25:10 Started transferring input files
	Transferring to host: <130.199.186.10:9618?addrs=130.199.186.10-9618&alias=spool1807.sdcc.bnl.gov&noUDP&sock=slot1_57_95813_c7f3_288066>
...
040 (16235385.868.000) 2026-01-23 12:25:10 Finished transferring input files
...
001 (16235385.868.000) 2026-01-23 12:25:12 Job executing on host: <130.199.186.10:9618?addrs=130.199.186.10-9618&alias=spool1807.sdcc.bnl.gov&noUDP&sock=startd_95805_2c2b>
...
006 (16235385.868.000) 2026-01-23 12:25:20 Image size of job updated: 341200
	73  -  MemoryUsage of job (MB)
	73940  -  ResidentSetSize of job (KB)
...
006 (16235385.868.000) 2026-01-23 12:30:20 Image size of job updated: 423932
	91  -  MemoryUsage of job (MB)
	93088  -  ResidentSetSize of job (KB)
...
006 (16235385.868.000) 2026-01-23 12:34:26 Image size of job updated: 424504
	91  -  MemoryUsage of job (MB)
	93088  -  ResidentSetSize of job (KB)
...
040 (16235385.868.000) 2026-01-23 12:34:26 Started transferring output files
...
040 (16235385.868.000) 2026-01-23 12:34:26 Finished transferring output files
...
005 (16235385.868.000) 2026-01-23 12:34:26 Job terminated.
	(1) Normal termination (return value 0)
		Usr 0 00:09:07, Sys 0 00:00:05  -  Run Remote Usage
		Usr 0 00:00:00, Sys 0 00:00:00  -  Run Local Usage
		Usr 0 00:09:07, Sys 0 00:00:05  -  Total Remote Usage
		Usr 0 00:00:00, Sys 0 00:00:00  -  Total Local Usage
	177  -  Run Bytes Sent By Job
	148880  -  Run Bytes Received By Job
	177  -  Total Bytes Sent By Job
	148880  -  Total Bytes Received By Job
	Partitionable Resources :    Usage  Request Allocated 
	   Cpus                 :     1.00        1         1 
	   Disk (KB)            :   163     2097152   6681557 
	   Memory (MB)          :    91        4096      4096 
	   xferslots            :                           0 

	Job terminated of its own accord at 2026-01-23T17:34:26Z with exit-code 0.
...
