000 (15684821.157.000) 2026-01-19 15:56:20 Job submitted from host: <130.199.48.129:9618?addrs=130.199.48.129-9618&alias=rcas6009.rcf.bnl.gov&noUDP&sock=schedd_22421_101d>
...
040 (15684821.157.000) 2026-01-19 16:05:55 Started transferring input files
	Transferring to host: <130.199.186.67:9618?addrs=130.199.186.67-9618&alias=spool1830.sdcc.bnl.gov&noUDP&sock=slot1_45_93693_46c6_234426>
...
040 (15684821.157.000) 2026-01-19 16:05:55 Finished transferring input files
...
001 (15684821.157.000) 2026-01-19 16:05:56 Job executing on host: <130.199.186.67:9618?addrs=130.199.186.67-9618&alias=spool1830.sdcc.bnl.gov&noUDP&sock=startd_93684_e71e>
...
006 (15684821.157.000) 2026-01-19 16:06:05 Image size of job updated: 129520
	95  -  MemoryUsage of job (MB)
	96932  -  ResidentSetSize of job (KB)
...
006 (15684821.157.000) 2026-01-19 16:11:06 Image size of job updated: 695600
	139  -  MemoryUsage of job (MB)
	142164  -  ResidentSetSize of job (KB)
...
006 (15684821.157.000) 2026-01-19 16:16:06 Image size of job updated: 695600
	139  -  MemoryUsage of job (MB)
	142208  -  ResidentSetSize of job (KB)
...
040 (15684821.157.000) 2026-01-19 17:06:29 Started transferring output files
...
040 (15684821.157.000) 2026-01-19 17:06:29 Finished transferring output files
...
005 (15684821.157.000) 2026-01-19 17:06:30 Job terminated.
	(1) Normal termination (return value 0)
		Usr 0 00:56:07, Sys 0 00:02:00  -  Run Remote Usage
		Usr 0 00:00:00, Sys 0 00:00:00  -  Run Local Usage
		Usr 0 00:56:07, Sys 0 00:02:00  -  Total Remote Usage
		Usr 0 00:00:00, Sys 0 00:00:00  -  Total Local Usage
	373  -  Run Bytes Sent By Job
	148880  -  Run Bytes Received By Job
	373  -  Total Bytes Sent By Job
	148880  -  Total Bytes Received By Job
	Partitionable Resources :    Usage  Request Allocated 
	   Cpus                 :     0.98        1         1 
	   Disk (KB)            :   163     2097152   6681578 
	   Memory (MB)          :   139        4096      4096 
	   xferslots            :                           0 

	Job terminated of its own accord at 2026-01-19T22:06:29Z with exit-code 0.
...
