000 (15554417.1066.000) 2026-01-07 12:44:35 Job submitted from host: <130.199.48.129:9618?addrs=130.199.48.129-9618&alias=rcas6009.rcf.bnl.gov&noUDP&sock=schedd_22421_101d>
...
040 (15554417.1066.000) 2026-01-07 14:12:34 Started transferring input files
	Transferring to host: <130.199.150.74:9618?addrs=130.199.150.74-9618&alias=spool1555.sdcc.bnl.gov&noUDP&sock=slot1_87_23207_33d9_179885>
...
040 (15554417.1066.000) 2026-01-07 14:12:34 Finished transferring input files
...
001 (15554417.1066.000) 2026-01-07 14:12:35 Job executing on host: <130.199.150.74:9618?addrs=130.199.150.74-9618&alias=spool1555.sdcc.bnl.gov&noUDP&sock=startd_23198_f940>
...
006 (15554417.1066.000) 2026-01-07 14:12:44 Image size of job updated: 422880
	67  -  MemoryUsage of job (MB)
	68440  -  ResidentSetSize of job (KB)
...
006 (15554417.1066.000) 2026-01-07 14:12:56 Image size of job updated: 450132
	67  -  MemoryUsage of job (MB)
	68440  -  ResidentSetSize of job (KB)
...
040 (15554417.1066.000) 2026-01-07 14:12:57 Started transferring output files
...
040 (15554417.1066.000) 2026-01-07 14:12:57 Finished transferring output files
...
005 (15554417.1066.000) 2026-01-07 14:12:57 Job terminated.
	(1) Normal termination (return value 0)
		Usr 0 00:00:19, Sys 0 00:00:00  -  Run Remote Usage
		Usr 0 00:00:00, Sys 0 00:00:00  -  Run Local Usage
		Usr 0 00:00:19, Sys 0 00:00:00  -  Total Remote Usage
		Usr 0 00:00:00, Sys 0 00:00:00  -  Total Local Usage
	57  -  Run Bytes Sent By Job
	144352  -  Run Bytes Received By Job
	57  -  Total Bytes Sent By Job
	144352  -  Total Bytes Received By Job
	Partitionable Resources :    Usage  Request Allocated 
	   Cpus                 :     0.03        1         1 
	   Disk (KB)            :   159     2097152   6681187 
	   Memory (MB)          :    67        4096      4096 
	   xferslots            :                           0 

	Job terminated of its own accord at 2026-01-07T19:12:56Z with exit-code 0.
...
