000 (15697407.726.000) 2026-01-21 18:36:42 Job submitted from host: <130.199.48.129:9618?addrs=130.199.48.129-9618&alias=rcas6009.rcf.bnl.gov&noUDP&sock=schedd_22421_101d>
...
040 (15697407.726.000) 2026-01-22 14:26:54 Started transferring input files
	Transferring to host: <130.199.186.19:9618?addrs=130.199.186.19-9618&alias=spool1816.sdcc.bnl.gov&noUDP&sock=slot1_26_94263_30c0_264995>
...
040 (15697407.726.000) 2026-01-22 14:26:54 Finished transferring input files
...
001 (15697407.726.000) 2026-01-22 14:26:55 Job executing on host: <130.199.186.19:9618?addrs=130.199.186.19-9618&alias=spool1816.sdcc.bnl.gov&noUDP&sock=startd_94255_9dfa>
...
006 (15697407.726.000) 2026-01-22 14:27:03 Image size of job updated: 421536
	89  -  MemoryUsage of job (MB)
	90900  -  ResidentSetSize of job (KB)
...
006 (15697407.726.000) 2026-01-22 14:32:03 Image size of job updated: 448588
	106  -  MemoryUsage of job (MB)
	107932  -  ResidentSetSize of job (KB)
...
006 (15697407.726.000) 2026-01-22 14:37:04 Image size of job updated: 448588
	106  -  MemoryUsage of job (MB)
	107936  -  ResidentSetSize of job (KB)
...
040 (15697407.726.000) 2026-01-22 14:40:39 Started transferring output files
...
040 (15697407.726.000) 2026-01-22 14:40:39 Finished transferring output files
...
005 (15697407.726.000) 2026-01-22 14:40:39 Job terminated.
	(1) Normal termination (return value 0)
		Usr 0 00:13:34, Sys 0 00:00:08  -  Run Remote Usage
		Usr 0 00:00:00, Sys 0 00:00:00  -  Run Local Usage
		Usr 0 00:13:34, Sys 0 00:00:08  -  Total Remote Usage
		Usr 0 00:00:00, Sys 0 00:00:00  -  Total Local Usage
	205  -  Run Bytes Sent By Job
	148880  -  Run Bytes Received By Job
	205  -  Total Bytes Sent By Job
	148880  -  Total Bytes Received By Job
	Partitionable Resources :    Usage  Request Allocated 
	   Cpus                 :     1.00        1         1 
	   Disk (KB)            :   164     2097152   6681579 
	   Memory (MB)          :   106        4096      4096 
	   xferslots            :                           0 

	Job terminated of its own accord at 2026-01-22T19:40:39Z with exit-code 0.
...
