000 (15697407.623.000) 2026-01-21 18:36:42 Job submitted from host: <130.199.48.129:9618?addrs=130.199.48.129-9618&alias=rcas6009.rcf.bnl.gov&noUDP&sock=schedd_22421_101d>
...
040 (15697407.623.000) 2026-01-22 13:15:29 Started transferring input files
	Transferring to host: <130.199.184.209:9618?addrs=130.199.184.209-9618&alias=spool1784.sdcc.bnl.gov&noUDP&sock=slot1_45_94260_f99f_252488>
...
040 (15697407.623.000) 2026-01-22 13:15:29 Finished transferring input files
...
001 (15697407.623.000) 2026-01-22 13:15:30 Job executing on host: <130.199.184.209:9618?addrs=130.199.184.209-9618&alias=spool1784.sdcc.bnl.gov&noUDP&sock=startd_94248_66d5>
...
006 (15697407.623.000) 2026-01-22 13:15:38 Image size of job updated: 450444
	87  -  MemoryUsage of job (MB)
	88964  -  ResidentSetSize of job (KB)
...
006 (15697407.623.000) 2026-01-22 13:20:38 Image size of job updated: 450444
	102  -  MemoryUsage of job (MB)
	103636  -  ResidentSetSize of job (KB)
...
040 (15697407.623.000) 2026-01-22 13:26:34 Started transferring output files
...
040 (15697407.623.000) 2026-01-22 13:26:34 Finished transferring output files
...
005 (15697407.623.000) 2026-01-22 13:26:34 Job terminated.
	(1) Normal termination (return value 0)
		Usr 0 00:10:52, Sys 0 00:00:07  -  Run Remote Usage
		Usr 0 00:00:00, Sys 0 00:00:00  -  Run Local Usage
		Usr 0 00:10:52, Sys 0 00:00:07  -  Total Remote Usage
		Usr 0 00:00:00, Sys 0 00:00:00  -  Total Local Usage
	177  -  Run Bytes Sent By Job
	148880  -  Run Bytes Received By Job
	177  -  Total Bytes Sent By Job
	148880  -  Total Bytes Received By Job
	Partitionable Resources :    Usage  Request Allocated 
	   Cpus                 :     0.99        1         1 
	   Disk (KB)            :   164     2097152   6681570 
	   Memory (MB)          :   102        4096      4096 
	   xferslots            :                           0 

	Job terminated of its own accord at 2026-01-22T18:26:34Z with exit-code 0.
...
