000 (15554417.943.000) 2026-01-07 12:44:34 Job submitted from host: <130.199.48.129:9618?addrs=130.199.48.129-9618&alias=rcas6009.rcf.bnl.gov&noUDP&sock=schedd_22421_101d>
...
040 (15554417.943.000) 2026-01-07 14:07:57 Started transferring input files
	Transferring to host: <130.199.186.80:9618?addrs=130.199.186.80-9618&alias=spool1843.sdcc.bnl.gov&noUDP&sock=slot1_9_95651_2722_189100>
...
040 (15554417.943.000) 2026-01-07 14:07:57 Finished transferring input files
...
001 (15554417.943.000) 2026-01-07 14:07:58 Job executing on host: <130.199.186.80:9618?addrs=130.199.186.80-9618&alias=spool1843.sdcc.bnl.gov&noUDP&sock=startd_95642_95c8>
...
006 (15554417.943.000) 2026-01-07 14:08:06 Image size of job updated: 103760
	72  -  MemoryUsage of job (MB)
	72776  -  ResidentSetSize of job (KB)
...
006 (15554417.943.000) 2026-01-07 14:08:47 Image size of job updated: 449540
	72  -  MemoryUsage of job (MB)
	72776  -  ResidentSetSize of job (KB)
...
040 (15554417.943.000) 2026-01-07 14:08:47 Started transferring output files
...
040 (15554417.943.000) 2026-01-07 14:08:47 Finished transferring output files
...
005 (15554417.943.000) 2026-01-07 14:08:47 Job terminated.
	(1) Normal termination (return value 0)
		Usr 0 00:00:47, Sys 0 00:00:01  -  Run Remote Usage
		Usr 0 00:00:00, Sys 0 00:00:00  -  Run Local Usage
		Usr 0 00:00:47, Sys 0 00:00:01  -  Total Remote Usage
		Usr 0 00:00:00, Sys 0 00:00:00  -  Total Local Usage
	70  -  Run Bytes Sent By Job
	144352  -  Run Bytes Received By Job
	70  -  Total Bytes Sent By Job
	144352  -  Total Bytes Received By Job
	Partitionable Resources :    Usage  Request Allocated 
	   Cpus                 :                 1         1 
	   Disk (KB)            :      153  2097152   6681590 
	   Memory (MB)          :       72     4096      4096 
	   xferslots            :                           0 

	Job terminated of its own accord at 2026-01-07T19:08:47Z with exit-code 0.
...
