000 (16235385.532.000) 2026-01-23 10:57:28 Job submitted from host: <130.199.48.128:9618?addrs=130.199.48.128-9618&alias=rcas6008.rcf.bnl.gov&noUDP&sock=schedd_18725_535a>
...
040 (16235385.532.000) 2026-01-23 12:11:19 Started transferring input files
	Transferring to host: <130.199.186.25:9618?addrs=130.199.186.25-9618&alias=spool1822.sdcc.bnl.gov&noUDP&sock=slot1_68_93977_feb8_256378>
...
040 (16235385.532.000) 2026-01-23 12:11:19 Finished transferring input files
...
001 (16235385.532.000) 2026-01-23 12:11:20 Job executing on host: <130.199.186.25:9618?addrs=130.199.186.25-9618&alias=spool1822.sdcc.bnl.gov&noUDP&sock=startd_93968_c904>
...
006 (16235385.532.000) 2026-01-23 12:11:29 Image size of job updated: 342736
	40  -  MemoryUsage of job (MB)
	40724  -  ResidentSetSize of job (KB)
...
006 (16235385.532.000) 2026-01-23 12:16:30 Image size of job updated: 450756
	113  -  MemoryUsage of job (MB)
	115104  -  ResidentSetSize of job (KB)
...
006 (16235385.532.000) 2026-01-23 12:21:31 Image size of job updated: 450756
	113  -  MemoryUsage of job (MB)
	115108  -  ResidentSetSize of job (KB)
...
040 (16235385.532.000) 2026-01-23 12:26:58 Started transferring output files
...
040 (16235385.532.000) 2026-01-23 12:26:58 Finished transferring output files
...
005 (16235385.532.000) 2026-01-23 12:26:58 Job terminated.
	(1) Normal termination (return value 0)
		Usr 0 00:15:15, Sys 0 00:00:11  -  Run Remote Usage
		Usr 0 00:00:00, Sys 0 00:00:00  -  Run Local Usage
		Usr 0 00:15:15, Sys 0 00:00:11  -  Total Remote Usage
		Usr 0 00:00:00, Sys 0 00:00:00  -  Total Local Usage
	219  -  Run Bytes Sent By Job
	148880  -  Run Bytes Received By Job
	219  -  Total Bytes Sent By Job
	148880  -  Total Bytes Received By Job
	Partitionable Resources :    Usage  Request Allocated 
	   Cpus                 :     0.99        1         1 
	   Disk (KB)            :   163     2097152   6681601 
	   Memory (MB)          :   113        4096      4096 
	   xferslots            :                           0 

	Job terminated of its own accord at 2026-01-23T17:26:58Z with exit-code 0.
...
