000 (16235385.902.000) 2026-01-23 10:57:30 Job submitted from host: <130.199.48.128:9618?addrs=130.199.48.128-9618&alias=rcas6008.rcf.bnl.gov&noUDP&sock=schedd_18725_535a>
...
040 (16235385.902.000) 2026-01-23 12:25:38 Started transferring input files
	Transferring to host: <130.199.150.86:9618?addrs=130.199.150.86-9618&alias=spool1567.sdcc.bnl.gov&noUDP&sock=slot1_72_23144_ae33_259699>
...
040 (16235385.902.000) 2026-01-23 12:25:38 Finished transferring input files
...
001 (16235385.902.000) 2026-01-23 12:25:39 Job executing on host: <130.199.150.86:9618?addrs=130.199.150.86-9618&alias=spool1567.sdcc.bnl.gov&noUDP&sock=startd_23135_08f1>
...
006 (16235385.902.000) 2026-01-23 12:25:47 Image size of job updated: 420056
	73  -  MemoryUsage of job (MB)
	74360  -  ResidentSetSize of job (KB)
...
006 (16235385.902.000) 2026-01-23 12:30:48 Image size of job updated: 424564
	93  -  MemoryUsage of job (MB)
	94628  -  ResidentSetSize of job (KB)
...
006 (16235385.902.000) 2026-01-23 12:35:49 Image size of job updated: 424564
	93  -  MemoryUsage of job (MB)
	94716  -  ResidentSetSize of job (KB)
...
040 (16235385.902.000) 2026-01-23 12:35:58 Started transferring output files
...
040 (16235385.902.000) 2026-01-23 12:35:58 Finished transferring output files
...
005 (16235385.902.000) 2026-01-23 12:35:58 Job terminated.
	(1) Normal termination (return value 0)
		Usr 0 00:10:11, Sys 0 00:00:07  -  Run Remote Usage
		Usr 0 00:00:00, Sys 0 00:00:00  -  Run Local Usage
		Usr 0 00:10:11, Sys 0 00:00:07  -  Total Remote Usage
		Usr 0 00:00:00, Sys 0 00:00:00  -  Total Local Usage
	177  -  Run Bytes Sent By Job
	148880  -  Run Bytes Received By Job
	177  -  Total Bytes Sent By Job
	148880  -  Total Bytes Received By Job
	Partitionable Resources :    Usage  Request Allocated 
	   Cpus                 :     1.00        1         1 
	   Disk (KB)            :   164     2097152   6681178 
	   Memory (MB)          :    93        4096      4096 
	   xferslots            :                           0 

	Job terminated of its own accord at 2026-01-23T17:35:58Z with exit-code 0.
...
