000 (15564188.985.000) 2026-01-07 21:29:41 Job submitted from host: <130.199.48.129:9618?addrs=130.199.48.129-9618&alias=rcas6009.rcf.bnl.gov&noUDP&sock=schedd_22421_101d>
...
040 (15564188.985.000) 2026-01-08 02:02:04 Started transferring input files
	Transferring to host: <130.199.150.97:9618?addrs=130.199.150.97-9618&alias=spool1578.sdcc.bnl.gov&noUDP&sock=slot1_22_96534_3347_197472>
...
040 (15564188.985.000) 2026-01-08 02:02:04 Finished transferring input files
...
001 (15564188.985.000) 2026-01-08 02:02:05 Job executing on host: <130.199.150.97:9618?addrs=130.199.150.97-9618&alias=spool1578.sdcc.bnl.gov&noUDP&sock=startd_96525_0b1f>
...
006 (15564188.985.000) 2026-01-08 02:02:14 Image size of job updated: 422436
	77  -  MemoryUsage of job (MB)
	78504  -  ResidentSetSize of job (KB)
...
006 (15564188.985.000) 2026-01-08 02:07:15 Image size of job updated: 450000
	113  -  MemoryUsage of job (MB)
	115644  -  ResidentSetSize of job (KB)
...
040 (15564188.985.000) 2026-01-08 02:13:49 Started transferring output files
...
040 (15564188.985.000) 2026-01-08 02:13:49 Finished transferring output files
...
005 (15564188.985.000) 2026-01-08 02:13:49 Job terminated.
	(1) Normal termination (return value 0)
		Usr 0 00:10:44, Sys 0 00:00:12  -  Run Remote Usage
		Usr 0 00:00:00, Sys 0 00:00:00  -  Run Local Usage
		Usr 0 00:10:44, Sys 0 00:00:12  -  Total Remote Usage
		Usr 0 00:00:00, Sys 0 00:00:00  -  Total Local Usage
	233  -  Run Bytes Sent By Job
	144352  -  Run Bytes Received By Job
	233  -  Total Bytes Sent By Job
	144352  -  Total Bytes Received By Job
	Partitionable Resources :    Usage  Request Allocated 
	   Cpus                 :     0.93        1         1 
	   Disk (KB)            :   159     2097152   6681108 
	   Memory (MB)          :   113        4096      4096 
	   xferslots            :                           0 

	Job terminated of its own accord at 2026-01-08T07:13:49Z with exit-code 0.
...
