000 (15690120.343.000) 2026-01-20 07:35:55 Job submitted from host: <130.199.48.129:9618?addrs=130.199.48.129-9618&alias=rcas6009.rcf.bnl.gov&noUDP&sock=schedd_22421_101d>
...
040 (15690120.343.000) 2026-01-21 07:30:36 Started transferring input files
	Transferring to host: <130.199.184.159:9618?addrs=130.199.184.159-9618&alias=spool1768.sdcc.bnl.gov&noUDP&sock=slot1_67_6355_eafc_249390>
...
040 (15690120.343.000) 2026-01-21 07:30:36 Finished transferring input files
...
001 (15690120.343.000) 2026-01-21 07:30:37 Job executing on host: <130.199.184.159:9618?addrs=130.199.184.159-9618&alias=spool1768.sdcc.bnl.gov&noUDP&sock=startd_6346_8743>
...
006 (15690120.343.000) 2026-01-21 07:30:46 Image size of job updated: 420876
	82  -  MemoryUsage of job (MB)
	83248  -  ResidentSetSize of job (KB)
...
006 (15690120.343.000) 2026-01-21 07:35:47 Image size of job updated: 424212
	111  -  MemoryUsage of job (MB)
	113244  -  ResidentSetSize of job (KB)
...
040 (15690120.343.000) 2026-01-21 08:10:47 Started transferring output files
...
040 (15690120.343.000) 2026-01-21 08:10:47 Finished transferring output files
...
005 (15690120.343.000) 2026-01-21 08:10:47 Job terminated.
	(1) Normal termination (return value 0)
		Usr 0 00:37:42, Sys 0 00:00:27  -  Run Remote Usage
		Usr 0 00:00:00, Sys 0 00:00:00  -  Run Local Usage
		Usr 0 00:37:42, Sys 0 00:00:27  -  Total Remote Usage
		Usr 0 00:00:00, Sys 0 00:00:00  -  Total Local Usage
	303  -  Run Bytes Sent By Job
	148880  -  Run Bytes Received By Job
	303  -  Total Bytes Sent By Job
	148880  -  Total Bytes Received By Job
	Partitionable Resources :    Usage  Request Allocated 
	   Cpus                 :     0.99        1         1 
	   Disk (KB)            :   163     2097152   6681586 
	   Memory (MB)          :   111        4096      4096 
	   xferslots            :                           0 

	Job terminated of its own accord at 2026-01-21T13:10:47Z with exit-code 0.
...
