000 (15684821.749.000) 2026-01-19 15:56:22 Job submitted from host: <130.199.48.129:9618?addrs=130.199.48.129-9618&alias=rcas6009.rcf.bnl.gov&noUDP&sock=schedd_22421_101d>
...
040 (15684821.749.000) 2026-01-19 16:27:49 Started transferring input files
	Transferring to host: <130.199.150.66:9618?addrs=130.199.150.66-9618&alias=spool1547.sdcc.bnl.gov&noUDP&sock=slot1_73_9852_4315_240290>
...
040 (15684821.749.000) 2026-01-19 16:27:49 Finished transferring input files
...
001 (15684821.749.000) 2026-01-19 16:27:50 Job executing on host: <130.199.150.66:9618?addrs=130.199.150.66-9618&alias=spool1547.sdcc.bnl.gov&noUDP&sock=startd_9843_48e4>
...
006 (15684821.749.000) 2026-01-19 16:27:59 Image size of job updated: 115084
	64  -  MemoryUsage of job (MB)
	64872  -  ResidentSetSize of job (KB)
...
006 (15684821.749.000) 2026-01-19 16:29:40 Image size of job updated: 448964
	64  -  MemoryUsage of job (MB)
	64872  -  ResidentSetSize of job (KB)
...
040 (15684821.749.000) 2026-01-19 16:29:40 Started transferring output files
...
040 (15684821.749.000) 2026-01-19 16:29:40 Finished transferring output files
...
005 (15684821.749.000) 2026-01-19 16:29:40 Job terminated.
	(1) Normal termination (return value 0)
		Usr 0 00:01:36, Sys 0 00:00:01  -  Run Remote Usage
		Usr 0 00:00:00, Sys 0 00:00:00  -  Run Local Usage
		Usr 0 00:01:36, Sys 0 00:00:01  -  Total Remote Usage
		Usr 0 00:00:00, Sys 0 00:00:00  -  Total Local Usage
	70  -  Run Bytes Sent By Job
	148880  -  Run Bytes Received By Job
	70  -  Total Bytes Sent By Job
	148880  -  Total Bytes Received By Job
	Partitionable Resources :    Usage  Request Allocated 
	   Cpus                 :                 1         1 
	   Disk (KB)            :      157  2097152   6681184 
	   Memory (MB)          :       64     4096      4096 
	   xferslots            :                           0 

	Job terminated of its own accord at 2026-01-19T21:29:40Z with exit-code 0.
...
