000 (15697407.1190.000) 2026-01-21 18:36:44 Job submitted from host: <130.199.48.129:9618?addrs=130.199.48.129-9618&alias=rcas6009.rcf.bnl.gov&noUDP&sock=schedd_22421_101d>
...
040 (15697407.1190.000) 2026-01-22 19:07:49 Started transferring input files
	Transferring to host: <130.199.186.28:9618?addrs=130.199.186.28-9618&alias=spool1825.sdcc.bnl.gov&noUDP&sock=slot1_22_94014_5146_274709>
...
040 (15697407.1190.000) 2026-01-22 19:07:49 Finished transferring input files
...
001 (15697407.1190.000) 2026-01-22 19:07:50 Job executing on host: <130.199.186.28:9618?addrs=130.199.186.28-9618&alias=spool1825.sdcc.bnl.gov&noUDP&sock=startd_94005_7ec9>
...
006 (15697407.1190.000) 2026-01-22 19:07:59 Image size of job updated: 347928
	73  -  MemoryUsage of job (MB)
	74740  -  ResidentSetSize of job (KB)
...
006 (15697407.1190.000) 2026-01-22 19:11:39 Image size of job updated: 448756
	73  -  MemoryUsage of job (MB)
	74740  -  ResidentSetSize of job (KB)
...
040 (15697407.1190.000) 2026-01-22 19:11:40 Started transferring output files
...
040 (15697407.1190.000) 2026-01-22 19:11:40 Finished transferring output files
...
005 (15697407.1190.000) 2026-01-22 19:11:40 Job terminated.
	(1) Normal termination (return value 0)
		Usr 0 00:03:23, Sys 0 00:00:02  -  Run Remote Usage
		Usr 0 00:00:00, Sys 0 00:00:00  -  Run Local Usage
		Usr 0 00:03:23, Sys 0 00:00:02  -  Total Remote Usage
		Usr 0 00:00:00, Sys 0 00:00:00  -  Total Local Usage
	109  -  Run Bytes Sent By Job
	148880  -  Run Bytes Received By Job
	109  -  Total Bytes Sent By Job
	148880  -  Total Bytes Received By Job
	Partitionable Resources :    Usage  Request Allocated 
	   Cpus                 :     0.84        1         1 
	   Disk (KB)            :   163     2097152   6681577 
	   Memory (MB)          :    73        4096      4096 
	   xferslots            :                           0 

	Job terminated of its own accord at 2026-01-23T00:11:39Z with exit-code 0.
...
