000 (16235385.546.000) 2026-01-23 10:57:28 Job submitted from host: <130.199.48.128:9618?addrs=130.199.48.128-9618&alias=rcas6008.rcf.bnl.gov&noUDP&sock=schedd_18725_535a>
...
040 (16235385.546.000) 2026-01-23 12:11:46 Started transferring input files
	Transferring to host: <130.199.184.209:9618?addrs=130.199.184.209-9618&alias=spool1784.sdcc.bnl.gov&noUDP&sock=slot1_55_94260_f99f_255966>
...
040 (16235385.546.000) 2026-01-23 12:11:46 Finished transferring input files
...
001 (16235385.546.000) 2026-01-23 12:11:47 Job executing on host: <130.199.184.209:9618?addrs=130.199.184.209-9618&alias=spool1784.sdcc.bnl.gov&noUDP&sock=startd_94248_66d5>
...
006 (16235385.546.000) 2026-01-23 12:11:56 Image size of job updated: 342736
	74  -  MemoryUsage of job (MB)
	75236  -  ResidentSetSize of job (KB)
...
006 (16235385.546.000) 2026-01-23 12:16:57 Image size of job updated: 450424
	110  -  MemoryUsage of job (MB)
	112196  -  ResidentSetSize of job (KB)
...
006 (16235385.546.000) 2026-01-23 12:21:58 Image size of job updated: 450424
	110  -  MemoryUsage of job (MB)
	112212  -  ResidentSetSize of job (KB)
...
006 (16235385.546.000) 2026-01-23 12:26:58 Image size of job updated: 450424
	110  -  MemoryUsage of job (MB)
	112216  -  ResidentSetSize of job (KB)
...
040 (16235385.546.000) 2026-01-23 12:27:09 Started transferring output files
...
040 (16235385.546.000) 2026-01-23 12:27:09 Finished transferring output files
...
005 (16235385.546.000) 2026-01-23 12:27:09 Job terminated.
	(1) Normal termination (return value 0)
		Usr 0 00:15:04, Sys 0 00:00:11  -  Run Remote Usage
		Usr 0 00:00:00, Sys 0 00:00:00  -  Run Local Usage
		Usr 0 00:15:04, Sys 0 00:00:11  -  Total Remote Usage
		Usr 0 00:00:00, Sys 0 00:00:00  -  Total Local Usage
	205  -  Run Bytes Sent By Job
	148880  -  Run Bytes Received By Job
	205  -  Total Bytes Sent By Job
	148880  -  Total Bytes Received By Job
	Partitionable Resources :    Usage  Request Allocated 
	   Cpus                 :     1.00        1         1 
	   Disk (KB)            :   163     2097152   6681570 
	   Memory (MB)          :   110        4096      4096 
	   xferslots            :                           0 

	Job terminated of its own accord at 2026-01-23T17:27:09Z with exit-code 0.
...
