000 (15697407.984.000) 2026-01-21 18:36:43 Job submitted from host: <130.199.48.129:9618?addrs=130.199.48.129-9618&alias=rcas6009.rcf.bnl.gov&noUDP&sock=schedd_22421_101d>
...
040 (15697407.984.000) 2026-01-22 17:20:40 Started transferring input files
	Transferring to host: <130.199.186.29:9618?addrs=130.199.186.29-9618&alias=spool1826.sdcc.bnl.gov&noUDP&sock=slot1_26_22308_5708_284953>
...
040 (15697407.984.000) 2026-01-22 17:20:40 Finished transferring input files
...
001 (15697407.984.000) 2026-01-22 17:20:41 Job executing on host: <130.199.186.29:9618?addrs=130.199.186.29-9618&alias=spool1826.sdcc.bnl.gov&noUDP&sock=startd_22299_7394>
...
006 (15697407.984.000) 2026-01-22 17:20:50 Image size of job updated: 422776
	78  -  MemoryUsage of job (MB)
	79056  -  ResidentSetSize of job (KB)
...
006 (15697407.984.000) 2026-01-22 17:25:50 Image size of job updated: 424348
	99  -  MemoryUsage of job (MB)
	100508  -  ResidentSetSize of job (KB)
...
006 (15697407.984.000) 2026-01-22 17:30:50 Image size of job updated: 424348
	99  -  MemoryUsage of job (MB)
	100696  -  ResidentSetSize of job (KB)
...
006 (15697407.984.000) 2026-01-22 17:35:51 Image size of job updated: 424348
	99  -  MemoryUsage of job (MB)
	100704  -  ResidentSetSize of job (KB)
...
040 (15697407.984.000) 2026-01-22 17:41:43 Started transferring output files
...
040 (15697407.984.000) 2026-01-22 17:41:43 Finished transferring output files
...
005 (15697407.984.000) 2026-01-22 17:41:43 Job terminated.
	(1) Normal termination (return value 0)
		Usr 0 00:20:39, Sys 0 00:00:15  -  Run Remote Usage
		Usr 0 00:00:00, Sys 0 00:00:00  -  Run Local Usage
		Usr 0 00:20:39, Sys 0 00:00:15  -  Total Remote Usage
		Usr 0 00:00:00, Sys 0 00:00:00  -  Total Local Usage
	233  -  Run Bytes Sent By Job
	148880  -  Run Bytes Received By Job
	233  -  Total Bytes Sent By Job
	148880  -  Total Bytes Received By Job
	Partitionable Resources :    Usage  Request Allocated 
	   Cpus                 :     1.00        1         1 
	   Disk (KB)            :   164     2097152   6681568 
	   Memory (MB)          :    99        4096      4096 
	   xferslots            :                           0 

	Job terminated of its own accord at 2026-01-22T22:41:43Z with exit-code 0.
...
