000 (15684821.994.000) 2026-01-19 15:56:22 Job submitted from host: <130.199.48.129:9618?addrs=130.199.48.129-9618&alias=rcas6009.rcf.bnl.gov&noUDP&sock=schedd_22421_101d>
...
040 (15684821.994.000) 2026-01-19 16:30:42 Started transferring input files
	Transferring to host: <130.199.186.9:9618?addrs=130.199.186.9-9618&alias=spool1806.sdcc.bnl.gov&noUDP&sock=slot1_86_96042_e295_242013>
...
040 (15684821.994.000) 2026-01-19 16:30:42 Finished transferring input files
...
001 (15684821.994.000) 2026-01-19 16:30:43 Job executing on host: <130.199.186.9:9618?addrs=130.199.186.9-9618&alias=spool1806.sdcc.bnl.gov&noUDP&sock=startd_96033_54e7>
...
006 (15684821.994.000) 2026-01-19 16:30:52 Image size of job updated: 420968
	92  -  MemoryUsage of job (MB)
	93568  -  ResidentSetSize of job (KB)
...
006 (15684821.994.000) 2026-01-19 16:35:52 Image size of job updated: 448412
	109  -  MemoryUsage of job (MB)
	110852  -  ResidentSetSize of job (KB)
...
040 (15684821.994.000) 2026-01-19 16:52:13 Started transferring output files
...
040 (15684821.994.000) 2026-01-19 16:52:13 Finished transferring output files
...
005 (15684821.994.000) 2026-01-19 16:52:13 Job terminated.
	(1) Normal termination (return value 0)
		Usr 0 00:20:04, Sys 0 00:00:16  -  Run Remote Usage
		Usr 0 00:00:00, Sys 0 00:00:00  -  Run Local Usage
		Usr 0 00:20:04, Sys 0 00:00:16  -  Total Remote Usage
		Usr 0 00:00:00, Sys 0 00:00:00  -  Total Local Usage
	219  -  Run Bytes Sent By Job
	148880  -  Run Bytes Received By Job
	219  -  Total Bytes Sent By Job
	148880  -  Total Bytes Received By Job
	Partitionable Resources :    Usage  Request Allocated 
	   Cpus                 :     0.90        1         1 
	   Disk (KB)            :   163     2097152   6681562 
	   Memory (MB)          :   109        4096      4096 
	   xferslots            :                           0 

	Job terminated of its own accord at 2026-01-19T21:52:13Z with exit-code 0.
...
