000 (15684821.196.000) 2026-01-19 15:56:20 Job submitted from host: <130.199.48.129:9618?addrs=130.199.48.129-9618&alias=rcas6009.rcf.bnl.gov&noUDP&sock=schedd_22421_101d>
...
040 (15684821.196.000) 2026-01-19 16:08:06 Started transferring input files
	Transferring to host: <130.199.151.5:9618?addrs=130.199.151.5-9618&alias=spool1583.sdcc.bnl.gov&noUDP&sock=slot1_30_95004_60eb_354664>
...
040 (15684821.196.000) 2026-01-19 16:08:06 Finished transferring input files
...
001 (15684821.196.000) 2026-01-19 16:08:07 Job executing on host: <130.199.151.5:9618?addrs=130.199.151.5-9618&alias=spool1583.sdcc.bnl.gov&noUDP&sock=startd_94995_d158>
...
006 (15684821.196.000) 2026-01-19 16:08:16 Image size of job updated: 106336
	73  -  MemoryUsage of job (MB)
	73864  -  ResidentSetSize of job (KB)
...
006 (15684821.196.000) 2026-01-19 16:13:16 Image size of job updated: 450328
	101  -  MemoryUsage of job (MB)
	102772  -  ResidentSetSize of job (KB)
...
040 (15684821.196.000) 2026-01-19 16:20:21 Started transferring output files
...
040 (15684821.196.000) 2026-01-19 16:20:21 Finished transferring output files
...
005 (15684821.196.000) 2026-01-19 16:20:21 Job terminated.
	(1) Normal termination (return value 0)
		Usr 0 00:11:29, Sys 0 00:00:08  -  Run Remote Usage
		Usr 0 00:00:00, Sys 0 00:00:00  -  Run Local Usage
		Usr 0 00:11:29, Sys 0 00:00:08  -  Total Remote Usage
		Usr 0 00:00:00, Sys 0 00:00:00  -  Total Local Usage
	177  -  Run Bytes Sent By Job
	148880  -  Run Bytes Received By Job
	177  -  Total Bytes Sent By Job
	148880  -  Total Bytes Received By Job
	Partitionable Resources :    Usage  Request Allocated 
	   Cpus                 :     0.94        1         1 
	   Disk (KB)            :   164     2097152   6681171 
	   Memory (MB)          :   101        4096      4096 
	   xferslots            :                           0 

	Job terminated of its own accord at 2026-01-19T21:20:21Z with exit-code 0.
...
