000 (15697407.868.000) 2026-01-21 18:36:43 Job submitted from host: <130.199.48.129:9618?addrs=130.199.48.129-9618&alias=rcas6009.rcf.bnl.gov&noUDP&sock=schedd_22421_101d>
...
040 (15697407.868.000) 2026-01-22 15:54:23 Started transferring input files
	Transferring to host: <130.199.184.208:9618?addrs=130.199.184.208-9618&alias=spool1783.sdcc.bnl.gov&noUDP&sock=slot1_6_22358_4323_262441>
...
040 (15697407.868.000) 2026-01-22 15:54:23 Finished transferring input files
...
001 (15697407.868.000) 2026-01-22 15:54:24 Job executing on host: <130.199.184.208:9618?addrs=130.199.184.208-9618&alias=spool1783.sdcc.bnl.gov&noUDP&sock=startd_22350_97a3>
...
006 (15697407.868.000) 2026-01-22 15:54:33 Image size of job updated: 422420
	75  -  MemoryUsage of job (MB)
	75892  -  ResidentSetSize of job (KB)
...
006 (15697407.868.000) 2026-01-22 15:59:34 Image size of job updated: 450776
	101  -  MemoryUsage of job (MB)
	102944  -  ResidentSetSize of job (KB)
...
040 (15697407.868.000) 2026-01-22 16:04:03 Started transferring output files
...
040 (15697407.868.000) 2026-01-22 16:04:03 Finished transferring output files
...
005 (15697407.868.000) 2026-01-22 16:04:03 Job terminated.
	(1) Normal termination (return value 0)
		Usr 0 00:09:29, Sys 0 00:00:07  -  Run Remote Usage
		Usr 0 00:00:00, Sys 0 00:00:00  -  Run Local Usage
		Usr 0 00:09:29, Sys 0 00:00:07  -  Total Remote Usage
		Usr 0 00:00:00, Sys 0 00:00:00  -  Total Local Usage
	177  -  Run Bytes Sent By Job
	148880  -  Run Bytes Received By Job
	177  -  Total Bytes Sent By Job
	148880  -  Total Bytes Received By Job
	Partitionable Resources :    Usage  Request Allocated 
	   Cpus                 :     1.00        1         1 
	   Disk (KB)            :   164     2097152   6681576 
	   Memory (MB)          :   101        4096      4096 
	   xferslots            :                           0 

	Job terminated of its own accord at 2026-01-22T21:04:03Z with exit-code 0.
...
