000 (15564188.277.000) 2026-01-07 21:29:39 Job submitted from host: <130.199.48.129:9618?addrs=130.199.48.129-9618&alias=rcas6009.rcf.bnl.gov&noUDP&sock=schedd_22421_101d>
...
040 (15564188.277.000) 2026-01-08 00:29:43 Started transferring input files
	Transferring to host: <130.199.150.96:9618?addrs=130.199.150.96-9618&alias=spool1577.sdcc.bnl.gov&noUDP&sock=slot1_3_24963_e9b7_185832>
...
040 (15564188.277.000) 2026-01-08 00:29:43 Finished transferring input files
...
001 (15564188.277.000) 2026-01-08 00:29:44 Job executing on host: <130.199.150.96:9618?addrs=130.199.150.96-9618&alias=spool1577.sdcc.bnl.gov&noUDP&sock=startd_24954_b9b8>
...
006 (15564188.277.000) 2026-01-08 00:29:52 Image size of job updated: 455492
	74  -  MemoryUsage of job (MB)
	75600  -  ResidentSetSize of job (KB)
...
006 (15564188.277.000) 2026-01-08 00:34:52 Image size of job updated: 455492
	118  -  MemoryUsage of job (MB)
	119996  -  ResidentSetSize of job (KB)
...
040 (15564188.277.000) 2026-01-08 00:40:14 Started transferring output files
...
040 (15564188.277.000) 2026-01-08 00:40:14 Finished transferring output files
...
005 (15564188.277.000) 2026-01-08 00:40:14 Job terminated.
	(1) Normal termination (return value 0)
		Usr 0 00:09:38, Sys 0 00:00:08  -  Run Remote Usage
		Usr 0 00:00:00, Sys 0 00:00:00  -  Run Local Usage
		Usr 0 00:09:38, Sys 0 00:00:08  -  Total Remote Usage
		Usr 0 00:00:00, Sys 0 00:00:00  -  Total Local Usage
	247  -  Run Bytes Sent By Job
	144352  -  Run Bytes Received By Job
	247  -  Total Bytes Sent By Job
	144352  -  Total Bytes Received By Job
	Partitionable Resources :    Usage  Request Allocated 
	   Cpus                 :     0.97        1         1 
	   Disk (KB)            :   159     2097152   6681182 
	   Memory (MB)          :   118        4096      4096 
	   xferslots            :                           0 

	Job terminated of its own accord at 2026-01-08T05:40:14Z with exit-code 0.
...
