000 (15684821.237.000) 2026-01-19 15:56:20 Job submitted from host: <130.199.48.129:9618?addrs=130.199.48.129-9618&alias=rcas6009.rcf.bnl.gov&noUDP&sock=schedd_22421_101d>
...
040 (15684821.237.000) 2026-01-19 16:11:37 Started transferring input files
	Transferring to host: <130.199.150.77:9618?addrs=130.199.150.77-9618&alias=spool1558.sdcc.bnl.gov&noUDP&sock=slot1_63_49269_921f_233623>
...
040 (15684821.237.000) 2026-01-19 16:11:37 Finished transferring input files
...
001 (15684821.237.000) 2026-01-19 16:11:38 Job executing on host: <130.199.150.77:9618?addrs=130.199.150.77-9618&alias=spool1558.sdcc.bnl.gov&noUDP&sock=startd_49259_f37d>
...
006 (15684821.237.000) 2026-01-19 16:11:48 Image size of job updated: 421788
	65  -  MemoryUsage of job (MB)
	65832  -  ResidentSetSize of job (KB)
...
006 (15684821.237.000) 2026-01-19 16:13:03 Image size of job updated: 449712
	65  -  MemoryUsage of job (MB)
	65832  -  ResidentSetSize of job (KB)
...
040 (15684821.237.000) 2026-01-19 16:13:04 Started transferring output files
...
040 (15684821.237.000) 2026-01-19 16:13:04 Finished transferring output files
...
005 (15684821.237.000) 2026-01-19 16:13:04 Job terminated.
	(1) Normal termination (return value 0)
		Usr 0 00:01:18, Sys 0 00:00:01  -  Run Remote Usage
		Usr 0 00:00:00, Sys 0 00:00:00  -  Run Local Usage
		Usr 0 00:01:18, Sys 0 00:00:01  -  Total Remote Usage
		Usr 0 00:00:00, Sys 0 00:00:00  -  Total Local Usage
	57  -  Run Bytes Sent By Job
	148880  -  Run Bytes Received By Job
	57  -  Total Bytes Sent By Job
	148880  -  Total Bytes Received By Job
	Partitionable Resources :    Usage  Request Allocated 
	   Cpus                 :     0.33        1         1 
	   Disk (KB)            :   163     2097152   6681195 
	   Memory (MB)          :    65        4096      4096 
	   xferslots            :                           0 

	Job terminated of its own accord at 2026-01-19T21:13:03Z with exit-code 0.
...
