000 (15690120.036.000) 2026-01-20 07:35:54 Job submitted from host: <130.199.48.129:9618?addrs=130.199.48.129-9618&alias=rcas6009.rcf.bnl.gov&noUDP&sock=schedd_22421_101d>
...
040 (15690120.036.000) 2026-01-20 20:59:42 Started transferring input files
	Transferring to host: <130.199.184.159:9618?addrs=130.199.184.159-9618&alias=spool1768.sdcc.bnl.gov&noUDP&sock=slot1_34_6355_eafc_247037>
...
040 (15690120.036.000) 2026-01-20 20:59:42 Finished transferring input files
...
001 (15690120.036.000) 2026-01-20 20:59:43 Job executing on host: <130.199.184.159:9618?addrs=130.199.184.159-9618&alias=spool1768.sdcc.bnl.gov&noUDP&sock=startd_6346_8743>
...
006 (15690120.036.000) 2026-01-20 20:59:51 Image size of job updated: 423360
	82  -  MemoryUsage of job (MB)
	83264  -  ResidentSetSize of job (KB)
...
006 (15690120.036.000) 2026-01-20 21:04:51 Image size of job updated: 450792
	125  -  MemoryUsage of job (MB)
	127184  -  ResidentSetSize of job (KB)
...
006 (15690120.036.000) 2026-01-20 21:14:53 Image size of job updated: 450792
	125  -  MemoryUsage of job (MB)
	127188  -  ResidentSetSize of job (KB)
...
040 (15690120.036.000) 2026-01-20 21:27:30 Started transferring output files
...
040 (15690120.036.000) 2026-01-20 21:27:30 Finished transferring output files
...
005 (15690120.036.000) 2026-01-20 21:27:30 Job terminated.
	(1) Normal termination (return value 0)
		Usr 0 00:26:58, Sys 0 00:00:20  -  Run Remote Usage
		Usr 0 00:00:00, Sys 0 00:00:00  -  Run Local Usage
		Usr 0 00:26:58, Sys 0 00:00:20  -  Total Remote Usage
		Usr 0 00:00:00, Sys 0 00:00:00  -  Total Local Usage
	261  -  Run Bytes Sent By Job
	148880  -  Run Bytes Received By Job
	261  -  Total Bytes Sent By Job
	148880  -  Total Bytes Received By Job
	Partitionable Resources :    Usage  Request Allocated 
	   Cpus                 :     0.99        1         1 
	   Disk (KB)            :   164     2097152   6681586 
	   Memory (MB)          :   125        4096      4096 
	   xferslots            :                           0 

	Job terminated of its own accord at 2026-01-21T02:27:30Z with exit-code 0.
...
