000 (16235385.693.000) 2026-01-23 10:57:29 Job submitted from host: <130.199.48.128:9618?addrs=130.199.48.128-9618&alias=rcas6008.rcf.bnl.gov&noUDP&sock=schedd_18725_535a>
...
040 (16235385.693.000) 2026-01-23 12:19:39 Started transferring input files
	Transferring to host: <130.199.184.216:9618?addrs=130.199.184.216-9618&alias=spool1791.sdcc.bnl.gov&noUDP&sock=slot1_74_95931_eae9_262037>
...
040 (16235385.693.000) 2026-01-23 12:19:39 Finished transferring input files
...
001 (16235385.693.000) 2026-01-23 12:19:40 Job executing on host: <130.199.184.216:9618?addrs=130.199.184.216-9618&alias=spool1791.sdcc.bnl.gov&noUDP&sock=startd_95922_3399>
...
006 (16235385.693.000) 2026-01-23 12:19:48 Image size of job updated: 342736
	73  -  MemoryUsage of job (MB)
	73776  -  ResidentSetSize of job (KB)
...
006 (16235385.693.000) 2026-01-23 12:24:48 Image size of job updated: 450628
	106  -  MemoryUsage of job (MB)
	108520  -  ResidentSetSize of job (KB)
...
006 (16235385.693.000) 2026-01-23 12:29:49 Image size of job updated: 450628
	106  -  MemoryUsage of job (MB)
	108528  -  ResidentSetSize of job (KB)
...
040 (16235385.693.000) 2026-01-23 12:31:37 Started transferring output files
...
040 (16235385.693.000) 2026-01-23 12:31:37 Finished transferring output files
...
005 (16235385.693.000) 2026-01-23 12:31:37 Job terminated.
	(1) Normal termination (return value 0)
		Usr 0 00:11:43, Sys 0 00:00:08  -  Run Remote Usage
		Usr 0 00:00:00, Sys 0 00:00:00  -  Run Local Usage
		Usr 0 00:11:43, Sys 0 00:00:08  -  Total Remote Usage
		Usr 0 00:00:00, Sys 0 00:00:00  -  Total Local Usage
	191  -  Run Bytes Sent By Job
	148880  -  Run Bytes Received By Job
	191  -  Total Bytes Sent By Job
	148880  -  Total Bytes Received By Job
	Partitionable Resources :    Usage  Request Allocated 
	   Cpus                 :     1.00        1         1 
	   Disk (KB)            :   163     2097152   6681570 
	   Memory (MB)          :   106        4096      4096 
	   xferslots            :                           0 

	Job terminated of its own accord at 2026-01-23T17:31:37Z with exit-code 0.
...
