000 (15690120.778.000) 2026-01-20 07:35:56 Job submitted from host: <130.199.48.129:9618?addrs=130.199.48.129-9618&alias=rcas6009.rcf.bnl.gov&noUDP&sock=schedd_22421_101d>
...
040 (15690120.778.000) 2026-01-21 12:53:06 Started transferring input files
	Transferring to host: <130.199.151.12:9618?addrs=130.199.151.12-9618&alias=spool1590.sdcc.bnl.gov&noUDP&sock=slot1_15_94971_0288_292150>
...
040 (15690120.778.000) 2026-01-21 12:53:06 Finished transferring input files
...
001 (15690120.778.000) 2026-01-21 12:53:07 Job executing on host: <130.199.151.12:9618?addrs=130.199.151.12-9618&alias=spool1590.sdcc.bnl.gov&noUDP&sock=startd_94962_5fa9>
...
006 (15690120.778.000) 2026-01-21 12:53:16 Image size of job updated: 420816
	85  -  MemoryUsage of job (MB)
	86484  -  ResidentSetSize of job (KB)
...
006 (15690120.778.000) 2026-01-21 12:58:17 Image size of job updated: 449472
	100  -  MemoryUsage of job (MB)
	101452  -  ResidentSetSize of job (KB)
...
040 (15690120.778.000) 2026-01-21 13:05:28 Started transferring output files
...
040 (15690120.778.000) 2026-01-21 13:05:28 Finished transferring output files
...
005 (15690120.778.000) 2026-01-21 13:05:28 Job terminated.
	(1) Normal termination (return value 0)
		Usr 0 00:12:06, Sys 0 00:00:11  -  Run Remote Usage
		Usr 0 00:00:00, Sys 0 00:00:00  -  Run Local Usage
		Usr 0 00:12:06, Sys 0 00:00:11  -  Total Remote Usage
		Usr 0 00:00:00, Sys 0 00:00:00  -  Total Local Usage
	177  -  Run Bytes Sent By Job
	148880  -  Run Bytes Received By Job
	177  -  Total Bytes Sent By Job
	148880  -  Total Bytes Received By Job
	Partitionable Resources :    Usage  Request Allocated 
	   Cpus                 :     0.99        1         1 
	   Disk (KB)            :   164     2097152   6681190 
	   Memory (MB)          :   100        4096      4096 
	   xferslots            :                           0 

	Job terminated of its own accord at 2026-01-21T18:05:28Z with exit-code 0.
...
