000 (16235385.622.000) 2026-01-23 10:57:28 Job submitted from host: <130.199.48.128:9618?addrs=130.199.48.128-9618&alias=rcas6008.rcf.bnl.gov&noUDP&sock=schedd_18725_535a>
...
040 (16235385.622.000) 2026-01-23 12:17:05 Started transferring input files
	Transferring to host: <130.199.186.87:9618?addrs=130.199.186.87-9618&alias=spool1850.sdcc.bnl.gov&noUDP&sock=slot1_54_95972_31a3_250297>
...
040 (16235385.622.000) 2026-01-23 12:17:05 Finished transferring input files
...
001 (16235385.622.000) 2026-01-23 12:17:06 Job executing on host: <130.199.186.87:9618?addrs=130.199.186.87-9618&alias=spool1850.sdcc.bnl.gov&noUDP&sock=startd_95963_2d73>
...
006 (16235385.622.000) 2026-01-23 12:17:14 Image size of job updated: 420948
	71  -  MemoryUsage of job (MB)
	72232  -  ResidentSetSize of job (KB)
...
006 (16235385.622.000) 2026-01-23 12:22:14 Image size of job updated: 449484
	100  -  MemoryUsage of job (MB)
	102340  -  ResidentSetSize of job (KB)
...
040 (16235385.622.000) 2026-01-23 12:27:44 Started transferring output files
...
040 (16235385.622.000) 2026-01-23 12:27:44 Finished transferring output files
...
005 (16235385.622.000) 2026-01-23 12:27:44 Job terminated.
	(1) Normal termination (return value 0)
		Usr 0 00:10:27, Sys 0 00:00:09  -  Run Remote Usage
		Usr 0 00:00:00, Sys 0 00:00:00  -  Run Local Usage
		Usr 0 00:10:27, Sys 0 00:00:09  -  Total Remote Usage
		Usr 0 00:00:00, Sys 0 00:00:00  -  Total Local Usage
	177  -  Run Bytes Sent By Job
	148880  -  Run Bytes Received By Job
	177  -  Total Bytes Sent By Job
	148880  -  Total Bytes Received By Job
	Partitionable Resources :    Usage  Request Allocated 
	   Cpus                 :     0.99        1         1 
	   Disk (KB)            :   163     2097152   6681609 
	   Memory (MB)          :   100        4096      4096 
	   xferslots            :                           0 

	Job terminated of its own accord at 2026-01-23T17:27:44Z with exit-code 0.
...
