000 (15697407.692.000) 2026-01-21 18:36:42 Job submitted from host: <130.199.48.129:9618?addrs=130.199.48.129-9618&alias=rcas6009.rcf.bnl.gov&noUDP&sock=schedd_22421_101d>
...
040 (15697407.692.000) 2026-01-22 13:54:19 Started transferring input files
	Transferring to host: <130.199.151.20:9618?addrs=130.199.151.20-9618&alias=spool1598.sdcc.bnl.gov&noUDP&sock=slot1_71_29322_cc12_259672>
...
040 (15697407.692.000) 2026-01-22 13:54:20 Finished transferring input files
...
001 (15697407.692.000) 2026-01-22 13:54:21 Job executing on host: <130.199.151.20:9618?addrs=130.199.151.20-9618&alias=spool1598.sdcc.bnl.gov&noUDP&sock=startd_29313_4b3f>
...
006 (15697407.692.000) 2026-01-22 13:54:29 Image size of job updated: 420052
	85  -  MemoryUsage of job (MB)
	86956  -  ResidentSetSize of job (KB)
...
006 (15697407.692.000) 2026-01-22 13:59:29 Image size of job updated: 448796
	100  -  MemoryUsage of job (MB)
	102168  -  ResidentSetSize of job (KB)
...
040 (15697407.692.000) 2026-01-22 14:07:46 Started transferring output files
...
040 (15697407.692.000) 2026-01-22 14:07:46 Finished transferring output files
...
005 (15697407.692.000) 2026-01-22 14:07:46 Job terminated.
	(1) Normal termination (return value 0)
		Usr 0 00:13:09, Sys 0 00:00:09  -  Run Remote Usage
		Usr 0 00:00:00, Sys 0 00:00:00  -  Run Local Usage
		Usr 0 00:13:09, Sys 0 00:00:09  -  Total Remote Usage
		Usr 0 00:00:00, Sys 0 00:00:00  -  Total Local Usage
	177  -  Run Bytes Sent By Job
	148880  -  Run Bytes Received By Job
	177  -  Total Bytes Sent By Job
	148880  -  Total Bytes Received By Job
	Partitionable Resources :    Usage  Request Allocated 
	   Cpus                 :     0.98        1         1 
	   Disk (KB)            :   164     2097152   6681198 
	   Memory (MB)          :   100        4096      4096 
	   xferslots            :                           0 

	Job terminated of its own accord at 2026-01-22T19:07:46Z with exit-code 0.
...
