000 (16235385.829.000) 2026-01-23 10:57:29 Job submitted from host: <130.199.48.128:9618?addrs=130.199.48.128-9618&alias=rcas6008.rcf.bnl.gov&noUDP&sock=schedd_18725_535a>
...
040 (16235385.829.000) 2026-01-23 12:24:15 Started transferring input files
	Transferring to host: <130.199.151.28:9618?addrs=130.199.151.28-9618&alias=spool1606.sdcc.bnl.gov&noUDP&sock=slot1_94_25111_33f0_256238>
...
040 (16235385.829.000) 2026-01-23 12:24:15 Finished transferring input files
...
001 (16235385.829.000) 2026-01-23 12:24:16 Job executing on host: <130.199.151.28:9618?addrs=130.199.151.28-9618&alias=spool1606.sdcc.bnl.gov&noUDP&sock=startd_25102_90cb>
...
006 (16235385.829.000) 2026-01-23 12:24:25 Image size of job updated: 84604
	68  -  MemoryUsage of job (MB)
	68880  -  ResidentSetSize of job (KB)
...
006 (16235385.829.000) 2026-01-23 12:29:26 Image size of job updated: 449436
	90  -  MemoryUsage of job (MB)
	92096  -  ResidentSetSize of job (KB)
...
040 (16235385.829.000) 2026-01-23 12:30:42 Started transferring output files
...
040 (16235385.829.000) 2026-01-23 12:30:42 Finished transferring output files
...
005 (16235385.829.000) 2026-01-23 12:30:42 Job terminated.
	(1) Normal termination (return value 0)
		Usr 0 00:06:19, Sys 0 00:00:05  -  Run Remote Usage
		Usr 0 00:00:00, Sys 0 00:00:00  -  Run Local Usage
		Usr 0 00:06:19, Sys 0 00:00:05  -  Total Remote Usage
		Usr 0 00:00:00, Sys 0 00:00:00  -  Total Local Usage
	135  -  Run Bytes Sent By Job
	148880  -  Run Bytes Received By Job
	135  -  Total Bytes Sent By Job
	148880  -  Total Bytes Received By Job
	Partitionable Resources :    Usage  Request Allocated 
	   Cpus                 :     0.98        1         1 
	   Disk (KB)            :   163     2097152   6681186 
	   Memory (MB)          :    90        4096      4096 
	   xferslots            :                           0 

	Job terminated of its own accord at 2026-01-23T17:30:42Z with exit-code 0.
...
