000 (16235385.093.000) 2026-01-23 10:57:26 Job submitted from host: <130.199.48.128:9618?addrs=130.199.48.128-9618&alias=rcas6008.rcf.bnl.gov&noUDP&sock=schedd_18725_535a>
...
040 (16235385.093.000) 2026-01-23 11:30:03 Started transferring input files
	Transferring to host: <130.199.186.20:9618?addrs=130.199.186.20-9618&alias=spool1817.sdcc.bnl.gov&noUDP&sock=slot1_25_24187_e112_381181>
...
040 (16235385.093.000) 2026-01-23 11:30:03 Finished transferring input files
...
001 (16235385.093.000) 2026-01-23 11:30:04 Job executing on host: <130.199.186.20:9618?addrs=130.199.186.20-9618&alias=spool1817.sdcc.bnl.gov&noUDP&sock=startd_24178_219a>
...
006 (16235385.093.000) 2026-01-23 11:30:12 Image size of job updated: 76808
	40  -  MemoryUsage of job (MB)
	40724  -  ResidentSetSize of job (KB)
...
006 (16235385.093.000) 2026-01-23 11:35:12 Image size of job updated: 449352
	106  -  MemoryUsage of job (MB)
	107704  -  ResidentSetSize of job (KB)
...
040 (16235385.093.000) 2026-01-23 11:40:44 Started transferring output files
...
040 (16235385.093.000) 2026-01-23 11:40:44 Finished transferring output files
...
005 (16235385.093.000) 2026-01-23 11:40:44 Job terminated.
	(1) Normal termination (return value 0)
		Usr 0 00:10:23, Sys 0 00:00:06  -  Run Remote Usage
		Usr 0 00:00:00, Sys 0 00:00:00  -  Run Local Usage
		Usr 0 00:10:23, Sys 0 00:00:06  -  Total Remote Usage
		Usr 0 00:00:00, Sys 0 00:00:00  -  Total Local Usage
	205  -  Run Bytes Sent By Job
	148880  -  Run Bytes Received By Job
	205  -  Total Bytes Sent By Job
	148880  -  Total Bytes Received By Job
	Partitionable Resources :    Usage  Request Allocated 
	   Cpus                 :     1.00        1         1 
	   Disk (KB)            :   164     2097152   6681552 
	   Memory (MB)          :   106        4096      4096 
	   xferslots            :                           0 

	Job terminated of its own accord at 2026-01-23T16:40:43Z with exit-code 0.
...
