000 (15684821.1037.000) 2026-01-19 15:56:23 Job submitted from host: <130.199.48.129:9618?addrs=130.199.48.129-9618&alias=rcas6009.rcf.bnl.gov&noUDP&sock=schedd_22421_101d>
...
040 (15684821.1037.000) 2026-01-19 16:30:45 Started transferring input files
	Transferring to host: <130.199.184.200:9618?addrs=130.199.184.200-9618&alias=spool1775.sdcc.bnl.gov&noUDP&sock=slot1_59_93907_4dc6_252355>
...
040 (15684821.1037.000) 2026-01-19 16:30:45 Finished transferring input files
...
001 (15684821.1037.000) 2026-01-19 16:30:46 Job executing on host: <130.199.184.200:9618?addrs=130.199.184.200-9618&alias=spool1775.sdcc.bnl.gov&noUDP&sock=startd_93898_a190>
...
006 (15684821.1037.000) 2026-01-19 16:30:55 Image size of job updated: 88852
	75  -  MemoryUsage of job (MB)
	76228  -  ResidentSetSize of job (KB)
...
006 (15684821.1037.000) 2026-01-19 16:35:05 Image size of job updated: 450628
	75  -  MemoryUsage of job (MB)
	76228  -  ResidentSetSize of job (KB)
...
040 (15684821.1037.000) 2026-01-19 16:35:05 Started transferring output files
...
040 (15684821.1037.000) 2026-01-19 16:35:05 Finished transferring output files
...
005 (15684821.1037.000) 2026-01-19 16:35:05 Job terminated.
	(1) Normal termination (return value 0)
		Usr 0 00:04:01, Sys 0 00:00:04  -  Run Remote Usage
		Usr 0 00:00:00, Sys 0 00:00:00  -  Run Local Usage
		Usr 0 00:04:01, Sys 0 00:00:04  -  Total Remote Usage
		Usr 0 00:00:00, Sys 0 00:00:00  -  Total Local Usage
	109  -  Run Bytes Sent By Job
	148880  -  Run Bytes Received By Job
	109  -  Total Bytes Sent By Job
	148880  -  Total Bytes Received By Job
	Partitionable Resources :    Usage  Request Allocated 
	   Cpus                 :     0.96        1         1 
	   Disk (KB)            :   163     2097152   6681565 
	   Memory (MB)          :    75        4096      4096 
	   xferslots            :                           0 

	Job terminated of its own accord at 2026-01-19T21:35:05Z with exit-code 0.
...
