000 (15560432.909.000) 2026-01-07 17:58:17 Job submitted from host: <130.199.48.129:9618?addrs=130.199.48.129-9618&alias=rcas6009.rcf.bnl.gov&noUDP&sock=schedd_22421_101d>
...
040 (15560432.909.000) 2026-01-07 20:57:46 Started transferring input files
	Transferring to host: <130.199.184.151:9618?addrs=130.199.184.151-9618&alias=spool1760.sdcc.bnl.gov&noUDP&sock=slot1_51_32549_c2d0_181029>
...
040 (15560432.909.000) 2026-01-07 20:57:46 Finished transferring input files
...
001 (15560432.909.000) 2026-01-07 20:57:47 Job executing on host: <130.199.184.151:9618?addrs=130.199.184.151-9618&alias=spool1760.sdcc.bnl.gov&noUDP&sock=startd_32541_ea49>
...
006 (15560432.909.000) 2026-01-07 20:57:55 Image size of job updated: 420052
	85  -  MemoryUsage of job (MB)
	86696  -  ResidentSetSize of job (KB)
...
006 (15560432.909.000) 2026-01-07 21:02:48 Image size of job updated: 424632
	85  -  MemoryUsage of job (MB)
	86696  -  ResidentSetSize of job (KB)
...
040 (15560432.909.000) 2026-01-07 21:02:48 Started transferring output files
...
040 (15560432.909.000) 2026-01-07 21:02:48 Finished transferring output files
...
005 (15560432.909.000) 2026-01-07 21:02:48 Job terminated.
	(1) Normal termination (return value 0)
		Usr 0 00:04:55, Sys 0 00:00:04  -  Run Remote Usage
		Usr 0 00:00:00, Sys 0 00:00:00  -  Run Local Usage
		Usr 0 00:04:55, Sys 0 00:00:04  -  Total Remote Usage
		Usr 0 00:00:00, Sys 0 00:00:00  -  Total Local Usage
	163  -  Run Bytes Sent By Job
	144352  -  Run Bytes Received By Job
	163  -  Total Bytes Sent By Job
	144352  -  Total Bytes Received By Job
	Partitionable Resources :    Usage  Request Allocated 
	   Cpus                 :     0.99        1         1 
	   Disk (KB)            :   159     2097152   6681582 
	   Memory (MB)          :    85        4096      4096 
	   xferslots            :                           0 

	Job terminated of its own accord at 2026-01-08T02:02:48Z with exit-code 0.
...
