000 (15690120.201.000) 2026-01-20 07:35:55 Job submitted from host: <130.199.48.129:9618?addrs=130.199.48.129-9618&alias=rcas6009.rcf.bnl.gov&noUDP&sock=schedd_22421_101d>
...
040 (15690120.201.000) 2026-01-20 23:59:44 Started transferring input files
	Transferring to host: <130.199.151.14:9618?addrs=130.199.151.14-9618&alias=spool1592.sdcc.bnl.gov&noUDP&sock=slot1_6_96745_0327_244070>
...
040 (15690120.201.000) 2026-01-20 23:59:44 Finished transferring input files
...
001 (15690120.201.000) 2026-01-20 23:59:45 Job executing on host: <130.199.151.14:9618?addrs=130.199.151.14-9618&alias=spool1592.sdcc.bnl.gov&noUDP&sock=startd_96736_d281>
...
006 (15690120.201.000) 2026-01-20 23:59:54 Image size of job updated: 693608
	95  -  MemoryUsage of job (MB)
	96760  -  ResidentSetSize of job (KB)
...
006 (15690120.201.000) 2026-01-21 00:04:55 Image size of job updated: 696180
	130  -  MemoryUsage of job (MB)
	132800  -  ResidentSetSize of job (KB)
...
006 (15690120.201.000) 2026-01-21 00:09:55 Image size of job updated: 696180
	130  -  MemoryUsage of job (MB)
	132812  -  ResidentSetSize of job (KB)
...
006 (15690120.201.000) 2026-01-21 00:55:00 Image size of job updated: 696180
	141  -  MemoryUsage of job (MB)
	143828  -  ResidentSetSize of job (KB)
...
040 (15690120.201.000) 2026-01-21 01:00:04 Started transferring output files
...
040 (15690120.201.000) 2026-01-21 01:00:04 Finished transferring output files
...
005 (15690120.201.000) 2026-01-21 01:00:04 Job terminated.
	(1) Normal termination (return value 0)
		Usr 0 00:57:18, Sys 0 00:02:18  -  Run Remote Usage
		Usr 0 00:00:00, Sys 0 00:00:00  -  Run Local Usage
		Usr 0 00:57:18, Sys 0 00:02:18  -  Total Remote Usage
		Usr 0 00:00:00, Sys 0 00:00:00  -  Total Local Usage
	387  -  Run Bytes Sent By Job
	148880  -  Run Bytes Received By Job
	387  -  Total Bytes Sent By Job
	148880  -  Total Bytes Received By Job
	Partitionable Resources :    Usage  Request Allocated 
	   Cpus                 :     0.98        1         1 
	   Disk (KB)            :   164     2097152   6681187 
	   Memory (MB)          :   141        4096      4096 
	   xferslots            :                           0 

	Job terminated of its own accord at 2026-01-21T06:00:04Z with exit-code 0.
...
