000 (16235385.391.000) 2026-01-23 10:57:27 Job submitted from host: <130.199.48.128:9618?addrs=130.199.48.128-9618&alias=rcas6008.rcf.bnl.gov&noUDP&sock=schedd_18725_535a>
...
040 (16235385.391.000) 2026-01-23 12:06:42 Started transferring input files
	Transferring to host: <130.199.184.204:9618?addrs=130.199.184.204-9618&alias=spool1779.sdcc.bnl.gov&noUDP&sock=slot1_94_94050_e6ca_263612>
...
040 (16235385.391.000) 2026-01-23 12:06:42 Finished transferring input files
...
001 (16235385.391.000) 2026-01-23 12:06:43 Job executing on host: <130.199.184.204:9618?addrs=130.199.184.204-9618&alias=spool1779.sdcc.bnl.gov&noUDP&sock=startd_94041_e388>
...
006 (16235385.391.000) 2026-01-23 12:06:52 Image size of job updated: 342760
	40  -  MemoryUsage of job (MB)
	40720  -  ResidentSetSize of job (KB)
...
006 (16235385.391.000) 2026-01-23 12:11:54 Image size of job updated: 450304
	118  -  MemoryUsage of job (MB)
	120344  -  ResidentSetSize of job (KB)
...
040 (16235385.391.000) 2026-01-23 12:25:20 Started transferring output files
...
040 (16235385.391.000) 2026-01-23 12:25:20 Finished transferring output files
...
005 (16235385.391.000) 2026-01-23 12:25:20 Job terminated.
	(1) Normal termination (return value 0)
		Usr 0 00:18:07, Sys 0 00:00:12  -  Run Remote Usage
		Usr 0 00:00:00, Sys 0 00:00:00  -  Run Local Usage
		Usr 0 00:18:07, Sys 0 00:00:12  -  Total Remote Usage
		Usr 0 00:00:00, Sys 0 00:00:00  -  Total Local Usage
	247  -  Run Bytes Sent By Job
	148880  -  Run Bytes Received By Job
	247  -  Total Bytes Sent By Job
	148880  -  Total Bytes Received By Job
	Partitionable Resources :    Usage  Request Allocated 
	   Cpus                 :     1.00        1         1 
	   Disk (KB)            :   163     2097152   6681567 
	   Memory (MB)          :   118        4096      4096 
	   xferslots            :                           0 

	Job terminated of its own accord at 2026-01-23T17:25:20Z with exit-code 0.
...
