000 (15684821.678.000) 2026-01-19 15:56:22 Job submitted from host: <130.199.48.129:9618?addrs=130.199.48.129-9618&alias=rcas6009.rcf.bnl.gov&noUDP&sock=schedd_22421_101d>
...
040 (15684821.678.000) 2026-01-19 16:25:44 Started transferring input files
	Transferring to host: <130.199.186.25:9618?addrs=130.199.186.25-9618&alias=spool1822.sdcc.bnl.gov&noUDP&sock=slot1_17_93977_feb8_239703>
...
040 (15684821.678.000) 2026-01-19 16:25:44 Finished transferring input files
...
001 (15684821.678.000) 2026-01-19 16:25:45 Job executing on host: <130.199.186.25:9618?addrs=130.199.186.25-9618&alias=spool1822.sdcc.bnl.gov&noUDP&sock=startd_93968_c904>
...
006 (15684821.678.000) 2026-01-19 16:25:54 Image size of job updated: 420700
	72  -  MemoryUsage of job (MB)
	73652  -  ResidentSetSize of job (KB)
...
006 (15684821.678.000) 2026-01-19 16:30:55 Image size of job updated: 450332
	99  -  MemoryUsage of job (MB)
	101152  -  ResidentSetSize of job (KB)
...
040 (15684821.678.000) 2026-01-19 16:38:36 Started transferring output files
...
040 (15684821.678.000) 2026-01-19 16:38:36 Finished transferring output files
...
005 (15684821.678.000) 2026-01-19 16:38:36 Job terminated.
	(1) Normal termination (return value 0)
		Usr 0 00:11:49, Sys 0 00:00:12  -  Run Remote Usage
		Usr 0 00:00:00, Sys 0 00:00:00  -  Run Local Usage
		Usr 0 00:11:49, Sys 0 00:00:12  -  Total Remote Usage
		Usr 0 00:00:00, Sys 0 00:00:00  -  Total Local Usage
	163  -  Run Bytes Sent By Job
	148880  -  Run Bytes Received By Job
	163  -  Total Bytes Sent By Job
	148880  -  Total Bytes Received By Job
	Partitionable Resources :    Usage  Request Allocated 
	   Cpus                 :     0.96        1         1 
	   Disk (KB)            :   164     2097152   6681601 
	   Memory (MB)          :    99        4096      4096 
	   xferslots            :                           0 

	Job terminated of its own accord at 2026-01-19T21:38:36Z with exit-code 0.
...
