000 (16235385.782.000) 2026-01-23 10:57:29 Job submitted from host: <130.199.48.128:9618?addrs=130.199.48.128-9618&alias=rcas6008.rcf.bnl.gov&noUDP&sock=schedd_18725_535a>
...
040 (16235385.782.000) 2026-01-23 12:22:25 Started transferring input files
	Transferring to host: <130.199.151.29:9618?addrs=130.199.151.29-9618&alias=spool1607.sdcc.bnl.gov&noUDP&sock=slot1_9_96586_9977_254322>
...
040 (16235385.782.000) 2026-01-23 12:22:25 Finished transferring input files
...
001 (16235385.782.000) 2026-01-23 12:22:26 Job executing on host: <130.199.151.29:9618?addrs=130.199.151.29-9618&alias=spool1607.sdcc.bnl.gov&noUDP&sock=startd_96578_d139>
...
006 (16235385.782.000) 2026-01-23 12:22:35 Image size of job updated: 98616
	67  -  MemoryUsage of job (MB)
	67680  -  ResidentSetSize of job (KB)
...
006 (16235385.782.000) 2026-01-23 12:27:36 Image size of job updated: 447952
	92  -  MemoryUsage of job (MB)
	93720  -  ResidentSetSize of job (KB)
...
040 (16235385.782.000) 2026-01-23 12:32:30 Started transferring output files
...
040 (16235385.782.000) 2026-01-23 12:32:30 Finished transferring output files
...
005 (16235385.782.000) 2026-01-23 12:32:30 Job terminated.
	(1) Normal termination (return value 0)
		Usr 0 00:08:35, Sys 0 00:00:07  -  Run Remote Usage
		Usr 0 00:00:00, Sys 0 00:00:00  -  Run Local Usage
		Usr 0 00:08:35, Sys 0 00:00:07  -  Total Remote Usage
		Usr 0 00:00:00, Sys 0 00:00:00  -  Total Local Usage
	149  -  Run Bytes Sent By Job
	148880  -  Run Bytes Received By Job
	149  -  Total Bytes Sent By Job
	148880  -  Total Bytes Received By Job
	Partitionable Resources :    Usage  Request Allocated 
	   Cpus                 :     1.00        1         1 
	   Disk (KB)            :   164     2097152   6681126 
	   Memory (MB)          :    92        4096      4096 
	   xferslots            :                           0 

	Job terminated of its own accord at 2026-01-23T17:32:30Z with exit-code 0.
...
