000 (15690120.1204.000) 2026-01-20 07:35:57 Job submitted from host: <130.199.48.129:9618?addrs=130.199.48.129-9618&alias=rcas6009.rcf.bnl.gov&noUDP&sock=schedd_22421_101d>
...
040 (15690120.1204.000) 2026-01-21 17:23:58 Started transferring input files
	Transferring to host: <130.199.151.5:9618?addrs=130.199.151.5-9618&alias=spool1583.sdcc.bnl.gov&noUDP&sock=slot1_70_95004_60eb_364911>
...
040 (15690120.1204.000) 2026-01-21 17:23:58 Finished transferring input files
...
001 (15690120.1204.000) 2026-01-21 17:23:59 Job executing on host: <130.199.151.5:9618?addrs=130.199.151.5-9618&alias=spool1583.sdcc.bnl.gov&noUDP&sock=startd_94995_d158>
...
006 (15690120.1204.000) 2026-01-21 17:24:07 Image size of job updated: 81004
	50  -  MemoryUsage of job (MB)
	51112  -  ResidentSetSize of job (KB)
...
006 (15690120.1204.000) 2026-01-21 17:29:07 Image size of job updated: 450252
	94  -  MemoryUsage of job (MB)
	95376  -  ResidentSetSize of job (KB)
...
040 (15690120.1204.000) 2026-01-21 17:30:15 Started transferring output files
...
040 (15690120.1204.000) 2026-01-21 17:30:15 Finished transferring output files
...
005 (15690120.1204.000) 2026-01-21 17:30:15 Job terminated.
	(1) Normal termination (return value 0)
		Usr 0 00:05:40, Sys 0 00:00:05  -  Run Remote Usage
		Usr 0 00:00:00, Sys 0 00:00:00  -  Run Local Usage
		Usr 0 00:05:40, Sys 0 00:00:05  -  Total Remote Usage
		Usr 0 00:00:00, Sys 0 00:00:00  -  Total Local Usage
	149  -  Run Bytes Sent By Job
	148880  -  Run Bytes Received By Job
	149  -  Total Bytes Sent By Job
	148880  -  Total Bytes Received By Job
	Partitionable Resources :    Usage  Request Allocated 
	   Cpus                 :     0.95        1         1 
	   Disk (KB)            :   163     2097152   6681171 
	   Memory (MB)          :    94        4096      4096 
	   xferslots            :                           0 

	Job terminated of its own accord at 2026-01-21T22:30:15Z with exit-code 0.
...
