000 (15684821.687.000) 2026-01-19 15:56:22 Job submitted from host: <130.199.48.129:9618?addrs=130.199.48.129-9618&alias=rcas6009.rcf.bnl.gov&noUDP&sock=schedd_22421_101d>
...
040 (15684821.687.000) 2026-01-19 16:25:50 Started transferring input files
	Transferring to host: <130.199.186.23:9618?addrs=130.199.186.23-9618&alias=spool1820.sdcc.bnl.gov&noUDP&sock=slot1_64_94137_2573_244698>
...
040 (15684821.687.000) 2026-01-19 16:25:50 Finished transferring input files
...
001 (15684821.687.000) 2026-01-19 16:25:52 Job executing on host: <130.199.186.23:9618?addrs=130.199.186.23-9618&alias=spool1820.sdcc.bnl.gov&noUDP&sock=startd_94129_bd5c>
...
006 (15684821.687.000) 2026-01-19 16:26:00 Image size of job updated: 350596
	70  -  MemoryUsage of job (MB)
	70764  -  ResidentSetSize of job (KB)
...
006 (15684821.687.000) 2026-01-19 16:31:00 Image size of job updated: 447764
	95  -  MemoryUsage of job (MB)
	96572  -  ResidentSetSize of job (KB)
...
040 (15684821.687.000) 2026-01-19 16:36:55 Started transferring output files
...
040 (15684821.687.000) 2026-01-19 16:36:55 Finished transferring output files
...
005 (15684821.687.000) 2026-01-19 16:36:55 Job terminated.
	(1) Normal termination (return value 0)
		Usr 0 00:10:00, Sys 0 00:00:10  -  Run Remote Usage
		Usr 0 00:00:00, Sys 0 00:00:00  -  Run Local Usage
		Usr 0 00:10:00, Sys 0 00:00:10  -  Total Remote Usage
		Usr 0 00:00:00, Sys 0 00:00:00  -  Total Local Usage
	163  -  Run Bytes Sent By Job
	148880  -  Run Bytes Received By Job
	163  -  Total Bytes Sent By Job
	148880  -  Total Bytes Received By Job
	Partitionable Resources :    Usage  Request Allocated 
	   Cpus                 :     0.90        1         1 
	   Disk (KB)            :   163     2097152   6681582 
	   Memory (MB)          :    95        4096      4096 
	   xferslots            :                           0 

	Job terminated of its own accord at 2026-01-19T21:36:55Z with exit-code 0.
...
