000 (16235385.105.000) 2026-01-23 10:57:26 Job submitted from host: <130.199.48.128:9618?addrs=130.199.48.128-9618&alias=rcas6008.rcf.bnl.gov&noUDP&sock=schedd_18725_535a>
...
040 (16235385.105.000) 2026-01-23 11:30:42 Started transferring input files
	Transferring to host: <130.199.186.66:9618?addrs=130.199.186.66-9618&alias=spool1829.sdcc.bnl.gov&noUDP&sock=slot1_29_93926_5593_269430>
...
040 (16235385.105.000) 2026-01-23 11:30:42 Finished transferring input files
...
001 (16235385.105.000) 2026-01-23 11:30:43 Job executing on host: <130.199.186.66:9618?addrs=130.199.186.66-9618&alias=spool1829.sdcc.bnl.gov&noUDP&sock=startd_93917_a4f5>
...
006 (16235385.105.000) 2026-01-23 11:30:51 Image size of job updated: 420912
	82  -  MemoryUsage of job (MB)
	83064  -  ResidentSetSize of job (KB)
...
006 (16235385.105.000) 2026-01-23 11:35:30 Image size of job updated: 423648
	82  -  MemoryUsage of job (MB)
	83064  -  ResidentSetSize of job (KB)
...
040 (16235385.105.000) 2026-01-23 11:35:30 Started transferring output files
...
040 (16235385.105.000) 2026-01-23 11:35:30 Finished transferring output files
...
005 (16235385.105.000) 2026-01-23 11:35:30 Job terminated.
	(1) Normal termination (return value 0)
		Usr 0 00:04:41, Sys 0 00:00:03  -  Run Remote Usage
		Usr 0 00:00:00, Sys 0 00:00:00  -  Run Local Usage
		Usr 0 00:04:41, Sys 0 00:00:03  -  Total Remote Usage
		Usr 0 00:00:00, Sys 0 00:00:00  -  Total Local Usage
	149  -  Run Bytes Sent By Job
	148880  -  Run Bytes Received By Job
	149  -  Total Bytes Sent By Job
	148880  -  Total Bytes Received By Job
	Partitionable Resources :    Usage  Request Allocated 
	   Cpus                 :     1.00        1         1 
	   Disk (KB)            :   163     2097152   6681577 
	   Memory (MB)          :    82        4096      4096 
	   xferslots            :                           0 

	Job terminated of its own accord at 2026-01-23T16:35:30Z with exit-code 0.
...
