000 (16235385.856.000) 2026-01-23 10:57:29 Job submitted from host: <130.199.48.128:9618?addrs=130.199.48.128-9618&alias=rcas6008.rcf.bnl.gov&noUDP&sock=schedd_18725_535a>
...
040 (16235385.856.000) 2026-01-23 12:24:57 Started transferring input files
	Transferring to host: <130.199.151.31:9618?addrs=130.199.151.31-9618&alias=spool1609.sdcc.bnl.gov&noUDP&sock=slot1_96_94980_a7e9_254843>
...
040 (16235385.856.000) 2026-01-23 12:24:57 Finished transferring input files
...
001 (16235385.856.000) 2026-01-23 12:24:58 Job executing on host: <130.199.151.31:9618?addrs=130.199.151.31-9618&alias=spool1609.sdcc.bnl.gov&noUDP&sock=startd_94972_89de>
...
006 (16235385.856.000) 2026-01-23 12:25:07 Image size of job updated: 101064
	68  -  MemoryUsage of job (MB)
	69556  -  ResidentSetSize of job (KB)
...
006 (16235385.856.000) 2026-01-23 12:30:08 Image size of job updated: 448492
	91  -  MemoryUsage of job (MB)
	92500  -  ResidentSetSize of job (KB)
...
040 (16235385.856.000) 2026-01-23 12:31:44 Started transferring output files
...
040 (16235385.856.000) 2026-01-23 12:31:44 Finished transferring output files
...
005 (16235385.856.000) 2026-01-23 12:31:44 Job terminated.
	(1) Normal termination (return value 0)
		Usr 0 00:06:36, Sys 0 00:00:05  -  Run Remote Usage
		Usr 0 00:00:00, Sys 0 00:00:00  -  Run Local Usage
		Usr 0 00:06:36, Sys 0 00:00:05  -  Total Remote Usage
		Usr 0 00:00:00, Sys 0 00:00:00  -  Total Local Usage
	135  -  Run Bytes Sent By Job
	148880  -  Run Bytes Received By Job
	135  -  Total Bytes Sent By Job
	148880  -  Total Bytes Received By Job
	Partitionable Resources :    Usage  Request Allocated 
	   Cpus                 :     0.99        1         1 
	   Disk (KB)            :   163     2097152   6681162 
	   Memory (MB)          :    91        4096      4096 
	   xferslots            :                           0 

	Job terminated of its own accord at 2026-01-23T17:31:43Z with exit-code 0.
...
