000 (15560432.267.000) 2026-01-07 17:58:16 Job submitted from host: <130.199.48.129:9618?addrs=130.199.48.129-9618&alias=rcas6009.rcf.bnl.gov&noUDP&sock=schedd_22421_101d>
...
040 (15560432.267.000) 2026-01-07 19:45:43 Started transferring input files
	Transferring to host: <130.199.151.3:9618?addrs=130.199.151.3-9618&alias=spool1581.sdcc.bnl.gov&noUDP&sock=slot1_33_95061_7851_188016>
...
040 (15560432.267.000) 2026-01-07 19:45:43 Finished transferring input files
...
001 (15560432.267.000) 2026-01-07 19:45:44 Job executing on host: <130.199.151.3:9618?addrs=130.199.151.3-9618&alias=spool1581.sdcc.bnl.gov&noUDP&sock=startd_95052_db87>
...
006 (15560432.267.000) 2026-01-07 19:45:53 Image size of job updated: 422152
	83  -  MemoryUsage of job (MB)
	84516  -  ResidentSetSize of job (KB)
...
006 (15560432.267.000) 2026-01-07 19:50:54 Image size of job updated: 424528
	111  -  MemoryUsage of job (MB)
	113168  -  ResidentSetSize of job (KB)
...
006 (15560432.267.000) 2026-01-07 19:55:55 Image size of job updated: 424672
	111  -  MemoryUsage of job (MB)
	113208  -  ResidentSetSize of job (KB)
...
040 (15560432.267.000) 2026-01-07 19:59:17 Started transferring output files
...
040 (15560432.267.000) 2026-01-07 19:59:17 Finished transferring output files
...
005 (15560432.267.000) 2026-01-07 19:59:17 Job terminated.
	(1) Normal termination (return value 0)
		Usr 0 00:13:20, Sys 0 00:00:11  -  Run Remote Usage
		Usr 0 00:00:00, Sys 0 00:00:00  -  Run Local Usage
		Usr 0 00:13:20, Sys 0 00:00:11  -  Total Remote Usage
		Usr 0 00:00:00, Sys 0 00:00:00  -  Total Local Usage
	303  -  Run Bytes Sent By Job
	144352  -  Run Bytes Received By Job
	303  -  Total Bytes Sent By Job
	144352  -  Total Bytes Received By Job
	Partitionable Resources :    Usage  Request Allocated 
	   Cpus                 :     1.00        1         1 
	   Disk (KB)            :   159     2097152   6681183 
	   Memory (MB)          :   111        4096      4096 
	   xferslots            :                           0 

	Job terminated of its own accord at 2026-01-08T00:59:17Z with exit-code 0.
...
