000 (15690120.1009.000) 2026-01-20 07:35:57 Job submitted from host: <130.199.48.129:9618?addrs=130.199.48.129-9618&alias=rcas6009.rcf.bnl.gov&noUDP&sock=schedd_22421_101d>
...
040 (15690120.1009.000) 2026-01-21 14:45:59 Started transferring input files
	Transferring to host: <130.199.151.30:9618?addrs=130.199.151.30-9618&alias=spool1608.sdcc.bnl.gov&noUDP&sock=slot1_78_96495_66a3_249381>
...
040 (15690120.1009.000) 2026-01-21 14:45:59 Finished transferring input files
...
001 (15690120.1009.000) 2026-01-21 14:46:00 Job executing on host: <130.199.151.30:9618?addrs=130.199.151.30-9618&alias=spool1608.sdcc.bnl.gov&noUDP&sock=startd_96487_0455>
...
006 (15690120.1009.000) 2026-01-21 14:46:09 Image size of job updated: 422288
	75  -  MemoryUsage of job (MB)
	76024  -  ResidentSetSize of job (KB)
...
006 (15690120.1009.000) 2026-01-21 14:51:09 Image size of job updated: 424344
	91  -  MemoryUsage of job (MB)
	92344  -  ResidentSetSize of job (KB)
...
040 (15690120.1009.000) 2026-01-21 15:00:04 Started transferring output files
...
040 (15690120.1009.000) 2026-01-21 15:00:04 Finished transferring output files
...
005 (15690120.1009.000) 2026-01-21 15:00:04 Job terminated.
	(1) Normal termination (return value 0)
		Usr 0 00:13:49, Sys 0 00:00:10  -  Run Remote Usage
		Usr 0 00:00:00, Sys 0 00:00:00  -  Run Local Usage
		Usr 0 00:13:49, Sys 0 00:00:10  -  Total Remote Usage
		Usr 0 00:00:00, Sys 0 00:00:00  -  Total Local Usage
	177  -  Run Bytes Sent By Job
	148880  -  Run Bytes Received By Job
	177  -  Total Bytes Sent By Job
	148880  -  Total Bytes Received By Job
	Partitionable Resources :    Usage  Request Allocated 
	   Cpus                 :     0.99        1         1 
	   Disk (KB)            :   163     2097152   6681194 
	   Memory (MB)          :    91        4096      4096 
	   xferslots            :                           0 

	Job terminated of its own accord at 2026-01-21T20:00:04Z with exit-code 0.
...
