000 (15560432.074.000) 2026-01-07 17:58:15 Job submitted from host: <130.199.48.129:9618?addrs=130.199.48.129-9618&alias=rcas6009.rcf.bnl.gov&noUDP&sock=schedd_22421_101d>
...
040 (15560432.074.000) 2026-01-07 18:28:43 Started transferring input files
	Transferring to host: <130.199.151.31:9618?addrs=130.199.151.31-9618&alias=spool1609.sdcc.bnl.gov&noUDP&sock=slot1_21_94980_a7e9_181928>
...
040 (15560432.074.000) 2026-01-07 18:28:43 Finished transferring input files
...
001 (15560432.074.000) 2026-01-07 18:28:44 Job executing on host: <130.199.151.31:9618?addrs=130.199.151.31-9618&alias=spool1609.sdcc.bnl.gov&noUDP&sock=startd_94972_89de>
...
006 (15560432.074.000) 2026-01-07 18:28:52 Image size of job updated: 115012
	82  -  MemoryUsage of job (MB)
	83576  -  ResidentSetSize of job (KB)
...
006 (15560432.074.000) 2026-01-07 18:33:52 Image size of job updated: 424840
	108  -  MemoryUsage of job (MB)
	110128  -  ResidentSetSize of job (KB)
...
040 (15560432.074.000) 2026-01-07 18:42:12 Started transferring output files
...
040 (15560432.074.000) 2026-01-07 18:42:12 Finished transferring output files
...
005 (15560432.074.000) 2026-01-07 18:42:12 Job terminated.
	(1) Normal termination (return value 0)
		Usr 0 00:13:16, Sys 0 00:00:10  -  Run Remote Usage
		Usr 0 00:00:00, Sys 0 00:00:00  -  Run Local Usage
		Usr 0 00:13:16, Sys 0 00:00:10  -  Total Remote Usage
		Usr 0 00:00:00, Sys 0 00:00:00  -  Total Local Usage
	289  -  Run Bytes Sent By Job
	144352  -  Run Bytes Received By Job
	289  -  Total Bytes Sent By Job
	144352  -  Total Bytes Received By Job
	Partitionable Resources :    Usage  Request Allocated 
	   Cpus                 :     1.00        1         1 
	   Disk (KB)            :   159     2097152   6681162 
	   Memory (MB)          :   108        4096      4096 
	   xferslots            :                           0 

	Job terminated of its own accord at 2026-01-07T23:42:12Z with exit-code 0.
...
