000 (16235385.073.000) 2026-01-23 10:57:26 Job submitted from host: <130.199.48.128:9618?addrs=130.199.48.128-9618&alias=rcas6008.rcf.bnl.gov&noUDP&sock=schedd_18725_535a>
...
040 (16235385.073.000) 2026-01-23 11:22:19 Started transferring input files
	Transferring to host: <130.199.184.159:9618?addrs=130.199.184.159-9618&alias=spool1768.sdcc.bnl.gov&noUDP&sock=slot1_86_6355_eafc_258167>
...
040 (16235385.073.000) 2026-01-23 11:22:19 Finished transferring input files
...
001 (16235385.073.000) 2026-01-23 11:22:20 Job executing on host: <130.199.184.159:9618?addrs=130.199.184.159-9618&alias=spool1768.sdcc.bnl.gov&noUDP&sock=startd_6346_8743>
...
006 (16235385.073.000) 2026-01-23 11:22:29 Image size of job updated: 420056
	72  -  MemoryUsage of job (MB)
	73352  -  ResidentSetSize of job (KB)
...
006 (16235385.073.000) 2026-01-23 11:27:30 Image size of job updated: 449768
	105  -  MemoryUsage of job (MB)
	106524  -  ResidentSetSize of job (KB)
...
040 (16235385.073.000) 2026-01-23 11:35:34 Started transferring output files
...
040 (16235385.073.000) 2026-01-23 11:35:34 Finished transferring output files
...
005 (16235385.073.000) 2026-01-23 11:35:34 Job terminated.
	(1) Normal termination (return value 0)
		Usr 0 00:13:03, Sys 0 00:00:08  -  Run Remote Usage
		Usr 0 00:00:00, Sys 0 00:00:00  -  Run Local Usage
		Usr 0 00:13:03, Sys 0 00:00:08  -  Total Remote Usage
		Usr 0 00:00:00, Sys 0 00:00:00  -  Total Local Usage
	191  -  Run Bytes Sent By Job
	148880  -  Run Bytes Received By Job
	191  -  Total Bytes Sent By Job
	148880  -  Total Bytes Received By Job
	Partitionable Resources :    Usage  Request Allocated 
	   Cpus                 :     1.00        1         1 
	   Disk (KB)            :   164     2097152   6681586 
	   Memory (MB)          :   105        4096      4096 
	   xferslots            :                           0 

	Job terminated of its own accord at 2026-01-23T16:35:34Z with exit-code 0.
...
