000 (15697407.050.000) 2026-01-21 18:36:41 Job submitted from host: <130.199.48.129:9618?addrs=130.199.48.129-9618&alias=rcas6009.rcf.bnl.gov&noUDP&sock=schedd_22421_101d>
...
040 (15697407.050.000) 2026-01-21 19:21:22 Started transferring input files
	Transferring to host: <130.199.184.196:9618?addrs=130.199.184.196-9618&alias=spool1771.sdcc.bnl.gov&noUDP&sock=slot1_22_93929_8cb3_254854>
...
040 (15697407.050.000) 2026-01-21 19:21:22 Finished transferring input files
...
001 (15697407.050.000) 2026-01-21 19:21:23 Job executing on host: <130.199.184.196:9618?addrs=130.199.184.196-9618&alias=spool1771.sdcc.bnl.gov&noUDP&sock=startd_93920_9805>
...
006 (15697407.050.000) 2026-01-21 19:21:31 Image size of job updated: 421560
	96  -  MemoryUsage of job (MB)
	97604  -  ResidentSetSize of job (KB)
...
006 (15697407.050.000) 2026-01-21 19:26:31 Image size of job updated: 448284
	116  -  MemoryUsage of job (MB)
	118692  -  ResidentSetSize of job (KB)
...
006 (15697407.050.000) 2026-01-21 19:31:31 Image size of job updated: 448284
	116  -  MemoryUsage of job (MB)
	118700  -  ResidentSetSize of job (KB)
...
040 (15697407.050.000) 2026-01-21 19:35:51 Started transferring output files
...
040 (15697407.050.000) 2026-01-21 19:35:51 Finished transferring output files
...
005 (15697407.050.000) 2026-01-21 19:35:51 Job terminated.
	(1) Normal termination (return value 0)
		Usr 0 00:14:17, Sys 0 00:00:10  -  Run Remote Usage
		Usr 0 00:00:00, Sys 0 00:00:00  -  Run Local Usage
		Usr 0 00:14:17, Sys 0 00:00:10  -  Total Remote Usage
		Usr 0 00:00:00, Sys 0 00:00:00  -  Total Local Usage
	247  -  Run Bytes Sent By Job
	148880  -  Run Bytes Received By Job
	247  -  Total Bytes Sent By Job
	148880  -  Total Bytes Received By Job
	Partitionable Resources :    Usage  Request Allocated 
	   Cpus                 :     1.00        1         1 
	   Disk (KB)            :   164     2097152   6681509 
	   Memory (MB)          :   116        4096      4096 
	   xferslots            :                           0 

	Job terminated of its own accord at 2026-01-22T00:35:51Z with exit-code 0.
...
