000 (15684821.271.000) 2026-01-19 15:56:21 Job submitted from host: <130.199.48.129:9618?addrs=130.199.48.129-9618&alias=rcas6009.rcf.bnl.gov&noUDP&sock=schedd_22421_101d>
...
040 (15684821.271.000) 2026-01-19 16:12:10 Started transferring input files
	Transferring to host: <130.199.151.20:9618?addrs=130.199.151.20-9618&alias=spool1598.sdcc.bnl.gov&noUDP&sock=slot1_15_29322_cc12_245624>
...
040 (15684821.271.000) 2026-01-19 16:12:10 Finished transferring input files
...
001 (15684821.271.000) 2026-01-19 16:12:11 Job executing on host: <130.199.151.20:9618?addrs=130.199.151.20-9618&alias=spool1598.sdcc.bnl.gov&noUDP&sock=startd_29313_4b3f>
...
006 (15684821.271.000) 2026-01-19 16:12:20 Image size of job updated: 346664
	82  -  MemoryUsage of job (MB)
	83460  -  ResidentSetSize of job (KB)
...
006 (15684821.271.000) 2026-01-19 16:17:20 Image size of job updated: 450460
	134  -  MemoryUsage of job (MB)
	136284  -  ResidentSetSize of job (KB)
...
040 (15684821.271.000) 2026-01-19 16:51:31 Started transferring output files
...
040 (15684821.271.000) 2026-01-19 16:51:31 Finished transferring output files
...
005 (15684821.271.000) 2026-01-19 16:51:31 Job terminated.
	(1) Normal termination (return value 0)
		Usr 0 00:36:39, Sys 0 00:00:22  -  Run Remote Usage
		Usr 0 00:00:00, Sys 0 00:00:00  -  Run Local Usage
		Usr 0 00:36:39, Sys 0 00:00:22  -  Total Remote Usage
		Usr 0 00:00:00, Sys 0 00:00:00  -  Total Local Usage
	303  -  Run Bytes Sent By Job
	148880  -  Run Bytes Received By Job
	303  -  Total Bytes Sent By Job
	148880  -  Total Bytes Received By Job
	Partitionable Resources :    Usage  Request Allocated 
	   Cpus                 :     0.90        1         1 
	   Disk (KB)            :   163     2097152   6681198 
	   Memory (MB)          :   134        4096      4096 
	   xferslots            :                           0 

	Job terminated of its own accord at 2026-01-19T21:51:31Z with exit-code 0.
...
