000 (15690120.224.000) 2026-01-20 07:35:55 Job submitted from host: <130.199.48.129:9618?addrs=130.199.48.129-9618&alias=rcas6009.rcf.bnl.gov&noUDP&sock=schedd_22421_101d>
...
040 (15690120.224.000) 2026-01-21 00:42:34 Started transferring input files
	Transferring to host: <130.199.151.21:9618?addrs=130.199.151.21-9618&alias=spool1599.sdcc.bnl.gov&noUDP&sock=slot1_19_96838_b010_241961>
...
040 (15690120.224.000) 2026-01-21 00:42:34 Finished transferring input files
...
001 (15690120.224.000) 2026-01-21 00:42:35 Job executing on host: <130.199.151.21:9618?addrs=130.199.151.21-9618&alias=spool1599.sdcc.bnl.gov&noUDP&sock=startd_96829_416f>
...
006 (15690120.224.000) 2026-01-21 00:42:44 Image size of job updated: 420968
	78  -  MemoryUsage of job (MB)
	79256  -  ResidentSetSize of job (KB)
...
006 (15690120.224.000) 2026-01-21 00:47:45 Image size of job updated: 448920
	115  -  MemoryUsage of job (MB)
	117468  -  ResidentSetSize of job (KB)
...
040 (15690120.224.000) 2026-01-21 01:04:46 Started transferring output files
...
040 (15690120.224.000) 2026-01-21 01:04:46 Finished transferring output files
...
005 (15690120.224.000) 2026-01-21 01:04:46 Job terminated.
	(1) Normal termination (return value 0)
		Usr 0 00:21:32, Sys 0 00:00:15  -  Run Remote Usage
		Usr 0 00:00:00, Sys 0 00:00:00  -  Run Local Usage
		Usr 0 00:21:32, Sys 0 00:00:15  -  Total Remote Usage
		Usr 0 00:00:00, Sys 0 00:00:00  -  Total Local Usage
	233  -  Run Bytes Sent By Job
	148880  -  Run Bytes Received By Job
	233  -  Total Bytes Sent By Job
	148880  -  Total Bytes Received By Job
	Partitionable Resources :    Usage  Request Allocated 
	   Cpus                 :     0.96        1         1 
	   Disk (KB)            :   163     2097152   6681145 
	   Memory (MB)          :   115        4096      4096 
	   xferslots            :                           0 

	Job terminated of its own accord at 2026-01-21T06:04:46Z with exit-code 0.
...
