000 (15560432.1034.000) 2026-01-07 17:58:17 Job submitted from host: <130.199.48.129:9618?addrs=130.199.48.129-9618&alias=rcas6009.rcf.bnl.gov&noUDP&sock=schedd_22421_101d>
...
040 (15560432.1034.000) 2026-01-07 21:00:15 Started transferring input files
	Transferring to host: <130.199.186.66:9618?addrs=130.199.186.66-9618&alias=spool1829.sdcc.bnl.gov&noUDP&sock=slot1_57_93926_5593_192150>
...
040 (15560432.1034.000) 2026-01-07 21:00:15 Finished transferring input files
...
001 (15560432.1034.000) 2026-01-07 21:00:16 Job executing on host: <130.199.186.66:9618?addrs=130.199.186.66-9618&alias=spool1829.sdcc.bnl.gov&noUDP&sock=startd_93917_a4f5>
...
006 (15560432.1034.000) 2026-01-07 21:00:24 Image size of job updated: 422732
	77  -  MemoryUsage of job (MB)
	78220  -  ResidentSetSize of job (KB)
...
006 (15560432.1034.000) 2026-01-07 21:05:24 Image size of job updated: 424960
	96  -  MemoryUsage of job (MB)
	98048  -  ResidentSetSize of job (KB)
...
040 (15560432.1034.000) 2026-01-07 21:08:56 Started transferring output files
...
040 (15560432.1034.000) 2026-01-07 21:08:56 Finished transferring output files
...
005 (15560432.1034.000) 2026-01-07 21:08:56 Job terminated.
	(1) Normal termination (return value 0)
		Usr 0 00:08:33, Sys 0 00:00:05  -  Run Remote Usage
		Usr 0 00:00:00, Sys 0 00:00:00  -  Run Local Usage
		Usr 0 00:08:33, Sys 0 00:00:05  -  Total Remote Usage
		Usr 0 00:00:00, Sys 0 00:00:00  -  Total Local Usage
	219  -  Run Bytes Sent By Job
	144352  -  Run Bytes Received By Job
	219  -  Total Bytes Sent By Job
	144352  -  Total Bytes Received By Job
	Partitionable Resources :    Usage  Request Allocated 
	   Cpus                 :     1.00        1         1 
	   Disk (KB)            :   159     2097152   6681577 
	   Memory (MB)          :    96        4096      4096 
	   xferslots            :                           0 

	Job terminated of its own accord at 2026-01-08T02:08:55Z with exit-code 0.
...
