000 (15684821.135.000) 2026-01-19 15:56:20 Job submitted from host: <130.199.48.129:9618?addrs=130.199.48.129-9618&alias=rcas6009.rcf.bnl.gov&noUDP&sock=schedd_22421_101d>
...
040 (15684821.135.000) 2026-01-19 16:04:34 Started transferring input files
	Transferring to host: <130.199.151.11:9618?addrs=130.199.151.11-9618&alias=spool1589.sdcc.bnl.gov&noUDP&sock=slot1_26_95006_db01_247643>
...
040 (15684821.135.000) 2026-01-19 16:04:34 Finished transferring input files
...
001 (15684821.135.000) 2026-01-19 16:04:35 Job executing on host: <130.199.151.11:9618?addrs=130.199.151.11-9618&alias=spool1589.sdcc.bnl.gov&noUDP&sock=startd_94997_7363>
...
006 (15684821.135.000) 2026-01-19 16:04:44 Image size of job updated: 420020
	81  -  MemoryUsage of job (MB)
	82520  -  ResidentSetSize of job (KB)
...
006 (15684821.135.000) 2026-01-19 16:09:45 Image size of job updated: 451072
	125  -  MemoryUsage of job (MB)
	127892  -  ResidentSetSize of job (KB)
...
040 (15684821.135.000) 2026-01-19 16:30:50 Started transferring output files
...
040 (15684821.135.000) 2026-01-19 16:30:50 Finished transferring output files
...
005 (15684821.135.000) 2026-01-19 16:30:51 Job terminated.
	(1) Normal termination (return value 0)
		Usr 0 00:25:44, Sys 0 00:00:17  -  Run Remote Usage
		Usr 0 00:00:00, Sys 0 00:00:00  -  Run Local Usage
		Usr 0 00:25:44, Sys 0 00:00:17  -  Total Remote Usage
		Usr 0 00:00:00, Sys 0 00:00:00  -  Total Local Usage
	275  -  Run Bytes Sent By Job
	148880  -  Run Bytes Received By Job
	275  -  Total Bytes Sent By Job
	148880  -  Total Bytes Received By Job
	Partitionable Resources :    Usage  Request Allocated 
	   Cpus                 :     0.98        1         1 
	   Disk (KB)            :   163     2097152   6681175 
	   Memory (MB)          :   125        4096      4096 
	   xferslots            :                           0 

	Job terminated of its own accord at 2026-01-19T21:30:50Z with exit-code 0.
...
