000 (15560432.337.000) 2026-01-07 17:58:16 Job submitted from host: <130.199.48.129:9618?addrs=130.199.48.129-9618&alias=rcas6009.rcf.bnl.gov&noUDP&sock=schedd_22421_101d>
...
040 (15560432.337.000) 2026-01-07 20:12:38 Started transferring input files
	Transferring to host: <130.199.150.90:9618?addrs=130.199.150.90-9618&alias=spool1571.sdcc.bnl.gov&noUDP&sock=slot1_94_94964_d73c_182184>
...
040 (15560432.337.000) 2026-01-07 20:12:38 Finished transferring input files
...
001 (15560432.337.000) 2026-01-07 20:12:39 Job executing on host: <130.199.150.90:9618?addrs=130.199.150.90-9618&alias=spool1571.sdcc.bnl.gov&noUDP&sock=startd_94955_2884>
...
006 (15560432.337.000) 2026-01-07 20:12:48 Image size of job updated: 422140
	84  -  MemoryUsage of job (MB)
	85244  -  ResidentSetSize of job (KB)
...
006 (15560432.337.000) 2026-01-07 20:17:49 Image size of job updated: 424704
	109  -  MemoryUsage of job (MB)
	110736  -  ResidentSetSize of job (KB)
...
006 (15560432.337.000) 2026-01-07 20:22:49 Image size of job updated: 424704
	109  -  MemoryUsage of job (MB)
	110776  -  ResidentSetSize of job (KB)
...
040 (15560432.337.000) 2026-01-07 20:25:49 Started transferring output files
...
040 (15560432.337.000) 2026-01-07 20:25:49 Finished transferring output files
...
005 (15560432.337.000) 2026-01-07 20:25:49 Job terminated.
	(1) Normal termination (return value 0)
		Usr 0 00:12:57, Sys 0 00:00:10  -  Run Remote Usage
		Usr 0 00:00:00, Sys 0 00:00:00  -  Run Local Usage
		Usr 0 00:12:57, Sys 0 00:00:10  -  Total Remote Usage
		Usr 0 00:00:00, Sys 0 00:00:00  -  Total Local Usage
	275  -  Run Bytes Sent By Job
	144352  -  Run Bytes Received By Job
	275  -  Total Bytes Sent By Job
	144352  -  Total Bytes Received By Job
	Partitionable Resources :    Usage  Request Allocated 
	   Cpus                 :     0.99        1         1 
	   Disk (KB)            :   159     2097152   6681189 
	   Memory (MB)          :   109        4096      4096 
	   xferslots            :                           0 

	Job terminated of its own accord at 2026-01-08T01:25:49Z with exit-code 0.
...
