000 (15697407.455.000) 2026-01-21 18:36:42 Job submitted from host: <130.199.48.129:9618?addrs=130.199.48.129-9618&alias=rcas6009.rcf.bnl.gov&noUDP&sock=schedd_22421_101d>
...
040 (15697407.455.000) 2026-01-22 09:16:42 Started transferring input files
	Transferring to host: <130.199.184.158:9618?addrs=130.199.184.158-9618&alias=spool1767.sdcc.bnl.gov&noUDP&sock=slot1_8_4771_385b_286788>
...
040 (15697407.455.000) 2026-01-22 09:16:43 Finished transferring input files
...
001 (15697407.455.000) 2026-01-22 09:16:44 Job executing on host: <130.199.184.158:9618?addrs=130.199.184.158-9618&alias=spool1767.sdcc.bnl.gov&noUDP&sock=startd_4762_365e>
...
006 (15697407.455.000) 2026-01-22 09:16:52 Image size of job updated: 420976
	79  -  MemoryUsage of job (MB)
	80580  -  ResidentSetSize of job (KB)
...
006 (15697407.455.000) 2026-01-22 09:21:52 Image size of job updated: 450468
	119  -  MemoryUsage of job (MB)
	121536  -  ResidentSetSize of job (KB)
...
006 (15697407.455.000) 2026-01-22 09:31:54 Image size of job updated: 450468
	119  -  MemoryUsage of job (MB)
	121540  -  ResidentSetSize of job (KB)
...
040 (15697407.455.000) 2026-01-22 09:38:52 Started transferring output files
...
040 (15697407.455.000) 2026-01-22 09:38:52 Finished transferring output files
...
005 (15697407.455.000) 2026-01-22 09:38:52 Job terminated.
	(1) Normal termination (return value 0)
		Usr 0 00:21:51, Sys 0 00:00:11  -  Run Remote Usage
		Usr 0 00:00:00, Sys 0 00:00:00  -  Run Local Usage
		Usr 0 00:21:51, Sys 0 00:00:11  -  Total Remote Usage
		Usr 0 00:00:00, Sys 0 00:00:00  -  Total Local Usage
	247  -  Run Bytes Sent By Job
	148880  -  Run Bytes Received By Job
	247  -  Total Bytes Sent By Job
	148880  -  Total Bytes Received By Job
	Partitionable Resources :    Usage  Request Allocated 
	   Cpus                 :     1.00        1         1 
	   Disk (KB)            :   164     2097152   6681557 
	   Memory (MB)          :   119        4096      4096 
	   xferslots            :                           0 

	Job terminated of its own accord at 2026-01-22T14:38:51Z with exit-code 0.
...
