000 (16235385.164.000) 2026-01-23 10:57:26 Job submitted from host: <130.199.48.128:9618?addrs=130.199.48.128-9618&alias=rcas6008.rcf.bnl.gov&noUDP&sock=schedd_18725_535a>
...
040 (16235385.164.000) 2026-01-23 11:42:22 Started transferring input files
	Transferring to host: <130.199.186.17:9618?addrs=130.199.186.17-9618&alias=spool1814.sdcc.bnl.gov&noUDP&sock=slot1_52_95879_84b9_374573>
...
040 (16235385.164.000) 2026-01-23 11:42:22 Finished transferring input files
...
001 (16235385.164.000) 2026-01-23 11:42:23 Job executing on host: <130.199.186.17:9618?addrs=130.199.186.17-9618&alias=spool1814.sdcc.bnl.gov&noUDP&sock=startd_95870_be84>
...
006 (16235385.164.000) 2026-01-23 11:42:32 Image size of job updated: 104796
	73  -  MemoryUsage of job (MB)
	73736  -  ResidentSetSize of job (KB)
...
006 (16235385.164.000) 2026-01-23 11:47:33 Image size of job updated: 423728
	93  -  MemoryUsage of job (MB)
	95108  -  ResidentSetSize of job (KB)
...
006 (16235385.164.000) 2026-01-23 11:52:33 Image size of job updated: 424300
	94  -  MemoryUsage of job (MB)
	95728  -  ResidentSetSize of job (KB)
...
040 (16235385.164.000) 2026-01-23 11:54:25 Started transferring output files
...
040 (16235385.164.000) 2026-01-23 11:54:25 Finished transferring output files
...
005 (16235385.164.000) 2026-01-23 11:54:25 Job terminated.
	(1) Normal termination (return value 0)
		Usr 0 00:11:51, Sys 0 00:00:08  -  Run Remote Usage
		Usr 0 00:00:00, Sys 0 00:00:00  -  Run Local Usage
		Usr 0 00:11:51, Sys 0 00:00:08  -  Total Remote Usage
		Usr 0 00:00:00, Sys 0 00:00:00  -  Total Local Usage
	191  -  Run Bytes Sent By Job
	148880  -  Run Bytes Received By Job
	191  -  Total Bytes Sent By Job
	148880  -  Total Bytes Received By Job
	Partitionable Resources :    Usage  Request Allocated 
	   Cpus                 :     0.99        1         1 
	   Disk (KB)            :   164     2097152   6681625 
	   Memory (MB)          :    94        4096      4096 
	   xferslots            :                           0 

	Job terminated of its own accord at 2026-01-23T16:54:25Z with exit-code 0.
...
