000 (16235385.933.000) 2026-01-23 10:57:30 Job submitted from host: <130.199.48.128:9618?addrs=130.199.48.128-9618&alias=rcas6008.rcf.bnl.gov&noUDP&sock=schedd_18725_535a>
...
040 (16235385.933.000) 2026-01-23 12:26:16 Started transferring input files
	Transferring to host: <130.199.151.28:9618?addrs=130.199.151.28-9618&alias=spool1606.sdcc.bnl.gov&noUDP&sock=slot1_62_25111_33f0_256246>
...
040 (16235385.933.000) 2026-01-23 12:26:16 Finished transferring input files
...
001 (16235385.933.000) 2026-01-23 12:26:17 Job executing on host: <130.199.151.28:9618?addrs=130.199.151.28-9618&alias=spool1606.sdcc.bnl.gov&noUDP&sock=startd_25102_90cb>
...
006 (16235385.933.000) 2026-01-23 12:26:26 Image size of job updated: 107676
	75  -  MemoryUsage of job (MB)
	76232  -  ResidentSetSize of job (KB)
...
006 (16235385.933.000) 2026-01-23 12:31:27 Image size of job updated: 424272
	94  -  MemoryUsage of job (MB)
	95844  -  ResidentSetSize of job (KB)
...
006 (16235385.933.000) 2026-01-23 12:36:27 Image size of job updated: 424272
	94  -  MemoryUsage of job (MB)
	95848  -  ResidentSetSize of job (KB)
...
040 (16235385.933.000) 2026-01-23 12:38:20 Started transferring output files
...
040 (16235385.933.000) 2026-01-23 12:38:20 Finished transferring output files
...
005 (16235385.933.000) 2026-01-23 12:38:20 Job terminated.
	(1) Normal termination (return value 0)
		Usr 0 00:11:51, Sys 0 00:00:10  -  Run Remote Usage
		Usr 0 00:00:00, Sys 0 00:00:00  -  Run Local Usage
		Usr 0 00:11:51, Sys 0 00:00:10  -  Total Remote Usage
		Usr 0 00:00:00, Sys 0 00:00:00  -  Total Local Usage
	191  -  Run Bytes Sent By Job
	148880  -  Run Bytes Received By Job
	191  -  Total Bytes Sent By Job
	148880  -  Total Bytes Received By Job
	Partitionable Resources :    Usage  Request Allocated 
	   Cpus                 :     1.00        1         1 
	   Disk (KB)            :   164     2097152   6681186 
	   Memory (MB)          :    94        4096      4096 
	   xferslots            :                           0 

	Job terminated of its own accord at 2026-01-23T17:38:20Z with exit-code 0.
...
