000 (15564188.530.000) 2026-01-07 21:29:40 Job submitted from host: <130.199.48.129:9618?addrs=130.199.48.129-9618&alias=rcas6009.rcf.bnl.gov&noUDP&sock=schedd_22421_101d>
...
040 (15564188.530.000) 2026-01-08 01:23:01 Started transferring input files
	Transferring to host: <130.199.150.96:9618?addrs=130.199.150.96-9618&alias=spool1577.sdcc.bnl.gov&noUDP&sock=slot1_78_24963_e9b7_185968>
...
040 (15564188.530.000) 2026-01-08 01:23:01 Finished transferring input files
...
001 (15564188.530.000) 2026-01-08 01:23:02 Job executing on host: <130.199.150.96:9618?addrs=130.199.150.96-9618&alias=spool1577.sdcc.bnl.gov&noUDP&sock=startd_24954_b9b8>
...
006 (15564188.530.000) 2026-01-08 01:23:10 Image size of job updated: 107640
	75  -  MemoryUsage of job (MB)
	76676  -  ResidentSetSize of job (KB)
...
006 (15564188.530.000) 2026-01-08 01:28:10 Image size of job updated: 449608
	108  -  MemoryUsage of job (MB)
	109804  -  ResidentSetSize of job (KB)
...
040 (15564188.530.000) 2026-01-08 01:31:03 Started transferring output files
...
040 (15564188.530.000) 2026-01-08 01:31:03 Finished transferring output files
...
005 (15564188.530.000) 2026-01-08 01:31:03 Job terminated.
	(1) Normal termination (return value 0)
		Usr 0 00:07:03, Sys 0 00:00:07  -  Run Remote Usage
		Usr 0 00:00:00, Sys 0 00:00:00  -  Run Local Usage
		Usr 0 00:07:03, Sys 0 00:00:07  -  Total Remote Usage
		Usr 0 00:00:00, Sys 0 00:00:00  -  Total Local Usage
	205  -  Run Bytes Sent By Job
	144352  -  Run Bytes Received By Job
	205  -  Total Bytes Sent By Job
	144352  -  Total Bytes Received By Job
	Partitionable Resources :    Usage  Request Allocated 
	   Cpus                 :     0.93        1         1 
	   Disk (KB)            :   159     2097152   6681182 
	   Memory (MB)          :   108        4096      4096 
	   xferslots            :                           0 

	Job terminated of its own accord at 2026-01-08T06:31:03Z with exit-code 0.
...
