000 (15690120.082.000) 2026-01-20 07:35:54 Job submitted from host: <130.199.48.129:9618?addrs=130.199.48.129-9618&alias=rcas6009.rcf.bnl.gov&noUDP&sock=schedd_22421_101d>
...
040 (15690120.082.000) 2026-01-20 22:12:39 Started transferring input files
	Transferring to host: <130.199.150.72:9618?addrs=130.199.150.72-9618&alias=spool1553.sdcc.bnl.gov&noUDP&sock=slot1_94_35675_244e_245270>
...
040 (15690120.082.000) 2026-01-20 22:12:39 Finished transferring input files
...
001 (15690120.082.000) 2026-01-20 22:12:40 Job executing on host: <130.199.150.72:9618?addrs=130.199.150.72-9618&alias=spool1553.sdcc.bnl.gov&noUDP&sock=startd_35666_f030>
...
006 (15690120.082.000) 2026-01-20 22:12:49 Image size of job updated: 342588
	44  -  MemoryUsage of job (MB)
	44496  -  ResidentSetSize of job (KB)
...
006 (15690120.082.000) 2026-01-20 22:17:49 Image size of job updated: 450844
	109  -  MemoryUsage of job (MB)
	111564  -  ResidentSetSize of job (KB)
...
040 (15690120.082.000) 2026-01-20 22:29:05 Started transferring output files
...
040 (15690120.082.000) 2026-01-20 22:29:05 Finished transferring output files
...
005 (15690120.082.000) 2026-01-20 22:29:05 Job terminated.
	(1) Normal termination (return value 0)
		Usr 0 00:15:48, Sys 0 00:00:12  -  Run Remote Usage
		Usr 0 00:00:00, Sys 0 00:00:00  -  Run Local Usage
		Usr 0 00:15:48, Sys 0 00:00:12  -  Total Remote Usage
		Usr 0 00:00:00, Sys 0 00:00:00  -  Total Local Usage
	205  -  Run Bytes Sent By Job
	148880  -  Run Bytes Received By Job
	205  -  Total Bytes Sent By Job
	148880  -  Total Bytes Received By Job
	Partitionable Resources :    Usage  Request Allocated 
	   Cpus                 :     0.99        1         1 
	   Disk (KB)            :   163     2097152   6681183 
	   Memory (MB)          :   109        4096      4096 
	   xferslots            :                           0 

	Job terminated of its own accord at 2026-01-21T03:29:05Z with exit-code 0.
...
