000 (15564188.141.000) 2026-01-07 21:29:39 Job submitted from host: <130.199.48.129:9618?addrs=130.199.48.129-9618&alias=rcas6009.rcf.bnl.gov&noUDP&sock=schedd_22421_101d>
...
040 (15564188.141.000) 2026-01-07 23:51:55 Started transferring input files
	Transferring to host: <130.199.150.93:9618?addrs=130.199.150.93-9618&alias=spool1574.sdcc.bnl.gov&noUDP&sock=slot1_80_94784_ebaa_188748>
...
040 (15564188.141.000) 2026-01-07 23:51:55 Finished transferring input files
...
001 (15564188.141.000) 2026-01-07 23:51:56 Job executing on host: <130.199.150.93:9618?addrs=130.199.150.93-9618&alias=spool1574.sdcc.bnl.gov&noUDP&sock=startd_94775_30c7>
...
006 (15564188.141.000) 2026-01-07 23:52:05 Image size of job updated: 422952
	65  -  MemoryUsage of job (MB)
	66240  -  ResidentSetSize of job (KB)
...
006 (15564188.141.000) 2026-01-07 23:52:56 Image size of job updated: 449920
	65  -  MemoryUsage of job (MB)
	66240  -  ResidentSetSize of job (KB)
...
040 (15564188.141.000) 2026-01-07 23:52:57 Started transferring output files
...
040 (15564188.141.000) 2026-01-07 23:52:57 Finished transferring output files
...
005 (15564188.141.000) 2026-01-07 23:52:57 Job terminated.
	(1) Normal termination (return value 0)
		Usr 0 00:00:49, Sys 0 00:00:01  -  Run Remote Usage
		Usr 0 00:00:00, Sys 0 00:00:00  -  Run Local Usage
		Usr 0 00:00:49, Sys 0 00:00:01  -  Total Remote Usage
		Usr 0 00:00:00, Sys 0 00:00:00  -  Total Local Usage
	83  -  Run Bytes Sent By Job
	144352  -  Run Bytes Received By Job
	83  -  Total Bytes Sent By Job
	144352  -  Total Bytes Received By Job
	Partitionable Resources :    Usage  Request Allocated 
	   Cpus                 :                 1         1 
	   Disk (KB)            :      153  2097152   6681104 
	   Memory (MB)          :       65     4096      4096 
	   xferslots            :                           0 

	Job terminated of its own accord at 2026-01-08T04:52:56Z with exit-code 0.
...
