000 (15697407.1181.000) 2026-01-21 18:36:44 Job submitted from host: <130.199.48.129:9618?addrs=130.199.48.129-9618&alias=rcas6009.rcf.bnl.gov&noUDP&sock=schedd_22421_101d>
...
040 (15697407.1181.000) 2026-01-22 19:05:30 Started transferring input files
	Transferring to host: <130.199.150.85:9618?addrs=130.199.150.85-9618&alias=spool1566.sdcc.bnl.gov&noUDP&sock=slot1_24_24995_8b0f_261167>
...
040 (15697407.1181.000) 2026-01-22 19:05:30 Finished transferring input files
...
001 (15697407.1181.000) 2026-01-22 19:05:31 Job executing on host: <130.199.150.85:9618?addrs=130.199.150.85-9618&alias=spool1566.sdcc.bnl.gov&noUDP&sock=startd_24986_da62>
...
006 (15697407.1181.000) 2026-01-22 19:05:39 Image size of job updated: 449396
	68  -  MemoryUsage of job (MB)
	69080  -  ResidentSetSize of job (KB)
...
040 (15697407.1181.000) 2026-01-22 19:06:17 Started transferring output files
...
040 (15697407.1181.000) 2026-01-22 19:06:17 Finished transferring output files
...
005 (15697407.1181.000) 2026-01-22 19:06:17 Job terminated.
	(1) Normal termination (return value 0)
		Usr 0 00:00:43, Sys 0 00:00:01  -  Run Remote Usage
		Usr 0 00:00:00, Sys 0 00:00:00  -  Run Local Usage
		Usr 0 00:00:43, Sys 0 00:00:01  -  Total Remote Usage
		Usr 0 00:00:00, Sys 0 00:00:00  -  Total Local Usage
	57  -  Run Bytes Sent By Job
	148880  -  Run Bytes Received By Job
	57  -  Total Bytes Sent By Job
	148880  -  Total Bytes Received By Job
	Partitionable Resources :    Usage  Request Allocated 
	   Cpus                 :                 1         1 
	   Disk (KB)            :      157  2097152   6681188 
	   Memory (MB)          :       68     4096      4096 
	   xferslots            :                           0 

	Job terminated of its own accord at 2026-01-23T00:06:17Z with exit-code 0.
...
