000 (16235385.487.000) 2026-01-23 10:57:27 Job submitted from host: <130.199.48.128:9618?addrs=130.199.48.128-9618&alias=rcas6008.rcf.bnl.gov&noUDP&sock=schedd_18725_535a>
...
040 (16235385.487.000) 2026-01-23 12:09:28 Started transferring input files
	Transferring to host: <130.199.184.218:9618?addrs=130.199.184.218-9618&alias=spool1793.sdcc.bnl.gov&noUDP&sock=slot1_6_94162_9b80_256882>
...
040 (16235385.487.000) 2026-01-23 12:09:28 Finished transferring input files
...
001 (16235385.487.000) 2026-01-23 12:09:29 Job executing on host: <130.199.184.218:9618?addrs=130.199.184.218-9618&alias=spool1793.sdcc.bnl.gov&noUDP&sock=startd_94153_55dc>
...
006 (16235385.487.000) 2026-01-23 12:09:37 Image size of job updated: 95248
	63  -  MemoryUsage of job (MB)
	63660  -  ResidentSetSize of job (KB)
...
006 (16235385.487.000) 2026-01-23 12:09:59 Image size of job updated: 447236
	63  -  MemoryUsage of job (MB)
	63660  -  ResidentSetSize of job (KB)
...
040 (16235385.487.000) 2026-01-23 12:09:59 Started transferring output files
...
040 (16235385.487.000) 2026-01-23 12:09:59 Finished transferring output files
...
005 (16235385.487.000) 2026-01-23 12:09:59 Job terminated.
	(1) Normal termination (return value 0)
		Usr 0 00:00:27, Sys 0 00:00:01  -  Run Remote Usage
		Usr 0 00:00:00, Sys 0 00:00:00  -  Run Local Usage
		Usr 0 00:00:27, Sys 0 00:00:01  -  Total Remote Usage
		Usr 0 00:00:00, Sys 0 00:00:00  -  Total Local Usage
	44  -  Run Bytes Sent By Job
	148880  -  Run Bytes Received By Job
	44  -  Total Bytes Sent By Job
	148880  -  Total Bytes Received By Job
	Partitionable Resources :    Usage  Request Allocated 
	   Cpus                 :                 1         1 
	   Disk (KB)            :      157  2097152   6681593 
	   Memory (MB)          :       63     4096      4096 
	   xferslots            :                           0 

	Job terminated of its own accord at 2026-01-23T17:09:59Z with exit-code 0.
...
