000 (15560432.679.000) 2026-01-07 17:58:16 Job submitted from host: <130.199.48.129:9618?addrs=130.199.48.129-9618&alias=rcas6009.rcf.bnl.gov&noUDP&sock=schedd_22421_101d>
...
040 (15560432.679.000) 2026-01-07 20:52:48 Started transferring input files
	Transferring to host: <130.199.151.16:9618?addrs=130.199.151.16-9618&alias=spool1594.sdcc.bnl.gov&noUDP&sock=slot1_5_96956_d307_189630>
...
040 (15560432.679.000) 2026-01-07 20:52:48 Finished transferring input files
...
001 (15560432.679.000) 2026-01-07 20:52:49 Job executing on host: <130.199.151.16:9618?addrs=130.199.151.16-9618&alias=spool1594.sdcc.bnl.gov&noUDP&sock=startd_96947_99e2>
...
006 (15560432.679.000) 2026-01-07 20:52:57 Image size of job updated: 422416
	74  -  MemoryUsage of job (MB)
	75480  -  ResidentSetSize of job (KB)
...
006 (15560432.679.000) 2026-01-07 20:57:57 Image size of job updated: 424468
	90  -  MemoryUsage of job (MB)
	91352  -  ResidentSetSize of job (KB)
...
040 (15560432.679.000) 2026-01-07 20:58:43 Started transferring output files
...
040 (15560432.679.000) 2026-01-07 20:58:43 Finished transferring output files
...
005 (15560432.679.000) 2026-01-07 20:58:43 Job terminated.
	(1) Normal termination (return value 0)
		Usr 0 00:05:46, Sys 0 00:00:06  -  Run Remote Usage
		Usr 0 00:00:00, Sys 0 00:00:00  -  Run Local Usage
		Usr 0 00:05:46, Sys 0 00:00:06  -  Total Remote Usage
		Usr 0 00:00:00, Sys 0 00:00:00  -  Total Local Usage
	163  -  Run Bytes Sent By Job
	144352  -  Run Bytes Received By Job
	163  -  Total Bytes Sent By Job
	144352  -  Total Bytes Received By Job
	Partitionable Resources :    Usage  Request Allocated 
	   Cpus                 :     1.00        1         1 
	   Disk (KB)            :   159     2097152   6681187 
	   Memory (MB)          :    90        4096      4096 
	   xferslots            :                           0 

	Job terminated of its own accord at 2026-01-08T01:58:42Z with exit-code 0.
...
