000 (16235385.587.000) 2026-01-23 10:57:28 Job submitted from host: <130.199.48.128:9618?addrs=130.199.48.128-9618&alias=rcas6008.rcf.bnl.gov&noUDP&sock=schedd_18725_535a>
...
040 (16235385.587.000) 2026-01-23 12:14:07 Started transferring input files
	Transferring to host: <130.199.150.95:9618?addrs=130.199.150.95-9618&alias=spool1576.sdcc.bnl.gov&noUDP&sock=slot1_66_24869_7fc2_256637>
...
040 (16235385.587.000) 2026-01-23 12:14:07 Finished transferring input files
...
001 (16235385.587.000) 2026-01-23 12:14:08 Job executing on host: <130.199.150.95:9618?addrs=130.199.150.95-9618&alias=spool1576.sdcc.bnl.gov&noUDP&sock=startd_24860_f9c4>
...
006 (16235385.587.000) 2026-01-23 12:14:17 Image size of job updated: 342736
	73  -  MemoryUsage of job (MB)
	74020  -  ResidentSetSize of job (KB)
...
006 (16235385.587.000) 2026-01-23 12:19:18 Image size of job updated: 449492
	112  -  MemoryUsage of job (MB)
	114652  -  ResidentSetSize of job (KB)
...
006 (16235385.587.000) 2026-01-23 12:24:18 Image size of job updated: 449492
	112  -  MemoryUsage of job (MB)
	114656  -  ResidentSetSize of job (KB)
...
040 (16235385.587.000) 2026-01-23 12:32:18 Started transferring output files
...
040 (16235385.587.000) 2026-01-23 12:32:18 Finished transferring output files
...
005 (16235385.587.000) 2026-01-23 12:32:18 Job terminated.
	(1) Normal termination (return value 0)
		Usr 0 00:17:49, Sys 0 00:00:13  -  Run Remote Usage
		Usr 0 00:00:00, Sys 0 00:00:00  -  Run Local Usage
		Usr 0 00:17:49, Sys 0 00:00:13  -  Total Remote Usage
		Usr 0 00:00:00, Sys 0 00:00:00  -  Total Local Usage
	219  -  Run Bytes Sent By Job
	148880  -  Run Bytes Received By Job
	219  -  Total Bytes Sent By Job
	148880  -  Total Bytes Received By Job
	Partitionable Resources :    Usage  Request Allocated 
	   Cpus                 :     1.00        1         1 
	   Disk (KB)            :   164     2097152   6681187 
	   Memory (MB)          :   112        4096      4096 
	   xferslots            :                           0 

	Job terminated of its own accord at 2026-01-23T17:32:18Z with exit-code 0.
...
