000 (16235385.561.000) 2026-01-23 10:57:28 Job submitted from host: <130.199.48.128:9618?addrs=130.199.48.128-9618&alias=rcas6008.rcf.bnl.gov&noUDP&sock=schedd_18725_535a>
...
040 (16235385.561.000) 2026-01-23 12:12:40 Started transferring input files
	Transferring to host: <130.199.151.20:9618?addrs=130.199.151.20-9618&alias=spool1598.sdcc.bnl.gov&noUDP&sock=slot1_92_29322_cc12_263628>
...
040 (16235385.561.000) 2026-01-23 12:12:40 Finished transferring input files
...
001 (16235385.561.000) 2026-01-23 12:12:41 Job executing on host: <130.199.151.20:9618?addrs=130.199.151.20-9618&alias=spool1598.sdcc.bnl.gov&noUDP&sock=startd_29313_4b3f>
...
006 (16235385.561.000) 2026-01-23 12:12:50 Image size of job updated: 342736
	72  -  MemoryUsage of job (MB)
	73184  -  ResidentSetSize of job (KB)
...
006 (16235385.561.000) 2026-01-23 12:17:51 Image size of job updated: 424556
	97  -  MemoryUsage of job (MB)
	98492  -  ResidentSetSize of job (KB)
...
006 (16235385.561.000) 2026-01-23 12:22:52 Image size of job updated: 424556
	97  -  MemoryUsage of job (MB)
	98496  -  ResidentSetSize of job (KB)
...
040 (16235385.561.000) 2026-01-23 12:26:23 Started transferring output files
...
040 (16235385.561.000) 2026-01-23 12:26:23 Finished transferring output files
...
005 (16235385.561.000) 2026-01-23 12:26:23 Job terminated.
	(1) Normal termination (return value 0)
		Usr 0 00:13:24, Sys 0 00:00:09  -  Run Remote Usage
		Usr 0 00:00:00, Sys 0 00:00:00  -  Run Local Usage
		Usr 0 00:13:24, Sys 0 00:00:09  -  Total Remote Usage
		Usr 0 00:00:00, Sys 0 00:00:00  -  Total Local Usage
	219  -  Run Bytes Sent By Job
	148880  -  Run Bytes Received By Job
	219  -  Total Bytes Sent By Job
	148880  -  Total Bytes Received By Job
	Partitionable Resources :    Usage  Request Allocated 
	   Cpus                 :     1.00        1         1 
	   Disk (KB)            :   163     2097152   6681198 
	   Memory (MB)          :    97        4096      4096 
	   xferslots            :                           0 

	Job terminated of its own accord at 2026-01-23T17:26:23Z with exit-code 0.
...
