000 (15564188.065.000) 2026-01-07 21:29:39 Job submitted from host: <130.199.48.129:9618?addrs=130.199.48.129-9618&alias=rcas6009.rcf.bnl.gov&noUDP&sock=schedd_22421_101d>
...
040 (15564188.065.000) 2026-01-07 23:40:10 Started transferring input files
	Transferring to host: <130.199.186.27:9618?addrs=130.199.186.27-9618&alias=spool1824.sdcc.bnl.gov&noUDP&sock=slot1_2_94218_f5db_182988>
...
040 (15564188.065.000) 2026-01-07 23:40:10 Finished transferring input files
...
001 (15564188.065.000) 2026-01-07 23:40:11 Job executing on host: <130.199.186.27:9618?addrs=130.199.186.27-9618&alias=spool1824.sdcc.bnl.gov&noUDP&sock=startd_94209_0f05>
...
006 (15564188.065.000) 2026-01-07 23:40:21 Image size of job updated: 420088
	120  -  MemoryUsage of job (MB)
	122324  -  ResidentSetSize of job (KB)
...
006 (15564188.065.000) 2026-01-07 23:45:22 Image size of job updated: 448532
	120  -  MemoryUsage of job (MB)
	122356  -  ResidentSetSize of job (KB)
...
040 (15564188.065.000) 2026-01-07 23:51:46 Started transferring output files
...
040 (15564188.065.000) 2026-01-07 23:51:46 Finished transferring output files
...
005 (15564188.065.000) 2026-01-07 23:51:46 Job terminated.
	(1) Normal termination (return value 0)
		Usr 0 00:10:34, Sys 0 00:00:10  -  Run Remote Usage
		Usr 0 00:00:00, Sys 0 00:00:00  -  Run Local Usage
		Usr 0 00:10:34, Sys 0 00:00:10  -  Total Remote Usage
		Usr 0 00:00:00, Sys 0 00:00:00  -  Total Local Usage
	261  -  Run Bytes Sent By Job
	144352  -  Run Bytes Received By Job
	261  -  Total Bytes Sent By Job
	144352  -  Total Bytes Received By Job
	Partitionable Resources :    Usage  Request Allocated 
	   Cpus                 :     0.99        1         1 
	   Disk (KB)            :   159     2097152   6681576 
	   Memory (MB)          :   120        4096      4096 
	   xferslots            :                           0 

	Job terminated of its own accord at 2026-01-08T04:51:45Z with exit-code 0.
...
