000 (15690120.590.000) 2026-01-20 07:35:56 Job submitted from host: <130.199.48.129:9618?addrs=130.199.48.129-9618&alias=rcas6009.rcf.bnl.gov&noUDP&sock=schedd_22421_101d>
...
040 (15690120.590.000) 2026-01-21 10:16:18 Started transferring input files
	Transferring to host: <130.199.184.204:9618?addrs=130.199.184.204-9618&alias=spool1779.sdcc.bnl.gov&noUDP&sock=slot1_8_94050_e6ca_253402>
...
040 (15690120.590.000) 2026-01-21 10:16:19 Finished transferring input files
...
001 (15690120.590.000) 2026-01-21 10:16:20 Job executing on host: <130.199.184.204:9618?addrs=130.199.184.204-9618&alias=spool1779.sdcc.bnl.gov&noUDP&sock=startd_94041_e388>
...
006 (15690120.590.000) 2026-01-21 10:16:28 Image size of job updated: 129344
	97  -  MemoryUsage of job (MB)
	98348  -  ResidentSetSize of job (KB)
...
006 (15690120.590.000) 2026-01-21 10:21:28 Image size of job updated: 448976
	117  -  MemoryUsage of job (MB)
	119364  -  ResidentSetSize of job (KB)
...
040 (15690120.590.000) 2026-01-21 10:40:49 Started transferring output files
...
040 (15690120.590.000) 2026-01-21 10:40:49 Finished transferring output files
...
005 (15690120.590.000) 2026-01-21 10:40:49 Job terminated.
	(1) Normal termination (return value 0)
		Usr 0 00:23:49, Sys 0 00:00:18  -  Run Remote Usage
		Usr 0 00:00:00, Sys 0 00:00:00  -  Run Local Usage
		Usr 0 00:23:49, Sys 0 00:00:18  -  Total Remote Usage
		Usr 0 00:00:00, Sys 0 00:00:00  -  Total Local Usage
	247  -  Run Bytes Sent By Job
	148880  -  Run Bytes Received By Job
	247  -  Total Bytes Sent By Job
	148880  -  Total Bytes Received By Job
	Partitionable Resources :    Usage  Request Allocated 
	   Cpus                 :     0.98        1         1 
	   Disk (KB)            :   164     2097152   6681567 
	   Memory (MB)          :   117        4096      4096 
	   xferslots            :                           0 

	Job terminated of its own accord at 2026-01-21T15:40:49Z with exit-code 0.
...
