000 (16235385.779.000) 2026-01-23 10:57:29 Job submitted from host: <130.199.48.128:9618?addrs=130.199.48.128-9618&alias=rcas6008.rcf.bnl.gov&noUDP&sock=schedd_18725_535a>
...
040 (16235385.779.000) 2026-01-23 12:22:23 Started transferring input files
	Transferring to host: <130.199.184.152:9618?addrs=130.199.184.152-9618&alias=spool1761.sdcc.bnl.gov&noUDP&sock=slot1_61_31056_4302_259016>
...
040 (16235385.779.000) 2026-01-23 12:22:23 Finished transferring input files
...
001 (16235385.779.000) 2026-01-23 12:22:24 Job executing on host: <130.199.184.152:9618?addrs=130.199.184.152-9618&alias=spool1761.sdcc.bnl.gov&noUDP&sock=startd_31047_1542>
...
006 (16235385.779.000) 2026-01-23 12:22:33 Image size of job updated: 419920
	70  -  MemoryUsage of job (MB)
	70832  -  ResidentSetSize of job (KB)
...
006 (16235385.779.000) 2026-01-23 12:27:35 Image size of job updated: 423220
	92  -  MemoryUsage of job (MB)
	93828  -  ResidentSetSize of job (KB)
...
006 (16235385.779.000) 2026-01-23 12:32:35 Image size of job updated: 450788
	106  -  MemoryUsage of job (MB)
	107696  -  ResidentSetSize of job (KB)
...
040 (16235385.779.000) 2026-01-23 12:36:01 Started transferring output files
...
040 (16235385.779.000) 2026-01-23 12:36:01 Finished transferring output files
...
005 (16235385.779.000) 2026-01-23 12:36:01 Job terminated.
	(1) Normal termination (return value 0)
		Usr 0 00:13:25, Sys 0 00:00:09  -  Run Remote Usage
		Usr 0 00:00:00, Sys 0 00:00:00  -  Run Local Usage
		Usr 0 00:13:25, Sys 0 00:00:09  -  Total Remote Usage
		Usr 0 00:00:00, Sys 0 00:00:00  -  Total Local Usage
	191  -  Run Bytes Sent By Job
	148880  -  Run Bytes Received By Job
	191  -  Total Bytes Sent By Job
	148880  -  Total Bytes Received By Job
	Partitionable Resources :    Usage  Request Allocated 
	   Cpus                 :     1.00        1         1 
	   Disk (KB)            :   164     2097152   6681590 
	   Memory (MB)          :   106        4096      4096 
	   xferslots            :                           0 

	Job terminated of its own accord at 2026-01-23T17:36:01Z with exit-code 0.
...
