000 (16235385.959.000) 2026-01-23 10:57:30 Job submitted from host: <130.199.48.128:9618?addrs=130.199.48.128-9618&alias=rcas6008.rcf.bnl.gov&noUDP&sock=schedd_18725_535a>
...
040 (16235385.959.000) 2026-01-23 12:26:55 Started transferring input files
	Transferring to host: <130.199.184.219:9618?addrs=130.199.184.219-9618&alias=spool1794.sdcc.bnl.gov&noUDP&sock=slot1_92_95895_5566_264332>
...
040 (16235385.959.000) 2026-01-23 12:26:55 Finished transferring input files
...
001 (16235385.959.000) 2026-01-23 12:26:56 Job executing on host: <130.199.184.219:9618?addrs=130.199.184.219-9618&alias=spool1794.sdcc.bnl.gov&noUDP&sock=startd_95886_ced9>
...
006 (16235385.959.000) 2026-01-23 12:27:04 Image size of job updated: 420076
	73  -  MemoryUsage of job (MB)
	74212  -  ResidentSetSize of job (KB)
...
006 (16235385.959.000) 2026-01-23 12:32:04 Image size of job updated: 424548
	100  -  MemoryUsage of job (MB)
	101892  -  ResidentSetSize of job (KB)
...
006 (16235385.959.000) 2026-01-23 12:37:05 Image size of job updated: 424548
	100  -  MemoryUsage of job (MB)
	101952  -  ResidentSetSize of job (KB)
...
006 (16235385.959.000) 2026-01-23 12:42:05 Image size of job updated: 424548
	100  -  MemoryUsage of job (MB)
	101968  -  ResidentSetSize of job (KB)
...
040 (16235385.959.000) 2026-01-23 12:44:22 Started transferring output files
...
040 (16235385.959.000) 2026-01-23 12:44:22 Finished transferring output files
...
005 (16235385.959.000) 2026-01-23 12:44:22 Job terminated.
	(1) Normal termination (return value 0)
		Usr 0 00:17:12, Sys 0 00:00:12  -  Run Remote Usage
		Usr 0 00:00:00, Sys 0 00:00:00  -  Run Local Usage
		Usr 0 00:17:12, Sys 0 00:00:12  -  Total Remote Usage
		Usr 0 00:00:00, Sys 0 00:00:00  -  Total Local Usage
	233  -  Run Bytes Sent By Job
	148880  -  Run Bytes Received By Job
	233  -  Total Bytes Sent By Job
	148880  -  Total Bytes Received By Job
	Partitionable Resources :    Usage  Request Allocated 
	   Cpus                 :     1.00        1         1 
	   Disk (KB)            :   163     2097152   6681574 
	   Memory (MB)          :   100        4096      4096 
	   xferslots            :                           0 

	Job terminated of its own accord at 2026-01-23T17:44:22Z with exit-code 0.
...
