000 (16235385.153.000) 2026-01-23 10:57:26 Job submitted from host: <130.199.48.128:9618?addrs=130.199.48.128-9618&alias=rcas6008.rcf.bnl.gov&noUDP&sock=schedd_18725_535a>
...
040 (16235385.153.000) 2026-01-23 11:36:12 Started transferring input files
	Transferring to host: <130.199.186.88:9618?addrs=130.199.186.88-9618&alias=spool1851.sdcc.bnl.gov&noUDP&sock=slot1_70_96118_01c7_326543>
...
040 (16235385.153.000) 2026-01-23 11:36:12 Finished transferring input files
...
001 (16235385.153.000) 2026-01-23 11:36:13 Job executing on host: <130.199.186.88:9618?addrs=130.199.186.88-9618&alias=spool1851.sdcc.bnl.gov&noUDP&sock=startd_96110_b380>
...
006 (16235385.153.000) 2026-01-23 11:36:21 Image size of job updated: 106484
	74  -  MemoryUsage of job (MB)
	75372  -  ResidentSetSize of job (KB)
...
006 (16235385.153.000) 2026-01-23 11:41:21 Image size of job updated: 694432
	135  -  MemoryUsage of job (MB)
	138108  -  ResidentSetSize of job (KB)
...
006 (16235385.153.000) 2026-01-23 11:46:22 Image size of job updated: 694432
	135  -  MemoryUsage of job (MB)
	138112  -  ResidentSetSize of job (KB)
...
006 (16235385.153.000) 2026-01-23 11:51:23 Image size of job updated: 694432
	135  -  MemoryUsage of job (MB)
	138128  -  ResidentSetSize of job (KB)
...
006 (16235385.153.000) 2026-01-23 12:01:23 Image size of job updated: 694432
	137  -  MemoryUsage of job (MB)
	139492  -  ResidentSetSize of job (KB)
...
006 (16235385.153.000) 2026-01-23 12:06:24 Image size of job updated: 694432
	137  -  MemoryUsage of job (MB)
	139976  -  ResidentSetSize of job (KB)
...
006 (16235385.153.000) 2026-01-23 12:11:25 Image size of job updated: 694432
	137  -  MemoryUsage of job (MB)
	140064  -  ResidentSetSize of job (KB)
...
006 (16235385.153.000) 2026-01-23 12:16:25 Image size of job updated: 694432
	142  -  MemoryUsage of job (MB)
	145352  -  ResidentSetSize of job (KB)
...
040 (16235385.153.000) 2026-01-23 12:17:25 Started transferring output files
...
040 (16235385.153.000) 2026-01-23 12:17:25 Finished transferring output files
...
005 (16235385.153.000) 2026-01-23 12:17:25 Job terminated.
	(1) Normal termination (return value 0)
		Usr 0 00:39:14, Sys 0 00:01:21  -  Run Remote Usage
		Usr 0 00:00:00, Sys 0 00:00:00  -  Run Local Usage
		Usr 0 00:39:14, Sys 0 00:01:21  -  Total Remote Usage
		Usr 0 00:00:00, Sys 0 00:00:00  -  Total Local Usage
	373  -  Run Bytes Sent By Job
	148880  -  Run Bytes Received By Job
	373  -  Total Bytes Sent By Job
	148880  -  Total Bytes Received By Job
	Partitionable Resources :    Usage  Request Allocated 
	   Cpus                 :     1.00        1         1 
	   Disk (KB)            :   164     2097152   6681618 
	   Memory (MB)          :   142        4096      4096 
	   xferslots            :                           0 

	Job terminated of its own accord at 2026-01-23T17:17:25Z with exit-code 0.
...
