000 (16235385.038.000) 2026-01-23 10:57:26 Job submitted from host: <130.199.48.128:9618?addrs=130.199.48.128-9618&alias=rcas6008.rcf.bnl.gov&noUDP&sock=schedd_18725_535a>
...
040 (16235385.038.000) 2026-01-23 11:02:20 Started transferring input files
	Transferring to host: <130.199.151.15:9618?addrs=130.199.151.15-9618&alias=spool1593.sdcc.bnl.gov&noUDP&sock=slot1_46_96858_74e8_280149>
...
040 (16235385.038.000) 2026-01-23 11:02:20 Finished transferring input files
...
001 (16235385.038.000) 2026-01-23 11:02:21 Job executing on host: <130.199.151.15:9618?addrs=130.199.151.15-9618&alias=spool1593.sdcc.bnl.gov&noUDP&sock=startd_96849_95d9>
...
006 (16235385.038.000) 2026-01-23 11:02:30 Image size of job updated: 420092
	77  -  MemoryUsage of job (MB)
	78144  -  ResidentSetSize of job (KB)
...
006 (16235385.038.000) 2026-01-23 11:07:32 Image size of job updated: 449880
	126  -  MemoryUsage of job (MB)
	128196  -  ResidentSetSize of job (KB)
...
040 (16235385.038.000) 2026-01-23 11:25:29 Started transferring output files
...
040 (16235385.038.000) 2026-01-23 11:25:29 Finished transferring output files
...
005 (16235385.038.000) 2026-01-23 11:25:29 Job terminated.
	(1) Normal termination (return value 0)
		Usr 0 00:22:54, Sys 0 00:00:12  -  Run Remote Usage
		Usr 0 00:00:00, Sys 0 00:00:00  -  Run Local Usage
		Usr 0 00:22:54, Sys 0 00:00:12  -  Total Remote Usage
		Usr 0 00:00:00, Sys 0 00:00:00  -  Total Local Usage
	275  -  Run Bytes Sent By Job
	148880  -  Run Bytes Received By Job
	275  -  Total Bytes Sent By Job
	148880  -  Total Bytes Received By Job
	Partitionable Resources :    Usage  Request Allocated 
	   Cpus                 :     1.00        1         1 
	   Disk (KB)            :   163     2097152   6681185 
	   Memory (MB)          :   126        4096      4096 
	   xferslots            :                           0 

	Job terminated of its own accord at 2026-01-23T16:25:29Z with exit-code 0.
...
