000 (15554417.236.000) 2026-01-07 12:44:33 Job submitted from host: <130.199.48.129:9618?addrs=130.199.48.129-9618&alias=rcas6009.rcf.bnl.gov&noUDP&sock=schedd_22421_101d>
...
040 (15554417.236.000) 2026-01-07 13:18:21 Started transferring input files
	Transferring to host: <130.199.150.70:9618?addrs=130.199.150.70-9618&alias=spool1551.sdcc.bnl.gov&noUDP&sock=slot1_15_94997_35a0_187726>
...
040 (15554417.236.000) 2026-01-07 13:18:21 Finished transferring input files
...
001 (15554417.236.000) 2026-01-07 13:18:22 Job executing on host: <130.199.150.70:9618?addrs=130.199.150.70-9618&alias=spool1551.sdcc.bnl.gov&noUDP&sock=startd_94985_a723>
...
006 (15554417.236.000) 2026-01-07 13:18:31 Image size of job updated: 421716
	85  -  MemoryUsage of job (MB)
	86484  -  ResidentSetSize of job (KB)
...
006 (15554417.236.000) 2026-01-07 13:23:31 Image size of job updated: 424148
	114  -  MemoryUsage of job (MB)
	115892  -  ResidentSetSize of job (KB)
...
006 (15554417.236.000) 2026-01-07 13:28:31 Image size of job updated: 424744
	114  -  MemoryUsage of job (MB)
	116448  -  ResidentSetSize of job (KB)
...
040 (15554417.236.000) 2026-01-07 13:32:58 Started transferring output files
...
040 (15554417.236.000) 2026-01-07 13:32:58 Finished transferring output files
...
005 (15554417.236.000) 2026-01-07 13:32:59 Job terminated.
	(1) Normal termination (return value 0)
		Usr 0 00:14:25, Sys 0 00:00:08  -  Run Remote Usage
		Usr 0 00:00:00, Sys 0 00:00:00  -  Run Local Usage
		Usr 0 00:14:25, Sys 0 00:00:08  -  Total Remote Usage
		Usr 0 00:00:00, Sys 0 00:00:00  -  Total Local Usage
	317  -  Run Bytes Sent By Job
	144352  -  Run Bytes Received By Job
	317  -  Total Bytes Sent By Job
	144352  -  Total Bytes Received By Job
	Partitionable Resources :    Usage  Request Allocated 
	   Cpus                 :     1.00        1         1 
	   Disk (KB)            :   159     2097152   6681189 
	   Memory (MB)          :   114        4096      4096 
	   xferslots            :                           0 

	Job terminated of its own accord at 2026-01-07T18:32:58Z with exit-code 0.
...
