000 (15684821.069.000) 2026-01-19 15:56:20 Job submitted from host: <130.199.48.129:9618?addrs=130.199.48.129-9618&alias=rcas6009.rcf.bnl.gov&noUDP&sock=schedd_22421_101d>
...
040 (15684821.069.000) 2026-01-19 16:00:04 Started transferring input files
	Transferring to host: <130.199.151.7:9618?addrs=130.199.151.7-9618&alias=spool1585.sdcc.bnl.gov&noUDP&sock=slot1_10_96856_fad2_240569>
...
040 (15684821.069.000) 2026-01-19 16:00:04 Finished transferring input files
...
001 (15684821.069.000) 2026-01-19 16:00:05 Job executing on host: <130.199.151.7:9618?addrs=130.199.151.7-9618&alias=spool1585.sdcc.bnl.gov&noUDP&sock=startd_96847_f3cf>
...
006 (15684821.069.000) 2026-01-19 16:00:14 Image size of job updated: 134496
	102  -  MemoryUsage of job (MB)
	103460  -  ResidentSetSize of job (KB)
...
006 (15684821.069.000) 2026-01-19 16:05:14 Image size of job updated: 448004
	124  -  MemoryUsage of job (MB)
	126448  -  ResidentSetSize of job (KB)
...
006 (15684821.069.000) 2026-01-19 16:15:15 Image size of job updated: 448004
	124  -  MemoryUsage of job (MB)
	126452  -  ResidentSetSize of job (KB)
...
006 (15684821.069.000) 2026-01-19 16:25:15 Image size of job updated: 448004
	124  -  MemoryUsage of job (MB)
	126456  -  ResidentSetSize of job (KB)
...
040 (15684821.069.000) 2026-01-19 16:27:04 Started transferring output files
...
040 (15684821.069.000) 2026-01-19 16:27:04 Finished transferring output files
...
005 (15684821.069.000) 2026-01-19 16:27:04 Job terminated.
	(1) Normal termination (return value 0)
		Usr 0 00:26:25, Sys 0 00:00:21  -  Run Remote Usage
		Usr 0 00:00:00, Sys 0 00:00:00  -  Run Local Usage
		Usr 0 00:26:25, Sys 0 00:00:21  -  Total Remote Usage
		Usr 0 00:00:00, Sys 0 00:00:00  -  Total Local Usage
	275  -  Run Bytes Sent By Job
	148880  -  Run Bytes Received By Job
	275  -  Total Bytes Sent By Job
	148880  -  Total Bytes Received By Job
	Partitionable Resources :    Usage  Request Allocated 
	   Cpus                 :     0.99        1         1 
	   Disk (KB)            :   163     2097152   6681189 
	   Memory (MB)          :   124        4096      4096 
	   xferslots            :                           0 

	Job terminated of its own accord at 2026-01-19T21:27:04Z with exit-code 0.
...
