000 (15690120.530.000) 2026-01-20 07:35:56 Job submitted from host: <130.199.48.129:9618?addrs=130.199.48.129-9618&alias=rcas6009.rcf.bnl.gov&noUDP&sock=schedd_22421_101d>
...
040 (15690120.530.000) 2026-01-21 09:40:32 Started transferring input files
	Transferring to host: <130.199.184.214:9618?addrs=130.199.184.214-9618&alias=spool1789.sdcc.bnl.gov&noUDP&sock=slot1_13_94108_bb3b_249817>
...
040 (15690120.530.000) 2026-01-21 09:40:32 Finished transferring input files
...
001 (15690120.530.000) 2026-01-21 09:40:33 Job executing on host: <130.199.184.214:9618?addrs=130.199.184.214-9618&alias=spool1789.sdcc.bnl.gov&noUDP&sock=startd_94100_8fc2>
...
006 (15690120.530.000) 2026-01-21 09:40:41 Image size of job updated: 108332
	76  -  MemoryUsage of job (MB)
	77296  -  ResidentSetSize of job (KB)
...
006 (15690120.530.000) 2026-01-21 09:45:41 Image size of job updated: 449596
	108  -  MemoryUsage of job (MB)
	110204  -  ResidentSetSize of job (KB)
...
040 (15690120.530.000) 2026-01-21 09:56:10 Started transferring output files
...
040 (15690120.530.000) 2026-01-21 09:56:10 Finished transferring output files
...
005 (15690120.530.000) 2026-01-21 09:56:10 Job terminated.
	(1) Normal termination (return value 0)
		Usr 0 00:14:54, Sys 0 00:00:12  -  Run Remote Usage
		Usr 0 00:00:00, Sys 0 00:00:00  -  Run Local Usage
		Usr 0 00:14:54, Sys 0 00:00:12  -  Total Remote Usage
		Usr 0 00:00:00, Sys 0 00:00:00  -  Total Local Usage
	205  -  Run Bytes Sent By Job
	148880  -  Run Bytes Received By Job
	205  -  Total Bytes Sent By Job
	148880  -  Total Bytes Received By Job
	Partitionable Resources :    Usage  Request Allocated 
	   Cpus                 :     0.93        1         1 
	   Disk (KB)            :   164     2097152   6681578 
	   Memory (MB)          :   108        4096      4096 
	   xferslots            :                           0 

	Job terminated of its own accord at 2026-01-21T14:56:09Z with exit-code 0.
...
