000 (16235385.444.000) 2026-01-23 10:57:27 Job submitted from host: <130.199.48.128:9618?addrs=130.199.48.128-9618&alias=rcas6008.rcf.bnl.gov&noUDP&sock=schedd_18725_535a>
...
040 (16235385.444.000) 2026-01-23 12:08:17 Started transferring input files
	Transferring to host: <130.199.186.68:9618?addrs=130.199.186.68-9618&alias=spool1831.sdcc.bnl.gov&noUDP&sock=slot1_78_95675_e025_260127>
...
040 (16235385.444.000) 2026-01-23 12:08:17 Finished transferring input files
...
001 (16235385.444.000) 2026-01-23 12:08:18 Job executing on host: <130.199.186.68:9618?addrs=130.199.186.68-9618&alias=spool1831.sdcc.bnl.gov&noUDP&sock=startd_95666_2e48>
...
006 (16235385.444.000) 2026-01-23 12:08:26 Image size of job updated: 109364
	77  -  MemoryUsage of job (MB)
	78148  -  ResidentSetSize of job (KB)
...
006 (16235385.444.000) 2026-01-23 12:13:27 Image size of job updated: 424308
	104  -  MemoryUsage of job (MB)
	105672  -  ResidentSetSize of job (KB)
...
006 (16235385.444.000) 2026-01-23 12:18:28 Image size of job updated: 424308
	104  -  MemoryUsage of job (MB)
	105724  -  ResidentSetSize of job (KB)
...
040 (16235385.444.000) 2026-01-23 12:25:28 Started transferring output files
...
040 (16235385.444.000) 2026-01-23 12:25:28 Finished transferring output files
...
005 (16235385.444.000) 2026-01-23 12:25:28 Job terminated.
	(1) Normal termination (return value 0)
		Usr 0 00:16:51, Sys 0 00:00:12  -  Run Remote Usage
		Usr 0 00:00:00, Sys 0 00:00:00  -  Run Local Usage
		Usr 0 00:16:51, Sys 0 00:00:12  -  Total Remote Usage
		Usr 0 00:00:00, Sys 0 00:00:00  -  Total Local Usage
	247  -  Run Bytes Sent By Job
	148880  -  Run Bytes Received By Job
	247  -  Total Bytes Sent By Job
	148880  -  Total Bytes Received By Job
	Partitionable Resources :    Usage  Request Allocated 
	   Cpus                 :     1.00        1         1 
	   Disk (KB)            :   163     2097152   6681565 
	   Memory (MB)          :   104        4096      4096 
	   xferslots            :                           0 

	Job terminated of its own accord at 2026-01-23T17:25:28Z with exit-code 0.
...
