000 (15690120.172.000) 2026-01-20 07:35:55 Job submitted from host: <130.199.48.129:9618?addrs=130.199.48.129-9618&alias=rcas6009.rcf.bnl.gov&noUDP&sock=schedd_22421_101d>
...
040 (15690120.172.000) 2026-01-20 23:25:25 Started transferring input files
	Transferring to host: <130.199.184.221:9618?addrs=130.199.184.221-9618&alias=spool1796.sdcc.bnl.gov&noUDP&sock=slot1_20_96037_315f_243423>
...
040 (15690120.172.000) 2026-01-20 23:25:25 Finished transferring input files
...
001 (15690120.172.000) 2026-01-20 23:25:26 Job executing on host: <130.199.184.221:9618?addrs=130.199.184.221-9618&alias=spool1796.sdcc.bnl.gov&noUDP&sock=startd_96028_bfcc>
...
006 (15690120.172.000) 2026-01-20 23:25:35 Image size of job updated: 447020
	103  -  MemoryUsage of job (MB)
	104872  -  ResidentSetSize of job (KB)
...
006 (15690120.172.000) 2026-01-20 23:30:36 Image size of job updated: 447020
	128  -  MemoryUsage of job (MB)
	130336  -  ResidentSetSize of job (KB)
...
040 (15690120.172.000) 2026-01-21 00:01:04 Started transferring output files
...
040 (15690120.172.000) 2026-01-21 00:01:04 Finished transferring output files
...
005 (15690120.172.000) 2026-01-21 00:01:04 Job terminated.
	(1) Normal termination (return value 0)
		Usr 0 00:34:56, Sys 0 00:00:23  -  Run Remote Usage
		Usr 0 00:00:00, Sys 0 00:00:00  -  Run Local Usage
		Usr 0 00:34:56, Sys 0 00:00:23  -  Total Remote Usage
		Usr 0 00:00:00, Sys 0 00:00:00  -  Total Local Usage
	303  -  Run Bytes Sent By Job
	148880  -  Run Bytes Received By Job
	303  -  Total Bytes Sent By Job
	148880  -  Total Bytes Received By Job
	Partitionable Resources :    Usage  Request Allocated 
	   Cpus                 :     0.98        1         1 
	   Disk (KB)            :   164     2097152   6681568 
	   Memory (MB)          :   128        4096      4096 
	   xferslots            :                           0 

	Job terminated of its own accord at 2026-01-21T05:01:04Z with exit-code 0.
...
