000 (15697407.912.000) 2026-01-21 18:36:43 Job submitted from host: <130.199.48.129:9618?addrs=130.199.48.129-9618&alias=rcas6009.rcf.bnl.gov&noUDP&sock=schedd_22421_101d>
...
040 (15697407.912.000) 2026-01-22 16:20:07 Started transferring input files
	Transferring to host: <130.199.184.157:9618?addrs=130.199.184.157-9618&alias=spool1766.sdcc.bnl.gov&noUDP&sock=slot1_92_32409_60ec_293061>
...
040 (15697407.912.000) 2026-01-22 16:20:07 Finished transferring input files
...
001 (15697407.912.000) 2026-01-22 16:20:08 Job executing on host: <130.199.184.157:9618?addrs=130.199.184.157-9618&alias=spool1766.sdcc.bnl.gov&noUDP&sock=startd_32400_4a5c>
...
006 (15697407.912.000) 2026-01-22 16:20:16 Image size of job updated: 108736
	75  -  MemoryUsage of job (MB)
	76264  -  ResidentSetSize of job (KB)
...
006 (15697407.912.000) 2026-01-22 16:25:16 Image size of job updated: 424332
	90  -  MemoryUsage of job (MB)
	91900  -  ResidentSetSize of job (KB)
...
040 (15697407.912.000) 2026-01-22 16:31:42 Started transferring output files
...
040 (15697407.912.000) 2026-01-22 16:31:42 Finished transferring output files
...
005 (15697407.912.000) 2026-01-22 16:31:43 Job terminated.
	(1) Normal termination (return value 0)
		Usr 0 00:11:27, Sys 0 00:00:07  -  Run Remote Usage
		Usr 0 00:00:00, Sys 0 00:00:00  -  Run Local Usage
		Usr 0 00:11:27, Sys 0 00:00:07  -  Total Remote Usage
		Usr 0 00:00:00, Sys 0 00:00:00  -  Total Local Usage
	177  -  Run Bytes Sent By Job
	148880  -  Run Bytes Received By Job
	177  -  Total Bytes Sent By Job
	148880  -  Total Bytes Received By Job
	Partitionable Resources :    Usage  Request Allocated 
	   Cpus                 :     1.00        1         1 
	   Disk (KB)            :   164     2097152   6681523 
	   Memory (MB)          :    90        4096      4096 
	   xferslots            :                           0 

	Job terminated of its own accord at 2026-01-22T21:31:42Z with exit-code 0.
...
