000 (15697407.284.000) 2026-01-21 18:36:41 Job submitted from host: <130.199.48.129:9618?addrs=130.199.48.129-9618&alias=rcas6009.rcf.bnl.gov&noUDP&sock=schedd_22421_101d>
...
040 (15697407.284.000) 2026-01-22 04:19:00 Started transferring input files
	Transferring to host: <130.199.186.24:9618?addrs=130.199.186.24-9618&alias=spool1821.sdcc.bnl.gov&noUDP&sock=slot1_45_24323_4ecb_271988>
...
040 (15697407.284.000) 2026-01-22 04:19:00 Finished transferring input files
...
001 (15697407.284.000) 2026-01-22 04:19:01 Job executing on host: <130.199.186.24:9618?addrs=130.199.186.24-9618&alias=spool1821.sdcc.bnl.gov&noUDP&sock=startd_24313_db68>
...
006 (15697407.284.000) 2026-01-22 04:19:10 Image size of job updated: 420068
	76  -  MemoryUsage of job (MB)
	77760  -  ResidentSetSize of job (KB)
...
006 (15697407.284.000) 2026-01-22 04:24:11 Image size of job updated: 450228
	111  -  MemoryUsage of job (MB)
	112996  -  ResidentSetSize of job (KB)
...
040 (15697407.284.000) 2026-01-22 04:35:42 Started transferring output files
...
040 (15697407.284.000) 2026-01-22 04:35:42 Finished transferring output files
...
005 (15697407.284.000) 2026-01-22 04:35:42 Job terminated.
	(1) Normal termination (return value 0)
		Usr 0 00:16:20, Sys 0 00:00:14  -  Run Remote Usage
		Usr 0 00:00:00, Sys 0 00:00:00  -  Run Local Usage
		Usr 0 00:16:20, Sys 0 00:00:14  -  Total Remote Usage
		Usr 0 00:00:00, Sys 0 00:00:00  -  Total Local Usage
	219  -  Run Bytes Sent By Job
	148880  -  Run Bytes Received By Job
	219  -  Total Bytes Sent By Job
	148880  -  Total Bytes Received By Job
	Partitionable Resources :    Usage  Request Allocated 
	   Cpus                 :     0.99        1         1 
	   Disk (KB)            :   164     2097152   6681588 
	   Memory (MB)          :   111        4096      4096 
	   xferslots            :                           0 

	Job terminated of its own accord at 2026-01-22T09:35:42Z with exit-code 0.
...
