000 (15684821.340.000) 2026-01-19 15:56:21 Job submitted from host: <130.199.48.129:9618?addrs=130.199.48.129-9618&alias=rcas6009.rcf.bnl.gov&noUDP&sock=schedd_22421_101d>
...
040 (15684821.340.000) 2026-01-19 16:14:32 Started transferring input files
	Transferring to host: <130.199.151.13:9618?addrs=130.199.151.13-9618&alias=spool1591.sdcc.bnl.gov&noUDP&sock=slot1_18_96806_0eb8_242952>
...
040 (15684821.340.000) 2026-01-19 16:14:32 Finished transferring input files
...
001 (15684821.340.000) 2026-01-19 16:14:34 Job executing on host: <130.199.151.13:9618?addrs=130.199.151.13-9618&alias=spool1591.sdcc.bnl.gov&noUDP&sock=startd_96788_4795>
...
006 (15684821.340.000) 2026-01-19 16:14:42 Image size of job updated: 90356
	78  -  MemoryUsage of job (MB)
	79808  -  ResidentSetSize of job (KB)
...
006 (15684821.340.000) 2026-01-19 16:19:42 Image size of job updated: 424572
	104  -  MemoryUsage of job (MB)
	105756  -  ResidentSetSize of job (KB)
...
040 (15684821.340.000) 2026-01-19 16:41:40 Started transferring output files
...
040 (15684821.340.000) 2026-01-19 16:41:40 Finished transferring output files
...
005 (15684821.340.000) 2026-01-19 16:41:40 Job terminated.
	(1) Normal termination (return value 0)
		Usr 0 00:25:45, Sys 0 00:00:16  -  Run Remote Usage
		Usr 0 00:00:00, Sys 0 00:00:00  -  Run Local Usage
		Usr 0 00:25:45, Sys 0 00:00:16  -  Total Remote Usage
		Usr 0 00:00:00, Sys 0 00:00:00  -  Total Local Usage
	261  -  Run Bytes Sent By Job
	148880  -  Run Bytes Received By Job
	261  -  Total Bytes Sent By Job
	148880  -  Total Bytes Received By Job
	Partitionable Resources :    Usage  Request Allocated 
	   Cpus                 :     0.94        1         1 
	   Disk (KB)            :   163     2097152   6681206 
	   Memory (MB)          :   104        4096      4096 
	   xferslots            :                           0 

	Job terminated of its own accord at 2026-01-19T21:41:40Z with exit-code 0.
...
