000 (15684821.364.000) 2026-01-19 15:56:21 Job submitted from host: <130.199.48.129:9618?addrs=130.199.48.129-9618&alias=rcas6009.rcf.bnl.gov&noUDP&sock=schedd_22421_101d>
...
040 (15684821.364.000) 2026-01-19 16:15:27 Started transferring input files
	Transferring to host: <130.199.184.220:9618?addrs=130.199.184.220-9618&alias=spool1795.sdcc.bnl.gov&noUDP&sock=slot1_18_94169_c6cc_239403>
...
040 (15684821.364.000) 2026-01-19 16:15:27 Finished transferring input files
...
001 (15684821.364.000) 2026-01-19 16:15:29 Job executing on host: <130.199.184.220:9618?addrs=130.199.184.220-9618&alias=spool1795.sdcc.bnl.gov&noUDP&sock=startd_94161_de06>
...
006 (15684821.364.000) 2026-01-19 16:15:34 Image size of job updated: 343496
	0  -  MemoryUsage of job (MB)
	0  -  ResidentSetSize of job (KB)
...
040 (15684821.364.000) 2026-01-19 16:15:34 Started transferring output files
...
040 (15684821.364.000) 2026-01-19 16:15:34 Finished transferring output files
...
005 (15684821.364.000) 2026-01-19 16:15:34 Job terminated.
	(1) Normal termination (return value 0)
		Usr 0 00:00:00, Sys 0 00:00:00  -  Run Remote Usage
		Usr 0 00:00:00, Sys 0 00:00:00  -  Run Local Usage
		Usr 0 00:00:00, Sys 0 00:00:00  -  Total Remote Usage
		Usr 0 00:00:00, Sys 0 00:00:00  -  Total Local Usage
	9  -  Run Bytes Sent By Job
	148880  -  Run Bytes Received By Job
	9  -  Total Bytes Sent By Job
	148880  -  Total Bytes Received By Job
	Partitionable Resources :    Usage  Request Allocated 
	   Cpus                 :                 1         1 
	   Disk (KB)            :      157  2097152   6681583 
	   Memory (MB)          :        0     4096      4096 
	   xferslots            :                           0 

	Job terminated of its own accord at 2026-01-19T21:15:34Z with exit-code 0.
...
