000 (15560432.1041.000) 2026-01-07 17:58:17 Job submitted from host: <130.199.48.129:9618?addrs=130.199.48.129-9618&alias=rcas6009.rcf.bnl.gov&noUDP&sock=schedd_22421_101d>
...
040 (15560432.1041.000) 2026-01-07 21:00:19 Started transferring input files
	Transferring to host: <130.199.186.22:9618?addrs=130.199.186.22-9618&alias=spool1819.sdcc.bnl.gov&noUDP&sock=slot1_81_95747_0b2c_201340>
...
040 (15560432.1041.000) 2026-01-07 21:00:19 Finished transferring input files
...
001 (15560432.1041.000) 2026-01-07 21:00:20 Job executing on host: <130.199.186.22:9618?addrs=130.199.186.22-9618&alias=spool1819.sdcc.bnl.gov&noUDP&sock=startd_95703_e40c>
...
006 (15560432.1041.000) 2026-01-07 21:00:28 Image size of job updated: 421868
	94  -  MemoryUsage of job (MB)
	95944  -  ResidentSetSize of job (KB)
...
006 (15560432.1041.000) 2026-01-07 21:05:28 Image size of job updated: 424904
	97  -  MemoryUsage of job (MB)
	98320  -  ResidentSetSize of job (KB)
...
040 (15560432.1041.000) 2026-01-07 21:08:53 Started transferring output files
...
040 (15560432.1041.000) 2026-01-07 21:08:53 Finished transferring output files
...
005 (15560432.1041.000) 2026-01-07 21:08:53 Job terminated.
	(1) Normal termination (return value 0)
		Usr 0 00:08:23, Sys 0 00:00:07  -  Run Remote Usage
		Usr 0 00:00:00, Sys 0 00:00:00  -  Run Local Usage
		Usr 0 00:08:23, Sys 0 00:00:07  -  Total Remote Usage
		Usr 0 00:00:00, Sys 0 00:00:00  -  Total Local Usage
	219  -  Run Bytes Sent By Job
	144352  -  Run Bytes Received By Job
	219  -  Total Bytes Sent By Job
	144352  -  Total Bytes Received By Job
	Partitionable Resources :    Usage  Request Allocated 
	   Cpus                 :     1.00        1         1 
	   Disk (KB)            :   159     2097152   6681584 
	   Memory (MB)          :    97        4096      4096 
	   xferslots            :                           0 

	Job terminated of its own accord at 2026-01-08T02:08:52Z with exit-code 0.
...
