000 (15560432.1155.000) 2026-01-07 17:58:18 Job submitted from host: <130.199.48.129:9618?addrs=130.199.48.129-9618&alias=rcas6009.rcf.bnl.gov&noUDP&sock=schedd_22421_101d>
...
040 (15560432.1155.000) 2026-01-07 21:01:43 Started transferring input files
	Transferring to host: <130.199.184.152:9618?addrs=130.199.184.152-9618&alias=spool1761.sdcc.bnl.gov&noUDP&sock=slot1_38_31056_4302_188643>
...
040 (15560432.1155.000) 2026-01-07 21:01:43 Finished transferring input files
...
001 (15560432.1155.000) 2026-01-07 21:01:44 Job executing on host: <130.199.184.152:9618?addrs=130.199.184.152-9618&alias=spool1761.sdcc.bnl.gov&noUDP&sock=startd_31047_1542>
...
006 (15560432.1155.000) 2026-01-07 21:01:53 Image size of job updated: 119116
	86  -  MemoryUsage of job (MB)
	87904  -  ResidentSetSize of job (KB)
...
006 (15560432.1155.000) 2026-01-07 21:05:41 Image size of job updated: 424484
	86  -  MemoryUsage of job (MB)
	87904  -  ResidentSetSize of job (KB)
...
040 (15560432.1155.000) 2026-01-07 21:05:41 Started transferring output files
...
040 (15560432.1155.000) 2026-01-07 21:05:41 Finished transferring output files
...
005 (15560432.1155.000) 2026-01-07 21:05:41 Job terminated.
	(1) Normal termination (return value 0)
		Usr 0 00:03:52, Sys 0 00:00:03  -  Run Remote Usage
		Usr 0 00:00:00, Sys 0 00:00:00  -  Run Local Usage
		Usr 0 00:03:52, Sys 0 00:00:03  -  Total Remote Usage
		Usr 0 00:00:00, Sys 0 00:00:00  -  Total Local Usage
	177  -  Run Bytes Sent By Job
	144352  -  Run Bytes Received By Job
	177  -  Total Bytes Sent By Job
	144352  -  Total Bytes Received By Job
	Partitionable Resources :    Usage  Request Allocated 
	   Cpus                 :     0.99        1         1 
	   Disk (KB)            :   159     2097152   6681590 
	   Memory (MB)          :    86        4096      4096 
	   xferslots            :                           0 

	Job terminated of its own accord at 2026-01-08T02:05:41Z with exit-code 0.
...
