000 (16235385.431.000) 2026-01-23 10:57:27 Job submitted from host: <130.199.48.128:9618?addrs=130.199.48.128-9618&alias=rcas6008.rcf.bnl.gov&noUDP&sock=schedd_18725_535a>
...
040 (16235385.431.000) 2026-01-23 12:08:00 Started transferring input files
	Transferring to host: <130.199.151.29:9618?addrs=130.199.151.29-9618&alias=spool1607.sdcc.bnl.gov&noUDP&sock=slot1_9_96586_9977_254287>
...
040 (16235385.431.000) 2026-01-23 12:08:00 Finished transferring input files
...
001 (16235385.431.000) 2026-01-23 12:08:01 Job executing on host: <130.199.151.29:9618?addrs=130.199.151.29-9618&alias=spool1607.sdcc.bnl.gov&noUDP&sock=startd_96578_d139>
...
006 (16235385.431.000) 2026-01-23 12:08:10 Image size of job updated: 342748
	40  -  MemoryUsage of job (MB)
	40728  -  ResidentSetSize of job (KB)
...
006 (16235385.431.000) 2026-01-23 12:13:10 Image size of job updated: 424304
	96  -  MemoryUsage of job (MB)
	97696  -  ResidentSetSize of job (KB)
...
006 (16235385.431.000) 2026-01-23 12:18:10 Image size of job updated: 424304
	96  -  MemoryUsage of job (MB)
	97772  -  ResidentSetSize of job (KB)
...
040 (16235385.431.000) 2026-01-23 12:22:24 Started transferring output files
...
040 (16235385.431.000) 2026-01-23 12:22:24 Finished transferring output files
...
005 (16235385.431.000) 2026-01-23 12:22:24 Job terminated.
	(1) Normal termination (return value 0)
		Usr 0 00:13:57, Sys 0 00:00:08  -  Run Remote Usage
		Usr 0 00:00:00, Sys 0 00:00:00  -  Run Local Usage
		Usr 0 00:13:57, Sys 0 00:00:08  -  Total Remote Usage
		Usr 0 00:00:00, Sys 0 00:00:00  -  Total Local Usage
	191  -  Run Bytes Sent By Job
	148880  -  Run Bytes Received By Job
	191  -  Total Bytes Sent By Job
	148880  -  Total Bytes Received By Job
	Partitionable Resources :    Usage  Request Allocated 
	   Cpus                 :     1.00        1         1 
	   Disk (KB)            :   163     2097152   6681126 
	   Memory (MB)          :    96        4096      4096 
	   xferslots            :                           0 

	Job terminated of its own accord at 2026-01-23T17:22:24Z with exit-code 0.
...
