000 (15697407.966.000) 2026-01-21 18:36:43 Job submitted from host: <130.199.48.129:9618?addrs=130.199.48.129-9618&alias=rcas6009.rcf.bnl.gov&noUDP&sock=schedd_22421_101d>
...
040 (15697407.966.000) 2026-01-22 16:58:13 Started transferring input files
	Transferring to host: <130.199.186.29:9618?addrs=130.199.186.29-9618&alias=spool1826.sdcc.bnl.gov&noUDP&sock=slot1_26_22308_5708_284912>
...
040 (15697407.966.000) 2026-01-22 16:58:13 Finished transferring input files
...
001 (15697407.966.000) 2026-01-22 16:58:14 Job executing on host: <130.199.186.29:9618?addrs=130.199.186.29-9618&alias=spool1826.sdcc.bnl.gov&noUDP&sock=startd_22299_7394>
...
006 (15697407.966.000) 2026-01-22 16:58:23 Image size of job updated: 112012
	78  -  MemoryUsage of job (MB)
	79552  -  ResidentSetSize of job (KB)
...
006 (15697407.966.000) 2026-01-22 17:03:23 Image size of job updated: 424368
	99  -  MemoryUsage of job (MB)
	100916  -  ResidentSetSize of job (KB)
...
040 (15697407.966.000) 2026-01-22 17:17:21 Started transferring output files
...
040 (15697407.966.000) 2026-01-22 17:17:21 Finished transferring output files
...
005 (15697407.966.000) 2026-01-22 17:17:21 Job terminated.
	(1) Normal termination (return value 0)
		Usr 0 00:18:52, Sys 0 00:00:12  -  Run Remote Usage
		Usr 0 00:00:00, Sys 0 00:00:00  -  Run Local Usage
		Usr 0 00:18:52, Sys 0 00:00:12  -  Total Remote Usage
		Usr 0 00:00:00, Sys 0 00:00:00  -  Total Local Usage
	233  -  Run Bytes Sent By Job
	148880  -  Run Bytes Received By Job
	233  -  Total Bytes Sent By Job
	148880  -  Total Bytes Received By Job
	Partitionable Resources :    Usage  Request Allocated 
	   Cpus                 :     0.99        1         1 
	   Disk (KB)            :   164     2097152   6681568 
	   Memory (MB)          :    99        4096      4096 
	   xferslots            :                           0 

	Job terminated of its own accord at 2026-01-22T22:17:21Z with exit-code 0.
...
