000 (15684821.941.000) 2026-01-19 15:56:22 Job submitted from host: <130.199.48.129:9618?addrs=130.199.48.129-9618&alias=rcas6009.rcf.bnl.gov&noUDP&sock=schedd_22421_101d>
...
040 (15684821.941.000) 2026-01-19 16:30:39 Started transferring input files
	Transferring to host: <130.199.184.200:9618?addrs=130.199.184.200-9618&alias=spool1775.sdcc.bnl.gov&noUDP&sock=slot1_9_93907_4dc6_252351>
...
040 (15684821.941.000) 2026-01-19 16:30:39 Finished transferring input files
...
001 (15684821.941.000) 2026-01-19 16:30:40 Job executing on host: <130.199.184.200:9618?addrs=130.199.184.200-9618&alias=spool1775.sdcc.bnl.gov&noUDP&sock=startd_93898_a190>
...
006 (15684821.941.000) 2026-01-19 16:30:49 Image size of job updated: 422368
	68  -  MemoryUsage of job (MB)
	69484  -  ResidentSetSize of job (KB)
...
006 (15684821.941.000) 2026-01-19 16:32:29 Image size of job updated: 450156
	68  -  MemoryUsage of job (MB)
	69484  -  ResidentSetSize of job (KB)
...
040 (15684821.941.000) 2026-01-19 16:32:29 Started transferring output files
...
040 (15684821.941.000) 2026-01-19 16:32:29 Finished transferring output files
...
005 (15684821.941.000) 2026-01-19 16:32:29 Job terminated.
	(1) Normal termination (return value 0)
		Usr 0 00:01:40, Sys 0 00:00:02  -  Run Remote Usage
		Usr 0 00:00:00, Sys 0 00:00:00  -  Run Local Usage
		Usr 0 00:01:40, Sys 0 00:00:02  -  Total Remote Usage
		Usr 0 00:00:00, Sys 0 00:00:00  -  Total Local Usage
	70  -  Run Bytes Sent By Job
	148880  -  Run Bytes Received By Job
	70  -  Total Bytes Sent By Job
	148880  -  Total Bytes Received By Job
	Partitionable Resources :    Usage  Request Allocated 
	   Cpus                 :                 1         1 
	   Disk (KB)            :      157  2097152   6681565 
	   Memory (MB)          :       68     4096      4096 
	   xferslots            :                           0 

	Job terminated of its own accord at 2026-01-19T21:32:29Z with exit-code 0.
...
