000 (15564188.196.000) 2026-01-07 21:29:39 Job submitted from host: <130.199.48.129:9618?addrs=130.199.48.129-9618&alias=rcas6009.rcf.bnl.gov&noUDP&sock=schedd_22421_101d>
...
040 (15564188.196.000) 2026-01-08 00:02:49 Started transferring input files
	Transferring to host: <130.199.186.27:9618?addrs=130.199.186.27-9618&alias=spool1824.sdcc.bnl.gov&noUDP&sock=slot1_91_94218_f5db_183067>
...
040 (15564188.196.000) 2026-01-08 00:02:49 Finished transferring input files
...
001 (15564188.196.000) 2026-01-08 00:02:50 Job executing on host: <130.199.186.27:9618?addrs=130.199.186.27-9618&alias=spool1824.sdcc.bnl.gov&noUDP&sock=startd_94209_0f05>
...
006 (15564188.196.000) 2026-01-08 00:02:59 Image size of job updated: 351460
	69  -  MemoryUsage of job (MB)
	69800  -  ResidentSetSize of job (KB)
...
006 (15564188.196.000) 2026-01-08 00:08:00 Image size of job updated: 447992
	98  -  MemoryUsage of job (MB)
	99908  -  ResidentSetSize of job (KB)
...
040 (15564188.196.000) 2026-01-08 00:08:04 Started transferring output files
...
040 (15564188.196.000) 2026-01-08 00:08:04 Finished transferring output files
...
005 (15564188.196.000) 2026-01-08 00:08:04 Job terminated.
	(1) Normal termination (return value 0)
		Usr 0 00:04:36, Sys 0 00:00:04  -  Run Remote Usage
		Usr 0 00:00:00, Sys 0 00:00:00  -  Run Local Usage
		Usr 0 00:04:36, Sys 0 00:00:04  -  Total Remote Usage
		Usr 0 00:00:00, Sys 0 00:00:00  -  Total Local Usage
	177  -  Run Bytes Sent By Job
	144352  -  Run Bytes Received By Job
	177  -  Total Bytes Sent By Job
	144352  -  Total Bytes Received By Job
	Partitionable Resources :    Usage  Request Allocated 
	   Cpus                 :     0.97        1         1 
	   Disk (KB)            :   159     2097152   6681576 
	   Memory (MB)          :    98        4096      4096 
	   xferslots            :                           0 

	Job terminated of its own accord at 2026-01-08T05:08:04Z with exit-code 0.
...
