000 (16235385.870.000) 2026-01-23 10:57:29 Job submitted from host: <130.199.48.128:9618?addrs=130.199.48.128-9618&alias=rcas6008.rcf.bnl.gov&noUDP&sock=schedd_18725_535a>
...
040 (16235385.870.000) 2026-01-23 12:25:11 Started transferring input files
	Transferring to host: <130.199.186.17:9618?addrs=130.199.186.17-9618&alias=spool1814.sdcc.bnl.gov&noUDP&sock=slot1_52_95879_84b9_374712>
...
040 (16235385.870.000) 2026-01-23 12:25:11 Finished transferring input files
...
001 (16235385.870.000) 2026-01-23 12:25:12 Job executing on host: <130.199.186.17:9618?addrs=130.199.186.17-9618&alias=spool1814.sdcc.bnl.gov&noUDP&sock=startd_95870_be84>
...
006 (16235385.870.000) 2026-01-23 12:25:20 Image size of job updated: 420048
	67  -  MemoryUsage of job (MB)
	68556  -  ResidentSetSize of job (KB)
...
006 (16235385.870.000) 2026-01-23 12:30:20 Image size of job updated: 424432
	91  -  MemoryUsage of job (MB)
	92588  -  ResidentSetSize of job (KB)
...
040 (16235385.870.000) 2026-01-23 12:33:28 Started transferring output files
...
040 (16235385.870.000) 2026-01-23 12:33:28 Finished transferring output files
...
005 (16235385.870.000) 2026-01-23 12:33:28 Job terminated.
	(1) Normal termination (return value 0)
		Usr 0 00:08:09, Sys 0 00:00:05  -  Run Remote Usage
		Usr 0 00:00:00, Sys 0 00:00:00  -  Run Local Usage
		Usr 0 00:08:09, Sys 0 00:00:05  -  Total Remote Usage
		Usr 0 00:00:00, Sys 0 00:00:00  -  Total Local Usage
	163  -  Run Bytes Sent By Job
	148880  -  Run Bytes Received By Job
	163  -  Total Bytes Sent By Job
	148880  -  Total Bytes Received By Job
	Partitionable Resources :    Usage  Request Allocated 
	   Cpus                 :     1.00        1         1 
	   Disk (KB)            :   164     2097152   6681625 
	   Memory (MB)          :    91        4096      4096 
	   xferslots            :                           0 

	Job terminated of its own accord at 2026-01-23T17:33:27Z with exit-code 0.
...
