000 (16235385.1004.000) 2026-01-23 10:57:30 Job submitted from host: <130.199.48.128:9618?addrs=130.199.48.128-9618&alias=rcas6008.rcf.bnl.gov&noUDP&sock=schedd_18725_535a>
...
040 (16235385.1004.000) 2026-01-23 12:27:52 Started transferring input files
	Transferring to host: <130.199.151.19:9618?addrs=130.199.151.19-9618&alias=spool1597.sdcc.bnl.gov&noUDP&sock=slot1_7_94933_f2ef_263574>
...
040 (16235385.1004.000) 2026-01-23 12:27:52 Finished transferring input files
...
001 (16235385.1004.000) 2026-01-23 12:27:53 Job executing on host: <130.199.151.19:9618?addrs=130.199.151.19-9618&alias=spool1597.sdcc.bnl.gov&noUDP&sock=startd_94924_58df>
...
006 (16235385.1004.000) 2026-01-23 12:28:02 Image size of job updated: 100136
	68  -  MemoryUsage of job (MB)
	69024  -  ResidentSetSize of job (KB)
...
006 (16235385.1004.000) 2026-01-23 12:33:03 Image size of job updated: 449336
	91  -  MemoryUsage of job (MB)
	92224  -  ResidentSetSize of job (KB)
...
040 (16235385.1004.000) 2026-01-23 12:35:22 Started transferring output files
...
040 (16235385.1004.000) 2026-01-23 12:35:22 Finished transferring output files
...
005 (16235385.1004.000) 2026-01-23 12:35:22 Job terminated.
	(1) Normal termination (return value 0)
		Usr 0 00:07:22, Sys 0 00:00:05  -  Run Remote Usage
		Usr 0 00:00:00, Sys 0 00:00:00  -  Run Local Usage
		Usr 0 00:07:22, Sys 0 00:00:05  -  Total Remote Usage
		Usr 0 00:00:00, Sys 0 00:00:00  -  Total Local Usage
	135  -  Run Bytes Sent By Job
	148880  -  Run Bytes Received By Job
	135  -  Total Bytes Sent By Job
	148880  -  Total Bytes Received By Job
	Partitionable Resources :    Usage  Request Allocated 
	   Cpus                 :     1.00        1         1 
	   Disk (KB)            :   164     2097152   6681200 
	   Memory (MB)          :    91        4096      4096 
	   xferslots            :                           0 

	Job terminated of its own accord at 2026-01-23T17:35:22Z with exit-code 0.
...
