000 (15564188.1013.000) 2026-01-07 21:29:41 Job submitted from host: <130.199.48.129:9618?addrs=130.199.48.129-9618&alias=rcas6009.rcf.bnl.gov&noUDP&sock=schedd_22421_101d>
...
040 (15564188.1013.000) 2026-01-08 02:04:01 Started transferring input files
	Transferring to host: <130.199.184.153:9618?addrs=130.199.184.153-9618&alias=spool1762.sdcc.bnl.gov&noUDP&sock=slot1_15_4843_6363_188521>
...
040 (15564188.1013.000) 2026-01-08 02:04:01 Finished transferring input files
...
001 (15564188.1013.000) 2026-01-08 02:04:02 Job executing on host: <130.199.184.153:9618?addrs=130.199.184.153-9618&alias=spool1762.sdcc.bnl.gov&noUDP&sock=startd_4834_ffdc>
...
006 (15564188.1013.000) 2026-01-08 02:04:10 Image size of job updated: 448320
	89  -  MemoryUsage of job (MB)
	90932  -  ResidentSetSize of job (KB)
...
006 (15564188.1013.000) 2026-01-08 02:09:10 Image size of job updated: 448320
	106  -  MemoryUsage of job (MB)
	108208  -  ResidentSetSize of job (KB)
...
040 (15564188.1013.000) 2026-01-08 02:13:20 Started transferring output files
...
040 (15564188.1013.000) 2026-01-08 02:13:20 Finished transferring output files
...
005 (15564188.1013.000) 2026-01-08 02:13:20 Job terminated.
	(1) Normal termination (return value 0)
		Usr 0 00:08:43, Sys 0 00:00:10  -  Run Remote Usage
		Usr 0 00:00:00, Sys 0 00:00:00  -  Run Local Usage
		Usr 0 00:08:43, Sys 0 00:00:10  -  Total Remote Usage
		Usr 0 00:00:00, Sys 0 00:00:00  -  Total Local Usage
	205  -  Run Bytes Sent By Job
	144352  -  Run Bytes Received By Job
	205  -  Total Bytes Sent By Job
	144352  -  Total Bytes Received By Job
	Partitionable Resources :    Usage  Request Allocated 
	   Cpus                 :     0.99        1         1 
	   Disk (KB)            :   159     2097152   6681563 
	   Memory (MB)          :   106        4096      4096 
	   xferslots            :                           0 

	Job terminated of its own accord at 2026-01-08T07:13:20Z with exit-code 0.
...
