000 (15554417.967.000) 2026-01-07 12:44:34 Job submitted from host: <130.199.48.129:9618?addrs=130.199.48.129-9618&alias=rcas6009.rcf.bnl.gov&noUDP&sock=schedd_22421_101d>
...
040 (15554417.967.000) 2026-01-07 14:08:33 Started transferring input files
	Transferring to host: <130.199.186.24:9618?addrs=130.199.186.24-9618&alias=spool1821.sdcc.bnl.gov&noUDP&sock=slot1_9_24323_4ecb_197768>
...
040 (15554417.967.000) 2026-01-07 14:08:33 Finished transferring input files
...
001 (15554417.967.000) 2026-01-07 14:08:34 Job executing on host: <130.199.186.24:9618?addrs=130.199.186.24-9618&alias=spool1821.sdcc.bnl.gov&noUDP&sock=startd_24313_db68>
...
006 (15554417.967.000) 2026-01-07 14:08:42 Image size of job updated: 421960
	75  -  MemoryUsage of job (MB)
	76240  -  ResidentSetSize of job (KB)
...
006 (15554417.967.000) 2026-01-07 14:13:42 Image size of job updated: 424536
	96  -  MemoryUsage of job (MB)
	97596  -  ResidentSetSize of job (KB)
...
040 (15554417.967.000) 2026-01-07 14:17:35 Started transferring output files
...
040 (15554417.967.000) 2026-01-07 14:17:35 Finished transferring output files
...
005 (15554417.967.000) 2026-01-07 14:17:35 Job terminated.
	(1) Normal termination (return value 0)
		Usr 0 00:08:50, Sys 0 00:00:07  -  Run Remote Usage
		Usr 0 00:00:00, Sys 0 00:00:00  -  Run Local Usage
		Usr 0 00:08:50, Sys 0 00:00:07  -  Total Remote Usage
		Usr 0 00:00:00, Sys 0 00:00:00  -  Total Local Usage
	205  -  Run Bytes Sent By Job
	144352  -  Run Bytes Received By Job
	205  -  Total Bytes Sent By Job
	144352  -  Total Bytes Received By Job
	Partitionable Resources :    Usage  Request Allocated 
	   Cpus                 :     0.99        1         1 
	   Disk (KB)            :   159     2097152   6681588 
	   Memory (MB)          :    96        4096      4096 
	   xferslots            :                           0 

	Job terminated of its own accord at 2026-01-07T19:17:35Z with exit-code 0.
...
