000 (16235385.777.000) 2026-01-23 10:57:29 Job submitted from host: <130.199.48.128:9618?addrs=130.199.48.128-9618&alias=rcas6008.rcf.bnl.gov&noUDP&sock=schedd_18725_535a>
...
040 (16235385.777.000) 2026-01-23 12:22:18 Started transferring input files
	Transferring to host: <130.199.186.69:9618?addrs=130.199.186.69-9618&alias=spool1832.sdcc.bnl.gov&noUDP&sock=slot1_31_96031_c31e_296700>
...
040 (16235385.777.000) 2026-01-23 12:22:18 Finished transferring input files
...
001 (16235385.777.000) 2026-01-23 12:22:20 Job executing on host: <130.199.186.69:9618?addrs=130.199.186.69-9618&alias=spool1832.sdcc.bnl.gov&noUDP&sock=startd_96022_d9ac>
...
006 (16235385.777.000) 2026-01-23 12:22:28 Image size of job updated: 420052
	73  -  MemoryUsage of job (MB)
	73784  -  ResidentSetSize of job (KB)
...
006 (16235385.777.000) 2026-01-23 12:27:28 Image size of job updated: 449220
	105  -  MemoryUsage of job (MB)
	106984  -  ResidentSetSize of job (KB)
...
040 (16235385.777.000) 2026-01-23 12:34:15 Started transferring output files
...
040 (16235385.777.000) 2026-01-23 12:34:15 Finished transferring output files
...
005 (16235385.777.000) 2026-01-23 12:34:15 Job terminated.
	(1) Normal termination (return value 0)
		Usr 0 00:11:44, Sys 0 00:00:08  -  Run Remote Usage
		Usr 0 00:00:00, Sys 0 00:00:00  -  Run Local Usage
		Usr 0 00:11:44, Sys 0 00:00:08  -  Total Remote Usage
		Usr 0 00:00:00, Sys 0 00:00:00  -  Total Local Usage
	191  -  Run Bytes Sent By Job
	148880  -  Run Bytes Received By Job
	191  -  Total Bytes Sent By Job
	148880  -  Total Bytes Received By Job
	Partitionable Resources :    Usage  Request Allocated 
	   Cpus                 :     1.00        1         1 
	   Disk (KB)            :   163     2097152   6681499 
	   Memory (MB)          :   105        4096      4096 
	   xferslots            :                           0 

	Job terminated of its own accord at 2026-01-23T17:34:15Z with exit-code 0.
...
