000 (15554417.154.000) 2026-01-07 12:44:32 Job submitted from host: <130.199.48.129:9618?addrs=130.199.48.129-9618&alias=rcas6009.rcf.bnl.gov&noUDP&sock=schedd_22421_101d>
...
040 (15554417.154.000) 2026-01-07 13:10:24 Started transferring input files
	Transferring to host: <130.199.184.216:9618?addrs=130.199.184.216-9618&alias=spool1791.sdcc.bnl.gov&noUDP&sock=slot1_88_95931_eae9_185113>
...
040 (15554417.154.000) 2026-01-07 13:10:24 Finished transferring input files
...
001 (15554417.154.000) 2026-01-07 13:10:25 Job executing on host: <130.199.184.216:9618?addrs=130.199.184.216-9618&alias=spool1791.sdcc.bnl.gov&noUDP&sock=startd_95922_3399>
...
006 (15554417.154.000) 2026-01-07 13:10:34 Image size of job updated: 146944
	113  -  MemoryUsage of job (MB)
	115548  -  ResidentSetSize of job (KB)
...
006 (15554417.154.000) 2026-01-07 13:15:35 Image size of job updated: 424620
	115  -  MemoryUsage of job (MB)
	116920  -  ResidentSetSize of job (KB)
...
006 (15554417.154.000) 2026-01-07 13:20:35 Image size of job updated: 424620
	115  -  MemoryUsage of job (MB)
	116924  -  ResidentSetSize of job (KB)
...
040 (15554417.154.000) 2026-01-07 13:22:51 Started transferring output files
...
040 (15554417.154.000) 2026-01-07 13:22:51 Finished transferring output files
...
005 (15554417.154.000) 2026-01-07 13:22:51 Job terminated.
	(1) Normal termination (return value 0)
		Usr 0 00:12:16, Sys 0 00:00:07  -  Run Remote Usage
		Usr 0 00:00:00, Sys 0 00:00:00  -  Run Local Usage
		Usr 0 00:12:16, Sys 0 00:00:07  -  Total Remote Usage
		Usr 0 00:00:00, Sys 0 00:00:00  -  Total Local Usage
	331  -  Run Bytes Sent By Job
	144352  -  Run Bytes Received By Job
	331  -  Total Bytes Sent By Job
	144352  -  Total Bytes Received By Job
	Partitionable Resources :    Usage  Request Allocated 
	   Cpus                 :     1.00        1         1 
	   Disk (KB)            :   159     2097152   6681570 
	   Memory (MB)          :   115        4096      4096 
	   xferslots            :                           0 

	Job terminated of its own accord at 2026-01-07T18:22:51Z with exit-code 0.
...
