000 (15684821.130.000) 2026-01-19 15:56:20 Job submitted from host: <130.199.48.129:9618?addrs=130.199.48.129-9618&alias=rcas6009.rcf.bnl.gov&noUDP&sock=schedd_22421_101d>
...
040 (15684821.130.000) 2026-01-19 16:04:10 Started transferring input files
	Transferring to host: <130.199.184.204:9618?addrs=130.199.184.204-9618&alias=spool1779.sdcc.bnl.gov&noUDP&sock=slot1_8_94050_e6ca_245340>
...
040 (15684821.130.000) 2026-01-19 16:04:10 Finished transferring input files
...
001 (15684821.130.000) 2026-01-19 16:04:11 Job executing on host: <130.199.184.204:9618?addrs=130.199.184.204-9618&alias=spool1779.sdcc.bnl.gov&noUDP&sock=startd_94041_e388>
...
006 (15684821.130.000) 2026-01-19 16:04:20 Image size of job updated: 420100
	101  -  MemoryUsage of job (MB)
	103400  -  ResidentSetSize of job (KB)
...
006 (15684821.130.000) 2026-01-19 16:09:21 Image size of job updated: 447992
	125  -  MemoryUsage of job (MB)
	127416  -  ResidentSetSize of job (KB)
...
040 (15684821.130.000) 2026-01-19 16:33:38 Started transferring output files
...
040 (15684821.130.000) 2026-01-19 16:33:38 Finished transferring output files
...
005 (15684821.130.000) 2026-01-19 16:33:38 Job terminated.
	(1) Normal termination (return value 0)
		Usr 0 00:27:16, Sys 0 00:00:28  -  Run Remote Usage
		Usr 0 00:00:00, Sys 0 00:00:00  -  Run Local Usage
		Usr 0 00:27:16, Sys 0 00:00:28  -  Total Remote Usage
		Usr 0 00:00:00, Sys 0 00:00:00  -  Total Local Usage
	275  -  Run Bytes Sent By Job
	148880  -  Run Bytes Received By Job
	275  -  Total Bytes Sent By Job
	148880  -  Total Bytes Received By Job
	Partitionable Resources :    Usage  Request Allocated 
	   Cpus                 :     0.84        1         1 
	   Disk (KB)            :   164     2097152   6681567 
	   Memory (MB)          :   125        4096      4096 
	   xferslots            :                           0 

	Job terminated of its own accord at 2026-01-19T21:33:37Z with exit-code 0.
...
