000 (15684821.855.000) 2026-01-19 15:56:22 Job submitted from host: <130.199.48.129:9618?addrs=130.199.48.129-9618&alias=rcas6009.rcf.bnl.gov&noUDP&sock=schedd_22421_101d>
...
040 (15684821.855.000) 2026-01-19 16:28:37 Started transferring input files
	Transferring to host: <130.199.184.200:9618?addrs=130.199.184.200-9618&alias=spool1775.sdcc.bnl.gov&noUDP&sock=slot1_89_93907_4dc6_252348>
...
040 (15684821.855.000) 2026-01-19 16:28:37 Finished transferring input files
...
001 (15684821.855.000) 2026-01-19 16:28:38 Job executing on host: <130.199.184.200:9618?addrs=130.199.184.200-9618&alias=spool1775.sdcc.bnl.gov&noUDP&sock=startd_93898_a190>
...
006 (15684821.855.000) 2026-01-19 16:28:47 Image size of job updated: 420048
	70  -  MemoryUsage of job (MB)
	70872  -  ResidentSetSize of job (KB)
...
006 (15684821.855.000) 2026-01-19 16:33:48 Image size of job updated: 451056
	93  -  MemoryUsage of job (MB)
	94652  -  ResidentSetSize of job (KB)
...
040 (15684821.855.000) 2026-01-19 16:37:02 Started transferring output files
...
040 (15684821.855.000) 2026-01-19 16:37:02 Finished transferring output files
...
005 (15684821.855.000) 2026-01-19 16:37:02 Job terminated.
	(1) Normal termination (return value 0)
		Usr 0 00:07:52, Sys 0 00:00:09  -  Run Remote Usage
		Usr 0 00:00:00, Sys 0 00:00:00  -  Run Local Usage
		Usr 0 00:07:52, Sys 0 00:00:09  -  Total Remote Usage
		Usr 0 00:00:00, Sys 0 00:00:00  -  Total Local Usage
	135  -  Run Bytes Sent By Job
	148880  -  Run Bytes Received By Job
	135  -  Total Bytes Sent By Job
	148880  -  Total Bytes Received By Job
	Partitionable Resources :    Usage  Request Allocated 
	   Cpus                 :     0.99        1         1 
	   Disk (KB)            :   163     2097152   6681565 
	   Memory (MB)          :    93        4096      4096 
	   xferslots            :                           0 

	Job terminated of its own accord at 2026-01-19T21:37:02Z with exit-code 0.
...
