000 (15684821.977.000) 2026-01-19 15:56:22 Job submitted from host: <130.199.48.129:9618?addrs=130.199.48.129-9618&alias=rcas6009.rcf.bnl.gov&noUDP&sock=schedd_22421_101d>
...
040 (15684821.977.000) 2026-01-19 16:30:41 Started transferring input files
	Transferring to host: <130.199.150.91:9618?addrs=130.199.150.91-9618&alias=spool1572.sdcc.bnl.gov&noUDP&sock=slot1_17_96601_ad18_238203>
...
040 (15684821.977.000) 2026-01-19 16:30:41 Finished transferring input files
...
001 (15684821.977.000) 2026-01-19 16:30:42 Job executing on host: <130.199.150.91:9618?addrs=130.199.150.91-9618&alias=spool1572.sdcc.bnl.gov&noUDP&sock=startd_96592_3f83>
...
006 (15684821.977.000) 2026-01-19 16:30:50 Image size of job updated: 420068
	74  -  MemoryUsage of job (MB)
	74976  -  ResidentSetSize of job (KB)
...
006 (15684821.977.000) 2026-01-19 16:35:50 Image size of job updated: 448404
	107  -  MemoryUsage of job (MB)
	109532  -  ResidentSetSize of job (KB)
...
040 (15684821.977.000) 2026-01-19 16:52:30 Started transferring output files
...
040 (15684821.977.000) 2026-01-19 16:52:30 Finished transferring output files
...
005 (15684821.977.000) 2026-01-19 16:52:30 Job terminated.
	(1) Normal termination (return value 0)
		Usr 0 00:20:32, Sys 0 00:00:14  -  Run Remote Usage
		Usr 0 00:00:00, Sys 0 00:00:00  -  Run Local Usage
		Usr 0 00:20:32, Sys 0 00:00:14  -  Total Remote Usage
		Usr 0 00:00:00, Sys 0 00:00:00  -  Total Local Usage
	205  -  Run Bytes Sent By Job
	148880  -  Run Bytes Received By Job
	205  -  Total Bytes Sent By Job
	148880  -  Total Bytes Received By Job
	Partitionable Resources :    Usage  Request Allocated 
	   Cpus                 :     0.89        1         1 
	   Disk (KB)            :   163     2097152   6681226 
	   Memory (MB)          :   107        4096      4096 
	   xferslots            :                           0 

	Job terminated of its own accord at 2026-01-19T21:52:30Z with exit-code 0.
...
