000 (15684821.651.000) 2026-01-19 15:56:22 Job submitted from host: <130.199.48.129:9618?addrs=130.199.48.129-9618&alias=rcas6009.rcf.bnl.gov&noUDP&sock=schedd_22421_101d>
...
040 (15684821.651.000) 2026-01-19 16:25:02 Started transferring input files
	Transferring to host: <130.199.186.94:9618?addrs=130.199.186.94-9618&alias=spool1857.sdcc.bnl.gov&noUDP&sock=slot1_74_95819_3633_364902>
...
040 (15684821.651.000) 2026-01-19 16:25:02 Finished transferring input files
...
001 (15684821.651.000) 2026-01-19 16:25:03 Job executing on host: <130.199.186.94:9618?addrs=130.199.186.94-9618&alias=spool1857.sdcc.bnl.gov&noUDP&sock=startd_95810_c145>
...
006 (15684821.651.000) 2026-01-19 16:25:11 Image size of job updated: 448284
	71  -  MemoryUsage of job (MB)
	72444  -  ResidentSetSize of job (KB)
...
040 (15684821.651.000) 2026-01-19 16:29:50 Started transferring output files
...
040 (15684821.651.000) 2026-01-19 16:29:50 Finished transferring output files
...
005 (15684821.651.000) 2026-01-19 16:29:50 Job terminated.
	(1) Normal termination (return value 0)
		Usr 0 00:04:36, Sys 0 00:00:03  -  Run Remote Usage
		Usr 0 00:00:00, Sys 0 00:00:00  -  Run Local Usage
		Usr 0 00:04:36, Sys 0 00:00:03  -  Total Remote Usage
		Usr 0 00:00:00, Sys 0 00:00:00  -  Total Local Usage
	96  -  Run Bytes Sent By Job
	148880  -  Run Bytes Received By Job
	96  -  Total Bytes Sent By Job
	148880  -  Total Bytes Received By Job
	Partitionable Resources :    Usage  Request Allocated 
	   Cpus                 :     0.99        1         1 
	   Disk (KB)            :   163     2097152   6681616 
	   Memory (MB)          :    71        4096      4096 
	   xferslots            :                           0 

	Job terminated of its own accord at 2026-01-19T21:29:50Z with exit-code 0.
...
