000 (16235385.392.000) 2026-01-23 10:57:27 Job submitted from host: <130.199.48.128:9618?addrs=130.199.48.128-9618&alias=rcas6008.rcf.bnl.gov&noUDP&sock=schedd_18725_535a>
...
040 (16235385.392.000) 2026-01-23 12:06:42 Started transferring input files
	Transferring to host: <130.199.151.19:9618?addrs=130.199.151.19-9618&alias=spool1597.sdcc.bnl.gov&noUDP&sock=slot1_50_94933_f2ef_263508>
...
040 (16235385.392.000) 2026-01-23 12:06:42 Finished transferring input files
...
001 (16235385.392.000) 2026-01-23 12:06:43 Job executing on host: <130.199.151.19:9618?addrs=130.199.151.19-9618&alias=spool1597.sdcc.bnl.gov&noUDP&sock=startd_94924_58df>
...
006 (16235385.392.000) 2026-01-23 12:06:52 Image size of job updated: 342736
	40  -  MemoryUsage of job (MB)
	40728  -  ResidentSetSize of job (KB)
...
006 (16235385.392.000) 2026-01-23 12:11:53 Image size of job updated: 424300
	107  -  MemoryUsage of job (MB)
	109508  -  ResidentSetSize of job (KB)
...
006 (16235385.392.000) 2026-01-23 12:16:53 Image size of job updated: 424300
	108  -  MemoryUsage of job (MB)
	109748  -  ResidentSetSize of job (KB)
...
006 (16235385.392.000) 2026-01-23 12:21:54 Image size of job updated: 424300
	108  -  MemoryUsage of job (MB)
	109792  -  ResidentSetSize of job (KB)
...
040 (16235385.392.000) 2026-01-23 12:31:03 Started transferring output files
...
040 (16235385.392.000) 2026-01-23 12:31:03 Finished transferring output files
...
005 (16235385.392.000) 2026-01-23 12:31:03 Job terminated.
	(1) Normal termination (return value 0)
		Usr 0 00:23:52, Sys 0 00:00:16  -  Run Remote Usage
		Usr 0 00:00:00, Sys 0 00:00:00  -  Run Local Usage
		Usr 0 00:23:52, Sys 0 00:00:16  -  Total Remote Usage
		Usr 0 00:00:00, Sys 0 00:00:00  -  Total Local Usage
	261  -  Run Bytes Sent By Job
	148880  -  Run Bytes Received By Job
	261  -  Total Bytes Sent By Job
	148880  -  Total Bytes Received By Job
	Partitionable Resources :    Usage  Request Allocated 
	   Cpus                 :     1.00        1         1 
	   Disk (KB)            :   163     2097152   6681200 
	   Memory (MB)          :   108        4096      4096 
	   xferslots            :                           0 

	Job terminated of its own accord at 2026-01-23T17:31:02Z with exit-code 0.
...
