000 (15684821.387.000) 2026-01-19 15:56:21 Job submitted from host: <130.199.48.129:9618?addrs=130.199.48.129-9618&alias=rcas6009.rcf.bnl.gov&noUDP&sock=schedd_22421_101d>
...
040 (15684821.387.000) 2026-01-19 16:16:42 Started transferring input files
	Transferring to host: <130.199.184.159:9618?addrs=130.199.184.159-9618&alias=spool1768.sdcc.bnl.gov&noUDP&sock=slot1_86_6355_eafc_242684>
...
040 (15684821.387.000) 2026-01-19 16:16:42 Finished transferring input files
...
001 (15684821.387.000) 2026-01-19 16:16:43 Job executing on host: <130.199.184.159:9618?addrs=130.199.184.159-9618&alias=spool1768.sdcc.bnl.gov&noUDP&sock=startd_6346_8743>
...
006 (15684821.387.000) 2026-01-19 16:16:52 Image size of job updated: 334048
	64  -  MemoryUsage of job (MB)
	65024  -  ResidentSetSize of job (KB)
...
006 (15684821.387.000) 2026-01-19 16:19:14 Image size of job updated: 424528
	64  -  MemoryUsage of job (MB)
	65024  -  ResidentSetSize of job (KB)
...
040 (15684821.387.000) 2026-01-19 16:19:14 Started transferring output files
...
040 (15684821.387.000) 2026-01-19 16:19:14 Finished transferring output files
...
005 (15684821.387.000) 2026-01-19 16:19:14 Job terminated.
	(1) Normal termination (return value 0)
		Usr 0 00:02:09, Sys 0 00:00:02  -  Run Remote Usage
		Usr 0 00:00:00, Sys 0 00:00:00  -  Run Local Usage
		Usr 0 00:02:09, Sys 0 00:00:02  -  Total Remote Usage
		Usr 0 00:00:00, Sys 0 00:00:00  -  Total Local Usage
	83  -  Run Bytes Sent By Job
	148880  -  Run Bytes Received By Job
	83  -  Total Bytes Sent By Job
	148880  -  Total Bytes Received By Job
	Partitionable Resources :    Usage  Request Allocated 
	   Cpus                 :     0.98        1         1 
	   Disk (KB)            :   163     2097152   6681586 
	   Memory (MB)          :    64        4096      4096 
	   xferslots            :                           0 

	Job terminated of its own accord at 2026-01-19T21:19:14Z with exit-code 0.
...
