000 (16235385.108.000) 2026-01-23 10:57:26 Job submitted from host: <130.199.48.128:9618?addrs=130.199.48.128-9618&alias=rcas6008.rcf.bnl.gov&noUDP&sock=schedd_18725_535a>
...
040 (16235385.108.000) 2026-01-23 11:31:03 Started transferring input files
	Transferring to host: <130.199.186.75:9618?addrs=130.199.186.75-9618&alias=spool1838.sdcc.bnl.gov&noUDP&sock=slot1_57_24044_480e_267824>
...
040 (16235385.108.000) 2026-01-23 11:31:03 Finished transferring input files
...
001 (16235385.108.000) 2026-01-23 11:31:04 Job executing on host: <130.199.186.75:9618?addrs=130.199.186.75-9618&alias=spool1838.sdcc.bnl.gov&noUDP&sock=startd_24036_30a7>
...
006 (16235385.108.000) 2026-01-23 11:31:13 Image size of job updated: 420072
	76  -  MemoryUsage of job (MB)
	77352  -  ResidentSetSize of job (KB)
...
006 (16235385.108.000) 2026-01-23 11:36:13 Image size of job updated: 449796
	116  -  MemoryUsage of job (MB)
	118192  -  ResidentSetSize of job (KB)
...
040 (16235385.108.000) 2026-01-23 11:48:25 Started transferring output files
...
040 (16235385.108.000) 2026-01-23 11:48:25 Finished transferring output files
...
005 (16235385.108.000) 2026-01-23 11:48:25 Job terminated.
	(1) Normal termination (return value 0)
		Usr 0 00:17:06, Sys 0 00:00:11  -  Run Remote Usage
		Usr 0 00:00:00, Sys 0 00:00:00  -  Run Local Usage
		Usr 0 00:17:06, Sys 0 00:00:11  -  Total Remote Usage
		Usr 0 00:00:00, Sys 0 00:00:00  -  Total Local Usage
	233  -  Run Bytes Sent By Job
	148880  -  Run Bytes Received By Job
	233  -  Total Bytes Sent By Job
	148880  -  Total Bytes Received By Job
	Partitionable Resources :    Usage  Request Allocated 
	   Cpus                 :     1.00        1         1 
	   Disk (KB)            :   163     2097152   6681575 
	   Memory (MB)          :   116        4096      4096 
	   xferslots            :                           0 

	Job terminated of its own accord at 2026-01-23T16:48:25Z with exit-code 0.
...
