000 (16235385.238.000) 2026-01-23 10:57:26 Job submitted from host: <130.199.48.128:9618?addrs=130.199.48.128-9618&alias=rcas6008.rcf.bnl.gov&noUDP&sock=schedd_18725_535a>
...
040 (16235385.238.000) 2026-01-23 11:58:41 Started transferring input files
	Transferring to host: <130.199.150.90:9618?addrs=130.199.150.90-9618&alias=spool1571.sdcc.bnl.gov&noUDP&sock=slot1_1_94964_d73c_281764>
...
040 (16235385.238.000) 2026-01-23 11:58:41 Finished transferring input files
...
001 (16235385.238.000) 2026-01-23 11:58:42 Job executing on host: <130.199.150.90:9618?addrs=130.199.150.90-9618&alias=spool1571.sdcc.bnl.gov&noUDP&sock=startd_94955_2884>
...
006 (16235385.238.000) 2026-01-23 11:58:51 Image size of job updated: 76212
	40  -  MemoryUsage of job (MB)
	40732  -  ResidentSetSize of job (KB)
...
006 (16235385.238.000) 2026-01-23 12:03:52 Image size of job updated: 424268
	98  -  MemoryUsage of job (MB)
	99812  -  ResidentSetSize of job (KB)
...
006 (16235385.238.000) 2026-01-23 12:08:53 Image size of job updated: 424268
	98  -  MemoryUsage of job (MB)
	100056  -  ResidentSetSize of job (KB)
...
040 (16235385.238.000) 2026-01-23 12:14:48 Started transferring output files
...
040 (16235385.238.000) 2026-01-23 12:14:48 Finished transferring output files
...
005 (16235385.238.000) 2026-01-23 12:14:48 Job terminated.
	(1) Normal termination (return value 0)
		Usr 0 00:15:37, Sys 0 00:00:12  -  Run Remote Usage
		Usr 0 00:00:00, Sys 0 00:00:00  -  Run Local Usage
		Usr 0 00:15:37, Sys 0 00:00:12  -  Total Remote Usage
		Usr 0 00:00:00, Sys 0 00:00:00  -  Total Local Usage
	205  -  Run Bytes Sent By Job
	148880  -  Run Bytes Received By Job
	205  -  Total Bytes Sent By Job
	148880  -  Total Bytes Received By Job
	Partitionable Resources :    Usage  Request Allocated 
	   Cpus                 :     0.99        1         1 
	   Disk (KB)            :   163     2097152   6681189 
	   Memory (MB)          :    98        4096      4096 
	   xferslots            :                           0 

	Job terminated of its own accord at 2026-01-23T17:14:48Z with exit-code 0.
...
