000 (15684821.1219.000) 2026-01-19 15:56:23 Job submitted from host: <130.199.48.129:9618?addrs=130.199.48.129-9618&alias=rcas6009.rcf.bnl.gov&noUDP&sock=schedd_22421_101d>
...
040 (15684821.1219.000) 2026-01-19 16:32:40 Started transferring input files
	Transferring to host: <130.199.151.15:9618?addrs=130.199.151.15-9618&alias=spool1593.sdcc.bnl.gov&noUDP&sock=slot1_48_96858_74e8_261155>
...
040 (15684821.1219.000) 2026-01-19 16:32:40 Finished transferring input files
...
001 (15684821.1219.000) 2026-01-19 16:32:41 Job executing on host: <130.199.151.15:9618?addrs=130.199.151.15-9618&alias=spool1593.sdcc.bnl.gov&noUDP&sock=startd_96849_95d9>
...
006 (15684821.1219.000) 2026-01-19 16:32:50 Image size of job updated: 514804
	87  -  MemoryUsage of job (MB)
	88656  -  ResidentSetSize of job (KB)
...
040 (15684821.1219.000) 2026-01-19 16:37:09 Started transferring output files
...
040 (15684821.1219.000) 2026-01-19 16:37:09 Finished transferring output files
...
005 (15684821.1219.000) 2026-01-19 16:37:09 Job terminated.
	(1) Normal termination (return value 0)
		Usr 0 00:04:13, Sys 0 00:00:03  -  Run Remote Usage
		Usr 0 00:00:00, Sys 0 00:00:00  -  Run Local Usage
		Usr 0 00:04:13, Sys 0 00:00:03  -  Total Remote Usage
		Usr 0 00:00:00, Sys 0 00:00:00  -  Total Local Usage
	122  -  Run Bytes Sent By Job
	148880  -  Run Bytes Received By Job
	122  -  Total Bytes Sent By Job
	148880  -  Total Bytes Received By Job
	Partitionable Resources :    Usage  Request Allocated 
	   Cpus                 :     0.98        1         1 
	   Disk (KB)            :   163     2097152   6681185 
	   Memory (MB)          :    87        4096      4096 
	   xferslots            :                           0 

	Job terminated of its own accord at 2026-01-19T21:37:08Z with exit-code 0.
...
