000 (15690120.709.000) 2026-01-20 07:35:56 Job submitted from host: <130.199.48.129:9618?addrs=130.199.48.129-9618&alias=rcas6009.rcf.bnl.gov&noUDP&sock=schedd_22421_101d>
...
040 (15690120.709.000) 2026-01-21 11:57:31 Started transferring input files
	Transferring to host: <130.199.186.88:9618?addrs=130.199.186.88-9618&alias=spool1851.sdcc.bnl.gov&noUDP&sock=slot1_2_96118_01c7_311529>
...
040 (15690120.709.000) 2026-01-21 11:57:31 Finished transferring input files
...
001 (15690120.709.000) 2026-01-21 11:57:32 Job executing on host: <130.199.186.88:9618?addrs=130.199.186.88-9618&alias=spool1851.sdcc.bnl.gov&noUDP&sock=startd_96110_b380>
...
006 (15690120.709.000) 2026-01-21 11:57:41 Image size of job updated: 116668
	83  -  MemoryUsage of job (MB)
	84200  -  ResidentSetSize of job (KB)
...
006 (15690120.709.000) 2026-01-21 12:02:42 Image size of job updated: 447916
	97  -  MemoryUsage of job (MB)
	98620  -  ResidentSetSize of job (KB)
...
040 (15690120.709.000) 2026-01-21 12:05:23 Started transferring output files
...
040 (15690120.709.000) 2026-01-21 12:05:23 Finished transferring output files
...
005 (15690120.709.000) 2026-01-21 12:05:23 Job terminated.
	(1) Normal termination (return value 0)
		Usr 0 00:07:43, Sys 0 00:00:05  -  Run Remote Usage
		Usr 0 00:00:00, Sys 0 00:00:00  -  Run Local Usage
		Usr 0 00:07:43, Sys 0 00:00:05  -  Total Remote Usage
		Usr 0 00:00:00, Sys 0 00:00:00  -  Total Local Usage
	177  -  Run Bytes Sent By Job
	148880  -  Run Bytes Received By Job
	177  -  Total Bytes Sent By Job
	148880  -  Total Bytes Received By Job
	Partitionable Resources :    Usage  Request Allocated 
	   Cpus                 :     1.00        1         1 
	   Disk (KB)            :   164     2097152   6681618 
	   Memory (MB)          :    97        4096      4096 
	   xferslots            :                           0 

	Job terminated of its own accord at 2026-01-21T17:05:22Z with exit-code 0.
...
