000 (16235385.557.000) 2026-01-23 10:57:28 Job submitted from host: <130.199.48.128:9618?addrs=130.199.48.128-9618&alias=rcas6008.rcf.bnl.gov&noUDP&sock=schedd_18725_535a>
...
040 (16235385.557.000) 2026-01-23 12:12:23 Started transferring input files
	Transferring to host: <130.199.186.70:9618?addrs=130.199.186.70-9618&alias=spool1833.sdcc.bnl.gov&noUDP&sock=slot1_40_94191_05b8_251499>
...
040 (16235385.557.000) 2026-01-23 12:12:23 Finished transferring input files
...
001 (16235385.557.000) 2026-01-23 12:12:24 Job executing on host: <130.199.186.70:9618?addrs=130.199.186.70-9618&alias=spool1833.sdcc.bnl.gov&noUDP&sock=startd_94182_8376>
...
006 (16235385.557.000) 2026-01-23 12:12:33 Image size of job updated: 420068
	76  -  MemoryUsage of job (MB)
	77184  -  ResidentSetSize of job (KB)
...
006 (16235385.557.000) 2026-01-23 12:17:34 Image size of job updated: 424264
	98  -  MemoryUsage of job (MB)
	100328  -  ResidentSetSize of job (KB)
...
006 (16235385.557.000) 2026-01-23 12:22:34 Image size of job updated: 424264
	99  -  MemoryUsage of job (MB)
	100436  -  ResidentSetSize of job (KB)
...
006 (16235385.557.000) 2026-01-23 12:27:34 Image size of job updated: 424264
	99  -  MemoryUsage of job (MB)
	100484  -  ResidentSetSize of job (KB)
...
040 (16235385.557.000) 2026-01-23 12:27:56 Started transferring output files
...
040 (16235385.557.000) 2026-01-23 12:27:56 Finished transferring output files
...
005 (16235385.557.000) 2026-01-23 12:27:56 Job terminated.
	(1) Normal termination (return value 0)
		Usr 0 00:15:16, Sys 0 00:00:09  -  Run Remote Usage
		Usr 0 00:00:00, Sys 0 00:00:00  -  Run Local Usage
		Usr 0 00:15:16, Sys 0 00:00:09  -  Total Remote Usage
		Usr 0 00:00:00, Sys 0 00:00:00  -  Total Local Usage
	205  -  Run Bytes Sent By Job
	148880  -  Run Bytes Received By Job
	205  -  Total Bytes Sent By Job
	148880  -  Total Bytes Received By Job
	Partitionable Resources :    Usage  Request Allocated 
	   Cpus                 :     1.00        1         1 
	   Disk (KB)            :   164     2097152   6681512 
	   Memory (MB)          :    99        4096      4096 
	   xferslots            :                           0 

	Job terminated of its own accord at 2026-01-23T17:27:55Z with exit-code 0.
...
