000 (15564188.777.000) 2026-01-07 21:29:41 Job submitted from host: <130.199.48.129:9618?addrs=130.199.48.129-9618&alias=rcas6009.rcf.bnl.gov&noUDP&sock=schedd_22421_101d>
...
040 (15564188.777.000) 2026-01-08 01:50:21 Started transferring input files
	Transferring to host: <130.199.184.221:9618?addrs=130.199.184.221-9618&alias=spool1796.sdcc.bnl.gov&noUDP&sock=slot1_53_96037_315f_187336>
...
040 (15564188.777.000) 2026-01-08 01:50:21 Finished transferring input files
...
001 (15564188.777.000) 2026-01-08 01:50:22 Job executing on host: <130.199.184.221:9618?addrs=130.199.184.221-9618&alias=spool1796.sdcc.bnl.gov&noUDP&sock=startd_96028_bfcc>
...
006 (15564188.777.000) 2026-01-08 01:50:31 Image size of job updated: 335124
	87  -  MemoryUsage of job (MB)
	88648  -  ResidentSetSize of job (KB)
...
006 (15564188.777.000) 2026-01-08 01:55:31 Image size of job updated: 447928
	103  -  MemoryUsage of job (MB)
	104832  -  ResidentSetSize of job (KB)
...
040 (15564188.777.000) 2026-01-08 01:57:51 Started transferring output files
...
040 (15564188.777.000) 2026-01-08 01:57:51 Finished transferring output files
...
005 (15564188.777.000) 2026-01-08 01:57:51 Job terminated.
	(1) Normal termination (return value 0)
		Usr 0 00:06:49, Sys 0 00:00:08  -  Run Remote Usage
		Usr 0 00:00:00, Sys 0 00:00:00  -  Run Local Usage
		Usr 0 00:06:49, Sys 0 00:00:08  -  Total Remote Usage
		Usr 0 00:00:00, Sys 0 00:00:00  -  Total Local Usage
	191  -  Run Bytes Sent By Job
	144352  -  Run Bytes Received By Job
	191  -  Total Bytes Sent By Job
	144352  -  Total Bytes Received By Job
	Partitionable Resources :    Usage  Request Allocated 
	   Cpus                 :     0.95        1         1 
	   Disk (KB)            :   159     2097152   6681568 
	   Memory (MB)          :   103        4096      4096 
	   xferslots            :                           0 

	Job terminated of its own accord at 2026-01-08T06:57:50Z with exit-code 0.
...
