000 (15697407.481.000) 2026-01-21 18:36:42 Job submitted from host: <130.199.48.129:9618?addrs=130.199.48.129-9618&alias=rcas6009.rcf.bnl.gov&noUDP&sock=schedd_22421_101d>
...
040 (15697407.481.000) 2026-01-22 10:11:20 Started transferring input files
	Transferring to host: <130.199.186.73:9618?addrs=130.199.186.73-9618&alias=spool1836.sdcc.bnl.gov&noUDP&sock=slot1_81_23899_34f5_251438>
...
040 (15697407.481.000) 2026-01-22 10:11:20 Finished transferring input files
...
001 (15697407.481.000) 2026-01-22 10:11:21 Job executing on host: <130.199.186.73:9618?addrs=130.199.186.73-9618&alias=spool1836.sdcc.bnl.gov&noUDP&sock=startd_23890_fb9f>
...
006 (15697407.481.000) 2026-01-22 10:11:30 Image size of job updated: 81512
	68  -  MemoryUsage of job (MB)
	69252  -  ResidentSetSize of job (KB)
...
006 (15697407.481.000) 2026-01-22 10:15:44 Image size of job updated: 450068
	68  -  MemoryUsage of job (MB)
	69252  -  ResidentSetSize of job (KB)
...
040 (15697407.481.000) 2026-01-22 10:15:45 Started transferring output files
...
040 (15697407.481.000) 2026-01-22 10:15:45 Finished transferring output files
...
005 (15697407.481.000) 2026-01-22 10:15:45 Job terminated.
	(1) Normal termination (return value 0)
		Usr 0 00:04:14, Sys 0 00:00:04  -  Run Remote Usage
		Usr 0 00:00:00, Sys 0 00:00:00  -  Run Local Usage
		Usr 0 00:04:14, Sys 0 00:00:04  -  Total Remote Usage
		Usr 0 00:00:00, Sys 0 00:00:00  -  Total Local Usage
	109  -  Run Bytes Sent By Job
	148880  -  Run Bytes Received By Job
	109  -  Total Bytes Sent By Job
	148880  -  Total Bytes Received By Job
	Partitionable Resources :    Usage  Request Allocated 
	   Cpus                 :     0.99        1         1 
	   Disk (KB)            :   163     2097152   6681547 
	   Memory (MB)          :    68        4096      4096 
	   xferslots            :                           0 

	Job terminated of its own accord at 2026-01-22T15:15:44Z with exit-code 0.
...
