000 (15690120.030.000) 2026-01-20 07:35:54 Job submitted from host: <130.199.48.129:9618?addrs=130.199.48.129-9618&alias=rcas6009.rcf.bnl.gov&noUDP&sock=schedd_22421_101d>
...
040 (15690120.030.000) 2026-01-20 20:53:44 Started transferring input files
	Transferring to host: <130.199.186.68:9618?addrs=130.199.186.68-9618&alias=spool1831.sdcc.bnl.gov&noUDP&sock=slot1_84_95675_e025_246913>
...
040 (15690120.030.000) 2026-01-20 20:53:44 Finished transferring input files
...
001 (15690120.030.000) 2026-01-20 20:53:45 Job executing on host: <130.199.186.68:9618?addrs=130.199.186.68-9618&alias=spool1831.sdcc.bnl.gov&noUDP&sock=startd_95666_2e48>
...
006 (15690120.030.000) 2026-01-20 20:53:53 Image size of job updated: 420716
	78  -  MemoryUsage of job (MB)
	79860  -  ResidentSetSize of job (KB)
...
006 (15690120.030.000) 2026-01-20 20:58:53 Image size of job updated: 449620
	118  -  MemoryUsage of job (MB)
	120068  -  ResidentSetSize of job (KB)
...
006 (15690120.030.000) 2026-01-20 21:03:54 Image size of job updated: 449620
	118  -  MemoryUsage of job (MB)
	120076  -  ResidentSetSize of job (KB)
...
040 (15690120.030.000) 2026-01-20 21:15:05 Started transferring output files
...
040 (15690120.030.000) 2026-01-20 21:15:05 Finished transferring output files
...
005 (15690120.030.000) 2026-01-20 21:15:05 Job terminated.
	(1) Normal termination (return value 0)
		Usr 0 00:20:41, Sys 0 00:00:16  -  Run Remote Usage
		Usr 0 00:00:00, Sys 0 00:00:00  -  Run Local Usage
		Usr 0 00:20:41, Sys 0 00:00:16  -  Total Remote Usage
		Usr 0 00:00:00, Sys 0 00:00:00  -  Total Local Usage
	247  -  Run Bytes Sent By Job
	148880  -  Run Bytes Received By Job
	247  -  Total Bytes Sent By Job
	148880  -  Total Bytes Received By Job
	Partitionable Resources :    Usage  Request Allocated 
	   Cpus                 :     0.98        1         1 
	   Disk (KB)            :   163     2097152   6681565 
	   Memory (MB)          :   118        4096      4096 
	   xferslots            :                           0 

	Job terminated of its own accord at 2026-01-21T02:15:05Z with exit-code 0.
...
