000 (15564188.986.000) 2026-01-07 21:29:41 Job submitted from host: <130.199.48.129:9618?addrs=130.199.48.129-9618&alias=rcas6009.rcf.bnl.gov&noUDP&sock=schedd_22421_101d>
...
040 (15564188.986.000) 2026-01-08 02:02:04 Started transferring input files
	Transferring to host: <130.199.186.23:9618?addrs=130.199.186.23-9618&alias=spool1820.sdcc.bnl.gov&noUDP&sock=slot1_74_94137_2573_193286>
...
040 (15564188.986.000) 2026-01-08 02:02:04 Finished transferring input files
...
001 (15564188.986.000) 2026-01-08 02:02:05 Job executing on host: <130.199.186.23:9618?addrs=130.199.186.23-9618&alias=spool1820.sdcc.bnl.gov&noUDP&sock=startd_94129_bd5c>
...
006 (15564188.986.000) 2026-01-08 02:02:14 Image size of job updated: 420084
	79  -  MemoryUsage of job (MB)
	80180  -  ResidentSetSize of job (KB)
...
006 (15564188.986.000) 2026-01-08 02:07:14 Image size of job updated: 447948
	118  -  MemoryUsage of job (MB)
	120400  -  ResidentSetSize of job (KB)
...
040 (15564188.986.000) 2026-01-08 02:14:36 Started transferring output files
...
040 (15564188.986.000) 2026-01-08 02:14:36 Finished transferring output files
...
005 (15564188.986.000) 2026-01-08 02:14:36 Job terminated.
	(1) Normal termination (return value 0)
		Usr 0 00:11:22, Sys 0 00:00:11  -  Run Remote Usage
		Usr 0 00:00:00, Sys 0 00:00:00  -  Run Local Usage
		Usr 0 00:11:22, Sys 0 00:00:11  -  Total Remote Usage
		Usr 0 00:00:00, Sys 0 00:00:00  -  Total Local Usage
	247  -  Run Bytes Sent By Job
	144352  -  Run Bytes Received By Job
	247  -  Total Bytes Sent By Job
	144352  -  Total Bytes Received By Job
	Partitionable Resources :    Usage  Request Allocated 
	   Cpus                 :     0.85        1         1 
	   Disk (KB)            :   159     2097152   6681582 
	   Memory (MB)          :   118        4096      4096 
	   xferslots            :                           0 

	Job terminated of its own accord at 2026-01-08T07:14:36Z with exit-code 0.
...
