000 (15564188.592.000) 2026-01-07 21:29:40 Job submitted from host: <130.199.48.129:9618?addrs=130.199.48.129-9618&alias=rcas6009.rcf.bnl.gov&noUDP&sock=schedd_22421_101d>
...
040 (15564188.592.000) 2026-01-08 01:32:22 Started transferring input files
	Transferring to host: <130.199.151.3:9618?addrs=130.199.151.3-9618&alias=spool1581.sdcc.bnl.gov&noUDP&sock=slot1_88_95061_7851_188861>
...
040 (15564188.592.000) 2026-01-08 01:32:22 Finished transferring input files
...
001 (15564188.592.000) 2026-01-08 01:32:23 Job executing on host: <130.199.151.3:9618?addrs=130.199.151.3-9618&alias=spool1581.sdcc.bnl.gov&noUDP&sock=startd_95052_db87>
...
006 (15564188.592.000) 2026-01-08 01:32:32 Image size of job updated: 330456
	77  -  MemoryUsage of job (MB)
	77928  -  ResidentSetSize of job (KB)
...
006 (15564188.592.000) 2026-01-08 01:37:33 Image size of job updated: 449128
	116  -  MemoryUsage of job (MB)
	118168  -  ResidentSetSize of job (KB)
...
006 (15564188.592.000) 2026-01-08 01:42:34 Image size of job updated: 449128
	116  -  MemoryUsage of job (MB)
	118184  -  ResidentSetSize of job (KB)
...
040 (15564188.592.000) 2026-01-08 01:43:36 Started transferring output files
...
040 (15564188.592.000) 2026-01-08 01:43:36 Finished transferring output files
...
005 (15564188.592.000) 2026-01-08 01:43:36 Job terminated.
	(1) Normal termination (return value 0)
		Usr 0 00:10:17, Sys 0 00:00:11  -  Run Remote Usage
		Usr 0 00:00:00, Sys 0 00:00:00  -  Run Local Usage
		Usr 0 00:10:17, Sys 0 00:00:11  -  Total Remote Usage
		Usr 0 00:00:00, Sys 0 00:00:00  -  Total Local Usage
	247  -  Run Bytes Sent By Job
	144352  -  Run Bytes Received By Job
	247  -  Total Bytes Sent By Job
	144352  -  Total Bytes Received By Job
	Partitionable Resources :    Usage  Request Allocated 
	   Cpus                 :     0.96        1         1 
	   Disk (KB)            :   159     2097152   6681183 
	   Memory (MB)          :   116        4096      4096 
	   xferslots            :                           0 

	Job terminated of its own accord at 2026-01-08T06:43:36Z with exit-code 0.
...
