000 (15684821.1152.000) 2026-01-19 15:56:23 Job submitted from host: <130.199.48.129:9618?addrs=130.199.48.129-9618&alias=rcas6009.rcf.bnl.gov&noUDP&sock=schedd_22421_101d>
...
040 (15684821.1152.000) 2026-01-19 16:32:32 Started transferring input files
	Transferring to host: <130.199.151.3:9618?addrs=130.199.151.3-9618&alias=spool1581.sdcc.bnl.gov&noUDP&sock=slot1_87_95061_7851_243410>
...
040 (15684821.1152.000) 2026-01-19 16:32:32 Finished transferring input files
...
001 (15684821.1152.000) 2026-01-19 16:32:33 Job executing on host: <130.199.151.3:9618?addrs=130.199.151.3-9618&alias=spool1581.sdcc.bnl.gov&noUDP&sock=startd_95052_db87>
...
006 (15684821.1152.000) 2026-01-19 16:32:41 Image size of job updated: 448780
	75  -  MemoryUsage of job (MB)
	76528  -  ResidentSetSize of job (KB)
...
040 (15684821.1152.000) 2026-01-19 16:37:04 Started transferring output files
...
040 (15684821.1152.000) 2026-01-19 16:37:04 Finished transferring output files
...
005 (15684821.1152.000) 2026-01-19 16:37:04 Job terminated.
	(1) Normal termination (return value 0)
		Usr 0 00:04:21, Sys 0 00:00:03  -  Run Remote Usage
		Usr 0 00:00:00, Sys 0 00:00:00  -  Run Local Usage
		Usr 0 00:04:21, Sys 0 00:00:03  -  Total Remote Usage
		Usr 0 00:00:00, Sys 0 00:00:00  -  Total Local Usage
	122  -  Run Bytes Sent By Job
	148880  -  Run Bytes Received By Job
	122  -  Total Bytes Sent By Job
	148880  -  Total Bytes Received By Job
	Partitionable Resources :    Usage  Request Allocated 
	   Cpus                 :     0.99        1         1 
	   Disk (KB)            :   164     2097152   6681183 
	   Memory (MB)          :    75        4096      4096 
	   xferslots            :                           0 

	Job terminated of its own accord at 2026-01-19T21:37:04Z with exit-code 0.
...
