000 (15697407.1163.000) 2026-01-21 18:36:44 Job submitted from host: <130.199.48.129:9618?addrs=130.199.48.129-9618&alias=rcas6009.rcf.bnl.gov&noUDP&sock=schedd_22421_101d>
...
040 (15697407.1163.000) 2026-01-22 18:56:53 Started transferring input files
	Transferring to host: <130.199.150.85:9618?addrs=130.199.150.85-9618&alias=spool1566.sdcc.bnl.gov&noUDP&sock=slot1_24_24995_8b0f_261150>
...
040 (15697407.1163.000) 2026-01-22 18:56:53 Finished transferring input files
...
001 (15697407.1163.000) 2026-01-22 18:56:54 Job executing on host: <130.199.150.85:9618?addrs=130.199.150.85-9618&alias=spool1566.sdcc.bnl.gov&noUDP&sock=startd_24986_da62>
...
006 (15697407.1163.000) 2026-01-22 18:57:02 Image size of job updated: 117780
	84  -  MemoryUsage of job (MB)
	85308  -  ResidentSetSize of job (KB)
...
006 (15697407.1163.000) 2026-01-22 19:02:02 Image size of job updated: 448156
	98  -  MemoryUsage of job (MB)
	99700  -  ResidentSetSize of job (KB)
...
040 (15697407.1163.000) 2026-01-22 19:04:53 Started transferring output files
...
040 (15697407.1163.000) 2026-01-22 19:04:53 Finished transferring output files
...
005 (15697407.1163.000) 2026-01-22 19:04:53 Job terminated.
	(1) Normal termination (return value 0)
		Usr 0 00:07:43, Sys 0 00:00:06  -  Run Remote Usage
		Usr 0 00:00:00, Sys 0 00:00:00  -  Run Local Usage
		Usr 0 00:07:43, Sys 0 00:00:06  -  Total Remote Usage
		Usr 0 00:00:00, Sys 0 00:00:00  -  Total Local Usage
	177  -  Run Bytes Sent By Job
	148880  -  Run Bytes Received By Job
	177  -  Total Bytes Sent By Job
	148880  -  Total Bytes Received By Job
	Partitionable Resources :    Usage  Request Allocated 
	   Cpus                 :     0.96        1         1 
	   Disk (KB)            :   164     2097152   6681188 
	   Memory (MB)          :    98        4096      4096 
	   xferslots            :                           0 

	Job terminated of its own accord at 2026-01-23T00:04:53Z with exit-code 0.
...
