000 (15564188.200.000) 2026-01-07 21:29:39 Job submitted from host: <130.199.48.129:9618?addrs=130.199.48.129-9618&alias=rcas6009.rcf.bnl.gov&noUDP&sock=schedd_22421_101d>
...
040 (15564188.200.000) 2026-01-08 00:03:42 Started transferring input files
	Transferring to host: <130.199.150.93:9618?addrs=130.199.150.93-9618&alias=spool1574.sdcc.bnl.gov&noUDP&sock=slot1_93_94784_ebaa_188778>
...
040 (15564188.200.000) 2026-01-08 00:03:42 Finished transferring input files
...
001 (15564188.200.000) 2026-01-08 00:03:43 Job executing on host: <130.199.150.93:9618?addrs=130.199.150.93-9618&alias=spool1574.sdcc.bnl.gov&noUDP&sock=startd_94775_30c7>
...
006 (15564188.200.000) 2026-01-08 00:03:52 Image size of job updated: 128032
	95  -  MemoryUsage of job (MB)
	97124  -  ResidentSetSize of job (KB)
...
006 (15564188.200.000) 2026-01-08 00:08:52 Image size of job updated: 448028
	116  -  MemoryUsage of job (MB)
	118020  -  ResidentSetSize of job (KB)
...
040 (15564188.200.000) 2026-01-08 00:14:26 Started transferring output files
...
040 (15564188.200.000) 2026-01-08 00:14:26 Finished transferring output files
...
005 (15564188.200.000) 2026-01-08 00:14:26 Job terminated.
	(1) Normal termination (return value 0)
		Usr 0 00:09:49, Sys 0 00:00:10  -  Run Remote Usage
		Usr 0 00:00:00, Sys 0 00:00:00  -  Run Local Usage
		Usr 0 00:09:49, Sys 0 00:00:10  -  Total Remote Usage
		Usr 0 00:00:00, Sys 0 00:00:00  -  Total Local Usage
	247  -  Run Bytes Sent By Job
	144352  -  Run Bytes Received By Job
	247  -  Total Bytes Sent By Job
	144352  -  Total Bytes Received By Job
	Partitionable Resources :    Usage  Request Allocated 
	   Cpus                 :     0.90        1         1 
	   Disk (KB)            :   159     2097152   6681104 
	   Memory (MB)          :   116        4096      4096 
	   xferslots            :                           0 

	Job terminated of its own accord at 2026-01-08T05:14:26Z with exit-code 0.
...
