000 (15684821.146.000) 2026-01-19 15:56:20 Job submitted from host: <130.199.48.129:9618?addrs=130.199.48.129-9618&alias=rcas6009.rcf.bnl.gov&noUDP&sock=schedd_22421_101d>
...
040 (15684821.146.000) 2026-01-19 16:05:16 Started transferring input files
	Transferring to host: <130.199.186.25:9618?addrs=130.199.186.25-9618&alias=spool1822.sdcc.bnl.gov&noUDP&sock=slot1_45_93977_feb8_239666>
...
040 (15684821.146.000) 2026-01-19 16:05:16 Finished transferring input files
...
001 (15684821.146.000) 2026-01-19 16:05:17 Job executing on host: <130.199.186.25:9618?addrs=130.199.186.25-9618&alias=spool1822.sdcc.bnl.gov&noUDP&sock=startd_93968_c904>
...
006 (15684821.146.000) 2026-01-19 16:05:25 Image size of job updated: 384508
	83  -  MemoryUsage of job (MB)
	84192  -  ResidentSetSize of job (KB)
...
006 (15684821.146.000) 2026-01-19 16:10:26 Image size of job updated: 448624
	131  -  MemoryUsage of job (MB)
	133140  -  ResidentSetSize of job (KB)
...
040 (15684821.146.000) 2026-01-19 16:41:45 Started transferring output files
...
040 (15684821.146.000) 2026-01-19 16:41:45 Finished transferring output files
...
005 (15684821.146.000) 2026-01-19 16:41:45 Job terminated.
	(1) Normal termination (return value 0)
		Usr 0 00:33:59, Sys 0 00:00:31  -  Run Remote Usage
		Usr 0 00:00:00, Sys 0 00:00:00  -  Run Local Usage
		Usr 0 00:33:59, Sys 0 00:00:31  -  Total Remote Usage
		Usr 0 00:00:00, Sys 0 00:00:00  -  Total Local Usage
	303  -  Run Bytes Sent By Job
	148880  -  Run Bytes Received By Job
	303  -  Total Bytes Sent By Job
	148880  -  Total Bytes Received By Job
	Partitionable Resources :    Usage  Request Allocated 
	   Cpus                 :     0.96        1         1 
	   Disk (KB)            :   163     2097152   6681601 
	   Memory (MB)          :   131        4096      4096 
	   xferslots            :                           0 

	Job terminated of its own accord at 2026-01-19T21:41:45Z with exit-code 0.
...
