000 (15684821.515.000) 2026-01-19 15:56:21 Job submitted from host: <130.199.48.129:9618?addrs=130.199.48.129-9618&alias=rcas6009.rcf.bnl.gov&noUDP&sock=schedd_22421_101d>
...
040 (15684821.515.000) 2026-01-19 16:23:01 Started transferring input files
	Transferring to host: <130.199.151.33:9618?addrs=130.199.151.33-9618&alias=spool1611.sdcc.bnl.gov&noUDP&sock=slot1_35_94855_59a7_267180>
...
040 (15684821.515.000) 2026-01-19 16:23:02 Finished transferring input files
...
001 (15684821.515.000) 2026-01-19 16:23:03 Job executing on host: <130.199.151.33:9618?addrs=130.199.151.33-9618&alias=spool1611.sdcc.bnl.gov&noUDP&sock=startd_94847_fa45>
...
006 (15684821.515.000) 2026-01-19 16:23:11 Image size of job updated: 420068
	73  -  MemoryUsage of job (MB)
	74604  -  ResidentSetSize of job (KB)
...
006 (15684821.515.000) 2026-01-19 16:28:11 Image size of job updated: 447960
	106  -  MemoryUsage of job (MB)
	107596  -  ResidentSetSize of job (KB)
...
040 (15684821.515.000) 2026-01-19 16:42:33 Started transferring output files
...
040 (15684821.515.000) 2026-01-19 16:42:33 Finished transferring output files
...
005 (15684821.515.000) 2026-01-19 16:42:33 Job terminated.
	(1) Normal termination (return value 0)
		Usr 0 00:17:53, Sys 0 00:00:12  -  Run Remote Usage
		Usr 0 00:00:00, Sys 0 00:00:00  -  Run Local Usage
		Usr 0 00:17:53, Sys 0 00:00:12  -  Total Remote Usage
		Usr 0 00:00:00, Sys 0 00:00:00  -  Total Local Usage
	205  -  Run Bytes Sent By Job
	148880  -  Run Bytes Received By Job
	205  -  Total Bytes Sent By Job
	148880  -  Total Bytes Received By Job
	Partitionable Resources :    Usage  Request Allocated 
	   Cpus                 :     0.93        1         1 
	   Disk (KB)            :   164     2097152   6681176 
	   Memory (MB)          :   106        4096      4096 
	   xferslots            :                           0 

	Job terminated of its own accord at 2026-01-19T21:42:33Z with exit-code 0.
...
