000 (15560432.275.000) 2026-01-07 17:58:16 Job submitted from host: <130.199.48.129:9618?addrs=130.199.48.129-9618&alias=rcas6009.rcf.bnl.gov&noUDP&sock=schedd_22421_101d>
...
040 (15560432.275.000) 2026-01-07 19:48:33 Started transferring input files
	Transferring to host: <130.199.150.78:9618?addrs=130.199.150.78-9618&alias=spool1559.sdcc.bnl.gov&noUDP&sock=slot1_58_24669_cf59_186600>
...
040 (15560432.275.000) 2026-01-07 19:48:33 Finished transferring input files
...
001 (15560432.275.000) 2026-01-07 19:48:34 Job executing on host: <130.199.150.78:9618?addrs=130.199.150.78-9618&alias=spool1559.sdcc.bnl.gov&noUDP&sock=startd_24661_fea2>
...
006 (15560432.275.000) 2026-01-07 19:48:42 Image size of job updated: 422076
	86  -  MemoryUsage of job (MB)
	87352  -  ResidentSetSize of job (KB)
...
006 (15560432.275.000) 2026-01-07 19:53:42 Image size of job updated: 424624
	116  -  MemoryUsage of job (MB)
	117980  -  ResidentSetSize of job (KB)
...
006 (15560432.275.000) 2026-01-07 19:58:43 Image size of job updated: 424624
	116  -  MemoryUsage of job (MB)
	118016  -  ResidentSetSize of job (KB)
...
006 (15560432.275.000) 2026-01-07 20:03:43 Image size of job updated: 424624
	116  -  MemoryUsage of job (MB)
	118020  -  ResidentSetSize of job (KB)
...
040 (15560432.275.000) 2026-01-07 20:06:28 Started transferring output files
...
040 (15560432.275.000) 2026-01-07 20:06:28 Finished transferring output files
...
005 (15560432.275.000) 2026-01-07 20:06:28 Job terminated.
	(1) Normal termination (return value 0)
		Usr 0 00:17:34, Sys 0 00:00:17  -  Run Remote Usage
		Usr 0 00:00:00, Sys 0 00:00:00  -  Run Local Usage
		Usr 0 00:17:34, Sys 0 00:00:17  -  Total Remote Usage
		Usr 0 00:00:00, Sys 0 00:00:00  -  Total Local Usage
	331  -  Run Bytes Sent By Job
	144352  -  Run Bytes Received By Job
	331  -  Total Bytes Sent By Job
	144352  -  Total Bytes Received By Job
	Partitionable Resources :    Usage  Request Allocated 
	   Cpus                 :     0.99        1         1 
	   Disk (KB)            :   159     2097152   6681170 
	   Memory (MB)          :   116        4096      4096 
	   xferslots            :                           0 

	Job terminated of its own accord at 2026-01-08T01:06:28Z with exit-code 0.
...
