000 (15684821.262.000) 2026-01-19 15:56:21 Job submitted from host: <130.199.48.129:9618?addrs=130.199.48.129-9618&alias=rcas6009.rcf.bnl.gov&noUDP&sock=schedd_22421_101d>
...
040 (15684821.262.000) 2026-01-19 16:12:00 Started transferring input files
	Transferring to host: <130.199.186.66:9618?addrs=130.199.186.66-9618&alias=spool1829.sdcc.bnl.gov&noUDP&sock=slot1_3_93926_5593_252007>
...
040 (15684821.262.000) 2026-01-19 16:12:00 Finished transferring input files
...
001 (15684821.262.000) 2026-01-19 16:12:01 Job executing on host: <130.199.186.66:9618?addrs=130.199.186.66-9618&alias=spool1829.sdcc.bnl.gov&noUDP&sock=startd_93917_a4f5>
...
006 (15684821.262.000) 2026-01-19 16:12:10 Image size of job updated: 116232
	67  -  MemoryUsage of job (MB)
	67780  -  ResidentSetSize of job (KB)
...
006 (15684821.262.000) 2026-01-19 16:17:11 Image size of job updated: 693336
	131  -  MemoryUsage of job (MB)
	133800  -  ResidentSetSize of job (KB)
...
006 (15684821.262.000) 2026-01-19 16:27:12 Image size of job updated: 693336
	141  -  MemoryUsage of job (MB)
	144060  -  ResidentSetSize of job (KB)
...
040 (15684821.262.000) 2026-01-19 17:18:06 Started transferring output files
...
040 (15684821.262.000) 2026-01-19 17:18:06 Finished transferring output files
...
005 (15684821.262.000) 2026-01-19 17:18:06 Job terminated.
	(1) Normal termination (return value 0)
		Usr 0 01:00:04, Sys 0 00:02:30  -  Run Remote Usage
		Usr 0 00:00:00, Sys 0 00:00:00  -  Run Local Usage
		Usr 0 01:00:04, Sys 0 00:02:30  -  Total Remote Usage
		Usr 0 00:00:00, Sys 0 00:00:00  -  Total Local Usage
	387  -  Run Bytes Sent By Job
	148880  -  Run Bytes Received By Job
	387  -  Total Bytes Sent By Job
	148880  -  Total Bytes Received By Job
	Partitionable Resources :    Usage  Request Allocated 
	   Cpus                 :     1.00        1         1 
	   Disk (KB)            :   164     2097152   6681577 
	   Memory (MB)          :   141        4096      4096 
	   xferslots            :                           0 

	Job terminated of its own accord at 2026-01-19T22:18:06Z with exit-code 0.
...
