000 (15684821.399.000) 2026-01-19 15:56:21 Job submitted from host: <130.199.48.129:9618?addrs=130.199.48.129-9618&alias=rcas6009.rcf.bnl.gov&noUDP&sock=schedd_22421_101d>
...
040 (15684821.399.000) 2026-01-19 16:17:42 Started transferring input files
	Transferring to host: <130.199.186.70:9618?addrs=130.199.186.70-9618&alias=spool1833.sdcc.bnl.gov&noUDP&sock=slot1_53_94191_05b8_235693>
...
040 (15684821.399.000) 2026-01-19 16:17:42 Finished transferring input files
...
001 (15684821.399.000) 2026-01-19 16:17:43 Job executing on host: <130.199.186.70:9618?addrs=130.199.186.70-9618&alias=spool1833.sdcc.bnl.gov&noUDP&sock=startd_94182_8376>
...
006 (15684821.399.000) 2026-01-19 16:17:52 Image size of job updated: 107744
	75  -  MemoryUsage of job (MB)
	76432  -  ResidentSetSize of job (KB)
...
006 (15684821.399.000) 2026-01-19 16:22:52 Image size of job updated: 448000
	118  -  MemoryUsage of job (MB)
	120036  -  ResidentSetSize of job (KB)
...
040 (15684821.399.000) 2026-01-19 16:44:16 Started transferring output files
...
040 (15684821.399.000) 2026-01-19 16:44:16 Finished transferring output files
...
005 (15684821.399.000) 2026-01-19 16:44:16 Job terminated.
	(1) Normal termination (return value 0)
		Usr 0 00:24:57, Sys 0 00:00:17  -  Run Remote Usage
		Usr 0 00:00:00, Sys 0 00:00:00  -  Run Local Usage
		Usr 0 00:24:57, Sys 0 00:00:17  -  Total Remote Usage
		Usr 0 00:00:00, Sys 0 00:00:00  -  Total Local Usage
	247  -  Run Bytes Sent By Job
	148880  -  Run Bytes Received By Job
	247  -  Total Bytes Sent By Job
	148880  -  Total Bytes Received By Job
	Partitionable Resources :    Usage  Request Allocated 
	   Cpus                 :     0.94        1         1 
	   Disk (KB)            :   164     2097152   6681512 
	   Memory (MB)          :   118        4096      4096 
	   xferslots            :                           0 

	Job terminated of its own accord at 2026-01-19T21:44:16Z with exit-code 0.
...
