000 (15564188.060.000) 2026-01-07 21:29:39 Job submitted from host: <130.199.48.129:9618?addrs=130.199.48.129-9618&alias=rcas6009.rcf.bnl.gov&noUDP&sock=schedd_22421_101d>
...
040 (15564188.060.000) 2026-01-07 23:36:48 Started transferring input files
	Transferring to host: <130.199.186.89:9618?addrs=130.199.186.89-9618&alias=spool1852.sdcc.bnl.gov&noUDP&sock=slot1_16_94012_d731_245576>
...
040 (15564188.060.000) 2026-01-07 23:36:48 Finished transferring input files
...
001 (15564188.060.000) 2026-01-07 23:36:49 Job executing on host: <130.199.186.89:9618?addrs=130.199.186.89-9618&alias=spool1852.sdcc.bnl.gov&noUDP&sock=startd_94003_dcbe>
...
006 (15564188.060.000) 2026-01-07 23:36:58 Image size of job updated: 382268
	75  -  MemoryUsage of job (MB)
	76040  -  ResidentSetSize of job (KB)
...
006 (15564188.060.000) 2026-01-07 23:41:59 Image size of job updated: 449584
	107  -  MemoryUsage of job (MB)
	108832  -  ResidentSetSize of job (KB)
...
040 (15564188.060.000) 2026-01-07 23:43:22 Started transferring output files
...
040 (15564188.060.000) 2026-01-07 23:43:22 Finished transferring output files
...
005 (15564188.060.000) 2026-01-07 23:43:22 Job terminated.
	(1) Normal termination (return value 0)
		Usr 0 00:06:10, Sys 0 00:00:06  -  Run Remote Usage
		Usr 0 00:00:00, Sys 0 00:00:00  -  Run Local Usage
		Usr 0 00:06:10, Sys 0 00:00:06  -  Total Remote Usage
		Usr 0 00:00:00, Sys 0 00:00:00  -  Total Local Usage
	205  -  Run Bytes Sent By Job
	144352  -  Run Bytes Received By Job
	205  -  Total Bytes Sent By Job
	144352  -  Total Bytes Received By Job
	Partitionable Resources :    Usage  Request Allocated 
	   Cpus                 :     0.99        1         1 
	   Disk (KB)            :   159     2097152   6681569 
	   Memory (MB)          :   107        4096      4096 
	   xferslots            :                           0 

	Job terminated of its own accord at 2026-01-08T04:43:22Z with exit-code 0.
...
