000 (15684821.055.000) 2026-01-19 15:56:20 Job submitted from host: <130.199.48.129:9618?addrs=130.199.48.129-9618&alias=rcas6009.rcf.bnl.gov&noUDP&sock=schedd_22421_101d>
...
040 (15684821.055.000) 2026-01-19 15:59:42 Started transferring input files
	Transferring to host: <130.199.151.13:9618?addrs=130.199.151.13-9618&alias=spool1591.sdcc.bnl.gov&noUDP&sock=slot1_45_96806_0eb8_242917>
...
040 (15684821.055.000) 2026-01-19 15:59:42 Finished transferring input files
...
001 (15684821.055.000) 2026-01-19 15:59:43 Job executing on host: <130.199.151.13:9618?addrs=130.199.151.13-9618&alias=spool1591.sdcc.bnl.gov&noUDP&sock=startd_96788_4795>
...
006 (15684821.055.000) 2026-01-19 15:59:52 Image size of job updated: 421528
	79  -  MemoryUsage of job (MB)
	80060  -  ResidentSetSize of job (KB)
...
006 (15684821.055.000) 2026-01-19 16:04:53 Image size of job updated: 449056
	119  -  MemoryUsage of job (MB)
	121020  -  ResidentSetSize of job (KB)
...
040 (15684821.055.000) 2026-01-19 16:23:09 Started transferring output files
...
040 (15684821.055.000) 2026-01-19 16:23:09 Finished transferring output files
...
005 (15684821.055.000) 2026-01-19 16:23:09 Job terminated.
	(1) Normal termination (return value 0)
		Usr 0 00:22:37, Sys 0 00:00:15  -  Run Remote Usage
		Usr 0 00:00:00, Sys 0 00:00:00  -  Run Local Usage
		Usr 0 00:22:37, Sys 0 00:00:15  -  Total Remote Usage
		Usr 0 00:00:00, Sys 0 00:00:00  -  Total Local Usage
	247  -  Run Bytes Sent By Job
	148880  -  Run Bytes Received By Job
	247  -  Total Bytes Sent By Job
	148880  -  Total Bytes Received By Job
	Partitionable Resources :    Usage  Request Allocated 
	   Cpus                 :     0.98        1         1 
	   Disk (KB)            :   164     2097152   6681206 
	   Memory (MB)          :   119        4096      4096 
	   xferslots            :                           0 

	Job terminated of its own accord at 2026-01-19T21:23:09Z with exit-code 0.
...
