000 (15560432.457.000) 2026-01-07 17:58:16 Job submitted from host: <130.199.48.129:9618?addrs=130.199.48.129-9618&alias=rcas6009.rcf.bnl.gov&noUDP&sock=schedd_22421_101d>
...
040 (15560432.457.000) 2026-01-07 20:43:44 Started transferring input files
	Transferring to host: <130.199.184.194:9618?addrs=130.199.184.194-9618&alias=spool1769.sdcc.bnl.gov&noUDP&sock=slot1_84_95939_d340_191201>
...
040 (15560432.457.000) 2026-01-07 20:43:44 Finished transferring input files
...
001 (15560432.457.000) 2026-01-07 20:43:45 Job executing on host: <130.199.184.194:9618?addrs=130.199.184.194-9618&alias=spool1769.sdcc.bnl.gov&noUDP&sock=startd_95928_19b9>
...
006 (15560432.457.000) 2026-01-07 20:43:53 Image size of job updated: 421920
	83  -  MemoryUsage of job (MB)
	84844  -  ResidentSetSize of job (KB)
...
006 (15560432.457.000) 2026-01-07 20:48:53 Image size of job updated: 424824
	111  -  MemoryUsage of job (MB)
	113504  -  ResidentSetSize of job (KB)
...
006 (15560432.457.000) 2026-01-07 20:53:54 Image size of job updated: 424824
	111  -  MemoryUsage of job (MB)
	113528  -  ResidentSetSize of job (KB)
...
040 (15560432.457.000) 2026-01-07 20:59:02 Started transferring output files
...
040 (15560432.457.000) 2026-01-07 20:59:02 Finished transferring output files
...
005 (15560432.457.000) 2026-01-07 20:59:02 Job terminated.
	(1) Normal termination (return value 0)
		Usr 0 00:15:04, Sys 0 00:00:10  -  Run Remote Usage
		Usr 0 00:00:00, Sys 0 00:00:00  -  Run Local Usage
		Usr 0 00:15:04, Sys 0 00:00:10  -  Total Remote Usage
		Usr 0 00:00:00, Sys 0 00:00:00  -  Total Local Usage
	303  -  Run Bytes Sent By Job
	144352  -  Run Bytes Received By Job
	303  -  Total Bytes Sent By Job
	144352  -  Total Bytes Received By Job
	Partitionable Resources :    Usage  Request Allocated 
	   Cpus                 :     1.00        1         1 
	   Disk (KB)            :   159     2097152   6681581 
	   Memory (MB)          :   111        4096      4096 
	   xferslots            :                           0 

	Job terminated of its own accord at 2026-01-08T01:59:02Z with exit-code 0.
...
