000 (15690120.908.000) 2026-01-20 07:35:56 Job submitted from host: <130.199.48.129:9618?addrs=130.199.48.129-9618&alias=rcas6009.rcf.bnl.gov&noUDP&sock=schedd_22421_101d>
...
040 (15690120.908.000) 2026-01-21 13:55:15 Started transferring input files
	Transferring to host: <130.199.150.93:9618?addrs=130.199.150.93-9618&alias=spool1574.sdcc.bnl.gov&noUDP&sock=slot1_9_94784_ebaa_256896>
...
040 (15690120.908.000) 2026-01-21 13:55:15 Finished transferring input files
...
001 (15690120.908.000) 2026-01-21 13:55:16 Job executing on host: <130.199.150.93:9618?addrs=130.199.150.93-9618&alias=spool1574.sdcc.bnl.gov&noUDP&sock=startd_94775_30c7>
...
006 (15690120.908.000) 2026-01-21 13:55:25 Image size of job updated: 330996
	65  -  MemoryUsage of job (MB)
	65872  -  ResidentSetSize of job (KB)
...
006 (15690120.908.000) 2026-01-21 13:59:22 Image size of job updated: 450628
	65  -  MemoryUsage of job (MB)
	65872  -  ResidentSetSize of job (KB)
...
040 (15690120.908.000) 2026-01-21 13:59:22 Started transferring output files
...
040 (15690120.908.000) 2026-01-21 13:59:22 Finished transferring output files
...
005 (15690120.908.000) 2026-01-21 13:59:23 Job terminated.
	(1) Normal termination (return value 0)
		Usr 0 00:03:42, Sys 0 00:00:02  -  Run Remote Usage
		Usr 0 00:00:00, Sys 0 00:00:00  -  Run Local Usage
		Usr 0 00:03:42, Sys 0 00:00:02  -  Total Remote Usage
		Usr 0 00:00:00, Sys 0 00:00:00  -  Total Local Usage
	96  -  Run Bytes Sent By Job
	148880  -  Run Bytes Received By Job
	96  -  Total Bytes Sent By Job
	148880  -  Total Bytes Received By Job
	Partitionable Resources :    Usage  Request Allocated 
	   Cpus                 :                 1         1 
	   Disk (KB)            :      157  2097152   6681104 
	   Memory (MB)          :       65     4096      4096 
	   xferslots            :                           0 

	Job terminated of its own accord at 2026-01-21T18:59:22Z with exit-code 0.
...
