000 (15690120.301.000) 2026-01-20 07:35:55 Job submitted from host: <130.199.48.129:9618?addrs=130.199.48.129-9618&alias=rcas6009.rcf.bnl.gov&noUDP&sock=schedd_22421_101d>
...
040 (15690120.301.000) 2026-01-21 04:52:57 Started transferring input files
	Transferring to host: <130.199.151.33:9618?addrs=130.199.151.33-9618&alias=spool1611.sdcc.bnl.gov&noUDP&sock=slot1_27_94855_59a7_272402>
...
040 (15690120.301.000) 2026-01-21 04:52:57 Finished transferring input files
...
001 (15690120.301.000) 2026-01-21 04:52:58 Job executing on host: <130.199.151.33:9618?addrs=130.199.151.33-9618&alias=spool1611.sdcc.bnl.gov&noUDP&sock=startd_94847_fa45>
...
006 (15690120.301.000) 2026-01-21 04:53:07 Image size of job updated: 435160
	80  -  MemoryUsage of job (MB)
	80920  -  ResidentSetSize of job (KB)
...
006 (15690120.301.000) 2026-01-21 04:58:07 Image size of job updated: 435160
	106  -  MemoryUsage of job (MB)
	108232  -  ResidentSetSize of job (KB)
...
006 (15690120.301.000) 2026-01-21 05:03:07 Image size of job updated: 435160
	106  -  MemoryUsage of job (MB)
	108248  -  ResidentSetSize of job (KB)
...
006 (15690120.301.000) 2026-01-21 05:18:08 Image size of job updated: 435160
	106  -  MemoryUsage of job (MB)
	108252  -  ResidentSetSize of job (KB)
...
040 (15690120.301.000) 2026-01-21 05:23:10 Started transferring output files
...
040 (15690120.301.000) 2026-01-21 05:23:10 Finished transferring output files
...
005 (15690120.301.000) 2026-01-21 05:23:10 Job terminated.
	(1) Normal termination (return value 0)
		Usr 0 00:29:46, Sys 0 00:00:19  -  Run Remote Usage
		Usr 0 00:00:00, Sys 0 00:00:00  -  Run Local Usage
		Usr 0 00:29:46, Sys 0 00:00:19  -  Total Remote Usage
		Usr 0 00:00:00, Sys 0 00:00:00  -  Total Local Usage
	275  -  Run Bytes Sent By Job
	148880  -  Run Bytes Received By Job
	275  -  Total Bytes Sent By Job
	148880  -  Total Bytes Received By Job
	Partitionable Resources :    Usage  Request Allocated 
	   Cpus                 :     0.99        1         1 
	   Disk (KB)            :   163     2097152   6681176 
	   Memory (MB)          :   106        4096      4096 
	   xferslots            :                           0 

	Job terminated of its own accord at 2026-01-21T10:23:10Z with exit-code 0.
...
