000 (15564188.342.000) 2026-01-07 21:29:40 Job submitted from host: <130.199.48.129:9618?addrs=130.199.48.129-9618&alias=rcas6009.rcf.bnl.gov&noUDP&sock=schedd_22421_101d>
...
040 (15564188.342.000) 2026-01-08 00:47:07 Started transferring input files
	Transferring to host: <130.199.186.27:9618?addrs=130.199.186.27-9618&alias=spool1824.sdcc.bnl.gov&noUDP&sock=slot1_91_94218_f5db_183171>
...
040 (15564188.342.000) 2026-01-08 00:47:07 Finished transferring input files
...
001 (15564188.342.000) 2026-01-08 00:47:08 Job executing on host: <130.199.186.27:9618?addrs=130.199.186.27-9618&alias=spool1824.sdcc.bnl.gov&noUDP&sock=startd_94209_0f05>
...
006 (15564188.342.000) 2026-01-08 00:47:17 Image size of job updated: 420116
	82  -  MemoryUsage of job (MB)
	83212  -  ResidentSetSize of job (KB)
...
006 (15564188.342.000) 2026-01-08 00:52:18 Image size of job updated: 448072
	137  -  MemoryUsage of job (MB)
	139808  -  ResidentSetSize of job (KB)
...
040 (15564188.342.000) 2026-01-08 01:08:13 Started transferring output files
...
040 (15564188.342.000) 2026-01-08 01:08:13 Finished transferring output files
...
005 (15564188.342.000) 2026-01-08 01:08:13 Job terminated.
	(1) Normal termination (return value 0)
		Usr 0 00:18:56, Sys 0 00:00:17  -  Run Remote Usage
		Usr 0 00:00:00, Sys 0 00:00:00  -  Run Local Usage
		Usr 0 00:18:56, Sys 0 00:00:17  -  Total Remote Usage
		Usr 0 00:00:00, Sys 0 00:00:00  -  Total Local Usage
	331  -  Run Bytes Sent By Job
	144352  -  Run Bytes Received By Job
	331  -  Total Bytes Sent By Job
	144352  -  Total Bytes Received By Job
	Partitionable Resources :    Usage  Request Allocated 
	   Cpus                 :     0.87        1         1 
	   Disk (KB)            :   159     2097152   6681576 
	   Memory (MB)          :   137        4096      4096 
	   xferslots            :                           0 

	Job terminated of its own accord at 2026-01-08T06:08:13Z with exit-code 0.
...
