000 (15564188.1055.000) 2026-01-07 21:29:41 Job submitted from host: <130.199.48.129:9618?addrs=130.199.48.129-9618&alias=rcas6009.rcf.bnl.gov&noUDP&sock=schedd_22421_101d>
...
040 (15564188.1055.000) 2026-01-08 02:08:04 Started transferring input files
	Transferring to host: <130.199.150.82:9618?addrs=130.199.150.82-9618&alias=spool1563.sdcc.bnl.gov&noUDP&sock=slot1_5_94994_fe7f_196646>
...
040 (15564188.1055.000) 2026-01-08 02:08:04 Finished transferring input files
...
001 (15564188.1055.000) 2026-01-08 02:08:05 Job executing on host: <130.199.150.82:9618?addrs=130.199.150.82-9618&alias=spool1563.sdcc.bnl.gov&noUDP&sock=startd_94985_a723>
...
006 (15564188.1055.000) 2026-01-08 02:08:13 Image size of job updated: 204272
	63  -  MemoryUsage of job (MB)
	64212  -  ResidentSetSize of job (KB)
...
040 (15564188.1055.000) 2026-01-08 02:08:16 Started transferring output files
...
040 (15564188.1055.000) 2026-01-08 02:08:16 Finished transferring output files
...
005 (15564188.1055.000) 2026-01-08 02:08:16 Job terminated.
	(1) Normal termination (return value 0)
		Usr 0 00:00:05, Sys 0 00:00:00  -  Run Remote Usage
		Usr 0 00:00:00, Sys 0 00:00:00  -  Run Local Usage
		Usr 0 00:00:05, Sys 0 00:00:00  -  Total Remote Usage
		Usr 0 00:00:00, Sys 0 00:00:00  -  Total Local Usage
	44  -  Run Bytes Sent By Job
	144352  -  Run Bytes Received By Job
	44  -  Total Bytes Sent By Job
	144352  -  Total Bytes Received By Job
	Partitionable Resources :    Usage  Request Allocated 
	   Cpus                 :                 1         1 
	   Disk (KB)            :      152  2097152   6681187 
	   Memory (MB)          :       63     4096      4096 
	   xferslots            :                           0 

	Job terminated of its own accord at 2026-01-08T07:08:15Z with exit-code 0.
...
