000 (15690120.244.000) 2026-01-20 07:35:55 Job submitted from host: <130.199.48.129:9618?addrs=130.199.48.129-9618&alias=rcas6009.rcf.bnl.gov&noUDP&sock=schedd_22421_101d>
...
040 (15690120.244.000) 2026-01-21 02:04:56 Started transferring input files
	Transferring to host: <130.199.186.89:9618?addrs=130.199.186.89-9618&alias=spool1852.sdcc.bnl.gov&noUDP&sock=slot1_53_94012_d731_369662>
...
040 (15690120.244.000) 2026-01-21 02:04:56 Finished transferring input files
...
001 (15690120.244.000) 2026-01-21 02:04:57 Job executing on host: <130.199.186.89:9618?addrs=130.199.186.89-9618&alias=spool1852.sdcc.bnl.gov&noUDP&sock=startd_94003_dcbe>
...
006 (15690120.244.000) 2026-01-21 02:05:06 Image size of job updated: 342756
	91  -  MemoryUsage of job (MB)
	92272  -  ResidentSetSize of job (KB)
...
006 (15690120.244.000) 2026-01-21 02:10:06 Image size of job updated: 696704
	123  -  MemoryUsage of job (MB)
	125672  -  ResidentSetSize of job (KB)
...
006 (15690120.244.000) 2026-01-21 02:15:06 Image size of job updated: 696704
	123  -  MemoryUsage of job (MB)
	125896  -  ResidentSetSize of job (KB)
...
006 (15690120.244.000) 2026-01-21 02:30:07 Image size of job updated: 696704
	123  -  MemoryUsage of job (MB)
	125948  -  ResidentSetSize of job (KB)
...
006 (15690120.244.000) 2026-01-21 02:40:09 Image size of job updated: 696704
	124  -  MemoryUsage of job (MB)
	125976  -  ResidentSetSize of job (KB)
...
006 (15690120.244.000) 2026-01-21 02:45:09 Image size of job updated: 696704
	125  -  MemoryUsage of job (MB)
	127320  -  ResidentSetSize of job (KB)
...
040 (15690120.244.000) 2026-01-21 02:52:49 Started transferring output files
...
040 (15690120.244.000) 2026-01-21 02:52:49 Finished transferring output files
...
005 (15690120.244.000) 2026-01-21 02:52:49 Job terminated.
	(1) Normal termination (return value 0)
		Usr 0 00:45:38, Sys 0 00:01:48  -  Run Remote Usage
		Usr 0 00:00:00, Sys 0 00:00:00  -  Run Local Usage
		Usr 0 00:45:38, Sys 0 00:01:48  -  Total Remote Usage
		Usr 0 00:00:00, Sys 0 00:00:00  -  Total Local Usage
	345  -  Run Bytes Sent By Job
	148880  -  Run Bytes Received By Job
	345  -  Total Bytes Sent By Job
	148880  -  Total Bytes Received By Job
	Partitionable Resources :    Usage  Request Allocated 
	   Cpus                 :     1.00        1         1 
	   Disk (KB)            :   164     2097152   6681569 
	   Memory (MB)          :   125        4096      4096 
	   xferslots            :                           0 

	Job terminated of its own accord at 2026-01-21T07:52:49Z with exit-code 0.
...
