000 (15560432.079.000) 2026-01-07 17:58:15 Job submitted from host: <130.199.48.129:9618?addrs=130.199.48.129-9618&alias=rcas6009.rcf.bnl.gov&noUDP&sock=schedd_22421_101d>
...
040 (15560432.079.000) 2026-01-07 18:29:34 Started transferring input files
	Transferring to host: <130.199.150.90:9618?addrs=130.199.150.90-9618&alias=spool1571.sdcc.bnl.gov&noUDP&sock=slot1_41_94964_d73c_181955>
...
040 (15560432.079.000) 2026-01-07 18:29:34 Finished transferring input files
...
001 (15560432.079.000) 2026-01-07 18:29:35 Job executing on host: <130.199.150.90:9618?addrs=130.199.150.90-9618&alias=spool1571.sdcc.bnl.gov&noUDP&sock=startd_94955_2884>
...
006 (15560432.079.000) 2026-01-07 18:29:44 Image size of job updated: 423060
	82  -  MemoryUsage of job (MB)
	83644  -  ResidentSetSize of job (KB)
...
006 (15560432.079.000) 2026-01-07 18:34:45 Image size of job updated: 424740
	108  -  MemoryUsage of job (MB)
	109860  -  ResidentSetSize of job (KB)
...
006 (15560432.079.000) 2026-01-07 18:39:45 Image size of job updated: 424740
	108  -  MemoryUsage of job (MB)
	109868  -  ResidentSetSize of job (KB)
...
040 (15560432.079.000) 2026-01-07 18:42:05 Started transferring output files
...
040 (15560432.079.000) 2026-01-07 18:42:05 Finished transferring output files
...
005 (15560432.079.000) 2026-01-07 18:42:05 Job terminated.
	(1) Normal termination (return value 0)
		Usr 0 00:12:19, Sys 0 00:00:09  -  Run Remote Usage
		Usr 0 00:00:00, Sys 0 00:00:00  -  Run Local Usage
		Usr 0 00:12:19, Sys 0 00:00:09  -  Total Remote Usage
		Usr 0 00:00:00, Sys 0 00:00:00  -  Total Local Usage
	289  -  Run Bytes Sent By Job
	144352  -  Run Bytes Received By Job
	289  -  Total Bytes Sent By Job
	144352  -  Total Bytes Received By Job
	Partitionable Resources :    Usage  Request Allocated 
	   Cpus                 :     1.00        1         1 
	   Disk (KB)            :   159     2097152   6681189 
	   Memory (MB)          :   108        4096      4096 
	   xferslots            :                           0 

	Job terminated of its own accord at 2026-01-07T23:42:04Z with exit-code 0.
...
