000 (16235385.484.000) 2026-01-23 10:57:27 Job submitted from host: <130.199.48.128:9618?addrs=130.199.48.128-9618&alias=rcas6008.rcf.bnl.gov&noUDP&sock=schedd_18725_535a>
...
040 (16235385.484.000) 2026-01-23 12:09:13 Started transferring input files
	Transferring to host: <130.199.184.220:9618?addrs=130.199.184.220-9618&alias=spool1795.sdcc.bnl.gov&noUDP&sock=slot1_64_94169_c6cc_255799>
...
040 (16235385.484.000) 2026-01-23 12:09:13 Finished transferring input files
...
001 (16235385.484.000) 2026-01-23 12:09:14 Job executing on host: <130.199.184.220:9618?addrs=130.199.184.220-9618&alias=spool1795.sdcc.bnl.gov&noUDP&sock=startd_94161_de06>
...
006 (16235385.484.000) 2026-01-23 12:09:23 Image size of job updated: 75440
	40  -  MemoryUsage of job (MB)
	40720  -  ResidentSetSize of job (KB)
...
006 (16235385.484.000) 2026-01-23 12:14:24 Image size of job updated: 424288
	95  -  MemoryUsage of job (MB)
	97140  -  ResidentSetSize of job (KB)
...
006 (16235385.484.000) 2026-01-23 12:19:24 Image size of job updated: 424288
	95  -  MemoryUsage of job (MB)
	97148  -  ResidentSetSize of job (KB)
...
040 (16235385.484.000) 2026-01-23 12:23:13 Started transferring output files
...
040 (16235385.484.000) 2026-01-23 12:23:13 Finished transferring output files
...
005 (16235385.484.000) 2026-01-23 12:23:13 Job terminated.
	(1) Normal termination (return value 0)
		Usr 0 00:13:38, Sys 0 00:00:10  -  Run Remote Usage
		Usr 0 00:00:00, Sys 0 00:00:00  -  Run Local Usage
		Usr 0 00:13:38, Sys 0 00:00:10  -  Total Remote Usage
		Usr 0 00:00:00, Sys 0 00:00:00  -  Total Local Usage
	205  -  Run Bytes Sent By Job
	148880  -  Run Bytes Received By Job
	205  -  Total Bytes Sent By Job
	148880  -  Total Bytes Received By Job
	Partitionable Resources :    Usage  Request Allocated 
	   Cpus                 :     0.99        1         1 
	   Disk (KB)            :   164     2097152   6681583 
	   Memory (MB)          :    95        4096      4096 
	   xferslots            :                           0 

	Job terminated of its own accord at 2026-01-23T17:23:13Z with exit-code 0.
...
