000 (15697407.252.000) 2026-01-21 18:36:41 Job submitted from host: <130.199.48.129:9618?addrs=130.199.48.129-9618&alias=rcas6009.rcf.bnl.gov&noUDP&sock=schedd_22421_101d>
...
040 (15697407.252.000) 2026-01-22 02:49:40 Started transferring input files
	Transferring to host: <130.199.186.2:9618?addrs=130.199.186.2-9618&alias=spool1799.sdcc.bnl.gov&noUDP&sock=slot1_12_94106_4125_311320>
...
040 (15697407.252.000) 2026-01-22 02:49:40 Finished transferring input files
...
001 (15697407.252.000) 2026-01-22 02:49:41 Job executing on host: <130.199.186.2:9618?addrs=130.199.186.2-9618&alias=spool1799.sdcc.bnl.gov&noUDP&sock=startd_94098_edb7>
...
006 (15697407.252.000) 2026-01-22 02:49:50 Image size of job updated: 421924
	86  -  MemoryUsage of job (MB)
	87260  -  ResidentSetSize of job (KB)
...
006 (15697407.252.000) 2026-01-22 02:54:51 Image size of job updated: 450884
	142  -  MemoryUsage of job (MB)
	144800  -  ResidentSetSize of job (KB)
...
040 (15697407.252.000) 2026-01-22 03:27:27 Started transferring output files
...
040 (15697407.252.000) 2026-01-22 03:27:27 Finished transferring output files
...
005 (15697407.252.000) 2026-01-22 03:27:27 Job terminated.
	(1) Normal termination (return value 0)
		Usr 0 00:37:09, Sys 0 00:00:27  -  Run Remote Usage
		Usr 0 00:00:00, Sys 0 00:00:00  -  Run Local Usage
		Usr 0 00:37:09, Sys 0 00:00:27  -  Total Remote Usage
		Usr 0 00:00:00, Sys 0 00:00:00  -  Total Local Usage
	331  -  Run Bytes Sent By Job
	148880  -  Run Bytes Received By Job
	331  -  Total Bytes Sent By Job
	148880  -  Total Bytes Received By Job
	Partitionable Resources :    Usage  Request Allocated 
	   Cpus                 :     0.99        1         1 
	   Disk (KB)            :   164     2097152   6681489 
	   Memory (MB)          :   142        4096      4096 
	   xferslots            :                           0 

	Job terminated of its own accord at 2026-01-22T08:27:27Z with exit-code 0.
...
