000 (15554417.1014.000) 2026-01-07 12:44:35 Job submitted from host: <130.199.48.129:9618?addrs=130.199.48.129-9618&alias=rcas6009.rcf.bnl.gov&noUDP&sock=schedd_22421_101d>
...
040 (15554417.1014.000) 2026-01-07 14:10:17 Started transferring input files
	Transferring to host: <130.199.151.33:9618?addrs=130.199.151.33-9618&alias=spool1611.sdcc.bnl.gov&noUDP&sock=slot1_9_94855_59a7_183879>
...
040 (15554417.1014.000) 2026-01-07 14:10:17 Finished transferring input files
...
001 (15554417.1014.000) 2026-01-07 14:10:18 Job executing on host: <130.199.151.33:9618?addrs=130.199.151.33-9618&alias=spool1611.sdcc.bnl.gov&noUDP&sock=startd_94847_fa45>
...
006 (15554417.1014.000) 2026-01-07 14:10:27 Image size of job updated: 125588
	91  -  MemoryUsage of job (MB)
	93120  -  ResidentSetSize of job (KB)
...
006 (15554417.1014.000) 2026-01-07 14:15:27 Image size of job updated: 424752
	93  -  MemoryUsage of job (MB)
	95208  -  ResidentSetSize of job (KB)
...
040 (15554417.1014.000) 2026-01-07 14:18:14 Started transferring output files
...
040 (15554417.1014.000) 2026-01-07 14:18:14 Finished transferring output files
...
005 (15554417.1014.000) 2026-01-07 14:18:14 Job terminated.
	(1) Normal termination (return value 0)
		Usr 0 00:07:47, Sys 0 00:00:07  -  Run Remote Usage
		Usr 0 00:00:00, Sys 0 00:00:00  -  Run Local Usage
		Usr 0 00:07:47, Sys 0 00:00:07  -  Total Remote Usage
		Usr 0 00:00:00, Sys 0 00:00:00  -  Total Local Usage
	205  -  Run Bytes Sent By Job
	144352  -  Run Bytes Received By Job
	205  -  Total Bytes Sent By Job
	144352  -  Total Bytes Received By Job
	Partitionable Resources :    Usage  Request Allocated 
	   Cpus                 :     0.99        1         1 
	   Disk (KB)            :   159     2097152   6681176 
	   Memory (MB)          :    93        4096      4096 
	   xferslots            :                           0 

	Job terminated of its own accord at 2026-01-07T19:18:13Z with exit-code 0.
...
