000 (15690120.381.000) 2026-01-20 07:35:55 Job submitted from host: <130.199.48.129:9618?addrs=130.199.48.129-9618&alias=rcas6009.rcf.bnl.gov&noUDP&sock=schedd_22421_101d>
...
040 (15690120.381.000) 2026-01-21 08:11:09 Started transferring input files
	Transferring to host: <130.199.186.70:9618?addrs=130.199.186.70-9618&alias=spool1833.sdcc.bnl.gov&noUDP&sock=slot1_26_94191_05b8_242699>
...
040 (15690120.381.000) 2026-01-21 08:11:09 Finished transferring input files
...
001 (15690120.381.000) 2026-01-21 08:11:10 Job executing on host: <130.199.186.70:9618?addrs=130.199.186.70-9618&alias=spool1833.sdcc.bnl.gov&noUDP&sock=startd_94182_8376>
...
006 (15690120.381.000) 2026-01-21 08:11:19 Image size of job updated: 447884
	92  -  MemoryUsage of job (MB)
	93532  -  ResidentSetSize of job (KB)
...
006 (15690120.381.000) 2026-01-21 08:16:20 Image size of job updated: 447884
	110  -  MemoryUsage of job (MB)
	112304  -  ResidentSetSize of job (KB)
...
040 (15690120.381.000) 2026-01-21 08:27:33 Started transferring output files
...
040 (15690120.381.000) 2026-01-21 08:27:33 Finished transferring output files
...
005 (15690120.381.000) 2026-01-21 08:27:33 Job terminated.
	(1) Normal termination (return value 0)
		Usr 0 00:16:10, Sys 0 00:00:10  -  Run Remote Usage
		Usr 0 00:00:00, Sys 0 00:00:00  -  Run Local Usage
		Usr 0 00:16:10, Sys 0 00:00:10  -  Total Remote Usage
		Usr 0 00:00:00, Sys 0 00:00:00  -  Total Local Usage
	219  -  Run Bytes Sent By Job
	148880  -  Run Bytes Received By Job
	219  -  Total Bytes Sent By Job
	148880  -  Total Bytes Received By Job
	Partitionable Resources :    Usage  Request Allocated 
	   Cpus                 :     1.00        1         1 
	   Disk (KB)            :   164     2097152   6681512 
	   Memory (MB)          :   110        4096      4096 
	   xferslots            :                           0 

	Job terminated of its own accord at 2026-01-21T13:27:33Z with exit-code 0.
...
