000 (16235385.395.000) 2026-01-23 10:57:27 Job submitted from host: <130.199.48.128:9618?addrs=130.199.48.128-9618&alias=rcas6008.rcf.bnl.gov&noUDP&sock=schedd_18725_535a>
...
040 (16235385.395.000) 2026-01-23 12:06:42 Started transferring input files
	Transferring to host: <130.199.184.194:9618?addrs=130.199.184.194-9618&alias=spool1769.sdcc.bnl.gov&noUDP&sock=slot1_61_95939_d340_262369>
...
040 (16235385.395.000) 2026-01-23 12:06:42 Finished transferring input files
...
001 (16235385.395.000) 2026-01-23 12:06:43 Job executing on host: <130.199.184.194:9618?addrs=130.199.184.194-9618&alias=spool1769.sdcc.bnl.gov&noUDP&sock=startd_95928_19b9>
...
006 (16235385.395.000) 2026-01-23 12:06:52 Image size of job updated: 342736
	40  -  MemoryUsage of job (MB)
	40740  -  ResidentSetSize of job (KB)
...
006 (16235385.395.000) 2026-01-23 12:11:53 Image size of job updated: 423716
	106  -  MemoryUsage of job (MB)
	107744  -  ResidentSetSize of job (KB)
...
006 (16235385.395.000) 2026-01-23 12:16:53 Image size of job updated: 423716
	106  -  MemoryUsage of job (MB)
	107844  -  ResidentSetSize of job (KB)
...
006 (16235385.395.000) 2026-01-23 12:26:54 Image size of job updated: 424272
	107  -  MemoryUsage of job (MB)
	108888  -  ResidentSetSize of job (KB)
...
040 (16235385.395.000) 2026-01-23 12:28:52 Started transferring output files
...
040 (16235385.395.000) 2026-01-23 12:28:52 Finished transferring output files
...
005 (16235385.395.000) 2026-01-23 12:28:52 Job terminated.
	(1) Normal termination (return value 0)
		Usr 0 00:21:46, Sys 0 00:00:12  -  Run Remote Usage
		Usr 0 00:00:00, Sys 0 00:00:00  -  Run Local Usage
		Usr 0 00:21:46, Sys 0 00:00:12  -  Total Remote Usage
		Usr 0 00:00:00, Sys 0 00:00:00  -  Total Local Usage
	261  -  Run Bytes Sent By Job
	148880  -  Run Bytes Received By Job
	261  -  Total Bytes Sent By Job
	148880  -  Total Bytes Received By Job
	Partitionable Resources :    Usage  Request Allocated 
	   Cpus                 :     0.99        1         1 
	   Disk (KB)            :   163     2097152   6681581 
	   Memory (MB)          :   107        4096      4096 
	   xferslots            :                           0 

	Job terminated of its own accord at 2026-01-23T17:28:52Z with exit-code 0.
...
