000 (15690120.108.000) 2026-01-20 07:35:55 Job submitted from host: <130.199.48.129:9618?addrs=130.199.48.129-9618&alias=rcas6009.rcf.bnl.gov&noUDP&sock=schedd_22421_101d>
...
040 (15690120.108.000) 2026-01-20 22:43:05 Started transferring input files
	Transferring to host: <130.199.184.197:9618?addrs=130.199.184.197-9618&alias=spool1772.sdcc.bnl.gov&noUDP&sock=slot1_91_95968_3d78_246755>
...
040 (15690120.108.000) 2026-01-20 22:43:05 Finished transferring input files
...
001 (15690120.108.000) 2026-01-20 22:43:06 Job executing on host: <130.199.184.197:9618?addrs=130.199.184.197-9618&alias=spool1772.sdcc.bnl.gov&noUDP&sock=startd_95960_3a63>
...
006 (15690120.108.000) 2026-01-20 22:43:15 Image size of job updated: 109360
	75  -  MemoryUsage of job (MB)
	76800  -  ResidentSetSize of job (KB)
...
006 (15690120.108.000) 2026-01-20 22:48:15 Image size of job updated: 449508
	114  -  MemoryUsage of job (MB)
	115952  -  ResidentSetSize of job (KB)
...
040 (15690120.108.000) 2026-01-20 23:05:07 Started transferring output files
...
040 (15690120.108.000) 2026-01-20 23:05:07 Finished transferring output files
...
005 (15690120.108.000) 2026-01-20 23:05:07 Job terminated.
	(1) Normal termination (return value 0)
		Usr 0 00:21:31, Sys 0 00:00:13  -  Run Remote Usage
		Usr 0 00:00:00, Sys 0 00:00:00  -  Run Local Usage
		Usr 0 00:21:31, Sys 0 00:00:13  -  Total Remote Usage
		Usr 0 00:00:00, Sys 0 00:00:00  -  Total Local Usage
	233  -  Run Bytes Sent By Job
	148880  -  Run Bytes Received By Job
	233  -  Total Bytes Sent By Job
	148880  -  Total Bytes Received By Job
	Partitionable Resources :    Usage  Request Allocated 
	   Cpus                 :     0.98        1         1 
	   Disk (KB)            :   164     2097152   6681570 
	   Memory (MB)          :   114        4096      4096 
	   xferslots            :                           0 

	Job terminated of its own accord at 2026-01-21T04:05:06Z with exit-code 0.
...
