000 (15564188.078.000) 2026-01-07 21:29:39 Job submitted from host: <130.199.48.129:9618?addrs=130.199.48.129-9618&alias=rcas6009.rcf.bnl.gov&noUDP&sock=schedd_22421_101d>
...
040 (15564188.078.000) 2026-01-07 23:40:10 Started transferring input files
	Transferring to host: <130.199.186.27:9618?addrs=130.199.186.27-9618&alias=spool1824.sdcc.bnl.gov&noUDP&sock=slot1_52_94218_f5db_182991>
...
040 (15564188.078.000) 2026-01-07 23:40:10 Finished transferring input files
...
001 (15564188.078.000) 2026-01-07 23:40:11 Job executing on host: <130.199.186.27:9618?addrs=130.199.186.27-9618&alias=spool1824.sdcc.bnl.gov&noUDP&sock=startd_94209_0f05>
...
006 (15564188.078.000) 2026-01-07 23:40:21 Image size of job updated: 465600
	78  -  MemoryUsage of job (MB)
	79216  -  ResidentSetSize of job (KB)
...
006 (15564188.078.000) 2026-01-07 23:45:22 Image size of job updated: 465600
	119  -  MemoryUsage of job (MB)
	120944  -  ResidentSetSize of job (KB)
...
040 (15564188.078.000) 2026-01-07 23:53:29 Started transferring output files
...
040 (15564188.078.000) 2026-01-07 23:53:29 Finished transferring output files
...
005 (15564188.078.000) 2026-01-07 23:53:29 Job terminated.
	(1) Normal termination (return value 0)
		Usr 0 00:12:09, Sys 0 00:00:12  -  Run Remote Usage
		Usr 0 00:00:00, Sys 0 00:00:00  -  Run Local Usage
		Usr 0 00:12:09, Sys 0 00:00:12  -  Total Remote Usage
		Usr 0 00:00:00, Sys 0 00:00:00  -  Total Local Usage
	261  -  Run Bytes Sent By Job
	144352  -  Run Bytes Received By Job
	261  -  Total Bytes Sent By Job
	144352  -  Total Bytes Received By Job
	Partitionable Resources :    Usage  Request Allocated 
	   Cpus                 :     0.99        1         1 
	   Disk (KB)            :   159     2097152   6681576 
	   Memory (MB)          :   119        4096      4096 
	   xferslots            :                           0 

	Job terminated of its own accord at 2026-01-08T04:53:29Z with exit-code 0.
...
