000 (15684821.1011.000) 2026-01-19 15:56:23 Job submitted from host: <130.199.48.129:9618?addrs=130.199.48.129-9618&alias=rcas6009.rcf.bnl.gov&noUDP&sock=schedd_22421_101d>
...
040 (15684821.1011.000) 2026-01-19 16:30:44 Started transferring input files
	Transferring to host: <130.199.186.80:9618?addrs=130.199.186.80-9618&alias=spool1843.sdcc.bnl.gov&noUDP&sock=slot1_67_95651_2722_241871>
...
040 (15684821.1011.000) 2026-01-19 16:30:44 Finished transferring input files
...
001 (15684821.1011.000) 2026-01-19 16:30:45 Job executing on host: <130.199.186.80:9618?addrs=130.199.186.80-9618&alias=spool1843.sdcc.bnl.gov&noUDP&sock=startd_95642_95c8>
...
006 (15684821.1011.000) 2026-01-19 16:30:54 Image size of job updated: 341028
	83  -  MemoryUsage of job (MB)
	84144  -  ResidentSetSize of job (KB)
...
006 (15684821.1011.000) 2026-01-19 16:35:55 Image size of job updated: 448796
	95  -  MemoryUsage of job (MB)
	97140  -  ResidentSetSize of job (KB)
...
040 (15684821.1011.000) 2026-01-19 16:43:09 Started transferring output files
...
040 (15684821.1011.000) 2026-01-19 16:43:09 Finished transferring output files
...
005 (15684821.1011.000) 2026-01-19 16:43:09 Job terminated.
	(1) Normal termination (return value 0)
		Usr 0 00:11:32, Sys 0 00:00:09  -  Run Remote Usage
		Usr 0 00:00:00, Sys 0 00:00:00  -  Run Local Usage
		Usr 0 00:11:32, Sys 0 00:00:09  -  Total Remote Usage
		Usr 0 00:00:00, Sys 0 00:00:00  -  Total Local Usage
	163  -  Run Bytes Sent By Job
	148880  -  Run Bytes Received By Job
	163  -  Total Bytes Sent By Job
	148880  -  Total Bytes Received By Job
	Partitionable Resources :    Usage  Request Allocated 
	   Cpus                 :     0.97        1         1 
	   Disk (KB)            :   163     2097152   6681590 
	   Memory (MB)          :    95        4096      4096 
	   xferslots            :                           0 

	Job terminated of its own accord at 2026-01-19T21:43:08Z with exit-code 0.
...
