000 (15684821.447.000) 2026-01-19 15:56:21 Job submitted from host: <130.199.48.129:9618?addrs=130.199.48.129-9618&alias=rcas6009.rcf.bnl.gov&noUDP&sock=schedd_22421_101d>
...
040 (15684821.447.000) 2026-01-19 16:21:01 Started transferring input files
	Transferring to host: <130.199.151.3:9618?addrs=130.199.151.3-9618&alias=spool1581.sdcc.bnl.gov&noUDP&sock=slot1_54_95061_7851_243387>
...
040 (15684821.447.000) 2026-01-19 16:21:01 Finished transferring input files
...
001 (15684821.447.000) 2026-01-19 16:21:02 Job executing on host: <130.199.151.3:9618?addrs=130.199.151.3-9618&alias=spool1581.sdcc.bnl.gov&noUDP&sock=startd_95052_db87>
...
006 (15684821.447.000) 2026-01-19 16:21:11 Image size of job updated: 420884
	79  -  MemoryUsage of job (MB)
	80096  -  ResidentSetSize of job (KB)
...
006 (15684821.447.000) 2026-01-19 16:26:12 Image size of job updated: 450256
	121  -  MemoryUsage of job (MB)
	122940  -  ResidentSetSize of job (KB)
...
040 (15684821.447.000) 2026-01-19 16:48:16 Started transferring output files
...
040 (15684821.447.000) 2026-01-19 16:48:16 Finished transferring output files
...
005 (15684821.447.000) 2026-01-19 16:48:16 Job terminated.
	(1) Normal termination (return value 0)
		Usr 0 00:26:31, Sys 0 00:00:18  -  Run Remote Usage
		Usr 0 00:00:00, Sys 0 00:00:00  -  Run Local Usage
		Usr 0 00:26:31, Sys 0 00:00:18  -  Total Remote Usage
		Usr 0 00:00:00, Sys 0 00:00:00  -  Total Local Usage
	247  -  Run Bytes Sent By Job
	148880  -  Run Bytes Received By Job
	247  -  Total Bytes Sent By Job
	148880  -  Total Bytes Received By Job
	Partitionable Resources :    Usage  Request Allocated 
	   Cpus                 :     0.98        1         1 
	   Disk (KB)            :   163     2097152   6681183 
	   Memory (MB)          :   121        4096      4096 
	   xferslots            :                           0 

	Job terminated of its own accord at 2026-01-19T21:48:16Z with exit-code 0.
...
