000 (15697407.328.000) 2026-01-21 18:36:41 Job submitted from host: <130.199.48.129:9618?addrs=130.199.48.129-9618&alias=rcas6009.rcf.bnl.gov&noUDP&sock=schedd_22421_101d>
...
040 (15697407.328.000) 2026-01-22 05:45:57 Started transferring input files
	Transferring to host: <130.199.184.205:9618?addrs=130.199.184.205-9618&alias=spool1780.sdcc.bnl.gov&noUDP&sock=slot1_13_95797_f746_277588>
...
040 (15697407.328.000) 2026-01-22 05:45:57 Finished transferring input files
...
001 (15697407.328.000) 2026-01-22 05:45:58 Job executing on host: <130.199.184.205:9618?addrs=130.199.184.205-9618&alias=spool1780.sdcc.bnl.gov&noUDP&sock=startd_95788_cad0>
...
006 (15697407.328.000) 2026-01-22 05:46:06 Image size of job updated: 420996
	81  -  MemoryUsage of job (MB)
	82864  -  ResidentSetSize of job (KB)
...
006 (15697407.328.000) 2026-01-22 05:51:06 Image size of job updated: 450760
	129  -  MemoryUsage of job (MB)
	132012  -  ResidentSetSize of job (KB)
...
040 (15697407.328.000) 2026-01-22 06:13:01 Started transferring output files
...
040 (15697407.328.000) 2026-01-22 06:13:01 Finished transferring output files
...
005 (15697407.328.000) 2026-01-22 06:13:01 Job terminated.
	(1) Normal termination (return value 0)
		Usr 0 00:26:36, Sys 0 00:00:22  -  Run Remote Usage
		Usr 0 00:00:00, Sys 0 00:00:00  -  Run Local Usage
		Usr 0 00:26:36, Sys 0 00:00:22  -  Total Remote Usage
		Usr 0 00:00:00, Sys 0 00:00:00  -  Total Local Usage
	275  -  Run Bytes Sent By Job
	148880  -  Run Bytes Received By Job
	275  -  Total Bytes Sent By Job
	148880  -  Total Bytes Received By Job
	Partitionable Resources :    Usage  Request Allocated 
	   Cpus                 :     1.00        1         1 
	   Disk (KB)            :   164     2097152   6681578 
	   Memory (MB)          :   129        4096      4096 
	   xferslots            :                           0 

	Job terminated of its own accord at 2026-01-22T11:13:01Z with exit-code 0.
...
