000 (15697407.1220.000) 2026-01-21 18:36:44 Job submitted from host: <130.199.48.129:9618?addrs=130.199.48.129-9618&alias=rcas6009.rcf.bnl.gov&noUDP&sock=schedd_22421_101d>
...
040 (15697407.1220.000) 2026-01-22 19:19:23 Started transferring input files
	Transferring to host: <130.199.186.28:9618?addrs=130.199.186.28-9618&alias=spool1825.sdcc.bnl.gov&noUDP&sock=slot1_3_94014_5146_274732>
...
040 (15697407.1220.000) 2026-01-22 19:19:23 Finished transferring input files
...
001 (15697407.1220.000) 2026-01-22 19:19:24 Job executing on host: <130.199.186.28:9618?addrs=130.199.186.28-9618&alias=spool1825.sdcc.bnl.gov&noUDP&sock=startd_94005_7ec9>
...
006 (15697407.1220.000) 2026-01-22 19:19:31 Image size of job updated: 501340
	0  -  MemoryUsage of job (MB)
	0  -  ResidentSetSize of job (KB)
...
040 (15697407.1220.000) 2026-01-22 19:19:31 Started transferring output files
...
040 (15697407.1220.000) 2026-01-22 19:19:31 Finished transferring output files
...
005 (15697407.1220.000) 2026-01-22 19:19:31 Job terminated.
	(1) Normal termination (return value 0)
		Usr 0 00:00:00, Sys 0 00:00:00  -  Run Remote Usage
		Usr 0 00:00:00, Sys 0 00:00:00  -  Run Local Usage
		Usr 0 00:00:00, Sys 0 00:00:00  -  Total Remote Usage
		Usr 0 00:00:00, Sys 0 00:00:00  -  Total Local Usage
	18  -  Run Bytes Sent By Job
	148880  -  Run Bytes Received By Job
	18  -  Total Bytes Sent By Job
	148880  -  Total Bytes Received By Job
	Partitionable Resources :    Usage  Request Allocated 
	   Cpus                 :     0.02        1         1 
	   Disk (KB)            :   163     2097152   6681577 
	   Memory (MB)          :     0        4096      4096 
	   xferslots            :                           0 

	Job terminated of its own accord at 2026-01-23T00:19:31Z with exit-code 0.
...
