000 (15564188.983.000) 2026-01-07 21:29:41 Job submitted from host: <130.199.48.129:9618?addrs=130.199.48.129-9618&alias=rcas6009.rcf.bnl.gov&noUDP&sock=schedd_22421_101d>
...
040 (15564188.983.000) 2026-01-08 02:01:45 Started transferring input files
	Transferring to host: <130.199.184.204:9618?addrs=130.199.184.204-9618&alias=spool1779.sdcc.bnl.gov&noUDP&sock=slot1_24_94050_e6ca_193233>
...
040 (15564188.983.000) 2026-01-08 02:01:45 Finished transferring input files
...
001 (15564188.983.000) 2026-01-08 02:01:46 Job executing on host: <130.199.184.204:9618?addrs=130.199.184.204-9618&alias=spool1779.sdcc.bnl.gov&noUDP&sock=startd_94041_e388>
...
006 (15564188.983.000) 2026-01-08 02:01:55 Image size of job updated: 109848
	76  -  MemoryUsage of job (MB)
	77268  -  ResidentSetSize of job (KB)
...
006 (15564188.983.000) 2026-01-08 02:06:55 Image size of job updated: 448028
	112  -  MemoryUsage of job (MB)
	114612  -  ResidentSetSize of job (KB)
...
006 (15564188.983.000) 2026-01-08 02:11:56 Image size of job updated: 448028
	112  -  MemoryUsage of job (MB)
	114616  -  ResidentSetSize of job (KB)
...
040 (15564188.983.000) 2026-01-08 02:13:17 Started transferring output files
...
040 (15564188.983.000) 2026-01-08 02:13:17 Finished transferring output files
...
005 (15564188.983.000) 2026-01-08 02:13:17 Job terminated.
	(1) Normal termination (return value 0)
		Usr 0 00:10:25, Sys 0 00:00:12  -  Run Remote Usage
		Usr 0 00:00:00, Sys 0 00:00:00  -  Run Local Usage
		Usr 0 00:10:25, Sys 0 00:00:12  -  Total Remote Usage
		Usr 0 00:00:00, Sys 0 00:00:00  -  Total Local Usage
	233  -  Run Bytes Sent By Job
	144352  -  Run Bytes Received By Job
	233  -  Total Bytes Sent By Job
	144352  -  Total Bytes Received By Job
	Partitionable Resources :    Usage  Request Allocated 
	   Cpus                 :     0.97        1         1 
	   Disk (KB)            :   159     2097152   6681567 
	   Memory (MB)          :   112        4096      4096 
	   xferslots            :                           0 

	Job terminated of its own accord at 2026-01-08T07:13:17Z with exit-code 0.
...
