000 (15560432.916.000) 2026-01-07 17:58:17 Job submitted from host: <130.199.48.129:9618?addrs=130.199.48.129-9618&alias=rcas6009.rcf.bnl.gov&noUDP&sock=schedd_22421_101d>
...
040 (15560432.916.000) 2026-01-07 20:57:52 Started transferring input files
	Transferring to host: <130.199.184.152:9618?addrs=130.199.184.152-9618&alias=spool1761.sdcc.bnl.gov&noUDP&sock=slot1_67_31056_4302_188628>
...
040 (15560432.916.000) 2026-01-07 20:57:52 Finished transferring input files
...
001 (15560432.916.000) 2026-01-07 20:57:53 Job executing on host: <130.199.184.152:9618?addrs=130.199.184.152-9618&alias=spool1761.sdcc.bnl.gov&noUDP&sock=startd_31047_1542>
...
006 (15560432.916.000) 2026-01-07 20:58:01 Image size of job updated: 103668
	71  -  MemoryUsage of job (MB)
	72256  -  ResidentSetSize of job (KB)
...
006 (15560432.916.000) 2026-01-07 20:58:53 Image size of job updated: 424524
	71  -  MemoryUsage of job (MB)
	72256  -  ResidentSetSize of job (KB)
...
040 (15560432.916.000) 2026-01-07 20:58:53 Started transferring output files
...
040 (15560432.916.000) 2026-01-07 20:58:53 Finished transferring output files
...
005 (15560432.916.000) 2026-01-07 20:58:53 Job terminated.
	(1) Normal termination (return value 0)
		Usr 0 00:00:58, Sys 0 00:00:01  -  Run Remote Usage
		Usr 0 00:00:00, Sys 0 00:00:00  -  Run Local Usage
		Usr 0 00:00:58, Sys 0 00:00:01  -  Total Remote Usage
		Usr 0 00:00:00, Sys 0 00:00:00  -  Total Local Usage
	83  -  Run Bytes Sent By Job
	144352  -  Run Bytes Received By Job
	83  -  Total Bytes Sent By Job
	144352  -  Total Bytes Received By Job
	Partitionable Resources :    Usage  Request Allocated 
	   Cpus                 :                 1         1 
	   Disk (KB)            :      153  2097152   6681590 
	   Memory (MB)          :       71     4096      4096 
	   xferslots            :                           0 

	Job terminated of its own accord at 2026-01-08T01:58:53Z with exit-code 0.
...
