000 (15690120.208.000) 2026-01-20 07:35:55 Job submitted from host: <130.199.48.129:9618?addrs=130.199.48.129-9618&alias=rcas6009.rcf.bnl.gov&noUDP&sock=schedd_22421_101d>
...
040 (15690120.208.000) 2026-01-21 00:06:55 Started transferring input files
	Transferring to host: <130.199.151.21:9618?addrs=130.199.151.21-9618&alias=spool1599.sdcc.bnl.gov&noUDP&sock=slot1_12_96838_b010_241831>
...
040 (15690120.208.000) 2026-01-21 00:06:55 Finished transferring input files
...
001 (15690120.208.000) 2026-01-21 00:06:56 Job executing on host: <130.199.151.21:9618?addrs=130.199.151.21-9618&alias=spool1599.sdcc.bnl.gov&noUDP&sock=startd_96829_416f>
...
006 (15690120.208.000) 2026-01-21 00:07:05 Image size of job updated: 505700
	80  -  MemoryUsage of job (MB)
	81504  -  ResidentSetSize of job (KB)
...
006 (15690120.208.000) 2026-01-21 00:12:06 Image size of job updated: 505700
	122  -  MemoryUsage of job (MB)
	124880  -  ResidentSetSize of job (KB)
...
006 (15690120.208.000) 2026-01-21 00:22:06 Image size of job updated: 505700
	122  -  MemoryUsage of job (MB)
	124884  -  ResidentSetSize of job (KB)
...
040 (15690120.208.000) 2026-01-21 00:34:09 Started transferring output files
...
040 (15690120.208.000) 2026-01-21 00:34:09 Finished transferring output files
...
005 (15690120.208.000) 2026-01-21 00:34:09 Job terminated.
	(1) Normal termination (return value 0)
		Usr 0 00:26:38, Sys 0 00:00:19  -  Run Remote Usage
		Usr 0 00:00:00, Sys 0 00:00:00  -  Run Local Usage
		Usr 0 00:26:38, Sys 0 00:00:19  -  Total Remote Usage
		Usr 0 00:00:00, Sys 0 00:00:00  -  Total Local Usage
	261  -  Run Bytes Sent By Job
	148880  -  Run Bytes Received By Job
	261  -  Total Bytes Sent By Job
	148880  -  Total Bytes Received By Job
	Partitionable Resources :    Usage  Request Allocated 
	   Cpus                 :     0.98        1         1 
	   Disk (KB)            :   164     2097152   6681145 
	   Memory (MB)          :   122        4096      4096 
	   xferslots            :                           0 

	Job terminated of its own accord at 2026-01-21T05:34:09Z with exit-code 0.
...
