000 (15564188.214.000) 2026-01-07 21:29:39 Job submitted from host: <130.199.48.129:9618?addrs=130.199.48.129-9618&alias=rcas6009.rcf.bnl.gov&noUDP&sock=schedd_22421_101d>
...
040 (15564188.214.000) 2026-01-08 00:08:04 Started transferring input files
	Transferring to host: <130.199.186.27:9618?addrs=130.199.186.27-9618&alias=spool1824.sdcc.bnl.gov&noUDP&sock=slot1_91_94218_f5db_183081>
...
040 (15564188.214.000) 2026-01-08 00:08:04 Finished transferring input files
...
001 (15564188.214.000) 2026-01-08 00:08:05 Job executing on host: <130.199.186.27:9618?addrs=130.199.186.27-9618&alias=spool1824.sdcc.bnl.gov&noUDP&sock=startd_94209_0f05>
...
006 (15564188.214.000) 2026-01-08 00:08:14 Image size of job updated: 342724
	89  -  MemoryUsage of job (MB)
	90860  -  ResidentSetSize of job (KB)
...
006 (15564188.214.000) 2026-01-08 00:13:14 Image size of job updated: 695768
	128  -  MemoryUsage of job (MB)
	130304  -  ResidentSetSize of job (KB)
...
006 (15564188.214.000) 2026-01-08 00:18:15 Image size of job updated: 695768
	128  -  MemoryUsage of job (MB)
	130312  -  ResidentSetSize of job (KB)
...
006 (15564188.214.000) 2026-01-08 00:28:16 Image size of job updated: 695768
	129  -  MemoryUsage of job (MB)
	131684  -  ResidentSetSize of job (KB)
...
006 (15564188.214.000) 2026-01-08 00:31:29 Image size of job updated: 695768
	130  -  MemoryUsage of job (MB)
	132292  -  ResidentSetSize of job (KB)
...
040 (15564188.214.000) 2026-01-08 00:31:29 Started transferring output files
...
040 (15564188.214.000) 2026-01-08 00:31:29 Finished transferring output files
...
005 (15564188.214.000) 2026-01-08 00:31:29 Job terminated.
	(1) Normal termination (return value 0)
		Usr 0 00:20:29, Sys 0 00:00:58  -  Run Remote Usage
		Usr 0 00:00:00, Sys 0 00:00:00  -  Run Local Usage
		Usr 0 00:20:29, Sys 0 00:00:58  -  Total Remote Usage
		Usr 0 00:00:00, Sys 0 00:00:00  -  Total Local Usage
	359  -  Run Bytes Sent By Job
	144352  -  Run Bytes Received By Job
	359  -  Total Bytes Sent By Job
	144352  -  Total Bytes Received By Job
	Partitionable Resources :    Usage  Request Allocated 
	   Cpus                 :     0.99        1         1 
	   Disk (KB)            :   159     2097152   6681576 
	   Memory (MB)          :   130        4096      4096 
	   xferslots            :                           0 

	Job terminated of its own accord at 2026-01-08T05:31:29Z with exit-code 0.
...
