000 (15560432.006.000) 2026-01-07 17:58:15 Job submitted from host: <130.199.48.129:9618?addrs=130.199.48.129-9618&alias=rcas6009.rcf.bnl.gov&noUDP&sock=schedd_22421_101d>
...
040 (15560432.006.000) 2026-01-07 18:02:28 Started transferring input files
	Transferring to host: <130.199.186.20:9618?addrs=130.199.186.20-9618&alias=spool1817.sdcc.bnl.gov&noUDP&sock=slot1_48_24187_e112_247841>
...
040 (15560432.006.000) 2026-01-07 18:02:28 Finished transferring input files
...
001 (15560432.006.000) 2026-01-07 18:02:29 Job executing on host: <130.199.186.20:9618?addrs=130.199.186.20-9618&alias=spool1817.sdcc.bnl.gov&noUDP&sock=startd_24178_219a>
...
006 (15560432.006.000) 2026-01-07 18:02:38 Image size of job updated: 108340
	75  -  MemoryUsage of job (MB)
	75868  -  ResidentSetSize of job (KB)
...
006 (15560432.006.000) 2026-01-07 18:03:51 Image size of job updated: 424452
	75  -  MemoryUsage of job (MB)
	75868  -  ResidentSetSize of job (KB)
...
040 (15560432.006.000) 2026-01-07 18:03:52 Started transferring output files
...
040 (15560432.006.000) 2026-01-07 18:03:52 Finished transferring output files
...
005 (15560432.006.000) 2026-01-07 18:03:52 Job terminated.
	(1) Normal termination (return value 0)
		Usr 0 00:01:19, Sys 0 00:00:01  -  Run Remote Usage
		Usr 0 00:00:00, Sys 0 00:00:00  -  Run Local Usage
		Usr 0 00:01:19, Sys 0 00:00:01  -  Total Remote Usage
		Usr 0 00:00:00, Sys 0 00:00:00  -  Total Local Usage
	109  -  Run Bytes Sent By Job
	144352  -  Run Bytes Received By Job
	109  -  Total Bytes Sent By Job
	144352  -  Total Bytes Received By Job
	Partitionable Resources :    Usage  Request Allocated 
	   Cpus                 :                 1         1 
	   Disk (KB)            :      153  2097152   6681552 
	   Memory (MB)          :       75     4096      4096 
	   xferslots            :                           0 

	Job terminated of its own accord at 2026-01-07T23:03:51Z with exit-code 0.
...
