000 (15690120.931.000) 2026-01-20 07:35:57 Job submitted from host: <130.199.48.129:9618?addrs=130.199.48.129-9618&alias=rcas6009.rcf.bnl.gov&noUDP&sock=schedd_22421_101d>
...
040 (15690120.931.000) 2026-01-21 14:02:10 Started transferring input files
	Transferring to host: <130.199.150.93:9618?addrs=130.199.150.93-9618&alias=spool1574.sdcc.bnl.gov&noUDP&sock=slot1_9_94784_ebaa_256947>
...
040 (15690120.931.000) 2026-01-21 14:02:10 Finished transferring input files
...
001 (15690120.931.000) 2026-01-21 14:02:11 Job executing on host: <130.199.150.93:9618?addrs=130.199.150.93-9618&alias=spool1574.sdcc.bnl.gov&noUDP&sock=startd_94775_30c7>
...
006 (15690120.931.000) 2026-01-21 14:02:20 Image size of job updated: 341536
	50  -  MemoryUsage of job (MB)
	50716  -  ResidentSetSize of job (KB)
...
006 (15690120.931.000) 2026-01-21 14:07:21 Image size of job updated: 447976
	101  -  MemoryUsage of job (MB)
	102404  -  ResidentSetSize of job (KB)
...
040 (15690120.931.000) 2026-01-21 14:16:48 Started transferring output files
...
040 (15690120.931.000) 2026-01-21 14:16:48 Finished transferring output files
...
005 (15690120.931.000) 2026-01-21 14:16:48 Job terminated.
	(1) Normal termination (return value 0)
		Usr 0 00:14:05, Sys 0 00:00:09  -  Run Remote Usage
		Usr 0 00:00:00, Sys 0 00:00:00  -  Run Local Usage
		Usr 0 00:14:05, Sys 0 00:00:09  -  Total Remote Usage
		Usr 0 00:00:00, Sys 0 00:00:00  -  Total Local Usage
	177  -  Run Bytes Sent By Job
	148880  -  Run Bytes Received By Job
	177  -  Total Bytes Sent By Job
	148880  -  Total Bytes Received By Job
	Partitionable Resources :    Usage  Request Allocated 
	   Cpus                 :     1.00        1         1 
	   Disk (KB)            :   164     2097152   6681104 
	   Memory (MB)          :   101        4096      4096 
	   xferslots            :                           0 

	Job terminated of its own accord at 2026-01-21T19:16:48Z with exit-code 0.
...
