000 (15564188.248.000) 2026-01-07 21:29:39 Job submitted from host: <130.199.48.129:9618?addrs=130.199.48.129-9618&alias=rcas6009.rcf.bnl.gov&noUDP&sock=schedd_22421_101d>
...
040 (15564188.248.000) 2026-01-08 00:20:01 Started transferring input files
	Transferring to host: <130.199.150.96:9618?addrs=130.199.150.96-9618&alias=spool1577.sdcc.bnl.gov&noUDP&sock=slot1_83_24963_e9b7_185810>
...
040 (15564188.248.000) 2026-01-08 00:20:01 Finished transferring input files
...
001 (15564188.248.000) 2026-01-08 00:20:02 Job executing on host: <130.199.150.96:9618?addrs=130.199.150.96-9618&alias=spool1577.sdcc.bnl.gov&noUDP&sock=startd_24954_b9b8>
...
006 (15564188.248.000) 2026-01-08 00:20:11 Image size of job updated: 115396
	83  -  MemoryUsage of job (MB)
	84688  -  ResidentSetSize of job (KB)
...
006 (15564188.248.000) 2026-01-08 00:25:12 Image size of job updated: 642424
	146  -  MemoryUsage of job (MB)
	149184  -  ResidentSetSize of job (KB)
...
006 (15564188.248.000) 2026-01-08 00:30:12 Image size of job updated: 642424
	146  -  MemoryUsage of job (MB)
	149208  -  ResidentSetSize of job (KB)
...
006 (15564188.248.000) 2026-01-08 00:35:13 Image size of job updated: 642424
	146  -  MemoryUsage of job (MB)
	149216  -  ResidentSetSize of job (KB)
...
006 (15564188.248.000) 2026-01-08 00:45:14 Image size of job updated: 644996
	151  -  MemoryUsage of job (MB)
	154120  -  ResidentSetSize of job (KB)
...
040 (15564188.248.000) 2026-01-08 00:45:42 Started transferring output files
...
040 (15564188.248.000) 2026-01-08 00:45:42 Finished transferring output files
...
005 (15564188.248.000) 2026-01-08 00:45:42 Job terminated.
	(1) Normal termination (return value 0)
		Usr 0 00:23:14, Sys 0 00:00:27  -  Run Remote Usage
		Usr 0 00:00:00, Sys 0 00:00:00  -  Run Local Usage
		Usr 0 00:23:14, Sys 0 00:00:27  -  Total Remote Usage
		Usr 0 00:00:00, Sys 0 00:00:00  -  Total Local Usage
	373  -  Run Bytes Sent By Job
	144352  -  Run Bytes Received By Job
	373  -  Total Bytes Sent By Job
	144352  -  Total Bytes Received By Job
	Partitionable Resources :    Usage  Request Allocated 
	   Cpus                 :     0.87        1         1 
	   Disk (KB)            :   159     2097152   6681182 
	   Memory (MB)          :   151        4096      4096 
	   xferslots            :                           0 

	Job terminated of its own accord at 2026-01-08T05:45:42Z with exit-code 0.
...
