000 (15554417.1074.000) 2026-01-07 12:44:35 Job submitted from host: <130.199.48.129:9618?addrs=130.199.48.129-9618&alias=rcas6009.rcf.bnl.gov&noUDP&sock=schedd_22421_101d>
...
040 (15554417.1074.000) 2026-01-07 14:12:45 Started transferring input files
	Transferring to host: <130.199.150.79:9618?addrs=130.199.150.79-9618&alias=spool1560.sdcc.bnl.gov&noUDP&sock=slot1_78_96765_c7fe_188104>
...
040 (15554417.1074.000) 2026-01-07 14:12:45 Finished transferring input files
...
001 (15554417.1074.000) 2026-01-07 14:12:46 Job executing on host: <130.199.150.79:9618?addrs=130.199.150.79-9618&alias=spool1560.sdcc.bnl.gov&noUDP&sock=startd_96756_26eb>
...
006 (15554417.1074.000) 2026-01-07 14:12:54 Image size of job updated: 422244
	74  -  MemoryUsage of job (MB)
	74772  -  ResidentSetSize of job (KB)
...
006 (15554417.1074.000) 2026-01-07 14:13:48 Image size of job updated: 423852
	74  -  MemoryUsage of job (MB)
	74772  -  ResidentSetSize of job (KB)
...
040 (15554417.1074.000) 2026-01-07 14:13:49 Started transferring output files
...
040 (15554417.1074.000) 2026-01-07 14:13:49 Finished transferring output files
...
005 (15554417.1074.000) 2026-01-07 14:13:49 Job terminated.
	(1) Normal termination (return value 0)
		Usr 0 00:01:01, Sys 0 00:00:00  -  Run Remote Usage
		Usr 0 00:00:00, Sys 0 00:00:00  -  Run Local Usage
		Usr 0 00:01:01, Sys 0 00:00:00  -  Total Remote Usage
		Usr 0 00:00:00, Sys 0 00:00:00  -  Total Local Usage
	109  -  Run Bytes Sent By Job
	144352  -  Run Bytes Received By Job
	109  -  Total Bytes Sent By Job
	144352  -  Total Bytes Received By Job
	Partitionable Resources :    Usage  Request Allocated 
	   Cpus                 :     1.00        1         1 
	   Disk (KB)            :   159     2097152   6681201 
	   Memory (MB)          :    74        4096      4096 
	   xferslots            :                           0 

	Job terminated of its own accord at 2026-01-07T19:13:48Z with exit-code 0.
...
