000 (15684821.1190.000) 2026-01-19 15:56:23 Job submitted from host: <130.199.48.129:9618?addrs=130.199.48.129-9618&alias=rcas6009.rcf.bnl.gov&noUDP&sock=schedd_22421_101d>
...
040 (15684821.1190.000) 2026-01-19 16:32:39 Started transferring input files
	Transferring to host: <130.199.186.86:9618?addrs=130.199.186.86-9618&alias=spool1849.sdcc.bnl.gov&noUDP&sock=slot1_83_24370_03c5_242610>
...
040 (15684821.1190.000) 2026-01-19 16:32:39 Finished transferring input files
...
001 (15684821.1190.000) 2026-01-19 16:32:40 Job executing on host: <130.199.186.86:9618?addrs=130.199.186.86-9618&alias=spool1849.sdcc.bnl.gov&noUDP&sock=startd_24362_5d6c>
...
006 (15684821.1190.000) 2026-01-19 16:32:49 Image size of job updated: 105916
	74  -  MemoryUsage of job (MB)
	74972  -  ResidentSetSize of job (KB)
...
006 (15684821.1190.000) 2026-01-19 16:36:35 Image size of job updated: 449536
	74  -  MemoryUsage of job (MB)
	74972  -  ResidentSetSize of job (KB)
...
040 (15684821.1190.000) 2026-01-19 16:36:35 Started transferring output files
...
040 (15684821.1190.000) 2026-01-19 16:36:35 Finished transferring output files
...
005 (15684821.1190.000) 2026-01-19 16:36:35 Job terminated.
	(1) Normal termination (return value 0)
		Usr 0 00:03:33, Sys 0 00:00:03  -  Run Remote Usage
		Usr 0 00:00:00, Sys 0 00:00:00  -  Run Local Usage
		Usr 0 00:03:33, Sys 0 00:00:03  -  Total Remote Usage
		Usr 0 00:00:00, Sys 0 00:00:00  -  Total Local Usage
	109  -  Run Bytes Sent By Job
	148880  -  Run Bytes Received By Job
	109  -  Total Bytes Sent By Job
	148880  -  Total Bytes Received By Job
	Partitionable Resources :    Usage  Request Allocated 
	   Cpus                 :     0.99        1         1 
	   Disk (KB)            :   163     2097152   6681508 
	   Memory (MB)          :    74        4096      4096 
	   xferslots            :                           0 

	Job terminated of its own accord at 2026-01-19T21:36:35Z with exit-code 0.
...
