000 (15690120.213.000) 2026-01-20 07:35:55 Job submitted from host: <130.199.48.129:9618?addrs=130.199.48.129-9618&alias=rcas6009.rcf.bnl.gov&noUDP&sock=schedd_22421_101d>
...
040 (15690120.213.000) 2026-01-21 00:20:49 Started transferring input files
	Transferring to host: <130.199.150.89:9618?addrs=130.199.150.89-9618&alias=spool1570.sdcc.bnl.gov&noUDP&sock=slot1_43_96783_12c0_243876>
...
040 (15690120.213.000) 2026-01-21 00:20:49 Finished transferring input files
...
001 (15690120.213.000) 2026-01-21 00:20:50 Job executing on host: <130.199.150.89:9618?addrs=130.199.150.89-9618&alias=spool1570.sdcc.bnl.gov&noUDP&sock=startd_96764_af15>
...
006 (15690120.213.000) 2026-01-21 00:20:58 Image size of job updated: 692384
	99  -  MemoryUsage of job (MB)
	101280  -  ResidentSetSize of job (KB)
...
006 (15690120.213.000) 2026-01-21 00:25:58 Image size of job updated: 696368
	133  -  MemoryUsage of job (MB)
	135820  -  ResidentSetSize of job (KB)
...
006 (15690120.213.000) 2026-01-21 00:30:59 Image size of job updated: 696368
	133  -  MemoryUsage of job (MB)
	136128  -  ResidentSetSize of job (KB)
...
006 (15690120.213.000) 2026-01-21 00:35:59 Image size of job updated: 696368
	140  -  MemoryUsage of job (MB)
	142944  -  ResidentSetSize of job (KB)
...
006 (15690120.213.000) 2026-01-21 01:11:03 Image size of job updated: 696368
	144  -  MemoryUsage of job (MB)
	147228  -  ResidentSetSize of job (KB)
...
040 (15690120.213.000) 2026-01-21 01:17:18 Started transferring output files
...
040 (15690120.213.000) 2026-01-21 01:17:18 Finished transferring output files
...
005 (15690120.213.000) 2026-01-21 01:17:18 Job terminated.
	(1) Normal termination (return value 0)
		Usr 0 00:52:54, Sys 0 00:02:25  -  Run Remote Usage
		Usr 0 00:00:00, Sys 0 00:00:00  -  Run Local Usage
		Usr 0 00:52:54, Sys 0 00:02:25  -  Total Remote Usage
		Usr 0 00:00:00, Sys 0 00:00:00  -  Total Local Usage
	387  -  Run Bytes Sent By Job
	148880  -  Run Bytes Received By Job
	387  -  Total Bytes Sent By Job
	148880  -  Total Bytes Received By Job
	Partitionable Resources :    Usage  Request Allocated 
	   Cpus                 :     0.96        1         1 
	   Disk (KB)            :   164     2097152   6681178 
	   Memory (MB)          :   144        4096      4096 
	   xferslots            :                           0 

	Job terminated of its own accord at 2026-01-21T06:17:17Z with exit-code 0.
...
