000 (15697407.471.000) 2026-01-21 18:36:42 Job submitted from host: <130.199.48.129:9618?addrs=130.199.48.129-9618&alias=rcas6009.rcf.bnl.gov&noUDP&sock=schedd_22421_101d>
...
040 (15697407.471.000) 2026-01-22 09:53:16 Started transferring input files
	Transferring to host: <130.199.151.22:9618?addrs=130.199.151.22-9618&alias=spool1600.sdcc.bnl.gov&noUDP&sock=slot1_57_25096_204f_260522>
...
040 (15697407.471.000) 2026-01-22 09:53:16 Finished transferring input files
...
001 (15697407.471.000) 2026-01-22 09:53:17 Job executing on host: <130.199.151.22:9618?addrs=130.199.151.22-9618&alias=spool1600.sdcc.bnl.gov&noUDP&sock=startd_25087_d17b>
...
006 (15697407.471.000) 2026-01-22 09:53:26 Image size of job updated: 334036
	75  -  MemoryUsage of job (MB)
	76612  -  ResidentSetSize of job (KB)
...
006 (15697407.471.000) 2026-01-22 09:58:27 Image size of job updated: 424576
	98  -  MemoryUsage of job (MB)
	99452  -  ResidentSetSize of job (KB)
...
006 (15697407.471.000) 2026-01-22 10:03:27 Image size of job updated: 424576
	98  -  MemoryUsage of job (MB)
	99504  -  ResidentSetSize of job (KB)
...
006 (15697407.471.000) 2026-01-22 10:08:28 Image size of job updated: 424576
	98  -  MemoryUsage of job (MB)
	99520  -  ResidentSetSize of job (KB)
...
040 (15697407.471.000) 2026-01-22 10:10:46 Started transferring output files
...
040 (15697407.471.000) 2026-01-22 10:10:46 Finished transferring output files
...
005 (15697407.471.000) 2026-01-22 10:10:46 Job terminated.
	(1) Normal termination (return value 0)
		Usr 0 00:15:55, Sys 0 00:00:15  -  Run Remote Usage
		Usr 0 00:00:00, Sys 0 00:00:00  -  Run Local Usage
		Usr 0 00:15:55, Sys 0 00:00:15  -  Total Remote Usage
		Usr 0 00:00:00, Sys 0 00:00:00  -  Total Local Usage
	219  -  Run Bytes Sent By Job
	148880  -  Run Bytes Received By Job
	219  -  Total Bytes Sent By Job
	148880  -  Total Bytes Received By Job
	Partitionable Resources :    Usage  Request Allocated 
	   Cpus                 :     0.95        1         1 
	   Disk (KB)            :   163     2097152   6681187 
	   Memory (MB)          :    98        4096      4096 
	   xferslots            :                           0 

	Job terminated of its own accord at 2026-01-22T15:10:46Z with exit-code 0.
...
