000 (15697407.1105.000) 2026-01-21 18:36:43 Job submitted from host: <130.199.48.129:9618?addrs=130.199.48.129-9618&alias=rcas6009.rcf.bnl.gov&noUDP&sock=schedd_22421_101d>
...
040 (15697407.1105.000) 2026-01-22 18:47:36 Started transferring input files
	Transferring to host: <130.199.150.88:9618?addrs=130.199.150.88-9618&alias=spool1569.sdcc.bnl.gov&noUDP&sock=slot1_11_55415_0ea5_258617>
...
040 (15697407.1105.000) 2026-01-22 18:47:36 Finished transferring input files
...
001 (15697407.1105.000) 2026-01-22 18:47:37 Job executing on host: <130.199.150.88:9618?addrs=130.199.150.88-9618&alias=spool1569.sdcc.bnl.gov&noUDP&sock=startd_55407_b72c>
...
006 (15697407.1105.000) 2026-01-22 18:47:48 Image size of job updated: 421696
	70  -  MemoryUsage of job (MB)
	71036  -  ResidentSetSize of job (KB)
...
006 (15697407.1105.000) 2026-01-22 18:52:03 Image size of job updated: 424316
	70  -  MemoryUsage of job (MB)
	71036  -  ResidentSetSize of job (KB)
...
040 (15697407.1105.000) 2026-01-22 18:52:03 Started transferring output files
...
040 (15697407.1105.000) 2026-01-22 18:52:03 Finished transferring output files
...
005 (15697407.1105.000) 2026-01-22 18:52:03 Job terminated.
	(1) Normal termination (return value 0)
		Usr 0 00:04:16, Sys 0 00:00:03  -  Run Remote Usage
		Usr 0 00:00:00, Sys 0 00:00:00  -  Run Local Usage
		Usr 0 00:04:16, Sys 0 00:00:03  -  Total Remote Usage
		Usr 0 00:00:00, Sys 0 00:00:00  -  Total Local Usage
	135  -  Run Bytes Sent By Job
	148880  -  Run Bytes Received By Job
	135  -  Total Bytes Sent By Job
	148880  -  Total Bytes Received By Job
	Partitionable Resources :    Usage  Request Allocated 
	   Cpus                 :     0.94        1         1 
	   Disk (KB)            :   163     2097152   6681192 
	   Memory (MB)          :    70        4096      4096 
	   xferslots            :                           0 

	Job terminated of its own accord at 2026-01-22T23:52:03Z with exit-code 0.
...
