000 (15690120.508.000) 2026-01-20 07:35:56 Job submitted from host: <130.199.48.129:9618?addrs=130.199.48.129-9618&alias=rcas6009.rcf.bnl.gov&noUDP&sock=schedd_22421_101d>
...
040 (15690120.508.000) 2026-01-21 09:25:43 Started transferring input files
	Transferring to host: <130.199.184.156:9618?addrs=130.199.184.156-9618&alias=spool1765.sdcc.bnl.gov&noUDP&sock=slot1_94_58527_198d_250712>
...
040 (15690120.508.000) 2026-01-21 09:25:43 Finished transferring input files
...
001 (15690120.508.000) 2026-01-21 09:25:44 Job executing on host: <130.199.184.156:9618?addrs=130.199.184.156-9618&alias=spool1765.sdcc.bnl.gov&noUDP&sock=startd_58518_4ec8>
...
006 (15690120.508.000) 2026-01-21 09:25:53 Image size of job updated: 382288
	78  -  MemoryUsage of job (MB)
	79436  -  ResidentSetSize of job (KB)
...
006 (15690120.508.000) 2026-01-21 09:30:54 Image size of job updated: 450420
	115  -  MemoryUsage of job (MB)
	117092  -  ResidentSetSize of job (KB)
...
040 (15690120.508.000) 2026-01-21 09:48:37 Started transferring output files
...
040 (15690120.508.000) 2026-01-21 09:48:37 Finished transferring output files
...
005 (15690120.508.000) 2026-01-21 09:48:37 Job terminated.
	(1) Normal termination (return value 0)
		Usr 0 00:21:18, Sys 0 00:00:14  -  Run Remote Usage
		Usr 0 00:00:00, Sys 0 00:00:00  -  Run Local Usage
		Usr 0 00:21:18, Sys 0 00:00:14  -  Total Remote Usage
		Usr 0 00:00:00, Sys 0 00:00:00  -  Total Local Usage
	219  -  Run Bytes Sent By Job
	148880  -  Run Bytes Received By Job
	219  -  Total Bytes Sent By Job
	148880  -  Total Bytes Received By Job
	Partitionable Resources :    Usage  Request Allocated 
	   Cpus                 :     0.91        1         1 
	   Disk (KB)            :   163     2097152   6681570 
	   Memory (MB)          :   115        4096      4096 
	   xferslots            :                           0 

	Job terminated of its own accord at 2026-01-21T14:48:37Z with exit-code 0.
...
