000 (15560432.733.000) 2026-01-07 17:58:17 Job submitted from host: <130.199.48.129:9618?addrs=130.199.48.129-9618&alias=rcas6009.rcf.bnl.gov&noUDP&sock=schedd_22421_101d>
...
040 (15560432.733.000) 2026-01-07 20:53:35 Started transferring input files
	Transferring to host: <130.199.151.3:9618?addrs=130.199.151.3-9618&alias=spool1581.sdcc.bnl.gov&noUDP&sock=slot1_47_95061_7851_188156>
...
040 (15560432.733.000) 2026-01-07 20:53:35 Finished transferring input files
...
001 (15560432.733.000) 2026-01-07 20:53:36 Job executing on host: <130.199.151.3:9618?addrs=130.199.151.3-9618&alias=spool1581.sdcc.bnl.gov&noUDP&sock=startd_95052_db87>
...
006 (15560432.733.000) 2026-01-07 20:53:44 Image size of job updated: 422716
	81  -  MemoryUsage of job (MB)
	82144  -  ResidentSetSize of job (KB)
...
006 (15560432.733.000) 2026-01-07 20:56:46 Image size of job updated: 424616
	81  -  MemoryUsage of job (MB)
	82152  -  ResidentSetSize of job (KB)
...
040 (15560432.733.000) 2026-01-07 20:56:46 Started transferring output files
...
040 (15560432.733.000) 2026-01-07 20:56:46 Finished transferring output files
...
005 (15560432.733.000) 2026-01-07 20:56:46 Job terminated.
	(1) Normal termination (return value 0)
		Usr 0 00:03:05, Sys 0 00:00:03  -  Run Remote Usage
		Usr 0 00:00:00, Sys 0 00:00:00  -  Run Local Usage
		Usr 0 00:03:05, Sys 0 00:00:03  -  Total Remote Usage
		Usr 0 00:00:00, Sys 0 00:00:00  -  Total Local Usage
	135  -  Run Bytes Sent By Job
	144352  -  Run Bytes Received By Job
	135  -  Total Bytes Sent By Job
	144352  -  Total Bytes Received By Job
	Partitionable Resources :    Usage  Request Allocated 
	   Cpus                 :                 1         1 
	   Disk (KB)            :      153  2097152   6681183 
	   Memory (MB)          :       81     4096      4096 
	   xferslots            :                           0 

	Job terminated of its own accord at 2026-01-08T01:56:46Z with exit-code 0.
...
