000 (15697407.406.000) 2026-01-21 18:36:41 Job submitted from host: <130.199.48.129:9618?addrs=130.199.48.129-9618&alias=rcas6009.rcf.bnl.gov&noUDP&sock=schedd_22421_101d>
...
040 (15697407.406.000) 2026-01-22 07:54:39 Started transferring input files
	Transferring to host: <130.199.186.69:9618?addrs=130.199.186.69-9618&alias=spool1832.sdcc.bnl.gov&noUDP&sock=slot1_86_96031_c31e_290228>
...
040 (15697407.406.000) 2026-01-22 07:54:40 Finished transferring input files
...
001 (15697407.406.000) 2026-01-22 07:54:41 Job executing on host: <130.199.186.69:9618?addrs=130.199.186.69-9618&alias=spool1832.sdcc.bnl.gov&noUDP&sock=startd_96022_d9ac>
...
006 (15697407.406.000) 2026-01-22 07:54:49 Image size of job updated: 422784
	82  -  MemoryUsage of job (MB)
	83572  -  ResidentSetSize of job (KB)
...
006 (15697407.406.000) 2026-01-22 07:59:49 Image size of job updated: 450260
	126  -  MemoryUsage of job (MB)
	128428  -  ResidentSetSize of job (KB)
...
040 (15697407.406.000) 2026-01-22 08:21:25 Started transferring output files
...
040 (15697407.406.000) 2026-01-22 08:21:25 Finished transferring output files
...
005 (15697407.406.000) 2026-01-22 08:21:25 Job terminated.
	(1) Normal termination (return value 0)
		Usr 0 00:26:27, Sys 0 00:00:14  -  Run Remote Usage
		Usr 0 00:00:00, Sys 0 00:00:00  -  Run Local Usage
		Usr 0 00:26:27, Sys 0 00:00:14  -  Total Remote Usage
		Usr 0 00:00:00, Sys 0 00:00:00  -  Total Local Usage
	275  -  Run Bytes Sent By Job
	148880  -  Run Bytes Received By Job
	275  -  Total Bytes Sent By Job
	148880  -  Total Bytes Received By Job
	Partitionable Resources :    Usage  Request Allocated 
	   Cpus                 :     1.00        1         1 
	   Disk (KB)            :   163     2097152   6681499 
	   Memory (MB)          :   126        4096      4096 
	   xferslots            :                           0 

	Job terminated of its own accord at 2026-01-22T13:21:24Z with exit-code 0.
...
