000 (15684821.774.000) 2026-01-19 15:56:22 Job submitted from host: <130.199.48.129:9618?addrs=130.199.48.129-9618&alias=rcas6009.rcf.bnl.gov&noUDP&sock=schedd_22421_101d>
...
040 (15684821.774.000) 2026-01-19 16:28:21 Started transferring input files
	Transferring to host: <130.199.151.28:9618?addrs=130.199.151.28-9618&alias=spool1606.sdcc.bnl.gov&noUDP&sock=slot1_79_25111_33f0_239362>
...
040 (15684821.774.000) 2026-01-19 16:28:22 Finished transferring input files
...
001 (15684821.774.000) 2026-01-19 16:28:23 Job executing on host: <130.199.151.28:9618?addrs=130.199.151.28-9618&alias=spool1606.sdcc.bnl.gov&noUDP&sock=startd_25102_90cb>
...
006 (15684821.774.000) 2026-01-19 16:28:31 Image size of job updated: 500440
	71  -  MemoryUsage of job (MB)
	72136  -  ResidentSetSize of job (KB)
...
006 (15684821.774.000) 2026-01-19 16:33:31 Image size of job updated: 500440
	89  -  MemoryUsage of job (MB)
	90832  -  ResidentSetSize of job (KB)
...
040 (15684821.774.000) 2026-01-19 16:42:34 Started transferring output files
...
040 (15684821.774.000) 2026-01-19 16:42:34 Finished transferring output files
...
005 (15684821.774.000) 2026-01-19 16:42:34 Job terminated.
	(1) Normal termination (return value 0)
		Usr 0 00:13:15, Sys 0 00:00:08  -  Run Remote Usage
		Usr 0 00:00:00, Sys 0 00:00:00  -  Run Local Usage
		Usr 0 00:13:15, Sys 0 00:00:08  -  Total Remote Usage
		Usr 0 00:00:00, Sys 0 00:00:00  -  Total Local Usage
	177  -  Run Bytes Sent By Job
	148880  -  Run Bytes Received By Job
	177  -  Total Bytes Sent By Job
	148880  -  Total Bytes Received By Job
	Partitionable Resources :    Usage  Request Allocated 
	   Cpus                 :     0.98        1         1 
	   Disk (KB)            :   163     2097152   6681186 
	   Memory (MB)          :    89        4096      4096 
	   xferslots            :                           0 

	Job terminated of its own accord at 2026-01-19T21:42:34Z with exit-code 0.
...
