000 (16235385.811.000) 2026-01-23 10:57:29 Job submitted from host: <130.199.48.128:9618?addrs=130.199.48.128-9618&alias=rcas6008.rcf.bnl.gov&noUDP&sock=schedd_18725_535a>
...
040 (16235385.811.000) 2026-01-23 12:23:18 Started transferring input files
	Transferring to host: <130.199.150.97:9618?addrs=130.199.150.97-9618&alias=spool1578.sdcc.bnl.gov&noUDP&sock=slot1_27_96534_3347_269135>
...
040 (16235385.811.000) 2026-01-23 12:23:18 Finished transferring input files
...
001 (16235385.811.000) 2026-01-23 12:23:19 Job executing on host: <130.199.150.97:9618?addrs=130.199.150.97-9618&alias=spool1578.sdcc.bnl.gov&noUDP&sock=startd_96525_0b1f>
...
006 (16235385.811.000) 2026-01-23 12:23:28 Image size of job updated: 420044
	67  -  MemoryUsage of job (MB)
	67996  -  ResidentSetSize of job (KB)
...
006 (16235385.811.000) 2026-01-23 12:28:28 Image size of job updated: 447856
	93  -  MemoryUsage of job (MB)
	94828  -  ResidentSetSize of job (KB)
...
040 (16235385.811.000) 2026-01-23 12:32:34 Started transferring output files
...
040 (16235385.811.000) 2026-01-23 12:32:34 Finished transferring output files
...
005 (16235385.811.000) 2026-01-23 12:32:34 Job terminated.
	(1) Normal termination (return value 0)
		Usr 0 00:09:04, Sys 0 00:00:06  -  Run Remote Usage
		Usr 0 00:00:00, Sys 0 00:00:00  -  Run Local Usage
		Usr 0 00:09:04, Sys 0 00:00:06  -  Total Remote Usage
		Usr 0 00:00:00, Sys 0 00:00:00  -  Total Local Usage
	163  -  Run Bytes Sent By Job
	148880  -  Run Bytes Received By Job
	163  -  Total Bytes Sent By Job
	148880  -  Total Bytes Received By Job
	Partitionable Resources :    Usage  Request Allocated 
	   Cpus                 :     1.00        1         1 
	   Disk (KB)            :   163     2097152   6681108 
	   Memory (MB)          :    93        4096      4096 
	   xferslots            :                           0 

	Job terminated of its own accord at 2026-01-23T17:32:34Z with exit-code 0.
...
