000 (15697407.215.000) 2026-01-21 18:36:41 Job submitted from host: <130.199.48.129:9618?addrs=130.199.48.129-9618&alias=rcas6009.rcf.bnl.gov&noUDP&sock=schedd_22421_101d>
...
040 (15697407.215.000) 2026-01-22 00:55:20 Started transferring input files
	Transferring to host: <130.199.184.220:9618?addrs=130.199.184.220-9618&alias=spool1795.sdcc.bnl.gov&noUDP&sock=slot1_95_94169_c6cc_249395>
...
040 (15697407.215.000) 2026-01-22 00:55:20 Finished transferring input files
...
001 (15697407.215.000) 2026-01-22 00:55:21 Job executing on host: <130.199.184.220:9618?addrs=130.199.184.220-9618&alias=spool1795.sdcc.bnl.gov&noUDP&sock=startd_94161_de06>
...
006 (15697407.215.000) 2026-01-22 00:55:30 Image size of job updated: 120776
	87  -  MemoryUsage of job (MB)
	88304  -  ResidentSetSize of job (KB)
...
006 (15697407.215.000) 2026-01-22 01:00:31 Image size of job updated: 449540
	102  -  MemoryUsage of job (MB)
	103712  -  ResidentSetSize of job (KB)
...
040 (15697407.215.000) 2026-01-22 01:06:52 Started transferring output files
...
040 (15697407.215.000) 2026-01-22 01:06:53 Finished transferring output files
...
005 (15697407.215.000) 2026-01-22 01:06:53 Job terminated.
	(1) Normal termination (return value 0)
		Usr 0 00:11:20, Sys 0 00:00:08  -  Run Remote Usage
		Usr 0 00:00:00, Sys 0 00:00:00  -  Run Local Usage
		Usr 0 00:11:20, Sys 0 00:00:08  -  Total Remote Usage
		Usr 0 00:00:00, Sys 0 00:00:00  -  Total Local Usage
	177  -  Run Bytes Sent By Job
	148880  -  Run Bytes Received By Job
	177  -  Total Bytes Sent By Job
	148880  -  Total Bytes Received By Job
	Partitionable Resources :    Usage  Request Allocated 
	   Cpus                 :     1.00        1         1 
	   Disk (KB)            :   163     2097152   6681583 
	   Memory (MB)          :   102        4096      4096 
	   xferslots            :                           0 

	Job terminated of its own accord at 2026-01-22T06:06:52Z with exit-code 0.
...
