000 (15684821.911.000) 2026-01-19 15:56:22 Job submitted from host: <130.199.48.129:9618?addrs=130.199.48.129-9618&alias=rcas6009.rcf.bnl.gov&noUDP&sock=schedd_22421_101d>
...
040 (15684821.911.000) 2026-01-19 16:30:38 Started transferring input files
	Transferring to host: <130.199.150.83:9618?addrs=130.199.150.83-9618&alias=spool1564.sdcc.bnl.gov&noUDP&sock=slot1_39_55520_9810_267362>
...
040 (15684821.911.000) 2026-01-19 16:30:38 Finished transferring input files
...
001 (15684821.911.000) 2026-01-19 16:30:39 Job executing on host: <130.199.150.83:9618?addrs=130.199.150.83-9618&alias=spool1564.sdcc.bnl.gov&noUDP&sock=startd_55511_a155>
...
006 (15684821.911.000) 2026-01-19 16:30:48 Image size of job updated: 330996
	70  -  MemoryUsage of job (MB)
	70796  -  ResidentSetSize of job (KB)
...
006 (15684821.911.000) 2026-01-19 16:35:49 Image size of job updated: 450840
	99  -  MemoryUsage of job (MB)
	100428  -  ResidentSetSize of job (KB)
...
006 (15684821.911.000) 2026-01-19 16:40:50 Image size of job updated: 450840
	99  -  MemoryUsage of job (MB)
	100436  -  ResidentSetSize of job (KB)
...
040 (15684821.911.000) 2026-01-19 16:42:28 Started transferring output files
...
040 (15684821.911.000) 2026-01-19 16:42:28 Finished transferring output files
...
005 (15684821.911.000) 2026-01-19 16:42:28 Job terminated.
	(1) Normal termination (return value 0)
		Usr 0 00:11:06, Sys 0 00:00:10  -  Run Remote Usage
		Usr 0 00:00:00, Sys 0 00:00:00  -  Run Local Usage
		Usr 0 00:11:06, Sys 0 00:00:10  -  Total Remote Usage
		Usr 0 00:00:00, Sys 0 00:00:00  -  Total Local Usage
	163  -  Run Bytes Sent By Job
	148880  -  Run Bytes Received By Job
	163  -  Total Bytes Sent By Job
	148880  -  Total Bytes Received By Job
	Partitionable Resources :    Usage  Request Allocated 
	   Cpus                 :     0.94        1         1 
	   Disk (KB)            :   163     2097152   6681195 
	   Memory (MB)          :    99        4096      4096 
	   xferslots            :                           0 

	Job terminated of its own accord at 2026-01-19T21:42:27Z with exit-code 0.
...
