000 (15564188.758.000) 2026-01-07 21:29:41 Job submitted from host: <130.199.48.129:9618?addrs=130.199.48.129-9618&alias=rcas6009.rcf.bnl.gov&noUDP&sock=schedd_22421_101d>
...
040 (15564188.758.000) 2026-01-08 01:49:29 Started transferring input files
	Transferring to host: <130.199.151.34:9618?addrs=130.199.151.34-9618&alias=spool1612.sdcc.bnl.gov&noUDP&sock=slot1_18_96466_fc6b_195822>
...
040 (15564188.758.000) 2026-01-08 01:49:29 Finished transferring input files
...
001 (15564188.758.000) 2026-01-08 01:49:30 Job executing on host: <130.199.151.34:9618?addrs=130.199.151.34-9618&alias=spool1612.sdcc.bnl.gov&noUDP&sock=startd_96457_85b5>
...
006 (15564188.758.000) 2026-01-08 01:49:39 Image size of job updated: 420048
	73  -  MemoryUsage of job (MB)
	74240  -  ResidentSetSize of job (KB)
...
006 (15564188.758.000) 2026-01-08 01:54:40 Image size of job updated: 447880
	102  -  MemoryUsage of job (MB)
	104100  -  ResidentSetSize of job (KB)
...
040 (15564188.758.000) 2026-01-08 01:56:50 Started transferring output files
...
040 (15564188.758.000) 2026-01-08 01:56:50 Finished transferring output files
...
005 (15564188.758.000) 2026-01-08 01:56:50 Job terminated.
	(1) Normal termination (return value 0)
		Usr 0 00:06:46, Sys 0 00:00:06  -  Run Remote Usage
		Usr 0 00:00:00, Sys 0 00:00:00  -  Run Local Usage
		Usr 0 00:06:46, Sys 0 00:00:06  -  Total Remote Usage
		Usr 0 00:00:00, Sys 0 00:00:00  -  Total Local Usage
	191  -  Run Bytes Sent By Job
	144352  -  Run Bytes Received By Job
	191  -  Total Bytes Sent By Job
	144352  -  Total Bytes Received By Job
	Partitionable Resources :    Usage  Request Allocated 
	   Cpus                 :     0.96        1         1 
	   Disk (KB)            :   159     2097152   6681197 
	   Memory (MB)          :   102        4096      4096 
	   xferslots            :                           0 

	Job terminated of its own accord at 2026-01-08T06:56:49Z with exit-code 0.
...
