000 (15690120.387.000) 2026-01-20 07:35:55 Job submitted from host: <130.199.48.129:9618?addrs=130.199.48.129-9618&alias=rcas6009.rcf.bnl.gov&noUDP&sock=schedd_22421_101d>
...
040 (15690120.387.000) 2026-01-21 08:14:48 Started transferring input files
	Transferring to host: <130.199.150.95:9618?addrs=130.199.150.95-9618&alias=spool1576.sdcc.bnl.gov&noUDP&sock=slot1_38_24869_7fc2_245183>
...
040 (15690120.387.000) 2026-01-21 08:14:48 Finished transferring input files
...
001 (15690120.387.000) 2026-01-21 08:14:49 Job executing on host: <130.199.150.95:9618?addrs=130.199.150.95-9618&alias=spool1576.sdcc.bnl.gov&noUDP&sock=startd_24860_f9c4>
...
006 (15690120.387.000) 2026-01-21 08:14:57 Image size of job updated: 422388
	65  -  MemoryUsage of job (MB)
	66468  -  ResidentSetSize of job (KB)
...
006 (15690120.387.000) 2026-01-21 08:16:58 Image size of job updated: 450844
	65  -  MemoryUsage of job (MB)
	66468  -  ResidentSetSize of job (KB)
...
040 (15690120.387.000) 2026-01-21 08:16:58 Started transferring output files
...
040 (15690120.387.000) 2026-01-21 08:16:58 Finished transferring output files
...
005 (15690120.387.000) 2026-01-21 08:16:58 Job terminated.
	(1) Normal termination (return value 0)
		Usr 0 00:02:03, Sys 0 00:00:02  -  Run Remote Usage
		Usr 0 00:00:00, Sys 0 00:00:00  -  Run Local Usage
		Usr 0 00:02:03, Sys 0 00:00:02  -  Total Remote Usage
		Usr 0 00:00:00, Sys 0 00:00:00  -  Total Local Usage
	83  -  Run Bytes Sent By Job
	148880  -  Run Bytes Received By Job
	83  -  Total Bytes Sent By Job
	148880  -  Total Bytes Received By Job
	Partitionable Resources :    Usage  Request Allocated 
	   Cpus                 :                 1         1 
	   Disk (KB)            :      157  2097152   6681187 
	   Memory (MB)          :       65     4096      4096 
	   xferslots            :                           0 

	Job terminated of its own accord at 2026-01-21T13:16:58Z with exit-code 0.
...
