000 (15684821.1029.000) 2026-01-19 15:56:23 Job submitted from host: <130.199.48.129:9618?addrs=130.199.48.129-9618&alias=rcas6009.rcf.bnl.gov&noUDP&sock=schedd_22421_101d>
...
040 (15684821.1029.000) 2026-01-19 16:30:44 Started transferring input files
	Transferring to host: <130.199.150.95:9618?addrs=130.199.150.95-9618&alias=spool1576.sdcc.bnl.gov&noUDP&sock=slot1_93_24869_7fc2_238461>
...
040 (15684821.1029.000) 2026-01-19 16:30:44 Finished transferring input files
...
001 (15684821.1029.000) 2026-01-19 16:30:45 Job executing on host: <130.199.150.95:9618?addrs=130.199.150.95-9618&alias=spool1576.sdcc.bnl.gov&noUDP&sock=startd_24860_f9c4>
...
006 (15684821.1029.000) 2026-01-19 16:30:54 Image size of job updated: 420692
	74  -  MemoryUsage of job (MB)
	74944  -  ResidentSetSize of job (KB)
...
006 (15684821.1029.000) 2026-01-19 16:35:55 Image size of job updated: 449868
	107  -  MemoryUsage of job (MB)
	108968  -  ResidentSetSize of job (KB)
...
006 (15684821.1029.000) 2026-01-19 16:40:55 Image size of job updated: 449868
	107  -  MemoryUsage of job (MB)
	108976  -  ResidentSetSize of job (KB)
...
040 (15684821.1029.000) 2026-01-19 16:50:16 Started transferring output files
...
040 (15684821.1029.000) 2026-01-19 16:50:16 Finished transferring output files
...
005 (15684821.1029.000) 2026-01-19 16:50:16 Job terminated.
	(1) Normal termination (return value 0)
		Usr 0 00:18:26, Sys 0 00:00:13  -  Run Remote Usage
		Usr 0 00:00:00, Sys 0 00:00:00  -  Run Local Usage
		Usr 0 00:18:26, Sys 0 00:00:13  -  Total Remote Usage
		Usr 0 00:00:00, Sys 0 00:00:00  -  Total Local Usage
	205  -  Run Bytes Sent By Job
	148880  -  Run Bytes Received By Job
	205  -  Total Bytes Sent By Job
	148880  -  Total Bytes Received By Job
	Partitionable Resources :    Usage  Request Allocated 
	   Cpus                 :     0.96        1         1 
	   Disk (KB)            :   163     2097152   6681187 
	   Memory (MB)          :   107        4096      4096 
	   xferslots            :                           0 

	Job terminated of its own accord at 2026-01-19T21:50:16Z with exit-code 0.
...
