000 (15564188.226.000) 2026-01-07 21:29:39 Job submitted from host: <130.199.48.129:9618?addrs=130.199.48.129-9618&alias=rcas6009.rcf.bnl.gov&noUDP&sock=schedd_22421_101d>
...
040 (15564188.226.000) 2026-01-08 00:12:22 Started transferring input files
	Transferring to host: <130.199.150.93:9618?addrs=130.199.150.93-9618&alias=spool1574.sdcc.bnl.gov&noUDP&sock=slot1_54_94784_ebaa_188807>
...
040 (15564188.226.000) 2026-01-08 00:12:22 Finished transferring input files
...
001 (15564188.226.000) 2026-01-08 00:12:23 Job executing on host: <130.199.150.93:9618?addrs=130.199.150.93-9618&alias=spool1574.sdcc.bnl.gov&noUDP&sock=startd_94775_30c7>
...
006 (15564188.226.000) 2026-01-08 00:12:31 Image size of job updated: 349220
	50  -  MemoryUsage of job (MB)
	50680  -  ResidentSetSize of job (KB)
...
006 (15564188.226.000) 2026-01-08 00:17:31 Image size of job updated: 695840
	124  -  MemoryUsage of job (MB)
	126612  -  ResidentSetSize of job (KB)
...
006 (15564188.226.000) 2026-01-08 00:27:32 Image size of job updated: 695840
	124  -  MemoryUsage of job (MB)
	126628  -  ResidentSetSize of job (KB)
...
006 (15564188.226.000) 2026-01-08 00:32:32 Image size of job updated: 695840
	131  -  MemoryUsage of job (MB)
	133368  -  ResidentSetSize of job (KB)
...
006 (15564188.226.000) 2026-01-08 00:37:33 Image size of job updated: 695840
	133  -  MemoryUsage of job (MB)
	135780  -  ResidentSetSize of job (KB)
...
040 (15564188.226.000) 2026-01-08 00:40:25 Started transferring output files
...
040 (15564188.226.000) 2026-01-08 00:40:25 Finished transferring output files
...
005 (15564188.226.000) 2026-01-08 00:40:25 Job terminated.
	(1) Normal termination (return value 0)
		Usr 0 00:24:22, Sys 0 00:01:24  -  Run Remote Usage
		Usr 0 00:00:00, Sys 0 00:00:00  -  Run Local Usage
		Usr 0 00:24:22, Sys 0 00:01:24  -  Total Remote Usage
		Usr 0 00:00:00, Sys 0 00:00:00  -  Total Local Usage
	373  -  Run Bytes Sent By Job
	144352  -  Run Bytes Received By Job
	373  -  Total Bytes Sent By Job
	144352  -  Total Bytes Received By Job
	Partitionable Resources :    Usage  Request Allocated 
	   Cpus                 :     0.91        1         1 
	   Disk (KB)            :   159     2097152   6681104 
	   Memory (MB)          :   133        4096      4096 
	   xferslots            :                           0 

	Job terminated of its own accord at 2026-01-08T05:40:25Z with exit-code 0.
...
