000 (15697407.280.000) 2026-01-21 18:36:41 Job submitted from host: <130.199.48.129:9618?addrs=130.199.48.129-9618&alias=rcas6009.rcf.bnl.gov&noUDP&sock=schedd_22421_101d>
...
040 (15697407.280.000) 2026-01-22 04:14:24 Started transferring input files
	Transferring to host: <130.199.150.83:9618?addrs=130.199.150.83-9618&alias=spool1564.sdcc.bnl.gov&noUDP&sock=slot1_49_55520_9810_278961>
...
040 (15697407.280.000) 2026-01-22 04:14:24 Finished transferring input files
...
001 (15697407.280.000) 2026-01-22 04:14:25 Job executing on host: <130.199.150.83:9618?addrs=130.199.150.83-9618&alias=spool1564.sdcc.bnl.gov&noUDP&sock=startd_55511_a155>
...
006 (15697407.280.000) 2026-01-22 04:14:34 Image size of job updated: 333628
	79  -  MemoryUsage of job (MB)
	80668  -  ResidentSetSize of job (KB)
...
006 (15697407.280.000) 2026-01-22 04:19:35 Image size of job updated: 447752
	92  -  MemoryUsage of job (MB)
	93268  -  ResidentSetSize of job (KB)
...
040 (15697407.280.000) 2026-01-22 04:22:55 Started transferring output files
...
040 (15697407.280.000) 2026-01-22 04:22:55 Finished transferring output files
...
005 (15697407.280.000) 2026-01-22 04:22:55 Job terminated.
	(1) Normal termination (return value 0)
		Usr 0 00:08:16, Sys 0 00:00:09  -  Run Remote Usage
		Usr 0 00:00:00, Sys 0 00:00:00  -  Run Local Usage
		Usr 0 00:08:16, Sys 0 00:00:09  -  Total Remote Usage
		Usr 0 00:00:00, Sys 0 00:00:00  -  Total Local Usage
	149  -  Run Bytes Sent By Job
	148880  -  Run Bytes Received By Job
	149  -  Total Bytes Sent By Job
	148880  -  Total Bytes Received By Job
	Partitionable Resources :    Usage  Request Allocated 
	   Cpus                 :     0.99        1         1 
	   Disk (KB)            :   164     2097152   6681195 
	   Memory (MB)          :    92        4096      4096 
	   xferslots            :                           0 

	Job terminated of its own accord at 2026-01-22T09:22:55Z with exit-code 0.
...
