000 (15560432.262.000) 2026-01-07 17:58:16 Job submitted from host: <130.199.48.129:9618?addrs=130.199.48.129-9618&alias=rcas6009.rcf.bnl.gov&noUDP&sock=schedd_22421_101d>
...
040 (15560432.262.000) 2026-01-07 19:42:52 Started transferring input files
	Transferring to host: <130.199.151.30:9618?addrs=130.199.151.30-9618&alias=spool1608.sdcc.bnl.gov&noUDP&sock=slot1_64_96495_66a3_187898>
...
040 (15560432.262.000) 2026-01-07 19:42:52 Finished transferring input files
...
001 (15560432.262.000) 2026-01-07 19:42:53 Job executing on host: <130.199.151.30:9618?addrs=130.199.151.30-9618&alias=spool1608.sdcc.bnl.gov&noUDP&sock=startd_96487_0455>
...
006 (15560432.262.000) 2026-01-07 19:43:02 Image size of job updated: 693596
	92  -  MemoryUsage of job (MB)
	93760  -  ResidentSetSize of job (KB)
...
006 (15560432.262.000) 2026-01-07 19:48:03 Image size of job updated: 695588
	127  -  MemoryUsage of job (MB)
	130000  -  ResidentSetSize of job (KB)
...
006 (15560432.262.000) 2026-01-07 19:53:03 Image size of job updated: 695588
	128  -  MemoryUsage of job (MB)
	130860  -  ResidentSetSize of job (KB)
...
006 (15560432.262.000) 2026-01-07 20:03:04 Image size of job updated: 695588
	131  -  MemoryUsage of job (MB)
	133464  -  ResidentSetSize of job (KB)
...
006 (15560432.262.000) 2026-01-07 20:08:05 Image size of job updated: 695588
	152  -  MemoryUsage of job (MB)
	155000  -  ResidentSetSize of job (KB)
...
040 (15560432.262.000) 2026-01-07 20:08:50 Started transferring output files
...
040 (15560432.262.000) 2026-01-07 20:08:50 Finished transferring output files
...
005 (15560432.262.000) 2026-01-07 20:08:50 Job terminated.
	(1) Normal termination (return value 0)
		Usr 0 00:24:40, Sys 0 00:01:12  -  Run Remote Usage
		Usr 0 00:00:00, Sys 0 00:00:00  -  Run Local Usage
		Usr 0 00:24:40, Sys 0 00:01:12  -  Total Remote Usage
		Usr 0 00:00:00, Sys 0 00:00:00  -  Total Local Usage
	387  -  Run Bytes Sent By Job
	144352  -  Run Bytes Received By Job
	387  -  Total Bytes Sent By Job
	144352  -  Total Bytes Received By Job
	Partitionable Resources :    Usage  Request Allocated 
	   Cpus                 :     0.99        1         1 
	   Disk (KB)            :   159     2097152   6681194 
	   Memory (MB)          :   152        4096      4096 
	   xferslots            :                           0 

	Job terminated of its own accord at 2026-01-08T01:08:50Z with exit-code 0.
...
