000 (15560432.019.000) 2026-01-07 17:58:15 Job submitted from host: <130.199.48.129:9618?addrs=130.199.48.129-9618&alias=rcas6009.rcf.bnl.gov&noUDP&sock=schedd_22421_101d>
...
040 (15560432.019.000) 2026-01-07 18:14:24 Started transferring input files
	Transferring to host: <130.199.186.27:9618?addrs=130.199.186.27-9618&alias=spool1824.sdcc.bnl.gov&noUDP&sock=slot1_68_94218_f5db_182213>
...
040 (15560432.019.000) 2026-01-07 18:14:24 Finished transferring input files
...
001 (15560432.019.000) 2026-01-07 18:14:25 Job executing on host: <130.199.186.27:9618?addrs=130.199.186.27-9618&alias=spool1824.sdcc.bnl.gov&noUDP&sock=startd_94209_0f05>
...
006 (15560432.019.000) 2026-01-07 18:14:34 Image size of job updated: 422748
	95  -  MemoryUsage of job (MB)
	96308  -  ResidentSetSize of job (KB)
...
006 (15560432.019.000) 2026-01-07 18:19:35 Image size of job updated: 424828
	96  -  MemoryUsage of job (MB)
	98000  -  ResidentSetSize of job (KB)
...
040 (15560432.019.000) 2026-01-07 18:20:12 Started transferring output files
...
040 (15560432.019.000) 2026-01-07 18:20:12 Finished transferring output files
...
005 (15560432.019.000) 2026-01-07 18:20:12 Job terminated.
	(1) Normal termination (return value 0)
		Usr 0 00:05:40, Sys 0 00:00:04  -  Run Remote Usage
		Usr 0 00:00:00, Sys 0 00:00:00  -  Run Local Usage
		Usr 0 00:05:40, Sys 0 00:00:04  -  Total Remote Usage
		Usr 0 00:00:00, Sys 0 00:00:00  -  Total Local Usage
	219  -  Run Bytes Sent By Job
	144352  -  Run Bytes Received By Job
	219  -  Total Bytes Sent By Job
	144352  -  Total Bytes Received By Job
	Partitionable Resources :    Usage  Request Allocated 
	   Cpus                 :     1.00        1         1 
	   Disk (KB)            :   159     2097152   6681576 
	   Memory (MB)          :    96        4096      4096 
	   xferslots            :                           0 

	Job terminated of its own accord at 2026-01-07T23:20:12Z with exit-code 0.
...
