000 (15554417.574.000) 2026-01-07 12:44:34 Job submitted from host: <130.199.48.129:9618?addrs=130.199.48.129-9618&alias=rcas6009.rcf.bnl.gov&noUDP&sock=schedd_22421_101d>
...
040 (15554417.574.000) 2026-01-07 13:51:54 Started transferring input files
	Transferring to host: <130.199.184.159:9618?addrs=130.199.184.159-9618&alias=spool1768.sdcc.bnl.gov&noUDP&sock=slot1_21_6355_eafc_187786>
...
040 (15554417.574.000) 2026-01-07 13:51:54 Finished transferring input files
...
001 (15554417.574.000) 2026-01-07 13:51:55 Job executing on host: <130.199.184.159:9618?addrs=130.199.184.159-9618&alias=spool1768.sdcc.bnl.gov&noUDP&sock=startd_6346_8743>
...
006 (15554417.574.000) 2026-01-07 13:52:03 Image size of job updated: 102844
	70  -  MemoryUsage of job (MB)
	71368  -  ResidentSetSize of job (KB)
...
006 (15554417.574.000) 2026-01-07 13:52:25 Image size of job updated: 448824
	70  -  MemoryUsage of job (MB)
	71368  -  ResidentSetSize of job (KB)
...
040 (15554417.574.000) 2026-01-07 13:52:25 Started transferring output files
...
040 (15554417.574.000) 2026-01-07 13:52:25 Finished transferring output files
...
005 (15554417.574.000) 2026-01-07 13:52:25 Job terminated.
	(1) Normal termination (return value 0)
		Usr 0 00:00:28, Sys 0 00:00:00  -  Run Remote Usage
		Usr 0 00:00:00, Sys 0 00:00:00  -  Run Local Usage
		Usr 0 00:00:28, Sys 0 00:00:00  -  Total Remote Usage
		Usr 0 00:00:00, Sys 0 00:00:00  -  Total Local Usage
	70  -  Run Bytes Sent By Job
	144352  -  Run Bytes Received By Job
	70  -  Total Bytes Sent By Job
	144352  -  Total Bytes Received By Job
	Partitionable Resources :    Usage  Request Allocated 
	   Cpus                 :     0.96        1         1 
	   Disk (KB)            :   159     2097152   6681586 
	   Memory (MB)          :    70        4096      4096 
	   xferslots            :                           0 

	Job terminated of its own accord at 2026-01-07T18:52:25Z with exit-code 0.
...
