000 (15690120.592.000) 2026-01-20 07:35:56 Job submitted from host: <130.199.48.129:9618?addrs=130.199.48.129-9618&alias=rcas6009.rcf.bnl.gov&noUDP&sock=schedd_22421_101d>
...
040 (15690120.592.000) 2026-01-21 10:17:25 Started transferring input files
	Transferring to host: <130.199.184.214:9618?addrs=130.199.184.214-9618&alias=spool1789.sdcc.bnl.gov&noUDP&sock=slot1_91_94108_bb3b_250031>
...
040 (15690120.592.000) 2026-01-21 10:17:25 Finished transferring input files
...
001 (15690120.592.000) 2026-01-21 10:17:26 Job executing on host: <130.199.184.214:9618?addrs=130.199.184.214-9618&alias=spool1789.sdcc.bnl.gov&noUDP&sock=startd_94100_8fc2>
...
006 (15690120.592.000) 2026-01-21 10:17:35 Image size of job updated: 127556
	95  -  MemoryUsage of job (MB)
	96468  -  ResidentSetSize of job (KB)
...
006 (15690120.592.000) 2026-01-21 10:22:36 Image size of job updated: 448044
	115  -  MemoryUsage of job (MB)
	117012  -  ResidentSetSize of job (KB)
...
006 (15690120.592.000) 2026-01-21 10:27:37 Image size of job updated: 448044
	115  -  MemoryUsage of job (MB)
	117016  -  ResidentSetSize of job (KB)
...
040 (15690120.592.000) 2026-01-21 10:40:53 Started transferring output files
...
040 (15690120.592.000) 2026-01-21 10:40:53 Finished transferring output files
...
005 (15690120.592.000) 2026-01-21 10:40:53 Job terminated.
	(1) Normal termination (return value 0)
		Usr 0 00:22:53, Sys 0 00:00:16  -  Run Remote Usage
		Usr 0 00:00:00, Sys 0 00:00:00  -  Run Local Usage
		Usr 0 00:22:53, Sys 0 00:00:16  -  Total Remote Usage
		Usr 0 00:00:00, Sys 0 00:00:00  -  Total Local Usage
	247  -  Run Bytes Sent By Job
	148880  -  Run Bytes Received By Job
	247  -  Total Bytes Sent By Job
	148880  -  Total Bytes Received By Job
	Partitionable Resources :    Usage  Request Allocated 
	   Cpus                 :     1.00        1         1 
	   Disk (KB)            :   164     2097152   6681578 
	   Memory (MB)          :   115        4096      4096 
	   xferslots            :                           0 

	Job terminated of its own accord at 2026-01-21T15:40:53Z with exit-code 0.
...
