000 (15697407.818.000) 2026-01-21 18:36:43 Job submitted from host: <130.199.48.129:9618?addrs=130.199.48.129-9618&alias=rcas6009.rcf.bnl.gov&noUDP&sock=schedd_22421_101d>
...
040 (15697407.818.000) 2026-01-22 15:21:23 Started transferring input files
	Transferring to host: <130.199.186.12:9618?addrs=130.199.186.12-9618&alias=spool1809.sdcc.bnl.gov&noUDP&sock=slot1_5_94025_70bd_283858>
...
040 (15697407.818.000) 2026-01-22 15:21:23 Finished transferring input files
...
001 (15697407.818.000) 2026-01-22 15:21:24 Job executing on host: <130.199.186.12:9618?addrs=130.199.186.12-9618&alias=spool1809.sdcc.bnl.gov&noUDP&sock=startd_94017_4b09>
...
006 (15697407.818.000) 2026-01-22 15:21:32 Image size of job updated: 450288
	89  -  MemoryUsage of job (MB)
	90148  -  ResidentSetSize of job (KB)
...
006 (15697407.818.000) 2026-01-22 15:26:32 Image size of job updated: 450288
	103  -  MemoryUsage of job (MB)
	105388  -  ResidentSetSize of job (KB)
...
040 (15697407.818.000) 2026-01-22 15:32:38 Started transferring output files
...
040 (15697407.818.000) 2026-01-22 15:32:38 Finished transferring output files
...
005 (15697407.818.000) 2026-01-22 15:32:38 Job terminated.
	(1) Normal termination (return value 0)
		Usr 0 00:11:05, Sys 0 00:00:07  -  Run Remote Usage
		Usr 0 00:00:00, Sys 0 00:00:00  -  Run Local Usage
		Usr 0 00:11:05, Sys 0 00:00:07  -  Total Remote Usage
		Usr 0 00:00:00, Sys 0 00:00:00  -  Total Local Usage
	177  -  Run Bytes Sent By Job
	148880  -  Run Bytes Received By Job
	177  -  Total Bytes Sent By Job
	148880  -  Total Bytes Received By Job
	Partitionable Resources :    Usage  Request Allocated 
	   Cpus                 :     1.00        1         1 
	   Disk (KB)            :   164     2097152   6681585 
	   Memory (MB)          :   103        4096      4096 
	   xferslots            :                           0 

	Job terminated of its own accord at 2026-01-22T20:32:38Z with exit-code 0.
...
