000 (15564188.311.000) 2026-01-07 21:29:40 Job submitted from host: <130.199.48.129:9618?addrs=130.199.48.129-9618&alias=rcas6009.rcf.bnl.gov&noUDP&sock=schedd_22421_101d>
...
040 (15564188.311.000) 2026-01-08 00:37:19 Started transferring input files
	Transferring to host: <130.199.186.89:9618?addrs=130.199.186.89-9618&alias=spool1852.sdcc.bnl.gov&noUDP&sock=slot1_91_94012_d731_245901>
...
040 (15564188.311.000) 2026-01-08 00:37:19 Finished transferring input files
...
001 (15564188.311.000) 2026-01-08 00:37:20 Job executing on host: <130.199.186.89:9618?addrs=130.199.186.89-9618&alias=spool1852.sdcc.bnl.gov&noUDP&sock=startd_94003_dcbe>
...
006 (15564188.311.000) 2026-01-08 00:37:29 Image size of job updated: 393980
	50  -  MemoryUsage of job (MB)
	50840  -  ResidentSetSize of job (KB)
...
006 (15564188.311.000) 2026-01-08 00:42:29 Image size of job updated: 447340
	117  -  MemoryUsage of job (MB)
	119220  -  ResidentSetSize of job (KB)
...
006 (15564188.311.000) 2026-01-08 00:47:30 Image size of job updated: 447340
	117  -  MemoryUsage of job (MB)
	119224  -  ResidentSetSize of job (KB)
...
040 (15564188.311.000) 2026-01-08 00:49:35 Started transferring output files
...
040 (15564188.311.000) 2026-01-08 00:49:35 Finished transferring output files
...
005 (15564188.311.000) 2026-01-08 00:49:35 Job terminated.
	(1) Normal termination (return value 0)
		Usr 0 00:11:11, Sys 0 00:00:12  -  Run Remote Usage
		Usr 0 00:00:00, Sys 0 00:00:00  -  Run Local Usage
		Usr 0 00:11:11, Sys 0 00:00:12  -  Total Remote Usage
		Usr 0 00:00:00, Sys 0 00:00:00  -  Total Local Usage
	247  -  Run Bytes Sent By Job
	144352  -  Run Bytes Received By Job
	247  -  Total Bytes Sent By Job
	144352  -  Total Bytes Received By Job
	Partitionable Resources :    Usage  Request Allocated 
	   Cpus                 :     0.94        1         1 
	   Disk (KB)            :   159     2097152   6681569 
	   Memory (MB)          :   117        4096      4096 
	   xferslots            :                           0 

	Job terminated of its own accord at 2026-01-08T05:49:35Z with exit-code 0.
...
