000 (15554417.1193.000) 2026-01-07 12:44:35 Job submitted from host: <130.199.48.129:9618?addrs=130.199.48.129-9618&alias=rcas6009.rcf.bnl.gov&noUDP&sock=schedd_22421_101d>
...
040 (15554417.1193.000) 2026-01-07 14:16:35 Started transferring input files
	Transferring to host: <130.199.151.16:9618?addrs=130.199.151.16-9618&alias=spool1594.sdcc.bnl.gov&noUDP&sock=slot1_32_96956_d307_188756>
...
040 (15554417.1193.000) 2026-01-07 14:16:35 Finished transferring input files
...
001 (15554417.1193.000) 2026-01-07 14:16:36 Job executing on host: <130.199.151.16:9618?addrs=130.199.151.16-9618&alias=spool1594.sdcc.bnl.gov&noUDP&sock=startd_96947_99e2>
...
006 (15554417.1193.000) 2026-01-07 14:16:45 Image size of job updated: 348700
	78  -  MemoryUsage of job (MB)
	79376  -  ResidentSetSize of job (KB)
...
006 (15554417.1193.000) 2026-01-07 14:18:24 Image size of job updated: 424600
	78  -  MemoryUsage of job (MB)
	79388  -  ResidentSetSize of job (KB)
...
040 (15554417.1193.000) 2026-01-07 14:18:24 Started transferring output files
...
040 (15554417.1193.000) 2026-01-07 14:18:24 Finished transferring output files
...
005 (15554417.1193.000) 2026-01-07 14:18:24 Job terminated.
	(1) Normal termination (return value 0)
		Usr 0 00:01:44, Sys 0 00:00:02  -  Run Remote Usage
		Usr 0 00:00:00, Sys 0 00:00:00  -  Run Local Usage
		Usr 0 00:01:44, Sys 0 00:00:02  -  Total Remote Usage
		Usr 0 00:00:00, Sys 0 00:00:00  -  Total Local Usage
	122  -  Run Bytes Sent By Job
	144352  -  Run Bytes Received By Job
	122  -  Total Bytes Sent By Job
	144352  -  Total Bytes Received By Job
	Partitionable Resources :    Usage  Request Allocated 
	   Cpus                 :                 1         1 
	   Disk (KB)            :      153  2097152   6681187 
	   Memory (MB)          :       78     4096      4096 
	   xferslots            :                           0 

	Job terminated of its own accord at 2026-01-07T19:18:24Z with exit-code 0.
...
