000 (15690120.796.000) 2026-01-20 07:35:56 Job submitted from host: <130.199.48.129:9618?addrs=130.199.48.129-9618&alias=rcas6009.rcf.bnl.gov&noUDP&sock=schedd_22421_101d>
...
040 (15690120.796.000) 2026-01-21 12:58:26 Started transferring input files
	Transferring to host: <130.199.184.151:9618?addrs=130.199.184.151-9618&alias=spool1760.sdcc.bnl.gov&noUDP&sock=slot1_25_32549_c2d0_244971>
...
040 (15690120.796.000) 2026-01-21 12:58:26 Finished transferring input files
...
001 (15690120.796.000) 2026-01-21 12:58:28 Job executing on host: <130.199.184.151:9618?addrs=130.199.184.151-9618&alias=spool1760.sdcc.bnl.gov&noUDP&sock=startd_32541_ea49>
...
006 (15690120.796.000) 2026-01-21 12:58:36 Image size of job updated: 105472
	73  -  MemoryUsage of job (MB)
	74356  -  ResidentSetSize of job (KB)
...
006 (15690120.796.000) 2026-01-21 13:03:36 Image size of job updated: 424192
	91  -  MemoryUsage of job (MB)
	92648  -  ResidentSetSize of job (KB)
...
040 (15690120.796.000) 2026-01-21 13:12:56 Started transferring output files
...
040 (15690120.796.000) 2026-01-21 13:12:56 Finished transferring output files
...
005 (15690120.796.000) 2026-01-21 13:12:56 Job terminated.
	(1) Normal termination (return value 0)
		Usr 0 00:14:17, Sys 0 00:00:09  -  Run Remote Usage
		Usr 0 00:00:00, Sys 0 00:00:00  -  Run Local Usage
		Usr 0 00:14:17, Sys 0 00:00:09  -  Total Remote Usage
		Usr 0 00:00:00, Sys 0 00:00:00  -  Total Local Usage
	191  -  Run Bytes Sent By Job
	148880  -  Run Bytes Received By Job
	191  -  Total Bytes Sent By Job
	148880  -  Total Bytes Received By Job
	Partitionable Resources :    Usage  Request Allocated 
	   Cpus                 :     0.99        1         1 
	   Disk (KB)            :   164     2097152   6681582 
	   Memory (MB)          :    91        4096      4096 
	   xferslots            :                           0 

	Job terminated of its own accord at 2026-01-21T18:12:56Z with exit-code 0.
...
