000 (16235385.885.000) 2026-01-23 10:57:29 Job submitted from host: <130.199.48.128:9618?addrs=130.199.48.128-9618&alias=rcas6008.rcf.bnl.gov&noUDP&sock=schedd_18725_535a>
...
040 (16235385.885.000) 2026-01-23 12:25:19 Started transferring input files
	Transferring to host: <130.199.150.95:9618?addrs=130.199.150.95-9618&alias=spool1576.sdcc.bnl.gov&noUDP&sock=slot1_63_24869_7fc2_256675>
...
040 (16235385.885.000) 2026-01-23 12:25:19 Finished transferring input files
...
001 (16235385.885.000) 2026-01-23 12:25:20 Job executing on host: <130.199.150.95:9618?addrs=130.199.150.95-9618&alias=spool1576.sdcc.bnl.gov&noUDP&sock=startd_24860_f9c4>
...
006 (16235385.885.000) 2026-01-23 12:25:29 Image size of job updated: 420948
	73  -  MemoryUsage of job (MB)
	74520  -  ResidentSetSize of job (KB)
...
006 (16235385.885.000) 2026-01-23 12:30:30 Image size of job updated: 450396
	104  -  MemoryUsage of job (MB)
	106128  -  ResidentSetSize of job (KB)
...
006 (16235385.885.000) 2026-01-23 12:35:30 Image size of job updated: 450796
	105  -  MemoryUsage of job (MB)
	106576  -  ResidentSetSize of job (KB)
...
040 (16235385.885.000) 2026-01-23 12:37:35 Started transferring output files
...
040 (16235385.885.000) 2026-01-23 12:37:35 Finished transferring output files
...
005 (16235385.885.000) 2026-01-23 12:37:35 Job terminated.
	(1) Normal termination (return value 0)
		Usr 0 00:12:04, Sys 0 00:00:09  -  Run Remote Usage
		Usr 0 00:00:00, Sys 0 00:00:00  -  Run Local Usage
		Usr 0 00:12:04, Sys 0 00:00:09  -  Total Remote Usage
		Usr 0 00:00:00, Sys 0 00:00:00  -  Total Local Usage
	177  -  Run Bytes Sent By Job
	148880  -  Run Bytes Received By Job
	177  -  Total Bytes Sent By Job
	148880  -  Total Bytes Received By Job
	Partitionable Resources :    Usage  Request Allocated 
	   Cpus                 :     0.99        1         1 
	   Disk (KB)            :   164     2097152   6681187 
	   Memory (MB)          :   105        4096      4096 
	   xferslots            :                           0 

	Job terminated of its own accord at 2026-01-23T17:37:35Z with exit-code 0.
...
