000 (15554417.183.000) 2026-01-07 12:44:32 Job submitted from host: <130.199.48.129:9618?addrs=130.199.48.129-9618&alias=rcas6009.rcf.bnl.gov&noUDP&sock=schedd_22421_101d>
...
040 (15554417.183.000) 2026-01-07 13:14:25 Started transferring input files
	Transferring to host: <130.199.151.6:9618?addrs=130.199.151.6-9618&alias=spool1584.sdcc.bnl.gov&noUDP&sock=slot1_68_55322_61bc_184606>
...
040 (15554417.183.000) 2026-01-07 13:14:25 Finished transferring input files
...
001 (15554417.183.000) 2026-01-07 13:14:26 Job executing on host: <130.199.151.6:9618?addrs=130.199.151.6-9618&alias=spool1584.sdcc.bnl.gov&noUDP&sock=startd_55314_483e>
...
006 (15554417.183.000) 2026-01-07 13:14:35 Image size of job updated: 420228
	84  -  MemoryUsage of job (MB)
	85880  -  ResidentSetSize of job (KB)
...
006 (15554417.183.000) 2026-01-07 13:19:36 Image size of job updated: 424596
	115  -  MemoryUsage of job (MB)
	117068  -  ResidentSetSize of job (KB)
...
006 (15554417.183.000) 2026-01-07 13:24:36 Image size of job updated: 424596
	115  -  MemoryUsage of job (MB)
	117128  -  ResidentSetSize of job (KB)
...
040 (15554417.183.000) 2026-01-07 13:29:22 Started transferring output files
...
040 (15554417.183.000) 2026-01-07 13:29:22 Finished transferring output files
...
005 (15554417.183.000) 2026-01-07 13:29:22 Job terminated.
	(1) Normal termination (return value 0)
		Usr 0 00:14:45, Sys 0 00:00:08  -  Run Remote Usage
		Usr 0 00:00:00, Sys 0 00:00:00  -  Run Local Usage
		Usr 0 00:14:45, Sys 0 00:00:08  -  Total Remote Usage
		Usr 0 00:00:00, Sys 0 00:00:00  -  Total Local Usage
	317  -  Run Bytes Sent By Job
	144352  -  Run Bytes Received By Job
	317  -  Total Bytes Sent By Job
	144352  -  Total Bytes Received By Job
	Partitionable Resources :    Usage  Request Allocated 
	   Cpus                 :     1.00        1         1 
	   Disk (KB)            :   159     2097152   6681172 
	   Memory (MB)          :   115        4096      4096 
	   xferslots            :                           0 

	Job terminated of its own accord at 2026-01-07T18:29:21Z with exit-code 0.
...
