000 (15684821.243.000) 2026-01-19 15:56:21 Job submitted from host: <130.199.48.129:9618?addrs=130.199.48.129-9618&alias=rcas6009.rcf.bnl.gov&noUDP&sock=schedd_22421_101d>
...
040 (15684821.243.000) 2026-01-19 16:11:38 Started transferring input files
	Transferring to host: <130.199.184.151:9618?addrs=130.199.184.151-9618&alias=spool1760.sdcc.bnl.gov&noUDP&sock=slot1_75_32549_c2d0_236065>
...
040 (15684821.243.000) 2026-01-19 16:11:38 Finished transferring input files
...
001 (15684821.243.000) 2026-01-19 16:11:39 Job executing on host: <130.199.184.151:9618?addrs=130.199.184.151-9618&alias=spool1760.sdcc.bnl.gov&noUDP&sock=startd_32541_ea49>
...
006 (15684821.243.000) 2026-01-19 16:11:48 Image size of job updated: 382292
	76  -  MemoryUsage of job (MB)
	77472  -  ResidentSetSize of job (KB)
...
006 (15684821.243.000) 2026-01-19 16:16:49 Image size of job updated: 424524
	101  -  MemoryUsage of job (MB)
	102640  -  ResidentSetSize of job (KB)
...
006 (15684821.243.000) 2026-01-19 16:21:50 Image size of job updated: 424524
	101  -  MemoryUsage of job (MB)
	102736  -  ResidentSetSize of job (KB)
...
006 (15684821.243.000) 2026-01-19 16:26:50 Image size of job updated: 424524
	101  -  MemoryUsage of job (MB)
	102744  -  ResidentSetSize of job (KB)
...
040 (15684821.243.000) 2026-01-19 16:36:00 Started transferring output files
...
040 (15684821.243.000) 2026-01-19 16:36:00 Finished transferring output files
...
005 (15684821.243.000) 2026-01-19 16:36:00 Job terminated.
	(1) Normal termination (return value 0)
		Usr 0 00:22:49, Sys 0 00:00:14  -  Run Remote Usage
		Usr 0 00:00:00, Sys 0 00:00:00  -  Run Local Usage
		Usr 0 00:22:49, Sys 0 00:00:14  -  Total Remote Usage
		Usr 0 00:00:00, Sys 0 00:00:00  -  Total Local Usage
	233  -  Run Bytes Sent By Job
	148880  -  Run Bytes Received By Job
	233  -  Total Bytes Sent By Job
	148880  -  Total Bytes Received By Job
	Partitionable Resources :    Usage  Request Allocated 
	   Cpus                 :     0.95        1         1 
	   Disk (KB)            :   163     2097152   6681582 
	   Memory (MB)          :   101        4096      4096 
	   xferslots            :                           0 

	Job terminated of its own accord at 2026-01-19T21:35:59Z with exit-code 0.
...
