000 (15690120.306.000) 2026-01-20 07:35:55 Job submitted from host: <130.199.48.129:9618?addrs=130.199.48.129-9618&alias=rcas6009.rcf.bnl.gov&noUDP&sock=schedd_22421_101d>
...
040 (15690120.306.000) 2026-01-21 05:15:27 Started transferring input files
	Transferring to host: <130.199.151.33:9618?addrs=130.199.151.33-9618&alias=spool1611.sdcc.bnl.gov&noUDP&sock=slot1_43_94855_59a7_272485>
...
040 (15690120.306.000) 2026-01-21 05:15:27 Finished transferring input files
...
001 (15690120.306.000) 2026-01-21 05:15:28 Job executing on host: <130.199.151.33:9618?addrs=130.199.151.33-9618&alias=spool1611.sdcc.bnl.gov&noUDP&sock=startd_94847_fa45>
...
006 (15690120.306.000) 2026-01-21 05:15:37 Image size of job updated: 136148
	103  -  MemoryUsage of job (MB)
	104680  -  ResidentSetSize of job (KB)
...
006 (15690120.306.000) 2026-01-21 05:20:38 Image size of job updated: 446920
	128  -  MemoryUsage of job (MB)
	130100  -  ResidentSetSize of job (KB)
...
040 (15690120.306.000) 2026-01-21 05:50:36 Started transferring output files
...
040 (15690120.306.000) 2026-01-21 05:50:36 Finished transferring output files
...
005 (15690120.306.000) 2026-01-21 05:50:36 Job terminated.
	(1) Normal termination (return value 0)
		Usr 0 00:34:38, Sys 0 00:00:23  -  Run Remote Usage
		Usr 0 00:00:00, Sys 0 00:00:00  -  Run Local Usage
		Usr 0 00:34:38, Sys 0 00:00:23  -  Total Remote Usage
		Usr 0 00:00:00, Sys 0 00:00:00  -  Total Local Usage
	289  -  Run Bytes Sent By Job
	148880  -  Run Bytes Received By Job
	289  -  Total Bytes Sent By Job
	148880  -  Total Bytes Received By Job
	Partitionable Resources :    Usage  Request Allocated 
	   Cpus                 :     0.99        1         1 
	   Disk (KB)            :   164     2097152   6681176 
	   Memory (MB)          :   128        4096      4096 
	   xferslots            :                           0 

	Job terminated of its own accord at 2026-01-21T10:50:36Z with exit-code 0.
...
