000 (15564188.928.000) 2026-01-07 21:29:41 Job submitted from host: <130.199.48.129:9618?addrs=130.199.48.129-9618&alias=rcas6009.rcf.bnl.gov&noUDP&sock=schedd_22421_101d>
...
040 (15564188.928.000) 2026-01-08 01:59:10 Started transferring input files
	Transferring to host: <130.199.186.25:9618?addrs=130.199.186.25-9618&alias=spool1822.sdcc.bnl.gov&noUDP&sock=slot1_24_93977_feb8_185849>
...
040 (15564188.928.000) 2026-01-08 01:59:10 Finished transferring input files
...
001 (15564188.928.000) 2026-01-08 01:59:11 Job executing on host: <130.199.186.25:9618?addrs=130.199.186.25-9618&alias=spool1822.sdcc.bnl.gov&noUDP&sock=startd_93968_c904>
...
006 (15564188.928.000) 2026-01-08 01:59:20 Image size of job updated: 331124
	71  -  MemoryUsage of job (MB)
	72304  -  ResidentSetSize of job (KB)
...
006 (15564188.928.000) 2026-01-08 02:04:20 Image size of job updated: 448252
	98  -  MemoryUsage of job (MB)
	99512  -  ResidentSetSize of job (KB)
...
040 (15564188.928.000) 2026-01-08 02:05:25 Started transferring output files
...
040 (15564188.928.000) 2026-01-08 02:05:25 Finished transferring output files
...
005 (15564188.928.000) 2026-01-08 02:05:25 Job terminated.
	(1) Normal termination (return value 0)
		Usr 0 00:05:40, Sys 0 00:00:07  -  Run Remote Usage
		Usr 0 00:00:00, Sys 0 00:00:00  -  Run Local Usage
		Usr 0 00:05:40, Sys 0 00:00:07  -  Total Remote Usage
		Usr 0 00:00:00, Sys 0 00:00:00  -  Total Local Usage
	177  -  Run Bytes Sent By Job
	144352  -  Run Bytes Received By Job
	177  -  Total Bytes Sent By Job
	144352  -  Total Bytes Received By Job
	Partitionable Resources :    Usage  Request Allocated 
	   Cpus                 :     0.94        1         1 
	   Disk (KB)            :   159     2097152   6681601 
	   Memory (MB)          :    98        4096      4096 
	   xferslots            :                           0 

	Job terminated of its own accord at 2026-01-08T07:05:25Z with exit-code 0.
...
