000 (15554417.545.000) 2026-01-07 12:44:33 Job submitted from host: <130.199.48.129:9618?addrs=130.199.48.129-9618&alias=rcas6009.rcf.bnl.gov&noUDP&sock=schedd_22421_101d>
...
040 (15554417.545.000) 2026-01-07 13:49:47 Started transferring input files
	Transferring to host: <130.199.150.76:9618?addrs=130.199.150.76-9618&alias=spool1557.sdcc.bnl.gov&noUDP&sock=slot1_5_95132_e64d_191507>
...
040 (15554417.545.000) 2026-01-07 13:49:47 Finished transferring input files
...
001 (15554417.545.000) 2026-01-07 13:49:48 Job executing on host: <130.199.150.76:9618?addrs=130.199.150.76-9618&alias=spool1557.sdcc.bnl.gov&noUDP&sock=startd_95123_5401>
...
006 (15554417.545.000) 2026-01-07 13:49:57 Image size of job updated: 422832
	94  -  MemoryUsage of job (MB)
	96052  -  ResidentSetSize of job (KB)
...
006 (15554417.545.000) 2026-01-07 13:54:58 Image size of job updated: 424488
	96  -  MemoryUsage of job (MB)
	97304  -  ResidentSetSize of job (KB)
...
006 (15554417.545.000) 2026-01-07 13:56:08 Image size of job updated: 424628
	96  -  MemoryUsage of job (MB)
	97304  -  ResidentSetSize of job (KB)
...
040 (15554417.545.000) 2026-01-07 13:56:09 Started transferring output files
...
040 (15554417.545.000) 2026-01-07 13:56:09 Finished transferring output files
...
005 (15554417.545.000) 2026-01-07 13:56:09 Job terminated.
	(1) Normal termination (return value 0)
		Usr 0 00:06:14, Sys 0 00:00:05  -  Run Remote Usage
		Usr 0 00:00:00, Sys 0 00:00:00  -  Run Local Usage
		Usr 0 00:06:14, Sys 0 00:00:05  -  Total Remote Usage
		Usr 0 00:00:00, Sys 0 00:00:00  -  Total Local Usage
	205  -  Run Bytes Sent By Job
	144352  -  Run Bytes Received By Job
	205  -  Total Bytes Sent By Job
	144352  -  Total Bytes Received By Job
	Partitionable Resources :    Usage  Request Allocated 
	   Cpus                 :     0.99        1         1 
	   Disk (KB)            :   159     2097152   6681175 
	   Memory (MB)          :    96        4096      4096 
	   xferslots            :                           0 

	Job terminated of its own accord at 2026-01-07T18:56:08Z with exit-code 0.
...
