000 (15690120.194.000) 2026-01-20 07:35:55 Job submitted from host: <130.199.48.129:9618?addrs=130.199.48.129-9618&alias=rcas6009.rcf.bnl.gov&noUDP&sock=schedd_22421_101d>
...
040 (15690120.194.000) 2026-01-20 23:51:03 Started transferring input files
	Transferring to host: <130.199.150.77:9618?addrs=130.199.150.77-9618&alias=spool1558.sdcc.bnl.gov&noUDP&sock=slot1_46_49269_921f_238460>
...
040 (15690120.194.000) 2026-01-20 23:51:03 Finished transferring input files
...
001 (15690120.194.000) 2026-01-20 23:51:04 Job executing on host: <130.199.150.77:9618?addrs=130.199.150.77-9618&alias=spool1558.sdcc.bnl.gov&noUDP&sock=startd_49259_f37d>
...
006 (15690120.194.000) 2026-01-20 23:51:13 Image size of job updated: 334316
	97  -  MemoryUsage of job (MB)
	99052  -  ResidentSetSize of job (KB)
...
006 (15690120.194.000) 2026-01-20 23:56:14 Image size of job updated: 694280
	124  -  MemoryUsage of job (MB)
	126480  -  ResidentSetSize of job (KB)
...
006 (15690120.194.000) 2026-01-21 00:06:15 Image size of job updated: 694280
	124  -  MemoryUsage of job (MB)
	126492  -  ResidentSetSize of job (KB)
...
006 (15690120.194.000) 2026-01-21 00:11:16 Image size of job updated: 694280
	138  -  MemoryUsage of job (MB)
	141248  -  ResidentSetSize of job (KB)
...
006 (15690120.194.000) 2026-01-21 00:46:18 Image size of job updated: 694280
	145  -  MemoryUsage of job (MB)
	148304  -  ResidentSetSize of job (KB)
...
040 (15690120.194.000) 2026-01-21 00:54:35 Started transferring output files
...
040 (15690120.194.000) 2026-01-21 00:54:35 Finished transferring output files
...
005 (15690120.194.000) 2026-01-21 00:54:35 Job terminated.
	(1) Normal termination (return value 0)
		Usr 0 01:00:05, Sys 0 00:02:46  -  Run Remote Usage
		Usr 0 00:00:00, Sys 0 00:00:00  -  Run Local Usage
		Usr 0 01:00:05, Sys 0 00:02:46  -  Total Remote Usage
		Usr 0 00:00:00, Sys 0 00:00:00  -  Total Local Usage
	387  -  Run Bytes Sent By Job
	148880  -  Run Bytes Received By Job
	387  -  Total Bytes Sent By Job
	148880  -  Total Bytes Received By Job
	Partitionable Resources :    Usage  Request Allocated 
	   Cpus                 :     0.96        1         1 
	   Disk (KB)            :   164     2097152   6681195 
	   Memory (MB)          :   145        4096      4096 
	   xferslots            :                           0 

	Job terminated of its own accord at 2026-01-21T05:54:35Z with exit-code 0.
...
