000 (15690120.305.000) 2026-01-20 07:35:55 Job submitted from host: <130.199.48.129:9618?addrs=130.199.48.129-9618&alias=rcas6009.rcf.bnl.gov&noUDP&sock=schedd_22421_101d>
...
040 (15690120.305.000) 2026-01-21 05:04:33 Started transferring input files
	Transferring to host: <130.199.150.90:9618?addrs=130.199.150.90-9618&alias=spool1571.sdcc.bnl.gov&noUDP&sock=slot1_45_94964_d73c_270507>
...
040 (15690120.305.000) 2026-01-21 05:04:33 Finished transferring input files
...
001 (15690120.305.000) 2026-01-21 05:04:34 Job executing on host: <130.199.150.90:9618?addrs=130.199.150.90-9618&alias=spool1571.sdcc.bnl.gov&noUDP&sock=startd_94955_2884>
...
006 (15690120.305.000) 2026-01-21 05:04:42 Image size of job updated: 116028
	83  -  MemoryUsage of job (MB)
	84580  -  ResidentSetSize of job (KB)
...
006 (15690120.305.000) 2026-01-21 05:09:42 Image size of job updated: 424344
	109  -  MemoryUsage of job (MB)
	111132  -  ResidentSetSize of job (KB)
...
006 (15690120.305.000) 2026-01-21 05:14:43 Image size of job updated: 424344
	109  -  MemoryUsage of job (MB)
	111136  -  ResidentSetSize of job (KB)
...
006 (15690120.305.000) 2026-01-21 05:19:43 Image size of job updated: 424344
	109  -  MemoryUsage of job (MB)
	111152  -  ResidentSetSize of job (KB)
...
006 (15690120.305.000) 2026-01-21 05:29:44 Image size of job updated: 424344
	109  -  MemoryUsage of job (MB)
	111168  -  ResidentSetSize of job (KB)
...
040 (15690120.305.000) 2026-01-21 05:37:43 Started transferring output files
...
040 (15690120.305.000) 2026-01-21 05:37:43 Finished transferring output files
...
005 (15690120.305.000) 2026-01-21 05:37:43 Job terminated.
	(1) Normal termination (return value 0)
		Usr 0 00:32:36, Sys 0 00:00:22  -  Run Remote Usage
		Usr 0 00:00:00, Sys 0 00:00:00  -  Run Local Usage
		Usr 0 00:32:36, Sys 0 00:00:22  -  Total Remote Usage
		Usr 0 00:00:00, Sys 0 00:00:00  -  Total Local Usage
	289  -  Run Bytes Sent By Job
	148880  -  Run Bytes Received By Job
	289  -  Total Bytes Sent By Job
	148880  -  Total Bytes Received By Job
	Partitionable Resources :    Usage  Request Allocated 
	   Cpus                 :     0.99        1         1 
	   Disk (KB)            :   164     2097152   6681189 
	   Memory (MB)          :   109        4096      4096 
	   xferslots            :                           0 

	Job terminated of its own accord at 2026-01-21T10:37:43Z with exit-code 0.
...
