000 (15684821.408.000) 2026-01-19 15:56:21 Job submitted from host: <130.199.48.129:9618?addrs=130.199.48.129-9618&alias=rcas6009.rcf.bnl.gov&noUDP&sock=schedd_22421_101d>
...
040 (15684821.408.000) 2026-01-19 16:19:14 Started transferring input files
	Transferring to host: <130.199.151.6:9618?addrs=130.199.151.6-9618&alias=spool1584.sdcc.bnl.gov&noUDP&sock=slot1_2_55322_61bc_236528>
...
040 (15684821.408.000) 2026-01-19 16:19:14 Finished transferring input files
...
001 (15684821.408.000) 2026-01-19 16:19:15 Job executing on host: <130.199.151.6:9618?addrs=130.199.151.6-9618&alias=spool1584.sdcc.bnl.gov&noUDP&sock=startd_55314_483e>
...
006 (15684821.408.000) 2026-01-19 16:19:24 Image size of job updated: 108248
	74  -  MemoryUsage of job (MB)
	75680  -  ResidentSetSize of job (KB)
...
006 (15684821.408.000) 2026-01-19 16:24:25 Image size of job updated: 424408
	93  -  MemoryUsage of job (MB)
	94304  -  ResidentSetSize of job (KB)
...
040 (15684821.408.000) 2026-01-19 16:34:31 Started transferring output files
...
040 (15684821.408.000) 2026-01-19 16:34:31 Finished transferring output files
...
005 (15684821.408.000) 2026-01-19 16:34:31 Job terminated.
	(1) Normal termination (return value 0)
		Usr 0 00:14:06, Sys 0 00:00:10  -  Run Remote Usage
		Usr 0 00:00:00, Sys 0 00:00:00  -  Run Local Usage
		Usr 0 00:14:06, Sys 0 00:00:10  -  Total Remote Usage
		Usr 0 00:00:00, Sys 0 00:00:00  -  Total Local Usage
	191  -  Run Bytes Sent By Job
	148880  -  Run Bytes Received By Job
	191  -  Total Bytes Sent By Job
	148880  -  Total Bytes Received By Job
	Partitionable Resources :    Usage  Request Allocated 
	   Cpus                 :     0.96        1         1 
	   Disk (KB)            :   164     2097152   6681172 
	   Memory (MB)          :    93        4096      4096 
	   xferslots            :                           0 

	Job terminated of its own accord at 2026-01-19T21:34:31Z with exit-code 0.
...
