000 (15564188.703.000) 2026-01-07 21:29:40 Job submitted from host: <130.199.48.129:9618?addrs=130.199.48.129-9618&alias=rcas6009.rcf.bnl.gov&noUDP&sock=schedd_22421_101d>
...
040 (15564188.703.000) 2026-01-08 01:45:17 Started transferring input files
	Transferring to host: <130.199.186.86:9618?addrs=130.199.186.86-9618&alias=spool1849.sdcc.bnl.gov&noUDP&sock=slot1_5_24370_03c5_190650>
...
040 (15564188.703.000) 2026-01-08 01:45:17 Finished transferring input files
...
001 (15564188.703.000) 2026-01-08 01:45:18 Job executing on host: <130.199.186.86:9618?addrs=130.199.186.86-9618&alias=spool1849.sdcc.bnl.gov&noUDP&sock=startd_24362_5d6c>
...
006 (15564188.703.000) 2026-01-08 01:45:27 Image size of job updated: 100672
	75  -  MemoryUsage of job (MB)
	76224  -  ResidentSetSize of job (KB)
...
006 (15564188.703.000) 2026-01-08 01:50:28 Image size of job updated: 450356
	106  -  MemoryUsage of job (MB)
	107876  -  ResidentSetSize of job (KB)
...
040 (15564188.703.000) 2026-01-08 01:52:11 Started transferring output files
...
040 (15564188.703.000) 2026-01-08 01:52:11 Finished transferring output files
...
005 (15564188.703.000) 2026-01-08 01:52:11 Job terminated.
	(1) Normal termination (return value 0)
		Usr 0 00:06:35, Sys 0 00:00:07  -  Run Remote Usage
		Usr 0 00:00:00, Sys 0 00:00:00  -  Run Local Usage
		Usr 0 00:06:35, Sys 0 00:00:07  -  Total Remote Usage
		Usr 0 00:00:00, Sys 0 00:00:00  -  Total Local Usage
	191  -  Run Bytes Sent By Job
	144352  -  Run Bytes Received By Job
	191  -  Total Bytes Sent By Job
	144352  -  Total Bytes Received By Job
	Partitionable Resources :    Usage  Request Allocated 
	   Cpus                 :     0.99        1         1 
	   Disk (KB)            :   159     2097152   6681508 
	   Memory (MB)          :   106        4096      4096 
	   xferslots            :                           0 

	Job terminated of its own accord at 2026-01-08T06:52:11Z with exit-code 0.
...
