000 (15684821.807.000) 2026-01-19 15:56:22 Job submitted from host: <130.199.48.129:9618?addrs=130.199.48.129-9618&alias=rcas6009.rcf.bnl.gov&noUDP&sock=schedd_22421_101d>
...
040 (15684821.807.000) 2026-01-19 16:28:23 Started transferring input files
	Transferring to host: <130.199.151.13:9618?addrs=130.199.151.13-9618&alias=spool1591.sdcc.bnl.gov&noUDP&sock=slot1_66_96806_0eb8_242993>
...
040 (15684821.807.000) 2026-01-19 16:28:23 Finished transferring input files
...
001 (15684821.807.000) 2026-01-19 16:28:24 Job executing on host: <130.199.151.13:9618?addrs=130.199.151.13-9618&alias=spool1591.sdcc.bnl.gov&noUDP&sock=startd_96788_4795>
...
006 (15684821.807.000) 2026-01-19 16:28:33 Image size of job updated: 421800
	66  -  MemoryUsage of job (MB)
	67084  -  ResidentSetSize of job (KB)
...
006 (15684821.807.000) 2026-01-19 16:30:57 Image size of job updated: 424272
	66  -  MemoryUsage of job (MB)
	67084  -  ResidentSetSize of job (KB)
...
040 (15684821.807.000) 2026-01-19 16:30:57 Started transferring output files
...
040 (15684821.807.000) 2026-01-19 16:30:57 Finished transferring output files
...
005 (15684821.807.000) 2026-01-19 16:30:57 Job terminated.
	(1) Normal termination (return value 0)
		Usr 0 00:02:20, Sys 0 00:00:01  -  Run Remote Usage
		Usr 0 00:00:00, Sys 0 00:00:00  -  Run Local Usage
		Usr 0 00:02:20, Sys 0 00:00:01  -  Total Remote Usage
		Usr 0 00:00:00, Sys 0 00:00:00  -  Total Local Usage
	83  -  Run Bytes Sent By Job
	148880  -  Run Bytes Received By Job
	83  -  Total Bytes Sent By Job
	148880  -  Total Bytes Received By Job
	Partitionable Resources :    Usage  Request Allocated 
	   Cpus                 :                 1         1 
	   Disk (KB)            :      157  2097152   6681206 
	   Memory (MB)          :       66     4096      4096 
	   xferslots            :                           0 

	Job terminated of its own accord at 2026-01-19T21:30:57Z with exit-code 0.
...
