000 (15697407.049.000) 2026-01-21 18:36:41 Job submitted from host: <130.199.48.129:9618?addrs=130.199.48.129-9618&alias=rcas6009.rcf.bnl.gov&noUDP&sock=schedd_22421_101d>
...
040 (15697407.049.000) 2026-01-21 19:20:21 Started transferring input files
	Transferring to host: <130.199.150.97:9618?addrs=130.199.150.97-9618&alias=spool1578.sdcc.bnl.gov&noUDP&sock=slot1_61_96534_3347_260837>
...
040 (15697407.049.000) 2026-01-21 19:20:21 Finished transferring input files
...
001 (15697407.049.000) 2026-01-21 19:20:22 Job executing on host: <130.199.150.97:9618?addrs=130.199.150.97-9618&alias=spool1578.sdcc.bnl.gov&noUDP&sock=startd_96525_0b1f>
...
006 (15697407.049.000) 2026-01-21 19:20:30 Image size of job updated: 448332
	99  -  MemoryUsage of job (MB)
	101352  -  ResidentSetSize of job (KB)
...
006 (15697407.049.000) 2026-01-21 19:25:31 Image size of job updated: 448332
	122  -  MemoryUsage of job (MB)
	124088  -  ResidentSetSize of job (KB)
...
040 (15697407.049.000) 2026-01-21 19:44:27 Started transferring output files
...
040 (15697407.049.000) 2026-01-21 19:44:27 Finished transferring output files
...
005 (15697407.049.000) 2026-01-21 19:44:27 Job terminated.
	(1) Normal termination (return value 0)
		Usr 0 00:23:47, Sys 0 00:00:16  -  Run Remote Usage
		Usr 0 00:00:00, Sys 0 00:00:00  -  Run Local Usage
		Usr 0 00:23:47, Sys 0 00:00:16  -  Total Remote Usage
		Usr 0 00:00:00, Sys 0 00:00:00  -  Total Local Usage
	261  -  Run Bytes Sent By Job
	148880  -  Run Bytes Received By Job
	261  -  Total Bytes Sent By Job
	148880  -  Total Bytes Received By Job
	Partitionable Resources :    Usage  Request Allocated 
	   Cpus                 :     1.00        1         1 
	   Disk (KB)            :   164     2097152   6681108 
	   Memory (MB)          :   122        4096      4096 
	   xferslots            :                           0 

	Job terminated of its own accord at 2026-01-22T00:44:27Z with exit-code 0.
...
