000 (15560432.997.000) 2026-01-07 17:58:17 Job submitted from host: <130.199.48.129:9618?addrs=130.199.48.129-9618&alias=rcas6009.rcf.bnl.gov&noUDP&sock=schedd_22421_101d>
...
040 (15560432.997.000) 2026-01-07 20:59:20 Started transferring input files
	Transferring to host: <130.199.186.74:9618?addrs=130.199.186.74-9618&alias=spool1837.sdcc.bnl.gov&noUDP&sock=slot1_31_95670_2eef_185301>
...
040 (15560432.997.000) 2026-01-07 20:59:20 Finished transferring input files
...
001 (15560432.997.000) 2026-01-07 20:59:21 Job executing on host: <130.199.186.74:9618?addrs=130.199.186.74-9618&alias=spool1837.sdcc.bnl.gov&noUDP&sock=startd_95661_992d>
...
006 (15560432.997.000) 2026-01-07 20:59:30 Image size of job updated: 128832
	95  -  MemoryUsage of job (MB)
	96392  -  ResidentSetSize of job (KB)
...
006 (15560432.997.000) 2026-01-07 21:04:31 Image size of job updated: 424584
	96  -  MemoryUsage of job (MB)
	97708  -  ResidentSetSize of job (KB)
...
040 (15560432.997.000) 2026-01-07 21:06:31 Started transferring output files
...
040 (15560432.997.000) 2026-01-07 21:06:31 Finished transferring output files
...
005 (15560432.997.000) 2026-01-07 21:06:31 Job terminated.
	(1) Normal termination (return value 0)
		Usr 0 00:07:03, Sys 0 00:00:04  -  Run Remote Usage
		Usr 0 00:00:00, Sys 0 00:00:00  -  Run Local Usage
		Usr 0 00:07:03, Sys 0 00:00:04  -  Total Remote Usage
		Usr 0 00:00:00, Sys 0 00:00:00  -  Total Local Usage
	205  -  Run Bytes Sent By Job
	144352  -  Run Bytes Received By Job
	205  -  Total Bytes Sent By Job
	144352  -  Total Bytes Received By Job
	Partitionable Resources :    Usage  Request Allocated 
	   Cpus                 :     1.00        1         1 
	   Disk (KB)            :   159     2097152   6681557 
	   Memory (MB)          :    96        4096      4096 
	   xferslots            :                           0 

	Job terminated of its own accord at 2026-01-08T02:06:31Z with exit-code 0.
...
