000 (15690120.542.000) 2026-01-20 07:35:56 Job submitted from host: <130.199.48.129:9618?addrs=130.199.48.129-9618&alias=rcas6009.rcf.bnl.gov&noUDP&sock=schedd_22421_101d>
...
040 (15690120.542.000) 2026-01-21 09:51:15 Started transferring input files
	Transferring to host: <130.199.151.29:9618?addrs=130.199.151.29-9618&alias=spool1607.sdcc.bnl.gov&noUDP&sock=slot1_5_96586_9977_244628>
...
040 (15690120.542.000) 2026-01-21 09:51:15 Finished transferring input files
...
001 (15690120.542.000) 2026-01-21 09:51:16 Job executing on host: <130.199.151.29:9618?addrs=130.199.151.29-9618&alias=spool1607.sdcc.bnl.gov&noUDP&sock=startd_96578_d139>
...
006 (15690120.542.000) 2026-01-21 09:51:25 Image size of job updated: 423296
	70  -  MemoryUsage of job (MB)
	71644  -  ResidentSetSize of job (KB)
...
006 (15690120.542.000) 2026-01-21 09:56:26 Image size of job updated: 451164
	91  -  MemoryUsage of job (MB)
	92188  -  ResidentSetSize of job (KB)
...
040 (15690120.542.000) 2026-01-21 09:58:02 Started transferring output files
...
040 (15690120.542.000) 2026-01-21 09:58:02 Finished transferring output files
...
005 (15690120.542.000) 2026-01-21 09:58:02 Job terminated.
	(1) Normal termination (return value 0)
		Usr 0 00:06:35, Sys 0 00:00:05  -  Run Remote Usage
		Usr 0 00:00:00, Sys 0 00:00:00  -  Run Local Usage
		Usr 0 00:06:35, Sys 0 00:00:05  -  Total Remote Usage
		Usr 0 00:00:00, Sys 0 00:00:00  -  Total Local Usage
	135  -  Run Bytes Sent By Job
	148880  -  Run Bytes Received By Job
	135  -  Total Bytes Sent By Job
	148880  -  Total Bytes Received By Job
	Partitionable Resources :    Usage  Request Allocated 
	   Cpus                 :     0.99        1         1 
	   Disk (KB)            :   164     2097152   6681126 
	   Memory (MB)          :    91        4096      4096 
	   xferslots            :                           0 

	Job terminated of its own accord at 2026-01-21T14:58:01Z with exit-code 0.
...
