000 (16235385.071.000) 2026-01-23 10:57:26 Job submitted from host: <130.199.48.128:9618?addrs=130.199.48.128-9618&alias=rcas6008.rcf.bnl.gov&noUDP&sock=schedd_18725_535a>
...
040 (16235385.071.000) 2026-01-23 11:20:15 Started transferring input files
	Transferring to host: <130.199.151.8:9618?addrs=130.199.151.8-9618&alias=spool1586.sdcc.bnl.gov&noUDP&sock=slot1_17_95056_c71b_330608>
...
040 (16235385.071.000) 2026-01-23 11:20:15 Finished transferring input files
...
001 (16235385.071.000) 2026-01-23 11:20:16 Job executing on host: <130.199.151.8:9618?addrs=130.199.151.8-9618&alias=spool1586.sdcc.bnl.gov&noUDP&sock=startd_95047_466d>
...
006 (16235385.071.000) 2026-01-23 11:20:24 Image size of job updated: 109808
	77  -  MemoryUsage of job (MB)
	78400  -  ResidentSetSize of job (KB)
...
006 (16235385.071.000) 2026-01-23 11:25:24 Image size of job updated: 449800
	117  -  MemoryUsage of job (MB)
	119512  -  ResidentSetSize of job (KB)
...
040 (16235385.071.000) 2026-01-23 11:40:25 Started transferring output files
...
040 (16235385.071.000) 2026-01-23 11:40:25 Finished transferring output files
...
005 (16235385.071.000) 2026-01-23 11:40:25 Job terminated.
	(1) Normal termination (return value 0)
		Usr 0 00:19:51, Sys 0 00:00:13  -  Run Remote Usage
		Usr 0 00:00:00, Sys 0 00:00:00  -  Run Local Usage
		Usr 0 00:19:51, Sys 0 00:00:13  -  Total Remote Usage
		Usr 0 00:00:00, Sys 0 00:00:00  -  Total Local Usage
	247  -  Run Bytes Sent By Job
	148880  -  Run Bytes Received By Job
	247  -  Total Bytes Sent By Job
	148880  -  Total Bytes Received By Job
	Partitionable Resources :    Usage  Request Allocated 
	   Cpus                 :     1.00        1         1 
	   Disk (KB)            :   164     2097152   6681117 
	   Memory (MB)          :   117        4096      4096 
	   xferslots            :                           0 

	Job terminated of its own accord at 2026-01-23T16:40:25Z with exit-code 0.
...
