000 (15560432.1040.000) 2026-01-07 17:58:17 Job submitted from host: <130.199.48.129:9618?addrs=130.199.48.129-9618&alias=rcas6009.rcf.bnl.gov&noUDP&sock=schedd_22421_101d>
...
040 (15560432.1040.000) 2026-01-07 21:00:18 Started transferring input files
	Transferring to host: <130.199.151.25:9618?addrs=130.199.151.25-9618&alias=spool1603.sdcc.bnl.gov&noUDP&sock=slot1_39_96814_f70e_186929>
...
040 (15560432.1040.000) 2026-01-07 21:00:18 Finished transferring input files
...
001 (15560432.1040.000) 2026-01-07 21:00:19 Job executing on host: <130.199.151.25:9618?addrs=130.199.151.25-9618&alias=spool1603.sdcc.bnl.gov&noUDP&sock=startd_96805_a8ef>
...
006 (15560432.1040.000) 2026-01-07 21:00:27 Image size of job updated: 420760
	76  -  MemoryUsage of job (MB)
	77012  -  ResidentSetSize of job (KB)
...
006 (15560432.1040.000) 2026-01-07 21:05:27 Image size of job updated: 424576
	97  -  MemoryUsage of job (MB)
	98528  -  ResidentSetSize of job (KB)
...
040 (15560432.1040.000) 2026-01-07 21:09:51 Started transferring output files
...
040 (15560432.1040.000) 2026-01-07 21:09:51 Finished transferring output files
...
005 (15560432.1040.000) 2026-01-07 21:09:51 Job terminated.
	(1) Normal termination (return value 0)
		Usr 0 00:09:21, Sys 0 00:00:09  -  Run Remote Usage
		Usr 0 00:00:00, Sys 0 00:00:00  -  Run Local Usage
		Usr 0 00:09:21, Sys 0 00:00:09  -  Total Remote Usage
		Usr 0 00:00:00, Sys 0 00:00:00  -  Total Local Usage
	219  -  Run Bytes Sent By Job
	144352  -  Run Bytes Received By Job
	219  -  Total Bytes Sent By Job
	144352  -  Total Bytes Received By Job
	Partitionable Resources :    Usage  Request Allocated 
	   Cpus                 :     0.99        1         1 
	   Disk (KB)            :   159     2097152   6681219 
	   Memory (MB)          :    97        4096      4096 
	   xferslots            :                           0 

	Job terminated of its own accord at 2026-01-08T02:09:51Z with exit-code 0.
...
