000 (15554417.604.000) 2026-01-07 12:44:34 Job submitted from host: <130.199.48.129:9618?addrs=130.199.48.129-9618&alias=rcas6009.rcf.bnl.gov&noUDP&sock=schedd_22421_101d>
...
040 (15554417.604.000) 2026-01-07 13:53:45 Started transferring input files
	Transferring to host: <130.199.186.76:9618?addrs=130.199.186.76-9618&alias=spool1839.sdcc.bnl.gov&noUDP&sock=slot1_65_95854_0eac_185194>
...
040 (15554417.604.000) 2026-01-07 13:53:45 Finished transferring input files
...
001 (15554417.604.000) 2026-01-07 13:53:47 Job executing on host: <130.199.186.76:9618?addrs=130.199.186.76-9618&alias=spool1839.sdcc.bnl.gov&noUDP&sock=startd_95845_d4ff>
...
006 (15554417.604.000) 2026-01-07 13:53:55 Image size of job updated: 109372
	77  -  MemoryUsage of job (MB)
	77948  -  ResidentSetSize of job (KB)
...
006 (15554417.604.000) 2026-01-07 13:58:55 Image size of job updated: 424640
	95  -  MemoryUsage of job (MB)
	96436  -  ResidentSetSize of job (KB)
...
040 (15554417.604.000) 2026-01-07 14:01:52 Started transferring output files
...
040 (15554417.604.000) 2026-01-07 14:01:52 Finished transferring output files
...
005 (15554417.604.000) 2026-01-07 14:01:53 Job terminated.
	(1) Normal termination (return value 0)
		Usr 0 00:07:56, Sys 0 00:00:08  -  Run Remote Usage
		Usr 0 00:00:00, Sys 0 00:00:00  -  Run Local Usage
		Usr 0 00:07:56, Sys 0 00:00:08  -  Total Remote Usage
		Usr 0 00:00:00, Sys 0 00:00:00  -  Total Local Usage
	205  -  Run Bytes Sent By Job
	144352  -  Run Bytes Received By Job
	205  -  Total Bytes Sent By Job
	144352  -  Total Bytes Received By Job
	Partitionable Resources :    Usage  Request Allocated 
	   Cpus                 :     1.00        1         1 
	   Disk (KB)            :   159     2097152   6681563 
	   Memory (MB)          :    95        4096      4096 
	   xferslots            :                           0 

	Job terminated of its own accord at 2026-01-07T19:01:52Z with exit-code 0.
...
