000 (15690120.749.000) 2026-01-20 07:35:56 Job submitted from host: <130.199.48.129:9618?addrs=130.199.48.129-9618&alias=rcas6009.rcf.bnl.gov&noUDP&sock=schedd_22421_101d>
...
040 (15690120.749.000) 2026-01-21 12:39:24 Started transferring input files
	Transferring to host: <130.199.150.93:9618?addrs=130.199.150.93-9618&alias=spool1574.sdcc.bnl.gov&noUDP&sock=slot1_93_94784_ebaa_256491>
...
040 (15690120.749.000) 2026-01-21 12:39:24 Finished transferring input files
...
001 (15690120.749.000) 2026-01-21 12:39:25 Job executing on host: <130.199.150.93:9618?addrs=130.199.150.93-9618&alias=spool1574.sdcc.bnl.gov&noUDP&sock=startd_94775_30c7>
...
006 (15690120.749.000) 2026-01-21 12:39:33 Image size of job updated: 339312
	66  -  MemoryUsage of job (MB)
	67432  -  ResidentSetSize of job (KB)
...
006 (15690120.749.000) 2026-01-21 12:41:11 Image size of job updated: 449504
	66  -  MemoryUsage of job (MB)
	67432  -  ResidentSetSize of job (KB)
...
040 (15690120.749.000) 2026-01-21 12:41:11 Started transferring output files
...
040 (15690120.749.000) 2026-01-21 12:41:11 Finished transferring output files
...
005 (15690120.749.000) 2026-01-21 12:41:12 Job terminated.
	(1) Normal termination (return value 0)
		Usr 0 00:01:37, Sys 0 00:00:01  -  Run Remote Usage
		Usr 0 00:00:00, Sys 0 00:00:00  -  Run Local Usage
		Usr 0 00:01:37, Sys 0 00:00:01  -  Total Remote Usage
		Usr 0 00:00:00, Sys 0 00:00:00  -  Total Local Usage
	70  -  Run Bytes Sent By Job
	148880  -  Run Bytes Received By Job
	70  -  Total Bytes Sent By Job
	148880  -  Total Bytes Received By Job
	Partitionable Resources :    Usage  Request Allocated 
	   Cpus                 :     0.18        1         1 
	   Disk (KB)            :   163     2097152   6681104 
	   Memory (MB)          :    66        4096      4096 
	   xferslots            :                           0 

	Job terminated of its own accord at 2026-01-21T17:41:11Z with exit-code 0.
...
