000 (15697407.132.000) 2026-01-21 18:36:41 Job submitted from host: <130.199.48.129:9618?addrs=130.199.48.129-9618&alias=rcas6009.rcf.bnl.gov&noUDP&sock=schedd_22421_101d>
...
040 (15697407.132.000) 2026-01-21 22:12:05 Started transferring input files
	Transferring to host: <130.199.150.87:9618?addrs=130.199.150.87-9618&alias=spool1568.sdcc.bnl.gov&noUDP&sock=slot1_23_25189_cd38_257625>
...
040 (15697407.132.000) 2026-01-21 22:12:05 Finished transferring input files
...
001 (15697407.132.000) 2026-01-21 22:12:06 Job executing on host: <130.199.150.87:9618?addrs=130.199.150.87-9618&alias=spool1568.sdcc.bnl.gov&noUDP&sock=startd_25180_4069>
...
006 (15697407.132.000) 2026-01-21 22:12:14 Image size of job updated: 421876
	79  -  MemoryUsage of job (MB)
	80248  -  ResidentSetSize of job (KB)
...
006 (15697407.132.000) 2026-01-21 22:17:14 Image size of job updated: 450304
	118  -  MemoryUsage of job (MB)
	120004  -  ResidentSetSize of job (KB)
...
040 (15697407.132.000) 2026-01-21 22:31:12 Started transferring output files
...
040 (15697407.132.000) 2026-01-21 22:31:12 Finished transferring output files
...
005 (15697407.132.000) 2026-01-21 22:31:12 Job terminated.
	(1) Normal termination (return value 0)
		Usr 0 00:18:45, Sys 0 00:00:18  -  Run Remote Usage
		Usr 0 00:00:00, Sys 0 00:00:00  -  Run Local Usage
		Usr 0 00:18:45, Sys 0 00:00:18  -  Total Remote Usage
		Usr 0 00:00:00, Sys 0 00:00:00  -  Total Local Usage
	247  -  Run Bytes Sent By Job
	148880  -  Run Bytes Received By Job
	247  -  Total Bytes Sent By Job
	148880  -  Total Bytes Received By Job
	Partitionable Resources :    Usage  Request Allocated 
	   Cpus                 :     0.99        1         1 
	   Disk (KB)            :   164     2097152   6681186 
	   Memory (MB)          :   118        4096      4096 
	   xferslots            :                           0 

	Job terminated of its own accord at 2026-01-22T03:31:12Z with exit-code 0.
...
