000 (15560432.796.000) 2026-01-07 17:58:17 Job submitted from host: <130.199.48.129:9618?addrs=130.199.48.129-9618&alias=rcas6009.rcf.bnl.gov&noUDP&sock=schedd_22421_101d>
...
040 (15560432.796.000) 2026-01-07 20:55:05 Started transferring input files
	Transferring to host: <130.199.151.16:9618?addrs=130.199.151.16-9618&alias=spool1594.sdcc.bnl.gov&noUDP&sock=slot1_90_96956_d307_189637>
...
040 (15560432.796.000) 2026-01-07 20:55:05 Finished transferring input files
...
001 (15560432.796.000) 2026-01-07 20:55:06 Job executing on host: <130.199.151.16:9618?addrs=130.199.151.16-9618&alias=spool1594.sdcc.bnl.gov&noUDP&sock=startd_96947_99e2>
...
006 (15560432.796.000) 2026-01-07 20:55:14 Image size of job updated: 421572
	72  -  MemoryUsage of job (MB)
	73708  -  ResidentSetSize of job (KB)
...
006 (15560432.796.000) 2026-01-07 21:00:14 Image size of job updated: 424408
	91  -  MemoryUsage of job (MB)
	92344  -  ResidentSetSize of job (KB)
...
006 (15560432.796.000) 2026-01-07 21:01:42 Image size of job updated: 424544
	91  -  MemoryUsage of job (MB)
	92344  -  ResidentSetSize of job (KB)
...
040 (15560432.796.000) 2026-01-07 21:01:42 Started transferring output files
...
040 (15560432.796.000) 2026-01-07 21:01:42 Finished transferring output files
...
005 (15560432.796.000) 2026-01-07 21:01:42 Job terminated.
	(1) Normal termination (return value 0)
		Usr 0 00:06:28, Sys 0 00:00:06  -  Run Remote Usage
		Usr 0 00:00:00, Sys 0 00:00:00  -  Run Local Usage
		Usr 0 00:06:28, Sys 0 00:00:06  -  Total Remote Usage
		Usr 0 00:00:00, Sys 0 00:00:00  -  Total Local Usage
	191  -  Run Bytes Sent By Job
	144352  -  Run Bytes Received By Job
	191  -  Total Bytes Sent By Job
	144352  -  Total Bytes Received By Job
	Partitionable Resources :    Usage  Request Allocated 
	   Cpus                 :     0.99        1         1 
	   Disk (KB)            :   159     2097152   6681187 
	   Memory (MB)          :    91        4096      4096 
	   xferslots            :                           0 

	Job terminated of its own accord at 2026-01-08T02:01:42Z with exit-code 0.
...
