000 (15564188.189.000) 2026-01-07 21:29:39 Job submitted from host: <130.199.48.129:9618?addrs=130.199.48.129-9618&alias=rcas6009.rcf.bnl.gov&noUDP&sock=schedd_22421_101d>
...
040 (15564188.189.000) 2026-01-08 00:01:21 Started transferring input files
	Transferring to host: <130.199.150.96:9618?addrs=130.199.150.96-9618&alias=spool1577.sdcc.bnl.gov&noUDP&sock=slot1_21_24963_e9b7_185744>
...
040 (15564188.189.000) 2026-01-08 00:01:21 Finished transferring input files
...
001 (15564188.189.000) 2026-01-08 00:01:22 Job executing on host: <130.199.150.96:9618?addrs=130.199.150.96-9618&alias=spool1577.sdcc.bnl.gov&noUDP&sock=startd_24954_b9b8>
...
006 (15564188.189.000) 2026-01-08 00:01:31 Image size of job updated: 420108
	81  -  MemoryUsage of job (MB)
	82292  -  ResidentSetSize of job (KB)
...
006 (15564188.189.000) 2026-01-08 00:06:32 Image size of job updated: 449916
	130  -  MemoryUsage of job (MB)
	132952  -  ResidentSetSize of job (KB)
...
040 (15564188.189.000) 2026-01-08 00:17:56 Started transferring output files
...
040 (15564188.189.000) 2026-01-08 00:17:56 Finished transferring output files
...
005 (15564188.189.000) 2026-01-08 00:17:56 Job terminated.
	(1) Normal termination (return value 0)
		Usr 0 00:15:06, Sys 0 00:00:14  -  Run Remote Usage
		Usr 0 00:00:00, Sys 0 00:00:00  -  Run Local Usage
		Usr 0 00:15:06, Sys 0 00:00:14  -  Total Remote Usage
		Usr 0 00:00:00, Sys 0 00:00:00  -  Total Local Usage
	289  -  Run Bytes Sent By Job
	144352  -  Run Bytes Received By Job
	289  -  Total Bytes Sent By Job
	144352  -  Total Bytes Received By Job
	Partitionable Resources :    Usage  Request Allocated 
	   Cpus                 :     0.98        1         1 
	   Disk (KB)            :   159     2097152   6681182 
	   Memory (MB)          :   130        4096      4096 
	   xferslots            :                           0 

	Job terminated of its own accord at 2026-01-08T05:17:55Z with exit-code 0.
...
