000 (15690120.125.000) 2026-01-20 07:35:55 Job submitted from host: <130.199.48.129:9618?addrs=130.199.48.129-9618&alias=rcas6009.rcf.bnl.gov&noUDP&sock=schedd_22421_101d>
...
040 (15690120.125.000) 2026-01-20 22:57:55 Started transferring input files
	Transferring to host: <130.199.151.14:9618?addrs=130.199.151.14-9618&alias=spool1592.sdcc.bnl.gov&noUDP&sock=slot1_6_96745_0327_243868>
...
040 (15690120.125.000) 2026-01-20 22:57:55 Finished transferring input files
...
001 (15690120.125.000) 2026-01-20 22:57:56 Job executing on host: <130.199.151.14:9618?addrs=130.199.151.14-9618&alias=spool1592.sdcc.bnl.gov&noUDP&sock=startd_96736_d281>
...
006 (15690120.125.000) 2026-01-20 22:58:05 Image size of job updated: 420992
	99  -  MemoryUsage of job (MB)
	100956  -  ResidentSetSize of job (KB)
...
006 (15690120.125.000) 2026-01-20 23:03:05 Image size of job updated: 447996
	121  -  MemoryUsage of job (MB)
	123784  -  ResidentSetSize of job (KB)
...
040 (15690120.125.000) 2026-01-20 23:26:25 Started transferring output files
...
040 (15690120.125.000) 2026-01-20 23:26:25 Finished transferring output files
...
005 (15690120.125.000) 2026-01-20 23:26:25 Job terminated.
	(1) Normal termination (return value 0)
		Usr 0 00:27:53, Sys 0 00:00:18  -  Run Remote Usage
		Usr 0 00:00:00, Sys 0 00:00:00  -  Run Local Usage
		Usr 0 00:27:53, Sys 0 00:00:18  -  Total Remote Usage
		Usr 0 00:00:00, Sys 0 00:00:00  -  Total Local Usage
	261  -  Run Bytes Sent By Job
	148880  -  Run Bytes Received By Job
	261  -  Total Bytes Sent By Job
	148880  -  Total Bytes Received By Job
	Partitionable Resources :    Usage  Request Allocated 
	   Cpus                 :     1.00        1         1 
	   Disk (KB)            :   164     2097152   6681187 
	   Memory (MB)          :   121        4096      4096 
	   xferslots            :                           0 

	Job terminated of its own accord at 2026-01-21T04:26:24Z with exit-code 0.
...
