000 (15564188.333.000) 2026-01-07 21:29:40 Job submitted from host: <130.199.48.129:9618?addrs=130.199.48.129-9618&alias=rcas6009.rcf.bnl.gov&noUDP&sock=schedd_22421_101d>
...
040 (15564188.333.000) 2026-01-08 00:44:34 Started transferring input files
	Transferring to host: <130.199.150.96:9618?addrs=130.199.150.96-9618&alias=spool1577.sdcc.bnl.gov&noUDP&sock=slot1_70_24963_e9b7_185860>
...
040 (15564188.333.000) 2026-01-08 00:44:34 Finished transferring input files
...
001 (15564188.333.000) 2026-01-08 00:44:35 Job executing on host: <130.199.150.96:9618?addrs=130.199.150.96-9618&alias=spool1577.sdcc.bnl.gov&noUDP&sock=startd_24954_b9b8>
...
006 (15564188.333.000) 2026-01-08 00:44:44 Image size of job updated: 138416
	105  -  MemoryUsage of job (MB)
	107512  -  ResidentSetSize of job (KB)
...
006 (15564188.333.000) 2026-01-08 00:49:45 Image size of job updated: 448392
	131  -  MemoryUsage of job (MB)
	133140  -  ResidentSetSize of job (KB)
...
040 (15564188.333.000) 2026-01-08 01:01:50 Started transferring output files
...
040 (15564188.333.000) 2026-01-08 01:01:50 Finished transferring output files
...
005 (15564188.333.000) 2026-01-08 01:01:50 Job terminated.
	(1) Normal termination (return value 0)
		Usr 0 00:15:32, Sys 0 00:00:16  -  Run Remote Usage
		Usr 0 00:00:00, Sys 0 00:00:00  -  Run Local Usage
		Usr 0 00:15:32, Sys 0 00:00:16  -  Total Remote Usage
		Usr 0 00:00:00, Sys 0 00:00:00  -  Total Local Usage
	303  -  Run Bytes Sent By Job
	144352  -  Run Bytes Received By Job
	303  -  Total Bytes Sent By Job
	144352  -  Total Bytes Received By Job
	Partitionable Resources :    Usage  Request Allocated 
	   Cpus                 :     0.99        1         1 
	   Disk (KB)            :   159     2097152   6681182 
	   Memory (MB)          :   131        4096      4096 
	   xferslots            :                           0 

	Job terminated of its own accord at 2026-01-08T06:01:49Z with exit-code 0.
...
