000 (15690120.809.000) 2026-01-20 07:35:56 Job submitted from host: <130.199.48.129:9618?addrs=130.199.48.129-9618&alias=rcas6009.rcf.bnl.gov&noUDP&sock=schedd_22421_101d>
...
040 (15690120.809.000) 2026-01-21 13:04:25 Started transferring input files
	Transferring to host: <130.199.186.89:9618?addrs=130.199.186.89-9618&alias=spool1852.sdcc.bnl.gov&noUDP&sock=slot1_21_94012_d731_383111>
...
040 (15690120.809.000) 2026-01-21 13:04:25 Finished transferring input files
...
001 (15690120.809.000) 2026-01-21 13:04:26 Job executing on host: <130.199.186.89:9618?addrs=130.199.186.89-9618&alias=spool1852.sdcc.bnl.gov&noUDP&sock=startd_94003_dcbe>
...
006 (15690120.809.000) 2026-01-21 13:04:35 Image size of job updated: 421468
	66  -  MemoryUsage of job (MB)
	66956  -  ResidentSetSize of job (KB)
...
006 (15690120.809.000) 2026-01-21 13:04:50 Image size of job updated: 450100
	66  -  MemoryUsage of job (MB)
	66956  -  ResidentSetSize of job (KB)
...
040 (15690120.809.000) 2026-01-21 13:04:50 Started transferring output files
...
040 (15690120.809.000) 2026-01-21 13:04:50 Finished transferring output files
...
005 (15690120.809.000) 2026-01-21 13:04:50 Job terminated.
	(1) Normal termination (return value 0)
		Usr 0 00:00:22, Sys 0 00:00:00  -  Run Remote Usage
		Usr 0 00:00:00, Sys 0 00:00:00  -  Run Local Usage
		Usr 0 00:00:22, Sys 0 00:00:00  -  Total Remote Usage
		Usr 0 00:00:00, Sys 0 00:00:00  -  Total Local Usage
	44  -  Run Bytes Sent By Job
	148880  -  Run Bytes Received By Job
	44  -  Total Bytes Sent By Job
	148880  -  Total Bytes Received By Job
	Partitionable Resources :    Usage  Request Allocated 
	   Cpus                 :                 1         1 
	   Disk (KB)            :      157  2097152   6681569 
	   Memory (MB)          :       66     4096      4096 
	   xferslots            :                           0 

	Job terminated of its own accord at 2026-01-21T18:04:50Z with exit-code 0.
...
