000 (15684821.520.000) 2026-01-19 15:56:21 Job submitted from host: <130.199.48.129:9618?addrs=130.199.48.129-9618&alias=rcas6009.rcf.bnl.gov&noUDP&sock=schedd_22421_101d>
...
040 (15684821.520.000) 2026-01-19 16:23:13 Started transferring input files
	Transferring to host: <130.199.184.152:9618?addrs=130.199.184.152-9618&alias=spool1761.sdcc.bnl.gov&noUDP&sock=slot1_75_31056_4302_242101>
...
040 (15684821.520.000) 2026-01-19 16:23:13 Finished transferring input files
...
001 (15684821.520.000) 2026-01-19 16:23:14 Job executing on host: <130.199.184.152:9618?addrs=130.199.184.152-9618&alias=spool1761.sdcc.bnl.gov&noUDP&sock=startd_31047_1542>
...
006 (15684821.520.000) 2026-01-19 16:23:23 Image size of job updated: 420968
	91  -  MemoryUsage of job (MB)
	92540  -  ResidentSetSize of job (KB)
...
006 (15684821.520.000) 2026-01-19 16:28:23 Image size of job updated: 448028
	109  -  MemoryUsage of job (MB)
	111140  -  ResidentSetSize of job (KB)
...
040 (15684821.520.000) 2026-01-19 16:43:17 Started transferring output files
...
040 (15684821.520.000) 2026-01-19 16:43:17 Finished transferring output files
...
005 (15684821.520.000) 2026-01-19 16:43:17 Job terminated.
	(1) Normal termination (return value 0)
		Usr 0 00:18:30, Sys 0 00:00:14  -  Run Remote Usage
		Usr 0 00:00:00, Sys 0 00:00:00  -  Run Local Usage
		Usr 0 00:18:30, Sys 0 00:00:14  -  Total Remote Usage
		Usr 0 00:00:00, Sys 0 00:00:00  -  Total Local Usage
	219  -  Run Bytes Sent By Job
	148880  -  Run Bytes Received By Job
	219  -  Total Bytes Sent By Job
	148880  -  Total Bytes Received By Job
	Partitionable Resources :    Usage  Request Allocated 
	   Cpus                 :     0.94        1         1 
	   Disk (KB)            :   163     2097152   6681590 
	   Memory (MB)          :   109        4096      4096 
	   xferslots            :                           0 

	Job terminated of its own accord at 2026-01-19T21:43:16Z with exit-code 0.
...
