000 (15560432.185.000) 2026-01-07 17:58:15 Job submitted from host: <130.199.48.129:9618?addrs=130.199.48.129-9618&alias=rcas6009.rcf.bnl.gov&noUDP&sock=schedd_22421_101d>
...
040 (15560432.185.000) 2026-01-07 19:04:52 Started transferring input files
	Transferring to host: <130.199.151.31:9618?addrs=130.199.151.31-9618&alias=spool1609.sdcc.bnl.gov&noUDP&sock=slot1_86_94980_a7e9_181998>
...
040 (15560432.185.000) 2026-01-07 19:04:52 Finished transferring input files
...
001 (15560432.185.000) 2026-01-07 19:04:53 Job executing on host: <130.199.151.31:9618?addrs=130.199.151.31-9618&alias=spool1609.sdcc.bnl.gov&noUDP&sock=startd_94972_89de>
...
006 (15560432.185.000) 2026-01-07 19:05:01 Image size of job updated: 107516
	75  -  MemoryUsage of job (MB)
	76096  -  ResidentSetSize of job (KB)
...
006 (15560432.185.000) 2026-01-07 19:10:02 Image size of job updated: 424724
	96  -  MemoryUsage of job (MB)
	97364  -  ResidentSetSize of job (KB)
...
040 (15560432.185.000) 2026-01-07 19:11:51 Started transferring output files
...
040 (15560432.185.000) 2026-01-07 19:11:51 Finished transferring output files
...
005 (15560432.185.000) 2026-01-07 19:11:51 Job terminated.
	(1) Normal termination (return value 0)
		Usr 0 00:06:50, Sys 0 00:00:06  -  Run Remote Usage
		Usr 0 00:00:00, Sys 0 00:00:00  -  Run Local Usage
		Usr 0 00:06:50, Sys 0 00:00:06  -  Total Remote Usage
		Usr 0 00:00:00, Sys 0 00:00:00  -  Total Local Usage
	219  -  Run Bytes Sent By Job
	144352  -  Run Bytes Received By Job
	219  -  Total Bytes Sent By Job
	144352  -  Total Bytes Received By Job
	Partitionable Resources :    Usage  Request Allocated 
	   Cpus                 :     0.99        1         1 
	   Disk (KB)            :   159     2097152   6681162 
	   Memory (MB)          :    96        4096      4096 
	   xferslots            :                           0 

	Job terminated of its own accord at 2026-01-08T00:11:51Z with exit-code 0.
...
