000 (15697407.905.000) 2026-01-21 18:36:43 Job submitted from host: <130.199.48.129:9618?addrs=130.199.48.129-9618&alias=rcas6009.rcf.bnl.gov&noUDP&sock=schedd_22421_101d>
...
040 (15697407.905.000) 2026-01-22 16:17:26 Started transferring input files
	Transferring to host: <130.199.186.83:9618?addrs=130.199.186.83-9618&alias=spool1846.sdcc.bnl.gov&noUDP&sock=slot1_72_95821_b049_256326>
...
040 (15697407.905.000) 2026-01-22 16:17:26 Finished transferring input files
...
001 (15697407.905.000) 2026-01-22 16:17:27 Job executing on host: <130.199.186.83:9618?addrs=130.199.186.83-9618&alias=spool1846.sdcc.bnl.gov&noUDP&sock=startd_95812_6350>
...
006 (15697407.905.000) 2026-01-22 16:17:35 Image size of job updated: 103492
	70  -  MemoryUsage of job (MB)
	71052  -  ResidentSetSize of job (KB)
...
006 (15697407.905.000) 2026-01-22 16:23:21 Image size of job updated: 450144
	91  -  MemoryUsage of job (MB)
	93076  -  ResidentSetSize of job (KB)
...
040 (15697407.905.000) 2026-01-22 16:25:17 Started transferring output files
...
040 (15697407.905.000) 2026-01-22 16:25:17 Finished transferring output files
...
005 (15697407.905.000) 2026-01-22 16:25:17 Job terminated.
	(1) Normal termination (return value 0)
		Usr 0 00:06:37, Sys 0 00:00:05  -  Run Remote Usage
		Usr 0 00:00:00, Sys 0 00:00:00  -  Run Local Usage
		Usr 0 00:06:37, Sys 0 00:00:05  -  Total Remote Usage
		Usr 0 00:00:00, Sys 0 00:00:00  -  Total Local Usage
	135  -  Run Bytes Sent By Job
	148880  -  Run Bytes Received By Job
	135  -  Total Bytes Sent By Job
	148880  -  Total Bytes Received By Job
	Partitionable Resources :    Usage  Request Allocated 
	   Cpus                 :        0        1         1 
	   Disk (KB)            :      164  2097152   6681571 
	   Memory (MB)          :       91     4096      4096 
	   xferslots            :                           0 

	Job terminated of its own accord at 2026-01-22T21:25:17Z with exit-code 0.
...
