000 (15554417.212.000) 2026-01-07 12:44:33 Job submitted from host: <130.199.48.129:9618?addrs=130.199.48.129-9618&alias=rcas6009.rcf.bnl.gov&noUDP&sock=schedd_22421_101d>
...
040 (15554417.212.000) 2026-01-07 13:16:51 Started transferring input files
	Transferring to host: <130.199.186.75:9618?addrs=130.199.186.75-9618&alias=spool1838.sdcc.bnl.gov&noUDP&sock=slot1_38_24044_480e_191835>
...
040 (15554417.212.000) 2026-01-07 13:16:51 Finished transferring input files
...
001 (15554417.212.000) 2026-01-07 13:16:52 Job executing on host: <130.199.186.75:9618?addrs=130.199.186.75-9618&alias=spool1838.sdcc.bnl.gov&noUDP&sock=startd_24036_30a7>
...
006 (15554417.212.000) 2026-01-07 13:17:00 Image size of job updated: 422768
	102  -  MemoryUsage of job (MB)
	104348  -  ResidentSetSize of job (KB)
...
006 (15554417.212.000) 2026-01-07 13:22:00 Image size of job updated: 424792
	104  -  MemoryUsage of job (MB)
	105768  -  ResidentSetSize of job (KB)
...
040 (15554417.212.000) 2026-01-07 13:24:35 Started transferring output files
...
040 (15554417.212.000) 2026-01-07 13:24:35 Finished transferring output files
...
005 (15554417.212.000) 2026-01-07 13:24:35 Job terminated.
	(1) Normal termination (return value 0)
		Usr 0 00:07:37, Sys 0 00:00:05  -  Run Remote Usage
		Usr 0 00:00:00, Sys 0 00:00:00  -  Run Local Usage
		Usr 0 00:07:37, Sys 0 00:00:05  -  Total Remote Usage
		Usr 0 00:00:00, Sys 0 00:00:00  -  Total Local Usage
	247  -  Run Bytes Sent By Job
	144352  -  Run Bytes Received By Job
	247  -  Total Bytes Sent By Job
	144352  -  Total Bytes Received By Job
	Partitionable Resources :    Usage  Request Allocated 
	   Cpus                 :     1.00        1         1 
	   Disk (KB)            :   159     2097152   6681575 
	   Memory (MB)          :   104        4096      4096 
	   xferslots            :                           0 

	Job terminated of its own accord at 2026-01-07T18:24:35Z with exit-code 0.
...
