000 (15560432.780.000) 2026-01-07 17:58:17 Job submitted from host: <130.199.48.129:9618?addrs=130.199.48.129-9618&alias=rcas6009.rcf.bnl.gov&noUDP&sock=schedd_22421_101d>
...
040 (15560432.780.000) 2026-01-07 20:54:31 Started transferring input files
	Transferring to host: <130.199.186.91:9618?addrs=130.199.186.91-9618&alias=spool1854.sdcc.bnl.gov&noUDP&sock=slot1_43_94212_879b_193475>
...
040 (15560432.780.000) 2026-01-07 20:54:32 Finished transferring input files
...
001 (15560432.780.000) 2026-01-07 20:54:33 Job executing on host: <130.199.186.91:9618?addrs=130.199.186.91-9618&alias=spool1854.sdcc.bnl.gov&noUDP&sock=startd_94203_28e5>
...
006 (15560432.780.000) 2026-01-07 20:54:41 Image size of job updated: 421896
	85  -  MemoryUsage of job (MB)
	86240  -  ResidentSetSize of job (KB)
...
006 (15560432.780.000) 2026-01-07 20:58:24 Image size of job updated: 424536
	85  -  MemoryUsage of job (MB)
	86240  -  ResidentSetSize of job (KB)
...
040 (15560432.780.000) 2026-01-07 20:58:24 Started transferring output files
...
040 (15560432.780.000) 2026-01-07 20:58:24 Finished transferring output files
...
005 (15560432.780.000) 2026-01-07 20:58:24 Job terminated.
	(1) Normal termination (return value 0)
		Usr 0 00:03:45, Sys 0 00:00:04  -  Run Remote Usage
		Usr 0 00:00:00, Sys 0 00:00:00  -  Run Local Usage
		Usr 0 00:03:45, Sys 0 00:00:04  -  Total Remote Usage
		Usr 0 00:00:00, Sys 0 00:00:00  -  Total Local Usage
	149  -  Run Bytes Sent By Job
	144352  -  Run Bytes Received By Job
	149  -  Total Bytes Sent By Job
	144352  -  Total Bytes Received By Job
	Partitionable Resources :    Usage  Request Allocated 
	   Cpus                 :     0.99        1         1 
	   Disk (KB)            :   159     2097152   6681568 
	   Memory (MB)          :    85        4096      4096 
	   xferslots            :                           0 

	Job terminated of its own accord at 2026-01-08T01:58:24Z with exit-code 0.
...
