000 (15690120.386.000) 2026-01-20 07:35:55 Job submitted from host: <130.199.48.129:9618?addrs=130.199.48.129-9618&alias=rcas6009.rcf.bnl.gov&noUDP&sock=schedd_22421_101d>
...
040 (15690120.386.000) 2026-01-21 08:14:21 Started transferring input files
	Transferring to host: <130.199.150.69:9618?addrs=130.199.150.69-9618&alias=spool1550.sdcc.bnl.gov&noUDP&sock=slot1_93_31183_0b5a_303066>
...
040 (15690120.386.000) 2026-01-21 08:14:21 Finished transferring input files
...
001 (15690120.386.000) 2026-01-21 08:14:22 Job executing on host: <130.199.150.69:9618?addrs=130.199.150.69-9618&alias=spool1550.sdcc.bnl.gov&noUDP&sock=startd_31173_f5e0>
...
006 (15690120.386.000) 2026-01-21 08:14:31 Image size of job updated: 421880
	79  -  MemoryUsage of job (MB)
	80136  -  ResidentSetSize of job (KB)
...
006 (15690120.386.000) 2026-01-21 08:19:32 Image size of job updated: 451088
	117  -  MemoryUsage of job (MB)
	119764  -  ResidentSetSize of job (KB)
...
040 (15690120.386.000) 2026-01-21 08:32:51 Started transferring output files
...
040 (15690120.386.000) 2026-01-21 08:32:51 Finished transferring output files
...
005 (15690120.386.000) 2026-01-21 08:32:51 Job terminated.
	(1) Normal termination (return value 0)
		Usr 0 00:18:15, Sys 0 00:00:11  -  Run Remote Usage
		Usr 0 00:00:00, Sys 0 00:00:00  -  Run Local Usage
		Usr 0 00:18:15, Sys 0 00:00:11  -  Total Remote Usage
		Usr 0 00:00:00, Sys 0 00:00:00  -  Total Local Usage
	233  -  Run Bytes Sent By Job
	148880  -  Run Bytes Received By Job
	233  -  Total Bytes Sent By Job
	148880  -  Total Bytes Received By Job
	Partitionable Resources :    Usage  Request Allocated 
	   Cpus                 :     1.00        1         1 
	   Disk (KB)            :   163     2097152   6681189 
	   Memory (MB)          :   117        4096      4096 
	   xferslots            :                           0 

	Job terminated of its own accord at 2026-01-21T13:32:51Z with exit-code 0.
...
