000 (15684821.1141.000) 2026-01-19 15:56:23 Job submitted from host: <130.199.48.129:9618?addrs=130.199.48.129-9618&alias=rcas6009.rcf.bnl.gov&noUDP&sock=schedd_22421_101d>
...
040 (15684821.1141.000) 2026-01-19 16:32:22 Started transferring input files
	Transferring to host: <130.199.186.93:9618?addrs=130.199.186.93-9618&alias=spool1856.sdcc.bnl.gov&noUDP&sock=slot1_75_94268_e1f6_238877>
...
040 (15684821.1141.000) 2026-01-19 16:32:22 Finished transferring input files
...
001 (15684821.1141.000) 2026-01-19 16:32:23 Job executing on host: <130.199.186.93:9618?addrs=130.199.186.93-9618&alias=spool1856.sdcc.bnl.gov&noUDP&sock=startd_94259_e20f>
...
006 (15684821.1141.000) 2026-01-19 16:32:32 Image size of job updated: 104140
	72  -  MemoryUsage of job (MB)
	73232  -  ResidentSetSize of job (KB)
...
006 (15684821.1141.000) 2026-01-19 16:35:15 Image size of job updated: 448856
	72  -  MemoryUsage of job (MB)
	73232  -  ResidentSetSize of job (KB)
...
040 (15684821.1141.000) 2026-01-19 16:35:16 Started transferring output files
...
040 (15684821.1141.000) 2026-01-19 16:35:16 Finished transferring output files
...
005 (15684821.1141.000) 2026-01-19 16:35:16 Job terminated.
	(1) Normal termination (return value 0)
		Usr 0 00:02:38, Sys 0 00:00:02  -  Run Remote Usage
		Usr 0 00:00:00, Sys 0 00:00:00  -  Run Local Usage
		Usr 0 00:02:38, Sys 0 00:00:02  -  Total Remote Usage
		Usr 0 00:00:00, Sys 0 00:00:00  -  Total Local Usage
	109  -  Run Bytes Sent By Job
	148880  -  Run Bytes Received By Job
	109  -  Total Bytes Sent By Job
	148880  -  Total Bytes Received By Job
	Partitionable Resources :    Usage  Request Allocated 
	   Cpus                 :     0.79        1         1 
	   Disk (KB)            :   163     2097152   6681548 
	   Memory (MB)          :    72        4096      4096 
	   xferslots            :                           0 

	Job terminated of its own accord at 2026-01-19T21:35:15Z with exit-code 0.
...
