000 (15697407.359.000) 2026-01-21 18:36:41 Job submitted from host: <130.199.48.129:9618?addrs=130.199.48.129-9618&alias=rcas6009.rcf.bnl.gov&noUDP&sock=schedd_22421_101d>
...
040 (15697407.359.000) 2026-01-22 06:40:43 Started transferring input files
	Transferring to host: <130.199.186.12:9618?addrs=130.199.186.12-9618&alias=spool1809.sdcc.bnl.gov&noUDP&sock=slot1_94_94025_70bd_281909>
...
040 (15697407.359.000) 2026-01-22 06:40:43 Finished transferring input files
...
001 (15697407.359.000) 2026-01-22 06:40:44 Job executing on host: <130.199.186.12:9618?addrs=130.199.186.12-9618&alias=spool1809.sdcc.bnl.gov&noUDP&sock=startd_94017_4b09>
...
006 (15697407.359.000) 2026-01-22 06:40:53 Image size of job updated: 423320
	74  -  MemoryUsage of job (MB)
	75676  -  ResidentSetSize of job (KB)
...
006 (15697407.359.000) 2026-01-22 06:45:54 Image size of job updated: 450776
	103  -  MemoryUsage of job (MB)
	104572  -  ResidentSetSize of job (KB)
...
040 (15697407.359.000) 2026-01-22 06:51:58 Started transferring output files
...
040 (15697407.359.000) 2026-01-22 06:51:59 Finished transferring output files
...
005 (15697407.359.000) 2026-01-22 06:51:59 Job terminated.
	(1) Normal termination (return value 0)
		Usr 0 00:11:05, Sys 0 00:00:08  -  Run Remote Usage
		Usr 0 00:00:00, Sys 0 00:00:00  -  Run Local Usage
		Usr 0 00:11:05, Sys 0 00:00:08  -  Total Remote Usage
		Usr 0 00:00:00, Sys 0 00:00:00  -  Total Local Usage
	177  -  Run Bytes Sent By Job
	148880  -  Run Bytes Received By Job
	177  -  Total Bytes Sent By Job
	148880  -  Total Bytes Received By Job
	Partitionable Resources :    Usage  Request Allocated 
	   Cpus                 :     0.99        1         1 
	   Disk (KB)            :   163     2097152   6681585 
	   Memory (MB)          :   103        4096      4096 
	   xferslots            :                           0 

	Job terminated of its own accord at 2026-01-22T11:51:58Z with exit-code 0.
...
