000 (15697407.166.000) 2026-01-21 18:36:41 Job submitted from host: <130.199.48.129:9618?addrs=130.199.48.129-9618&alias=rcas6009.rcf.bnl.gov&noUDP&sock=schedd_22421_101d>
...
040 (15697407.166.000) 2026-01-21 23:27:02 Started transferring input files
	Transferring to host: <130.199.186.94:9618?addrs=130.199.186.94-9618&alias=spool1857.sdcc.bnl.gov&noUDP&sock=slot1_81_95819_3633_376908>
...
040 (15697407.166.000) 2026-01-21 23:27:02 Finished transferring input files
...
001 (15697407.166.000) 2026-01-21 23:27:03 Job executing on host: <130.199.186.94:9618?addrs=130.199.186.94-9618&alias=spool1857.sdcc.bnl.gov&noUDP&sock=startd_95810_c145>
...
006 (15697407.166.000) 2026-01-21 23:27:12 Image size of job updated: 695544
	112  -  MemoryUsage of job (MB)
	113696  -  ResidentSetSize of job (KB)
...
006 (15697407.166.000) 2026-01-21 23:32:13 Image size of job updated: 697532
	154  -  MemoryUsage of job (MB)
	157148  -  ResidentSetSize of job (KB)
...
006 (15697407.166.000) 2026-01-21 23:57:16 Image size of job updated: 697532
	154  -  MemoryUsage of job (MB)
	157236  -  ResidentSetSize of job (KB)
...
006 (15697407.166.000) 2026-01-22 00:12:17 Image size of job updated: 697532
	162  -  MemoryUsage of job (MB)
	165228  -  ResidentSetSize of job (KB)
...
040 (15697407.166.000) 2026-01-22 00:14:33 Started transferring output files
...
040 (15697407.166.000) 2026-01-22 00:14:33 Finished transferring output files
...
005 (15697407.166.000) 2026-01-22 00:14:34 Job terminated.
	(1) Normal termination (return value 0)
		Usr 0 00:46:39, Sys 0 00:00:39  -  Run Remote Usage
		Usr 0 00:00:00, Sys 0 00:00:00  -  Run Local Usage
		Usr 0 00:46:39, Sys 0 00:00:39  -  Total Remote Usage
		Usr 0 00:00:00, Sys 0 00:00:00  -  Total Local Usage
	373  -  Run Bytes Sent By Job
	148880  -  Run Bytes Received By Job
	373  -  Total Bytes Sent By Job
	148880  -  Total Bytes Received By Job
	Partitionable Resources :    Usage  Request Allocated 
	   Cpus                 :     1.00        1         1 
	   Disk (KB)            :   164     2097152   6681616 
	   Memory (MB)          :   162        4096      4096 
	   xferslots            :                           0 

	Job terminated of its own accord at 2026-01-22T05:14:33Z with exit-code 0.
...
