000 (16235385.249.000) 2026-01-23 10:57:26 Job submitted from host: <130.199.48.128:9618?addrs=130.199.48.128-9618&alias=rcas6008.rcf.bnl.gov&noUDP&sock=schedd_18725_535a>
...
040 (16235385.249.000) 2026-01-23 11:59:43 Started transferring input files
	Transferring to host: <130.199.186.71:9618?addrs=130.199.186.71-9618&alias=spool1834.sdcc.bnl.gov&noUDP&sock=slot1_67_94147_87df_346356>
...
040 (16235385.249.000) 2026-01-23 11:59:43 Finished transferring input files
...
001 (16235385.249.000) 2026-01-23 11:59:44 Job executing on host: <130.199.186.71:9618?addrs=130.199.186.71-9618&alias=spool1834.sdcc.bnl.gov&noUDP&sock=startd_94139_e791>
...
006 (16235385.249.000) 2026-01-23 11:59:52 Image size of job updated: 342756
	40  -  MemoryUsage of job (MB)
	40724  -  ResidentSetSize of job (KB)
...
006 (16235385.249.000) 2026-01-23 12:04:52 Image size of job updated: 449684
	135  -  MemoryUsage of job (MB)
	137488  -  ResidentSetSize of job (KB)
...
040 (16235385.249.000) 2026-01-23 12:29:09 Started transferring output files
...
040 (16235385.249.000) 2026-01-23 12:29:09 Finished transferring output files
...
005 (16235385.249.000) 2026-01-23 12:29:09 Job terminated.
	(1) Normal termination (return value 0)
		Usr 0 00:28:41, Sys 0 00:00:18  -  Run Remote Usage
		Usr 0 00:00:00, Sys 0 00:00:00  -  Run Local Usage
		Usr 0 00:28:41, Sys 0 00:00:18  -  Total Remote Usage
		Usr 0 00:00:00, Sys 0 00:00:00  -  Total Local Usage
	303  -  Run Bytes Sent By Job
	148880  -  Run Bytes Received By Job
	303  -  Total Bytes Sent By Job
	148880  -  Total Bytes Received By Job
	Partitionable Resources :    Usage  Request Allocated 
	   Cpus                 :     1.00        1         1 
	   Disk (KB)            :   163     2097152   6681572 
	   Memory (MB)          :   135        4096      4096 
	   xferslots            :                           0 

	Job terminated of its own accord at 2026-01-23T17:29:09Z with exit-code 0.
...
