000 (16235385.182.000) 2026-01-23 10:57:26 Job submitted from host: <130.199.48.128:9618?addrs=130.199.48.128-9618&alias=rcas6008.rcf.bnl.gov&noUDP&sock=schedd_18725_535a>
...
040 (16235385.182.000) 2026-01-23 11:47:43 Started transferring input files
	Transferring to host: <130.199.151.14:9618?addrs=130.199.151.14-9618&alias=spool1592.sdcc.bnl.gov&noUDP&sock=slot1_1_96745_0327_255676>
...
040 (16235385.182.000) 2026-01-23 11:47:43 Finished transferring input files
...
001 (16235385.182.000) 2026-01-23 11:47:44 Job executing on host: <130.199.151.14:9618?addrs=130.199.151.14-9618&alias=spool1592.sdcc.bnl.gov&noUDP&sock=startd_96736_d281>
...
006 (16235385.182.000) 2026-01-23 11:47:53 Image size of job updated: 112204
	77  -  MemoryUsage of job (MB)
	78608  -  ResidentSetSize of job (KB)
...
006 (16235385.182.000) 2026-01-23 11:52:54 Image size of job updated: 693972
	150  -  MemoryUsage of job (MB)
	153248  -  ResidentSetSize of job (KB)
...
006 (16235385.182.000) 2026-01-23 11:57:55 Image size of job updated: 693972
	154  -  MemoryUsage of job (MB)
	156796  -  ResidentSetSize of job (KB)
...
006 (16235385.182.000) 2026-01-23 12:32:58 Image size of job updated: 693972
	163  -  MemoryUsage of job (MB)
	166484  -  ResidentSetSize of job (KB)
...
040 (16235385.182.000) 2026-01-23 12:34:50 Started transferring output files
...
040 (16235385.182.000) 2026-01-23 12:34:50 Finished transferring output files
...
005 (16235385.182.000) 2026-01-23 12:34:50 Job terminated.
	(1) Normal termination (return value 0)
		Usr 0 00:45:52, Sys 0 00:00:39  -  Run Remote Usage
		Usr 0 00:00:00, Sys 0 00:00:00  -  Run Local Usage
		Usr 0 00:45:52, Sys 0 00:00:39  -  Total Remote Usage
		Usr 0 00:00:00, Sys 0 00:00:00  -  Total Local Usage
	387  -  Run Bytes Sent By Job
	148880  -  Run Bytes Received By Job
	387  -  Total Bytes Sent By Job
	148880  -  Total Bytes Received By Job
	Partitionable Resources :    Usage  Request Allocated 
	   Cpus                 :     1.00        1         1 
	   Disk (KB)            :   164     2097152   6681187 
	   Memory (MB)          :   163        4096      4096 
	   xferslots            :                           0 

	Job terminated of its own accord at 2026-01-23T17:34:50Z with exit-code 0.
...
