000 (16235385.592.000) 2026-01-23 10:57:28 Job submitted from host: <130.199.48.128:9618?addrs=130.199.48.128-9618&alias=rcas6008.rcf.bnl.gov&noUDP&sock=schedd_18725_535a>
...
040 (16235385.592.000) 2026-01-23 12:14:41 Started transferring input files
	Transferring to host: <130.199.186.27:9618?addrs=130.199.186.27-9618&alias=spool1824.sdcc.bnl.gov&noUDP&sock=slot1_51_94218_f5db_254362>
...
040 (16235385.592.000) 2026-01-23 12:14:41 Finished transferring input files
...
001 (16235385.592.000) 2026-01-23 12:14:42 Job executing on host: <130.199.186.27:9618?addrs=130.199.186.27-9618&alias=spool1824.sdcc.bnl.gov&noUDP&sock=startd_94209_0f05>
...
006 (16235385.592.000) 2026-01-23 12:14:50 Image size of job updated: 75416
	40  -  MemoryUsage of job (MB)
	40720  -  ResidentSetSize of job (KB)
...
006 (16235385.592.000) 2026-01-23 12:19:50 Image size of job updated: 448124
	115  -  MemoryUsage of job (MB)
	116972  -  ResidentSetSize of job (KB)
...
040 (16235385.592.000) 2026-01-23 12:36:52 Started transferring output files
...
040 (16235385.592.000) 2026-01-23 12:36:52 Finished transferring output files
...
005 (16235385.592.000) 2026-01-23 12:36:52 Job terminated.
	(1) Normal termination (return value 0)
		Usr 0 00:21:44, Sys 0 00:00:15  -  Run Remote Usage
		Usr 0 00:00:00, Sys 0 00:00:00  -  Run Local Usage
		Usr 0 00:21:44, Sys 0 00:00:15  -  Total Remote Usage
		Usr 0 00:00:00, Sys 0 00:00:00  -  Total Local Usage
	247  -  Run Bytes Sent By Job
	148880  -  Run Bytes Received By Job
	247  -  Total Bytes Sent By Job
	148880  -  Total Bytes Received By Job
	Partitionable Resources :    Usage  Request Allocated 
	   Cpus                 :     0.99        1         1 
	   Disk (KB)            :   164     2097152   6681576 
	   Memory (MB)          :   115        4096      4096 
	   xferslots            :                           0 

	Job terminated of its own accord at 2026-01-23T17:36:51Z with exit-code 0.
...
