000 (15684821.755.000) 2026-01-19 15:56:22 Job submitted from host: <130.199.48.129:9618?addrs=130.199.48.129-9618&alias=rcas6009.rcf.bnl.gov&noUDP&sock=schedd_22421_101d>
...
040 (15684821.755.000) 2026-01-19 16:28:06 Started transferring input files
	Transferring to host: <130.199.184.218:9618?addrs=130.199.184.218-9618&alias=spool1793.sdcc.bnl.gov&noUDP&sock=slot1_33_94162_9b80_239793>
...
040 (15684821.755.000) 2026-01-19 16:28:06 Finished transferring input files
...
001 (15684821.755.000) 2026-01-19 16:28:07 Job executing on host: <130.199.184.218:9618?addrs=130.199.184.218-9618&alias=spool1793.sdcc.bnl.gov&noUDP&sock=startd_94153_55dc>
...
006 (15684821.755.000) 2026-01-19 16:28:16 Image size of job updated: 341424
	84  -  MemoryUsage of job (MB)
	85036  -  ResidentSetSize of job (KB)
...
006 (15684821.755.000) 2026-01-19 16:33:16 Image size of job updated: 448308
	98  -  MemoryUsage of job (MB)
	99344  -  ResidentSetSize of job (KB)
...
040 (15684821.755.000) 2026-01-19 16:42:24 Started transferring output files
...
040 (15684821.755.000) 2026-01-19 16:42:24 Finished transferring output files
...
005 (15684821.755.000) 2026-01-19 16:42:24 Job terminated.
	(1) Normal termination (return value 0)
		Usr 0 00:13:19, Sys 0 00:00:10  -  Run Remote Usage
		Usr 0 00:00:00, Sys 0 00:00:00  -  Run Local Usage
		Usr 0 00:13:19, Sys 0 00:00:10  -  Total Remote Usage
		Usr 0 00:00:00, Sys 0 00:00:00  -  Total Local Usage
	177  -  Run Bytes Sent By Job
	148880  -  Run Bytes Received By Job
	177  -  Total Bytes Sent By Job
	148880  -  Total Bytes Received By Job
	Partitionable Resources :    Usage  Request Allocated 
	   Cpus                 :     0.99        1         1 
	   Disk (KB)            :   164     2097152   6681593 
	   Memory (MB)          :    98        4096      4096 
	   xferslots            :                           0 

	Job terminated of its own accord at 2026-01-19T21:42:23Z with exit-code 0.
...
