000 (15560432.507.000) 2026-01-07 17:58:16 Job submitted from host: <130.199.48.129:9618?addrs=130.199.48.129-9618&alias=rcas6009.rcf.bnl.gov&noUDP&sock=schedd_22421_101d>
...
040 (15560432.507.000) 2026-01-07 20:45:07 Started transferring input files
	Transferring to host: <130.199.151.16:9618?addrs=130.199.151.16-9618&alias=spool1594.sdcc.bnl.gov&noUDP&sock=slot1_31_96956_d307_189616>
...
040 (15560432.507.000) 2026-01-07 20:45:07 Finished transferring input files
...
001 (15560432.507.000) 2026-01-07 20:45:08 Job executing on host: <130.199.151.16:9618?addrs=130.199.151.16-9618&alias=spool1594.sdcc.bnl.gov&noUDP&sock=startd_96947_99e2>
...
006 (15560432.507.000) 2026-01-07 20:45:17 Image size of job updated: 423176
	77  -  MemoryUsage of job (MB)
	78072  -  ResidentSetSize of job (KB)
...
006 (15560432.507.000) 2026-01-07 20:47:25 Image size of job updated: 424464
	77  -  MemoryUsage of job (MB)
	78072  -  ResidentSetSize of job (KB)
...
040 (15560432.507.000) 2026-01-07 20:47:25 Started transferring output files
...
040 (15560432.507.000) 2026-01-07 20:47:25 Finished transferring output files
...
005 (15560432.507.000) 2026-01-07 20:47:25 Job terminated.
	(1) Normal termination (return value 0)
		Usr 0 00:02:12, Sys 0 00:00:02  -  Run Remote Usage
		Usr 0 00:00:00, Sys 0 00:00:00  -  Run Local Usage
		Usr 0 00:02:12, Sys 0 00:00:02  -  Total Remote Usage
		Usr 0 00:00:00, Sys 0 00:00:00  -  Total Local Usage
	109  -  Run Bytes Sent By Job
	144352  -  Run Bytes Received By Job
	109  -  Total Bytes Sent By Job
	144352  -  Total Bytes Received By Job
	Partitionable Resources :    Usage  Request Allocated 
	   Cpus                 :                 1         1 
	   Disk (KB)            :      152  2097152   6681187 
	   Memory (MB)          :       77     4096      4096 
	   xferslots            :                           0 

	Job terminated of its own accord at 2026-01-08T01:47:25Z with exit-code 0.
...
