000 (16235385.865.000) 2026-01-23 10:57:29 Job submitted from host: <130.199.48.128:9618?addrs=130.199.48.128-9618&alias=rcas6008.rcf.bnl.gov&noUDP&sock=schedd_18725_535a>
...
040 (16235385.865.000) 2026-01-23 12:25:08 Started transferring input files
	Transferring to host: <130.199.184.220:9618?addrs=130.199.184.220-9618&alias=spool1795.sdcc.bnl.gov&noUDP&sock=slot1_23_94169_c6cc_255843>
...
040 (16235385.865.000) 2026-01-23 12:25:08 Finished transferring input files
...
001 (16235385.865.000) 2026-01-23 12:25:09 Job executing on host: <130.199.184.220:9618?addrs=130.199.184.220-9618&alias=spool1795.sdcc.bnl.gov&noUDP&sock=startd_94161_de06>
...
006 (16235385.865.000) 2026-01-23 12:25:18 Image size of job updated: 106200
	74  -  MemoryUsage of job (MB)
	74980  -  ResidentSetSize of job (KB)
...
006 (16235385.865.000) 2026-01-23 12:28:50 Image size of job updated: 448808
	74  -  MemoryUsage of job (MB)
	74980  -  ResidentSetSize of job (KB)
...
040 (16235385.865.000) 2026-01-23 12:28:50 Started transferring output files
...
040 (16235385.865.000) 2026-01-23 12:28:50 Finished transferring output files
...
005 (16235385.865.000) 2026-01-23 12:28:50 Job terminated.
	(1) Normal termination (return value 0)
		Usr 0 00:03:36, Sys 0 00:00:03  -  Run Remote Usage
		Usr 0 00:00:00, Sys 0 00:00:00  -  Run Local Usage
		Usr 0 00:03:36, Sys 0 00:00:03  -  Total Remote Usage
		Usr 0 00:00:00, Sys 0 00:00:00  -  Total Local Usage
	109  -  Run Bytes Sent By Job
	148880  -  Run Bytes Received By Job
	109  -  Total Bytes Sent By Job
	148880  -  Total Bytes Received By Job
	Partitionable Resources :    Usage  Request Allocated 
	   Cpus                 :     0.99        1         1 
	   Disk (KB)            :   164     2097152   6681583 
	   Memory (MB)          :    74        4096      4096 
	   xferslots            :                           0 

	Job terminated of its own accord at 2026-01-23T17:28:50Z with exit-code 0.
...
