000 (15560432.760.000) 2026-01-07 17:58:17 Job submitted from host: <130.199.48.129:9618?addrs=130.199.48.129-9618&alias=rcas6009.rcf.bnl.gov&noUDP&sock=schedd_22421_101d>
...
040 (15560432.760.000) 2026-01-07 20:54:04 Started transferring input files
	Transferring to host: <130.199.150.96:9618?addrs=130.199.150.96-9618&alias=spool1577.sdcc.bnl.gov&noUDP&sock=slot1_28_24963_e9b7_185254>
...
040 (15560432.760.000) 2026-01-07 20:54:04 Finished transferring input files
...
001 (15560432.760.000) 2026-01-07 20:54:05 Job executing on host: <130.199.150.96:9618?addrs=130.199.150.96-9618&alias=spool1577.sdcc.bnl.gov&noUDP&sock=startd_24954_b9b8>
...
006 (15560432.760.000) 2026-01-07 20:54:14 Image size of job updated: 119228
	86  -  MemoryUsage of job (MB)
	87784  -  ResidentSetSize of job (KB)
...
006 (15560432.760.000) 2026-01-07 20:59:15 Image size of job updated: 424492
	88  -  MemoryUsage of job (MB)
	89900  -  ResidentSetSize of job (KB)
...
040 (15560432.760.000) 2026-01-07 20:59:44 Started transferring output files
...
040 (15560432.760.000) 2026-01-07 20:59:44 Finished transferring output files
...
005 (15560432.760.000) 2026-01-07 20:59:45 Job terminated.
	(1) Normal termination (return value 0)
		Usr 0 00:05:32, Sys 0 00:00:05  -  Run Remote Usage
		Usr 0 00:00:00, Sys 0 00:00:00  -  Run Local Usage
		Usr 0 00:05:32, Sys 0 00:00:05  -  Total Remote Usage
		Usr 0 00:00:00, Sys 0 00:00:00  -  Total Local Usage
	177  -  Run Bytes Sent By Job
	144352  -  Run Bytes Received By Job
	177  -  Total Bytes Sent By Job
	144352  -  Total Bytes Received By Job
	Partitionable Resources :    Usage  Request Allocated 
	   Cpus                 :     0.99        1         1 
	   Disk (KB)            :   159     2097152   6681182 
	   Memory (MB)          :    88        4096      4096 
	   xferslots            :                           0 

	Job terminated of its own accord at 2026-01-08T01:59:44Z with exit-code 0.
...
