000 (15560432.577.000) 2026-01-07 17:58:16 Job submitted from host: <130.199.48.129:9618?addrs=130.199.48.129-9618&alias=rcas6009.rcf.bnl.gov&noUDP&sock=schedd_22421_101d>
...
040 (15560432.577.000) 2026-01-07 20:50:14 Started transferring input files
	Transferring to host: <130.199.184.194:9618?addrs=130.199.184.194-9618&alias=spool1769.sdcc.bnl.gov&noUDP&sock=slot1_60_95939_d340_191211>
...
040 (15560432.577.000) 2026-01-07 20:50:14 Finished transferring input files
...
001 (15560432.577.000) 2026-01-07 20:50:15 Job executing on host: <130.199.184.194:9618?addrs=130.199.184.194-9618&alias=spool1769.sdcc.bnl.gov&noUDP&sock=startd_95928_19b9>
...
006 (15560432.577.000) 2026-01-07 20:50:23 Image size of job updated: 115508
	83  -  MemoryUsage of job (MB)
	84100  -  ResidentSetSize of job (KB)
...
006 (15560432.577.000) 2026-01-07 20:55:23 Image size of job updated: 424872
	106  -  MemoryUsage of job (MB)
	108096  -  ResidentSetSize of job (KB)
...
006 (15560432.577.000) 2026-01-07 21:00:24 Image size of job updated: 424872
	106  -  MemoryUsage of job (MB)
	108104  -  ResidentSetSize of job (KB)
...
040 (15560432.577.000) 2026-01-07 21:02:07 Started transferring output files
...
040 (15560432.577.000) 2026-01-07 21:02:07 Finished transferring output files
...
005 (15560432.577.000) 2026-01-07 21:02:07 Job terminated.
	(1) Normal termination (return value 0)
		Usr 0 00:11:41, Sys 0 00:00:09  -  Run Remote Usage
		Usr 0 00:00:00, Sys 0 00:00:00  -  Run Local Usage
		Usr 0 00:11:41, Sys 0 00:00:09  -  Total Remote Usage
		Usr 0 00:00:00, Sys 0 00:00:00  -  Total Local Usage
	261  -  Run Bytes Sent By Job
	144352  -  Run Bytes Received By Job
	261  -  Total Bytes Sent By Job
	144352  -  Total Bytes Received By Job
	Partitionable Resources :    Usage  Request Allocated 
	   Cpus                 :     0.99        1         1 
	   Disk (KB)            :   159     2097152   6681581 
	   Memory (MB)          :   106        4096      4096 
	   xferslots            :                           0 

	Job terminated of its own accord at 2026-01-08T02:02:07Z with exit-code 0.
...
