000 (15554417.780.000) 2026-01-07 12:44:34 Job submitted from host: <130.199.48.129:9618?addrs=130.199.48.129-9618&alias=rcas6009.rcf.bnl.gov&noUDP&sock=schedd_22421_101d>
...
040 (15554417.780.000) 2026-01-07 14:01:58 Started transferring input files
	Transferring to host: <130.199.186.75:9618?addrs=130.199.186.75-9618&alias=spool1838.sdcc.bnl.gov&noUDP&sock=slot1_45_24044_480e_191962>
...
040 (15554417.780.000) 2026-01-07 14:01:58 Finished transferring input files
...
001 (15554417.780.000) 2026-01-07 14:01:59 Job executing on host: <130.199.186.75:9618?addrs=130.199.186.75-9618&alias=spool1838.sdcc.bnl.gov&noUDP&sock=startd_24036_30a7>
...
006 (15554417.780.000) 2026-01-07 14:02:07 Image size of job updated: 117640
	85  -  MemoryUsage of job (MB)
	86232  -  ResidentSetSize of job (KB)
...
006 (15554417.780.000) 2026-01-07 14:05:23 Image size of job updated: 424536
	85  -  MemoryUsage of job (MB)
	86232  -  ResidentSetSize of job (KB)
...
040 (15554417.780.000) 2026-01-07 14:05:23 Started transferring output files
...
040 (15554417.780.000) 2026-01-07 14:05:23 Finished transferring output files
...
005 (15554417.780.000) 2026-01-07 14:05:23 Job terminated.
	(1) Normal termination (return value 0)
		Usr 0 00:03:21, Sys 0 00:00:02  -  Run Remote Usage
		Usr 0 00:00:00, Sys 0 00:00:00  -  Run Local Usage
		Usr 0 00:03:21, Sys 0 00:00:02  -  Total Remote Usage
		Usr 0 00:00:00, Sys 0 00:00:00  -  Total Local Usage
	149  -  Run Bytes Sent By Job
	144352  -  Run Bytes Received By Job
	149  -  Total Bytes Sent By Job
	144352  -  Total Bytes Received By Job
	Partitionable Resources :    Usage  Request Allocated 
	   Cpus                 :     1.00        1         1 
	   Disk (KB)            :   159     2097152   6681575 
	   Memory (MB)          :    85        4096      4096 
	   xferslots            :                           0 

	Job terminated of its own accord at 2026-01-07T19:05:23Z with exit-code 0.
...
