000 (15697407.1043.000) 2026-01-21 18:36:43 Job submitted from host: <130.199.48.129:9618?addrs=130.199.48.129-9618&alias=rcas6009.rcf.bnl.gov&noUDP&sock=schedd_22421_101d>
...
040 (15697407.1043.000) 2026-01-22 18:26:27 Started transferring input files
	Transferring to host: <130.199.186.77:9618?addrs=130.199.186.77-9618&alias=spool1840.sdcc.bnl.gov&noUDP&sock=slot1_10_94008_e306_309406>
...
040 (15697407.1043.000) 2026-01-22 18:26:27 Finished transferring input files
...
001 (15697407.1043.000) 2026-01-22 18:26:28 Job executing on host: <130.199.186.77:9618?addrs=130.199.186.77-9618&alias=spool1840.sdcc.bnl.gov&noUDP&sock=startd_93998_47a4>
...
006 (15697407.1043.000) 2026-01-22 18:26:36 Image size of job updated: 420072
	92  -  MemoryUsage of job (MB)
	93856  -  ResidentSetSize of job (KB)
...
006 (15697407.1043.000) 2026-01-22 18:31:36 Image size of job updated: 449708
	110  -  MemoryUsage of job (MB)
	111968  -  ResidentSetSize of job (KB)
...
040 (15697407.1043.000) 2026-01-22 18:44:09 Started transferring output files
...
040 (15697407.1043.000) 2026-01-22 18:44:09 Finished transferring output files
...
005 (15697407.1043.000) 2026-01-22 18:44:09 Job terminated.
	(1) Normal termination (return value 0)
		Usr 0 00:17:18, Sys 0 00:00:12  -  Run Remote Usage
		Usr 0 00:00:00, Sys 0 00:00:00  -  Run Local Usage
		Usr 0 00:17:18, Sys 0 00:00:12  -  Total Remote Usage
		Usr 0 00:00:00, Sys 0 00:00:00  -  Total Local Usage
	219  -  Run Bytes Sent By Job
	148880  -  Run Bytes Received By Job
	219  -  Total Bytes Sent By Job
	148880  -  Total Bytes Received By Job
	Partitionable Resources :    Usage  Request Allocated 
	   Cpus                 :     0.99        1         1 
	   Disk (KB)            :   164     2097152   6681562 
	   Memory (MB)          :   110        4096      4096 
	   xferslots            :                           0 

	Job terminated of its own accord at 2026-01-22T23:44:09Z with exit-code 0.
...
