000 (15564188.202.000) 2026-01-07 21:29:39 Job submitted from host: <130.199.48.129:9618?addrs=130.199.48.129-9618&alias=rcas6009.rcf.bnl.gov&noUDP&sock=schedd_22421_101d>
...
040 (15564188.202.000) 2026-01-08 00:03:57 Started transferring input files
	Transferring to host: <130.199.150.96:9618?addrs=130.199.150.96-9618&alias=spool1577.sdcc.bnl.gov&noUDP&sock=slot1_93_24963_e9b7_185752>
...
040 (15564188.202.000) 2026-01-08 00:03:57 Finished transferring input files
...
001 (15564188.202.000) 2026-01-08 00:03:58 Job executing on host: <130.199.150.96:9618?addrs=130.199.150.96-9618&alias=spool1577.sdcc.bnl.gov&noUDP&sock=startd_24954_b9b8>
...
006 (15564188.202.000) 2026-01-08 00:04:07 Image size of job updated: 695024
	88  -  MemoryUsage of job (MB)
	89468  -  ResidentSetSize of job (KB)
...
006 (15564188.202.000) 2026-01-08 00:09:07 Image size of job updated: 695056
	138  -  MemoryUsage of job (MB)
	141120  -  ResidentSetSize of job (KB)
...
006 (15564188.202.000) 2026-01-08 00:14:07 Image size of job updated: 695056
	139  -  MemoryUsage of job (MB)
	142052  -  ResidentSetSize of job (KB)
...
006 (15564188.202.000) 2026-01-08 00:24:09 Image size of job updated: 695056
	139  -  MemoryUsage of job (MB)
	142056  -  ResidentSetSize of job (KB)
...
040 (15564188.202.000) 2026-01-08 00:25:01 Started transferring output files
...
040 (15564188.202.000) 2026-01-08 00:25:01 Finished transferring output files
...
005 (15564188.202.000) 2026-01-08 00:25:01 Job terminated.
	(1) Normal termination (return value 0)
		Usr 0 00:19:17, Sys 0 00:00:18  -  Run Remote Usage
		Usr 0 00:00:00, Sys 0 00:00:00  -  Run Local Usage
		Usr 0 00:19:17, Sys 0 00:00:18  -  Total Remote Usage
		Usr 0 00:00:00, Sys 0 00:00:00  -  Total Local Usage
	345  -  Run Bytes Sent By Job
	144352  -  Run Bytes Received By Job
	345  -  Total Bytes Sent By Job
	144352  -  Total Bytes Received By Job
	Partitionable Resources :    Usage  Request Allocated 
	   Cpus                 :     1.00        1         1 
	   Disk (KB)            :   159     2097152   6681182 
	   Memory (MB)          :   139        4096      4096 
	   xferslots            :                           0 

	Job terminated of its own accord at 2026-01-08T05:25:01Z with exit-code 0.
...
