000 (15564188.953.000) 2026-01-07 21:29:41 Job submitted from host: <130.199.48.129:9618?addrs=130.199.48.129-9618&alias=rcas6009.rcf.bnl.gov&noUDP&sock=schedd_22421_101d>
...
040 (15564188.953.000) 2026-01-08 02:00:23 Started transferring input files
	Transferring to host: <130.199.186.22:9618?addrs=130.199.186.22-9618&alias=spool1819.sdcc.bnl.gov&noUDP&sock=slot1_14_95747_0b2c_202324>
...
040 (15564188.953.000) 2026-01-08 02:00:23 Finished transferring input files
...
001 (15564188.953.000) 2026-01-08 02:00:24 Job executing on host: <130.199.186.22:9618?addrs=130.199.186.22-9618&alias=spool1819.sdcc.bnl.gov&noUDP&sock=startd_95703_e40c>
...
006 (15564188.953.000) 2026-01-08 02:00:33 Image size of job updated: 340484
	74  -  MemoryUsage of job (MB)
	75360  -  ResidentSetSize of job (KB)
...
006 (15564188.953.000) 2026-01-08 02:05:33 Image size of job updated: 449588
	111  -  MemoryUsage of job (MB)
	113112  -  ResidentSetSize of job (KB)
...
040 (15564188.953.000) 2026-01-08 02:11:05 Started transferring output files
...
040 (15564188.953.000) 2026-01-08 02:11:05 Finished transferring output files
...
005 (15564188.953.000) 2026-01-08 02:11:05 Job terminated.
	(1) Normal termination (return value 0)
		Usr 0 00:09:38, Sys 0 00:00:11  -  Run Remote Usage
		Usr 0 00:00:00, Sys 0 00:00:00  -  Run Local Usage
		Usr 0 00:09:38, Sys 0 00:00:11  -  Total Remote Usage
		Usr 0 00:00:00, Sys 0 00:00:00  -  Total Local Usage
	219  -  Run Bytes Sent By Job
	144352  -  Run Bytes Received By Job
	219  -  Total Bytes Sent By Job
	144352  -  Total Bytes Received By Job
	Partitionable Resources :    Usage  Request Allocated 
	   Cpus                 :     0.83        1         1 
	   Disk (KB)            :   159     2097152   6681584 
	   Memory (MB)          :   111        4096      4096 
	   xferslots            :                           0 

	Job terminated of its own accord at 2026-01-08T07:11:04Z with exit-code 0.
...
