000 (15560432.123.000) 2026-01-07 17:58:15 Job submitted from host: <130.199.48.129:9618?addrs=130.199.48.129-9618&alias=rcas6009.rcf.bnl.gov&noUDP&sock=schedd_22421_101d>
...
040 (15560432.123.000) 2026-01-07 18:41:58 Started transferring input files
	Transferring to host: <130.199.186.27:9618?addrs=130.199.186.27-9618&alias=spool1824.sdcc.bnl.gov&noUDP&sock=slot1_68_94218_f5db_182263>
...
040 (15560432.123.000) 2026-01-07 18:41:58 Finished transferring input files
...
001 (15560432.123.000) 2026-01-07 18:41:59 Job executing on host: <130.199.186.27:9618?addrs=130.199.186.27-9618&alias=spool1824.sdcc.bnl.gov&noUDP&sock=startd_94209_0f05>
...
006 (15560432.123.000) 2026-01-07 18:42:08 Image size of job updated: 420172
	79  -  MemoryUsage of job (MB)
	80616  -  ResidentSetSize of job (KB)
...
006 (15560432.123.000) 2026-01-07 18:47:08 Image size of job updated: 424516
	100  -  MemoryUsage of job (MB)
	102332  -  ResidentSetSize of job (KB)
...
006 (15560432.123.000) 2026-01-07 18:49:18 Image size of job updated: 424648
	100  -  MemoryUsage of job (MB)
	102332  -  ResidentSetSize of job (KB)
...
040 (15560432.123.000) 2026-01-07 18:49:18 Started transferring output files
...
040 (15560432.123.000) 2026-01-07 18:49:18 Finished transferring output files
...
005 (15560432.123.000) 2026-01-07 18:49:18 Job terminated.
	(1) Normal termination (return value 0)
		Usr 0 00:07:11, Sys 0 00:00:05  -  Run Remote Usage
		Usr 0 00:00:00, Sys 0 00:00:00  -  Run Local Usage
		Usr 0 00:07:11, Sys 0 00:00:05  -  Total Remote Usage
		Usr 0 00:00:00, Sys 0 00:00:00  -  Total Local Usage
	233  -  Run Bytes Sent By Job
	144352  -  Run Bytes Received By Job
	233  -  Total Bytes Sent By Job
	144352  -  Total Bytes Received By Job
	Partitionable Resources :    Usage  Request Allocated 
	   Cpus                 :     1.00        1         1 
	   Disk (KB)            :   159     2097152   6681576 
	   Memory (MB)          :   100        4096      4096 
	   xferslots            :                           0 

	Job terminated of its own accord at 2026-01-07T23:49:18Z with exit-code 0.
...
