000 (16235385.441.000) 2026-01-23 10:57:27 Job submitted from host: <130.199.48.128:9618?addrs=130.199.48.128-9618&alias=rcas6008.rcf.bnl.gov&noUDP&sock=schedd_18725_535a>
...
040 (16235385.441.000) 2026-01-23 12:08:17 Started transferring input files
	Transferring to host: <130.199.184.214:9618?addrs=130.199.184.214-9618&alias=spool1789.sdcc.bnl.gov&noUDP&sock=slot1_6_94108_bb3b_260739>
...
040 (16235385.441.000) 2026-01-23 12:08:17 Finished transferring input files
...
001 (16235385.441.000) 2026-01-23 12:08:18 Job executing on host: <130.199.184.214:9618?addrs=130.199.184.214-9618&alias=spool1789.sdcc.bnl.gov&noUDP&sock=startd_94100_8fc2>
...
006 (16235385.441.000) 2026-01-23 12:08:27 Image size of job updated: 342736
	40  -  MemoryUsage of job (MB)
	40728  -  ResidentSetSize of job (KB)
...
006 (16235385.441.000) 2026-01-23 12:13:28 Image size of job updated: 424420
	103  -  MemoryUsage of job (MB)
	105292  -  ResidentSetSize of job (KB)
...
006 (16235385.441.000) 2026-01-23 12:18:29 Image size of job updated: 424420
	103  -  MemoryUsage of job (MB)
	105400  -  ResidentSetSize of job (KB)
...
006 (16235385.441.000) 2026-01-23 12:23:29 Image size of job updated: 424420
	103  -  MemoryUsage of job (MB)
	105416  -  ResidentSetSize of job (KB)
...
040 (16235385.441.000) 2026-01-23 12:24:55 Started transferring output files
...
040 (16235385.441.000) 2026-01-23 12:24:55 Finished transferring output files
...
005 (16235385.441.000) 2026-01-23 12:24:55 Job terminated.
	(1) Normal termination (return value 0)
		Usr 0 00:15:59, Sys 0 00:00:11  -  Run Remote Usage
		Usr 0 00:00:00, Sys 0 00:00:00  -  Run Local Usage
		Usr 0 00:15:59, Sys 0 00:00:11  -  Total Remote Usage
		Usr 0 00:00:00, Sys 0 00:00:00  -  Total Local Usage
	233  -  Run Bytes Sent By Job
	148880  -  Run Bytes Received By Job
	233  -  Total Bytes Sent By Job
	148880  -  Total Bytes Received By Job
	Partitionable Resources :    Usage  Request Allocated 
	   Cpus                 :     1.00        1         1 
	   Disk (KB)            :   163     2097152   6681578 
	   Memory (MB)          :   103        4096      4096 
	   xferslots            :                           0 

	Job terminated of its own accord at 2026-01-23T17:24:54Z with exit-code 0.
...
