000 (15690120.139.000) 2026-01-20 07:35:55 Job submitted from host: <130.199.48.129:9618?addrs=130.199.48.129-9618&alias=rcas6009.rcf.bnl.gov&noUDP&sock=schedd_22421_101d>
...
040 (15690120.139.000) 2026-01-20 23:05:07 Started transferring input files
	Transferring to host: <130.199.184.221:9618?addrs=130.199.184.221-9618&alias=spool1796.sdcc.bnl.gov&noUDP&sock=slot1_52_96037_315f_243373>
...
040 (15690120.139.000) 2026-01-20 23:05:07 Finished transferring input files
...
001 (15690120.139.000) 2026-01-20 23:05:08 Job executing on host: <130.199.184.221:9618?addrs=130.199.184.221-9618&alias=spool1796.sdcc.bnl.gov&noUDP&sock=startd_96028_bfcc>
...
006 (15690120.139.000) 2026-01-20 23:05:16 Image size of job updated: 351884
	73  -  MemoryUsage of job (MB)
	74676  -  ResidentSetSize of job (KB)
...
006 (15690120.139.000) 2026-01-20 23:10:16 Image size of job updated: 450964
	96  -  MemoryUsage of job (MB)
	97568  -  ResidentSetSize of job (KB)
...
040 (15690120.139.000) 2026-01-20 23:13:51 Started transferring output files
...
040 (15690120.139.000) 2026-01-20 23:13:51 Finished transferring output files
...
005 (15690120.139.000) 2026-01-20 23:13:51 Job terminated.
	(1) Normal termination (return value 0)
		Usr 0 00:08:27, Sys 0 00:00:07  -  Run Remote Usage
		Usr 0 00:00:00, Sys 0 00:00:00  -  Run Local Usage
		Usr 0 00:08:27, Sys 0 00:00:07  -  Total Remote Usage
		Usr 0 00:00:00, Sys 0 00:00:00  -  Total Local Usage
	149  -  Run Bytes Sent By Job
	148880  -  Run Bytes Received By Job
	149  -  Total Bytes Sent By Job
	148880  -  Total Bytes Received By Job
	Partitionable Resources :    Usage  Request Allocated 
	   Cpus                 :     0.98        1         1 
	   Disk (KB)            :   163     2097152   6681568 
	   Memory (MB)          :    96        4096      4096 
	   xferslots            :                           0 

	Job terminated of its own accord at 2026-01-21T04:13:51Z with exit-code 0.
...
