000 (15690120.267.000) 2026-01-20 07:35:55 Job submitted from host: <130.199.48.129:9618?addrs=130.199.48.129-9618&alias=rcas6009.rcf.bnl.gov&noUDP&sock=schedd_22421_101d>
...
040 (15690120.267.000) 2026-01-21 03:23:23 Started transferring input files
	Transferring to host: <130.199.151.16:9618?addrs=130.199.151.16-9618&alias=spool1594.sdcc.bnl.gov&noUDP&sock=slot1_33_96956_d307_254033>
...
040 (15690120.267.000) 2026-01-21 03:23:23 Finished transferring input files
...
001 (15690120.267.000) 2026-01-21 03:23:24 Job executing on host: <130.199.151.16:9618?addrs=130.199.151.16-9618&alias=spool1594.sdcc.bnl.gov&noUDP&sock=startd_96947_99e2>
...
006 (15690120.267.000) 2026-01-21 03:23:32 Image size of job updated: 421704
	83  -  MemoryUsage of job (MB)
	84640  -  ResidentSetSize of job (KB)
...
006 (15690120.267.000) 2026-01-21 03:28:32 Image size of job updated: 448836
	132  -  MemoryUsage of job (MB)
	135104  -  ResidentSetSize of job (KB)
...
006 (15690120.267.000) 2026-01-21 03:33:33 Image size of job updated: 448836
	132  -  MemoryUsage of job (MB)
	135108  -  ResidentSetSize of job (KB)
...
006 (15690120.267.000) 2026-01-21 03:43:34 Image size of job updated: 448836
	132  -  MemoryUsage of job (MB)
	135112  -  ResidentSetSize of job (KB)
...
006 (15690120.267.000) 2026-01-21 03:48:35 Image size of job updated: 448836
	132  -  MemoryUsage of job (MB)
	135116  -  ResidentSetSize of job (KB)
...
040 (15690120.267.000) 2026-01-21 04:01:14 Started transferring output files
...
040 (15690120.267.000) 2026-01-21 04:01:14 Finished transferring output files
...
005 (15690120.267.000) 2026-01-21 04:01:14 Job terminated.
	(1) Normal termination (return value 0)
		Usr 0 00:37:16, Sys 0 00:00:22  -  Run Remote Usage
		Usr 0 00:00:00, Sys 0 00:00:00  -  Run Local Usage
		Usr 0 00:37:16, Sys 0 00:00:22  -  Total Remote Usage
		Usr 0 00:00:00, Sys 0 00:00:00  -  Total Local Usage
	303  -  Run Bytes Sent By Job
	148880  -  Run Bytes Received By Job
	303  -  Total Bytes Sent By Job
	148880  -  Total Bytes Received By Job
	Partitionable Resources :    Usage  Request Allocated 
	   Cpus                 :     0.99        1         1 
	   Disk (KB)            :   164     2097152   6681187 
	   Memory (MB)          :   132        4096      4096 
	   xferslots            :                           0 

	Job terminated of its own accord at 2026-01-21T09:01:14Z with exit-code 0.
...
