000 (15560432.081.000) 2026-01-07 17:58:15 Job submitted from host: <130.199.48.129:9618?addrs=130.199.48.129-9618&alias=rcas6009.rcf.bnl.gov&noUDP&sock=schedd_22421_101d>
...
040 (15560432.081.000) 2026-01-07 18:30:08 Started transferring input files
	Transferring to host: <130.199.151.31:9618?addrs=130.199.151.31-9618&alias=spool1609.sdcc.bnl.gov&noUDP&sock=slot1_86_94980_a7e9_181934>
...
040 (15560432.081.000) 2026-01-07 18:30:08 Finished transferring input files
...
001 (15560432.081.000) 2026-01-07 18:30:09 Job executing on host: <130.199.151.31:9618?addrs=130.199.151.31-9618&alias=spool1609.sdcc.bnl.gov&noUDP&sock=startd_94972_89de>
...
006 (15560432.081.000) 2026-01-07 18:30:18 Image size of job updated: 423568
	80  -  MemoryUsage of job (MB)
	80964  -  ResidentSetSize of job (KB)
...
006 (15560432.081.000) 2026-01-07 18:35:18 Image size of job updated: 424764
	101  -  MemoryUsage of job (MB)
	103404  -  ResidentSetSize of job (KB)
...
040 (15560432.081.000) 2026-01-07 18:39:48 Started transferring output files
...
040 (15560432.081.000) 2026-01-07 18:39:48 Finished transferring output files
...
005 (15560432.081.000) 2026-01-07 18:39:48 Job terminated.
	(1) Normal termination (return value 0)
		Usr 0 00:09:29, Sys 0 00:00:07  -  Run Remote Usage
		Usr 0 00:00:00, Sys 0 00:00:00  -  Run Local Usage
		Usr 0 00:09:29, Sys 0 00:00:07  -  Total Remote Usage
		Usr 0 00:00:00, Sys 0 00:00:00  -  Total Local Usage
	247  -  Run Bytes Sent By Job
	144352  -  Run Bytes Received By Job
	247  -  Total Bytes Sent By Job
	144352  -  Total Bytes Received By Job
	Partitionable Resources :    Usage  Request Allocated 
	   Cpus                 :     0.99        1         1 
	   Disk (KB)            :   159     2097152   6681162 
	   Memory (MB)          :   101        4096      4096 
	   xferslots            :                           0 

	Job terminated of its own accord at 2026-01-07T23:39:47Z with exit-code 0.
...
