000 (16235385.956.000) 2026-01-23 10:57:30 Job submitted from host: <130.199.48.128:9618?addrs=130.199.48.128-9618&alias=rcas6008.rcf.bnl.gov&noUDP&sock=schedd_18725_535a>
...
040 (16235385.956.000) 2026-01-23 12:26:45 Started transferring input files
	Transferring to host: <130.199.184.196:9618?addrs=130.199.184.196-9618&alias=spool1771.sdcc.bnl.gov&noUDP&sock=slot1_12_93929_8cb3_262422>
...
040 (16235385.956.000) 2026-01-23 12:26:45 Finished transferring input files
...
001 (16235385.956.000) 2026-01-23 12:26:46 Job executing on host: <130.199.184.196:9618?addrs=130.199.184.196-9618&alias=spool1771.sdcc.bnl.gov&noUDP&sock=startd_93920_9805>
...
006 (16235385.956.000) 2026-01-23 12:26:55 Image size of job updated: 125012
	92  -  MemoryUsage of job (MB)
	93948  -  ResidentSetSize of job (KB)
...
006 (16235385.956.000) 2026-01-23 12:31:55 Image size of job updated: 447204
	112  -  MemoryUsage of job (MB)
	113776  -  ResidentSetSize of job (KB)
...
040 (16235385.956.000) 2026-01-23 12:46:32 Started transferring output files
...
040 (16235385.956.000) 2026-01-23 12:46:32 Finished transferring output files
...
005 (16235385.956.000) 2026-01-23 12:46:32 Job terminated.
	(1) Normal termination (return value 0)
		Usr 0 00:19:29, Sys 0 00:00:14  -  Run Remote Usage
		Usr 0 00:00:00, Sys 0 00:00:00  -  Run Local Usage
		Usr 0 00:19:29, Sys 0 00:00:14  -  Total Remote Usage
		Usr 0 00:00:00, Sys 0 00:00:00  -  Total Local Usage
	233  -  Run Bytes Sent By Job
	148880  -  Run Bytes Received By Job
	233  -  Total Bytes Sent By Job
	148880  -  Total Bytes Received By Job
	Partitionable Resources :    Usage  Request Allocated 
	   Cpus                 :     0.99        1         1 
	   Disk (KB)            :   164     2097152   6681509 
	   Memory (MB)          :   112        4096      4096 
	   xferslots            :                           0 

	Job terminated of its own accord at 2026-01-23T17:46:32Z with exit-code 0.
...
