000 (16235385.160.000) 2026-01-23 10:57:26 Job submitted from host: <130.199.48.128:9618?addrs=130.199.48.128-9618&alias=rcas6008.rcf.bnl.gov&noUDP&sock=schedd_18725_535a>
...
040 (16235385.160.000) 2026-01-23 11:40:21 Started transferring input files
	Transferring to host: <130.199.186.78:9618?addrs=130.199.186.78-9618&alias=spool1841.sdcc.bnl.gov&noUDP&sock=slot1_47_95998_64bb_258590>
...
040 (16235385.160.000) 2026-01-23 11:40:21 Finished transferring input files
...
001 (16235385.160.000) 2026-01-23 11:40:22 Job executing on host: <130.199.186.78:9618?addrs=130.199.186.78-9618&alias=spool1841.sdcc.bnl.gov&noUDP&sock=startd_95989_67fd>
...
006 (16235385.160.000) 2026-01-23 11:40:31 Image size of job updated: 420956
	73  -  MemoryUsage of job (MB)
	74604  -  ResidentSetSize of job (KB)
...
006 (16235385.160.000) 2026-01-23 11:45:32 Image size of job updated: 448900
	106  -  MemoryUsage of job (MB)
	107856  -  ResidentSetSize of job (KB)
...
040 (16235385.160.000) 2026-01-23 11:53:07 Started transferring output files
...
040 (16235385.160.000) 2026-01-23 11:53:07 Finished transferring output files
...
005 (16235385.160.000) 2026-01-23 11:53:07 Job terminated.
	(1) Normal termination (return value 0)
		Usr 0 00:12:35, Sys 0 00:00:07  -  Run Remote Usage
		Usr 0 00:00:00, Sys 0 00:00:00  -  Run Local Usage
		Usr 0 00:12:35, Sys 0 00:00:07  -  Total Remote Usage
		Usr 0 00:00:00, Sys 0 00:00:00  -  Total Local Usage
	205  -  Run Bytes Sent By Job
	148880  -  Run Bytes Received By Job
	205  -  Total Bytes Sent By Job
	148880  -  Total Bytes Received By Job
	Partitionable Resources :    Usage  Request Allocated 
	   Cpus                 :     1.00        1         1 
	   Disk (KB)            :   164     2097152   6681584 
	   Memory (MB)          :   106        4096      4096 
	   xferslots            :                           0 

	Job terminated of its own accord at 2026-01-23T16:53:07Z with exit-code 0.
...
