000 (15690120.450.000) 2026-01-20 07:35:55 Job submitted from host: <130.199.48.129:9618?addrs=130.199.48.129-9618&alias=rcas6009.rcf.bnl.gov&noUDP&sock=schedd_22421_101d>
...
040 (15690120.450.000) 2026-01-21 08:57:02 Started transferring input files
	Transferring to host: <130.199.150.95:9618?addrs=130.199.150.95-9618&alias=spool1576.sdcc.bnl.gov&noUDP&sock=slot1_61_24869_7fc2_245352>
...
040 (15690120.450.000) 2026-01-21 08:57:02 Finished transferring input files
...
001 (15690120.450.000) 2026-01-21 08:57:03 Job executing on host: <130.199.150.95:9618?addrs=130.199.150.95-9618&alias=spool1576.sdcc.bnl.gov&noUDP&sock=startd_24860_f9c4>
...
006 (15690120.450.000) 2026-01-21 08:57:12 Image size of job updated: 447988
	100  -  MemoryUsage of job (MB)
	102400  -  ResidentSetSize of job (KB)
...
006 (15690120.450.000) 2026-01-21 09:02:13 Image size of job updated: 447988
	123  -  MemoryUsage of job (MB)
	125592  -  ResidentSetSize of job (KB)
...
040 (15690120.450.000) 2026-01-21 09:28:54 Started transferring output files
...
040 (15690120.450.000) 2026-01-21 09:28:54 Finished transferring output files
...
005 (15690120.450.000) 2026-01-21 09:28:54 Job terminated.
	(1) Normal termination (return value 0)
		Usr 0 00:30:48, Sys 0 00:00:23  -  Run Remote Usage
		Usr 0 00:00:00, Sys 0 00:00:00  -  Run Local Usage
		Usr 0 00:30:48, Sys 0 00:00:23  -  Total Remote Usage
		Usr 0 00:00:00, Sys 0 00:00:00  -  Total Local Usage
	275  -  Run Bytes Sent By Job
	148880  -  Run Bytes Received By Job
	275  -  Total Bytes Sent By Job
	148880  -  Total Bytes Received By Job
	Partitionable Resources :    Usage  Request Allocated 
	   Cpus                 :     0.98        1         1 
	   Disk (KB)            :   163     2097152   6681187 
	   Memory (MB)          :   123        4096      4096 
	   xferslots            :                           0 

	Job terminated of its own accord at 2026-01-21T14:28:54Z with exit-code 0.
...
