000 (15690120.721.000) 2026-01-20 07:35:56 Job submitted from host: <130.199.48.129:9618?addrs=130.199.48.129-9618&alias=rcas6009.rcf.bnl.gov&noUDP&sock=schedd_22421_101d>
...
040 (15690120.721.000) 2026-01-21 12:16:51 Started transferring input files
	Transferring to host: <130.199.151.12:9618?addrs=130.199.151.12-9618&alias=spool1590.sdcc.bnl.gov&noUDP&sock=slot1_15_94971_0288_291875>
...
040 (15690120.721.000) 2026-01-21 12:16:51 Finished transferring input files
...
001 (15690120.721.000) 2026-01-21 12:16:52 Job executing on host: <130.199.151.12:9618?addrs=130.199.151.12-9618&alias=spool1590.sdcc.bnl.gov&noUDP&sock=startd_94962_5fa9>
...
006 (15690120.721.000) 2026-01-21 12:17:01 Image size of job updated: 449700
	67  -  MemoryUsage of job (MB)
	67620  -  ResidentSetSize of job (KB)
...
040 (15690120.721.000) 2026-01-21 12:17:33 Started transferring output files
...
040 (15690120.721.000) 2026-01-21 12:17:33 Finished transferring output files
...
005 (15690120.721.000) 2026-01-21 12:17:33 Job terminated.
	(1) Normal termination (return value 0)
		Usr 0 00:00:39, Sys 0 00:00:00  -  Run Remote Usage
		Usr 0 00:00:00, Sys 0 00:00:00  -  Run Local Usage
		Usr 0 00:00:39, Sys 0 00:00:00  -  Total Remote Usage
		Usr 0 00:00:00, Sys 0 00:00:00  -  Total Local Usage
	44  -  Run Bytes Sent By Job
	148880  -  Run Bytes Received By Job
	44  -  Total Bytes Sent By Job
	148880  -  Total Bytes Received By Job
	Partitionable Resources :    Usage  Request Allocated 
	   Cpus                 :     1.00        1         1 
	   Disk (KB)            :   163     2097152   6681190 
	   Memory (MB)          :    67        4096      4096 
	   xferslots            :                           0 

	Job terminated of its own accord at 2026-01-21T17:17:33Z with exit-code 0.
...
