000 (15690120.727.000) 2026-01-20 07:35:56 Job submitted from host: <130.199.48.129:9618?addrs=130.199.48.129-9618&alias=rcas6009.rcf.bnl.gov&noUDP&sock=schedd_22421_101d>
...
040 (15690120.727.000) 2026-01-21 12:27:36 Started transferring input files
	Transferring to host: <130.199.186.88:9618?addrs=130.199.186.88-9618&alias=spool1851.sdcc.bnl.gov&noUDP&sock=slot1_2_96118_01c7_311618>
...
040 (15690120.727.000) 2026-01-21 12:27:36 Finished transferring input files
...
001 (15690120.727.000) 2026-01-21 12:27:37 Job executing on host: <130.199.186.88:9618?addrs=130.199.186.88-9618&alias=spool1851.sdcc.bnl.gov&noUDP&sock=startd_96110_b380>
...
006 (15690120.727.000) 2026-01-21 12:27:46 Image size of job updated: 423448
	73  -  MemoryUsage of job (MB)
	74452  -  ResidentSetSize of job (KB)
...
006 (15690120.727.000) 2026-01-21 12:32:46 Image size of job updated: 424520
	87  -  MemoryUsage of job (MB)
	88788  -  ResidentSetSize of job (KB)
...
040 (15690120.727.000) 2026-01-21 12:37:38 Started transferring output files
...
040 (15690120.727.000) 2026-01-21 12:37:38 Finished transferring output files
...
005 (15690120.727.000) 2026-01-21 12:37:38 Job terminated.
	(1) Normal termination (return value 0)
		Usr 0 00:09:52, Sys 0 00:00:06  -  Run Remote Usage
		Usr 0 00:00:00, Sys 0 00:00:00  -  Run Local Usage
		Usr 0 00:09:52, Sys 0 00:00:06  -  Total Remote Usage
		Usr 0 00:00:00, Sys 0 00:00:00  -  Total Local Usage
	163  -  Run Bytes Sent By Job
	148880  -  Run Bytes Received By Job
	163  -  Total Bytes Sent By Job
	148880  -  Total Bytes Received By Job
	Partitionable Resources :    Usage  Request Allocated 
	   Cpus                 :     0.99        1         1 
	   Disk (KB)            :   164     2097152   6681618 
	   Memory (MB)          :    87        4096      4096 
	   xferslots            :                           0 

	Job terminated of its own accord at 2026-01-21T17:37:37Z with exit-code 0.
...
