000 (15690120.068.000) 2026-01-20 07:35:54 Job submitted from host: <130.199.48.129:9618?addrs=130.199.48.129-9618&alias=rcas6009.rcf.bnl.gov&noUDP&sock=schedd_22421_101d>
...
040 (15690120.068.000) 2026-01-20 21:49:51 Started transferring input files
	Transferring to host: <130.199.150.72:9618?addrs=130.199.150.72-9618&alias=spool1553.sdcc.bnl.gov&noUDP&sock=slot1_67_35675_244e_245172>
...
040 (15690120.068.000) 2026-01-20 21:49:51 Finished transferring input files
...
001 (15690120.068.000) 2026-01-20 21:49:52 Job executing on host: <130.199.150.72:9618?addrs=130.199.150.72-9618&alias=spool1553.sdcc.bnl.gov&noUDP&sock=startd_35666_f030>
...
006 (15690120.068.000) 2026-01-20 21:50:01 Image size of job updated: 115516
	83  -  MemoryUsage of job (MB)
	84444  -  ResidentSetSize of job (KB)
...
006 (15690120.068.000) 2026-01-20 21:55:02 Image size of job updated: 424340
	109  -  MemoryUsage of job (MB)
	110712  -  ResidentSetSize of job (KB)
...
006 (15690120.068.000) 2026-01-20 22:00:02 Image size of job updated: 424340
	109  -  MemoryUsage of job (MB)
	110716  -  ResidentSetSize of job (KB)
...
006 (15690120.068.000) 2026-01-20 22:05:03 Image size of job updated: 424340
	109  -  MemoryUsage of job (MB)
	110724  -  ResidentSetSize of job (KB)
...
006 (15690120.068.000) 2026-01-20 22:10:04 Image size of job updated: 424340
	109  -  MemoryUsage of job (MB)
	110728  -  ResidentSetSize of job (KB)
...
040 (15690120.068.000) 2026-01-20 22:22:20 Started transferring output files
...
040 (15690120.068.000) 2026-01-20 22:22:20 Finished transferring output files
...
005 (15690120.068.000) 2026-01-20 22:22:20 Job terminated.
	(1) Normal termination (return value 0)
		Usr 0 00:31:21, Sys 0 00:00:28  -  Run Remote Usage
		Usr 0 00:00:00, Sys 0 00:00:00  -  Run Local Usage
		Usr 0 00:31:21, Sys 0 00:00:28  -  Total Remote Usage
		Usr 0 00:00:00, Sys 0 00:00:00  -  Total Local Usage
	289  -  Run Bytes Sent By Job
	148880  -  Run Bytes Received By Job
	289  -  Total Bytes Sent By Job
	148880  -  Total Bytes Received By Job
	Partitionable Resources :    Usage  Request Allocated 
	   Cpus                 :     0.98        1         1 
	   Disk (KB)            :   164     2097152   6681183 
	   Memory (MB)          :   109        4096      4096 
	   xferslots            :                           0 

	Job terminated of its own accord at 2026-01-21T03:22:20Z with exit-code 0.
...
