000 (15560432.138.000) 2026-01-07 17:58:15 Job submitted from host: <130.199.48.129:9618?addrs=130.199.48.129-9618&alias=rcas6009.rcf.bnl.gov&noUDP&sock=schedd_22421_101d>
...
040 (15560432.138.000) 2026-01-07 18:47:03 Started transferring input files
	Transferring to host: <130.199.184.210:9618?addrs=130.199.184.210-9618&alias=spool1785.sdcc.bnl.gov&noUDP&sock=slot1_60_95855_cbb7_190981>
...
040 (15560432.138.000) 2026-01-07 18:47:03 Finished transferring input files
...
001 (15560432.138.000) 2026-01-07 18:47:04 Job executing on host: <130.199.184.210:9618?addrs=130.199.184.210-9618&alias=spool1785.sdcc.bnl.gov&noUDP&sock=startd_95846_2605>
...
006 (15560432.138.000) 2026-01-07 18:47:13 Image size of job updated: 154856
	121  -  MemoryUsage of job (MB)
	123404  -  ResidentSetSize of job (KB)
...
006 (15560432.138.000) 2026-01-07 18:52:13 Image size of job updated: 643276
	126  -  MemoryUsage of job (MB)
	128904  -  ResidentSetSize of job (KB)
...
006 (15560432.138.000) 2026-01-07 18:57:14 Image size of job updated: 643276
	126  -  MemoryUsage of job (MB)
	128944  -  ResidentSetSize of job (KB)
...
006 (15560432.138.000) 2026-01-07 19:02:15 Image size of job updated: 643276
	126  -  MemoryUsage of job (MB)
	129004  -  ResidentSetSize of job (KB)
...
006 (15560432.138.000) 2026-01-07 19:07:15 Image size of job updated: 643276
	128  -  MemoryUsage of job (MB)
	130156  -  ResidentSetSize of job (KB)
...
040 (15560432.138.000) 2026-01-07 19:07:51 Started transferring output files
...
040 (15560432.138.000) 2026-01-07 19:07:51 Finished transferring output files
...
005 (15560432.138.000) 2026-01-07 19:07:51 Job terminated.
	(1) Normal termination (return value 0)
		Usr 0 00:19:52, Sys 0 00:00:52  -  Run Remote Usage
		Usr 0 00:00:00, Sys 0 00:00:00  -  Run Local Usage
		Usr 0 00:19:52, Sys 0 00:00:52  -  Total Remote Usage
		Usr 0 00:00:00, Sys 0 00:00:00  -  Total Local Usage
	345  -  Run Bytes Sent By Job
	144352  -  Run Bytes Received By Job
	345  -  Total Bytes Sent By Job
	144352  -  Total Bytes Received By Job
	Partitionable Resources :    Usage  Request Allocated 
	   Cpus                 :     0.99        1         1 
	   Disk (KB)            :   159     2097152   6681617 
	   Memory (MB)          :   128        4096      4096 
	   xferslots            :                           0 

	Job terminated of its own accord at 2026-01-08T00:07:51Z with exit-code 0.
...
