000 (15684821.201.000) 2026-01-19 15:56:20 Job submitted from host: <130.199.48.129:9618?addrs=130.199.48.129-9618&alias=rcas6009.rcf.bnl.gov&noUDP&sock=schedd_22421_101d>
...
040 (15684821.201.000) 2026-01-19 16:08:45 Started transferring input files
	Transferring to host: <130.199.184.194:9618?addrs=130.199.184.194-9618&alias=spool1769.sdcc.bnl.gov&noUDP&sock=slot1_76_95939_d340_244865>
...
040 (15684821.201.000) 2026-01-19 16:08:45 Finished transferring input files
...
001 (15684821.201.000) 2026-01-19 16:08:46 Job executing on host: <130.199.184.194:9618?addrs=130.199.184.194-9618&alias=spool1769.sdcc.bnl.gov&noUDP&sock=startd_95928_19b9>
...
006 (15684821.201.000) 2026-01-19 16:08:55 Image size of job updated: 345492
	93  -  MemoryUsage of job (MB)
	95152  -  ResidentSetSize of job (KB)
...
006 (15684821.201.000) 2026-01-19 16:13:56 Image size of job updated: 696084
	129  -  MemoryUsage of job (MB)
	131572  -  ResidentSetSize of job (KB)
...
006 (15684821.201.000) 2026-01-19 16:54:00 Image size of job updated: 696084
	129  -  MemoryUsage of job (MB)
	131812  -  ResidentSetSize of job (KB)
...
006 (15684821.201.000) 2026-01-19 17:04:01 Image size of job updated: 696084
	131  -  MemoryUsage of job (MB)
	133584  -  ResidentSetSize of job (KB)
...
040 (15684821.201.000) 2026-01-19 17:08:42 Started transferring output files
...
040 (15684821.201.000) 2026-01-19 17:08:42 Finished transferring output files
...
005 (15684821.201.000) 2026-01-19 17:08:42 Job terminated.
	(1) Normal termination (return value 0)
		Usr 0 00:56:01, Sys 0 00:02:15  -  Run Remote Usage
		Usr 0 00:00:00, Sys 0 00:00:00  -  Run Local Usage
		Usr 0 00:56:01, Sys 0 00:02:15  -  Total Remote Usage
		Usr 0 00:00:00, Sys 0 00:00:00  -  Total Local Usage
	387  -  Run Bytes Sent By Job
	148880  -  Run Bytes Received By Job
	387  -  Total Bytes Sent By Job
	148880  -  Total Bytes Received By Job
	Partitionable Resources :    Usage  Request Allocated 
	   Cpus                 :     1.00        1         1 
	   Disk (KB)            :   164     2097152   6681581 
	   Memory (MB)          :   131        4096      4096 
	   xferslots            :                           0 

	Job terminated of its own accord at 2026-01-19T22:08:42Z with exit-code 0.
...
