000 (15690120.025.000) 2026-01-20 07:35:54 Job submitted from host: <130.199.48.129:9618?addrs=130.199.48.129-9618&alias=rcas6009.rcf.bnl.gov&noUDP&sock=schedd_22421_101d>
...
040 (15690120.025.000) 2026-01-20 20:50:51 Started transferring input files
	Transferring to host: <130.199.186.68:9618?addrs=130.199.186.68-9618&alias=spool1831.sdcc.bnl.gov&noUDP&sock=slot1_1_95675_e025_246904>
...
040 (15690120.025.000) 2026-01-20 20:50:51 Finished transferring input files
...
001 (15690120.025.000) 2026-01-20 20:50:52 Job executing on host: <130.199.186.68:9618?addrs=130.199.186.68-9618&alias=spool1831.sdcc.bnl.gov&noUDP&sock=startd_95666_2e48>
...
006 (15690120.025.000) 2026-01-20 20:51:01 Image size of job updated: 421828
	71  -  MemoryUsage of job (MB)
	72052  -  ResidentSetSize of job (KB)
...
006 (15690120.025.000) 2026-01-20 20:56:02 Image size of job updated: 450728
	92  -  MemoryUsage of job (MB)
	93852  -  ResidentSetSize of job (KB)
...
040 (15690120.025.000) 2026-01-20 20:57:09 Started transferring output files
...
040 (15690120.025.000) 2026-01-20 20:57:09 Finished transferring output files
...
005 (15690120.025.000) 2026-01-20 20:57:09 Job terminated.
	(1) Normal termination (return value 0)
		Usr 0 00:06:06, Sys 0 00:00:06  -  Run Remote Usage
		Usr 0 00:00:00, Sys 0 00:00:00  -  Run Local Usage
		Usr 0 00:06:06, Sys 0 00:00:06  -  Total Remote Usage
		Usr 0 00:00:00, Sys 0 00:00:00  -  Total Local Usage
	135  -  Run Bytes Sent By Job
	148880  -  Run Bytes Received By Job
	135  -  Total Bytes Sent By Job
	148880  -  Total Bytes Received By Job
	Partitionable Resources :    Usage  Request Allocated 
	   Cpus                 :     0.97        1         1 
	   Disk (KB)            :   164     2097152   6681565 
	   Memory (MB)          :    92        4096      4096 
	   xferslots            :                           0 

	Job terminated of its own accord at 2026-01-21T01:57:08Z with exit-code 0.
...
