000 (15690120.1032.000) 2026-01-20 07:35:57 Job submitted from host: <130.199.48.129:9618?addrs=130.199.48.129-9618&alias=rcas6009.rcf.bnl.gov&noUDP&sock=schedd_22421_101d>
...
040 (15690120.1032.000) 2026-01-21 15:16:06 Started transferring input files
	Transferring to host: <130.199.150.96:9618?addrs=130.199.150.96-9618&alias=spool1577.sdcc.bnl.gov&noUDP&sock=slot1_9_24963_e9b7_243464>
...
040 (15690120.1032.000) 2026-01-21 15:16:06 Finished transferring input files
...
001 (15690120.1032.000) 2026-01-21 15:16:07 Job executing on host: <130.199.150.96:9618?addrs=130.199.150.96-9618&alias=spool1577.sdcc.bnl.gov&noUDP&sock=startd_24954_b9b8>
...
006 (15690120.1032.000) 2026-01-21 15:16:16 Image size of job updated: 421868
	77  -  MemoryUsage of job (MB)
	77840  -  ResidentSetSize of job (KB)
...
006 (15690120.1032.000) 2026-01-21 15:21:17 Image size of job updated: 424368
	96  -  MemoryUsage of job (MB)
	97488  -  ResidentSetSize of job (KB)
...
006 (15690120.1032.000) 2026-01-21 15:26:17 Image size of job updated: 424368
	96  -  MemoryUsage of job (MB)
	97492  -  ResidentSetSize of job (KB)
...
040 (15690120.1032.000) 2026-01-21 15:35:22 Started transferring output files
...
040 (15690120.1032.000) 2026-01-21 15:35:22 Finished transferring output files
...
005 (15690120.1032.000) 2026-01-21 15:35:22 Job terminated.
	(1) Normal termination (return value 0)
		Usr 0 00:18:57, Sys 0 00:00:12  -  Run Remote Usage
		Usr 0 00:00:00, Sys 0 00:00:00  -  Run Local Usage
		Usr 0 00:18:57, Sys 0 00:00:12  -  Total Remote Usage
		Usr 0 00:00:00, Sys 0 00:00:00  -  Total Local Usage
	205  -  Run Bytes Sent By Job
	148880  -  Run Bytes Received By Job
	205  -  Total Bytes Sent By Job
	148880  -  Total Bytes Received By Job
	Partitionable Resources :    Usage  Request Allocated 
	   Cpus                 :     1.00        1         1 
	   Disk (KB)            :   164     2097152   6681182 
	   Memory (MB)          :    96        4096      4096 
	   xferslots            :                           0 

	Job terminated of its own accord at 2026-01-21T20:35:22Z with exit-code 0.
...
