000 (15690120.970.000) 2026-01-20 07:35:57 Job submitted from host: <130.199.48.129:9618?addrs=130.199.48.129-9618&alias=rcas6009.rcf.bnl.gov&noUDP&sock=schedd_22421_101d>
...
040 (15690120.970.000) 2026-01-21 14:16:07 Started transferring input files
	Transferring to host: <130.199.184.220:9618?addrs=130.199.184.220-9618&alias=spool1795.sdcc.bnl.gov&noUDP&sock=slot1_7_94169_c6cc_247803>
...
040 (15690120.970.000) 2026-01-21 14:16:07 Finished transferring input files
...
001 (15690120.970.000) 2026-01-21 14:16:08 Job executing on host: <130.199.184.220:9618?addrs=130.199.184.220-9618&alias=spool1795.sdcc.bnl.gov&noUDP&sock=startd_94161_de06>
...
006 (15690120.970.000) 2026-01-21 14:16:17 Image size of job updated: 421872
	78  -  MemoryUsage of job (MB)
	79324  -  ResidentSetSize of job (KB)
...
006 (15690120.970.000) 2026-01-21 14:21:18 Image size of job updated: 424320
	99  -  MemoryUsage of job (MB)
	101160  -  ResidentSetSize of job (KB)
...
006 (15690120.970.000) 2026-01-21 14:31:19 Image size of job updated: 424320
	99  -  MemoryUsage of job (MB)
	101164  -  ResidentSetSize of job (KB)
...
006 (15690120.970.000) 2026-01-21 14:36:20 Image size of job updated: 424320
	99  -  MemoryUsage of job (MB)
	101168  -  ResidentSetSize of job (KB)
...
040 (15690120.970.000) 2026-01-21 14:37:46 Started transferring output files
...
040 (15690120.970.000) 2026-01-21 14:37:46 Finished transferring output files
...
005 (15690120.970.000) 2026-01-21 14:37:46 Job terminated.
	(1) Normal termination (return value 0)
		Usr 0 00:21:18, Sys 0 00:00:14  -  Run Remote Usage
		Usr 0 00:00:00, Sys 0 00:00:00  -  Run Local Usage
		Usr 0 00:21:18, Sys 0 00:00:14  -  Total Remote Usage
		Usr 0 00:00:00, Sys 0 00:00:00  -  Total Local Usage
	219  -  Run Bytes Sent By Job
	148880  -  Run Bytes Received By Job
	219  -  Total Bytes Sent By Job
	148880  -  Total Bytes Received By Job
	Partitionable Resources :    Usage  Request Allocated 
	   Cpus                 :     1.00        1         1 
	   Disk (KB)            :   164     2097152   6681583 
	   Memory (MB)          :    99        4096      4096 
	   xferslots            :                           0 

	Job terminated of its own accord at 2026-01-21T19:37:45Z with exit-code 0.
...
