000 (15697407.1015.000) 2026-01-21 18:36:43 Job submitted from host: <130.199.48.129:9618?addrs=130.199.48.129-9618&alias=rcas6009.rcf.bnl.gov&noUDP&sock=schedd_22421_101d>
...
040 (15697407.1015.000) 2026-01-22 17:52:03 Started transferring input files
	Transferring to host: <130.199.151.27:9618?addrs=130.199.151.27-9618&alias=spool1605.sdcc.bnl.gov&noUDP&sock=slot1_71_96592_07b7_258205>
...
040 (15697407.1015.000) 2026-01-22 17:52:03 Finished transferring input files
...
001 (15697407.1015.000) 2026-01-22 17:52:04 Job executing on host: <130.199.151.27:9618?addrs=130.199.151.27-9618&alias=spool1605.sdcc.bnl.gov&noUDP&sock=startd_96583_6653>
...
006 (15697407.1015.000) 2026-01-22 17:52:12 Image size of job updated: 447848
	90  -  MemoryUsage of job (MB)
	91628  -  ResidentSetSize of job (KB)
...
006 (15697407.1015.000) 2026-01-22 17:57:12 Image size of job updated: 447848
	108  -  MemoryUsage of job (MB)
	110048  -  ResidentSetSize of job (KB)
...
006 (15697407.1015.000) 2026-01-22 18:02:13 Image size of job updated: 447848
	108  -  MemoryUsage of job (MB)
	110052  -  ResidentSetSize of job (KB)
...
040 (15697407.1015.000) 2026-01-22 18:13:05 Started transferring output files
...
040 (15697407.1015.000) 2026-01-22 18:13:05 Finished transferring output files
...
005 (15697407.1015.000) 2026-01-22 18:13:05 Job terminated.
	(1) Normal termination (return value 0)
		Usr 0 00:19:39, Sys 0 00:00:16  -  Run Remote Usage
		Usr 0 00:00:00, Sys 0 00:00:00  -  Run Local Usage
		Usr 0 00:19:39, Sys 0 00:00:16  -  Total Remote Usage
		Usr 0 00:00:00, Sys 0 00:00:00  -  Total Local Usage
	219  -  Run Bytes Sent By Job
	148880  -  Run Bytes Received By Job
	219  -  Total Bytes Sent By Job
	148880  -  Total Bytes Received By Job
	Partitionable Resources :    Usage  Request Allocated 
	   Cpus                 :     0.91        1         1 
	   Disk (KB)            :   164     2097152   6681198 
	   Memory (MB)          :   108        4096      4096 
	   xferslots            :                           0 

	Job terminated of its own accord at 2026-01-22T23:13:05Z with exit-code 0.
...
