000 (15690120.704.000) 2026-01-20 07:35:56 Job submitted from host: <130.199.48.129:9618?addrs=130.199.48.129-9618&alias=rcas6009.rcf.bnl.gov&noUDP&sock=schedd_22421_101d>
...
040 (15690120.704.000) 2026-01-21 11:51:22 Started transferring input files
	Transferring to host: <130.199.151.12:9618?addrs=130.199.151.12-9618&alias=spool1590.sdcc.bnl.gov&noUDP&sock=slot1_15_94971_0288_291829>
...
040 (15690120.704.000) 2026-01-21 11:51:22 Finished transferring input files
...
001 (15690120.704.000) 2026-01-21 11:51:23 Job executing on host: <130.199.151.12:9618?addrs=130.199.151.12-9618&alias=spool1590.sdcc.bnl.gov&noUDP&sock=startd_94962_5fa9>
...
006 (15690120.704.000) 2026-01-21 11:51:31 Image size of job updated: 421852
	75  -  MemoryUsage of job (MB)
	76740  -  ResidentSetSize of job (KB)
...
006 (15690120.704.000) 2026-01-21 11:56:31 Image size of job updated: 449508
	107  -  MemoryUsage of job (MB)
	109016  -  ResidentSetSize of job (KB)
...
040 (15690120.704.000) 2026-01-21 12:02:08 Started transferring output files
...
040 (15690120.704.000) 2026-01-21 12:02:08 Finished transferring output files
...
005 (15690120.704.000) 2026-01-21 12:02:08 Job terminated.
	(1) Normal termination (return value 0)
		Usr 0 00:10:37, Sys 0 00:00:07  -  Run Remote Usage
		Usr 0 00:00:00, Sys 0 00:00:00  -  Run Local Usage
		Usr 0 00:10:37, Sys 0 00:00:07  -  Total Remote Usage
		Usr 0 00:00:00, Sys 0 00:00:00  -  Total Local Usage
	191  -  Run Bytes Sent By Job
	148880  -  Run Bytes Received By Job
	191  -  Total Bytes Sent By Job
	148880  -  Total Bytes Received By Job
	Partitionable Resources :    Usage  Request Allocated 
	   Cpus                 :     1.00        1         1 
	   Disk (KB)            :   164     2097152   6681190 
	   Memory (MB)          :   107        4096      4096 
	   xferslots            :                           0 

	Job terminated of its own accord at 2026-01-21T17:02:07Z with exit-code 0.
...
