000 (15690120.801.000) 2026-01-20 07:35:56 Job submitted from host: <130.199.48.129:9618?addrs=130.199.48.129-9618&alias=rcas6009.rcf.bnl.gov&noUDP&sock=schedd_22421_101d>
...
040 (15690120.801.000) 2026-01-21 13:00:55 Started transferring input files
	Transferring to host: <130.199.184.151:9618?addrs=130.199.184.151-9618&alias=spool1760.sdcc.bnl.gov&noUDP&sock=slot1_28_32549_c2d0_244981>
...
040 (15690120.801.000) 2026-01-21 13:00:55 Finished transferring input files
...
001 (15690120.801.000) 2026-01-21 13:00:56 Job executing on host: <130.199.184.151:9618?addrs=130.199.184.151-9618&alias=spool1760.sdcc.bnl.gov&noUDP&sock=startd_32541_ea49>
...
006 (15690120.801.000) 2026-01-21 13:01:05 Image size of job updated: 105964
	73  -  MemoryUsage of job (MB)
	74520  -  ResidentSetSize of job (KB)
...
006 (15690120.801.000) 2026-01-21 13:06:06 Image size of job updated: 424560
	88  -  MemoryUsage of job (MB)
	90020  -  ResidentSetSize of job (KB)
...
006 (15690120.801.000) 2026-01-21 13:11:06 Image size of job updated: 424560
	88  -  MemoryUsage of job (MB)
	90024  -  ResidentSetSize of job (KB)
...
040 (15690120.801.000) 2026-01-21 13:12:06 Started transferring output files
...
040 (15690120.801.000) 2026-01-21 13:12:06 Finished transferring output files
...
005 (15690120.801.000) 2026-01-21 13:12:06 Job terminated.
	(1) Normal termination (return value 0)
		Usr 0 00:11:01, Sys 0 00:00:07  -  Run Remote Usage
		Usr 0 00:00:00, Sys 0 00:00:00  -  Run Local Usage
		Usr 0 00:11:01, Sys 0 00:00:07  -  Total Remote Usage
		Usr 0 00:00:00, Sys 0 00:00:00  -  Total Local Usage
	163  -  Run Bytes Sent By Job
	148880  -  Run Bytes Received By Job
	163  -  Total Bytes Sent By Job
	148880  -  Total Bytes Received By Job
	Partitionable Resources :    Usage  Request Allocated 
	   Cpus                 :     0.99        1         1 
	   Disk (KB)            :   163     2097152   6681582 
	   Memory (MB)          :    88        4096      4096 
	   xferslots            :                           0 

	Job terminated of its own accord at 2026-01-21T18:12:06Z with exit-code 0.
...
