000 (15564188.411.000) 2026-01-07 21:29:40 Job submitted from host: <130.199.48.129:9618?addrs=130.199.48.129-9618&alias=rcas6009.rcf.bnl.gov&noUDP&sock=schedd_22421_101d>
...
040 (15564188.411.000) 2026-01-08 01:00:11 Started transferring input files
	Transferring to host: <130.199.186.27:9618?addrs=130.199.186.27-9618&alias=spool1824.sdcc.bnl.gov&noUDP&sock=slot1_77_94218_f5db_183209>
...
040 (15564188.411.000) 2026-01-08 01:00:11 Finished transferring input files
...
001 (15564188.411.000) 2026-01-08 01:00:13 Job executing on host: <130.199.186.27:9618?addrs=130.199.186.27-9618&alias=spool1824.sdcc.bnl.gov&noUDP&sock=startd_94209_0f05>
...
006 (15564188.411.000) 2026-01-08 01:00:21 Image size of job updated: 334028
	78  -  MemoryUsage of job (MB)
	79656  -  ResidentSetSize of job (KB)
...
006 (15564188.411.000) 2026-01-08 01:05:21 Image size of job updated: 423904
	108  -  MemoryUsage of job (MB)
	110308  -  ResidentSetSize of job (KB)
...
006 (15564188.411.000) 2026-01-08 01:10:22 Image size of job updated: 450580
	130  -  MemoryUsage of job (MB)
	132168  -  ResidentSetSize of job (KB)
...
040 (15564188.411.000) 2026-01-08 01:15:15 Started transferring output files
...
040 (15564188.411.000) 2026-01-08 01:15:15 Finished transferring output files
...
005 (15564188.411.000) 2026-01-08 01:15:15 Job terminated.
	(1) Normal termination (return value 0)
		Usr 0 00:13:29, Sys 0 00:00:14  -  Run Remote Usage
		Usr 0 00:00:00, Sys 0 00:00:00  -  Run Local Usage
		Usr 0 00:13:29, Sys 0 00:00:14  -  Total Remote Usage
		Usr 0 00:00:00, Sys 0 00:00:00  -  Total Local Usage
	289  -  Run Bytes Sent By Job
	144352  -  Run Bytes Received By Job
	289  -  Total Bytes Sent By Job
	144352  -  Total Bytes Received By Job
	Partitionable Resources :    Usage  Request Allocated 
	   Cpus                 :     0.93        1         1 
	   Disk (KB)            :   159     2097152   6681576 
	   Memory (MB)          :   130        4096      4096 
	   xferslots            :                           0 

	Job terminated of its own accord at 2026-01-08T06:15:15Z with exit-code 0.
...
