000 (15697407.877.000) 2026-01-21 18:36:43 Job submitted from host: <130.199.48.129:9618?addrs=130.199.48.129-9618&alias=rcas6009.rcf.bnl.gov&noUDP&sock=schedd_22421_101d>
...
040 (15697407.877.000) 2026-01-22 15:58:18 Started transferring input files
	Transferring to host: <130.199.186.28:9618?addrs=130.199.186.28-9618&alias=spool1825.sdcc.bnl.gov&noUDP&sock=slot1_10_94014_5146_274312>
...
040 (15697407.877.000) 2026-01-22 15:58:18 Finished transferring input files
...
001 (15697407.877.000) 2026-01-22 15:58:19 Job executing on host: <130.199.186.28:9618?addrs=130.199.186.28-9618&alias=spool1825.sdcc.bnl.gov&noUDP&sock=startd_94005_7ec9>
...
006 (15697407.877.000) 2026-01-22 15:58:28 Image size of job updated: 109560
	77  -  MemoryUsage of job (MB)
	78064  -  ResidentSetSize of job (KB)
...
006 (15697407.877.000) 2026-01-22 16:03:29 Image size of job updated: 424464
	93  -  MemoryUsage of job (MB)
	94412  -  ResidentSetSize of job (KB)
...
006 (15697407.877.000) 2026-01-22 16:08:30 Image size of job updated: 424464
	93  -  MemoryUsage of job (MB)
	94416  -  ResidentSetSize of job (KB)
...
040 (15697407.877.000) 2026-01-22 16:08:51 Started transferring output files
...
040 (15697407.877.000) 2026-01-22 16:08:51 Finished transferring output files
...
005 (15697407.877.000) 2026-01-22 16:08:52 Job terminated.
	(1) Normal termination (return value 0)
		Usr 0 00:10:22, Sys 0 00:00:08  -  Run Remote Usage
		Usr 0 00:00:00, Sys 0 00:00:00  -  Run Local Usage
		Usr 0 00:10:22, Sys 0 00:00:08  -  Total Remote Usage
		Usr 0 00:00:00, Sys 0 00:00:00  -  Total Local Usage
	191  -  Run Bytes Sent By Job
	148880  -  Run Bytes Received By Job
	191  -  Total Bytes Sent By Job
	148880  -  Total Bytes Received By Job
	Partitionable Resources :    Usage  Request Allocated 
	   Cpus                 :     1.00        1         1 
	   Disk (KB)            :   164     2097152   6681577 
	   Memory (MB)          :    93        4096      4096 
	   xferslots            :                           0 

	Job terminated of its own accord at 2026-01-22T21:08:51Z with exit-code 0.
...
