000 (15564188.924.000) 2026-01-07 21:29:41 Job submitted from host: <130.199.48.129:9618?addrs=130.199.48.129-9618&alias=rcas6009.rcf.bnl.gov&noUDP&sock=schedd_22421_101d>
...
040 (15564188.924.000) 2026-01-08 01:59:03 Started transferring input files
	Transferring to host: <130.199.186.8:9618?addrs=130.199.186.8-9618&alias=spool1805.sdcc.bnl.gov&noUDP&sock=slot1_66_22185_82dc_197801>
...
040 (15564188.924.000) 2026-01-08 01:59:03 Finished transferring input files
...
001 (15564188.924.000) 2026-01-08 01:59:04 Job executing on host: <130.199.186.8:9618?addrs=130.199.186.8-9618&alias=spool1805.sdcc.bnl.gov&noUDP&sock=startd_22176_8606>
...
006 (15564188.924.000) 2026-01-08 01:59:14 Image size of job updated: 422240
	68  -  MemoryUsage of job (MB)
	68944  -  ResidentSetSize of job (KB)
...
006 (15564188.924.000) 2026-01-08 01:59:47 Image size of job updated: 450120
	68  -  MemoryUsage of job (MB)
	68944  -  ResidentSetSize of job (KB)
...
040 (15564188.924.000) 2026-01-08 01:59:48 Started transferring output files
...
040 (15564188.924.000) 2026-01-08 01:59:48 Finished transferring output files
...
005 (15564188.924.000) 2026-01-08 01:59:48 Job terminated.
	(1) Normal termination (return value 0)
		Usr 0 00:00:36, Sys 0 00:00:01  -  Run Remote Usage
		Usr 0 00:00:00, Sys 0 00:00:00  -  Run Local Usage
		Usr 0 00:00:36, Sys 0 00:00:01  -  Total Remote Usage
		Usr 0 00:00:00, Sys 0 00:00:00  -  Total Local Usage
	70  -  Run Bytes Sent By Job
	144352  -  Run Bytes Received By Job
	70  -  Total Bytes Sent By Job
	144352  -  Total Bytes Received By Job
	Partitionable Resources :    Usage  Request Allocated 
	   Cpus                 :                 1         1 
	   Disk (KB)            :      153  2097152   6681581 
	   Memory (MB)          :       68     4096      4096 
	   xferslots            :                           0 

	Job terminated of its own accord at 2026-01-08T06:59:47Z with exit-code 0.
...
