000 (16235385.294.000) 2026-01-23 10:57:27 Job submitted from host: <130.199.48.128:9618?addrs=130.199.48.128-9618&alias=rcas6008.rcf.bnl.gov&noUDP&sock=schedd_18725_535a>
...
040 (16235385.294.000) 2026-01-23 12:02:16 Started transferring input files
	Transferring to host: <130.199.151.7:9618?addrs=130.199.151.7-9618&alias=spool1585.sdcc.bnl.gov&noUDP&sock=slot1_51_96856_fad2_258499>
...
040 (16235385.294.000) 2026-01-23 12:02:16 Finished transferring input files
...
001 (16235385.294.000) 2026-01-23 12:02:17 Job executing on host: <130.199.151.7:9618?addrs=130.199.151.7-9618&alias=spool1585.sdcc.bnl.gov&noUDP&sock=startd_96847_f3cf>
...
006 (16235385.294.000) 2026-01-23 12:02:26 Image size of job updated: 75996
	40  -  MemoryUsage of job (MB)
	40728  -  ResidentSetSize of job (KB)
...
006 (16235385.294.000) 2026-01-23 12:07:27 Image size of job updated: 448060
	130  -  MemoryUsage of job (MB)
	132988  -  ResidentSetSize of job (KB)
...
006 (16235385.294.000) 2026-01-23 12:17:28 Image size of job updated: 448060
	130  -  MemoryUsage of job (MB)
	132992  -  ResidentSetSize of job (KB)
...
040 (16235385.294.000) 2026-01-23 12:33:30 Started transferring output files
...
040 (16235385.294.000) 2026-01-23 12:33:30 Finished transferring output files
...
005 (16235385.294.000) 2026-01-23 12:33:30 Job terminated.
	(1) Normal termination (return value 0)
		Usr 0 00:30:23, Sys 0 00:00:19  -  Run Remote Usage
		Usr 0 00:00:00, Sys 0 00:00:00  -  Run Local Usage
		Usr 0 00:30:23, Sys 0 00:00:19  -  Total Remote Usage
		Usr 0 00:00:00, Sys 0 00:00:00  -  Total Local Usage
	303  -  Run Bytes Sent By Job
	148880  -  Run Bytes Received By Job
	303  -  Total Bytes Sent By Job
	148880  -  Total Bytes Received By Job
	Partitionable Resources :    Usage  Request Allocated 
	   Cpus                 :     1.00        1         1 
	   Disk (KB)            :   163     2097152   6681189 
	   Memory (MB)          :   130        4096      4096 
	   xferslots            :                           0 

	Job terminated of its own accord at 2026-01-23T17:33:30Z with exit-code 0.
...
