000 (15684821.002.000) 2026-01-19 15:56:20 Job submitted from host: <130.199.48.129:9618?addrs=130.199.48.129-9618&alias=rcas6009.rcf.bnl.gov&noUDP&sock=schedd_22421_101d>
...
040 (15684821.002.000) 2026-01-19 15:56:30 Started transferring input files
	Transferring to host: <130.199.151.13:9618?addrs=130.199.151.13-9618&alias=spool1591.sdcc.bnl.gov&noUDP&sock=slot1_45_96806_0eb8_242912>
...
040 (15684821.002.000) 2026-01-19 15:56:30 Finished transferring input files
...
001 (15684821.002.000) 2026-01-19 15:56:31 Job executing on host: <130.199.151.13:9618?addrs=130.199.151.13-9618&alias=spool1591.sdcc.bnl.gov&noUDP&sock=startd_96788_4795>
...
006 (15684821.002.000) 2026-01-19 15:56:40 Image size of job updated: 384516
	67  -  MemoryUsage of job (MB)
	68372  -  ResidentSetSize of job (KB)
...
006 (15684821.002.000) 2026-01-19 15:59:41 Image size of job updated: 450876
	67  -  MemoryUsage of job (MB)
	68372  -  ResidentSetSize of job (KB)
...
040 (15684821.002.000) 2026-01-19 15:59:41 Started transferring output files
...
040 (15684821.002.000) 2026-01-19 15:59:41 Finished transferring output files
...
005 (15684821.002.000) 2026-01-19 15:59:41 Job terminated.
	(1) Normal termination (return value 0)
		Usr 0 00:03:02, Sys 0 00:00:02  -  Run Remote Usage
		Usr 0 00:00:00, Sys 0 00:00:00  -  Run Local Usage
		Usr 0 00:03:02, Sys 0 00:00:02  -  Total Remote Usage
		Usr 0 00:00:00, Sys 0 00:00:00  -  Total Local Usage
	109  -  Run Bytes Sent By Job
	148880  -  Run Bytes Received By Job
	109  -  Total Bytes Sent By Job
	148880  -  Total Bytes Received By Job
	Partitionable Resources :    Usage  Request Allocated 
	   Cpus                 :     0.99        1         1 
	   Disk (KB)            :   163     2097152   6681206 
	   Memory (MB)          :    67        4096      4096 
	   xferslots            :                           0 

	Job terminated of its own accord at 2026-01-19T20:59:41Z with exit-code 0.
...
