000 (15564188.235.000) 2026-01-07 21:29:39 Job submitted from host: <130.199.48.129:9618?addrs=130.199.48.129-9618&alias=rcas6009.rcf.bnl.gov&noUDP&sock=schedd_22421_101d>
...
040 (15564188.235.000) 2026-01-08 00:14:37 Started transferring input files
	Transferring to host: <130.199.151.3:9618?addrs=130.199.151.3-9618&alias=spool1581.sdcc.bnl.gov&noUDP&sock=slot1_49_95061_7851_188672>
...
040 (15564188.235.000) 2026-01-08 00:14:37 Finished transferring input files
...
001 (15564188.235.000) 2026-01-08 00:14:38 Job executing on host: <130.199.151.3:9618?addrs=130.199.151.3-9618&alias=spool1581.sdcc.bnl.gov&noUDP&sock=startd_95052_db87>
...
006 (15564188.235.000) 2026-01-08 00:14:47 Image size of job updated: 420104
	82  -  MemoryUsage of job (MB)
	83920  -  ResidentSetSize of job (KB)
...
006 (15564188.235.000) 2026-01-08 00:19:48 Image size of job updated: 450164
	136  -  MemoryUsage of job (MB)
	138272  -  ResidentSetSize of job (KB)
...
040 (15564188.235.000) 2026-01-08 00:33:37 Started transferring output files
...
040 (15564188.235.000) 2026-01-08 00:33:37 Finished transferring output files
...
005 (15564188.235.000) 2026-01-08 00:33:37 Job terminated.
	(1) Normal termination (return value 0)
		Usr 0 00:17:17, Sys 0 00:00:15  -  Run Remote Usage
		Usr 0 00:00:00, Sys 0 00:00:00  -  Run Local Usage
		Usr 0 00:17:17, Sys 0 00:00:15  -  Total Remote Usage
		Usr 0 00:00:00, Sys 0 00:00:00  -  Total Local Usage
	317  -  Run Bytes Sent By Job
	144352  -  Run Bytes Received By Job
	317  -  Total Bytes Sent By Job
	144352  -  Total Bytes Received By Job
	Partitionable Resources :    Usage  Request Allocated 
	   Cpus                 :     0.83        1         1 
	   Disk (KB)            :   159     2097152   6681183 
	   Memory (MB)          :   136        4096      4096 
	   xferslots            :                           0 

	Job terminated of its own accord at 2026-01-08T05:33:37Z with exit-code 0.
...
