000 (15560432.188.000) 2026-01-07 17:58:15 Job submitted from host: <130.199.48.129:9618?addrs=130.199.48.129-9618&alias=rcas6009.rcf.bnl.gov&noUDP&sock=schedd_22421_101d>
...
040 (15560432.188.000) 2026-01-07 19:05:30 Started transferring input files
	Transferring to host: <130.199.150.93:9618?addrs=130.199.150.93-9618&alias=spool1574.sdcc.bnl.gov&noUDP&sock=slot1_46_94784_ebaa_187974>
...
040 (15560432.188.000) 2026-01-07 19:05:30 Finished transferring input files
...
001 (15560432.188.000) 2026-01-07 19:05:31 Job executing on host: <130.199.150.93:9618?addrs=130.199.150.93-9618&alias=spool1574.sdcc.bnl.gov&noUDP&sock=startd_94775_30c7>
...
006 (15560432.188.000) 2026-01-07 19:05:39 Image size of job updated: 420156
	73  -  MemoryUsage of job (MB)
	74084  -  ResidentSetSize of job (KB)
...
006 (15560432.188.000) 2026-01-07 19:10:28 Image size of job updated: 424592
	73  -  MemoryUsage of job (MB)
	74084  -  ResidentSetSize of job (KB)
...
040 (15560432.188.000) 2026-01-07 19:10:29 Started transferring output files
...
040 (15560432.188.000) 2026-01-07 19:10:29 Finished transferring output files
...
005 (15560432.188.000) 2026-01-07 19:10:29 Job terminated.
	(1) Normal termination (return value 0)
		Usr 0 00:04:53, Sys 0 00:00:03  -  Run Remote Usage
		Usr 0 00:00:00, Sys 0 00:00:00  -  Run Local Usage
		Usr 0 00:04:53, Sys 0 00:00:03  -  Total Remote Usage
		Usr 0 00:00:00, Sys 0 00:00:00  -  Total Local Usage
	177  -  Run Bytes Sent By Job
	144352  -  Run Bytes Received By Job
	177  -  Total Bytes Sent By Job
	144352  -  Total Bytes Received By Job
	Partitionable Resources :    Usage  Request Allocated 
	   Cpus                 :     1.00        1         1 
	   Disk (KB)            :   159     2097152   6681104 
	   Memory (MB)          :    73        4096      4096 
	   xferslots            :                           0 

	Job terminated of its own accord at 2026-01-08T00:10:28Z with exit-code 0.
...
