000 (15560432.712.000) 2026-01-07 17:58:16 Job submitted from host: <130.199.48.129:9618?addrs=130.199.48.129-9618&alias=rcas6009.rcf.bnl.gov&noUDP&sock=schedd_22421_101d>
...
040 (15560432.712.000) 2026-01-07 20:53:14 Started transferring input files
	Transferring to host: <130.199.186.90:9618?addrs=130.199.186.90-9618&alias=spool1853.sdcc.bnl.gov&noUDP&sock=slot1_44_95758_2aa3_191959>
...
040 (15560432.712.000) 2026-01-07 20:53:15 Finished transferring input files
...
001 (15560432.712.000) 2026-01-07 20:53:16 Job executing on host: <130.199.186.90:9618?addrs=130.199.186.90-9618&alias=spool1853.sdcc.bnl.gov&noUDP&sock=startd_95750_c406>
...
006 (15560432.712.000) 2026-01-07 20:53:24 Image size of job updated: 119368
	87  -  MemoryUsage of job (MB)
	88284  -  ResidentSetSize of job (KB)
...
006 (15560432.712.000) 2026-01-07 20:58:24 Image size of job updated: 424716
	88  -  MemoryUsage of job (MB)
	89992  -  ResidentSetSize of job (KB)
...
040 (15560432.712.000) 2026-01-07 20:58:52 Started transferring output files
...
040 (15560432.712.000) 2026-01-07 20:58:52 Finished transferring output files
...
005 (15560432.712.000) 2026-01-07 20:58:52 Job terminated.
	(1) Normal termination (return value 0)
		Usr 0 00:05:29, Sys 0 00:00:05  -  Run Remote Usage
		Usr 0 00:00:00, Sys 0 00:00:00  -  Run Local Usage
		Usr 0 00:05:29, Sys 0 00:00:05  -  Total Remote Usage
		Usr 0 00:00:00, Sys 0 00:00:00  -  Total Local Usage
	177  -  Run Bytes Sent By Job
	144352  -  Run Bytes Received By Job
	177  -  Total Bytes Sent By Job
	144352  -  Total Bytes Received By Job
	Partitionable Resources :    Usage  Request Allocated 
	   Cpus                 :     0.99        1         1 
	   Disk (KB)            :   159     2097152   6681587 
	   Memory (MB)          :    88        4096      4096 
	   xferslots            :                           0 

	Job terminated of its own accord at 2026-01-08T01:58:52Z with exit-code 0.
...
