000 (15690120.359.000) 2026-01-20 07:35:55 Job submitted from host: <130.199.48.129:9618?addrs=130.199.48.129-9618&alias=rcas6009.rcf.bnl.gov&noUDP&sock=schedd_22421_101d>
...
040 (15690120.359.000) 2026-01-21 07:54:02 Started transferring input files
	Transferring to host: <130.199.184.159:9618?addrs=130.199.184.159-9618&alias=spool1768.sdcc.bnl.gov&noUDP&sock=slot1_82_6355_eafc_249443>
...
040 (15690120.359.000) 2026-01-21 07:54:02 Finished transferring input files
...
001 (15690120.359.000) 2026-01-21 07:54:03 Job executing on host: <130.199.184.159:9618?addrs=130.199.184.159-9618&alias=spool1768.sdcc.bnl.gov&noUDP&sock=startd_6346_8743>
...
006 (15690120.359.000) 2026-01-21 07:54:12 Image size of job updated: 420048
	84  -  MemoryUsage of job (MB)
	85456  -  ResidentSetSize of job (KB)
...
006 (15690120.359.000) 2026-01-21 07:59:12 Image size of job updated: 447844
	99  -  MemoryUsage of job (MB)
	100556  -  ResidentSetSize of job (KB)
...
040 (15690120.359.000) 2026-01-21 08:07:42 Started transferring output files
...
040 (15690120.359.000) 2026-01-21 08:07:42 Finished transferring output files
...
005 (15690120.359.000) 2026-01-21 08:07:42 Job terminated.
	(1) Normal termination (return value 0)
		Usr 0 00:12:55, Sys 0 00:00:10  -  Run Remote Usage
		Usr 0 00:00:00, Sys 0 00:00:00  -  Run Local Usage
		Usr 0 00:12:55, Sys 0 00:00:10  -  Total Remote Usage
		Usr 0 00:00:00, Sys 0 00:00:00  -  Total Local Usage
	177  -  Run Bytes Sent By Job
	148880  -  Run Bytes Received By Job
	177  -  Total Bytes Sent By Job
	148880  -  Total Bytes Received By Job
	Partitionable Resources :    Usage  Request Allocated 
	   Cpus                 :     0.97        1         1 
	   Disk (KB)            :   163     2097152   6681586 
	   Memory (MB)          :    99        4096      4096 
	   xferslots            :                           0 

	Job terminated of its own accord at 2026-01-21T13:07:42Z with exit-code 0.
...
