000 (16235385.233.000) 2026-01-23 10:57:26 Job submitted from host: <130.199.48.128:9618?addrs=130.199.48.128-9618&alias=rcas6008.rcf.bnl.gov&noUDP&sock=schedd_18725_535a>
...
040 (16235385.233.000) 2026-01-23 11:57:50 Started transferring input files
	Transferring to host: <130.199.150.88:9618?addrs=130.199.150.88-9618&alias=spool1569.sdcc.bnl.gov&noUDP&sock=slot1_9_55415_0ea5_262000>
...
040 (16235385.233.000) 2026-01-23 11:57:50 Finished transferring input files
...
001 (16235385.233.000) 2026-01-23 11:57:51 Job executing on host: <130.199.150.88:9618?addrs=130.199.150.88-9618&alias=spool1569.sdcc.bnl.gov&noUDP&sock=startd_55407_b72c>
...
006 (16235385.233.000) 2026-01-23 11:58:00 Image size of job updated: 342736
	40  -  MemoryUsage of job (MB)
	40728  -  ResidentSetSize of job (KB)
...
006 (16235385.233.000) 2026-01-23 12:03:00 Image size of job updated: 449852
	112  -  MemoryUsage of job (MB)
	114628  -  ResidentSetSize of job (KB)
...
006 (16235385.233.000) 2026-01-23 12:08:00 Image size of job updated: 449852
	112  -  MemoryUsage of job (MB)
	114632  -  ResidentSetSize of job (KB)
...
040 (16235385.233.000) 2026-01-23 12:13:06 Started transferring output files
...
040 (16235385.233.000) 2026-01-23 12:13:06 Finished transferring output files
...
005 (16235385.233.000) 2026-01-23 12:13:06 Job terminated.
	(1) Normal termination (return value 0)
		Usr 0 00:14:54, Sys 0 00:00:09  -  Run Remote Usage
		Usr 0 00:00:00, Sys 0 00:00:00  -  Run Local Usage
		Usr 0 00:14:54, Sys 0 00:00:09  -  Total Remote Usage
		Usr 0 00:00:00, Sys 0 00:00:00  -  Total Local Usage
	219  -  Run Bytes Sent By Job
	148880  -  Run Bytes Received By Job
	219  -  Total Bytes Sent By Job
	148880  -  Total Bytes Received By Job
	Partitionable Resources :    Usage  Request Allocated 
	   Cpus                 :     1.00        1         1 
	   Disk (KB)            :   164     2097152   6681192 
	   Memory (MB)          :   112        4096      4096 
	   xferslots            :                           0 

	Job terminated of its own accord at 2026-01-23T17:13:06Z with exit-code 0.
...
