000 (15684821.063.000) 2026-01-19 15:56:20 Job submitted from host: <130.199.48.129:9618?addrs=130.199.48.129-9618&alias=rcas6009.rcf.bnl.gov&noUDP&sock=schedd_22421_101d>
...
040 (15684821.063.000) 2026-01-19 15:59:44 Started transferring input files
	Transferring to host: <130.199.186.90:9618?addrs=130.199.186.90-9618&alias=spool1853.sdcc.bnl.gov&noUDP&sock=slot1_31_95758_2aa3_243936>
...
040 (15684821.063.000) 2026-01-19 15:59:44 Finished transferring input files
...
001 (15684821.063.000) 2026-01-19 15:59:45 Job executing on host: <130.199.186.90:9618?addrs=130.199.186.90-9618&alias=spool1853.sdcc.bnl.gov&noUDP&sock=startd_95750_c406>
...
006 (15684821.063.000) 2026-01-19 15:59:54 Image size of job updated: 339708
	77  -  MemoryUsage of job (MB)
	78840  -  ResidentSetSize of job (KB)
...
006 (15684821.063.000) 2026-01-19 16:04:55 Image size of job updated: 449336
	118  -  MemoryUsage of job (MB)
	119912  -  ResidentSetSize of job (KB)
...
006 (15684821.063.000) 2026-01-19 16:09:56 Image size of job updated: 449336
	118  -  MemoryUsage of job (MB)
	119916  -  ResidentSetSize of job (KB)
...
040 (15684821.063.000) 2026-01-19 16:26:34 Started transferring output files
...
040 (15684821.063.000) 2026-01-19 16:26:34 Finished transferring output files
...
005 (15684821.063.000) 2026-01-19 16:26:34 Job terminated.
	(1) Normal termination (return value 0)
		Usr 0 00:24:44, Sys 0 00:00:15  -  Run Remote Usage
		Usr 0 00:00:00, Sys 0 00:00:00  -  Run Local Usage
		Usr 0 00:24:44, Sys 0 00:00:15  -  Total Remote Usage
		Usr 0 00:00:00, Sys 0 00:00:00  -  Total Local Usage
	247  -  Run Bytes Sent By Job
	148880  -  Run Bytes Received By Job
	247  -  Total Bytes Sent By Job
	148880  -  Total Bytes Received By Job
	Partitionable Resources :    Usage  Request Allocated 
	   Cpus                 :     0.94        1         1 
	   Disk (KB)            :   163     2097152   6681587 
	   Memory (MB)          :   118        4096      4096 
	   xferslots            :                           0 

	Job terminated of its own accord at 2026-01-19T21:26:33Z with exit-code 0.
...
