000 (15684821.061.000) 2026-01-19 15:56:20 Job submitted from host: <130.199.48.129:9618?addrs=130.199.48.129-9618&alias=rcas6009.rcf.bnl.gov&noUDP&sock=schedd_22421_101d>
...
040 (15684821.061.000) 2026-01-19 15:59:43 Started transferring input files
	Transferring to host: <130.199.186.83:9618?addrs=130.199.186.83-9618&alias=spool1846.sdcc.bnl.gov&noUDP&sock=slot1_44_95821_b049_242169>
...
040 (15684821.061.000) 2026-01-19 15:59:43 Finished transferring input files
...
001 (15684821.061.000) 2026-01-19 15:59:44 Job executing on host: <130.199.186.83:9618?addrs=130.199.186.83-9618&alias=spool1846.sdcc.bnl.gov&noUDP&sock=startd_95812_6350>
...
006 (15684821.061.000) 2026-01-19 15:59:53 Image size of job updated: 341344
	73  -  MemoryUsage of job (MB)
	73732  -  ResidentSetSize of job (KB)
...
006 (15684821.061.000) 2026-01-19 16:04:53 Image size of job updated: 450876
	101  -  MemoryUsage of job (MB)
	102916  -  ResidentSetSize of job (KB)
...
040 (15684821.061.000) 2026-01-19 16:10:08 Started transferring output files
...
040 (15684821.061.000) 2026-01-19 16:10:08 Finished transferring output files
...
005 (15684821.061.000) 2026-01-19 16:10:08 Job terminated.
	(1) Normal termination (return value 0)
		Usr 0 00:10:03, Sys 0 00:00:07  -  Run Remote Usage
		Usr 0 00:00:00, Sys 0 00:00:00  -  Run Local Usage
		Usr 0 00:10:03, Sys 0 00:00:07  -  Total Remote Usage
		Usr 0 00:00:00, Sys 0 00:00:00  -  Total Local Usage
	177  -  Run Bytes Sent By Job
	148880  -  Run Bytes Received By Job
	177  -  Total Bytes Sent By Job
	148880  -  Total Bytes Received By Job
	Partitionable Resources :    Usage  Request Allocated 
	   Cpus                 :     0.99        1         1 
	   Disk (KB)            :   163     2097152   6681571 
	   Memory (MB)          :   101        4096      4096 
	   xferslots            :                           0 

	Job terminated of its own accord at 2026-01-19T21:10:08Z with exit-code 0.
...
