000 (15564188.270.000) 2026-01-07 21:29:39 Job submitted from host: <130.199.48.129:9618?addrs=130.199.48.129-9618&alias=rcas6009.rcf.bnl.gov&noUDP&sock=schedd_22421_101d>
...
040 (15564188.270.000) 2026-01-08 00:26:43 Started transferring input files
	Transferring to host: <130.199.150.93:9618?addrs=130.199.150.93-9618&alias=spool1574.sdcc.bnl.gov&noUDP&sock=slot1_52_94784_ebaa_188840>
...
040 (15564188.270.000) 2026-01-08 00:26:43 Finished transferring input files
...
001 (15564188.270.000) 2026-01-08 00:26:44 Job executing on host: <130.199.150.93:9618?addrs=130.199.150.93-9618&alias=spool1574.sdcc.bnl.gov&noUDP&sock=startd_94775_30c7>
...
006 (15564188.270.000) 2026-01-08 00:26:52 Image size of job updated: 114868
	83  -  MemoryUsage of job (MB)
	84200  -  ResidentSetSize of job (KB)
...
006 (15564188.270.000) 2026-01-08 00:31:52 Image size of job updated: 693920
	127  -  MemoryUsage of job (MB)
	129492  -  ResidentSetSize of job (KB)
...
006 (15564188.270.000) 2026-01-08 00:36:53 Image size of job updated: 693920
	129  -  MemoryUsage of job (MB)
	131404  -  ResidentSetSize of job (KB)
...
006 (15564188.270.000) 2026-01-08 00:46:54 Image size of job updated: 693920
	129  -  MemoryUsage of job (MB)
	131880  -  ResidentSetSize of job (KB)
...
040 (15564188.270.000) 2026-01-08 00:49:37 Started transferring output files
...
040 (15564188.270.000) 2026-01-08 00:49:37 Finished transferring output files
...
005 (15564188.270.000) 2026-01-08 00:49:37 Job terminated.
	(1) Normal termination (return value 0)
		Usr 0 00:19:52, Sys 0 00:01:00  -  Run Remote Usage
		Usr 0 00:00:00, Sys 0 00:00:00  -  Run Local Usage
		Usr 0 00:19:52, Sys 0 00:01:00  -  Total Remote Usage
		Usr 0 00:00:00, Sys 0 00:00:00  -  Total Local Usage
	359  -  Run Bytes Sent By Job
	144352  -  Run Bytes Received By Job
	359  -  Total Bytes Sent By Job
	144352  -  Total Bytes Received By Job
	Partitionable Resources :    Usage  Request Allocated 
	   Cpus                 :     0.86        1         1 
	   Disk (KB)            :   159     2097152   6681104 
	   Memory (MB)          :   129        4096      4096 
	   xferslots            :                           0 

	Job terminated of its own accord at 2026-01-08T05:49:37Z with exit-code 0.
...
