000 (15560432.070.000) 2026-01-07 17:58:15 Job submitted from host: <130.199.48.129:9618?addrs=130.199.48.129-9618&alias=rcas6009.rcf.bnl.gov&noUDP&sock=schedd_22421_101d>
...
040 (15560432.070.000) 2026-01-07 18:25:21 Started transferring input files
	Transferring to host: <130.199.184.210:9618?addrs=130.199.184.210-9618&alias=spool1785.sdcc.bnl.gov&noUDP&sock=slot1_77_95855_cbb7_190933>
...
040 (15560432.070.000) 2026-01-07 18:25:21 Finished transferring input files
...
001 (15560432.070.000) 2026-01-07 18:25:22 Job executing on host: <130.199.184.210:9618?addrs=130.199.184.210-9618&alias=spool1785.sdcc.bnl.gov&noUDP&sock=startd_95846_2605>
...
006 (15560432.070.000) 2026-01-07 18:25:30 Image size of job updated: 110228
	77  -  MemoryUsage of job (MB)
	78812  -  ResidentSetSize of job (KB)
...
006 (15560432.070.000) 2026-01-07 18:30:30 Image size of job updated: 424656
	99  -  MemoryUsage of job (MB)
	100548  -  ResidentSetSize of job (KB)
...
040 (15560432.070.000) 2026-01-07 18:33:55 Started transferring output files
...
040 (15560432.070.000) 2026-01-07 18:33:55 Finished transferring output files
...
005 (15560432.070.000) 2026-01-07 18:33:55 Job terminated.
	(1) Normal termination (return value 0)
		Usr 0 00:08:24, Sys 0 00:00:07  -  Run Remote Usage
		Usr 0 00:00:00, Sys 0 00:00:00  -  Run Local Usage
		Usr 0 00:08:24, Sys 0 00:00:07  -  Total Remote Usage
		Usr 0 00:00:00, Sys 0 00:00:00  -  Total Local Usage
	233  -  Run Bytes Sent By Job
	144352  -  Run Bytes Received By Job
	233  -  Total Bytes Sent By Job
	144352  -  Total Bytes Received By Job
	Partitionable Resources :    Usage  Request Allocated 
	   Cpus                 :     0.99        1         1 
	   Disk (KB)            :   159     2097152   6681617 
	   Memory (MB)          :    99        4096      4096 
	   xferslots            :                           0 

	Job terminated of its own accord at 2026-01-07T23:33:55Z with exit-code 0.
...
