000 (15564188.682.000) 2026-01-07 21:29:40 Job submitted from host: <130.199.48.129:9618?addrs=130.199.48.129-9618&alias=rcas6009.rcf.bnl.gov&noUDP&sock=schedd_22421_101d>
...
040 (15564188.682.000) 2026-01-08 01:44:39 Started transferring input files
	Transferring to host: <130.199.186.19:9618?addrs=130.199.186.19-9618&alias=spool1816.sdcc.bnl.gov&noUDP&sock=slot1_72_94263_30c0_195732>
...
040 (15564188.682.000) 2026-01-08 01:44:39 Finished transferring input files
...
001 (15564188.682.000) 2026-01-08 01:44:40 Job executing on host: <130.199.186.19:9618?addrs=130.199.186.19-9618&alias=spool1816.sdcc.bnl.gov&noUDP&sock=startd_94255_9dfa>
...
006 (15564188.682.000) 2026-01-08 01:44:48 Image size of job updated: 341196
	92  -  MemoryUsage of job (MB)
	94032  -  ResidentSetSize of job (KB)
...
006 (15564188.682.000) 2026-01-08 01:49:49 Image size of job updated: 446948
	92  -  MemoryUsage of job (MB)
	94132  -  ResidentSetSize of job (KB)
...
040 (15564188.682.000) 2026-01-08 01:49:59 Started transferring output files
...
040 (15564188.682.000) 2026-01-08 01:49:59 Finished transferring output files
...
005 (15564188.682.000) 2026-01-08 01:49:59 Job terminated.
	(1) Normal termination (return value 0)
		Usr 0 00:04:47, Sys 0 00:00:06  -  Run Remote Usage
		Usr 0 00:00:00, Sys 0 00:00:00  -  Run Local Usage
		Usr 0 00:04:47, Sys 0 00:00:06  -  Total Remote Usage
		Usr 0 00:00:00, Sys 0 00:00:00  -  Total Local Usage
	163  -  Run Bytes Sent By Job
	144352  -  Run Bytes Received By Job
	163  -  Total Bytes Sent By Job
	144352  -  Total Bytes Received By Job
	Partitionable Resources :    Usage  Request Allocated 
	   Cpus                 :     0.95        1         1 
	   Disk (KB)            :   159     2097152   6681579 
	   Memory (MB)          :    92        4096      4096 
	   xferslots            :                           0 

	Job terminated of its own accord at 2026-01-08T06:49:59Z with exit-code 0.
...
