000 (15564188.691.000) 2026-01-07 21:29:40 Job submitted from host: <130.199.48.129:9618?addrs=130.199.48.129-9618&alias=rcas6009.rcf.bnl.gov&noUDP&sock=schedd_22421_101d>
...
040 (15564188.691.000) 2026-01-08 01:44:47 Started transferring input files
	Transferring to host: <130.199.186.23:9618?addrs=130.199.186.23-9618&alias=spool1820.sdcc.bnl.gov&noUDP&sock=slot1_74_94137_2573_193208>
...
040 (15564188.691.000) 2026-01-08 01:44:47 Finished transferring input files
...
001 (15564188.691.000) 2026-01-08 01:44:49 Job executing on host: <130.199.186.23:9618?addrs=130.199.186.23-9618&alias=spool1820.sdcc.bnl.gov&noUDP&sock=startd_94129_bd5c>
...
006 (15564188.691.000) 2026-01-08 01:44:57 Image size of job updated: 440724
	75  -  MemoryUsage of job (MB)
	76688  -  ResidentSetSize of job (KB)
...
006 (15564188.691.000) 2026-01-08 01:48:51 Image size of job updated: 446988
	75  -  MemoryUsage of job (MB)
	76688  -  ResidentSetSize of job (KB)
...
040 (15564188.691.000) 2026-01-08 01:48:51 Started transferring output files
...
040 (15564188.691.000) 2026-01-08 01:48:51 Finished transferring output files
...
005 (15564188.691.000) 2026-01-08 01:48:51 Job terminated.
	(1) Normal termination (return value 0)
		Usr 0 00:03:39, Sys 0 00:00:04  -  Run Remote Usage
		Usr 0 00:00:00, Sys 0 00:00:00  -  Run Local Usage
		Usr 0 00:03:39, Sys 0 00:00:04  -  Total Remote Usage
		Usr 0 00:00:00, Sys 0 00:00:00  -  Total Local Usage
	135  -  Run Bytes Sent By Job
	144352  -  Run Bytes Received By Job
	135  -  Total Bytes Sent By Job
	144352  -  Total Bytes Received By Job
	Partitionable Resources :    Usage  Request Allocated 
	   Cpus                 :     0.90        1         1 
	   Disk (KB)            :   159     2097152   6681582 
	   Memory (MB)          :    75        4096      4096 
	   xferslots            :                           0 

	Job terminated of its own accord at 2026-01-08T06:48:51Z with exit-code 0.
...
