000 (15697407.947.000) 2026-01-21 18:36:43 Job submitted from host: <130.199.48.129:9618?addrs=130.199.48.129-9618&alias=rcas6009.rcf.bnl.gov&noUDP&sock=schedd_22421_101d>
...
040 (15697407.947.000) 2026-01-22 16:38:52 Started transferring input files
	Transferring to host: <130.199.186.8:9618?addrs=130.199.186.8-9618&alias=spool1805.sdcc.bnl.gov&noUDP&sock=slot1_18_22185_82dc_270697>
...
040 (15697407.947.000) 2026-01-22 16:38:52 Finished transferring input files
...
001 (15697407.947.000) 2026-01-22 16:38:53 Job executing on host: <130.199.186.8:9618?addrs=130.199.186.8-9618&alias=spool1805.sdcc.bnl.gov&noUDP&sock=startd_22176_8606>
...
006 (15697407.947.000) 2026-01-22 16:39:01 Image size of job updated: 448880
	85  -  MemoryUsage of job (MB)
	86372  -  ResidentSetSize of job (KB)
...
006 (15697407.947.000) 2026-01-22 16:44:01 Image size of job updated: 448880
	99  -  MemoryUsage of job (MB)
	100900  -  ResidentSetSize of job (KB)
...
040 (15697407.947.000) 2026-01-22 16:47:45 Started transferring output files
...
040 (15697407.947.000) 2026-01-22 16:47:45 Finished transferring output files
...
005 (15697407.947.000) 2026-01-22 16:47:45 Job terminated.
	(1) Normal termination (return value 0)
		Usr 0 00:08:45, Sys 0 00:00:06  -  Run Remote Usage
		Usr 0 00:00:00, Sys 0 00:00:00  -  Run Local Usage
		Usr 0 00:08:45, Sys 0 00:00:06  -  Total Remote Usage
		Usr 0 00:00:00, Sys 0 00:00:00  -  Total Local Usage
	177  -  Run Bytes Sent By Job
	148880  -  Run Bytes Received By Job
	177  -  Total Bytes Sent By Job
	148880  -  Total Bytes Received By Job
	Partitionable Resources :    Usage  Request Allocated 
	   Cpus                 :     1.00        1         1 
	   Disk (KB)            :   164     2097152   6681581 
	   Memory (MB)          :    99        4096      4096 
	   xferslots            :                           0 

	Job terminated of its own accord at 2026-01-22T21:47:45Z with exit-code 0.
...
