000 (15697407.179.000) 2026-01-21 18:36:41 Job submitted from host: <130.199.48.129:9618?addrs=130.199.48.129-9618&alias=rcas6009.rcf.bnl.gov&noUDP&sock=schedd_22421_101d>
...
040 (15697407.179.000) 2026-01-21 23:50:21 Started transferring input files
	Transferring to host: <130.199.150.72:9618?addrs=130.199.150.72-9618&alias=spool1553.sdcc.bnl.gov&noUDP&sock=slot1_28_35675_244e_250717>
...
040 (15697407.179.000) 2026-01-21 23:50:21 Finished transferring input files
...
001 (15697407.179.000) 2026-01-21 23:50:22 Job executing on host: <130.199.150.72:9618?addrs=130.199.150.72-9618&alias=spool1553.sdcc.bnl.gov&noUDP&sock=startd_35666_f030>
...
006 (15697407.179.000) 2026-01-21 23:50:31 Image size of job updated: 448808
	82  -  MemoryUsage of job (MB)
	83480  -  ResidentSetSize of job (KB)
...
006 (15697407.179.000) 2026-01-21 23:55:32 Image size of job updated: 448808
	95  -  MemoryUsage of job (MB)
	96312  -  ResidentSetSize of job (KB)
...
040 (15697407.179.000) 2026-01-21 23:59:26 Started transferring output files
...
040 (15697407.179.000) 2026-01-21 23:59:26 Finished transferring output files
...
005 (15697407.179.000) 2026-01-21 23:59:26 Job terminated.
	(1) Normal termination (return value 0)
		Usr 0 00:08:54, Sys 0 00:00:07  -  Run Remote Usage
		Usr 0 00:00:00, Sys 0 00:00:00  -  Run Local Usage
		Usr 0 00:08:54, Sys 0 00:00:07  -  Total Remote Usage
		Usr 0 00:00:00, Sys 0 00:00:00  -  Total Local Usage
	149  -  Run Bytes Sent By Job
	148880  -  Run Bytes Received By Job
	149  -  Total Bytes Sent By Job
	148880  -  Total Bytes Received By Job
	Partitionable Resources :    Usage  Request Allocated 
	   Cpus                 :     1.00        1         1 
	   Disk (KB)            :   163     2097152   6681183 
	   Memory (MB)          :    95        4096      4096 
	   xferslots            :                           0 

	Job terminated of its own accord at 2026-01-22T04:59:26Z with exit-code 0.
...
