000 (15697407.411.000) 2026-01-21 18:36:42 Job submitted from host: <130.199.48.129:9618?addrs=130.199.48.129-9618&alias=rcas6009.rcf.bnl.gov&noUDP&sock=schedd_22421_101d>
...
040 (15697407.411.000) 2026-01-22 08:04:35 Started transferring input files
	Transferring to host: <130.199.184.158:9618?addrs=130.199.184.158-9618&alias=spool1767.sdcc.bnl.gov&noUDP&sock=slot1_56_4771_385b_286605>
...
040 (15697407.411.000) 2026-01-22 08:04:35 Finished transferring input files
...
001 (15697407.411.000) 2026-01-22 08:04:36 Job executing on host: <130.199.184.158:9618?addrs=130.199.184.158-9618&alias=spool1767.sdcc.bnl.gov&noUDP&sock=startd_4762_365e>
...
006 (15697407.411.000) 2026-01-22 08:04:45 Image size of job updated: 421904
	81  -  MemoryUsage of job (MB)
	82516  -  ResidentSetSize of job (KB)
...
006 (15697407.411.000) 2026-01-22 08:09:46 Image size of job updated: 424532
	108  -  MemoryUsage of job (MB)
	110244  -  ResidentSetSize of job (KB)
...
006 (15697407.411.000) 2026-01-22 08:14:46 Image size of job updated: 424668
	108  -  MemoryUsage of job (MB)
	110296  -  ResidentSetSize of job (KB)
...
006 (15697407.411.000) 2026-01-22 08:19:46 Image size of job updated: 424668
	108  -  MemoryUsage of job (MB)
	110304  -  ResidentSetSize of job (KB)
...
006 (15697407.411.000) 2026-01-22 08:24:47 Image size of job updated: 424668
	108  -  MemoryUsage of job (MB)
	110308  -  ResidentSetSize of job (KB)
...
006 (15697407.411.000) 2026-01-22 08:29:48 Image size of job updated: 424668
	108  -  MemoryUsage of job (MB)
	110316  -  ResidentSetSize of job (KB)
...
040 (15697407.411.000) 2026-01-22 08:33:03 Started transferring output files
...
040 (15697407.411.000) 2026-01-22 08:33:03 Finished transferring output files
...
005 (15697407.411.000) 2026-01-22 08:33:03 Job terminated.
	(1) Normal termination (return value 0)
		Usr 0 00:27:58, Sys 0 00:00:21  -  Run Remote Usage
		Usr 0 00:00:00, Sys 0 00:00:00  -  Run Local Usage
		Usr 0 00:27:58, Sys 0 00:00:21  -  Total Remote Usage
		Usr 0 00:00:00, Sys 0 00:00:00  -  Total Local Usage
	289  -  Run Bytes Sent By Job
	148880  -  Run Bytes Received By Job
	289  -  Total Bytes Sent By Job
	148880  -  Total Bytes Received By Job
	Partitionable Resources :    Usage  Request Allocated 
	   Cpus                 :     1.00        1         1 
	   Disk (KB)            :   163     2097152   6681557 
	   Memory (MB)          :   108        4096      4096 
	   xferslots            :                           0 

	Job terminated of its own accord at 2026-01-22T13:33:03Z with exit-code 0.
...
