000 (15554416.005.000) 2026-01-07 12:30:30 Job submitted from host: <130.199.48.129:9618?addrs=130.199.48.129-9618&alias=rcas6009.rcf.bnl.gov&noUDP&sock=schedd_22421_101d>
...
040 (15554416.005.000) 2026-01-07 12:40:43 Started transferring input files
	Transferring to host: <130.199.186.79:9618?addrs=130.199.186.79-9618&alias=spool1842.sdcc.bnl.gov&noUDP&sock=slot1_24_94130_fa28_198929>
...
040 (15554416.005.000) 2026-01-07 12:40:43 Finished transferring input files
...
001 (15554416.005.000) 2026-01-07 12:40:44 Job executing on host: <130.199.186.79:9618?addrs=130.199.186.79-9618&alias=spool1842.sdcc.bnl.gov&noUDP&sock=startd_94122_8637>
...
006 (15554416.005.000) 2026-01-07 12:40:53 Image size of job updated: 107504
	74  -  MemoryUsage of job (MB)
	75036  -  ResidentSetSize of job (KB)
...
006 (15554416.005.000) 2026-01-07 12:41:20 Image size of job updated: 449848
	74  -  MemoryUsage of job (MB)
	75036  -  ResidentSetSize of job (KB)
...
040 (15554416.005.000) 2026-01-07 12:41:21 Started transferring output files
...
040 (15554416.005.000) 2026-01-07 12:41:21 Finished transferring output files
...
005 (15554416.005.000) 2026-01-07 12:41:21 Job terminated.
	(1) Normal termination (return value 0)
		Usr 0 00:00:34, Sys 0 00:00:00  -  Run Remote Usage
		Usr 0 00:00:00, Sys 0 00:00:00  -  Run Local Usage
		Usr 0 00:00:34, Sys 0 00:00:00  -  Total Remote Usage
		Usr 0 00:00:00, Sys 0 00:00:00  -  Total Local Usage
	83  -  Run Bytes Sent By Job
	144352  -  Run Bytes Received By Job
	83  -  Total Bytes Sent By Job
	144352  -  Total Bytes Received By Job
	Partitionable Resources :    Usage  Request Allocated 
	   Cpus                 :                 1         1 
	   Disk (KB)            :      153  2097152   6681568 
	   Memory (MB)          :       74     4096      4096 
	   xferslots            :                           0 

	Job terminated of its own accord at 2026-01-07T17:41:20Z with exit-code 0.
...
