000 (15564188.379.000) 2026-01-07 21:29:40 Job submitted from host: <130.199.48.129:9618?addrs=130.199.48.129-9618&alias=rcas6009.rcf.bnl.gov&noUDP&sock=schedd_22421_101d>
...
040 (15564188.379.000) 2026-01-08 00:53:21 Started transferring input files
	Transferring to host: <130.199.186.27:9618?addrs=130.199.186.27-9618&alias=spool1824.sdcc.bnl.gov&noUDP&sock=slot1_94_94218_f5db_183190>
...
040 (15564188.379.000) 2026-01-08 00:53:21 Finished transferring input files
...
001 (15564188.379.000) 2026-01-08 00:53:22 Job executing on host: <130.199.186.27:9618?addrs=130.199.186.27-9618&alias=spool1824.sdcc.bnl.gov&noUDP&sock=startd_94209_0f05>
...
006 (15564188.379.000) 2026-01-08 00:53:31 Image size of job updated: 93508
	62  -  MemoryUsage of job (MB)
	62508  -  ResidentSetSize of job (KB)
...
006 (15564188.379.000) 2026-01-08 00:58:32 Image size of job updated: 424360
	96  -  MemoryUsage of job (MB)
	97380  -  ResidentSetSize of job (KB)
...
040 (15564188.379.000) 2026-01-08 01:01:05 Started transferring output files
...
040 (15564188.379.000) 2026-01-08 01:01:05 Finished transferring output files
...
005 (15564188.379.000) 2026-01-08 01:01:05 Job terminated.
	(1) Normal termination (return value 0)
		Usr 0 00:06:53, Sys 0 00:00:07  -  Run Remote Usage
		Usr 0 00:00:00, Sys 0 00:00:00  -  Run Local Usage
		Usr 0 00:06:53, Sys 0 00:00:07  -  Total Remote Usage
		Usr 0 00:00:00, Sys 0 00:00:00  -  Total Local Usage
	219  -  Run Bytes Sent By Job
	144352  -  Run Bytes Received By Job
	219  -  Total Bytes Sent By Job
	144352  -  Total Bytes Received By Job
	Partitionable Resources :    Usage  Request Allocated 
	   Cpus                 :     0.84        1         1 
	   Disk (KB)            :   159     2097152   6681576 
	   Memory (MB)          :    96        4096      4096 
	   xferslots            :                           0 

	Job terminated of its own accord at 2026-01-08T06:01:05Z with exit-code 0.
...
