000 (15564188.677.000) 2026-01-07 21:29:40 Job submitted from host: <130.199.48.129:9618?addrs=130.199.48.129-9618&alias=rcas6009.rcf.bnl.gov&noUDP&sock=schedd_22421_101d>
...
040 (15564188.677.000) 2026-01-08 01:44:22 Started transferring input files
	Transferring to host: <130.199.186.30:9618?addrs=130.199.186.30-9618&alias=spool1827.sdcc.bnl.gov&noUDP&sock=slot1_23_48535_8d3f_195665>
...
040 (15564188.677.000) 2026-01-08 01:44:22 Finished transferring input files
...
001 (15564188.677.000) 2026-01-08 01:44:23 Job executing on host: <130.199.186.30:9618?addrs=130.199.186.30-9618&alias=spool1827.sdcc.bnl.gov&noUDP&sock=startd_48526_f744>
...
006 (15564188.677.000) 2026-01-08 01:44:32 Image size of job updated: 107632
	75  -  MemoryUsage of job (MB)
	76176  -  ResidentSetSize of job (KB)
...
006 (15564188.677.000) 2026-01-08 01:49:33 Image size of job updated: 451100
	104  -  MemoryUsage of job (MB)
	106336  -  ResidentSetSize of job (KB)
...
040 (15564188.677.000) 2026-01-08 01:51:25 Started transferring output files
...
040 (15564188.677.000) 2026-01-08 01:51:25 Finished transferring output files
...
005 (15564188.677.000) 2026-01-08 01:51:25 Job terminated.
	(1) Normal termination (return value 0)
		Usr 0 00:06:26, Sys 0 00:00:07  -  Run Remote Usage
		Usr 0 00:00:00, Sys 0 00:00:00  -  Run Local Usage
		Usr 0 00:06:26, Sys 0 00:00:07  -  Total Remote Usage
		Usr 0 00:00:00, Sys 0 00:00:00  -  Total Local Usage
	177  -  Run Bytes Sent By Job
	144352  -  Run Bytes Received By Job
	177  -  Total Bytes Sent By Job
	144352  -  Total Bytes Received By Job
	Partitionable Resources :    Usage  Request Allocated 
	   Cpus                 :     1.00        1         1 
	   Disk (KB)            :   159     2097152   6681569 
	   Memory (MB)          :   104        4096      4096 
	   xferslots            :                           0 

	Job terminated of its own accord at 2026-01-08T06:51:24Z with exit-code 0.
...
