000 (15684821.362.000) 2026-01-19 15:56:21 Job submitted from host: <130.199.48.129:9618?addrs=130.199.48.129-9618&alias=rcas6009.rcf.bnl.gov&noUDP&sock=schedd_22421_101d>
...
040 (15684821.362.000) 2026-01-19 16:15:24 Started transferring input files
	Transferring to host: <130.199.150.93:9618?addrs=130.199.150.93-9618&alias=spool1574.sdcc.bnl.gov&noUDP&sock=slot1_81_94784_ebaa_249006>
...
040 (15684821.362.000) 2026-01-19 16:15:24 Finished transferring input files
...
001 (15684821.362.000) 2026-01-19 16:15:25 Job executing on host: <130.199.150.93:9618?addrs=130.199.150.93-9618&alias=spool1574.sdcc.bnl.gov&noUDP&sock=startd_94775_30c7>
...
006 (15684821.362.000) 2026-01-19 16:15:34 Image size of job updated: 421844
	73  -  MemoryUsage of job (MB)
	74080  -  ResidentSetSize of job (KB)
...
006 (15684821.362.000) 2026-01-19 16:20:34 Image size of job updated: 450260
	101  -  MemoryUsage of job (MB)
	103208  -  ResidentSetSize of job (KB)
...
040 (15684821.362.000) 2026-01-19 16:28:49 Started transferring output files
...
040 (15684821.362.000) 2026-01-19 16:28:49 Finished transferring output files
...
005 (15684821.362.000) 2026-01-19 16:28:49 Job terminated.
	(1) Normal termination (return value 0)
		Usr 0 00:13:04, Sys 0 00:00:09  -  Run Remote Usage
		Usr 0 00:00:00, Sys 0 00:00:00  -  Run Local Usage
		Usr 0 00:13:04, Sys 0 00:00:09  -  Total Remote Usage
		Usr 0 00:00:00, Sys 0 00:00:00  -  Total Local Usage
	177  -  Run Bytes Sent By Job
	148880  -  Run Bytes Received By Job
	177  -  Total Bytes Sent By Job
	148880  -  Total Bytes Received By Job
	Partitionable Resources :    Usage  Request Allocated 
	   Cpus                 :     0.96        1         1 
	   Disk (KB)            :   164     2097152   6681104 
	   Memory (MB)          :   101        4096      4096 
	   xferslots            :                           0 

	Job terminated of its own accord at 2026-01-19T21:28:49Z with exit-code 0.
...
