000 (15554417.264.000) 2026-01-07 12:44:33 Job submitted from host: <130.199.48.129:9618?addrs=130.199.48.129-9618&alias=rcas6009.rcf.bnl.gov&noUDP&sock=schedd_22421_101d>
...
040 (15554417.264.000) 2026-01-07 13:21:14 Started transferring input files
	Transferring to host: <130.199.186.9:9618?addrs=130.199.186.9-9618&alias=spool1806.sdcc.bnl.gov&noUDP&sock=slot1_3_96042_e295_188305>
...
040 (15554417.264.000) 2026-01-07 13:21:14 Finished transferring input files
...
001 (15554417.264.000) 2026-01-07 13:21:15 Job executing on host: <130.199.186.9:9618?addrs=130.199.186.9-9618&alias=spool1806.sdcc.bnl.gov&noUDP&sock=startd_96033_54e7>
...
006 (15554417.264.000) 2026-01-07 13:21:24 Image size of job updated: 130100
	97  -  MemoryUsage of job (MB)
	98652  -  ResidentSetSize of job (KB)
...
006 (15554417.264.000) 2026-01-07 13:26:25 Image size of job updated: 424520
	99  -  MemoryUsage of job (MB)
	101168  -  ResidentSetSize of job (KB)
...
040 (15554417.264.000) 2026-01-07 13:28:38 Started transferring output files
...
040 (15554417.264.000) 2026-01-07 13:28:38 Finished transferring output files
...
005 (15554417.264.000) 2026-01-07 13:28:38 Job terminated.
	(1) Normal termination (return value 0)
		Usr 0 00:07:17, Sys 0 00:00:05  -  Run Remote Usage
		Usr 0 00:00:00, Sys 0 00:00:00  -  Run Local Usage
		Usr 0 00:07:17, Sys 0 00:00:05  -  Total Remote Usage
		Usr 0 00:00:00, Sys 0 00:00:00  -  Total Local Usage
	233  -  Run Bytes Sent By Job
	144352  -  Run Bytes Received By Job
	233  -  Total Bytes Sent By Job
	144352  -  Total Bytes Received By Job
	Partitionable Resources :    Usage  Request Allocated 
	   Cpus                 :     1.00        1         1 
	   Disk (KB)            :   159     2097152   6681562 
	   Memory (MB)          :    99        4096      4096 
	   xferslots            :                           0 

	Job terminated of its own accord at 2026-01-07T18:28:38Z with exit-code 0.
...
