000 (15697407.160.000) 2026-01-21 18:36:41 Job submitted from host: <130.199.48.129:9618?addrs=130.199.48.129-9618&alias=rcas6009.rcf.bnl.gov&noUDP&sock=schedd_22421_101d>
...
040 (15697407.160.000) 2026-01-21 23:05:13 Started transferring input files
	Transferring to host: <130.199.186.94:9618?addrs=130.199.186.94-9618&alias=spool1857.sdcc.bnl.gov&noUDP&sock=slot1_35_95819_3633_376749>
...
040 (15697407.160.000) 2026-01-21 23:05:13 Finished transferring input files
...
001 (15697407.160.000) 2026-01-21 23:05:14 Job executing on host: <130.199.186.94:9618?addrs=130.199.186.94-9618&alias=spool1857.sdcc.bnl.gov&noUDP&sock=startd_95810_c145>
...
006 (15697407.160.000) 2026-01-21 23:05:23 Image size of job updated: 382340
	75  -  MemoryUsage of job (MB)
	75916  -  ResidentSetSize of job (KB)
...
006 (15697407.160.000) 2026-01-21 23:10:24 Image size of job updated: 449844
	107  -  MemoryUsage of job (MB)
	109144  -  ResidentSetSize of job (KB)
...
040 (15697407.160.000) 2026-01-21 23:20:09 Started transferring output files
...
040 (15697407.160.000) 2026-01-21 23:20:09 Finished transferring output files
...
005 (15697407.160.000) 2026-01-21 23:20:09 Job terminated.
	(1) Normal termination (return value 0)
		Usr 0 00:14:29, Sys 0 00:00:11  -  Run Remote Usage
		Usr 0 00:00:00, Sys 0 00:00:00  -  Run Local Usage
		Usr 0 00:14:29, Sys 0 00:00:11  -  Total Remote Usage
		Usr 0 00:00:00, Sys 0 00:00:00  -  Total Local Usage
	205  -  Run Bytes Sent By Job
	148880  -  Run Bytes Received By Job
	205  -  Total Bytes Sent By Job
	148880  -  Total Bytes Received By Job
	Partitionable Resources :    Usage  Request Allocated 
	   Cpus                 :     1.00        1         1 
	   Disk (KB)            :   163     2097152   6681616 
	   Memory (MB)          :   107        4096      4096 
	   xferslots            :                           0 

	Job terminated of its own accord at 2026-01-22T04:20:09Z with exit-code 0.
...
