000 (16235385.855.000) 2026-01-23 10:57:29 Job submitted from host: <130.199.48.128:9618?addrs=130.199.48.128-9618&alias=rcas6008.rcf.bnl.gov&noUDP&sock=schedd_18725_535a>
...
040 (16235385.855.000) 2026-01-23 12:24:55 Started transferring input files
	Transferring to host: <130.199.186.90:9618?addrs=130.199.186.90-9618&alias=spool1853.sdcc.bnl.gov&noUDP&sock=slot1_40_95758_2aa3_260458>
...
040 (16235385.855.000) 2026-01-23 12:24:55 Finished transferring input files
...
001 (16235385.855.000) 2026-01-23 12:24:56 Job executing on host: <130.199.186.90:9618?addrs=130.199.186.90-9618&alias=spool1853.sdcc.bnl.gov&noUDP&sock=startd_95750_c406>
...
006 (16235385.855.000) 2026-01-23 12:25:05 Image size of job updated: 420044
	68  -  MemoryUsage of job (MB)
	69436  -  ResidentSetSize of job (KB)
...
006 (16235385.855.000) 2026-01-23 12:30:05 Image size of job updated: 423992
	86  -  MemoryUsage of job (MB)
	87488  -  ResidentSetSize of job (KB)
...
006 (16235385.855.000) 2026-01-23 12:32:14 Image size of job updated: 451016
	86  -  MemoryUsage of job (MB)
	87488  -  ResidentSetSize of job (KB)
...
040 (16235385.855.000) 2026-01-23 12:32:14 Started transferring output files
...
040 (16235385.855.000) 2026-01-23 12:32:14 Finished transferring output files
...
005 (16235385.855.000) 2026-01-23 12:32:14 Job terminated.
	(1) Normal termination (return value 0)
		Usr 0 00:07:10, Sys 0 00:00:05  -  Run Remote Usage
		Usr 0 00:00:00, Sys 0 00:00:00  -  Run Local Usage
		Usr 0 00:07:10, Sys 0 00:00:05  -  Total Remote Usage
		Usr 0 00:00:00, Sys 0 00:00:00  -  Total Local Usage
	135  -  Run Bytes Sent By Job
	148880  -  Run Bytes Received By Job
	135  -  Total Bytes Sent By Job
	148880  -  Total Bytes Received By Job
	Partitionable Resources :    Usage  Request Allocated 
	   Cpus                 :     0.99        1         1 
	   Disk (KB)            :   163     2097152   6681587 
	   Memory (MB)          :    86        4096      4096 
	   xferslots            :                           0 

	Job terminated of its own accord at 2026-01-23T17:32:14Z with exit-code 0.
...
