000 (15690120.384.000) 2026-01-20 07:35:55 Job submitted from host: <130.199.48.129:9618?addrs=130.199.48.129-9618&alias=rcas6009.rcf.bnl.gov&noUDP&sock=schedd_22421_101d>
...
040 (15690120.384.000) 2026-01-21 08:13:45 Started transferring input files
	Transferring to host: <130.199.184.156:9618?addrs=130.199.184.156-9618&alias=spool1765.sdcc.bnl.gov&noUDP&sock=slot1_38_58527_198d_250510>
...
040 (15690120.384.000) 2026-01-21 08:13:45 Finished transferring input files
...
001 (15690120.384.000) 2026-01-21 08:13:46 Job executing on host: <130.199.184.156:9618?addrs=130.199.184.156-9618&alias=spool1765.sdcc.bnl.gov&noUDP&sock=startd_58518_4ec8>
...
006 (15690120.384.000) 2026-01-21 08:13:54 Image size of job updated: 109748
	77  -  MemoryUsage of job (MB)
	78808  -  ResidentSetSize of job (KB)
...
006 (15690120.384.000) 2026-01-21 08:18:54 Image size of job updated: 424308
	98  -  MemoryUsage of job (MB)
	100004  -  ResidentSetSize of job (KB)
...
006 (15690120.384.000) 2026-01-21 08:28:55 Image size of job updated: 424308
	98  -  MemoryUsage of job (MB)
	100020  -  ResidentSetSize of job (KB)
...
040 (15690120.384.000) 2026-01-21 08:34:29 Started transferring output files
...
040 (15690120.384.000) 2026-01-21 08:34:29 Finished transferring output files
...
005 (15690120.384.000) 2026-01-21 08:34:29 Job terminated.
	(1) Normal termination (return value 0)
		Usr 0 00:20:21, Sys 0 00:00:15  -  Run Remote Usage
		Usr 0 00:00:00, Sys 0 00:00:00  -  Run Local Usage
		Usr 0 00:20:21, Sys 0 00:00:15  -  Total Remote Usage
		Usr 0 00:00:00, Sys 0 00:00:00  -  Total Local Usage
	233  -  Run Bytes Sent By Job
	148880  -  Run Bytes Received By Job
	233  -  Total Bytes Sent By Job
	148880  -  Total Bytes Received By Job
	Partitionable Resources :    Usage  Request Allocated 
	   Cpus                 :     0.99        1         1 
	   Disk (KB)            :   164     2097152   6681570 
	   Memory (MB)          :    98        4096      4096 
	   xferslots            :                           0 

	Job terminated of its own accord at 2026-01-21T13:34:29Z with exit-code 0.
...
