000 (15564188.833.000) 2026-01-07 21:29:41 Job submitted from host: <130.199.48.129:9618?addrs=130.199.48.129-9618&alias=rcas6009.rcf.bnl.gov&noUDP&sock=schedd_22421_101d>
...
040 (15564188.833.000) 2026-01-08 01:53:33 Started transferring input files
	Transferring to host: <130.199.186.19:9618?addrs=130.199.186.19-9618&alias=spool1816.sdcc.bnl.gov&noUDP&sock=slot1_68_94263_30c0_195792>
...
040 (15564188.833.000) 2026-01-08 01:53:33 Finished transferring input files
...
001 (15564188.833.000) 2026-01-08 01:53:34 Job executing on host: <130.199.186.19:9618?addrs=130.199.186.19-9618&alias=spool1816.sdcc.bnl.gov&noUDP&sock=startd_94255_9dfa>
...
006 (15564188.833.000) 2026-01-08 01:53:43 Image size of job updated: 420632
	71  -  MemoryUsage of job (MB)
	72012  -  ResidentSetSize of job (KB)
...
006 (15564188.833.000) 2026-01-08 01:55:44 Image size of job updated: 447904
	71  -  MemoryUsage of job (MB)
	72012  -  ResidentSetSize of job (KB)
...
040 (15564188.833.000) 2026-01-08 01:55:44 Started transferring output files
...
040 (15564188.833.000) 2026-01-08 01:55:44 Finished transferring output files
...
005 (15564188.833.000) 2026-01-08 01:55:44 Job terminated.
	(1) Normal termination (return value 0)
		Usr 0 00:01:52, Sys 0 00:00:02  -  Run Remote Usage
		Usr 0 00:00:00, Sys 0 00:00:00  -  Run Local Usage
		Usr 0 00:01:52, Sys 0 00:00:02  -  Total Remote Usage
		Usr 0 00:00:00, Sys 0 00:00:00  -  Total Local Usage
	96  -  Run Bytes Sent By Job
	144352  -  Run Bytes Received By Job
	96  -  Total Bytes Sent By Job
	144352  -  Total Bytes Received By Job
	Partitionable Resources :    Usage  Request Allocated 
	   Cpus                 :                 1         1 
	   Disk (KB)            :      152  2097152   6681579 
	   Memory (MB)          :       71     4096      4096 
	   xferslots            :                           0 

	Job terminated of its own accord at 2026-01-08T06:55:44Z with exit-code 0.
...
