000 (15684821.810.000) 2026-01-19 15:56:22 Job submitted from host: <130.199.48.129:9618?addrs=130.199.48.129-9618&alias=rcas6009.rcf.bnl.gov&noUDP&sock=schedd_22421_101d>
...
040 (15684821.810.000) 2026-01-19 16:28:23 Started transferring input files
	Transferring to host: <130.199.150.95:9618?addrs=130.199.150.95-9618&alias=spool1576.sdcc.bnl.gov&noUDP&sock=slot1_49_24869_7fc2_238455>
...
040 (15684821.810.000) 2026-01-19 16:28:23 Finished transferring input files
...
001 (15684821.810.000) 2026-01-19 16:28:24 Job executing on host: <130.199.150.95:9618?addrs=130.199.150.95-9618&alias=spool1576.sdcc.bnl.gov&noUDP&sock=startd_24860_f9c4>
...
006 (15684821.810.000) 2026-01-19 16:28:33 Image size of job updated: 92544
	73  -  MemoryUsage of job (MB)
	74052  -  ResidentSetSize of job (KB)
...
006 (15684821.810.000) 2026-01-19 16:33:35 Image size of job updated: 450668
	100  -  MemoryUsage of job (MB)
	101664  -  ResidentSetSize of job (KB)
...
040 (15684821.810.000) 2026-01-19 16:41:29 Started transferring output files
...
040 (15684821.810.000) 2026-01-19 16:41:29 Finished transferring output files
...
005 (15684821.810.000) 2026-01-19 16:41:29 Job terminated.
	(1) Normal termination (return value 0)
		Usr 0 00:12:23, Sys 0 00:00:09  -  Run Remote Usage
		Usr 0 00:00:00, Sys 0 00:00:00  -  Run Local Usage
		Usr 0 00:12:23, Sys 0 00:00:09  -  Total Remote Usage
		Usr 0 00:00:00, Sys 0 00:00:00  -  Total Local Usage
	163  -  Run Bytes Sent By Job
	148880  -  Run Bytes Received By Job
	163  -  Total Bytes Sent By Job
	148880  -  Total Bytes Received By Job
	Partitionable Resources :    Usage  Request Allocated 
	   Cpus                 :     1.00        1         1 
	   Disk (KB)            :   163     2097152   6681187 
	   Memory (MB)          :   100        4096      4096 
	   xferslots            :                           0 

	Job terminated of its own accord at 2026-01-19T21:41:29Z with exit-code 0.
...
