000 (15564188.177.000) 2026-01-07 21:29:39 Job submitted from host: <130.199.48.129:9618?addrs=130.199.48.129-9618&alias=rcas6009.rcf.bnl.gov&noUDP&sock=schedd_22421_101d>
...
040 (15564188.177.000) 2026-01-07 23:57:52 Started transferring input files
	Transferring to host: <130.199.150.96:9618?addrs=130.199.150.96-9618&alias=spool1577.sdcc.bnl.gov&noUDP&sock=slot1_93_24963_e9b7_185731>
...
040 (15564188.177.000) 2026-01-07 23:57:52 Finished transferring input files
...
001 (15564188.177.000) 2026-01-07 23:57:53 Job executing on host: <130.199.150.96:9618?addrs=130.199.150.96-9618&alias=spool1577.sdcc.bnl.gov&noUDP&sock=startd_24954_b9b8>
...
006 (15564188.177.000) 2026-01-07 23:58:01 Image size of job updated: 341416
	83  -  MemoryUsage of job (MB)
	84676  -  ResidentSetSize of job (KB)
...
006 (15564188.177.000) 2026-01-08 00:03:01 Image size of job updated: 446968
	98  -  MemoryUsage of job (MB)
	100004  -  ResidentSetSize of job (KB)
...
040 (15564188.177.000) 2026-01-08 00:03:57 Started transferring output files
...
040 (15564188.177.000) 2026-01-08 00:03:57 Finished transferring output files
...
005 (15564188.177.000) 2026-01-08 00:03:57 Job terminated.
	(1) Normal termination (return value 0)
		Usr 0 00:05:29, Sys 0 00:00:05  -  Run Remote Usage
		Usr 0 00:00:00, Sys 0 00:00:00  -  Run Local Usage
		Usr 0 00:05:29, Sys 0 00:00:05  -  Total Remote Usage
		Usr 0 00:00:00, Sys 0 00:00:00  -  Total Local Usage
	177  -  Run Bytes Sent By Job
	144352  -  Run Bytes Received By Job
	177  -  Total Bytes Sent By Job
	144352  -  Total Bytes Received By Job
	Partitionable Resources :    Usage  Request Allocated 
	   Cpus                 :     0.92        1         1 
	   Disk (KB)            :   159     2097152   6681182 
	   Memory (MB)          :    98        4096      4096 
	   xferslots            :                           0 

	Job terminated of its own accord at 2026-01-08T05:03:56Z with exit-code 0.
...
