000 (15684821.647.000) 2026-01-19 15:56:22 Job submitted from host: <130.199.48.129:9618?addrs=130.199.48.129-9618&alias=rcas6009.rcf.bnl.gov&noUDP&sock=schedd_22421_101d>
...
040 (15684821.647.000) 2026-01-19 16:24:59 Started transferring input files
	Transferring to host: <130.199.184.221:9618?addrs=130.199.184.221-9618&alias=spool1796.sdcc.bnl.gov&noUDP&sock=slot1_48_96037_315f_238296>
...
040 (15684821.647.000) 2026-01-19 16:24:59 Finished transferring input files
...
001 (15684821.647.000) 2026-01-19 16:25:00 Job executing on host: <130.199.184.221:9618?addrs=130.199.184.221-9618&alias=spool1796.sdcc.bnl.gov&noUDP&sock=startd_96028_bfcc>
...
006 (15684821.647.000) 2026-01-19 16:25:09 Image size of job updated: 448000
	82  -  MemoryUsage of job (MB)
	83012  -  ResidentSetSize of job (KB)
...
006 (15684821.647.000) 2026-01-19 16:30:10 Image size of job updated: 448000
	95  -  MemoryUsage of job (MB)
	96788  -  ResidentSetSize of job (KB)
...
040 (15684821.647.000) 2026-01-19 16:37:31 Started transferring output files
...
040 (15684821.647.000) 2026-01-19 16:37:31 Finished transferring output files
...
005 (15684821.647.000) 2026-01-19 16:37:31 Job terminated.
	(1) Normal termination (return value 0)
		Usr 0 00:12:06, Sys 0 00:00:09  -  Run Remote Usage
		Usr 0 00:00:00, Sys 0 00:00:00  -  Run Local Usage
		Usr 0 00:12:06, Sys 0 00:00:09  -  Total Remote Usage
		Usr 0 00:00:00, Sys 0 00:00:00  -  Total Local Usage
	163  -  Run Bytes Sent By Job
	148880  -  Run Bytes Received By Job
	163  -  Total Bytes Sent By Job
	148880  -  Total Bytes Received By Job
	Partitionable Resources :    Usage  Request Allocated 
	   Cpus                 :     0.99        1         1 
	   Disk (KB)            :   164     2097152   6681568 
	   Memory (MB)          :    95        4096      4096 
	   xferslots            :                           0 

	Job terminated of its own accord at 2026-01-19T21:37:31Z with exit-code 0.
...
