000 (15697407.322.000) 2026-01-21 18:36:41 Job submitted from host: <130.199.48.129:9618?addrs=130.199.48.129-9618&alias=rcas6009.rcf.bnl.gov&noUDP&sock=schedd_22421_101d>
...
040 (15697407.322.000) 2026-01-22 05:35:49 Started transferring input files
	Transferring to host: <130.199.186.82:9618?addrs=130.199.186.82-9618&alias=spool1845.sdcc.bnl.gov&noUDP&sock=slot1_46_95953_29d6_276793>
...
040 (15697407.322.000) 2026-01-22 05:35:49 Finished transferring input files
...
001 (15697407.322.000) 2026-01-22 05:35:50 Job executing on host: <130.199.186.82:9618?addrs=130.199.186.82-9618&alias=spool1845.sdcc.bnl.gov&noUDP&sock=startd_95944_2a0e>
...
006 (15697407.322.000) 2026-01-22 05:35:59 Image size of job updated: 342736
	40  -  MemoryUsage of job (MB)
	40728  -  ResidentSetSize of job (KB)
...
006 (15697407.322.000) 2026-01-22 05:41:00 Image size of job updated: 424352
	108  -  MemoryUsage of job (MB)
	109872  -  ResidentSetSize of job (KB)
...
040 (15697407.322.000) 2026-01-22 06:01:57 Started transferring output files
...
040 (15697407.322.000) 2026-01-22 06:01:57 Finished transferring output files
...
005 (15697407.322.000) 2026-01-22 06:01:57 Job terminated.
	(1) Normal termination (return value 0)
		Usr 0 00:25:27, Sys 0 00:00:22  -  Run Remote Usage
		Usr 0 00:00:00, Sys 0 00:00:00  -  Run Local Usage
		Usr 0 00:25:27, Sys 0 00:00:22  -  Total Remote Usage
		Usr 0 00:00:00, Sys 0 00:00:00  -  Total Local Usage
	275  -  Run Bytes Sent By Job
	148880  -  Run Bytes Received By Job
	275  -  Total Bytes Sent By Job
	148880  -  Total Bytes Received By Job
	Partitionable Resources :    Usage  Request Allocated 
	   Cpus                 :     0.98        1         1 
	   Disk (KB)            :   164     2097152   6681560 
	   Memory (MB)          :   108        4096      4096 
	   xferslots            :                           0 

	Job terminated of its own accord at 2026-01-22T11:01:56Z with exit-code 0.
...
