000 (15564188.1002.000) 2026-01-07 21:29:41 Job submitted from host: <130.199.48.129:9618?addrs=130.199.48.129-9618&alias=rcas6009.rcf.bnl.gov&noUDP&sock=schedd_22421_101d>
...
040 (15564188.1002.000) 2026-01-08 02:03:19 Started transferring input files
	Transferring to host: <130.199.186.16:9618?addrs=130.199.186.16-9618&alias=spool1813.sdcc.bnl.gov&noUDP&sock=slot1_76_93983_6cf9_189191>
...
040 (15564188.1002.000) 2026-01-08 02:03:19 Finished transferring input files
...
001 (15564188.1002.000) 2026-01-08 02:03:21 Job executing on host: <130.199.186.16:9618?addrs=130.199.186.16-9618&alias=spool1813.sdcc.bnl.gov&noUDP&sock=startd_93974_af24>
...
006 (15564188.1002.000) 2026-01-08 02:03:29 Image size of job updated: 96948
	65  -  MemoryUsage of job (MB)
	65728  -  ResidentSetSize of job (KB)
...
006 (15564188.1002.000) 2026-01-08 02:07:02 Image size of job updated: 450280
	65  -  MemoryUsage of job (MB)
	65728  -  ResidentSetSize of job (KB)
...
040 (15564188.1002.000) 2026-01-08 02:07:02 Started transferring output files
...
040 (15564188.1002.000) 2026-01-08 02:07:02 Finished transferring output files
...
005 (15564188.1002.000) 2026-01-08 02:07:02 Job terminated.
	(1) Normal termination (return value 0)
		Usr 0 00:03:14, Sys 0 00:00:03  -  Run Remote Usage
		Usr 0 00:00:00, Sys 0 00:00:00  -  Run Local Usage
		Usr 0 00:03:14, Sys 0 00:00:03  -  Total Remote Usage
		Usr 0 00:00:00, Sys 0 00:00:00  -  Total Local Usage
	135  -  Run Bytes Sent By Job
	144352  -  Run Bytes Received By Job
	135  -  Total Bytes Sent By Job
	144352  -  Total Bytes Received By Job
	Partitionable Resources :    Usage  Request Allocated 
	   Cpus                 :                 1         1 
	   Disk (KB)            :      153  2097152   6681559 
	   Memory (MB)          :       65     4096      4096 
	   xferslots            :                           0 

	Job terminated of its own accord at 2026-01-08T07:07:02Z with exit-code 0.
...
