000 (15690120.443.000) 2026-01-20 07:35:55 Job submitted from host: <130.199.48.129:9618?addrs=130.199.48.129-9618&alias=rcas6009.rcf.bnl.gov&noUDP&sock=schedd_22421_101d>
...
040 (15690120.443.000) 2026-01-21 08:53:14 Started transferring input files
	Transferring to host: <130.199.151.29:9618?addrs=130.199.151.29-9618&alias=spool1607.sdcc.bnl.gov&noUDP&sock=slot1_9_96586_9977_244413>
...
040 (15690120.443.000) 2026-01-21 08:53:14 Finished transferring input files
...
001 (15690120.443.000) 2026-01-21 08:53:15 Job executing on host: <130.199.151.29:9618?addrs=130.199.151.29-9618&alias=spool1607.sdcc.bnl.gov&noUDP&sock=startd_96578_d139>
...
006 (15690120.443.000) 2026-01-21 08:53:24 Image size of job updated: 90396
	65  -  MemoryUsage of job (MB)
	66248  -  ResidentSetSize of job (KB)
...
006 (15690120.443.000) 2026-01-21 08:53:30 Image size of job updated: 424260
	65  -  MemoryUsage of job (MB)
	66248  -  ResidentSetSize of job (KB)
...
040 (15690120.443.000) 2026-01-21 08:53:31 Started transferring output files
...
040 (15690120.443.000) 2026-01-21 08:53:31 Finished transferring output files
...
005 (15690120.443.000) 2026-01-21 08:53:31 Job terminated.
	(1) Normal termination (return value 0)
		Usr 0 00:00:12, Sys 0 00:00:00  -  Run Remote Usage
		Usr 0 00:00:00, Sys 0 00:00:00  -  Run Local Usage
		Usr 0 00:00:12, Sys 0 00:00:00  -  Total Remote Usage
		Usr 0 00:00:00, Sys 0 00:00:00  -  Total Local Usage
	31  -  Run Bytes Sent By Job
	148880  -  Run Bytes Received By Job
	31  -  Total Bytes Sent By Job
	148880  -  Total Bytes Received By Job
	Partitionable Resources :    Usage  Request Allocated 
	   Cpus                 :                 1         1 
	   Disk (KB)            :      156  2097152   6681126 
	   Memory (MB)          :       65     4096      4096 
	   xferslots            :                           0 

	Job terminated of its own accord at 2026-01-21T13:53:30Z with exit-code 0.
...
