000 (15697407.301.000) 2026-01-21 18:36:41 Job submitted from host: <130.199.48.129:9618?addrs=130.199.48.129-9618&alias=rcas6009.rcf.bnl.gov&noUDP&sock=schedd_22421_101d>
...
040 (15697407.301.000) 2026-01-22 04:42:03 Started transferring input files
	Transferring to host: <130.199.150.83:9618?addrs=130.199.150.83-9618&alias=spool1564.sdcc.bnl.gov&noUDP&sock=slot1_60_55520_9810_279036>
...
040 (15697407.301.000) 2026-01-22 04:42:03 Finished transferring input files
...
001 (15697407.301.000) 2026-01-22 04:42:04 Job executing on host: <130.199.150.83:9618?addrs=130.199.150.83-9618&alias=spool1564.sdcc.bnl.gov&noUDP&sock=startd_55511_a155>
...
006 (15697407.301.000) 2026-01-22 04:42:13 Image size of job updated: 112120
	79  -  MemoryUsage of job (MB)
	80736  -  ResidentSetSize of job (KB)
...
006 (15697407.301.000) 2026-01-22 04:47:13 Image size of job updated: 450532
	127  -  MemoryUsage of job (MB)
	129196  -  ResidentSetSize of job (KB)
...
040 (15697407.301.000) 2026-01-22 05:07:59 Started transferring output files
...
040 (15697407.301.000) 2026-01-22 05:07:59 Finished transferring output files
...
005 (15697407.301.000) 2026-01-22 05:07:59 Job terminated.
	(1) Normal termination (return value 0)
		Usr 0 00:25:29, Sys 0 00:00:23  -  Run Remote Usage
		Usr 0 00:00:00, Sys 0 00:00:00  -  Run Local Usage
		Usr 0 00:25:29, Sys 0 00:00:23  -  Total Remote Usage
		Usr 0 00:00:00, Sys 0 00:00:00  -  Total Local Usage
	275  -  Run Bytes Sent By Job
	148880  -  Run Bytes Received By Job
	275  -  Total Bytes Sent By Job
	148880  -  Total Bytes Received By Job
	Partitionable Resources :    Usage  Request Allocated 
	   Cpus                 :     1.00        1         1 
	   Disk (KB)            :   164     2097152   6681195 
	   Memory (MB)          :   127        4096      4096 
	   xferslots            :                           0 

	Job terminated of its own accord at 2026-01-22T10:07:59Z with exit-code 0.
...
