000 (15684821.414.000) 2026-01-19 15:56:21 Job submitted from host: <130.199.48.129:9618?addrs=130.199.48.129-9618&alias=rcas6009.rcf.bnl.gov&noUDP&sock=schedd_22421_101d>
...
040 (15684821.414.000) 2026-01-19 16:19:46 Started transferring input files
	Transferring to host: <130.199.150.77:9618?addrs=130.199.150.77-9618&alias=spool1558.sdcc.bnl.gov&noUDP&sock=slot1_81_49269_921f_233642>
...
040 (15684821.414.000) 2026-01-19 16:19:46 Finished transferring input files
...
001 (15684821.414.000) 2026-01-19 16:19:47 Job executing on host: <130.199.150.77:9618?addrs=130.199.150.77-9618&alias=spool1558.sdcc.bnl.gov&noUDP&sock=startd_49259_f37d>
...
006 (15684821.414.000) 2026-01-19 16:19:55 Image size of job updated: 112696
	80  -  MemoryUsage of job (MB)
	81616  -  ResidentSetSize of job (KB)
...
006 (15684821.414.000) 2026-01-19 16:24:55 Image size of job updated: 448164
	126  -  MemoryUsage of job (MB)
	128424  -  ResidentSetSize of job (KB)
...
006 (15684821.414.000) 2026-01-19 16:29:56 Image size of job updated: 448164
	126  -  MemoryUsage of job (MB)
	128428  -  ResidentSetSize of job (KB)
...
040 (15684821.414.000) 2026-01-19 16:56:32 Started transferring output files
...
040 (15684821.414.000) 2026-01-19 16:56:32 Finished transferring output files
...
005 (15684821.414.000) 2026-01-19 16:56:32 Job terminated.
	(1) Normal termination (return value 0)
		Usr 0 00:34:37, Sys 0 00:00:23  -  Run Remote Usage
		Usr 0 00:00:00, Sys 0 00:00:00  -  Run Local Usage
		Usr 0 00:34:37, Sys 0 00:00:23  -  Total Remote Usage
		Usr 0 00:00:00, Sys 0 00:00:00  -  Total Local Usage
	289  -  Run Bytes Sent By Job
	148880  -  Run Bytes Received By Job
	289  -  Total Bytes Sent By Job
	148880  -  Total Bytes Received By Job
	Partitionable Resources :    Usage  Request Allocated 
	   Cpus                 :     0.92        1         1 
	   Disk (KB)            :   163     2097152   6681195 
	   Memory (MB)          :   126        4096      4096 
	   xferslots            :                           0 

	Job terminated of its own accord at 2026-01-19T21:56:32Z with exit-code 0.
...
