000 (16235385.548.000) 2026-01-23 10:57:28 Job submitted from host: <130.199.48.128:9618?addrs=130.199.48.128-9618&alias=rcas6008.rcf.bnl.gov&noUDP&sock=schedd_18725_535a>
...
040 (16235385.548.000) 2026-01-23 12:12:02 Started transferring input files
	Transferring to host: <130.199.186.25:9618?addrs=130.199.186.25-9618&alias=spool1822.sdcc.bnl.gov&noUDP&sock=slot1_43_93977_feb8_256382>
...
040 (16235385.548.000) 2026-01-23 12:12:02 Finished transferring input files
...
001 (16235385.548.000) 2026-01-23 12:12:03 Job executing on host: <130.199.186.25:9618?addrs=130.199.186.25-9618&alias=spool1822.sdcc.bnl.gov&noUDP&sock=startd_93968_c904>
...
006 (16235385.548.000) 2026-01-23 12:12:12 Image size of job updated: 421848
	73  -  MemoryUsage of job (MB)
	74732  -  ResidentSetSize of job (KB)
...
006 (16235385.548.000) 2026-01-23 12:17:12 Image size of job updated: 424280
	94  -  MemoryUsage of job (MB)
	95656  -  ResidentSetSize of job (KB)
...
040 (16235385.548.000) 2026-01-23 12:21:55 Started transferring output files
...
040 (16235385.548.000) 2026-01-23 12:21:55 Finished transferring output files
...
005 (16235385.548.000) 2026-01-23 12:21:55 Job terminated.
	(1) Normal termination (return value 0)
		Usr 0 00:09:38, Sys 0 00:00:07  -  Run Remote Usage
		Usr 0 00:00:00, Sys 0 00:00:00  -  Run Local Usage
		Usr 0 00:09:38, Sys 0 00:00:07  -  Total Remote Usage
		Usr 0 00:00:00, Sys 0 00:00:00  -  Total Local Usage
	177  -  Run Bytes Sent By Job
	148880  -  Run Bytes Received By Job
	177  -  Total Bytes Sent By Job
	148880  -  Total Bytes Received By Job
	Partitionable Resources :    Usage  Request Allocated 
	   Cpus                 :     1.00        1         1 
	   Disk (KB)            :   163     2097152   6681601 
	   Memory (MB)          :    94        4096      4096 
	   xferslots            :                           0 

	Job terminated of its own accord at 2026-01-23T17:21:55Z with exit-code 0.
...
