000 (15697407.610.000) 2026-01-21 18:36:42 Job submitted from host: <130.199.48.129:9618?addrs=130.199.48.129-9618&alias=rcas6009.rcf.bnl.gov&noUDP&sock=schedd_22421_101d>
...
040 (15697407.610.000) 2026-01-22 13:03:24 Started transferring input files
	Transferring to host: <130.199.151.20:9618?addrs=130.199.151.20-9618&alias=spool1598.sdcc.bnl.gov&noUDP&sock=slot1_71_29322_cc12_259546>
...
040 (15697407.610.000) 2026-01-22 13:03:24 Finished transferring input files
...
001 (15697407.610.000) 2026-01-22 13:03:25 Job executing on host: <130.199.151.20:9618?addrs=130.199.151.20-9618&alias=spool1598.sdcc.bnl.gov&noUDP&sock=startd_29313_4b3f>
...
006 (15697407.610.000) 2026-01-22 13:03:27 Image size of job updated: 508
	0  -  MemoryUsage of job (MB)
	0  -  ResidentSetSize of job (KB)
...
040 (15697407.610.000) 2026-01-22 13:03:27 Started transferring output files
...
040 (15697407.610.000) 2026-01-22 13:03:27 Finished transferring output files
...
005 (15697407.610.000) 2026-01-22 13:03:27 Job terminated.
	(1) Normal termination (return value 0)
		Usr 0 00:00:00, Sys 0 00:00:00  -  Run Remote Usage
		Usr 0 00:00:00, Sys 0 00:00:00  -  Run Local Usage
		Usr 0 00:00:00, Sys 0 00:00:00  -  Total Remote Usage
		Usr 0 00:00:00, Sys 0 00:00:00  -  Total Local Usage
	18  -  Run Bytes Sent By Job
	148880  -  Run Bytes Received By Job
	18  -  Total Bytes Sent By Job
	148880  -  Total Bytes Received By Job
	Partitionable Resources :    Usage  Request Allocated 
	   Cpus                 :                 1         1 
	   Disk (KB)            :      157  2097152   6681198 
	   Memory (MB)          :        0     4096      4096 
	   xferslots            :                           0 

	Job terminated of its own accord at 2026-01-22T18:03:27Z with exit-code 0.
...
