000 (15564188.357.000) 2026-01-07 21:29:40 Job submitted from host: <130.199.48.129:9618?addrs=130.199.48.129-9618&alias=rcas6009.rcf.bnl.gov&noUDP&sock=schedd_22421_101d>
...
040 (15564188.357.000) 2026-01-08 00:50:13 Started transferring input files
	Transferring to host: <130.199.151.3:9618?addrs=130.199.151.3-9618&alias=spool1581.sdcc.bnl.gov&noUDP&sock=slot1_49_95061_7851_188740>
...
040 (15564188.357.000) 2026-01-08 00:50:13 Finished transferring input files
...
001 (15564188.357.000) 2026-01-08 00:50:14 Job executing on host: <130.199.151.3:9618?addrs=130.199.151.3-9618&alias=spool1581.sdcc.bnl.gov&noUDP&sock=startd_95052_db87>
...
006 (15564188.357.000) 2026-01-08 00:50:23 Image size of job updated: 109848
	62  -  MemoryUsage of job (MB)
	63444  -  ResidentSetSize of job (KB)
...
006 (15564188.357.000) 2026-01-08 00:51:13 Image size of job updated: 448840
	62  -  MemoryUsage of job (MB)
	63444  -  ResidentSetSize of job (KB)
...
040 (15564188.357.000) 2026-01-08 00:51:13 Started transferring output files
...
040 (15564188.357.000) 2026-01-08 00:51:13 Finished transferring output files
...
005 (15564188.357.000) 2026-01-08 00:51:13 Job terminated.
	(1) Normal termination (return value 0)
		Usr 0 00:00:46, Sys 0 00:00:01  -  Run Remote Usage
		Usr 0 00:00:00, Sys 0 00:00:00  -  Run Local Usage
		Usr 0 00:00:46, Sys 0 00:00:01  -  Total Remote Usage
		Usr 0 00:00:00, Sys 0 00:00:00  -  Total Local Usage
	70  -  Run Bytes Sent By Job
	144352  -  Run Bytes Received By Job
	70  -  Total Bytes Sent By Job
	144352  -  Total Bytes Received By Job
	Partitionable Resources :    Usage  Request Allocated 
	   Cpus                 :                 1         1 
	   Disk (KB)            :      152  2097152   6681183 
	   Memory (MB)          :       62     4096      4096 
	   xferslots            :                           0 

	Job terminated of its own accord at 2026-01-08T05:51:13Z with exit-code 0.
...
