000 (15564188.122.000) 2026-01-07 21:29:39 Job submitted from host: <130.199.48.129:9618?addrs=130.199.48.129-9618&alias=rcas6009.rcf.bnl.gov&noUDP&sock=schedd_22421_101d>
...
040 (15564188.122.000) 2026-01-07 23:46:52 Started transferring input files
	Transferring to host: <130.199.151.3:9618?addrs=130.199.151.3-9618&alias=spool1581.sdcc.bnl.gov&noUDP&sock=slot1_36_95061_7851_188602>
...
040 (15564188.122.000) 2026-01-07 23:46:52 Finished transferring input files
...
001 (15564188.122.000) 2026-01-07 23:46:53 Job executing on host: <130.199.151.3:9618?addrs=130.199.151.3-9618&alias=spool1581.sdcc.bnl.gov&noUDP&sock=startd_95052_db87>
...
006 (15564188.122.000) 2026-01-07 23:47:02 Image size of job updated: 110040
	78  -  MemoryUsage of job (MB)
	79088  -  ResidentSetSize of job (KB)
...
006 (15564188.122.000) 2026-01-07 23:52:02 Image size of job updated: 448740
	127  -  MemoryUsage of job (MB)
	129068  -  ResidentSetSize of job (KB)
...
040 (15564188.122.000) 2026-01-08 00:00:46 Started transferring output files
...
040 (15564188.122.000) 2026-01-08 00:00:46 Finished transferring output files
...
005 (15564188.122.000) 2026-01-08 00:00:46 Job terminated.
	(1) Normal termination (return value 0)
		Usr 0 00:12:25, Sys 0 00:00:12  -  Run Remote Usage
		Usr 0 00:00:00, Sys 0 00:00:00  -  Run Local Usage
		Usr 0 00:12:25, Sys 0 00:00:12  -  Total Remote Usage
		Usr 0 00:00:00, Sys 0 00:00:00  -  Total Local Usage
	275  -  Run Bytes Sent By Job
	144352  -  Run Bytes Received By Job
	275  -  Total Bytes Sent By Job
	144352  -  Total Bytes Received By Job
	Partitionable Resources :    Usage  Request Allocated 
	   Cpus                 :     0.98        1         1 
	   Disk (KB)            :   159     2097152   6681183 
	   Memory (MB)          :   127        4096      4096 
	   xferslots            :                           0 

	Job terminated of its own accord at 2026-01-08T05:00:46Z with exit-code 0.
...
