000 (15697407.061.000) 2026-01-21 18:36:41 Job submitted from host: <130.199.48.129:9618?addrs=130.199.48.129-9618&alias=rcas6009.rcf.bnl.gov&noUDP&sock=schedd_22421_101d>
...
040 (15697407.061.000) 2026-01-21 19:39:42 Started transferring input files
	Transferring to host: <130.199.150.87:9618?addrs=130.199.150.87-9618&alias=spool1568.sdcc.bnl.gov&noUDP&sock=slot1_53_25189_cd38_257294>
...
040 (15697407.061.000) 2026-01-21 19:39:42 Finished transferring input files
...
001 (15697407.061.000) 2026-01-21 19:39:43 Job executing on host: <130.199.150.87:9618?addrs=130.199.150.87-9618&alias=spool1568.sdcc.bnl.gov&noUDP&sock=startd_25180_4069>
...
006 (15697407.061.000) 2026-01-21 19:39:52 Image size of job updated: 422452
	72  -  MemoryUsage of job (MB)
	73584  -  ResidentSetSize of job (KB)
...
006 (15697407.061.000) 2026-01-21 19:44:53 Image size of job updated: 449752
	99  -  MemoryUsage of job (MB)
	100968  -  ResidentSetSize of job (KB)
...
040 (15697407.061.000) 2026-01-21 19:48:32 Started transferring output files
...
040 (15697407.061.000) 2026-01-21 19:48:32 Finished transferring output files
...
005 (15697407.061.000) 2026-01-21 19:48:32 Job terminated.
	(1) Normal termination (return value 0)
		Usr 0 00:08:41, Sys 0 00:00:06  -  Run Remote Usage
		Usr 0 00:00:00, Sys 0 00:00:00  -  Run Local Usage
		Usr 0 00:08:41, Sys 0 00:00:06  -  Total Remote Usage
		Usr 0 00:00:00, Sys 0 00:00:00  -  Total Local Usage
	177  -  Run Bytes Sent By Job
	148880  -  Run Bytes Received By Job
	177  -  Total Bytes Sent By Job
	148880  -  Total Bytes Received By Job
	Partitionable Resources :    Usage  Request Allocated 
	   Cpus                 :     1.00        1         1 
	   Disk (KB)            :   164     2097152   6681186 
	   Memory (MB)          :    99        4096      4096 
	   xferslots            :                           0 

	Job terminated of its own accord at 2026-01-22T00:48:32Z with exit-code 0.
...
