000 (15697407.452.000) 2026-01-21 18:36:42 Job submitted from host: <130.199.48.129:9618?addrs=130.199.48.129-9618&alias=rcas6009.rcf.bnl.gov&noUDP&sock=schedd_22421_101d>
...
040 (15697407.452.000) 2026-01-22 09:11:09 Started transferring input files
	Transferring to host: <130.199.186.18:9618?addrs=130.199.186.18-9618&alias=spool1815.sdcc.bnl.gov&noUDP&sock=slot1_58_93818_9508_315127>
...
040 (15697407.452.000) 2026-01-22 09:11:09 Finished transferring input files
...
001 (15697407.452.000) 2026-01-22 09:11:10 Job executing on host: <130.199.186.18:9618?addrs=130.199.186.18-9618&alias=spool1815.sdcc.bnl.gov&noUDP&sock=startd_93809_76b7>
...
006 (15697407.452.000) 2026-01-22 09:11:18 Image size of job updated: 421908
	83  -  MemoryUsage of job (MB)
	84036  -  ResidentSetSize of job (KB)
...
006 (15697407.452.000) 2026-01-22 09:16:18 Image size of job updated: 424600
	109  -  MemoryUsage of job (MB)
	110968  -  ResidentSetSize of job (KB)
...
006 (15697407.452.000) 2026-01-22 09:21:19 Image size of job updated: 424600
	109  -  MemoryUsage of job (MB)
	111028  -  ResidentSetSize of job (KB)
...
006 (15697407.452.000) 2026-01-22 09:26:19 Image size of job updated: 424600
	109  -  MemoryUsage of job (MB)
	111068  -  ResidentSetSize of job (KB)
...
006 (15697407.452.000) 2026-01-22 09:31:19 Image size of job updated: 424600
	109  -  MemoryUsage of job (MB)
	111092  -  ResidentSetSize of job (KB)
...
006 (15697407.452.000) 2026-01-22 09:36:20 Image size of job updated: 424600
	109  -  MemoryUsage of job (MB)
	111096  -  ResidentSetSize of job (KB)
...
040 (15697407.452.000) 2026-01-22 09:40:44 Started transferring output files
...
040 (15697407.452.000) 2026-01-22 09:40:44 Finished transferring output files
...
005 (15697407.452.000) 2026-01-22 09:40:44 Job terminated.
	(1) Normal termination (return value 0)
		Usr 0 00:29:02, Sys 0 00:00:26  -  Run Remote Usage
		Usr 0 00:00:00, Sys 0 00:00:00  -  Run Local Usage
		Usr 0 00:29:02, Sys 0 00:00:26  -  Total Remote Usage
		Usr 0 00:00:00, Sys 0 00:00:00  -  Total Local Usage
	289  -  Run Bytes Sent By Job
	148880  -  Run Bytes Received By Job
	289  -  Total Bytes Sent By Job
	148880  -  Total Bytes Received By Job
	Partitionable Resources :    Usage  Request Allocated 
	   Cpus                 :     0.99        1         1 
	   Disk (KB)            :   164     2097152   6681589 
	   Memory (MB)          :   109        4096      4096 
	   xferslots            :                           0 

	Job terminated of its own accord at 2026-01-22T14:40:44Z with exit-code 0.
...
