000 (16235385.216.000) 2026-01-23 10:57:26 Job submitted from host: <130.199.48.128:9618?addrs=130.199.48.128-9618&alias=rcas6008.rcf.bnl.gov&noUDP&sock=schedd_18725_535a>
...
040 (16235385.216.000) 2026-01-23 11:54:16 Started transferring input files
	Transferring to host: <130.199.186.17:9618?addrs=130.199.186.17-9618&alias=spool1814.sdcc.bnl.gov&noUDP&sock=slot1_37_95879_84b9_374598>
...
040 (16235385.216.000) 2026-01-23 11:54:16 Finished transferring input files
...
001 (16235385.216.000) 2026-01-23 11:54:17 Job executing on host: <130.199.186.17:9618?addrs=130.199.186.17-9618&alias=spool1814.sdcc.bnl.gov&noUDP&sock=startd_95870_be84>
...
006 (16235385.216.000) 2026-01-23 11:54:25 Image size of job updated: 421876
	77  -  MemoryUsage of job (MB)
	78372  -  ResidentSetSize of job (KB)
...
006 (16235385.216.000) 2026-01-23 11:59:25 Image size of job updated: 450616
	115  -  MemoryUsage of job (MB)
	117152  -  ResidentSetSize of job (KB)
...
040 (16235385.216.000) 2026-01-23 12:12:21 Started transferring output files
...
040 (16235385.216.000) 2026-01-23 12:12:21 Finished transferring output files
...
005 (16235385.216.000) 2026-01-23 12:12:21 Job terminated.
	(1) Normal termination (return value 0)
		Usr 0 00:17:49, Sys 0 00:00:11  -  Run Remote Usage
		Usr 0 00:00:00, Sys 0 00:00:00  -  Run Local Usage
		Usr 0 00:17:49, Sys 0 00:00:11  -  Total Remote Usage
		Usr 0 00:00:00, Sys 0 00:00:00  -  Total Local Usage
	233  -  Run Bytes Sent By Job
	148880  -  Run Bytes Received By Job
	233  -  Total Bytes Sent By Job
	148880  -  Total Bytes Received By Job
	Partitionable Resources :    Usage  Request Allocated 
	   Cpus                 :     1.00        1         1 
	   Disk (KB)            :   164     2097152   6681625 
	   Memory (MB)          :   115        4096      4096 
	   xferslots            :                           0 

	Job terminated of its own accord at 2026-01-23T17:12:21Z with exit-code 0.
...
