000 (15554417.287.000) 2026-01-07 12:44:33 Job submitted from host: <130.199.48.129:9618?addrs=130.199.48.129-9618&alias=rcas6009.rcf.bnl.gov&noUDP&sock=schedd_22421_101d>
...
040 (15554417.287.000) 2026-01-07 13:25:01 Started transferring input files
	Transferring to host: <130.199.184.216:9618?addrs=130.199.184.216-9618&alias=spool1791.sdcc.bnl.gov&noUDP&sock=slot1_88_95931_eae9_185139>
...
040 (15554417.287.000) 2026-01-07 13:25:01 Finished transferring input files
...
001 (15554417.287.000) 2026-01-07 13:25:02 Job executing on host: <130.199.184.216:9618?addrs=130.199.184.216-9618&alias=spool1791.sdcc.bnl.gov&noUDP&sock=startd_95922_3399>
...
006 (15554417.287.000) 2026-01-07 13:25:11 Image size of job updated: 116400
	83  -  MemoryUsage of job (MB)
	84944  -  ResidentSetSize of job (KB)
...
006 (15554417.287.000) 2026-01-07 13:30:12 Image size of job updated: 424724
	108  -  MemoryUsage of job (MB)
	110340  -  ResidentSetSize of job (KB)
...
006 (15554417.287.000) 2026-01-07 13:35:12 Image size of job updated: 424724
	108  -  MemoryUsage of job (MB)
	110352  -  ResidentSetSize of job (KB)
...
040 (15554417.287.000) 2026-01-07 13:37:44 Started transferring output files
...
040 (15554417.287.000) 2026-01-07 13:37:44 Finished transferring output files
...
005 (15554417.287.000) 2026-01-07 13:37:44 Job terminated.
	(1) Normal termination (return value 0)
		Usr 0 00:12:31, Sys 0 00:00:09  -  Run Remote Usage
		Usr 0 00:00:00, Sys 0 00:00:00  -  Run Local Usage
		Usr 0 00:12:31, Sys 0 00:00:09  -  Total Remote Usage
		Usr 0 00:00:00, Sys 0 00:00:00  -  Total Local Usage
	275  -  Run Bytes Sent By Job
	144352  -  Run Bytes Received By Job
	275  -  Total Bytes Sent By Job
	144352  -  Total Bytes Received By Job
	Partitionable Resources :    Usage  Request Allocated 
	   Cpus                 :     1.00        1         1 
	   Disk (KB)            :   159     2097152   6681570 
	   Memory (MB)          :   108        4096      4096 
	   xferslots            :                           0 

	Job terminated of its own accord at 2026-01-07T18:37:44Z with exit-code 0.
...
