000 (15554417.748.000) 2026-01-07 12:44:34 Job submitted from host: <130.199.48.129:9618?addrs=130.199.48.129-9618&alias=rcas6009.rcf.bnl.gov&noUDP&sock=schedd_22421_101d>
...
040 (15554417.748.000) 2026-01-07 14:00:18 Started transferring input files
	Transferring to host: <130.199.186.9:9618?addrs=130.199.186.9-9618&alias=spool1806.sdcc.bnl.gov&noUDP&sock=slot1_3_96042_e295_188375>
...
040 (15554417.748.000) 2026-01-07 14:00:18 Finished transferring input files
...
001 (15554417.748.000) 2026-01-07 14:00:19 Job executing on host: <130.199.186.9:9618?addrs=130.199.186.9-9618&alias=spool1806.sdcc.bnl.gov&noUDP&sock=startd_96033_54e7>
...
006 (15554417.748.000) 2026-01-07 14:00:20 Image size of job updated: 440
	0  -  MemoryUsage of job (MB)
	0  -  ResidentSetSize of job (KB)
...
040 (15554417.748.000) 2026-01-07 14:00:20 Started transferring output files
...
040 (15554417.748.000) 2026-01-07 14:00:20 Finished transferring output files
...
005 (15554417.748.000) 2026-01-07 14:00:20 Job terminated.
	(1) Normal termination (return value 0)
		Usr 0 00:00:00, Sys 0 00:00:00  -  Run Remote Usage
		Usr 0 00:00:00, Sys 0 00:00:00  -  Run Local Usage
		Usr 0 00:00:00, Sys 0 00:00:00  -  Total Remote Usage
		Usr 0 00:00:00, Sys 0 00:00:00  -  Total Local Usage
	9  -  Run Bytes Sent By Job
	144352  -  Run Bytes Received By Job
	9  -  Total Bytes Sent By Job
	144352  -  Total Bytes Received By Job
	Partitionable Resources :    Usage  Request Allocated 
	   Cpus                 :                 1         1 
	   Disk (KB)            :      153  2097152   6681562 
	   Memory (MB)          :        0     4096      4096 
	   xferslots            :                           0 

	Job terminated of its own accord at 2026-01-07T19:00:20Z with exit-code 0.
...
