000 (15690120.993.000) 2026-01-20 07:35:57 Job submitted from host: <130.199.48.129:9618?addrs=130.199.48.129-9618&alias=rcas6009.rcf.bnl.gov&noUDP&sock=schedd_22421_101d>
...
040 (15690120.993.000) 2026-01-21 14:35:25 Started transferring input files
	Transferring to host: <130.199.184.151:9618?addrs=130.199.184.151-9618&alias=spool1760.sdcc.bnl.gov&noUDP&sock=slot1_88_32549_c2d0_245578>
...
040 (15690120.993.000) 2026-01-21 14:35:25 Finished transferring input files
...
001 (15690120.993.000) 2026-01-21 14:35:26 Job executing on host: <130.199.184.151:9618?addrs=130.199.184.151-9618&alias=spool1760.sdcc.bnl.gov&noUDP&sock=startd_32541_ea49>
...
006 (15690120.993.000) 2026-01-21 14:35:35 Image size of job updated: 420048
	72  -  MemoryUsage of job (MB)
	73188  -  ResidentSetSize of job (KB)
...
006 (15690120.993.000) 2026-01-21 14:40:36 Image size of job updated: 450904
	97  -  MemoryUsage of job (MB)
	98728  -  ResidentSetSize of job (KB)
...
006 (15690120.993.000) 2026-01-21 14:45:36 Image size of job updated: 450904
	97  -  MemoryUsage of job (MB)
	98736  -  ResidentSetSize of job (KB)
...
040 (15690120.993.000) 2026-01-21 14:46:10 Started transferring output files
...
040 (15690120.993.000) 2026-01-21 14:46:10 Finished transferring output files
...
005 (15690120.993.000) 2026-01-21 14:46:10 Job terminated.
	(1) Normal termination (return value 0)
		Usr 0 00:10:33, Sys 0 00:00:07  -  Run Remote Usage
		Usr 0 00:00:00, Sys 0 00:00:00  -  Run Local Usage
		Usr 0 00:10:33, Sys 0 00:00:07  -  Total Remote Usage
		Usr 0 00:00:00, Sys 0 00:00:00  -  Total Local Usage
	149  -  Run Bytes Sent By Job
	148880  -  Run Bytes Received By Job
	149  -  Total Bytes Sent By Job
	148880  -  Total Bytes Received By Job
	Partitionable Resources :    Usage  Request Allocated 
	   Cpus                 :     0.99        1         1 
	   Disk (KB)            :   163     2097152   6681582 
	   Memory (MB)          :    97        4096      4096 
	   xferslots            :                           0 

	Job terminated of its own accord at 2026-01-21T19:46:10Z with exit-code 0.
...
