000 (16235385.626.000) 2026-01-23 10:57:28 Job submitted from host: <130.199.48.128:9618?addrs=130.199.48.128-9618&alias=rcas6008.rcf.bnl.gov&noUDP&sock=schedd_18725_535a>
...
040 (16235385.626.000) 2026-01-23 12:17:19 Started transferring input files
	Transferring to host: <130.199.151.18:9618?addrs=130.199.151.18-9618&alias=spool1596.sdcc.bnl.gov&noUDP&sock=slot1_41_94793_910b_267447>
...
040 (16235385.626.000) 2026-01-23 12:17:19 Finished transferring input files
...
001 (16235385.626.000) 2026-01-23 12:17:20 Job executing on host: <130.199.151.18:9618?addrs=130.199.151.18-9618&alias=spool1596.sdcc.bnl.gov&noUDP&sock=startd_94784_09f6>
...
006 (16235385.626.000) 2026-01-23 12:17:28 Image size of job updated: 420900
	71  -  MemoryUsage of job (MB)
	72096  -  ResidentSetSize of job (KB)
...
006 (16235385.626.000) 2026-01-23 12:22:28 Image size of job updated: 424160
	91  -  MemoryUsage of job (MB)
	92288  -  ResidentSetSize of job (KB)
...
006 (16235385.626.000) 2026-01-23 12:26:13 Image size of job updated: 424292
	91  -  MemoryUsage of job (MB)
	92288  -  ResidentSetSize of job (KB)
...
040 (16235385.626.000) 2026-01-23 12:26:13 Started transferring output files
...
040 (16235385.626.000) 2026-01-23 12:26:13 Finished transferring output files
...
005 (16235385.626.000) 2026-01-23 12:26:14 Job terminated.
	(1) Normal termination (return value 0)
		Usr 0 00:08:42, Sys 0 00:00:07  -  Run Remote Usage
		Usr 0 00:00:00, Sys 0 00:00:00  -  Run Local Usage
		Usr 0 00:08:42, Sys 0 00:00:07  -  Total Remote Usage
		Usr 0 00:00:00, Sys 0 00:00:00  -  Total Local Usage
	163  -  Run Bytes Sent By Job
	148880  -  Run Bytes Received By Job
	163  -  Total Bytes Sent By Job
	148880  -  Total Bytes Received By Job
	Partitionable Resources :    Usage  Request Allocated 
	   Cpus                 :     1.00        1         1 
	   Disk (KB)            :   164     2097152   6681193 
	   Memory (MB)          :    91        4096      4096 
	   xferslots            :                           0 

	Job terminated of its own accord at 2026-01-23T17:26:13Z with exit-code 0.
...
