000 (15690120.094.000) 2026-01-20 07:35:54 Job submitted from host: <130.199.48.129:9618?addrs=130.199.48.129-9618&alias=rcas6009.rcf.bnl.gov&noUDP&sock=schedd_22421_101d>
...
040 (15690120.094.000) 2026-01-20 22:34:10 Started transferring input files
	Transferring to host: <130.199.186.70:9618?addrs=130.199.186.70-9618&alias=spool1833.sdcc.bnl.gov&noUDP&sock=slot1_62_94191_05b8_240417>
...
040 (15690120.094.000) 2026-01-20 22:34:10 Finished transferring input files
...
001 (15690120.094.000) 2026-01-20 22:34:11 Job executing on host: <130.199.186.70:9618?addrs=130.199.186.70-9618&alias=spool1833.sdcc.bnl.gov&noUDP&sock=startd_94182_8376>
...
006 (15690120.094.000) 2026-01-20 22:34:20 Image size of job updated: 421584
	63  -  MemoryUsage of job (MB)
	64104  -  ResidentSetSize of job (KB)
...
006 (15690120.094.000) 2026-01-20 22:34:26 Image size of job updated: 448748
	63  -  MemoryUsage of job (MB)
	64104  -  ResidentSetSize of job (KB)
...
040 (15690120.094.000) 2026-01-20 22:34:27 Started transferring output files
...
040 (15690120.094.000) 2026-01-20 22:34:27 Finished transferring output files
...
005 (15690120.094.000) 2026-01-20 22:34:27 Job terminated.
	(1) Normal termination (return value 0)
		Usr 0 00:00:10, Sys 0 00:00:00  -  Run Remote Usage
		Usr 0 00:00:00, Sys 0 00:00:00  -  Run Local Usage
		Usr 0 00:00:10, Sys 0 00:00:00  -  Total Remote Usage
		Usr 0 00:00:00, Sys 0 00:00:00  -  Total Local Usage
	31  -  Run Bytes Sent By Job
	148880  -  Run Bytes Received By Job
	31  -  Total Bytes Sent By Job
	148880  -  Total Bytes Received By Job
	Partitionable Resources :    Usage  Request Allocated 
	   Cpus                 :                 1         1 
	   Disk (KB)            :      157  2097152   6681512 
	   Memory (MB)          :       63     4096      4096 
	   xferslots            :                           0 

	Job terminated of its own accord at 2026-01-21T03:34:26Z with exit-code 0.
...
