000 (16235385.1174.000) 2026-01-23 10:57:31 Job submitted from host: <130.199.48.128:9618?addrs=130.199.48.128-9618&alias=rcas6008.rcf.bnl.gov&noUDP&sock=schedd_18725_535a>
...
040 (16235385.1174.000) 2026-01-23 12:30:30 Started transferring input files
	Transferring to host: <130.199.151.13:9618?addrs=130.199.151.13-9618&alias=spool1591.sdcc.bnl.gov&noUDP&sock=slot1_24_96806_0eb8_260676>
...
040 (16235385.1174.000) 2026-01-23 12:30:30 Finished transferring input files
...
001 (16235385.1174.000) 2026-01-23 12:30:31 Job executing on host: <130.199.151.13:9618?addrs=130.199.151.13-9618&alias=spool1591.sdcc.bnl.gov&noUDP&sock=startd_96788_4795>
...
006 (16235385.1174.000) 2026-01-23 12:30:39 Image size of job updated: 447284
	102  -  MemoryUsage of job (MB)
	104392  -  ResidentSetSize of job (KB)
...
006 (16235385.1174.000) 2026-01-23 12:35:39 Image size of job updated: 447284
	103  -  MemoryUsage of job (MB)
	104592  -  ResidentSetSize of job (KB)
...
040 (16235385.1174.000) 2026-01-23 12:40:07 Started transferring output files
...
040 (16235385.1174.000) 2026-01-23 12:40:07 Finished transferring output files
...
005 (16235385.1174.000) 2026-01-23 12:40:07 Job terminated.
	(1) Normal termination (return value 0)
		Usr 0 00:09:28, Sys 0 00:00:06  -  Run Remote Usage
		Usr 0 00:00:00, Sys 0 00:00:00  -  Run Local Usage
		Usr 0 00:09:28, Sys 0 00:00:06  -  Total Remote Usage
		Usr 0 00:00:00, Sys 0 00:00:00  -  Total Local Usage
	205  -  Run Bytes Sent By Job
	148880  -  Run Bytes Received By Job
	205  -  Total Bytes Sent By Job
	148880  -  Total Bytes Received By Job
	Partitionable Resources :    Usage  Request Allocated 
	   Cpus                 :     1.00        1         1 
	   Disk (KB)            :   164     2097152   6681206 
	   Memory (MB)          :   103        4096      4096 
	   xferslots            :                           0 

	Job terminated of its own accord at 2026-01-23T17:40:07Z with exit-code 0.
...
