000 (15684821.431.000) 2026-01-19 15:56:21 Job submitted from host: <130.199.48.129:9618?addrs=130.199.48.129-9618&alias=rcas6009.rcf.bnl.gov&noUDP&sock=schedd_22421_101d>
...
040 (15684821.431.000) 2026-01-19 16:21:00 Started transferring input files
	Transferring to host: <130.199.184.223:9618?addrs=130.199.184.223-9618&alias=spool1798.sdcc.bnl.gov&noUDP&sock=slot1_55_93896_2e50_240408>
...
040 (15684821.431.000) 2026-01-19 16:21:00 Finished transferring input files
...
001 (15684821.431.000) 2026-01-19 16:21:01 Job executing on host: <130.199.184.223:9618?addrs=130.199.184.223-9618&alias=spool1798.sdcc.bnl.gov&noUDP&sock=startd_93887_2655>
...
006 (15684821.431.000) 2026-01-19 16:21:10 Image size of job updated: 341424
	47  -  MemoryUsage of job (MB)
	47612  -  ResidentSetSize of job (KB)
...
006 (15684821.431.000) 2026-01-19 16:26:10 Image size of job updated: 447812
	105  -  MemoryUsage of job (MB)
	106520  -  ResidentSetSize of job (KB)
...
040 (15684821.431.000) 2026-01-19 16:38:00 Started transferring output files
...
040 (15684821.431.000) 2026-01-19 16:38:00 Finished transferring output files
...
005 (15684821.431.000) 2026-01-19 16:38:00 Job terminated.
	(1) Normal termination (return value 0)
		Usr 0 00:15:46, Sys 0 00:00:13  -  Run Remote Usage
		Usr 0 00:00:00, Sys 0 00:00:00  -  Run Local Usage
		Usr 0 00:15:46, Sys 0 00:00:13  -  Total Remote Usage
		Usr 0 00:00:00, Sys 0 00:00:00  -  Total Local Usage
	191  -  Run Bytes Sent By Job
	148880  -  Run Bytes Received By Job
	191  -  Total Bytes Sent By Job
	148880  -  Total Bytes Received By Job
	Partitionable Resources :    Usage  Request Allocated 
	   Cpus                 :     0.98        1         1 
	   Disk (KB)            :   163     2097152   6681609 
	   Memory (MB)          :   105        4096      4096 
	   xferslots            :                           0 

	Job terminated of its own accord at 2026-01-19T21:38:00Z with exit-code 0.
...
