000 (15554417.1022.000) 2026-01-07 12:44:35 Job submitted from host: <130.199.48.129:9618?addrs=130.199.48.129-9618&alias=rcas6009.rcf.bnl.gov&noUDP&sock=schedd_22421_101d>
...
040 (15554417.1022.000) 2026-01-07 14:10:39 Started transferring input files
	Transferring to host: <130.199.186.80:9618?addrs=130.199.186.80-9618&alias=spool1843.sdcc.bnl.gov&noUDP&sock=slot1_19_95651_2722_189111>
...
040 (15554417.1022.000) 2026-01-07 14:10:39 Finished transferring input files
...
001 (15554417.1022.000) 2026-01-07 14:10:40 Job executing on host: <130.199.186.80:9618?addrs=130.199.186.80-9618&alias=spool1843.sdcc.bnl.gov&noUDP&sock=startd_95642_95c8>
...
006 (15554417.1022.000) 2026-01-07 14:10:49 Image size of job updated: 421988
	94  -  MemoryUsage of job (MB)
	95656  -  ResidentSetSize of job (KB)
...
006 (15554417.1022.000) 2026-01-07 14:15:50 Image size of job updated: 424688
	96  -  MemoryUsage of job (MB)
	97456  -  ResidentSetSize of job (KB)
...
040 (15554417.1022.000) 2026-01-07 14:19:00 Started transferring output files
...
040 (15554417.1022.000) 2026-01-07 14:19:00 Finished transferring output files
...
005 (15554417.1022.000) 2026-01-07 14:19:00 Job terminated.
	(1) Normal termination (return value 0)
		Usr 0 00:08:12, Sys 0 00:00:06  -  Run Remote Usage
		Usr 0 00:00:00, Sys 0 00:00:00  -  Run Local Usage
		Usr 0 00:08:12, Sys 0 00:00:06  -  Total Remote Usage
		Usr 0 00:00:00, Sys 0 00:00:00  -  Total Local Usage
	219  -  Run Bytes Sent By Job
	144352  -  Run Bytes Received By Job
	219  -  Total Bytes Sent By Job
	144352  -  Total Bytes Received By Job
	Partitionable Resources :    Usage  Request Allocated 
	   Cpus                 :     0.99        1         1 
	   Disk (KB)            :   159     2097152   6681590 
	   Memory (MB)          :    96        4096      4096 
	   xferslots            :                           0 

	Job terminated of its own accord at 2026-01-07T19:19:00Z with exit-code 0.
...
