000 (15564188.837.000) 2026-01-07 21:29:41 Job submitted from host: <130.199.48.129:9618?addrs=130.199.48.129-9618&alias=rcas6009.rcf.bnl.gov&noUDP&sock=schedd_22421_101d>
...
040 (15564188.837.000) 2026-01-08 01:53:40 Started transferring input files
	Transferring to host: <130.199.186.23:9618?addrs=130.199.186.23-9618&alias=spool1820.sdcc.bnl.gov&noUDP&sock=slot1_11_94137_2573_193245>
...
040 (15564188.837.000) 2026-01-08 01:53:40 Finished transferring input files
...
001 (15564188.837.000) 2026-01-08 01:53:41 Job executing on host: <130.199.186.23:9618?addrs=130.199.186.23-9618&alias=spool1820.sdcc.bnl.gov&noUDP&sock=startd_94129_bd5c>
...
006 (15564188.837.000) 2026-01-08 01:53:50 Image size of job updated: 98100
	66  -  MemoryUsage of job (MB)
	67144  -  ResidentSetSize of job (KB)
...
006 (15564188.837.000) 2026-01-08 01:56:54 Image size of job updated: 448536
	66  -  MemoryUsage of job (MB)
	67144  -  ResidentSetSize of job (KB)
...
040 (15564188.837.000) 2026-01-08 01:56:55 Started transferring output files
...
040 (15564188.837.000) 2026-01-08 01:56:55 Finished transferring output files
...
005 (15564188.837.000) 2026-01-08 01:56:55 Job terminated.
	(1) Normal termination (return value 0)
		Usr 0 00:02:43, Sys 0 00:00:03  -  Run Remote Usage
		Usr 0 00:00:00, Sys 0 00:00:00  -  Run Local Usage
		Usr 0 00:02:43, Sys 0 00:00:03  -  Total Remote Usage
		Usr 0 00:00:00, Sys 0 00:00:00  -  Total Local Usage
	109  -  Run Bytes Sent By Job
	144352  -  Run Bytes Received By Job
	109  -  Total Bytes Sent By Job
	144352  -  Total Bytes Received By Job
	Partitionable Resources :    Usage  Request Allocated 
	   Cpus                 :                 1         1 
	   Disk (KB)            :      153  2097152   6681582 
	   Memory (MB)          :       66     4096      4096 
	   xferslots            :                           0 

	Job terminated of its own accord at 2026-01-08T06:56:54Z with exit-code 0.
...
