000 (15697407.617.000) 2026-01-21 18:36:42 Job submitted from host: <130.199.48.129:9618?addrs=130.199.48.129-9618&alias=rcas6009.rcf.bnl.gov&noUDP&sock=schedd_22421_101d>
...
040 (15697407.617.000) 2026-01-22 13:11:46 Started transferring input files
	Transferring to host: <130.199.186.19:9618?addrs=130.199.186.19-9618&alias=spool1816.sdcc.bnl.gov&noUDP&sock=slot1_41_94263_30c0_264776>
...
040 (15697407.617.000) 2026-01-22 13:11:46 Finished transferring input files
...
001 (15697407.617.000) 2026-01-22 13:11:47 Job executing on host: <130.199.186.19:9618?addrs=130.199.186.19-9618&alias=spool1816.sdcc.bnl.gov&noUDP&sock=startd_94255_9dfa>
...
006 (15697407.617.000) 2026-01-22 13:11:56 Image size of job updated: 423308
	81  -  MemoryUsage of job (MB)
	82708  -  ResidentSetSize of job (KB)
...
006 (15697407.617.000) 2026-01-22 13:16:56 Image size of job updated: 450124
	94  -  MemoryUsage of job (MB)
	95448  -  ResidentSetSize of job (KB)
...
040 (15697407.617.000) 2026-01-22 13:20:12 Started transferring output files
...
040 (15697407.617.000) 2026-01-22 13:20:12 Finished transferring output files
...
005 (15697407.617.000) 2026-01-22 13:20:12 Job terminated.
	(1) Normal termination (return value 0)
		Usr 0 00:08:17, Sys 0 00:00:05  -  Run Remote Usage
		Usr 0 00:00:00, Sys 0 00:00:00  -  Run Local Usage
		Usr 0 00:08:17, Sys 0 00:00:05  -  Total Remote Usage
		Usr 0 00:00:00, Sys 0 00:00:00  -  Total Local Usage
	149  -  Run Bytes Sent By Job
	148880  -  Run Bytes Received By Job
	149  -  Total Bytes Sent By Job
	148880  -  Total Bytes Received By Job
	Partitionable Resources :    Usage  Request Allocated 
	   Cpus                 :     1.00        1         1 
	   Disk (KB)            :   163     2097152   6681579 
	   Memory (MB)          :    94        4096      4096 
	   xferslots            :                           0 

	Job terminated of its own accord at 2026-01-22T18:20:12Z with exit-code 0.
...
