000 (15690120.795.000) 2026-01-20 07:35:56 Job submitted from host: <130.199.48.129:9618?addrs=130.199.48.129-9618&alias=rcas6009.rcf.bnl.gov&noUDP&sock=schedd_22421_101d>
...
040 (15690120.795.000) 2026-01-21 12:58:26 Started transferring input files
	Transferring to host: <130.199.150.96:9618?addrs=130.199.150.96-9618&alias=spool1577.sdcc.bnl.gov&noUDP&sock=slot1_44_24963_e9b7_243001>
...
040 (15690120.795.000) 2026-01-21 12:58:26 Finished transferring input files
...
001 (15690120.795.000) 2026-01-21 12:58:27 Job executing on host: <130.199.150.96:9618?addrs=130.199.150.96-9618&alias=spool1577.sdcc.bnl.gov&noUDP&sock=startd_24954_b9b8>
...
006 (15690120.795.000) 2026-01-21 12:58:36 Image size of job updated: 120088
	86  -  MemoryUsage of job (MB)
	87528  -  ResidentSetSize of job (KB)
...
006 (15690120.795.000) 2026-01-21 13:03:37 Image size of job updated: 450764
	100  -  MemoryUsage of job (MB)
	102276  -  ResidentSetSize of job (KB)
...
040 (15690120.795.000) 2026-01-21 13:10:15 Started transferring output files
...
040 (15690120.795.000) 2026-01-21 13:10:15 Finished transferring output files
...
005 (15690120.795.000) 2026-01-21 13:10:15 Job terminated.
	(1) Normal termination (return value 0)
		Usr 0 00:11:37, Sys 0 00:00:08  -  Run Remote Usage
		Usr 0 00:00:00, Sys 0 00:00:00  -  Run Local Usage
		Usr 0 00:11:37, Sys 0 00:00:08  -  Total Remote Usage
		Usr 0 00:00:00, Sys 0 00:00:00  -  Total Local Usage
	177  -  Run Bytes Sent By Job
	148880  -  Run Bytes Received By Job
	177  -  Total Bytes Sent By Job
	148880  -  Total Bytes Received By Job
	Partitionable Resources :    Usage  Request Allocated 
	   Cpus                 :     0.99        1         1 
	   Disk (KB)            :   164     2097152   6681182 
	   Memory (MB)          :   100        4096      4096 
	   xferslots            :                           0 

	Job terminated of its own accord at 2026-01-21T18:10:15Z with exit-code 0.
...
