000 (15690120.546.000) 2026-01-20 07:35:56 Job submitted from host: <130.199.48.129:9618?addrs=130.199.48.129-9618&alias=rcas6009.rcf.bnl.gov&noUDP&sock=schedd_22421_101d>
...
040 (15690120.546.000) 2026-01-21 09:52:09 Started transferring input files
	Transferring to host: <130.199.150.88:9618?addrs=130.199.150.88-9618&alias=spool1569.sdcc.bnl.gov&noUDP&sock=slot1_51_55415_0ea5_252341>
...
040 (15690120.546.000) 2026-01-21 09:52:09 Finished transferring input files
...
001 (15690120.546.000) 2026-01-21 09:52:10 Job executing on host: <130.199.150.88:9618?addrs=130.199.150.88-9618&alias=spool1569.sdcc.bnl.gov&noUDP&sock=startd_55407_b72c>
...
006 (15690120.546.000) 2026-01-21 09:52:18 Image size of job updated: 342736
	91  -  MemoryUsage of job (MB)
	92912  -  ResidentSetSize of job (KB)
...
006 (15690120.546.000) 2026-01-21 09:57:18 Image size of job updated: 448752
	108  -  MemoryUsage of job (MB)
	110528  -  ResidentSetSize of job (KB)
...
040 (15690120.546.000) 2026-01-21 10:09:32 Started transferring output files
...
040 (15690120.546.000) 2026-01-21 10:09:32 Finished transferring output files
...
005 (15690120.546.000) 2026-01-21 10:09:32 Job terminated.
	(1) Normal termination (return value 0)
		Usr 0 00:17:01, Sys 0 00:00:11  -  Run Remote Usage
		Usr 0 00:00:00, Sys 0 00:00:00  -  Run Local Usage
		Usr 0 00:17:01, Sys 0 00:00:11  -  Total Remote Usage
		Usr 0 00:00:00, Sys 0 00:00:00  -  Total Local Usage
	205  -  Run Bytes Sent By Job
	148880  -  Run Bytes Received By Job
	205  -  Total Bytes Sent By Job
	148880  -  Total Bytes Received By Job
	Partitionable Resources :    Usage  Request Allocated 
	   Cpus                 :     0.95        1         1 
	   Disk (KB)            :   164     2097152   6681192 
	   Memory (MB)          :   108        4096      4096 
	   xferslots            :                           0 

	Job terminated of its own accord at 2026-01-21T15:09:31Z with exit-code 0.
...
