000 (15684821.621.000) 2026-01-19 15:56:22 Job submitted from host: <130.199.48.129:9618?addrs=130.199.48.129-9618&alias=rcas6009.rcf.bnl.gov&noUDP&sock=schedd_22421_101d>
...
040 (15684821.621.000) 2026-01-19 16:24:54 Started transferring input files
	Transferring to host: <130.199.186.26:9618?addrs=130.199.186.26-9618&alias=spool1823.sdcc.bnl.gov&noUDP&sock=slot1_66_94088_f663_267990>
...
040 (15684821.621.000) 2026-01-19 16:24:54 Finished transferring input files
...
001 (15684821.621.000) 2026-01-19 16:24:55 Job executing on host: <130.199.186.26:9618?addrs=130.199.186.26-9618&alias=spool1823.sdcc.bnl.gov&noUDP&sock=startd_94080_3b58>
...
006 (15684821.621.000) 2026-01-19 16:25:03 Image size of job updated: 93908
	50  -  MemoryUsage of job (MB)
	50200  -  ResidentSetSize of job (KB)
...
006 (15684821.621.000) 2026-01-19 16:30:03 Image size of job updated: 450064
	99  -  MemoryUsage of job (MB)
	100508  -  ResidentSetSize of job (KB)
...
040 (15684821.621.000) 2026-01-19 16:38:29 Started transferring output files
...
040 (15684821.621.000) 2026-01-19 16:38:29 Finished transferring output files
...
005 (15684821.621.000) 2026-01-19 16:38:29 Job terminated.
	(1) Normal termination (return value 0)
		Usr 0 00:12:35, Sys 0 00:00:12  -  Run Remote Usage
		Usr 0 00:00:00, Sys 0 00:00:00  -  Run Local Usage
		Usr 0 00:12:35, Sys 0 00:00:12  -  Total Remote Usage
		Usr 0 00:00:00, Sys 0 00:00:00  -  Total Local Usage
	163  -  Run Bytes Sent By Job
	148880  -  Run Bytes Received By Job
	163  -  Total Bytes Sent By Job
	148880  -  Total Bytes Received By Job
	Partitionable Resources :    Usage  Request Allocated 
	   Cpus                 :     0.99        1         1 
	   Disk (KB)            :   163     2097152   6681573 
	   Memory (MB)          :    99        4096      4096 
	   xferslots            :                           0 

	Job terminated of its own accord at 2026-01-19T21:38:29Z with exit-code 0.
...
