000 (15697407.963.000) 2026-01-21 18:36:43 Job submitted from host: <130.199.48.129:9618?addrs=130.199.48.129-9618&alias=rcas6009.rcf.bnl.gov&noUDP&sock=schedd_22421_101d>
...
040 (15697407.963.000) 2026-01-22 16:50:53 Started transferring input files
	Transferring to host: <130.199.186.22:9618?addrs=130.199.186.22-9618&alias=spool1819.sdcc.bnl.gov&noUDP&sock=slot1_26_95747_0b2c_272383>
...
040 (15697407.963.000) 2026-01-22 16:50:53 Finished transferring input files
...
001 (15697407.963.000) 2026-01-22 16:50:54 Job executing on host: <130.199.186.22:9618?addrs=130.199.186.22-9618&alias=spool1819.sdcc.bnl.gov&noUDP&sock=startd_95703_e40c>
...
006 (15697407.963.000) 2026-01-22 16:51:03 Image size of job updated: 421536
	74  -  MemoryUsage of job (MB)
	75420  -  ResidentSetSize of job (KB)
...
006 (15697407.963.000) 2026-01-22 16:56:03 Image size of job updated: 424484
	93  -  MemoryUsage of job (MB)
	95212  -  ResidentSetSize of job (KB)
...
006 (15697407.963.000) 2026-01-22 17:01:03 Image size of job updated: 424484
	93  -  MemoryUsage of job (MB)
	95216  -  ResidentSetSize of job (KB)
...
040 (15697407.963.000) 2026-01-22 17:05:42 Started transferring output files
...
040 (15697407.963.000) 2026-01-22 17:05:42 Finished transferring output files
...
005 (15697407.963.000) 2026-01-22 17:05:42 Job terminated.
	(1) Normal termination (return value 0)
		Usr 0 00:14:35, Sys 0 00:00:09  -  Run Remote Usage
		Usr 0 00:00:00, Sys 0 00:00:00  -  Run Local Usage
		Usr 0 00:14:35, Sys 0 00:00:09  -  Total Remote Usage
		Usr 0 00:00:00, Sys 0 00:00:00  -  Total Local Usage
	191  -  Run Bytes Sent By Job
	148880  -  Run Bytes Received By Job
	191  -  Total Bytes Sent By Job
	148880  -  Total Bytes Received By Job
	Partitionable Resources :    Usage  Request Allocated 
	   Cpus                 :     0.99        1         1 
	   Disk (KB)            :   164     2097152   6681584 
	   Memory (MB)          :    93        4096      4096 
	   xferslots            :                           0 

	Job terminated of its own accord at 2026-01-22T22:05:42Z with exit-code 0.
...
