000 (15690120.1017.000) 2026-01-20 07:35:57 Job submitted from host: <130.199.48.129:9618?addrs=130.199.48.129-9618&alias=rcas6009.rcf.bnl.gov&noUDP&sock=schedd_22421_101d>
...
040 (15690120.1017.000) 2026-01-21 14:48:42 Started transferring input files
	Transferring to host: <130.199.184.151:9618?addrs=130.199.184.151-9618&alias=spool1760.sdcc.bnl.gov&noUDP&sock=slot1_25_32549_c2d0_245611>
...
040 (15690120.1017.000) 2026-01-21 14:48:42 Finished transferring input files
...
001 (15690120.1017.000) 2026-01-21 14:48:43 Job executing on host: <130.199.184.151:9618?addrs=130.199.184.151-9618&alias=spool1760.sdcc.bnl.gov&noUDP&sock=startd_32541_ea49>
...
006 (15690120.1017.000) 2026-01-21 14:48:52 Image size of job updated: 449340
	91  -  MemoryUsage of job (MB)
	92696  -  ResidentSetSize of job (KB)
...
006 (15690120.1017.000) 2026-01-21 14:53:53 Image size of job updated: 449340
	108  -  MemoryUsage of job (MB)
	110080  -  ResidentSetSize of job (KB)
...
040 (15690120.1017.000) 2026-01-21 15:08:03 Started transferring output files
...
040 (15690120.1017.000) 2026-01-21 15:08:03 Finished transferring output files
...
005 (15690120.1017.000) 2026-01-21 15:08:04 Job terminated.
	(1) Normal termination (return value 0)
		Usr 0 00:19:04, Sys 0 00:00:12  -  Run Remote Usage
		Usr 0 00:00:00, Sys 0 00:00:00  -  Run Local Usage
		Usr 0 00:19:04, Sys 0 00:00:12  -  Total Remote Usage
		Usr 0 00:00:00, Sys 0 00:00:00  -  Total Local Usage
	205  -  Run Bytes Sent By Job
	148880  -  Run Bytes Received By Job
	205  -  Total Bytes Sent By Job
	148880  -  Total Bytes Received By Job
	Partitionable Resources :    Usage  Request Allocated 
	   Cpus                 :     0.99        1         1 
	   Disk (KB)            :   164     2097152   6681582 
	   Memory (MB)          :   108        4096      4096 
	   xferslots            :                           0 

	Job terminated of its own accord at 2026-01-21T20:08:03Z with exit-code 0.
...
