000 (15690120.1180.000) 2026-01-20 07:35:57 Job submitted from host: <130.199.48.129:9618?addrs=130.199.48.129-9618&alias=rcas6009.rcf.bnl.gov&noUDP&sock=schedd_22421_101d>
...
040 (15690120.1180.000) 2026-01-21 17:13:29 Started transferring input files
	Transferring to host: <130.199.151.5:9618?addrs=130.199.151.5-9618&alias=spool1583.sdcc.bnl.gov&noUDP&sock=slot1_2_95004_60eb_364834>
...
040 (15690120.1180.000) 2026-01-21 17:13:29 Finished transferring input files
...
001 (15690120.1180.000) 2026-01-21 17:13:30 Job executing on host: <130.199.151.5:9618?addrs=130.199.151.5-9618&alias=spool1583.sdcc.bnl.gov&noUDP&sock=startd_94995_d158>
...
006 (15690120.1180.000) 2026-01-21 17:13:39 Image size of job updated: 420596
	61  -  MemoryUsage of job (MB)
	62272  -  ResidentSetSize of job (KB)
...
006 (15690120.1180.000) 2026-01-21 17:14:05 Image size of job updated: 447920
	61  -  MemoryUsage of job (MB)
	62272  -  ResidentSetSize of job (KB)
...
040 (15690120.1180.000) 2026-01-21 17:14:05 Started transferring output files
...
040 (15690120.1180.000) 2026-01-21 17:14:05 Finished transferring output files
...
005 (15690120.1180.000) 2026-01-21 17:14:05 Job terminated.
	(1) Normal termination (return value 0)
		Usr 0 00:00:27, Sys 0 00:00:00  -  Run Remote Usage
		Usr 0 00:00:00, Sys 0 00:00:00  -  Run Local Usage
		Usr 0 00:00:27, Sys 0 00:00:00  -  Total Remote Usage
		Usr 0 00:00:00, Sys 0 00:00:00  -  Total Local Usage
	44  -  Run Bytes Sent By Job
	148880  -  Run Bytes Received By Job
	44  -  Total Bytes Sent By Job
	148880  -  Total Bytes Received By Job
	Partitionable Resources :    Usage  Request Allocated 
	   Cpus                 :                 1         1 
	   Disk (KB)            :      157  2097152   6681171 
	   Memory (MB)          :       61     4096      4096 
	   xferslots            :                           0 

	Job terminated of its own accord at 2026-01-21T22:14:05Z with exit-code 0.
...
