000 (15690120.276.000) 2026-01-20 07:35:55 Job submitted from host: <130.199.48.129:9618?addrs=130.199.48.129-9618&alias=rcas6009.rcf.bnl.gov&noUDP&sock=schedd_22421_101d>
...
040 (15690120.276.000) 2026-01-21 03:55:43 Started transferring input files
	Transferring to host: <130.199.186.73:9618?addrs=130.199.186.73-9618&alias=spool1836.sdcc.bnl.gov&noUDP&sock=slot1_56_23899_34f5_245482>
...
040 (15690120.276.000) 2026-01-21 03:55:43 Finished transferring input files
...
001 (15690120.276.000) 2026-01-21 03:55:44 Job executing on host: <130.199.186.73:9618?addrs=130.199.186.73-9618&alias=spool1836.sdcc.bnl.gov&noUDP&sock=startd_23890_fb9f>
...
006 (15690120.276.000) 2026-01-21 03:55:53 Image size of job updated: 447896
	76  -  MemoryUsage of job (MB)
	77528  -  ResidentSetSize of job (KB)
...
006 (15690120.276.000) 2026-01-21 04:00:54 Image size of job updated: 447896
	87  -  MemoryUsage of job (MB)
	88360  -  ResidentSetSize of job (KB)
...
040 (15690120.276.000) 2026-01-21 04:02:59 Started transferring output files
...
040 (15690120.276.000) 2026-01-21 04:02:59 Finished transferring output files
...
005 (15690120.276.000) 2026-01-21 04:03:00 Job terminated.
	(1) Normal termination (return value 0)
		Usr 0 00:07:04, Sys 0 00:00:04  -  Run Remote Usage
		Usr 0 00:00:00, Sys 0 00:00:00  -  Run Local Usage
		Usr 0 00:07:04, Sys 0 00:00:04  -  Total Remote Usage
		Usr 0 00:00:00, Sys 0 00:00:00  -  Total Local Usage
	135  -  Run Bytes Sent By Job
	148880  -  Run Bytes Received By Job
	135  -  Total Bytes Sent By Job
	148880  -  Total Bytes Received By Job
	Partitionable Resources :    Usage  Request Allocated 
	   Cpus                 :     0.99        1         1 
	   Disk (KB)            :   164     2097152   6681547 
	   Memory (MB)          :    87        4096      4096 
	   xferslots            :                           0 

	Job terminated of its own accord at 2026-01-21T09:02:59Z with exit-code 0.
...
