000 (15697407.600.000) 2026-01-21 18:36:42 Job submitted from host: <130.199.48.129:9618?addrs=130.199.48.129-9618&alias=rcas6009.rcf.bnl.gov&noUDP&sock=schedd_22421_101d>
...
040 (15697407.600.000) 2026-01-22 12:55:29 Started transferring input files
	Transferring to host: <130.199.186.19:9618?addrs=130.199.186.19-9618&alias=spool1816.sdcc.bnl.gov&noUDP&sock=slot1_26_94263_30c0_264662>
...
040 (15697407.600.000) 2026-01-22 12:55:29 Finished transferring input files
...
001 (15697407.600.000) 2026-01-22 12:55:30 Job executing on host: <130.199.186.19:9618?addrs=130.199.186.19-9618&alias=spool1816.sdcc.bnl.gov&noUDP&sock=startd_94255_9dfa>
...
006 (15697407.600.000) 2026-01-22 12:55:39 Image size of job updated: 422144
	73  -  MemoryUsage of job (MB)
	74180  -  ResidentSetSize of job (KB)
...
006 (15697407.600.000) 2026-01-22 13:00:40 Image size of job updated: 450948
	99  -  MemoryUsage of job (MB)
	100640  -  ResidentSetSize of job (KB)
...
040 (15697407.600.000) 2026-01-22 13:04:35 Started transferring output files
...
040 (15697407.600.000) 2026-01-22 13:04:35 Finished transferring output files
...
005 (15697407.600.000) 2026-01-22 13:04:35 Job terminated.
	(1) Normal termination (return value 0)
		Usr 0 00:08:51, Sys 0 00:00:07  -  Run Remote Usage
		Usr 0 00:00:00, Sys 0 00:00:00  -  Run Local Usage
		Usr 0 00:08:51, Sys 0 00:00:07  -  Total Remote Usage
		Usr 0 00:00:00, Sys 0 00:00:00  -  Total Local Usage
	163  -  Run Bytes Sent By Job
	148880  -  Run Bytes Received By Job
	163  -  Total Bytes Sent By Job
	148880  -  Total Bytes Received By Job
	Partitionable Resources :    Usage  Request Allocated 
	   Cpus                 :     1.00        1         1 
	   Disk (KB)            :   164     2097152   6681579 
	   Memory (MB)          :    99        4096      4096 
	   xferslots            :                           0 

	Job terminated of its own accord at 2026-01-22T18:04:35Z with exit-code 0.
...
