000 (15690120.1089.000) 2026-01-20 07:35:57 Job submitted from host: <130.199.48.129:9618?addrs=130.199.48.129-9618&alias=rcas6009.rcf.bnl.gov&noUDP&sock=schedd_22421_101d>
...
040 (15690120.1089.000) 2026-01-21 15:59:52 Started transferring input files
	Transferring to host: <130.199.186.27:9618?addrs=130.199.186.27-9618&alias=spool1824.sdcc.bnl.gov&noUDP&sock=slot1_59_94218_f5db_245407>
...
040 (15690120.1089.000) 2026-01-21 15:59:52 Finished transferring input files
...
001 (15690120.1089.000) 2026-01-21 15:59:53 Job executing on host: <130.199.186.27:9618?addrs=130.199.186.27-9618&alias=spool1824.sdcc.bnl.gov&noUDP&sock=startd_94209_0f05>
...
006 (15690120.1089.000) 2026-01-21 16:00:02 Image size of job updated: 109504
	77  -  MemoryUsage of job (MB)
	78052  -  ResidentSetSize of job (KB)
...
006 (15690120.1089.000) 2026-01-21 16:04:32 Image size of job updated: 447804
	77  -  MemoryUsage of job (MB)
	78052  -  ResidentSetSize of job (KB)
...
040 (15690120.1089.000) 2026-01-21 16:04:32 Started transferring output files
...
040 (15690120.1089.000) 2026-01-21 16:04:32 Finished transferring output files
...
005 (15690120.1089.000) 2026-01-21 16:04:32 Job terminated.
	(1) Normal termination (return value 0)
		Usr 0 00:04:34, Sys 0 00:00:02  -  Run Remote Usage
		Usr 0 00:00:00, Sys 0 00:00:00  -  Run Local Usage
		Usr 0 00:04:34, Sys 0 00:00:02  -  Total Remote Usage
		Usr 0 00:00:00, Sys 0 00:00:00  -  Total Local Usage
	135  -  Run Bytes Sent By Job
	148880  -  Run Bytes Received By Job
	135  -  Total Bytes Sent By Job
	148880  -  Total Bytes Received By Job
	Partitionable Resources :    Usage  Request Allocated 
	   Cpus                 :     1.00        1         1 
	   Disk (KB)            :   164     2097152   6681576 
	   Memory (MB)          :    77        4096      4096 
	   xferslots            :                           0 

	Job terminated of its own accord at 2026-01-21T21:04:32Z with exit-code 0.
...
