000 (15684821.885.000) 2026-01-19 15:56:22 Job submitted from host: <130.199.48.129:9618?addrs=130.199.48.129-9618&alias=rcas6009.rcf.bnl.gov&noUDP&sock=schedd_22421_101d>
...
040 (15684821.885.000) 2026-01-19 16:29:31 Started transferring input files
	Transferring to host: <130.199.184.213:9618?addrs=130.199.184.213-9618&alias=spool1788.sdcc.bnl.gov&noUDP&sock=slot1_50_95861_39f8_250333>
...
040 (15684821.885.000) 2026-01-19 16:29:31 Finished transferring input files
...
001 (15684821.885.000) 2026-01-19 16:29:32 Job executing on host: <130.199.184.213:9618?addrs=130.199.184.213-9618&alias=spool1788.sdcc.bnl.gov&noUDP&sock=startd_95852_0c25>
...
006 (15684821.885.000) 2026-01-19 16:29:41 Image size of job updated: 420948
	74  -  MemoryUsage of job (MB)
	74832  -  ResidentSetSize of job (KB)
...
006 (15684821.885.000) 2026-01-19 16:35:29 Image size of job updated: 424584
	91  -  MemoryUsage of job (MB)
	92216  -  ResidentSetSize of job (KB)
...
006 (15684821.885.000) 2026-01-19 16:39:42 Image size of job updated: 424584
	91  -  MemoryUsage of job (MB)
	92272  -  ResidentSetSize of job (KB)
...
040 (15684821.885.000) 2026-01-19 16:43:40 Started transferring output files
...
040 (15684821.885.000) 2026-01-19 16:43:40 Finished transferring output files
...
005 (15684821.885.000) 2026-01-19 16:43:40 Job terminated.
	(1) Normal termination (return value 0)
		Usr 0 00:13:37, Sys 0 00:00:13  -  Run Remote Usage
		Usr 0 00:00:00, Sys 0 00:00:00  -  Run Local Usage
		Usr 0 00:13:37, Sys 0 00:00:13  -  Total Remote Usage
		Usr 0 00:00:00, Sys 0 00:00:00  -  Total Local Usage
	177  -  Run Bytes Sent By Job
	148880  -  Run Bytes Received By Job
	177  -  Total Bytes Sent By Job
	148880  -  Total Bytes Received By Job
	Partitionable Resources :    Usage  Request Allocated 
	   Cpus                 :     0.99        1         1 
	   Disk (KB)            :   164     2097152   6681567 
	   Memory (MB)          :    91        4096      4096 
	   xferslots            :                           0 

	Job terminated of its own accord at 2026-01-19T21:43:40Z with exit-code 0.
...
