000 (15684821.226.000) 2026-01-19 15:56:20 Job submitted from host: <130.199.48.129:9618?addrs=130.199.48.129-9618&alias=rcas6009.rcf.bnl.gov&noUDP&sock=schedd_22421_101d>
...
040 (15684821.226.000) 2026-01-19 16:11:08 Started transferring input files
	Transferring to host: <130.199.184.159:9618?addrs=130.199.184.159-9618&alias=spool1768.sdcc.bnl.gov&noUDP&sock=slot1_62_6355_eafc_242674>
...
040 (15684821.226.000) 2026-01-19 16:11:08 Finished transferring input files
...
001 (15684821.226.000) 2026-01-19 16:11:09 Job executing on host: <130.199.184.159:9618?addrs=130.199.184.159-9618&alias=spool1768.sdcc.bnl.gov&noUDP&sock=startd_6346_8743>
...
006 (15684821.226.000) 2026-01-19 16:11:17 Image size of job updated: 121672
	89  -  MemoryUsage of job (MB)
	90776  -  ResidentSetSize of job (KB)
...
006 (15684821.226.000) 2026-01-19 16:16:17 Image size of job updated: 695976
	151  -  MemoryUsage of job (MB)
	153692  -  ResidentSetSize of job (KB)
...
006 (15684821.226.000) 2026-01-19 16:26:18 Image size of job updated: 695976
	153  -  MemoryUsage of job (MB)
	155728  -  ResidentSetSize of job (KB)
...
006 (15684821.226.000) 2026-01-19 16:51:21 Image size of job updated: 695976
	155  -  MemoryUsage of job (MB)
	157796  -  ResidentSetSize of job (KB)
...
006 (15684821.226.000) 2026-01-19 17:11:23 Image size of job updated: 695976
	155  -  MemoryUsage of job (MB)
	158536  -  ResidentSetSize of job (KB)
...
040 (15684821.226.000) 2026-01-19 17:14:03 Started transferring output files
...
040 (15684821.226.000) 2026-01-19 17:14:03 Finished transferring output files
...
005 (15684821.226.000) 2026-01-19 17:14:03 Job terminated.
	(1) Normal termination (return value 0)
		Usr 0 00:56:52, Sys 0 00:02:13  -  Run Remote Usage
		Usr 0 00:00:00, Sys 0 00:00:00  -  Run Local Usage
		Usr 0 00:56:52, Sys 0 00:02:13  -  Total Remote Usage
		Usr 0 00:00:00, Sys 0 00:00:00  -  Total Local Usage
	373  -  Run Bytes Sent By Job
	148880  -  Run Bytes Received By Job
	373  -  Total Bytes Sent By Job
	148880  -  Total Bytes Received By Job
	Partitionable Resources :    Usage  Request Allocated 
	   Cpus                 :     0.99        1         1 
	   Disk (KB)            :   163     2097152   6681586 
	   Memory (MB)          :   155        4096      4096 
	   xferslots            :                           0 

	Job terminated of its own accord at 2026-01-19T22:14:02Z with exit-code 0.
...
