000 (15697407.634.000) 2026-01-21 18:36:42 Job submitted from host: <130.199.48.129:9618?addrs=130.199.48.129-9618&alias=rcas6009.rcf.bnl.gov&noUDP&sock=schedd_22421_101d>
...
040 (15697407.634.000) 2026-01-22 13:20:48 Started transferring input files
	Transferring to host: <130.199.184.155:9618?addrs=130.199.184.155-9618&alias=spool1764.sdcc.bnl.gov&noUDP&sock=slot1_71_4372_9493_251454>
...
040 (15697407.634.000) 2026-01-22 13:20:48 Finished transferring input files
...
001 (15697407.634.000) 2026-01-22 13:20:49 Job executing on host: <130.199.184.155:9618?addrs=130.199.184.155-9618&alias=spool1764.sdcc.bnl.gov&noUDP&sock=startd_4355_66ea>
...
006 (15697407.634.000) 2026-01-22 13:20:58 Image size of job updated: 421820
	76  -  MemoryUsage of job (MB)
	77600  -  ResidentSetSize of job (KB)
...
006 (15697407.634.000) 2026-01-22 13:25:42 Image size of job updated: 424280
	76  -  MemoryUsage of job (MB)
	77600  -  ResidentSetSize of job (KB)
...
040 (15697407.634.000) 2026-01-22 13:25:42 Started transferring output files
...
040 (15697407.634.000) 2026-01-22 13:25:42 Finished transferring output files
...
005 (15697407.634.000) 2026-01-22 13:25:42 Job terminated.
	(1) Normal termination (return value 0)
		Usr 0 00:04:47, Sys 0 00:00:03  -  Run Remote Usage
		Usr 0 00:00:00, Sys 0 00:00:00  -  Run Local Usage
		Usr 0 00:04:47, Sys 0 00:00:03  -  Total Remote Usage
		Usr 0 00:00:00, Sys 0 00:00:00  -  Total Local Usage
	122  -  Run Bytes Sent By Job
	148880  -  Run Bytes Received By Job
	122  -  Total Bytes Sent By Job
	148880  -  Total Bytes Received By Job
	Partitionable Resources :    Usage  Request Allocated 
	   Cpus                 :     1.00        1         1 
	   Disk (KB)            :   163     2097152   6681581 
	   Memory (MB)          :    76        4096      4096 
	   xferslots            :                           0 

	Job terminated of its own accord at 2026-01-22T18:25:42Z with exit-code 0.
...
