000 (15697407.934.000) 2026-01-21 18:36:43 Job submitted from host: <130.199.48.129:9618?addrs=130.199.48.129-9618&alias=rcas6009.rcf.bnl.gov&noUDP&sock=schedd_22421_101d>
...
040 (15697407.934.000) 2026-01-22 16:32:11 Started transferring input files
	Transferring to host: <130.199.151.17:9618?addrs=130.199.151.17-9618&alias=spool1595.sdcc.bnl.gov&noUDP&sock=slot1_92_56003_4361_260035>
...
040 (15697407.934.000) 2026-01-22 16:32:11 Finished transferring input files
...
001 (15697407.934.000) 2026-01-22 16:32:12 Job executing on host: <130.199.151.17:9618?addrs=130.199.151.17-9618&alias=spool1595.sdcc.bnl.gov&noUDP&sock=startd_55988_983d>
...
006 (15697407.934.000) 2026-01-22 16:32:20 Image size of job updated: 423320
	75  -  MemoryUsage of job (MB)
	76048  -  ResidentSetSize of job (KB)
...
006 (15697407.934.000) 2026-01-22 16:37:20 Image size of job updated: 423756
	101  -  MemoryUsage of job (MB)
	103332  -  ResidentSetSize of job (KB)
...
006 (15697407.934.000) 2026-01-22 16:42:21 Image size of job updated: 450652
	101  -  MemoryUsage of job (MB)
	103332  -  ResidentSetSize of job (KB)
...
040 (15697407.934.000) 2026-01-22 16:43:43 Started transferring output files
...
040 (15697407.934.000) 2026-01-22 16:43:43 Finished transferring output files
...
005 (15697407.934.000) 2026-01-22 16:43:43 Job terminated.
	(1) Normal termination (return value 0)
		Usr 0 00:11:20, Sys 0 00:00:08  -  Run Remote Usage
		Usr 0 00:00:00, Sys 0 00:00:00  -  Run Local Usage
		Usr 0 00:11:20, Sys 0 00:00:08  -  Total Remote Usage
		Usr 0 00:00:00, Sys 0 00:00:00  -  Total Local Usage
	177  -  Run Bytes Sent By Job
	148880  -  Run Bytes Received By Job
	177  -  Total Bytes Sent By Job
	148880  -  Total Bytes Received By Job
	Partitionable Resources :    Usage  Request Allocated 
	   Cpus                 :     0.99        1         1 
	   Disk (KB)            :   164     2097152   6681209 
	   Memory (MB)          :   101        4096      4096 
	   xferslots            :                           0 

	Job terminated of its own accord at 2026-01-22T21:43:43Z with exit-code 0.
...
