000 (15554417.171.000) 2026-01-07 12:44:32 Job submitted from host: <130.199.48.129:9618?addrs=130.199.48.129-9618&alias=rcas6009.rcf.bnl.gov&noUDP&sock=schedd_22421_101d>
...
040 (15554417.171.000) 2026-01-07 13:13:10 Started transferring input files
	Transferring to host: <130.199.150.74:9618?addrs=130.199.150.74-9618&alias=spool1555.sdcc.bnl.gov&noUDP&sock=slot1_83_23207_33d9_179732>
...
040 (15554417.171.000) 2026-01-07 13:13:10 Finished transferring input files
...
001 (15554417.171.000) 2026-01-07 13:13:11 Job executing on host: <130.199.150.74:9618?addrs=130.199.150.74-9618&alias=spool1555.sdcc.bnl.gov&noUDP&sock=startd_23198_f940>
...
006 (15554417.171.000) 2026-01-07 13:13:20 Image size of job updated: 693700
	101  -  MemoryUsage of job (MB)
	103188  -  ResidentSetSize of job (KB)
...
006 (15554417.171.000) 2026-01-07 13:18:21 Image size of job updated: 696232
	127  -  MemoryUsage of job (MB)
	129380  -  ResidentSetSize of job (KB)
...
006 (15554417.171.000) 2026-01-07 13:23:22 Image size of job updated: 696232
	127  -  MemoryUsage of job (MB)
	129488  -  ResidentSetSize of job (KB)
...
006 (15554417.171.000) 2026-01-07 13:33:22 Image size of job updated: 696232
	130  -  MemoryUsage of job (MB)
	132744  -  ResidentSetSize of job (KB)
...
040 (15554417.171.000) 2026-01-07 13:33:41 Started transferring output files
...
040 (15554417.171.000) 2026-01-07 13:33:41 Finished transferring output files
...
005 (15554417.171.000) 2026-01-07 13:33:41 Job terminated.
	(1) Normal termination (return value 0)
		Usr 0 00:19:38, Sys 0 00:00:50  -  Run Remote Usage
		Usr 0 00:00:00, Sys 0 00:00:00  -  Run Local Usage
		Usr 0 00:19:38, Sys 0 00:00:50  -  Total Remote Usage
		Usr 0 00:00:00, Sys 0 00:00:00  -  Total Local Usage
	387  -  Run Bytes Sent By Job
	144352  -  Run Bytes Received By Job
	387  -  Total Bytes Sent By Job
	144352  -  Total Bytes Received By Job
	Partitionable Resources :    Usage  Request Allocated 
	   Cpus                 :     1.00        1         1 
	   Disk (KB)            :   159     2097152   6681187 
	   Memory (MB)          :   130        4096      4096 
	   xferslots            :                           0 

	Job terminated of its own accord at 2026-01-07T18:33:40Z with exit-code 0.
...
