000 (15697407.978.000) 2026-01-21 18:36:43 Job submitted from host: <130.199.48.129:9618?addrs=130.199.48.129-9618&alias=rcas6009.rcf.bnl.gov&noUDP&sock=schedd_22421_101d>
...
040 (15697407.978.000) 2026-01-22 17:09:18 Started transferring input files
	Transferring to host: <130.199.150.71:9618?addrs=130.199.150.71-9618&alias=spool1552.sdcc.bnl.gov&noUDP&sock=slot1_22_96733_26a6_352811>
...
040 (15697407.978.000) 2026-01-22 17:09:18 Finished transferring input files
...
001 (15697407.978.000) 2026-01-22 17:09:19 Job executing on host: <130.199.150.71:9618?addrs=130.199.150.71-9618&alias=spool1552.sdcc.bnl.gov&noUDP&sock=startd_96724_0641>
...
006 (15697407.978.000) 2026-01-22 17:09:27 Image size of job updated: 420964
	76  -  MemoryUsage of job (MB)
	77520  -  ResidentSetSize of job (KB)
...
006 (15697407.978.000) 2026-01-22 17:14:27 Image size of job updated: 450940
	114  -  MemoryUsage of job (MB)
	116652  -  ResidentSetSize of job (KB)
...
006 (15697407.978.000) 2026-01-22 17:19:28 Image size of job updated: 450940
	114  -  MemoryUsage of job (MB)
	116656  -  ResidentSetSize of job (KB)
...
040 (15697407.978.000) 2026-01-22 17:26:59 Started transferring output files
...
040 (15697407.978.000) 2026-01-22 17:26:59 Finished transferring output files
...
005 (15697407.978.000) 2026-01-22 17:26:59 Job terminated.
	(1) Normal termination (return value 0)
		Usr 0 00:17:18, Sys 0 00:00:13  -  Run Remote Usage
		Usr 0 00:00:00, Sys 0 00:00:00  -  Run Local Usage
		Usr 0 00:17:18, Sys 0 00:00:13  -  Total Remote Usage
		Usr 0 00:00:00, Sys 0 00:00:00  -  Total Local Usage
	205  -  Run Bytes Sent By Job
	148880  -  Run Bytes Received By Job
	205  -  Total Bytes Sent By Job
	148880  -  Total Bytes Received By Job
	Partitionable Resources :    Usage  Request Allocated 
	   Cpus                 :     0.96        1         1 
	   Disk (KB)            :   163     2097152   6681194 
	   Memory (MB)          :   114        4096      4096 
	   xferslots            :                           0 

	Job terminated of its own accord at 2026-01-22T22:26:59Z with exit-code 0.
...
