000 (15684821.370.000) 2026-01-19 15:56:21 Job submitted from host: <130.199.48.129:9618?addrs=130.199.48.129-9618&alias=rcas6009.rcf.bnl.gov&noUDP&sock=schedd_22421_101d>
...
040 (15684821.370.000) 2026-01-19 16:15:55 Started transferring input files
	Transferring to host: <130.199.184.203:9618?addrs=130.199.184.203-9618&alias=spool1778.sdcc.bnl.gov&noUDP&sock=slot1_16_94071_68ac_238340>
...
040 (15684821.370.000) 2026-01-19 16:15:55 Finished transferring input files
...
001 (15684821.370.000) 2026-01-19 16:15:56 Job executing on host: <130.199.184.203:9618?addrs=130.199.184.203-9618&alias=spool1778.sdcc.bnl.gov&noUDP&sock=startd_94062_88f8>
...
006 (15684821.370.000) 2026-01-19 16:16:04 Image size of job updated: 107996
	76  -  MemoryUsage of job (MB)
	76924  -  ResidentSetSize of job (KB)
...
006 (15684821.370.000) 2026-01-19 16:21:04 Image size of job updated: 448832
	114  -  MemoryUsage of job (MB)
	116368  -  ResidentSetSize of job (KB)
...
006 (15684821.370.000) 2026-01-19 16:36:05 Image size of job updated: 448832
	114  -  MemoryUsage of job (MB)
	116372  -  ResidentSetSize of job (KB)
...
040 (15684821.370.000) 2026-01-19 16:37:53 Started transferring output files
...
040 (15684821.370.000) 2026-01-19 16:37:53 Finished transferring output files
...
005 (15684821.370.000) 2026-01-19 16:37:53 Job terminated.
	(1) Normal termination (return value 0)
		Usr 0 00:20:26, Sys 0 00:00:15  -  Run Remote Usage
		Usr 0 00:00:00, Sys 0 00:00:00  -  Run Local Usage
		Usr 0 00:20:26, Sys 0 00:00:15  -  Total Remote Usage
		Usr 0 00:00:00, Sys 0 00:00:00  -  Total Local Usage
	233  -  Run Bytes Sent By Job
	148880  -  Run Bytes Received By Job
	233  -  Total Bytes Sent By Job
	148880  -  Total Bytes Received By Job
	Partitionable Resources :    Usage  Request Allocated 
	   Cpus                 :     0.97        1         1 
	   Disk (KB)            :   163     2097152   6681575 
	   Memory (MB)          :   114        4096      4096 
	   xferslots            :                           0 

	Job terminated of its own accord at 2026-01-19T21:37:53Z with exit-code 0.
...
