000 (15564188.322.000) 2026-01-07 21:29:40 Job submitted from host: <130.199.48.129:9618?addrs=130.199.48.129-9618&alias=rcas6009.rcf.bnl.gov&noUDP&sock=schedd_22421_101d>
...
040 (15564188.322.000) 2026-01-08 00:40:19 Started transferring input files
	Transferring to host: <130.199.150.93:9618?addrs=130.199.150.93-9618&alias=spool1574.sdcc.bnl.gov&noUDP&sock=slot1_32_94784_ebaa_188874>
...
040 (15564188.322.000) 2026-01-08 00:40:19 Finished transferring input files
...
001 (15564188.322.000) 2026-01-08 00:40:20 Job executing on host: <130.199.150.93:9618?addrs=130.199.150.93-9618&alias=spool1574.sdcc.bnl.gov&noUDP&sock=startd_94775_30c7>
...
006 (15564188.322.000) 2026-01-08 00:40:29 Image size of job updated: 420084
	79  -  MemoryUsage of job (MB)
	80664  -  ResidentSetSize of job (KB)
...
006 (15564188.322.000) 2026-01-08 00:45:30 Image size of job updated: 448068
	123  -  MemoryUsage of job (MB)
	125868  -  ResidentSetSize of job (KB)
...
040 (15564188.322.000) 2026-01-08 00:54:47 Started transferring output files
...
040 (15564188.322.000) 2026-01-08 00:54:47 Finished transferring output files
...
005 (15564188.322.000) 2026-01-08 00:54:47 Job terminated.
	(1) Normal termination (return value 0)
		Usr 0 00:13:16, Sys 0 00:00:12  -  Run Remote Usage
		Usr 0 00:00:00, Sys 0 00:00:00  -  Run Local Usage
		Usr 0 00:13:16, Sys 0 00:00:12  -  Total Remote Usage
		Usr 0 00:00:00, Sys 0 00:00:00  -  Total Local Usage
	275  -  Run Bytes Sent By Job
	144352  -  Run Bytes Received By Job
	275  -  Total Bytes Sent By Job
	144352  -  Total Bytes Received By Job
	Partitionable Resources :    Usage  Request Allocated 
	   Cpus                 :     0.97        1         1 
	   Disk (KB)            :   159     2097152   6681104 
	   Memory (MB)          :   123        4096      4096 
	   xferslots            :                           0 

	Job terminated of its own accord at 2026-01-08T05:54:47Z with exit-code 0.
...
