000 (15697407.608.000) 2026-01-21 18:36:42 Job submitted from host: <130.199.48.129:9618?addrs=130.199.48.129-9618&alias=rcas6009.rcf.bnl.gov&noUDP&sock=schedd_22421_101d>
...
040 (15697407.608.000) 2026-01-22 13:02:09 Started transferring input files
	Transferring to host: <130.199.151.28:9618?addrs=130.199.151.28-9618&alias=spool1606.sdcc.bnl.gov&noUDP&sock=slot1_2_25111_33f0_252106>
...
040 (15697407.608.000) 2026-01-22 13:02:09 Finished transferring input files
...
001 (15697407.608.000) 2026-01-22 13:02:10 Job executing on host: <130.199.151.28:9618?addrs=130.199.151.28-9618&alias=spool1606.sdcc.bnl.gov&noUDP&sock=startd_25102_90cb>
...
006 (15697407.608.000) 2026-01-22 13:02:19 Image size of job updated: 422428
	74  -  MemoryUsage of job (MB)
	75072  -  ResidentSetSize of job (KB)
...
006 (15697407.608.000) 2026-01-22 13:07:20 Image size of job updated: 451100
	104  -  MemoryUsage of job (MB)
	105660  -  ResidentSetSize of job (KB)
...
040 (15697407.608.000) 2026-01-22 13:15:49 Started transferring output files
...
040 (15697407.608.000) 2026-01-22 13:15:49 Finished transferring output files
...
005 (15697407.608.000) 2026-01-22 13:15:49 Job terminated.
	(1) Normal termination (return value 0)
		Usr 0 00:13:20, Sys 0 00:00:12  -  Run Remote Usage
		Usr 0 00:00:00, Sys 0 00:00:00  -  Run Local Usage
		Usr 0 00:13:20, Sys 0 00:00:12  -  Total Remote Usage
		Usr 0 00:00:00, Sys 0 00:00:00  -  Total Local Usage
	177  -  Run Bytes Sent By Job
	148880  -  Run Bytes Received By Job
	177  -  Total Bytes Sent By Job
	148880  -  Total Bytes Received By Job
	Partitionable Resources :    Usage  Request Allocated 
	   Cpus                 :     1.00        1         1 
	   Disk (KB)            :   164     2097152   6681186 
	   Memory (MB)          :   104        4096      4096 
	   xferslots            :                           0 

	Job terminated of its own accord at 2026-01-22T18:15:49Z with exit-code 0.
...
