000 (15554417.298.000) 2026-01-07 12:44:33 Job submitted from host: <130.199.48.129:9618?addrs=130.199.48.129-9618&alias=rcas6009.rcf.bnl.gov&noUDP&sock=schedd_22421_101d>
...
040 (15554417.298.000) 2026-01-07 13:26:07 Started transferring input files
	Transferring to host: <130.199.186.90:9618?addrs=130.199.186.90-9618&alias=spool1853.sdcc.bnl.gov&noUDP&sock=slot1_33_95758_2aa3_191041>
...
040 (15554417.298.000) 2026-01-07 13:26:07 Finished transferring input files
...
001 (15554417.298.000) 2026-01-07 13:26:08 Job executing on host: <130.199.186.90:9618?addrs=130.199.186.90-9618&alias=spool1853.sdcc.bnl.gov&noUDP&sock=startd_95750_c406>
...
006 (15554417.298.000) 2026-01-07 13:26:17 Image size of job updated: 421160
	85  -  MemoryUsage of job (MB)
	86244  -  ResidentSetSize of job (KB)
...
006 (15554417.298.000) 2026-01-07 13:31:18 Image size of job updated: 424120
	110  -  MemoryUsage of job (MB)
	112352  -  ResidentSetSize of job (KB)
...
006 (15554417.298.000) 2026-01-07 13:36:19 Image size of job updated: 424704
	111  -  MemoryUsage of job (MB)
	112868  -  ResidentSetSize of job (KB)
...
006 (15554417.298.000) 2026-01-07 13:39:44 Image size of job updated: 424840
	111  -  MemoryUsage of job (MB)
	112868  -  ResidentSetSize of job (KB)
...
040 (15554417.298.000) 2026-01-07 13:39:44 Started transferring output files
...
040 (15554417.298.000) 2026-01-07 13:39:44 Finished transferring output files
...
005 (15554417.298.000) 2026-01-07 13:39:44 Job terminated.
	(1) Normal termination (return value 0)
		Usr 0 00:13:26, Sys 0 00:00:08  -  Run Remote Usage
		Usr 0 00:00:00, Sys 0 00:00:00  -  Run Local Usage
		Usr 0 00:13:26, Sys 0 00:00:08  -  Total Remote Usage
		Usr 0 00:00:00, Sys 0 00:00:00  -  Total Local Usage
	289  -  Run Bytes Sent By Job
	144352  -  Run Bytes Received By Job
	289  -  Total Bytes Sent By Job
	144352  -  Total Bytes Received By Job
	Partitionable Resources :    Usage  Request Allocated 
	   Cpus                 :     0.99        1         1 
	   Disk (KB)            :   159     2097152   6681587 
	   Memory (MB)          :   111        4096      4096 
	   xferslots            :                           0 

	Job terminated of its own accord at 2026-01-07T18:39:44Z with exit-code 0.
...
