000 (15560432.496.000) 2026-01-07 17:58:16 Job submitted from host: <130.199.48.129:9618?addrs=130.199.48.129-9618&alias=rcas6009.rcf.bnl.gov&noUDP&sock=schedd_22421_101d>
...
040 (15560432.496.000) 2026-01-07 20:45:06 Started transferring input files
	Transferring to host: <130.199.151.16:9618?addrs=130.199.151.16-9618&alias=spool1594.sdcc.bnl.gov&noUDP&sock=slot1_5_96956_d307_189615>
...
040 (15560432.496.000) 2026-01-07 20:45:06 Finished transferring input files
...
001 (15560432.496.000) 2026-01-07 20:45:07 Job executing on host: <130.199.151.16:9618?addrs=130.199.151.16-9618&alias=spool1594.sdcc.bnl.gov&noUDP&sock=startd_96947_99e2>
...
006 (15560432.496.000) 2026-01-07 20:45:16 Image size of job updated: 422628
	75  -  MemoryUsage of job (MB)
	76108  -  ResidentSetSize of job (KB)
...
006 (15560432.496.000) 2026-01-07 20:50:17 Image size of job updated: 424712
	94  -  MemoryUsage of job (MB)
	95420  -  ResidentSetSize of job (KB)
...
040 (15560432.496.000) 2026-01-07 20:52:44 Started transferring output files
...
040 (15560432.496.000) 2026-01-07 20:52:44 Finished transferring output files
...
005 (15560432.496.000) 2026-01-07 20:52:44 Job terminated.
	(1) Normal termination (return value 0)
		Usr 0 00:07:27, Sys 0 00:00:06  -  Run Remote Usage
		Usr 0 00:00:00, Sys 0 00:00:00  -  Run Local Usage
		Usr 0 00:07:27, Sys 0 00:00:06  -  Total Remote Usage
		Usr 0 00:00:00, Sys 0 00:00:00  -  Total Local Usage
	205  -  Run Bytes Sent By Job
	144352  -  Run Bytes Received By Job
	205  -  Total Bytes Sent By Job
	144352  -  Total Bytes Received By Job
	Partitionable Resources :    Usage  Request Allocated 
	   Cpus                 :     0.99        1         1 
	   Disk (KB)            :   159     2097152   6681187 
	   Memory (MB)          :    94        4096      4096 
	   xferslots            :                           0 

	Job terminated of its own accord at 2026-01-08T01:52:43Z with exit-code 0.
...
