000 (16235385.132.000) 2026-01-23 10:57:26 Job submitted from host: <130.199.48.128:9618?addrs=130.199.48.128-9618&alias=rcas6008.rcf.bnl.gov&noUDP&sock=schedd_18725_535a>
...
040 (16235385.132.000) 2026-01-23 11:32:23 Started transferring input files
	Transferring to host: <130.199.186.23:9618?addrs=130.199.186.23-9618&alias=spool1820.sdcc.bnl.gov&noUDP&sock=slot1_86_94137_2573_262181>
...
040 (16235385.132.000) 2026-01-23 11:32:23 Finished transferring input files
...
001 (16235385.132.000) 2026-01-23 11:32:24 Job executing on host: <130.199.186.23:9618?addrs=130.199.186.23-9618&alias=spool1820.sdcc.bnl.gov&noUDP&sock=startd_94129_bd5c>
...
006 (16235385.132.000) 2026-01-23 11:32:33 Image size of job updated: 420080
	74  -  MemoryUsage of job (MB)
	75520  -  ResidentSetSize of job (KB)
...
006 (16235385.132.000) 2026-01-23 11:37:34 Image size of job updated: 448600
	116  -  MemoryUsage of job (MB)
	118232  -  ResidentSetSize of job (KB)
...
040 (16235385.132.000) 2026-01-23 11:49:57 Started transferring output files
...
040 (16235385.132.000) 2026-01-23 11:49:57 Finished transferring output files
...
005 (16235385.132.000) 2026-01-23 11:49:57 Job terminated.
	(1) Normal termination (return value 0)
		Usr 0 00:17:12, Sys 0 00:00:11  -  Run Remote Usage
		Usr 0 00:00:00, Sys 0 00:00:00  -  Run Local Usage
		Usr 0 00:17:12, Sys 0 00:00:11  -  Total Remote Usage
		Usr 0 00:00:00, Sys 0 00:00:00  -  Total Local Usage
	247  -  Run Bytes Sent By Job
	148880  -  Run Bytes Received By Job
	247  -  Total Bytes Sent By Job
	148880  -  Total Bytes Received By Job
	Partitionable Resources :    Usage  Request Allocated 
	   Cpus                 :     1.00        1         1 
	   Disk (KB)            :   164     2097152   6681582 
	   Memory (MB)          :   116        4096      4096 
	   xferslots            :                           0 

	Job terminated of its own accord at 2026-01-23T16:49:55Z with exit-code 0.
...
