000 (15684821.421.000) 2026-01-19 15:56:21 Job submitted from host: <130.199.48.129:9618?addrs=130.199.48.129-9618&alias=rcas6009.rcf.bnl.gov&noUDP&sock=schedd_22421_101d>
...
040 (15684821.421.000) 2026-01-19 16:20:06 Started transferring input files
	Transferring to host: <130.199.184.213:9618?addrs=130.199.184.213-9618&alias=spool1788.sdcc.bnl.gov&noUDP&sock=slot1_43_95861_39f8_250309>
...
040 (15684821.421.000) 2026-01-19 16:20:06 Finished transferring input files
...
001 (15684821.421.000) 2026-01-19 16:20:07 Job executing on host: <130.199.184.213:9618?addrs=130.199.184.213-9618&alias=spool1788.sdcc.bnl.gov&noUDP&sock=startd_95852_0c25>
...
006 (15684821.421.000) 2026-01-19 16:20:15 Image size of job updated: 447688
	90  -  MemoryUsage of job (MB)
	91996  -  ResidentSetSize of job (KB)
...
006 (15684821.421.000) 2026-01-19 16:25:15 Image size of job updated: 447688
	107  -  MemoryUsage of job (MB)
	109552  -  ResidentSetSize of job (KB)
...
040 (15684821.421.000) 2026-01-19 16:37:10 Started transferring output files
...
040 (15684821.421.000) 2026-01-19 16:37:10 Finished transferring output files
...
005 (15684821.421.000) 2026-01-19 16:37:10 Job terminated.
	(1) Normal termination (return value 0)
		Usr 0 00:16:36, Sys 0 00:00:15  -  Run Remote Usage
		Usr 0 00:00:00, Sys 0 00:00:00  -  Run Local Usage
		Usr 0 00:16:36, Sys 0 00:00:15  -  Total Remote Usage
		Usr 0 00:00:00, Sys 0 00:00:00  -  Total Local Usage
	205  -  Run Bytes Sent By Job
	148880  -  Run Bytes Received By Job
	205  -  Total Bytes Sent By Job
	148880  -  Total Bytes Received By Job
	Partitionable Resources :    Usage  Request Allocated 
	   Cpus                 :     1.00        1         1 
	   Disk (KB)            :   163     2097152   6681567 
	   Memory (MB)          :   107        4096      4096 
	   xferslots            :                           0 

	Job terminated of its own accord at 2026-01-19T21:37:10Z with exit-code 0.
...
