000 (16235385.176.000) 2026-01-23 10:57:26 Job submitted from host: <130.199.48.128:9618?addrs=130.199.48.128-9618&alias=rcas6008.rcf.bnl.gov&noUDP&sock=schedd_18725_535a>
...
040 (16235385.176.000) 2026-01-23 11:46:59 Started transferring input files
	Transferring to host: <130.199.150.78:9618?addrs=130.199.150.78-9618&alias=spool1559.sdcc.bnl.gov&noUDP&sock=slot1_27_24669_cf59_263059>
...
040 (16235385.176.000) 2026-01-23 11:46:59 Finished transferring input files
...
001 (16235385.176.000) 2026-01-23 11:47:00 Job executing on host: <130.199.150.78:9618?addrs=130.199.150.78-9618&alias=spool1559.sdcc.bnl.gov&noUDP&sock=startd_24661_fea2>
...
006 (16235385.176.000) 2026-01-23 11:47:08 Image size of job updated: 342752
	50  -  MemoryUsage of job (MB)
	50280  -  ResidentSetSize of job (KB)
...
006 (16235385.176.000) 2026-01-23 11:52:08 Image size of job updated: 423736
	112  -  MemoryUsage of job (MB)
	114016  -  ResidentSetSize of job (KB)
...
006 (16235385.176.000) 2026-01-23 11:57:09 Image size of job updated: 424300
	113  -  MemoryUsage of job (MB)
	114804  -  ResidentSetSize of job (KB)
...
040 (16235385.176.000) 2026-01-23 12:15:52 Started transferring output files
...
040 (16235385.176.000) 2026-01-23 12:15:52 Finished transferring output files
...
005 (16235385.176.000) 2026-01-23 12:15:52 Job terminated.
	(1) Normal termination (return value 0)
		Usr 0 00:27:57, Sys 0 00:00:19  -  Run Remote Usage
		Usr 0 00:00:00, Sys 0 00:00:00  -  Run Local Usage
		Usr 0 00:27:57, Sys 0 00:00:19  -  Total Remote Usage
		Usr 0 00:00:00, Sys 0 00:00:00  -  Total Local Usage
	289  -  Run Bytes Sent By Job
	148880  -  Run Bytes Received By Job
	289  -  Total Bytes Sent By Job
	148880  -  Total Bytes Received By Job
	Partitionable Resources :    Usage  Request Allocated 
	   Cpus                 :     1.00        1         1 
	   Disk (KB)            :   164     2097152   6681170 
	   Memory (MB)          :   113        4096      4096 
	   xferslots            :                           0 

	Job terminated of its own accord at 2026-01-23T17:15:52Z with exit-code 0.
...
