000 (15684821.1207.000) 2026-01-19 15:56:23 Job submitted from host: <130.199.48.129:9618?addrs=130.199.48.129-9618&alias=rcas6009.rcf.bnl.gov&noUDP&sock=schedd_22421_101d>
...
040 (15684821.1207.000) 2026-01-19 16:32:39 Started transferring input files
	Transferring to host: <130.199.151.17:9618?addrs=130.199.151.17-9618&alias=spool1595.sdcc.bnl.gov&noUDP&sock=slot1_59_56003_4361_245473>
...
040 (15684821.1207.000) 2026-01-19 16:32:39 Finished transferring input files
...
001 (15684821.1207.000) 2026-01-19 16:32:40 Job executing on host: <130.199.151.17:9618?addrs=130.199.151.17-9618&alias=spool1595.sdcc.bnl.gov&noUDP&sock=startd_55988_983d>
...
006 (15684821.1207.000) 2026-01-19 16:32:49 Image size of job updated: 448364
	77  -  MemoryUsage of job (MB)
	78528  -  ResidentSetSize of job (KB)
...
040 (15684821.1207.000) 2026-01-19 16:37:50 Started transferring output files
...
040 (15684821.1207.000) 2026-01-19 16:37:50 Finished transferring output files
...
005 (15684821.1207.000) 2026-01-19 16:37:50 Job terminated.
	(1) Normal termination (return value 0)
		Usr 0 00:04:46, Sys 0 00:00:03  -  Run Remote Usage
		Usr 0 00:00:00, Sys 0 00:00:00  -  Run Local Usage
		Usr 0 00:04:46, Sys 0 00:00:03  -  Total Remote Usage
		Usr 0 00:00:00, Sys 0 00:00:00  -  Total Local Usage
	135  -  Run Bytes Sent By Job
	148880  -  Run Bytes Received By Job
	135  -  Total Bytes Sent By Job
	148880  -  Total Bytes Received By Job
	Partitionable Resources :    Usage  Request Allocated 
	   Cpus                 :     0.96        1         1 
	   Disk (KB)            :   163     2097152   6681209 
	   Memory (MB)          :    77        4096      4096 
	   xferslots            :                           0 

	Job terminated of its own accord at 2026-01-19T21:37:49Z with exit-code 0.
...
