000 (15560432.738.000) 2026-01-07 17:58:17 Job submitted from host: <130.199.48.129:9618?addrs=130.199.48.129-9618&alias=rcas6009.rcf.bnl.gov&noUDP&sock=schedd_22421_101d>
...
040 (15560432.738.000) 2026-01-07 20:53:43 Started transferring input files
	Transferring to host: <130.199.150.96:9618?addrs=130.199.150.96-9618&alias=spool1577.sdcc.bnl.gov&noUDP&sock=slot1_28_24963_e9b7_185252>
...
040 (15560432.738.000) 2026-01-07 20:53:43 Finished transferring input files
...
001 (15560432.738.000) 2026-01-07 20:53:44 Job executing on host: <130.199.150.96:9618?addrs=130.199.150.96-9618&alias=spool1577.sdcc.bnl.gov&noUDP&sock=startd_24954_b9b8>
...
006 (15560432.738.000) 2026-01-07 20:53:53 Image size of job updated: 447252
	65  -  MemoryUsage of job (MB)
	65756  -  ResidentSetSize of job (KB)
...
040 (15560432.738.000) 2026-01-07 20:54:03 Started transferring output files
...
040 (15560432.738.000) 2026-01-07 20:54:04 Finished transferring output files
...
005 (15560432.738.000) 2026-01-07 20:54:04 Job terminated.
	(1) Normal termination (return value 0)
		Usr 0 00:00:17, Sys 0 00:00:00  -  Run Remote Usage
		Usr 0 00:00:00, Sys 0 00:00:00  -  Run Local Usage
		Usr 0 00:00:17, Sys 0 00:00:00  -  Total Remote Usage
		Usr 0 00:00:00, Sys 0 00:00:00  -  Total Local Usage
	44  -  Run Bytes Sent By Job
	144352  -  Run Bytes Received By Job
	44  -  Total Bytes Sent By Job
	144352  -  Total Bytes Received By Job
	Partitionable Resources :    Usage  Request Allocated 
	   Cpus                 :                 1         1 
	   Disk (KB)            :      153  2097152   6681182 
	   Memory (MB)          :       65     4096      4096 
	   xferslots            :                           0 

	Job terminated of its own accord at 2026-01-08T01:54:03Z with exit-code 0.
...
