000 (15684821.671.000) 2026-01-19 15:56:22 Job submitted from host: <130.199.48.129:9618?addrs=130.199.48.129-9618&alias=rcas6009.rcf.bnl.gov&noUDP&sock=schedd_22421_101d>
...
040 (15684821.671.000) 2026-01-19 16:25:18 Started transferring input files
	Transferring to host: <130.199.150.75:9618?addrs=130.199.150.75-9618&alias=spool1556.sdcc.bnl.gov&noUDP&sock=slot1_27_29437_b7e8_246543>
...
040 (15684821.671.000) 2026-01-19 16:25:18 Finished transferring input files
...
001 (15684821.671.000) 2026-01-19 16:25:20 Job executing on host: <130.199.150.75:9618?addrs=130.199.150.75-9618&alias=spool1556.sdcc.bnl.gov&noUDP&sock=startd_29429_01a8>
...
006 (15684821.671.000) 2026-01-19 16:25:28 Image size of job updated: 384512
	69  -  MemoryUsage of job (MB)
	70076  -  ResidentSetSize of job (KB)
...
006 (15684821.671.000) 2026-01-19 16:27:05 Image size of job updated: 424268
	69  -  MemoryUsage of job (MB)
	70076  -  ResidentSetSize of job (KB)
...
040 (15684821.671.000) 2026-01-19 16:27:06 Started transferring output files
...
040 (15684821.671.000) 2026-01-19 16:27:06 Finished transferring output files
...
005 (15684821.671.000) 2026-01-19 16:27:06 Job terminated.
	(1) Normal termination (return value 0)
		Usr 0 00:01:31, Sys 0 00:00:02  -  Run Remote Usage
		Usr 0 00:00:00, Sys 0 00:00:00  -  Run Local Usage
		Usr 0 00:01:31, Sys 0 00:00:02  -  Total Remote Usage
		Usr 0 00:00:00, Sys 0 00:00:00  -  Total Local Usage
	70  -  Run Bytes Sent By Job
	148880  -  Run Bytes Received By Job
	70  -  Total Bytes Sent By Job
	148880  -  Total Bytes Received By Job
	Partitionable Resources :    Usage  Request Allocated 
	   Cpus                 :                 1         1 
	   Disk (KB)            :      157  2097152   6681148 
	   Memory (MB)          :       69     4096      4096 
	   xferslots            :                           0 

	Job terminated of its own accord at 2026-01-19T21:27:05Z with exit-code 0.
...
