000 (15697407.287.000) 2026-01-21 18:36:41 Job submitted from host: <130.199.48.129:9618?addrs=130.199.48.129-9618&alias=rcas6009.rcf.bnl.gov&noUDP&sock=schedd_22421_101d>
...
040 (15697407.287.000) 2026-01-22 04:26:45 Started transferring input files
	Transferring to host: <130.199.186.82:9618?addrs=130.199.186.82-9618&alias=spool1845.sdcc.bnl.gov&noUDP&sock=slot1_6_95953_29d6_276615>
...
040 (15697407.287.000) 2026-01-22 04:26:45 Finished transferring input files
...
001 (15697407.287.000) 2026-01-22 04:26:46 Job executing on host: <130.199.186.82:9618?addrs=130.199.186.82-9618&alias=spool1845.sdcc.bnl.gov&noUDP&sock=startd_95944_2a0e>
...
006 (15697407.287.000) 2026-01-22 04:26:55 Image size of job updated: 421000
	83  -  MemoryUsage of job (MB)
	84100  -  ResidentSetSize of job (KB)
...
006 (15697407.287.000) 2026-01-22 04:31:55 Image size of job updated: 424332
	109  -  MemoryUsage of job (MB)
	111064  -  ResidentSetSize of job (KB)
...
006 (15697407.287.000) 2026-01-22 04:36:55 Image size of job updated: 424332
	109  -  MemoryUsage of job (MB)
	111080  -  ResidentSetSize of job (KB)
...
006 (15697407.287.000) 2026-01-22 04:41:56 Image size of job updated: 424464
	109  -  MemoryUsage of job (MB)
	111092  -  ResidentSetSize of job (KB)
...
006 (15697407.287.000) 2026-01-22 04:46:56 Image size of job updated: 424464
	109  -  MemoryUsage of job (MB)
	111108  -  ResidentSetSize of job (KB)
...
006 (15697407.287.000) 2026-01-22 04:51:56 Image size of job updated: 424464
	109  -  MemoryUsage of job (MB)
	111116  -  ResidentSetSize of job (KB)
...
040 (15697407.287.000) 2026-01-22 04:55:11 Started transferring output files
...
040 (15697407.287.000) 2026-01-22 04:55:11 Finished transferring output files
...
005 (15697407.287.000) 2026-01-22 04:55:11 Job terminated.
	(1) Normal termination (return value 0)
		Usr 0 00:27:56, Sys 0 00:00:20  -  Run Remote Usage
		Usr 0 00:00:00, Sys 0 00:00:00  -  Run Local Usage
		Usr 0 00:27:56, Sys 0 00:00:20  -  Total Remote Usage
		Usr 0 00:00:00, Sys 0 00:00:00  -  Total Local Usage
	275  -  Run Bytes Sent By Job
	148880  -  Run Bytes Received By Job
	275  -  Total Bytes Sent By Job
	148880  -  Total Bytes Received By Job
	Partitionable Resources :    Usage  Request Allocated 
	   Cpus                 :     1.00        1         1 
	   Disk (KB)            :   163     2097152   6681560 
	   Memory (MB)          :   109        4096      4096 
	   xferslots            :                           0 

	Job terminated of its own accord at 2026-01-22T09:55:11Z with exit-code 0.
...
