000 (15554417.1088.000) 2026-01-07 12:44:35 Job submitted from host: <130.199.48.129:9618?addrs=130.199.48.129-9618&alias=rcas6009.rcf.bnl.gov&noUDP&sock=schedd_22421_101d>
...
040 (15554417.1088.000) 2026-01-07 14:13:01 Started transferring input files
	Transferring to host: <130.199.151.6:9618?addrs=130.199.151.6-9618&alias=spool1584.sdcc.bnl.gov&noUDP&sock=slot1_44_55322_61bc_184759>
...
040 (15554417.1088.000) 2026-01-07 14:13:01 Finished transferring input files
...
001 (15554417.1088.000) 2026-01-07 14:13:02 Job executing on host: <130.199.151.6:9618?addrs=130.199.151.6-9618&alias=spool1584.sdcc.bnl.gov&noUDP&sock=startd_55314_483e>
...
006 (15554417.1088.000) 2026-01-07 14:13:10 Image size of job updated: 112828
	80  -  MemoryUsage of job (MB)
	81432  -  ResidentSetSize of job (KB)
...
006 (15554417.1088.000) 2026-01-07 14:15:04 Image size of job updated: 424456
	80  -  MemoryUsage of job (MB)
	81432  -  ResidentSetSize of job (KB)
...
040 (15554417.1088.000) 2026-01-07 14:15:05 Started transferring output files
...
040 (15554417.1088.000) 2026-01-07 14:15:05 Finished transferring output files
...
005 (15554417.1088.000) 2026-01-07 14:15:05 Job terminated.
	(1) Normal termination (return value 0)
		Usr 0 00:02:00, Sys 0 00:00:01  -  Run Remote Usage
		Usr 0 00:00:00, Sys 0 00:00:00  -  Run Local Usage
		Usr 0 00:02:00, Sys 0 00:00:01  -  Total Remote Usage
		Usr 0 00:00:00, Sys 0 00:00:00  -  Total Local Usage
	135  -  Run Bytes Sent By Job
	144352  -  Run Bytes Received By Job
	135  -  Total Bytes Sent By Job
	144352  -  Total Bytes Received By Job
	Partitionable Resources :    Usage  Request Allocated 
	   Cpus                 :                 1         1 
	   Disk (KB)            :      153  2097152   6681172 
	   Memory (MB)          :       80     4096      4096 
	   xferslots            :                           0 

	Job terminated of its own accord at 2026-01-07T19:15:04Z with exit-code 0.
...
