000 (16235385.565.000) 2026-01-23 10:57:28 Job submitted from host: <130.199.48.128:9618?addrs=130.199.48.128-9618&alias=rcas6008.rcf.bnl.gov&noUDP&sock=schedd_18725_535a>
...
040 (16235385.565.000) 2026-01-23 12:12:43 Started transferring input files
	Transferring to host: <130.199.151.15:9618?addrs=130.199.151.15-9618&alias=spool1593.sdcc.bnl.gov&noUDP&sock=slot1_46_96858_74e8_280319>
...
040 (16235385.565.000) 2026-01-23 12:12:43 Finished transferring input files
...
001 (16235385.565.000) 2026-01-23 12:12:44 Job executing on host: <130.199.151.15:9618?addrs=130.199.151.15-9618&alias=spool1593.sdcc.bnl.gov&noUDP&sock=startd_96849_95d9>
...
006 (16235385.565.000) 2026-01-23 12:12:53 Image size of job updated: 420944
	71  -  MemoryUsage of job (MB)
	72288  -  ResidentSetSize of job (KB)
...
006 (16235385.565.000) 2026-01-23 12:17:54 Image size of job updated: 424308
	88  -  MemoryUsage of job (MB)
	89208  -  ResidentSetSize of job (KB)
...
040 (16235385.565.000) 2026-01-23 12:20:33 Started transferring output files
...
040 (16235385.565.000) 2026-01-23 12:20:33 Finished transferring output files
...
005 (16235385.565.000) 2026-01-23 12:20:33 Job terminated.
	(1) Normal termination (return value 0)
		Usr 0 00:07:41, Sys 0 00:00:05  -  Run Remote Usage
		Usr 0 00:00:00, Sys 0 00:00:00  -  Run Local Usage
		Usr 0 00:07:41, Sys 0 00:00:05  -  Total Remote Usage
		Usr 0 00:00:00, Sys 0 00:00:00  -  Total Local Usage
	149  -  Run Bytes Sent By Job
	148880  -  Run Bytes Received By Job
	149  -  Total Bytes Sent By Job
	148880  -  Total Bytes Received By Job
	Partitionable Resources :    Usage  Request Allocated 
	   Cpus                 :     1.00        1         1 
	   Disk (KB)            :   164     2097152   6681185 
	   Memory (MB)          :    88        4096      4096 
	   xferslots            :                           0 

	Job terminated of its own accord at 2026-01-23T17:20:33Z with exit-code 0.
...
