000 (15684821.505.000) 2026-01-19 15:56:21 Job submitted from host: <130.199.48.129:9618?addrs=130.199.48.129-9618&alias=rcas6009.rcf.bnl.gov&noUDP&sock=schedd_22421_101d>
...
040 (15684821.505.000) 2026-01-19 16:22:34 Started transferring input files
	Transferring to host: <130.199.184.209:9618?addrs=130.199.184.209-9618&alias=spool1784.sdcc.bnl.gov&noUDP&sock=slot1_51_94260_f99f_239145>
...
040 (15684821.505.000) 2026-01-19 16:22:34 Finished transferring input files
...
001 (15684821.505.000) 2026-01-19 16:22:35 Job executing on host: <130.199.184.209:9618?addrs=130.199.184.209-9618&alias=spool1784.sdcc.bnl.gov&noUDP&sock=startd_94248_66d5>
...
006 (15684821.505.000) 2026-01-19 16:22:43 Image size of job updated: 422768
	77  -  MemoryUsage of job (MB)
	78384  -  ResidentSetSize of job (KB)
...
006 (15684821.505.000) 2026-01-19 16:27:43 Image size of job updated: 450764
	113  -  MemoryUsage of job (MB)
	114752  -  ResidentSetSize of job (KB)
...
040 (15684821.505.000) 2026-01-19 16:41:55 Started transferring output files
...
040 (15684821.505.000) 2026-01-19 16:41:55 Finished transferring output files
...
005 (15684821.505.000) 2026-01-19 16:41:55 Job terminated.
	(1) Normal termination (return value 0)
		Usr 0 00:18:15, Sys 0 00:00:13  -  Run Remote Usage
		Usr 0 00:00:00, Sys 0 00:00:00  -  Run Local Usage
		Usr 0 00:18:15, Sys 0 00:00:13  -  Total Remote Usage
		Usr 0 00:00:00, Sys 0 00:00:00  -  Total Local Usage
	219  -  Run Bytes Sent By Job
	148880  -  Run Bytes Received By Job
	219  -  Total Bytes Sent By Job
	148880  -  Total Bytes Received By Job
	Partitionable Resources :    Usage  Request Allocated 
	   Cpus                 :     0.88        1         1 
	   Disk (KB)            :   164     2097152   6681570 
	   Memory (MB)          :   113        4096      4096 
	   xferslots            :                           0 

	Job terminated of its own accord at 2026-01-19T21:41:55Z with exit-code 0.
...
