000 (15690120.989.000) 2026-01-20 07:35:57 Job submitted from host: <130.199.48.129:9618?addrs=130.199.48.129-9618&alias=rcas6009.rcf.bnl.gov&noUDP&sock=schedd_22421_101d>
...
040 (15690120.989.000) 2026-01-21 14:32:23 Started transferring input files
	Transferring to host: <130.199.150.90:9618?addrs=130.199.150.90-9618&alias=spool1571.sdcc.bnl.gov&noUDP&sock=slot1_70_94964_d73c_272761>
...
040 (15690120.989.000) 2026-01-21 14:32:23 Finished transferring input files
...
001 (15690120.989.000) 2026-01-21 14:32:24 Job executing on host: <130.199.150.90:9618?addrs=130.199.150.90-9618&alias=spool1571.sdcc.bnl.gov&noUDP&sock=startd_94955_2884>
...
006 (15690120.989.000) 2026-01-21 14:32:32 Image size of job updated: 110500
	78  -  MemoryUsage of job (MB)
	79080  -  ResidentSetSize of job (KB)
...
006 (15690120.989.000) 2026-01-21 14:37:32 Image size of job updated: 424180
	99  -  MemoryUsage of job (MB)
	100676  -  ResidentSetSize of job (KB)
...
006 (15690120.989.000) 2026-01-21 14:42:33 Image size of job updated: 424180
	99  -  MemoryUsage of job (MB)
	100696  -  ResidentSetSize of job (KB)
...
040 (15690120.989.000) 2026-01-21 14:53:48 Started transferring output files
...
040 (15690120.989.000) 2026-01-21 14:53:48 Finished transferring output files
...
005 (15690120.989.000) 2026-01-21 14:53:48 Job terminated.
	(1) Normal termination (return value 0)
		Usr 0 00:21:05, Sys 0 00:00:13  -  Run Remote Usage
		Usr 0 00:00:00, Sys 0 00:00:00  -  Run Local Usage
		Usr 0 00:21:05, Sys 0 00:00:13  -  Total Remote Usage
		Usr 0 00:00:00, Sys 0 00:00:00  -  Total Local Usage
	219  -  Run Bytes Sent By Job
	148880  -  Run Bytes Received By Job
	219  -  Total Bytes Sent By Job
	148880  -  Total Bytes Received By Job
	Partitionable Resources :    Usage  Request Allocated 
	   Cpus                 :     1.00        1         1 
	   Disk (KB)            :   163     2097152   6681189 
	   Memory (MB)          :    99        4096      4096 
	   xferslots            :                           0 

	Job terminated of its own accord at 2026-01-21T19:53:48Z with exit-code 0.
...
