000 (15697407.768.000) 2026-01-21 18:36:43 Job submitted from host: <130.199.48.129:9618?addrs=130.199.48.129-9618&alias=rcas6009.rcf.bnl.gov&noUDP&sock=schedd_22421_101d>
...
040 (15697407.768.000) 2026-01-22 14:51:41 Started transferring input files
	Transferring to host: <130.199.151.17:9618?addrs=130.199.151.17-9618&alias=spool1595.sdcc.bnl.gov&noUDP&sock=slot1_92_56003_4361_259692>
...
040 (15697407.768.000) 2026-01-22 14:51:41 Finished transferring input files
...
001 (15697407.768.000) 2026-01-22 14:51:42 Job executing on host: <130.199.151.17:9618?addrs=130.199.151.17-9618&alias=spool1595.sdcc.bnl.gov&noUDP&sock=startd_55988_983d>
...
006 (15697407.768.000) 2026-01-22 14:51:50 Image size of job updated: 113972
	80  -  MemoryUsage of job (MB)
	81500  -  ResidentSetSize of job (KB)
...
006 (15697407.768.000) 2026-01-22 14:55:17 Image size of job updated: 448696
	80  -  MemoryUsage of job (MB)
	81500  -  ResidentSetSize of job (KB)
...
040 (15697407.768.000) 2026-01-22 14:55:17 Started transferring output files
...
040 (15697407.768.000) 2026-01-22 14:55:17 Finished transferring output files
...
005 (15697407.768.000) 2026-01-22 14:55:17 Job terminated.
	(1) Normal termination (return value 0)
		Usr 0 00:03:31, Sys 0 00:00:02  -  Run Remote Usage
		Usr 0 00:00:00, Sys 0 00:00:00  -  Run Local Usage
		Usr 0 00:03:31, Sys 0 00:00:02  -  Total Remote Usage
		Usr 0 00:00:00, Sys 0 00:00:00  -  Total Local Usage
	109  -  Run Bytes Sent By Job
	148880  -  Run Bytes Received By Job
	109  -  Total Bytes Sent By Job
	148880  -  Total Bytes Received By Job
	Partitionable Resources :    Usage  Request Allocated 
	   Cpus                 :     1.00        1         1 
	   Disk (KB)            :   163     2097152   6681209 
	   Memory (MB)          :    80        4096      4096 
	   xferslots            :                           0 

	Job terminated of its own accord at 2026-01-22T19:55:17Z with exit-code 0.
...
