000 (15564188.250.000) 2026-01-07 21:29:39 Job submitted from host: <130.199.48.129:9618?addrs=130.199.48.129-9618&alias=rcas6009.rcf.bnl.gov&noUDP&sock=schedd_22421_101d>
...
040 (15564188.250.000) 2026-01-08 00:20:12 Started transferring input files
	Transferring to host: <130.199.151.3:9618?addrs=130.199.151.3-9618&alias=spool1581.sdcc.bnl.gov&noUDP&sock=slot1_87_95061_7851_188682>
...
040 (15564188.250.000) 2026-01-08 00:20:12 Finished transferring input files
...
001 (15564188.250.000) 2026-01-08 00:20:13 Job executing on host: <130.199.151.3:9618?addrs=130.199.151.3-9618&alias=spool1581.sdcc.bnl.gov&noUDP&sock=startd_95052_db87>
...
006 (15564188.250.000) 2026-01-08 00:20:22 Image size of job updated: 135532
	103  -  MemoryUsage of job (MB)
	104616  -  ResidentSetSize of job (KB)
...
006 (15564188.250.000) 2026-01-08 00:25:23 Image size of job updated: 448116
	127  -  MemoryUsage of job (MB)
	129224  -  ResidentSetSize of job (KB)
...
040 (15564188.250.000) 2026-01-08 00:36:25 Started transferring output files
...
040 (15564188.250.000) 2026-01-08 00:36:25 Finished transferring output files
...
005 (15564188.250.000) 2026-01-08 00:36:25 Job terminated.
	(1) Normal termination (return value 0)
		Usr 0 00:14:44, Sys 0 00:00:14  -  Run Remote Usage
		Usr 0 00:00:00, Sys 0 00:00:00  -  Run Local Usage
		Usr 0 00:14:44, Sys 0 00:00:14  -  Total Remote Usage
		Usr 0 00:00:00, Sys 0 00:00:00  -  Total Local Usage
	289  -  Run Bytes Sent By Job
	144352  -  Run Bytes Received By Job
	289  -  Total Bytes Sent By Job
	144352  -  Total Bytes Received By Job
	Partitionable Resources :    Usage  Request Allocated 
	   Cpus                 :     1.00        1         1 
	   Disk (KB)            :   159     2097152   6681183 
	   Memory (MB)          :   127        4096      4096 
	   xferslots            :                           0 

	Job terminated of its own accord at 2026-01-08T05:36:25Z with exit-code 0.
...
