000 (15554417.109.000) 2026-01-07 12:44:32 Job submitted from host: <130.199.48.129:9618?addrs=130.199.48.129-9618&alias=rcas6009.rcf.bnl.gov&noUDP&sock=schedd_22421_101d>
...
040 (15554417.109.000) 2026-01-07 13:07:21 Started transferring input files
	Transferring to host: <130.199.186.75:9618?addrs=130.199.186.75-9618&alias=spool1838.sdcc.bnl.gov&noUDP&sock=slot1_40_24044_480e_191814>
...
040 (15554417.109.000) 2026-01-07 13:07:21 Finished transferring input files
...
001 (15554417.109.000) 2026-01-07 13:07:22 Job executing on host: <130.199.186.75:9618?addrs=130.199.186.75-9618&alias=spool1838.sdcc.bnl.gov&noUDP&sock=startd_24036_30a7>
...
006 (15554417.109.000) 2026-01-07 13:07:31 Image size of job updated: 421236
	97  -  MemoryUsage of job (MB)
	98888  -  ResidentSetSize of job (KB)
...
006 (15554417.109.000) 2026-01-07 13:12:32 Image size of job updated: 424600
	100  -  MemoryUsage of job (MB)
	101636  -  ResidentSetSize of job (KB)
...
040 (15554417.109.000) 2026-01-07 13:14:59 Started transferring output files
...
040 (15554417.109.000) 2026-01-07 13:14:59 Finished transferring output files
...
005 (15554417.109.000) 2026-01-07 13:14:59 Job terminated.
	(1) Normal termination (return value 0)
		Usr 0 00:07:31, Sys 0 00:00:04  -  Run Remote Usage
		Usr 0 00:00:00, Sys 0 00:00:00  -  Run Local Usage
		Usr 0 00:07:31, Sys 0 00:00:04  -  Total Remote Usage
		Usr 0 00:00:00, Sys 0 00:00:00  -  Total Local Usage
	233  -  Run Bytes Sent By Job
	144352  -  Run Bytes Received By Job
	233  -  Total Bytes Sent By Job
	144352  -  Total Bytes Received By Job
	Partitionable Resources :    Usage  Request Allocated 
	   Cpus                 :     0.99        1         1 
	   Disk (KB)            :   159     2097152   6681575 
	   Memory (MB)          :   100        4096      4096 
	   xferslots            :                           0 

	Job terminated of its own accord at 2026-01-07T18:14:59Z with exit-code 0.
...
