000 (15690120.415.000) 2026-01-20 07:35:55 Job submitted from host: <130.199.48.129:9618?addrs=130.199.48.129-9618&alias=rcas6009.rcf.bnl.gov&noUDP&sock=schedd_22421_101d>
...
040 (15690120.415.000) 2026-01-21 08:46:57 Started transferring input files
	Transferring to host: <130.199.184.214:9618?addrs=130.199.184.214-9618&alias=spool1789.sdcc.bnl.gov&noUDP&sock=slot1_13_94108_bb3b_249647>
...
040 (15690120.415.000) 2026-01-21 08:46:57 Finished transferring input files
...
001 (15690120.415.000) 2026-01-21 08:46:58 Job executing on host: <130.199.184.214:9618?addrs=130.199.184.214-9618&alias=spool1789.sdcc.bnl.gov&noUDP&sock=startd_94100_8fc2>
...
006 (15690120.415.000) 2026-01-21 08:47:06 Image size of job updated: 422448
	93  -  MemoryUsage of job (MB)
	94896  -  ResidentSetSize of job (KB)
...
006 (15690120.415.000) 2026-01-21 08:52:06 Image size of job updated: 450208
	112  -  MemoryUsage of job (MB)
	114112  -  ResidentSetSize of job (KB)
...
040 (15690120.415.000) 2026-01-21 09:05:50 Started transferring output files
...
040 (15690120.415.000) 2026-01-21 09:05:50 Finished transferring output files
...
005 (15690120.415.000) 2026-01-21 09:05:50 Job terminated.
	(1) Normal termination (return value 0)
		Usr 0 00:18:10, Sys 0 00:00:15  -  Run Remote Usage
		Usr 0 00:00:00, Sys 0 00:00:00  -  Run Local Usage
		Usr 0 00:18:10, Sys 0 00:00:15  -  Total Remote Usage
		Usr 0 00:00:00, Sys 0 00:00:00  -  Total Local Usage
	219  -  Run Bytes Sent By Job
	148880  -  Run Bytes Received By Job
	219  -  Total Bytes Sent By Job
	148880  -  Total Bytes Received By Job
	Partitionable Resources :    Usage  Request Allocated 
	   Cpus                 :     0.92        1         1 
	   Disk (KB)            :   163     2097152   6681578 
	   Memory (MB)          :   112        4096      4096 
	   xferslots            :                           0 

	Job terminated of its own accord at 2026-01-21T14:05:50Z with exit-code 0.
...
