000 (15564188.1143.000) 2026-01-07 21:29:42 Job submitted from host: <130.199.48.129:9618?addrs=130.199.48.129-9618&alias=rcas6009.rcf.bnl.gov&noUDP&sock=schedd_22421_101d>
...
040 (15564188.1143.000) 2026-01-08 02:12:01 Started transferring input files
	Transferring to host: <130.199.150.68:9618?addrs=130.199.150.68-9618&alias=spool1549.sdcc.bnl.gov&noUDP&sock=slot1_64_55458_cf75_189436>
...
040 (15564188.1143.000) 2026-01-08 02:12:02 Finished transferring input files
...
001 (15564188.1143.000) 2026-01-08 02:12:03 Job executing on host: <130.199.150.68:9618?addrs=130.199.150.68-9618&alias=spool1549.sdcc.bnl.gov&noUDP&sock=startd_55447_6001>
...
006 (15564188.1143.000) 2026-01-08 02:12:11 Image size of job updated: 98752
	65  -  MemoryUsage of job (MB)
	66284  -  ResidentSetSize of job (KB)
...
006 (15564188.1143.000) 2026-01-08 02:12:22 Image size of job updated: 448624
	65  -  MemoryUsage of job (MB)
	66284  -  ResidentSetSize of job (KB)
...
040 (15564188.1143.000) 2026-01-08 02:12:22 Started transferring output files
...
040 (15564188.1143.000) 2026-01-08 02:12:22 Finished transferring output files
...
005 (15564188.1143.000) 2026-01-08 02:12:22 Job terminated.
	(1) Normal termination (return value 0)
		Usr 0 00:00:12, Sys 0 00:00:00  -  Run Remote Usage
		Usr 0 00:00:00, Sys 0 00:00:00  -  Run Local Usage
		Usr 0 00:00:12, Sys 0 00:00:00  -  Total Remote Usage
		Usr 0 00:00:00, Sys 0 00:00:00  -  Total Local Usage
	44  -  Run Bytes Sent By Job
	144352  -  Run Bytes Received By Job
	44  -  Total Bytes Sent By Job
	144352  -  Total Bytes Received By Job
	Partitionable Resources :    Usage  Request Allocated 
	   Cpus                 :                 1         1 
	   Disk (KB)            :      152  2097152   6681104 
	   Memory (MB)          :       65     4096      4096 
	   xferslots            :                           0 

	Job terminated of its own accord at 2026-01-08T07:12:22Z with exit-code 0.
...
