000 (15697407.082.000) 2026-01-21 18:36:41 Job submitted from host: <130.199.48.129:9618?addrs=130.199.48.129-9618&alias=rcas6009.rcf.bnl.gov&noUDP&sock=schedd_22421_101d>
...
040 (15697407.082.000) 2026-01-21 20:24:45 Started transferring input files
	Transferring to host: <130.199.151.5:9618?addrs=130.199.151.5-9618&alias=spool1583.sdcc.bnl.gov&noUDP&sock=slot1_17_95004_60eb_365469>
...
040 (15697407.082.000) 2026-01-21 20:24:45 Finished transferring input files
...
001 (15697407.082.000) 2026-01-21 20:24:46 Job executing on host: <130.199.151.5:9618?addrs=130.199.151.5-9618&alias=spool1583.sdcc.bnl.gov&noUDP&sock=startd_94995_d158>
...
006 (15697407.082.000) 2026-01-21 20:24:55 Image size of job updated: 107512
	75  -  MemoryUsage of job (MB)
	76400  -  ResidentSetSize of job (KB)
...
006 (15697407.082.000) 2026-01-21 20:29:56 Image size of job updated: 424312
	95  -  MemoryUsage of job (MB)
	96972  -  ResidentSetSize of job (KB)
...
006 (15697407.082.000) 2026-01-21 20:34:56 Image size of job updated: 424312
	95  -  MemoryUsage of job (MB)
	96976  -  ResidentSetSize of job (KB)
...
040 (15697407.082.000) 2026-01-21 20:41:10 Started transferring output files
...
040 (15697407.082.000) 2026-01-21 20:41:10 Finished transferring output files
...
005 (15697407.082.000) 2026-01-21 20:41:10 Job terminated.
	(1) Normal termination (return value 0)
		Usr 0 00:15:52, Sys 0 00:00:13  -  Run Remote Usage
		Usr 0 00:00:00, Sys 0 00:00:00  -  Run Local Usage
		Usr 0 00:15:52, Sys 0 00:00:13  -  Total Remote Usage
		Usr 0 00:00:00, Sys 0 00:00:00  -  Total Local Usage
	205  -  Run Bytes Sent By Job
	148880  -  Run Bytes Received By Job
	205  -  Total Bytes Sent By Job
	148880  -  Total Bytes Received By Job
	Partitionable Resources :    Usage  Request Allocated 
	   Cpus                 :     0.99        1         1 
	   Disk (KB)            :   163     2097152   6681171 
	   Memory (MB)          :    95        4096      4096 
	   xferslots            :                           0 

	Job terminated of its own accord at 2026-01-22T01:41:10Z with exit-code 0.
...
