000 (15690120.1104.000) 2026-01-20 07:35:57 Job submitted from host: <130.199.48.129:9618?addrs=130.199.48.129-9618&alias=rcas6009.rcf.bnl.gov&noUDP&sock=schedd_22421_101d>
...
040 (15690120.1104.000) 2026-01-21 16:40:12 Started transferring input files
	Transferring to host: <130.199.151.5:9618?addrs=130.199.151.5-9618&alias=spool1583.sdcc.bnl.gov&noUDP&sock=slot1_70_95004_60eb_364680>
...
040 (15690120.1104.000) 2026-01-21 16:40:12 Finished transferring input files
...
001 (15690120.1104.000) 2026-01-21 16:40:13 Job executing on host: <130.199.151.5:9618?addrs=130.199.151.5-9618&alias=spool1583.sdcc.bnl.gov&noUDP&sock=startd_94995_d158>
...
006 (15690120.1104.000) 2026-01-21 16:40:22 Image size of job updated: 314220
	64  -  MemoryUsage of job (MB)
	64560  -  ResidentSetSize of job (KB)
...
006 (15690120.1104.000) 2026-01-21 16:42:16 Image size of job updated: 449408
	64  -  MemoryUsage of job (MB)
	64560  -  ResidentSetSize of job (KB)
...
040 (15690120.1104.000) 2026-01-21 16:42:16 Started transferring output files
...
040 (15690120.1104.000) 2026-01-21 16:42:16 Finished transferring output files
...
005 (15690120.1104.000) 2026-01-21 16:42:16 Job terminated.
	(1) Normal termination (return value 0)
		Usr 0 00:01:53, Sys 0 00:00:02  -  Run Remote Usage
		Usr 0 00:00:00, Sys 0 00:00:00  -  Run Local Usage
		Usr 0 00:01:53, Sys 0 00:00:02  -  Total Remote Usage
		Usr 0 00:00:00, Sys 0 00:00:00  -  Total Local Usage
	96  -  Run Bytes Sent By Job
	148880  -  Run Bytes Received By Job
	96  -  Total Bytes Sent By Job
	148880  -  Total Bytes Received By Job
	Partitionable Resources :    Usage  Request Allocated 
	   Cpus                 :                 1         1 
	   Disk (KB)            :      157  2097152   6681171 
	   Memory (MB)          :       64     4096      4096 
	   xferslots            :                           0 

	Job terminated of its own accord at 2026-01-21T21:42:16Z with exit-code 0.
...
