000 (15697407.383.000) 2026-01-21 18:36:41 Job submitted from host: <130.199.48.129:9618?addrs=130.199.48.129-9618&alias=rcas6009.rcf.bnl.gov&noUDP&sock=schedd_22421_101d>
...
040 (15697407.383.000) 2026-01-22 07:18:30 Started transferring input files
	Transferring to host: <130.199.186.28:9618?addrs=130.199.186.28-9618&alias=spool1825.sdcc.bnl.gov&noUDP&sock=slot1_58_94014_5146_272429>
...
040 (15697407.383.000) 2026-01-22 07:18:30 Finished transferring input files
...
001 (15697407.383.000) 2026-01-22 07:18:31 Job executing on host: <130.199.186.28:9618?addrs=130.199.186.28-9618&alias=spool1825.sdcc.bnl.gov&noUDP&sock=startd_94005_7ec9>
...
006 (15697407.383.000) 2026-01-22 07:18:39 Image size of job updated: 501340
	98  -  MemoryUsage of job (MB)
	99972  -  ResidentSetSize of job (KB)
...
006 (15697407.383.000) 2026-01-22 07:23:39 Image size of job updated: 501340
	120  -  MemoryUsage of job (MB)
	122320  -  ResidentSetSize of job (KB)
...
006 (15697407.383.000) 2026-01-22 07:38:41 Image size of job updated: 501340
	120  -  MemoryUsage of job (MB)
	122324  -  ResidentSetSize of job (KB)
...
040 (15697407.383.000) 2026-01-22 07:42:53 Started transferring output files
...
040 (15697407.383.000) 2026-01-22 07:42:53 Finished transferring output files
...
005 (15697407.383.000) 2026-01-22 07:42:53 Job terminated.
	(1) Normal termination (return value 0)
		Usr 0 00:24:06, Sys 0 00:00:14  -  Run Remote Usage
		Usr 0 00:00:00, Sys 0 00:00:00  -  Run Local Usage
		Usr 0 00:24:06, Sys 0 00:00:14  -  Total Remote Usage
		Usr 0 00:00:00, Sys 0 00:00:00  -  Total Local Usage
	261  -  Run Bytes Sent By Job
	148880  -  Run Bytes Received By Job
	261  -  Total Bytes Sent By Job
	148880  -  Total Bytes Received By Job
	Partitionable Resources :    Usage  Request Allocated 
	   Cpus                 :     1.00        1         1 
	   Disk (KB)            :   164     2097152   6681577 
	   Memory (MB)          :   120        4096      4096 
	   xferslots            :                           0 

	Job terminated of its own accord at 2026-01-22T12:42:53Z with exit-code 0.
...
