000 (16235385.100.000) 2026-01-23 10:57:26 Job submitted from host: <130.199.48.128:9618?addrs=130.199.48.128-9618&alias=rcas6008.rcf.bnl.gov&noUDP&sock=schedd_18725_535a>
...
040 (16235385.100.000) 2026-01-23 11:30:30 Started transferring input files
	Transferring to host: <130.199.150.78:9618?addrs=130.199.150.78-9618&alias=spool1559.sdcc.bnl.gov&noUDP&sock=slot1_27_24669_cf59_263021>
...
040 (16235385.100.000) 2026-01-23 11:30:30 Finished transferring input files
...
001 (16235385.100.000) 2026-01-23 11:30:31 Job executing on host: <130.199.150.78:9618?addrs=130.199.150.78-9618&alias=spool1559.sdcc.bnl.gov&noUDP&sock=startd_24661_fea2>
...
006 (16235385.100.000) 2026-01-23 11:30:40 Image size of job updated: 421452
	65  -  MemoryUsage of job (MB)
	65596  -  ResidentSetSize of job (KB)
...
006 (16235385.100.000) 2026-01-23 11:31:12 Image size of job updated: 424120
	65  -  MemoryUsage of job (MB)
	65596  -  ResidentSetSize of job (KB)
...
040 (16235385.100.000) 2026-01-23 11:31:12 Started transferring output files
...
040 (16235385.100.000) 2026-01-23 11:31:12 Finished transferring output files
...
005 (16235385.100.000) 2026-01-23 11:31:12 Job terminated.
	(1) Normal termination (return value 0)
		Usr 0 00:00:38, Sys 0 00:00:00  -  Run Remote Usage
		Usr 0 00:00:00, Sys 0 00:00:00  -  Run Local Usage
		Usr 0 00:00:38, Sys 0 00:00:00  -  Total Remote Usage
		Usr 0 00:00:00, Sys 0 00:00:00  -  Total Local Usage
	57  -  Run Bytes Sent By Job
	148880  -  Run Bytes Received By Job
	57  -  Total Bytes Sent By Job
	148880  -  Total Bytes Received By Job
	Partitionable Resources :    Usage  Request Allocated 
	   Cpus                 :                 1         1 
	   Disk (KB)            :      157  2097152   6681170 
	   Memory (MB)          :       65     4096      4096 
	   xferslots            :                           0 

	Job terminated of its own accord at 2026-01-23T16:31:12Z with exit-code 0.
...
