000 (15684821.786.000) 2026-01-19 15:56:22 Job submitted from host: <130.199.48.129:9618?addrs=130.199.48.129-9618&alias=rcas6009.rcf.bnl.gov&noUDP&sock=schedd_22421_101d>
...
040 (15684821.786.000) 2026-01-19 16:28:22 Started transferring input files
	Transferring to host: <130.199.150.95:9618?addrs=130.199.150.95-9618&alias=spool1576.sdcc.bnl.gov&noUDP&sock=slot1_11_24869_7fc2_238454>
...
040 (15684821.786.000) 2026-01-19 16:28:22 Finished transferring input files
...
001 (15684821.786.000) 2026-01-19 16:28:23 Job executing on host: <130.199.150.95:9618?addrs=130.199.150.95-9618&alias=spool1576.sdcc.bnl.gov&noUDP&sock=startd_24860_f9c4>
...
006 (15684821.786.000) 2026-01-19 16:28:32 Image size of job updated: 102756
	71  -  MemoryUsage of job (MB)
	71972  -  ResidentSetSize of job (KB)
...
006 (15684821.786.000) 2026-01-19 16:33:15 Image size of job updated: 448028
	71  -  MemoryUsage of job (MB)
	71972  -  ResidentSetSize of job (KB)
...
040 (15684821.786.000) 2026-01-19 16:33:16 Started transferring output files
...
040 (15684821.786.000) 2026-01-19 16:33:16 Finished transferring output files
...
005 (15684821.786.000) 2026-01-19 16:33:16 Job terminated.
	(1) Normal termination (return value 0)
		Usr 0 00:04:32, Sys 0 00:00:03  -  Run Remote Usage
		Usr 0 00:00:00, Sys 0 00:00:00  -  Run Local Usage
		Usr 0 00:04:32, Sys 0 00:00:03  -  Total Remote Usage
		Usr 0 00:00:00, Sys 0 00:00:00  -  Total Local Usage
	109  -  Run Bytes Sent By Job
	148880  -  Run Bytes Received By Job
	109  -  Total Bytes Sent By Job
	148880  -  Total Bytes Received By Job
	Partitionable Resources :    Usage  Request Allocated 
	   Cpus                 :     0.94        1         1 
	   Disk (KB)            :   163     2097152   6681187 
	   Memory (MB)          :    71        4096      4096 
	   xferslots            :                           0 

	Job terminated of its own accord at 2026-01-19T21:33:15Z with exit-code 0.
...
