000 (15684821.823.000) 2026-01-19 15:56:22 Job submitted from host: <130.199.48.129:9618?addrs=130.199.48.129-9618&alias=rcas6009.rcf.bnl.gov&noUDP&sock=schedd_22421_101d>
...
040 (15684821.823.000) 2026-01-19 16:28:24 Started transferring input files
	Transferring to host: <130.199.150.93:9618?addrs=130.199.150.93-9618&alias=spool1574.sdcc.bnl.gov&noUDP&sock=slot1_37_94784_ebaa_249030>
...
040 (15684821.823.000) 2026-01-19 16:28:24 Finished transferring input files
...
001 (15684821.823.000) 2026-01-19 16:28:25 Job executing on host: <130.199.150.93:9618?addrs=130.199.150.93-9618&alias=spool1574.sdcc.bnl.gov&noUDP&sock=startd_94775_30c7>
...
006 (15684821.823.000) 2026-01-19 16:28:34 Image size of job updated: 86280
	73  -  MemoryUsage of job (MB)
	74472  -  ResidentSetSize of job (KB)
...
006 (15684821.823.000) 2026-01-19 16:33:35 Image size of job updated: 450288
	99  -  MemoryUsage of job (MB)
	101172  -  ResidentSetSize of job (KB)
...
040 (15684821.823.000) 2026-01-19 16:41:23 Started transferring output files
...
040 (15684821.823.000) 2026-01-19 16:41:23 Finished transferring output files
...
005 (15684821.823.000) 2026-01-19 16:41:23 Job terminated.
	(1) Normal termination (return value 0)
		Usr 0 00:12:41, Sys 0 00:00:08  -  Run Remote Usage
		Usr 0 00:00:00, Sys 0 00:00:00  -  Run Local Usage
		Usr 0 00:12:41, Sys 0 00:00:08  -  Total Remote Usage
		Usr 0 00:00:00, Sys 0 00:00:00  -  Total Local Usage
	177  -  Run Bytes Sent By Job
	148880  -  Run Bytes Received By Job
	177  -  Total Bytes Sent By Job
	148880  -  Total Bytes Received By Job
	Partitionable Resources :    Usage  Request Allocated 
	   Cpus                 :     1.00        1         1 
	   Disk (KB)            :   163     2097152   6681104 
	   Memory (MB)          :    99        4096      4096 
	   xferslots            :                           0 

	Job terminated of its own accord at 2026-01-19T21:41:23Z with exit-code 0.
...
