000 (15684821.871.000) 2026-01-19 15:56:22 Job submitted from host: <130.199.48.129:9618?addrs=130.199.48.129-9618&alias=rcas6009.rcf.bnl.gov&noUDP&sock=schedd_22421_101d>
...
040 (15684821.871.000) 2026-01-19 16:28:52 Started transferring input files
	Transferring to host: <130.199.151.20:9618?addrs=130.199.151.20-9618&alias=spool1598.sdcc.bnl.gov&noUDP&sock=slot1_47_29322_cc12_245671>
...
040 (15684821.871.000) 2026-01-19 16:28:52 Finished transferring input files
...
001 (15684821.871.000) 2026-01-19 16:28:53 Job executing on host: <130.199.151.20:9618?addrs=130.199.151.20-9618&alias=spool1598.sdcc.bnl.gov&noUDP&sock=startd_29313_4b3f>
...
006 (15684821.871.000) 2026-01-19 16:29:02 Image size of job updated: 382320
	69  -  MemoryUsage of job (MB)
	70060  -  ResidentSetSize of job (KB)
...
006 (15684821.871.000) 2026-01-19 16:34:04 Image size of job updated: 449664
	95  -  MemoryUsage of job (MB)
	97180  -  ResidentSetSize of job (KB)
...
040 (15684821.871.000) 2026-01-19 16:41:09 Started transferring output files
...
040 (15684821.871.000) 2026-01-19 16:41:09 Finished transferring output files
...
005 (15684821.871.000) 2026-01-19 16:41:09 Job terminated.
	(1) Normal termination (return value 0)
		Usr 0 00:11:09, Sys 0 00:00:08  -  Run Remote Usage
		Usr 0 00:00:00, Sys 0 00:00:00  -  Run Local Usage
		Usr 0 00:11:09, Sys 0 00:00:08  -  Total Remote Usage
		Usr 0 00:00:00, Sys 0 00:00:00  -  Total Local Usage
	163  -  Run Bytes Sent By Job
	148880  -  Run Bytes Received By Job
	163  -  Total Bytes Sent By Job
	148880  -  Total Bytes Received By Job
	Partitionable Resources :    Usage  Request Allocated 
	   Cpus                 :     0.88        1         1 
	   Disk (KB)            :   164     2097152   6681198 
	   Memory (MB)          :    95        4096      4096 
	   xferslots            :                           0 

	Job terminated of its own accord at 2026-01-19T21:41:09Z with exit-code 0.
...
