000 (15560432.171.000) 2026-01-07 17:58:15 Job submitted from host: <130.199.48.129:9618?addrs=130.199.48.129-9618&alias=rcas6009.rcf.bnl.gov&noUDP&sock=schedd_22421_101d>
...
040 (15560432.171.000) 2026-01-07 18:57:14 Started transferring input files
	Transferring to host: <130.199.150.90:9618?addrs=130.199.150.90-9618&alias=spool1571.sdcc.bnl.gov&noUDP&sock=slot1_32_94964_d73c_182003>
...
040 (15560432.171.000) 2026-01-07 18:57:14 Finished transferring input files
...
001 (15560432.171.000) 2026-01-07 18:57:15 Job executing on host: <130.199.150.90:9618?addrs=130.199.150.90-9618&alias=spool1571.sdcc.bnl.gov&noUDP&sock=startd_94955_2884>
...
006 (15560432.171.000) 2026-01-07 18:57:24 Image size of job updated: 693568
	96  -  MemoryUsage of job (MB)
	98032  -  ResidentSetSize of job (KB)
...
006 (15560432.171.000) 2026-01-07 19:02:25 Image size of job updated: 695988
	128  -  MemoryUsage of job (MB)
	130968  -  ResidentSetSize of job (KB)
...
006 (15560432.171.000) 2026-01-07 19:07:26 Image size of job updated: 695988
	134  -  MemoryUsage of job (MB)
	137028  -  ResidentSetSize of job (KB)
...
040 (15560432.171.000) 2026-01-07 19:19:35 Started transferring output files
...
040 (15560432.171.000) 2026-01-07 19:19:35 Finished transferring output files
...
005 (15560432.171.000) 2026-01-07 19:19:35 Job terminated.
	(1) Normal termination (return value 0)
		Usr 0 00:21:17, Sys 0 00:01:00  -  Run Remote Usage
		Usr 0 00:00:00, Sys 0 00:00:00  -  Run Local Usage
		Usr 0 00:21:17, Sys 0 00:01:00  -  Total Remote Usage
		Usr 0 00:00:00, Sys 0 00:00:00  -  Total Local Usage
	387  -  Run Bytes Sent By Job
	144352  -  Run Bytes Received By Job
	387  -  Total Bytes Sent By Job
	144352  -  Total Bytes Received By Job
	Partitionable Resources :    Usage  Request Allocated 
	   Cpus                 :     1.00        1         1 
	   Disk (KB)            :   159     2097152   6681189 
	   Memory (MB)          :   134        4096      4096 
	   xferslots            :                           0 

	Job terminated of its own accord at 2026-01-08T00:19:35Z with exit-code 0.
...
