000 (15684821.534.000) 2026-01-19 15:56:21 Job submitted from host: <130.199.48.129:9618?addrs=130.199.48.129-9618&alias=rcas6009.rcf.bnl.gov&noUDP&sock=schedd_22421_101d>
...
040 (15684821.534.000) 2026-01-19 16:23:28 Started transferring input files
	Transferring to host: <130.199.151.20:9618?addrs=130.199.151.20-9618&alias=spool1598.sdcc.bnl.gov&noUDP&sock=slot1_17_29322_cc12_245655>
...
040 (15684821.534.000) 2026-01-19 16:23:28 Finished transferring input files
...
001 (15684821.534.000) 2026-01-19 16:23:29 Job executing on host: <130.199.151.20:9618?addrs=130.199.151.20-9618&alias=spool1598.sdcc.bnl.gov&noUDP&sock=startd_29313_4b3f>
...
006 (15684821.534.000) 2026-01-19 16:23:38 Image size of job updated: 205072
	78  -  MemoryUsage of job (MB)
	79212  -  ResidentSetSize of job (KB)
...
006 (15684821.534.000) 2026-01-19 16:28:38 Image size of job updated: 450300
	121  -  MemoryUsage of job (MB)
	123524  -  ResidentSetSize of job (KB)
...
006 (15684821.534.000) 2026-01-19 16:33:38 Image size of job updated: 450300
	121  -  MemoryUsage of job (MB)
	123528  -  ResidentSetSize of job (KB)
...
006 (15684821.534.000) 2026-01-19 16:48:39 Image size of job updated: 450300
	121  -  MemoryUsage of job (MB)
	123532  -  ResidentSetSize of job (KB)
...
040 (15684821.534.000) 2026-01-19 16:52:27 Started transferring output files
...
040 (15684821.534.000) 2026-01-19 16:52:27 Finished transferring output files
...
005 (15684821.534.000) 2026-01-19 16:52:27 Job terminated.
	(1) Normal termination (return value 0)
		Usr 0 00:26:38, Sys 0 00:00:17  -  Run Remote Usage
		Usr 0 00:00:00, Sys 0 00:00:00  -  Run Local Usage
		Usr 0 00:26:38, Sys 0 00:00:17  -  Total Remote Usage
		Usr 0 00:00:00, Sys 0 00:00:00  -  Total Local Usage
	247  -  Run Bytes Sent By Job
	148880  -  Run Bytes Received By Job
	247  -  Total Bytes Sent By Job
	148880  -  Total Bytes Received By Job
	Partitionable Resources :    Usage  Request Allocated 
	   Cpus                 :     0.89        1         1 
	   Disk (KB)            :   163     2097152   6681198 
	   Memory (MB)          :   121        4096      4096 
	   xferslots            :                           0 

	Job terminated of its own accord at 2026-01-19T21:52:26Z with exit-code 0.
...
