000 (15697407.216.000) 2026-01-21 18:36:41 Job submitted from host: <130.199.48.129:9618?addrs=130.199.48.129-9618&alias=rcas6009.rcf.bnl.gov&noUDP&sock=schedd_22421_101d>
...
040 (15697407.216.000) 2026-01-22 00:55:20 Started transferring input files
	Transferring to host: <130.199.186.66:9618?addrs=130.199.186.66-9618&alias=spool1829.sdcc.bnl.gov&noUDP&sock=slot1_5_93926_5593_262274>
...
040 (15697407.216.000) 2026-01-22 00:55:20 Finished transferring input files
...
001 (15697407.216.000) 2026-01-22 00:55:21 Job executing on host: <130.199.186.66:9618?addrs=130.199.186.66-9618&alias=spool1829.sdcc.bnl.gov&noUDP&sock=startd_93917_a4f5>
...
006 (15697407.216.000) 2026-01-22 00:55:30 Image size of job updated: 420980
	95  -  MemoryUsage of job (MB)
	97136  -  ResidentSetSize of job (KB)
...
006 (15697407.216.000) 2026-01-22 01:00:31 Image size of job updated: 450688
	115  -  MemoryUsage of job (MB)
	116788  -  ResidentSetSize of job (KB)
...
040 (15697407.216.000) 2026-01-22 01:12:09 Started transferring output files
...
040 (15697407.216.000) 2026-01-22 01:12:09 Finished transferring output files
...
005 (15697407.216.000) 2026-01-22 01:12:09 Job terminated.
	(1) Normal termination (return value 0)
		Usr 0 00:16:34, Sys 0 00:00:11  -  Run Remote Usage
		Usr 0 00:00:00, Sys 0 00:00:00  -  Run Local Usage
		Usr 0 00:16:34, Sys 0 00:00:11  -  Total Remote Usage
		Usr 0 00:00:00, Sys 0 00:00:00  -  Total Local Usage
	233  -  Run Bytes Sent By Job
	148880  -  Run Bytes Received By Job
	233  -  Total Bytes Sent By Job
	148880  -  Total Bytes Received By Job
	Partitionable Resources :    Usage  Request Allocated 
	   Cpus                 :     1.00        1         1 
	   Disk (KB)            :   163     2097152   6681577 
	   Memory (MB)          :   115        4096      4096 
	   xferslots            :                           0 

	Job terminated of its own accord at 2026-01-22T06:12:09Z with exit-code 0.
...
