000 (15690120.266.000) 2026-01-20 07:35:55 Job submitted from host: <130.199.48.129:9618?addrs=130.199.48.129-9618&alias=rcas6009.rcf.bnl.gov&noUDP&sock=schedd_22421_101d>
...
040 (15690120.266.000) 2026-01-21 03:22:57 Started transferring input files
	Transferring to host: <130.199.186.89:9618?addrs=130.199.186.89-9618&alias=spool1852.sdcc.bnl.gov&noUDP&sock=slot1_32_94012_d731_372376>
...
040 (15690120.266.000) 2026-01-21 03:22:57 Finished transferring input files
...
001 (15690120.266.000) 2026-01-21 03:22:58 Job executing on host: <130.199.186.89:9618?addrs=130.199.186.89-9618&alias=spool1852.sdcc.bnl.gov&noUDP&sock=startd_94003_dcbe>
...
006 (15690120.266.000) 2026-01-21 03:23:07 Image size of job updated: 697028
	110  -  MemoryUsage of job (MB)
	111692  -  ResidentSetSize of job (KB)
...
006 (15690120.266.000) 2026-01-21 03:28:08 Image size of job updated: 697508
	150  -  MemoryUsage of job (MB)
	152820  -  ResidentSetSize of job (KB)
...
006 (15690120.266.000) 2026-01-21 03:33:08 Image size of job updated: 697508
	150  -  MemoryUsage of job (MB)
	152836  -  ResidentSetSize of job (KB)
...
006 (15690120.266.000) 2026-01-21 03:43:10 Image size of job updated: 697508
	150  -  MemoryUsage of job (MB)
	152840  -  ResidentSetSize of job (KB)
...
006 (15690120.266.000) 2026-01-21 03:48:10 Image size of job updated: 697508
	150  -  MemoryUsage of job (MB)
	152864  -  ResidentSetSize of job (KB)
...
006 (15690120.266.000) 2026-01-21 04:03:11 Image size of job updated: 697508
	150  -  MemoryUsage of job (MB)
	152872  -  ResidentSetSize of job (KB)
...
006 (15690120.266.000) 2026-01-21 04:18:12 Image size of job updated: 697508
	156  -  MemoryUsage of job (MB)
	159164  -  ResidentSetSize of job (KB)
...
040 (15690120.266.000) 2026-01-21 04:19:06 Started transferring output files
...
040 (15690120.266.000) 2026-01-21 04:19:06 Finished transferring output files
...
005 (15690120.266.000) 2026-01-21 04:19:06 Job terminated.
	(1) Normal termination (return value 0)
		Usr 0 00:53:19, Sys 0 00:02:08  -  Run Remote Usage
		Usr 0 00:00:00, Sys 0 00:00:00  -  Run Local Usage
		Usr 0 00:53:19, Sys 0 00:02:08  -  Total Remote Usage
		Usr 0 00:00:00, Sys 0 00:00:00  -  Total Local Usage
	373  -  Run Bytes Sent By Job
	148880  -  Run Bytes Received By Job
	373  -  Total Bytes Sent By Job
	148880  -  Total Bytes Received By Job
	Partitionable Resources :    Usage  Request Allocated 
	   Cpus                 :     1.00        1         1 
	   Disk (KB)            :   164     2097152   6681569 
	   Memory (MB)          :   156        4096      4096 
	   xferslots            :                           0 

	Job terminated of its own accord at 2026-01-21T09:19:06Z with exit-code 0.
...
