000 (15554417.387.000) 2026-01-07 12:44:33 Job submitted from host: <130.199.48.129:9618?addrs=130.199.48.129-9618&alias=rcas6009.rcf.bnl.gov&noUDP&sock=schedd_22421_101d>
...
040 (15554417.387.000) 2026-01-07 13:37:34 Started transferring input files
	Transferring to host: <130.199.184.197:9618?addrs=130.199.184.197-9618&alias=spool1772.sdcc.bnl.gov&noUDP&sock=slot1_9_95968_3d78_188102>
...
040 (15554417.387.000) 2026-01-07 13:37:34 Finished transferring input files
...
001 (15554417.387.000) 2026-01-07 13:37:35 Job executing on host: <130.199.184.197:9618?addrs=130.199.184.197-9618&alias=spool1772.sdcc.bnl.gov&noUDP&sock=startd_95960_3a63>
...
006 (15554417.387.000) 2026-01-07 13:37:43 Image size of job updated: 106728
	73  -  MemoryUsage of job (MB)
	74260  -  ResidentSetSize of job (KB)
...
006 (15554417.387.000) 2026-01-07 13:38:30 Image size of job updated: 424568
	73  -  MemoryUsage of job (MB)
	74260  -  ResidentSetSize of job (KB)
...
040 (15554417.387.000) 2026-01-07 13:38:30 Started transferring output files
...
040 (15554417.387.000) 2026-01-07 13:38:30 Finished transferring output files
...
005 (15554417.387.000) 2026-01-07 13:38:30 Job terminated.
	(1) Normal termination (return value 0)
		Usr 0 00:00:53, Sys 0 00:00:01  -  Run Remote Usage
		Usr 0 00:00:00, Sys 0 00:00:00  -  Run Local Usage
		Usr 0 00:00:53, Sys 0 00:00:01  -  Total Remote Usage
		Usr 0 00:00:00, Sys 0 00:00:00  -  Total Local Usage
	83  -  Run Bytes Sent By Job
	144352  -  Run Bytes Received By Job
	83  -  Total Bytes Sent By Job
	144352  -  Total Bytes Received By Job
	Partitionable Resources :    Usage  Request Allocated 
	   Cpus                 :                 1         1 
	   Disk (KB)            :      153  2097152   6681570 
	   Memory (MB)          :       73     4096      4096 
	   xferslots            :                           0 

	Job terminated of its own accord at 2026-01-07T18:38:30Z with exit-code 0.
...
