000 (15697407.180.000) 2026-01-21 18:36:41 Job submitted from host: <130.199.48.129:9618?addrs=130.199.48.129-9618&alias=rcas6009.rcf.bnl.gov&noUDP&sock=schedd_22421_101d>
...
040 (15697407.180.000) 2026-01-21 23:50:21 Started transferring input files
	Transferring to host: <130.199.184.200:9618?addrs=130.199.184.200-9618&alias=spool1775.sdcc.bnl.gov&noUDP&sock=slot1_7_93907_4dc6_262635>
...
040 (15697407.180.000) 2026-01-21 23:50:21 Finished transferring input files
...
001 (15697407.180.000) 2026-01-21 23:50:22 Job executing on host: <130.199.184.200:9618?addrs=130.199.184.200-9618&alias=spool1775.sdcc.bnl.gov&noUDP&sock=startd_93898_a190>
...
006 (15697407.180.000) 2026-01-21 23:50:31 Image size of job updated: 95968
	75  -  MemoryUsage of job (MB)
	75876  -  ResidentSetSize of job (KB)
...
006 (15697407.180.000) 2026-01-21 23:55:32 Image size of job updated: 449716
	105  -  MemoryUsage of job (MB)
	106712  -  ResidentSetSize of job (KB)
...
040 (15697407.180.000) 2026-01-22 00:03:57 Started transferring output files
...
040 (15697407.180.000) 2026-01-22 00:03:57 Finished transferring output files
...
005 (15697407.180.000) 2026-01-22 00:03:57 Job terminated.
	(1) Normal termination (return value 0)
		Usr 0 00:13:23, Sys 0 00:00:09  -  Run Remote Usage
		Usr 0 00:00:00, Sys 0 00:00:00  -  Run Local Usage
		Usr 0 00:13:23, Sys 0 00:00:09  -  Total Remote Usage
		Usr 0 00:00:00, Sys 0 00:00:00  -  Total Local Usage
	191  -  Run Bytes Sent By Job
	148880  -  Run Bytes Received By Job
	191  -  Total Bytes Sent By Job
	148880  -  Total Bytes Received By Job
	Partitionable Resources :    Usage  Request Allocated 
	   Cpus                 :     1.00        1         1 
	   Disk (KB)            :   163     2097152   6681565 
	   Memory (MB)          :   105        4096      4096 
	   xferslots            :                           0 

	Job terminated of its own accord at 2026-01-22T05:03:57Z with exit-code 0.
...
