000 (16235385.586.000) 2026-01-23 10:57:28 Job submitted from host: <130.199.48.128:9618?addrs=130.199.48.128-9618&alias=rcas6008.rcf.bnl.gov&noUDP&sock=schedd_18725_535a>
...
040 (16235385.586.000) 2026-01-23 12:14:04 Started transferring input files
	Transferring to host: <130.199.186.75:9618?addrs=130.199.186.75-9618&alias=spool1838.sdcc.bnl.gov&noUDP&sock=slot1_36_24044_480e_267928>
...
040 (16235385.586.000) 2026-01-23 12:14:05 Finished transferring input files
...
001 (16235385.586.000) 2026-01-23 12:14:06 Job executing on host: <130.199.186.75:9618?addrs=130.199.186.75-9618&alias=spool1838.sdcc.bnl.gov&noUDP&sock=startd_24036_30a7>
...
006 (16235385.586.000) 2026-01-23 12:14:14 Image size of job updated: 342736
	40  -  MemoryUsage of job (MB)
	40732  -  ResidentSetSize of job (KB)
...
006 (16235385.586.000) 2026-01-23 12:19:14 Image size of job updated: 424200
	103  -  MemoryUsage of job (MB)
	104792  -  ResidentSetSize of job (KB)
...
006 (16235385.586.000) 2026-01-23 12:24:14 Image size of job updated: 424200
	103  -  MemoryUsage of job (MB)
	104892  -  ResidentSetSize of job (KB)
...
006 (16235385.586.000) 2026-01-23 12:29:15 Image size of job updated: 424200
	103  -  MemoryUsage of job (MB)
	104912  -  ResidentSetSize of job (KB)
...
040 (16235385.586.000) 2026-01-23 12:33:36 Started transferring output files
...
040 (16235385.586.000) 2026-01-23 12:33:36 Finished transferring output files
...
005 (16235385.586.000) 2026-01-23 12:33:36 Job terminated.
	(1) Normal termination (return value 0)
		Usr 0 00:19:06, Sys 0 00:00:13  -  Run Remote Usage
		Usr 0 00:00:00, Sys 0 00:00:00  -  Run Local Usage
		Usr 0 00:19:06, Sys 0 00:00:13  -  Total Remote Usage
		Usr 0 00:00:00, Sys 0 00:00:00  -  Total Local Usage
	233  -  Run Bytes Sent By Job
	148880  -  Run Bytes Received By Job
	233  -  Total Bytes Sent By Job
	148880  -  Total Bytes Received By Job
	Partitionable Resources :    Usage  Request Allocated 
	   Cpus                 :     1.00        1         1 
	   Disk (KB)            :   164     2097152   6681575 
	   Memory (MB)          :   103        4096      4096 
	   xferslots            :                           0 

	Job terminated of its own accord at 2026-01-23T17:33:36Z with exit-code 0.
...
