000 (15697407.183.000) 2026-01-21 18:36:41 Job submitted from host: <130.199.48.129:9618?addrs=130.199.48.129-9618&alias=rcas6009.rcf.bnl.gov&noUDP&sock=schedd_22421_101d>
...
040 (15697407.183.000) 2026-01-21 23:52:30 Started transferring input files
	Transferring to host: <130.199.186.71:9618?addrs=130.199.186.71-9618&alias=spool1834.sdcc.bnl.gov&noUDP&sock=slot1_2_94147_87df_339072>
...
040 (15697407.183.000) 2026-01-21 23:52:30 Finished transferring input files
...
001 (15697407.183.000) 2026-01-21 23:52:31 Job executing on host: <130.199.186.71:9618?addrs=130.199.186.71-9618&alias=spool1834.sdcc.bnl.gov&noUDP&sock=startd_94139_e791>
...
006 (15697407.183.000) 2026-01-21 23:52:39 Image size of job updated: 118388
	85  -  MemoryUsage of job (MB)
	86932  -  ResidentSetSize of job (KB)
...
006 (15697407.183.000) 2026-01-21 23:57:39 Image size of job updated: 450556
	139  -  MemoryUsage of job (MB)
	141340  -  ResidentSetSize of job (KB)
...
040 (15697407.183.000) 2026-01-22 00:22:00 Started transferring output files
...
040 (15697407.183.000) 2026-01-22 00:22:00 Finished transferring output files
...
005 (15697407.183.000) 2026-01-22 00:22:01 Job terminated.
	(1) Normal termination (return value 0)
		Usr 0 00:29:09, Sys 0 00:00:19  -  Run Remote Usage
		Usr 0 00:00:00, Sys 0 00:00:00  -  Run Local Usage
		Usr 0 00:29:09, Sys 0 00:00:19  -  Total Remote Usage
		Usr 0 00:00:00, Sys 0 00:00:00  -  Total Local Usage
	317  -  Run Bytes Sent By Job
	148880  -  Run Bytes Received By Job
	317  -  Total Bytes Sent By Job
	148880  -  Total Bytes Received By Job
	Partitionable Resources :    Usage  Request Allocated 
	   Cpus                 :     1.00        1         1 
	   Disk (KB)            :   164     2097152   6681572 
	   Memory (MB)          :   139        4096      4096 
	   xferslots            :                           0 

	Job terminated of its own accord at 2026-01-22T05:22:00Z with exit-code 0.
...
