000 (15684821.1140.000) 2026-01-19 15:56:23 Job submitted from host: <130.199.48.129:9618?addrs=130.199.48.129-9618&alias=rcas6009.rcf.bnl.gov&noUDP&sock=schedd_22421_101d>
...
040 (15684821.1140.000) 2026-01-19 16:32:21 Started transferring input files
	Transferring to host: <130.199.150.77:9618?addrs=130.199.150.77-9618&alias=spool1558.sdcc.bnl.gov&noUDP&sock=slot1_95_49269_921f_233671>
...
040 (15684821.1140.000) 2026-01-19 16:32:21 Finished transferring input files
...
001 (15684821.1140.000) 2026-01-19 16:32:22 Job executing on host: <130.199.150.77:9618?addrs=130.199.150.77-9618&alias=spool1558.sdcc.bnl.gov&noUDP&sock=startd_49259_f37d>
...
006 (15684821.1140.000) 2026-01-19 16:32:30 Image size of job updated: 100348
	68  -  MemoryUsage of job (MB)
	69408  -  ResidentSetSize of job (KB)
...
006 (15684821.1140.000) 2026-01-19 16:36:11 Image size of job updated: 424176
	68  -  MemoryUsage of job (MB)
	69408  -  ResidentSetSize of job (KB)
...
040 (15684821.1140.000) 2026-01-19 16:36:12 Started transferring output files
...
040 (15684821.1140.000) 2026-01-19 16:36:12 Finished transferring output files
...
005 (15684821.1140.000) 2026-01-19 16:36:12 Job terminated.
	(1) Normal termination (return value 0)
		Usr 0 00:03:26, Sys 0 00:00:02  -  Run Remote Usage
		Usr 0 00:00:00, Sys 0 00:00:00  -  Run Local Usage
		Usr 0 00:03:26, Sys 0 00:00:02  -  Total Remote Usage
		Usr 0 00:00:00, Sys 0 00:00:00  -  Total Local Usage
	109  -  Run Bytes Sent By Job
	148880  -  Run Bytes Received By Job
	109  -  Total Bytes Sent By Job
	148880  -  Total Bytes Received By Job
	Partitionable Resources :    Usage  Request Allocated 
	   Cpus                 :                 1         1 
	   Disk (KB)            :      157  2097152   6681195 
	   Memory (MB)          :       68     4096      4096 
	   xferslots            :                           0 

	Job terminated of its own accord at 2026-01-19T21:36:11Z with exit-code 0.
...
