000 (16235385.142.000) 2026-01-23 10:57:26 Job submitted from host: <130.199.48.128:9618?addrs=130.199.48.128-9618&alias=rcas6008.rcf.bnl.gov&noUDP&sock=schedd_18725_535a>
...
040 (16235385.142.000) 2026-01-23 11:33:26 Started transferring input files
	Transferring to host: <130.199.186.88:9618?addrs=130.199.186.88-9618&alias=spool1851.sdcc.bnl.gov&noUDP&sock=slot1_70_96118_01c7_326532>
...
040 (16235385.142.000) 2026-01-23 11:33:26 Finished transferring input files
...
001 (16235385.142.000) 2026-01-23 11:33:27 Job executing on host: <130.199.186.88:9618?addrs=130.199.186.88-9618&alias=spool1851.sdcc.bnl.gov&noUDP&sock=startd_96110_b380>
...
006 (16235385.142.000) 2026-01-23 11:33:36 Image size of job updated: 420020
	72  -  MemoryUsage of job (MB)
	73356  -  ResidentSetSize of job (KB)
...
006 (16235385.142.000) 2026-01-23 11:36:11 Image size of job updated: 449136
	73  -  MemoryUsage of job (MB)
	73920  -  ResidentSetSize of job (KB)
...
040 (16235385.142.000) 2026-01-23 11:36:11 Started transferring output files
...
040 (16235385.142.000) 2026-01-23 11:36:11 Finished transferring output files
...
005 (16235385.142.000) 2026-01-23 11:36:11 Job terminated.
	(1) Normal termination (return value 0)
		Usr 0 00:02:40, Sys 0 00:00:02  -  Run Remote Usage
		Usr 0 00:00:00, Sys 0 00:00:00  -  Run Local Usage
		Usr 0 00:02:40, Sys 0 00:00:02  -  Total Remote Usage
		Usr 0 00:00:00, Sys 0 00:00:00  -  Total Local Usage
	96  -  Run Bytes Sent By Job
	148880  -  Run Bytes Received By Job
	96  -  Total Bytes Sent By Job
	148880  -  Total Bytes Received By Job
	Partitionable Resources :    Usage  Request Allocated 
	   Cpus                 :     1.00        1         1 
	   Disk (KB)            :   163     2097152   6681618 
	   Memory (MB)          :    73        4096      4096 
	   xferslots            :                           0 

	Job terminated of its own accord at 2026-01-23T16:36:11Z with exit-code 0.
...
