000 (15560432.1153.000) 2026-01-07 17:58:18 Job submitted from host: <130.199.48.129:9618?addrs=130.199.48.129-9618&alias=rcas6009.rcf.bnl.gov&noUDP&sock=schedd_22421_101d>
...
040 (15560432.1153.000) 2026-01-07 21:01:42 Started transferring input files
	Transferring to host: <130.199.151.16:9618?addrs=130.199.151.16-9618&alias=spool1594.sdcc.bnl.gov&noUDP&sock=slot1_90_96956_d307_189649>
...
040 (15560432.1153.000) 2026-01-07 21:01:42 Finished transferring input files
...
001 (15560432.1153.000) 2026-01-07 21:01:43 Job executing on host: <130.199.151.16:9618?addrs=130.199.151.16-9618&alias=spool1594.sdcc.bnl.gov&noUDP&sock=startd_96947_99e2>
...
006 (15560432.1153.000) 2026-01-07 21:01:52 Image size of job updated: 99228
	67  -  MemoryUsage of job (MB)
	67880  -  ResidentSetSize of job (KB)
...
006 (15560432.1153.000) 2026-01-07 21:02:07 Image size of job updated: 423756
	67  -  MemoryUsage of job (MB)
	67880  -  ResidentSetSize of job (KB)
...
040 (15560432.1153.000) 2026-01-07 21:02:07 Started transferring output files
...
040 (15560432.1153.000) 2026-01-07 21:02:07 Finished transferring output files
...
005 (15560432.1153.000) 2026-01-07 21:02:07 Job terminated.
	(1) Normal termination (return value 0)
		Usr 0 00:00:21, Sys 0 00:00:00  -  Run Remote Usage
		Usr 0 00:00:00, Sys 0 00:00:00  -  Run Local Usage
		Usr 0 00:00:21, Sys 0 00:00:00  -  Total Remote Usage
		Usr 0 00:00:00, Sys 0 00:00:00  -  Total Local Usage
	57  -  Run Bytes Sent By Job
	144352  -  Run Bytes Received By Job
	57  -  Total Bytes Sent By Job
	144352  -  Total Bytes Received By Job
	Partitionable Resources :    Usage  Request Allocated 
	   Cpus                 :                 1         1 
	   Disk (KB)            :      153  2097152   6681187 
	   Memory (MB)          :       67     4096      4096 
	   xferslots            :                           0 

	Job terminated of its own accord at 2026-01-08T02:02:07Z with exit-code 0.
...
