000 (15684821.910.000) 2026-01-19 15:56:22 Job submitted from host: <130.199.48.129:9618?addrs=130.199.48.129-9618&alias=rcas6009.rcf.bnl.gov&noUDP&sock=schedd_22421_101d>
...
040 (15684821.910.000) 2026-01-19 16:30:38 Started transferring input files
	Transferring to host: <130.199.186.10:9618?addrs=130.199.186.10-9618&alias=spool1807.sdcc.bnl.gov&noUDP&sock=slot1_34_95813_c7f3_266361>
...
040 (15684821.910.000) 2026-01-19 16:30:38 Finished transferring input files
...
001 (15684821.910.000) 2026-01-19 16:30:39 Job executing on host: <130.199.186.10:9618?addrs=130.199.186.10-9618&alias=spool1807.sdcc.bnl.gov&noUDP&sock=startd_95805_2c2b>
...
006 (15684821.910.000) 2026-01-19 16:30:48 Image size of job updated: 204284
	68  -  MemoryUsage of job (MB)
	69004  -  ResidentSetSize of job (KB)
...
006 (15684821.910.000) 2026-01-19 16:35:49 Image size of job updated: 449440
	98  -  MemoryUsage of job (MB)
	99436  -  ResidentSetSize of job (KB)
...
040 (15684821.910.000) 2026-01-19 16:41:59 Started transferring output files
...
040 (15684821.910.000) 2026-01-19 16:41:59 Finished transferring output files
...
005 (15684821.910.000) 2026-01-19 16:41:59 Job terminated.
	(1) Normal termination (return value 0)
		Usr 0 00:10:43, Sys 0 00:00:09  -  Run Remote Usage
		Usr 0 00:00:00, Sys 0 00:00:00  -  Run Local Usage
		Usr 0 00:10:43, Sys 0 00:00:09  -  Total Remote Usage
		Usr 0 00:00:00, Sys 0 00:00:00  -  Total Local Usage
	163  -  Run Bytes Sent By Job
	148880  -  Run Bytes Received By Job
	163  -  Total Bytes Sent By Job
	148880  -  Total Bytes Received By Job
	Partitionable Resources :    Usage  Request Allocated 
	   Cpus                 :     0.98        1         1 
	   Disk (KB)            :   163     2097152   6681557 
	   Memory (MB)          :    98        4096      4096 
	   xferslots            :                           0 

	Job terminated of its own accord at 2026-01-19T21:41:59Z with exit-code 0.
...
