000 (15564188.361.000) 2026-01-07 21:29:40 Job submitted from host: <130.199.48.129:9618?addrs=130.199.48.129-9618&alias=rcas6009.rcf.bnl.gov&noUDP&sock=schedd_22421_101d>
...
040 (15564188.361.000) 2026-01-08 00:50:36 Started transferring input files
	Transferring to host: <130.199.186.89:9618?addrs=130.199.186.89-9618&alias=spool1852.sdcc.bnl.gov&noUDP&sock=slot1_11_94012_d731_245952>
...
040 (15564188.361.000) 2026-01-08 00:50:36 Finished transferring input files
...
001 (15564188.361.000) 2026-01-08 00:50:37 Job executing on host: <130.199.186.89:9618?addrs=130.199.186.89-9618&alias=spool1852.sdcc.bnl.gov&noUDP&sock=startd_94003_dcbe>
...
006 (15564188.361.000) 2026-01-08 00:50:46 Image size of job updated: 334028
	66  -  MemoryUsage of job (MB)
	67132  -  ResidentSetSize of job (KB)
...
006 (15564188.361.000) 2026-01-08 00:55:10 Image size of job updated: 448124
	66  -  MemoryUsage of job (MB)
	67132  -  ResidentSetSize of job (KB)
...
040 (15564188.361.000) 2026-01-08 00:55:10 Started transferring output files
...
040 (15564188.361.000) 2026-01-08 00:55:10 Finished transferring output files
...
005 (15564188.361.000) 2026-01-08 00:55:10 Job terminated.
	(1) Normal termination (return value 0)
		Usr 0 00:03:57, Sys 0 00:00:04  -  Run Remote Usage
		Usr 0 00:00:00, Sys 0 00:00:00  -  Run Local Usage
		Usr 0 00:03:57, Sys 0 00:00:04  -  Total Remote Usage
		Usr 0 00:00:00, Sys 0 00:00:00  -  Total Local Usage
	149  -  Run Bytes Sent By Job
	144352  -  Run Bytes Received By Job
	149  -  Total Bytes Sent By Job
	144352  -  Total Bytes Received By Job
	Partitionable Resources :    Usage  Request Allocated 
	   Cpus                 :                 1         1 
	   Disk (KB)            :      153  2097152   6681569 
	   Memory (MB)          :       66     4096      4096 
	   xferslots            :                           0 

	Job terminated of its own accord at 2026-01-08T05:55:10Z with exit-code 0.
...
