000 (15554417.493.000) 2026-01-07 12:44:33 Job submitted from host: <130.199.48.129:9618?addrs=130.199.48.129-9618&alias=rcas6009.rcf.bnl.gov&noUDP&sock=schedd_22421_101d>
...
040 (15554417.493.000) 2026-01-07 13:45:54 Started transferring input files
	Transferring to host: <130.199.150.70:9618?addrs=130.199.150.70-9618&alias=spool1551.sdcc.bnl.gov&noUDP&sock=slot1_94_94997_35a0_187788>
...
040 (15554417.493.000) 2026-01-07 13:45:54 Finished transferring input files
...
001 (15554417.493.000) 2026-01-07 13:45:55 Job executing on host: <130.199.150.70:9618?addrs=130.199.150.70-9618&alias=spool1551.sdcc.bnl.gov&noUDP&sock=startd_94985_a723>
...
006 (15554417.493.000) 2026-01-07 13:46:03 Image size of job updated: 100024
	68  -  MemoryUsage of job (MB)
	68812  -  ResidentSetSize of job (KB)
...
006 (15554417.493.000) 2026-01-07 13:46:20 Image size of job updated: 424428
	68  -  MemoryUsage of job (MB)
	68812  -  ResidentSetSize of job (KB)
...
040 (15554417.493.000) 2026-01-07 13:46:20 Started transferring output files
...
040 (15554417.493.000) 2026-01-07 13:46:20 Finished transferring output files
...
005 (15554417.493.000) 2026-01-07 13:46:20 Job terminated.
	(1) Normal termination (return value 0)
		Usr 0 00:00:24, Sys 0 00:00:00  -  Run Remote Usage
		Usr 0 00:00:00, Sys 0 00:00:00  -  Run Local Usage
		Usr 0 00:00:24, Sys 0 00:00:00  -  Total Remote Usage
		Usr 0 00:00:00, Sys 0 00:00:00  -  Total Local Usage
	57  -  Run Bytes Sent By Job
	144352  -  Run Bytes Received By Job
	57  -  Total Bytes Sent By Job
	144352  -  Total Bytes Received By Job
	Partitionable Resources :    Usage  Request Allocated 
	   Cpus                 :                 1         1 
	   Disk (KB)            :      152  2097152   6681189 
	   Memory (MB)          :       68     4096      4096 
	   xferslots            :                           0 

	Job terminated of its own accord at 2026-01-07T18:46:20Z with exit-code 0.
...
