000 (15684821.114.000) 2026-01-19 15:56:20 Job submitted from host: <130.199.48.129:9618?addrs=130.199.48.129-9618&alias=rcas6009.rcf.bnl.gov&noUDP&sock=schedd_22421_101d>
...
040 (15684821.114.000) 2026-01-19 16:03:46 Started transferring input files
	Transferring to host: <130.199.184.153:9618?addrs=130.199.184.153-9618&alias=spool1762.sdcc.bnl.gov&noUDP&sock=slot1_72_4843_6363_237761>
...
040 (15684821.114.000) 2026-01-19 16:03:46 Finished transferring input files
...
001 (15684821.114.000) 2026-01-19 16:03:47 Job executing on host: <130.199.184.153:9618?addrs=130.199.184.153-9618&alias=spool1762.sdcc.bnl.gov&noUDP&sock=startd_4834_ffdc>
...
006 (15684821.114.000) 2026-01-19 16:03:56 Image size of job updated: 447000
	89  -  MemoryUsage of job (MB)
	91064  -  ResidentSetSize of job (KB)
...
006 (15684821.114.000) 2026-01-19 16:08:57 Image size of job updated: 447000
	108  -  MemoryUsage of job (MB)
	109616  -  ResidentSetSize of job (KB)
...
040 (15684821.114.000) 2026-01-19 16:21:59 Started transferring output files
...
040 (15684821.114.000) 2026-01-19 16:21:59 Finished transferring output files
...
005 (15684821.114.000) 2026-01-19 16:21:59 Job terminated.
	(1) Normal termination (return value 0)
		Usr 0 00:17:21, Sys 0 00:00:16  -  Run Remote Usage
		Usr 0 00:00:00, Sys 0 00:00:00  -  Run Local Usage
		Usr 0 00:17:21, Sys 0 00:00:16  -  Total Remote Usage
		Usr 0 00:00:00, Sys 0 00:00:00  -  Total Local Usage
	219  -  Run Bytes Sent By Job
	148880  -  Run Bytes Received By Job
	219  -  Total Bytes Sent By Job
	148880  -  Total Bytes Received By Job
	Partitionable Resources :    Usage  Request Allocated 
	   Cpus                 :     0.95        1         1 
	   Disk (KB)            :   163     2097152   6681563 
	   Memory (MB)          :   108        4096      4096 
	   xferslots            :                           0 

	Job terminated of its own accord at 2026-01-19T21:21:59Z with exit-code 0.
...
