000 (16235385.1163.000) 2026-01-23 10:57:31 Job submitted from host: <130.199.48.128:9618?addrs=130.199.48.128-9618&alias=rcas6008.rcf.bnl.gov&noUDP&sock=schedd_18725_535a>
...
040 (16235385.1163.000) 2026-01-23 12:30:21 Started transferring input files
	Transferring to host: <130.199.184.153:9618?addrs=130.199.184.153-9618&alias=spool1762.sdcc.bnl.gov&noUDP&sock=slot1_84_4843_6363_255313>
...
040 (16235385.1163.000) 2026-01-23 12:30:21 Finished transferring input files
...
001 (16235385.1163.000) 2026-01-23 12:30:22 Job executing on host: <130.199.184.153:9618?addrs=130.199.184.153-9618&alias=spool1762.sdcc.bnl.gov&noUDP&sock=startd_4834_ffdc>
...
006 (16235385.1163.000) 2026-01-23 12:30:30 Image size of job updated: 420048
	72  -  MemoryUsage of job (MB)
	73664  -  ResidentSetSize of job (KB)
...
006 (16235385.1163.000) 2026-01-23 12:35:30 Image size of job updated: 449868
	99  -  MemoryUsage of job (MB)
	101036  -  ResidentSetSize of job (KB)
...
040 (16235385.1163.000) 2026-01-23 12:36:26 Started transferring output files
...
040 (16235385.1163.000) 2026-01-23 12:36:26 Finished transferring output files
...
005 (16235385.1163.000) 2026-01-23 12:36:26 Job terminated.
	(1) Normal termination (return value 0)
		Usr 0 00:05:59, Sys 0 00:00:03  -  Run Remote Usage
		Usr 0 00:00:00, Sys 0 00:00:00  -  Run Local Usage
		Usr 0 00:05:59, Sys 0 00:00:03  -  Total Remote Usage
		Usr 0 00:00:00, Sys 0 00:00:00  -  Total Local Usage
	177  -  Run Bytes Sent By Job
	148880  -  Run Bytes Received By Job
	177  -  Total Bytes Sent By Job
	148880  -  Total Bytes Received By Job
	Partitionable Resources :    Usage  Request Allocated 
	   Cpus                 :     1.00        1         1 
	   Disk (KB)            :   164     2097152   6681563 
	   Memory (MB)          :    99        4096      4096 
	   xferslots            :                           0 

	Job terminated of its own accord at 2026-01-23T17:36:26Z with exit-code 0.
...
