000 (15554417.472.000) 2026-01-07 12:44:33 Job submitted from host: <130.199.48.129:9618?addrs=130.199.48.129-9618&alias=rcas6009.rcf.bnl.gov&noUDP&sock=schedd_22421_101d>
...
040 (15554417.472.000) 2026-01-07 13:43:54 Started transferring input files
	Transferring to host: <130.199.151.10:9618?addrs=130.199.151.10-9618&alias=spool1588.sdcc.bnl.gov&noUDP&sock=slot1_32_94958_68fc_194392>
...
040 (15554417.472.000) 2026-01-07 13:43:54 Finished transferring input files
...
001 (15554417.472.000) 2026-01-07 13:43:55 Job executing on host: <130.199.151.10:9618?addrs=130.199.151.10-9618&alias=spool1588.sdcc.bnl.gov&noUDP&sock=startd_94950_9369>
...
006 (15554417.472.000) 2026-01-07 13:44:04 Image size of job updated: 141740
	108  -  MemoryUsage of job (MB)
	110332  -  ResidentSetSize of job (KB)
...
006 (15554417.472.000) 2026-01-07 13:49:05 Image size of job updated: 424580
	110  -  MemoryUsage of job (MB)
	112044  -  ResidentSetSize of job (KB)
...
040 (15554417.472.000) 2026-01-07 13:57:16 Started transferring output files
...
040 (15554417.472.000) 2026-01-07 13:57:16 Finished transferring output files
...
005 (15554417.472.000) 2026-01-07 13:57:16 Job terminated.
	(1) Normal termination (return value 0)
		Usr 0 00:13:10, Sys 0 00:00:09  -  Run Remote Usage
		Usr 0 00:00:00, Sys 0 00:00:00  -  Run Local Usage
		Usr 0 00:13:10, Sys 0 00:00:09  -  Total Remote Usage
		Usr 0 00:00:00, Sys 0 00:00:00  -  Total Local Usage
	303  -  Run Bytes Sent By Job
	144352  -  Run Bytes Received By Job
	303  -  Total Bytes Sent By Job
	144352  -  Total Bytes Received By Job
	Partitionable Resources :    Usage  Request Allocated 
	   Cpus                 :     1.00        1         1 
	   Disk (KB)            :   159     2097152   6681185 
	   Memory (MB)          :   110        4096      4096 
	   xferslots            :                           0 

	Job terminated of its own accord at 2026-01-07T18:57:16Z with exit-code 0.
...
