000 (15697407.1115.000) 2026-01-21 18:36:43 Job submitted from host: <130.199.48.129:9618?addrs=130.199.48.129-9618&alias=rcas6009.rcf.bnl.gov&noUDP&sock=schedd_22421_101d>
...
040 (15697407.1115.000) 2026-01-22 18:49:29 Started transferring input files
	Transferring to host: <130.199.186.28:9618?addrs=130.199.186.28-9618&alias=spool1825.sdcc.bnl.gov&noUDP&sock=slot1_40_94014_5146_274670>
...
040 (15697407.1115.000) 2026-01-22 18:49:29 Finished transferring input files
...
001 (15697407.1115.000) 2026-01-22 18:49:30 Job executing on host: <130.199.186.28:9618?addrs=130.199.186.28-9618&alias=spool1825.sdcc.bnl.gov&noUDP&sock=startd_94005_7ec9>
...
006 (15697407.1115.000) 2026-01-22 18:49:39 Image size of job updated: 420936
	68  -  MemoryUsage of job (MB)
	69248  -  ResidentSetSize of job (KB)
...
006 (15697407.1115.000) 2026-01-22 18:52:48 Image size of job updated: 424484
	68  -  MemoryUsage of job (MB)
	69248  -  ResidentSetSize of job (KB)
...
040 (15697407.1115.000) 2026-01-22 18:52:49 Started transferring output files
...
040 (15697407.1115.000) 2026-01-22 18:52:49 Finished transferring output files
...
005 (15697407.1115.000) 2026-01-22 18:52:49 Job terminated.
	(1) Normal termination (return value 0)
		Usr 0 00:02:57, Sys 0 00:00:03  -  Run Remote Usage
		Usr 0 00:00:00, Sys 0 00:00:00  -  Run Local Usage
		Usr 0 00:02:57, Sys 0 00:00:03  -  Total Remote Usage
		Usr 0 00:00:00, Sys 0 00:00:00  -  Total Local Usage
	109  -  Run Bytes Sent By Job
	148880  -  Run Bytes Received By Job
	109  -  Total Bytes Sent By Job
	148880  -  Total Bytes Received By Job
	Partitionable Resources :    Usage  Request Allocated 
	   Cpus                 :                 1         1 
	   Disk (KB)            :      157  2097152   6681577 
	   Memory (MB)          :       68     4096      4096 
	   xferslots            :                           0 

	Job terminated of its own accord at 2026-01-22T23:52:48Z with exit-code 0.
...
