000 (15697407.672.000) 2026-01-21 18:36:42 Job submitted from host: <130.199.48.129:9618?addrs=130.199.48.129-9618&alias=rcas6009.rcf.bnl.gov&noUDP&sock=schedd_22421_101d>
...
040 (15697407.672.000) 2026-01-22 13:40:54 Started transferring input files
	Transferring to host: <130.199.184.155:9618?addrs=130.199.184.155-9618&alias=spool1764.sdcc.bnl.gov&noUDP&sock=slot1_48_4372_9493_251503>
...
040 (15697407.672.000) 2026-01-22 13:40:54 Finished transferring input files
...
001 (15697407.672.000) 2026-01-22 13:40:55 Job executing on host: <130.199.184.155:9618?addrs=130.199.184.155-9618&alias=spool1764.sdcc.bnl.gov&noUDP&sock=startd_4355_66ea>
...
006 (15697407.672.000) 2026-01-22 13:41:04 Image size of job updated: 98236
	66  -  MemoryUsage of job (MB)
	66744  -  ResidentSetSize of job (KB)
...
006 (15697407.672.000) 2026-01-22 13:41:10 Image size of job updated: 423580
	66  -  MemoryUsage of job (MB)
	66744  -  ResidentSetSize of job (KB)
...
040 (15697407.672.000) 2026-01-22 13:41:10 Started transferring output files
...
040 (15697407.672.000) 2026-01-22 13:41:10 Finished transferring output files
...
005 (15697407.672.000) 2026-01-22 13:41:10 Job terminated.
	(1) Normal termination (return value 0)
		Usr 0 00:00:13, Sys 0 00:00:00  -  Run Remote Usage
		Usr 0 00:00:00, Sys 0 00:00:00  -  Run Local Usage
		Usr 0 00:00:13, Sys 0 00:00:00  -  Total Remote Usage
		Usr 0 00:00:00, Sys 0 00:00:00  -  Total Local Usage
	31  -  Run Bytes Sent By Job
	148880  -  Run Bytes Received By Job
	31  -  Total Bytes Sent By Job
	148880  -  Total Bytes Received By Job
	Partitionable Resources :    Usage  Request Allocated 
	   Cpus                 :                 1         1 
	   Disk (KB)            :      157  2097152   6681581 
	   Memory (MB)          :       66     4096      4096 
	   xferslots            :                           0 

	Job terminated of its own accord at 2026-01-22T18:41:10Z with exit-code 0.
...
