000 (16235385.173.000) 2026-01-23 10:57:26 Job submitted from host: <130.199.48.128:9618?addrs=130.199.48.128-9618&alias=rcas6008.rcf.bnl.gov&noUDP&sock=schedd_18725_535a>
...
040 (16235385.173.000) 2026-01-23 11:46:01 Started transferring input files
	Transferring to host: <130.199.151.31:9618?addrs=130.199.151.31-9618&alias=spool1609.sdcc.bnl.gov&noUDP&sock=slot1_48_94980_a7e9_254715>
...
040 (16235385.173.000) 2026-01-23 11:46:01 Finished transferring input files
...
001 (16235385.173.000) 2026-01-23 11:46:02 Job executing on host: <130.199.151.31:9618?addrs=130.199.151.31-9618&alias=spool1609.sdcc.bnl.gov&noUDP&sock=startd_94972_89de>
...
006 (16235385.173.000) 2026-01-23 11:46:11 Image size of job updated: 421856
	74  -  MemoryUsage of job (MB)
	75012  -  ResidentSetSize of job (KB)
...
006 (16235385.173.000) 2026-01-23 11:51:12 Image size of job updated: 448872
	103  -  MemoryUsage of job (MB)
	104600  -  ResidentSetSize of job (KB)
...
040 (16235385.173.000) 2026-01-23 11:56:25 Started transferring output files
...
040 (16235385.173.000) 2026-01-23 11:56:25 Finished transferring output files
...
005 (16235385.173.000) 2026-01-23 11:56:25 Job terminated.
	(1) Normal termination (return value 0)
		Usr 0 00:10:11, Sys 0 00:00:06  -  Run Remote Usage
		Usr 0 00:00:00, Sys 0 00:00:00  -  Run Local Usage
		Usr 0 00:10:11, Sys 0 00:00:06  -  Total Remote Usage
		Usr 0 00:00:00, Sys 0 00:00:00  -  Total Local Usage
	191  -  Run Bytes Sent By Job
	148880  -  Run Bytes Received By Job
	191  -  Total Bytes Sent By Job
	148880  -  Total Bytes Received By Job
	Partitionable Resources :    Usage  Request Allocated 
	   Cpus                 :     0.99        1         1 
	   Disk (KB)            :   164     2097152   6681162 
	   Memory (MB)          :   103        4096      4096 
	   xferslots            :                           0 

	Job terminated of its own accord at 2026-01-23T16:56:25Z with exit-code 0.
...
