000 (15564188.850.000) 2026-01-07 21:29:41 Job submitted from host: <130.199.48.129:9618?addrs=130.199.48.129-9618&alias=rcas6009.rcf.bnl.gov&noUDP&sock=schedd_22421_101d>
...
040 (15564188.850.000) 2026-01-08 01:54:13 Started transferring input files
	Transferring to host: <130.199.186.16:9618?addrs=130.199.186.16-9618&alias=spool1813.sdcc.bnl.gov&noUDP&sock=slot1_11_93983_6cf9_189137>
...
040 (15564188.850.000) 2026-01-08 01:54:13 Finished transferring input files
...
001 (15564188.850.000) 2026-01-08 01:54:14 Job executing on host: <130.199.186.16:9618?addrs=130.199.186.16-9618&alias=spool1813.sdcc.bnl.gov&noUDP&sock=startd_93974_af24>
...
006 (15564188.850.000) 2026-01-08 01:54:23 Image size of job updated: 420936
	70  -  MemoryUsage of job (MB)
	71276  -  ResidentSetSize of job (KB)
...
006 (15564188.850.000) 2026-01-08 01:58:42 Image size of job updated: 449264
	70  -  MemoryUsage of job (MB)
	71276  -  ResidentSetSize of job (KB)
...
040 (15564188.850.000) 2026-01-08 01:58:42 Started transferring output files
...
040 (15564188.850.000) 2026-01-08 01:58:42 Finished transferring output files
...
005 (15564188.850.000) 2026-01-08 01:58:42 Job terminated.
	(1) Normal termination (return value 0)
		Usr 0 00:04:07, Sys 0 00:00:04  -  Run Remote Usage
		Usr 0 00:00:00, Sys 0 00:00:00  -  Run Local Usage
		Usr 0 00:04:07, Sys 0 00:00:04  -  Total Remote Usage
		Usr 0 00:00:00, Sys 0 00:00:00  -  Total Local Usage
	163  -  Run Bytes Sent By Job
	144352  -  Run Bytes Received By Job
	163  -  Total Bytes Sent By Job
	144352  -  Total Bytes Received By Job
	Partitionable Resources :    Usage  Request Allocated 
	   Cpus                 :     0.99        1         1 
	   Disk (KB)            :   159     2097152   6681559 
	   Memory (MB)          :    70        4096      4096 
	   xferslots            :                           0 

	Job terminated of its own accord at 2026-01-08T06:58:42Z with exit-code 0.
...
