000 (15690120.1076.000) 2026-01-20 07:35:57 Job submitted from host: <130.199.48.129:9618?addrs=130.199.48.129-9618&alias=rcas6009.rcf.bnl.gov&noUDP&sock=schedd_22421_101d>
...
040 (15690120.1076.000) 2026-01-21 15:52:19 Started transferring input files
	Transferring to host: <130.199.186.27:9618?addrs=130.199.186.27-9618&alias=spool1824.sdcc.bnl.gov&noUDP&sock=slot1_59_94218_f5db_245391>
...
040 (15690120.1076.000) 2026-01-21 15:52:19 Finished transferring input files
...
001 (15690120.1076.000) 2026-01-21 15:52:20 Job executing on host: <130.199.186.27:9618?addrs=130.199.186.27-9618&alias=spool1824.sdcc.bnl.gov&noUDP&sock=startd_94209_0f05>
...
006 (15690120.1076.000) 2026-01-21 15:52:28 Image size of job updated: 110324
	77  -  MemoryUsage of job (MB)
	78848  -  ResidentSetSize of job (KB)
...
006 (15690120.1076.000) 2026-01-21 15:55:13 Image size of job updated: 448516
	77  -  MemoryUsage of job (MB)
	78848  -  ResidentSetSize of job (KB)
...
040 (15690120.1076.000) 2026-01-21 15:55:13 Started transferring output files
...
040 (15690120.1076.000) 2026-01-21 15:55:13 Finished transferring output files
...
005 (15690120.1076.000) 2026-01-21 15:55:13 Job terminated.
	(1) Normal termination (return value 0)
		Usr 0 00:02:49, Sys 0 00:00:02  -  Run Remote Usage
		Usr 0 00:00:00, Sys 0 00:00:00  -  Run Local Usage
		Usr 0 00:02:49, Sys 0 00:00:02  -  Total Remote Usage
		Usr 0 00:00:00, Sys 0 00:00:00  -  Total Local Usage
	96  -  Run Bytes Sent By Job
	148880  -  Run Bytes Received By Job
	96  -  Total Bytes Sent By Job
	148880  -  Total Bytes Received By Job
	Partitionable Resources :    Usage  Request Allocated 
	   Cpus                 :     0.99        1         1 
	   Disk (KB)            :   164     2097152   6681576 
	   Memory (MB)          :    77        4096      4096 
	   xferslots            :                           0 

	Job terminated of its own accord at 2026-01-21T20:55:13Z with exit-code 0.
...
