000 (15554417.168.000) 2026-01-07 12:44:32 Job submitted from host: <130.199.48.129:9618?addrs=130.199.48.129-9618&alias=rcas6009.rcf.bnl.gov&noUDP&sock=schedd_22421_101d>
...
040 (15554417.168.000) 2026-01-07 13:12:48 Started transferring input files
	Transferring to host: <130.199.150.89:9618?addrs=130.199.150.89-9618&alias=spool1570.sdcc.bnl.gov&noUDP&sock=slot1_69_96783_12c0_186519>
...
040 (15554417.168.000) 2026-01-07 13:12:48 Finished transferring input files
...
001 (15554417.168.000) 2026-01-07 13:12:49 Job executing on host: <130.199.150.89:9618?addrs=130.199.150.89-9618&alias=spool1570.sdcc.bnl.gov&noUDP&sock=startd_96764_af15>
...
006 (15554417.168.000) 2026-01-07 13:12:58 Image size of job updated: 98700
	66  -  MemoryUsage of job (MB)
	67244  -  ResidentSetSize of job (KB)
...
006 (15554417.168.000) 2026-01-07 13:13:03 Image size of job updated: 450188
	66  -  MemoryUsage of job (MB)
	67244  -  ResidentSetSize of job (KB)
...
040 (15554417.168.000) 2026-01-07 13:13:03 Started transferring output files
...
040 (15554417.168.000) 2026-01-07 13:13:03 Finished transferring output files
...
005 (15554417.168.000) 2026-01-07 13:13:04 Job terminated.
	(1) Normal termination (return value 0)
		Usr 0 00:00:13, Sys 0 00:00:00  -  Run Remote Usage
		Usr 0 00:00:00, Sys 0 00:00:00  -  Run Local Usage
		Usr 0 00:00:13, Sys 0 00:00:00  -  Total Remote Usage
		Usr 0 00:00:00, Sys 0 00:00:00  -  Total Local Usage
	44  -  Run Bytes Sent By Job
	144352  -  Run Bytes Received By Job
	44  -  Total Bytes Sent By Job
	144352  -  Total Bytes Received By Job
	Partitionable Resources :    Usage  Request Allocated 
	   Cpus                 :                 1         1 
	   Disk (KB)            :      152  2097152   6681178 
	   Memory (MB)          :       66     4096      4096 
	   xferslots            :                           0 

	Job terminated of its own accord at 2026-01-07T18:13:03Z with exit-code 0.
...
