000 (16235385.1180.000) 2026-01-23 10:57:31 Job submitted from host: <130.199.48.128:9618?addrs=130.199.48.128-9618&alias=rcas6008.rcf.bnl.gov&noUDP&sock=schedd_18725_535a>
...
040 (16235385.1180.000) 2026-01-23 12:30:34 Started transferring input files
	Transferring to host: <130.199.150.78:9618?addrs=130.199.150.78-9618&alias=spool1559.sdcc.bnl.gov&noUDP&sock=slot1_27_24669_cf59_263180>
...
040 (16235385.1180.000) 2026-01-23 12:30:34 Finished transferring input files
...
001 (16235385.1180.000) 2026-01-23 12:30:35 Job executing on host: <130.199.150.78:9618?addrs=130.199.150.78-9618&alias=spool1559.sdcc.bnl.gov&noUDP&sock=startd_24661_fea2>
...
006 (16235385.1180.000) 2026-01-23 12:30:43 Image size of job updated: 419728
	62  -  MemoryUsage of job (MB)
	63144  -  ResidentSetSize of job (KB)
...
006 (16235385.1180.000) 2026-01-23 12:30:56 Image size of job updated: 421904
	62  -  MemoryUsage of job (MB)
	63144  -  ResidentSetSize of job (KB)
...
040 (16235385.1180.000) 2026-01-23 12:30:56 Started transferring output files
...
040 (16235385.1180.000) 2026-01-23 12:30:56 Finished transferring output files
...
005 (16235385.1180.000) 2026-01-23 12:30:56 Job terminated.
	(1) Normal termination (return value 0)
		Usr 0 00:00:20, Sys 0 00:00:00  -  Run Remote Usage
		Usr 0 00:00:00, Sys 0 00:00:00  -  Run Local Usage
		Usr 0 00:00:20, Sys 0 00:00:00  -  Total Remote Usage
		Usr 0 00:00:00, Sys 0 00:00:00  -  Total Local Usage
	44  -  Run Bytes Sent By Job
	148880  -  Run Bytes Received By Job
	44  -  Total Bytes Sent By Job
	148880  -  Total Bytes Received By Job
	Partitionable Resources :    Usage  Request Allocated 
	   Cpus                 :                 1         1 
	   Disk (KB)            :      157  2097152   6681170 
	   Memory (MB)          :       62     4096      4096 
	   xferslots            :                           0 

	Job terminated of its own accord at 2026-01-23T17:30:56Z with exit-code 0.
...
