000 (15690120.594.000) 2026-01-20 07:35:56 Job submitted from host: <130.199.48.129:9618?addrs=130.199.48.129-9618&alias=rcas6009.rcf.bnl.gov&noUDP&sock=schedd_22421_101d>
...
040 (15690120.594.000) 2026-01-21 10:19:08 Started transferring input files
	Transferring to host: <130.199.151.29:9618?addrs=130.199.151.29-9618&alias=spool1607.sdcc.bnl.gov&noUDP&sock=slot1_5_96586_9977_244791>
...
040 (15690120.594.000) 2026-01-21 10:19:09 Finished transferring input files
...
001 (15690120.594.000) 2026-01-21 10:19:10 Job executing on host: <130.199.151.29:9618?addrs=130.199.151.29-9618&alias=spool1607.sdcc.bnl.gov&noUDP&sock=startd_96578_d139>
...
006 (15690120.594.000) 2026-01-21 10:19:18 Image size of job updated: 422560
	65  -  MemoryUsage of job (MB)
	65732  -  ResidentSetSize of job (KB)
...
040 (15690120.594.000) 2026-01-21 10:19:20 Started transferring output files
...
040 (15690120.594.000) 2026-01-21 10:19:20 Finished transferring output files
...
005 (15690120.594.000) 2026-01-21 10:19:20 Job terminated.
	(1) Normal termination (return value 0)
		Usr 0 00:00:08, Sys 0 00:00:00  -  Run Remote Usage
		Usr 0 00:00:00, Sys 0 00:00:00  -  Run Local Usage
		Usr 0 00:00:08, Sys 0 00:00:00  -  Total Remote Usage
		Usr 0 00:00:00, Sys 0 00:00:00  -  Total Local Usage
	31  -  Run Bytes Sent By Job
	148880  -  Run Bytes Received By Job
	31  -  Total Bytes Sent By Job
	148880  -  Total Bytes Received By Job
	Partitionable Resources :    Usage  Request Allocated 
	   Cpus                 :                 1         1 
	   Disk (KB)            :      157  2097152   6681126 
	   Memory (MB)          :       65     4096      4096 
	   xferslots            :                           0 

	Job terminated of its own accord at 2026-01-21T15:19:19Z with exit-code 0.
...
