000 (15564188.1084.000) 2026-01-07 21:29:42 Job submitted from host: <130.199.48.129:9618?addrs=130.199.48.129-9618&alias=rcas6009.rcf.bnl.gov&noUDP&sock=schedd_22421_101d>
...
040 (15564188.1084.000) 2026-01-08 02:10:07 Started transferring input files
	Transferring to host: <130.199.186.86:9618?addrs=130.199.186.86-9618&alias=spool1849.sdcc.bnl.gov&noUDP&sock=slot1_5_24370_03c5_190800>
...
040 (15564188.1084.000) 2026-01-08 02:10:07 Finished transferring input files
...
001 (15564188.1084.000) 2026-01-08 02:10:08 Job executing on host: <130.199.186.86:9618?addrs=130.199.186.86-9618&alias=spool1849.sdcc.bnl.gov&noUDP&sock=startd_24362_5d6c>
...
006 (15564188.1084.000) 2026-01-08 02:10:17 Image size of job updated: 101592
	69  -  MemoryUsage of job (MB)
	70516  -  ResidentSetSize of job (KB)
...
006 (15564188.1084.000) 2026-01-08 02:12:27 Image size of job updated: 424316
	69  -  MemoryUsage of job (MB)
	70516  -  ResidentSetSize of job (KB)
...
040 (15564188.1084.000) 2026-01-08 02:12:27 Started transferring output files
...
040 (15564188.1084.000) 2026-01-08 02:12:27 Finished transferring output files
...
005 (15564188.1084.000) 2026-01-08 02:12:27 Job terminated.
	(1) Normal termination (return value 0)
		Usr 0 00:02:08, Sys 0 00:00:03  -  Run Remote Usage
		Usr 0 00:00:00, Sys 0 00:00:00  -  Run Local Usage
		Usr 0 00:02:08, Sys 0 00:00:03  -  Total Remote Usage
		Usr 0 00:00:00, Sys 0 00:00:00  -  Total Local Usage
	122  -  Run Bytes Sent By Job
	144352  -  Run Bytes Received By Job
	122  -  Total Bytes Sent By Job
	144352  -  Total Bytes Received By Job
	Partitionable Resources :    Usage  Request Allocated 
	   Cpus                 :     0.96        1         1 
	   Disk (KB)            :   159     2097152   6681508 
	   Memory (MB)          :    69        4096      4096 
	   xferslots            :                           0 

	Job terminated of its own accord at 2026-01-08T07:12:27Z with exit-code 0.
...
