000 (15560432.201.000) 2026-01-07 17:58:15 Job submitted from host: <130.199.48.129:9618?addrs=130.199.48.129-9618&alias=rcas6009.rcf.bnl.gov&noUDP&sock=schedd_22421_101d>
...
040 (15560432.201.000) 2026-01-07 19:11:49 Started transferring input files
	Transferring to host: <130.199.150.90:9618?addrs=130.199.150.90-9618&alias=spool1571.sdcc.bnl.gov&noUDP&sock=slot1_41_94964_d73c_182035>
...
040 (15560432.201.000) 2026-01-07 19:11:49 Finished transferring input files
...
001 (15560432.201.000) 2026-01-07 19:11:50 Job executing on host: <130.199.150.90:9618?addrs=130.199.150.90-9618&alias=spool1571.sdcc.bnl.gov&noUDP&sock=startd_94955_2884>
...
006 (15560432.201.000) 2026-01-07 19:11:59 Image size of job updated: 155024
	121  -  MemoryUsage of job (MB)
	123604  -  ResidentSetSize of job (KB)
...
006 (15560432.201.000) 2026-01-07 19:17:00 Image size of job updated: 639916
	140  -  MemoryUsage of job (MB)
	143008  -  ResidentSetSize of job (KB)
...
006 (15560432.201.000) 2026-01-07 19:22:00 Image size of job updated: 639916
	165  -  MemoryUsage of job (MB)
	168540  -  ResidentSetSize of job (KB)
...
006 (15560432.201.000) 2026-01-07 19:35:00 Image size of job updated: 647868
	165  -  MemoryUsage of job (MB)
	168540  -  ResidentSetSize of job (KB)
...
040 (15560432.201.000) 2026-01-07 19:35:00 Started transferring output files
...
040 (15560432.201.000) 2026-01-07 19:35:00 Finished transferring output files
...
005 (15560432.201.000) 2026-01-07 19:35:00 Job terminated.
	(1) Normal termination (return value 0)
		Usr 0 00:22:14, Sys 0 00:00:54  -  Run Remote Usage
		Usr 0 00:00:00, Sys 0 00:00:00  -  Run Local Usage
		Usr 0 00:22:14, Sys 0 00:00:54  -  Total Remote Usage
		Usr 0 00:00:00, Sys 0 00:00:00  -  Total Local Usage
	387  -  Run Bytes Sent By Job
	144352  -  Run Bytes Received By Job
	387  -  Total Bytes Sent By Job
	144352  -  Total Bytes Received By Job
	Partitionable Resources :    Usage  Request Allocated 
	   Cpus                 :     1.00        1         1 
	   Disk (KB)            :   159     2097152   6681189 
	   Memory (MB)          :   165        4096      4096 
	   xferslots            :                           0 

	Job terminated of its own accord at 2026-01-08T00:35:00Z with exit-code 0.
...
