000 (15554417.411.000) 2026-01-07 12:44:33 Job submitted from host: <130.199.48.129:9618?addrs=130.199.48.129-9618&alias=rcas6009.rcf.bnl.gov&noUDP&sock=schedd_22421_101d>
...
040 (15554417.411.000) 2026-01-07 13:38:50 Started transferring input files
	Transferring to host: <130.199.150.96:9618?addrs=130.199.150.96-9618&alias=spool1577.sdcc.bnl.gov&noUDP&sock=slot1_48_24963_e9b7_184314>
...
040 (15554417.411.000) 2026-01-07 13:38:50 Finished transferring input files
...
001 (15554417.411.000) 2026-01-07 13:38:51 Job executing on host: <130.199.150.96:9618?addrs=130.199.150.96-9618&alias=spool1577.sdcc.bnl.gov&noUDP&sock=startd_24954_b9b8>
...
006 (15554417.411.000) 2026-01-07 13:39:00 Image size of job updated: 421712
	105  -  MemoryUsage of job (MB)
	106684  -  ResidentSetSize of job (KB)
...
006 (15554417.411.000) 2026-01-07 13:44:01 Image size of job updated: 424188
	107  -  MemoryUsage of job (MB)
	109176  -  ResidentSetSize of job (KB)
...
006 (15554417.411.000) 2026-01-07 13:49:01 Image size of job updated: 424800
	108  -  MemoryUsage of job (MB)
	109788  -  ResidentSetSize of job (KB)
...
040 (15554417.411.000) 2026-01-07 13:51:50 Started transferring output files
...
040 (15554417.411.000) 2026-01-07 13:51:50 Finished transferring output files
...
005 (15554417.411.000) 2026-01-07 13:51:50 Job terminated.
	(1) Normal termination (return value 0)
		Usr 0 00:12:46, Sys 0 00:00:11  -  Run Remote Usage
		Usr 0 00:00:00, Sys 0 00:00:00  -  Run Local Usage
		Usr 0 00:12:46, Sys 0 00:00:11  -  Total Remote Usage
		Usr 0 00:00:00, Sys 0 00:00:00  -  Total Local Usage
	289  -  Run Bytes Sent By Job
	144352  -  Run Bytes Received By Job
	289  -  Total Bytes Sent By Job
	144352  -  Total Bytes Received By Job
	Partitionable Resources :    Usage  Request Allocated 
	   Cpus                 :     0.99        1         1 
	   Disk (KB)            :   159     2097152   6681182 
	   Memory (MB)          :   108        4096      4096 
	   xferslots            :                           0 

	Job terminated of its own accord at 2026-01-07T18:51:50Z with exit-code 0.
...
