000 (15564188.352.000) 2026-01-07 21:29:40 Job submitted from host: <130.199.48.129:9618?addrs=130.199.48.129-9618&alias=rcas6009.rcf.bnl.gov&noUDP&sock=schedd_22421_101d>
...
040 (15564188.352.000) 2026-01-08 00:49:35 Started transferring input files
	Transferring to host: <130.199.150.96:9618?addrs=130.199.150.96-9618&alias=spool1577.sdcc.bnl.gov&noUDP&sock=slot1_21_24963_e9b7_185868>
...
040 (15564188.352.000) 2026-01-08 00:49:35 Finished transferring input files
...
001 (15564188.352.000) 2026-01-08 00:49:37 Job executing on host: <130.199.150.96:9618?addrs=130.199.150.96-9618&alias=spool1577.sdcc.bnl.gov&noUDP&sock=startd_24954_b9b8>
...
006 (15564188.352.000) 2026-01-08 00:49:45 Image size of job updated: 342752
	62  -  MemoryUsage of job (MB)
	62652  -  ResidentSetSize of job (KB)
...
006 (15564188.352.000) 2026-01-08 00:50:16 Image size of job updated: 423680
	62  -  MemoryUsage of job (MB)
	62652  -  ResidentSetSize of job (KB)
...
040 (15564188.352.000) 2026-01-08 00:50:17 Started transferring output files
...
040 (15564188.352.000) 2026-01-08 00:50:17 Finished transferring output files
...
005 (15564188.352.000) 2026-01-08 00:50:17 Job terminated.
	(1) Normal termination (return value 0)
		Usr 0 00:00:29, Sys 0 00:00:00  -  Run Remote Usage
		Usr 0 00:00:00, Sys 0 00:00:00  -  Run Local Usage
		Usr 0 00:00:29, Sys 0 00:00:00  -  Total Remote Usage
		Usr 0 00:00:00, Sys 0 00:00:00  -  Total Local Usage
	57  -  Run Bytes Sent By Job
	144352  -  Run Bytes Received By Job
	57  -  Total Bytes Sent By Job
	144352  -  Total Bytes Received By Job
	Partitionable Resources :    Usage  Request Allocated 
	   Cpus                 :     0.12        1         1 
	   Disk (KB)            :   159     2097152   6681182 
	   Memory (MB)          :    62        4096      4096 
	   xferslots            :                           0 

	Job terminated of its own accord at 2026-01-08T05:50:16Z with exit-code 0.
...
