000 (15697407.296.000) 2026-01-21 18:36:41 Job submitted from host: <130.199.48.129:9618?addrs=130.199.48.129-9618&alias=rcas6009.rcf.bnl.gov&noUDP&sock=schedd_22421_101d>
...
040 (15697407.296.000) 2026-01-22 04:36:01 Started transferring input files
	Transferring to host: <130.199.186.24:9618?addrs=130.199.186.24-9618&alias=spool1821.sdcc.bnl.gov&noUDP&sock=slot1_45_24323_4ecb_272035>
...
040 (15697407.296.000) 2026-01-22 04:36:01 Finished transferring input files
...
001 (15697407.296.000) 2026-01-22 04:36:02 Job executing on host: <130.199.186.24:9618?addrs=130.199.186.24-9618&alias=spool1821.sdcc.bnl.gov&noUDP&sock=startd_24313_db68>
...
006 (15697407.296.000) 2026-01-22 04:36:11 Image size of job updated: 422752
	75  -  MemoryUsage of job (MB)
	76560  -  ResidentSetSize of job (KB)
...
006 (15697407.296.000) 2026-01-22 04:41:12 Image size of job updated: 450704
	106  -  MemoryUsage of job (MB)
	107628  -  ResidentSetSize of job (KB)
...
006 (15697407.296.000) 2026-01-22 04:46:12 Image size of job updated: 450704
	106  -  MemoryUsage of job (MB)
	107632  -  ResidentSetSize of job (KB)
...
040 (15697407.296.000) 2026-01-22 04:48:47 Started transferring output files
...
040 (15697407.296.000) 2026-01-22 04:48:47 Finished transferring output files
...
005 (15697407.296.000) 2026-01-22 04:48:47 Job terminated.
	(1) Normal termination (return value 0)
		Usr 0 00:12:31, Sys 0 00:00:10  -  Run Remote Usage
		Usr 0 00:00:00, Sys 0 00:00:00  -  Run Local Usage
		Usr 0 00:12:31, Sys 0 00:00:10  -  Total Remote Usage
		Usr 0 00:00:00, Sys 0 00:00:00  -  Total Local Usage
	191  -  Run Bytes Sent By Job
	148880  -  Run Bytes Received By Job
	191  -  Total Bytes Sent By Job
	148880  -  Total Bytes Received By Job
	Partitionable Resources :    Usage  Request Allocated 
	   Cpus                 :     0.99        1         1 
	   Disk (KB)            :   164     2097152   6681588 
	   Memory (MB)          :   106        4096      4096 
	   xferslots            :                           0 

	Job terminated of its own accord at 2026-01-22T09:48:46Z with exit-code 0.
...
