000 (15697407.240.000) 2026-01-21 18:36:41 Job submitted from host: <130.199.48.129:9618?addrs=130.199.48.129-9618&alias=rcas6009.rcf.bnl.gov&noUDP&sock=schedd_22421_101d>
...
040 (15697407.240.000) 2026-01-22 02:06:42 Started transferring input files
	Transferring to host: <130.199.150.86:9618?addrs=130.199.150.86-9618&alias=spool1567.sdcc.bnl.gov&noUDP&sock=slot1_16_23144_ae33_253213>
...
040 (15697407.240.000) 2026-01-22 02:06:42 Finished transferring input files
...
001 (15697407.240.000) 2026-01-22 02:06:43 Job executing on host: <130.199.150.86:9618?addrs=130.199.150.86-9618&alias=spool1567.sdcc.bnl.gov&noUDP&sock=startd_23135_08f1>
...
006 (15697407.240.000) 2026-01-22 02:06:51 Image size of job updated: 635760
	52  -  MemoryUsage of job (MB)
	52912  -  ResidentSetSize of job (KB)
...
006 (15697407.240.000) 2026-01-22 02:11:51 Image size of job updated: 695012
	141  -  MemoryUsage of job (MB)
	143812  -  ResidentSetSize of job (KB)
...
006 (15697407.240.000) 2026-01-22 02:16:53 Image size of job updated: 695012
	142  -  MemoryUsage of job (MB)
	144748  -  ResidentSetSize of job (KB)
...
006 (15697407.240.000) 2026-01-22 02:21:53 Image size of job updated: 695012
	142  -  MemoryUsage of job (MB)
	144764  -  ResidentSetSize of job (KB)
...
006 (15697407.240.000) 2026-01-22 02:41:55 Image size of job updated: 695012
	142  -  MemoryUsage of job (MB)
	144832  -  ResidentSetSize of job (KB)
...
006 (15697407.240.000) 2026-01-22 02:51:56 Image size of job updated: 695012
	142  -  MemoryUsage of job (MB)
	144900  -  ResidentSetSize of job (KB)
...
006 (15697407.240.000) 2026-01-22 02:56:56 Image size of job updated: 695012
	142  -  MemoryUsage of job (MB)
	144916  -  ResidentSetSize of job (KB)
...
006 (15697407.240.000) 2026-01-22 03:01:56 Image size of job updated: 695012
	147  -  MemoryUsage of job (MB)
	149872  -  ResidentSetSize of job (KB)
...
040 (15697407.240.000) 2026-01-22 03:01:58 Started transferring output files
...
040 (15697407.240.000) 2026-01-22 03:01:58 Finished transferring output files
...
005 (15697407.240.000) 2026-01-22 03:01:58 Job terminated.
	(1) Normal termination (return value 0)
		Usr 0 00:53:06, Sys 0 00:01:57  -  Run Remote Usage
		Usr 0 00:00:00, Sys 0 00:00:00  -  Run Local Usage
		Usr 0 00:53:06, Sys 0 00:01:57  -  Total Remote Usage
		Usr 0 00:00:00, Sys 0 00:00:00  -  Total Local Usage
	359  -  Run Bytes Sent By Job
	148880  -  Run Bytes Received By Job
	359  -  Total Bytes Sent By Job
	148880  -  Total Bytes Received By Job
	Partitionable Resources :    Usage  Request Allocated 
	   Cpus                 :     0.99        1         1 
	   Disk (KB)            :   164     2097152   6681178 
	   Memory (MB)          :   147        4096      4096 
	   xferslots            :                           0 

	Job terminated of its own accord at 2026-01-22T08:01:58Z with exit-code 0.
...
