000 (15690120.048.000) 2026-01-20 07:35:54 Job submitted from host: <130.199.48.129:9618?addrs=130.199.48.129-9618&alias=rcas6009.rcf.bnl.gov&noUDP&sock=schedd_22421_101d>
...
040 (15690120.048.000) 2026-01-20 21:24:46 Started transferring input files
	Transferring to host: <130.199.151.27:9618?addrs=130.199.151.27-9618&alias=spool1605.sdcc.bnl.gov&noUDP&sock=slot1_93_96592_07b7_247862>
...
040 (15690120.048.000) 2026-01-20 21:24:46 Finished transferring input files
...
001 (15690120.048.000) 2026-01-20 21:24:47 Job executing on host: <130.199.151.27:9618?addrs=130.199.151.27-9618&alias=spool1605.sdcc.bnl.gov&noUDP&sock=startd_96583_6653>
...
006 (15690120.048.000) 2026-01-20 21:24:56 Image size of job updated: 421572
	80  -  MemoryUsage of job (MB)
	81864  -  ResidentSetSize of job (KB)
...
006 (15690120.048.000) 2026-01-20 21:29:57 Image size of job updated: 450696
	125  -  MemoryUsage of job (MB)
	127112  -  ResidentSetSize of job (KB)
...
006 (15690120.048.000) 2026-01-20 21:39:57 Image size of job updated: 450696
	125  -  MemoryUsage of job (MB)
	127116  -  ResidentSetSize of job (KB)
...
040 (15690120.048.000) 2026-01-20 21:49:12 Started transferring output files
...
040 (15690120.048.000) 2026-01-20 21:49:12 Finished transferring output files
...
005 (15690120.048.000) 2026-01-20 21:49:12 Job terminated.
	(1) Normal termination (return value 0)
		Usr 0 00:23:33, Sys 0 00:00:18  -  Run Remote Usage
		Usr 0 00:00:00, Sys 0 00:00:00  -  Run Local Usage
		Usr 0 00:23:33, Sys 0 00:00:18  -  Total Remote Usage
		Usr 0 00:00:00, Sys 0 00:00:00  -  Total Local Usage
	261  -  Run Bytes Sent By Job
	148880  -  Run Bytes Received By Job
	261  -  Total Bytes Sent By Job
	148880  -  Total Bytes Received By Job
	Partitionable Resources :    Usage  Request Allocated 
	   Cpus                 :     0.95        1         1 
	   Disk (KB)            :   163     2097152   6681198 
	   Memory (MB)          :   125        4096      4096 
	   xferslots            :                           0 

	Job terminated of its own accord at 2026-01-21T02:49:11Z with exit-code 0.
...
