000 (16235385.818.000) 2026-01-23 10:57:29 Job submitted from host: <130.199.48.128:9618?addrs=130.199.48.128-9618&alias=rcas6008.rcf.bnl.gov&noUDP&sock=schedd_18725_535a>
...
040 (16235385.818.000) 2026-01-23 12:23:43 Started transferring input files
	Transferring to host: <130.199.151.11:9618?addrs=130.199.151.11-9618&alias=spool1589.sdcc.bnl.gov&noUDP&sock=slot1_24_95006_db01_264519>
...
040 (16235385.818.000) 2026-01-23 12:23:43 Finished transferring input files
...
001 (16235385.818.000) 2026-01-23 12:23:44 Job executing on host: <130.199.151.11:9618?addrs=130.199.151.11-9618&alias=spool1589.sdcc.bnl.gov&noUDP&sock=startd_94997_7363>
...
006 (16235385.818.000) 2026-01-23 12:23:52 Image size of job updated: 420960
	73  -  MemoryUsage of job (MB)
	74336  -  ResidentSetSize of job (KB)
...
006 (16235385.818.000) 2026-01-23 12:28:52 Image size of job updated: 424288
	93  -  MemoryUsage of job (MB)
	94644  -  ResidentSetSize of job (KB)
...
006 (16235385.818.000) 2026-01-23 12:33:53 Image size of job updated: 424288
	93  -  MemoryUsage of job (MB)
	94668  -  ResidentSetSize of job (KB)
...
040 (16235385.818.000) 2026-01-23 12:34:09 Started transferring output files
...
040 (16235385.818.000) 2026-01-23 12:34:09 Finished transferring output files
...
005 (16235385.818.000) 2026-01-23 12:34:09 Job terminated.
	(1) Normal termination (return value 0)
		Usr 0 00:10:17, Sys 0 00:00:06  -  Run Remote Usage
		Usr 0 00:00:00, Sys 0 00:00:00  -  Run Local Usage
		Usr 0 00:10:17, Sys 0 00:00:06  -  Total Remote Usage
		Usr 0 00:00:00, Sys 0 00:00:00  -  Total Local Usage
	177  -  Run Bytes Sent By Job
	148880  -  Run Bytes Received By Job
	177  -  Total Bytes Sent By Job
	148880  -  Total Bytes Received By Job
	Partitionable Resources :    Usage  Request Allocated 
	   Cpus                 :     1.00        1         1 
	   Disk (KB)            :   163     2097152   6681175 
	   Memory (MB)          :    93        4096      4096 
	   xferslots            :                           0 

	Job terminated of its own accord at 2026-01-23T17:34:08Z with exit-code 0.
...
