000 (15554417.211.000) 2026-01-07 12:44:33 Job submitted from host: <130.199.48.129:9618?addrs=130.199.48.129-9618&alias=rcas6009.rcf.bnl.gov&noUDP&sock=schedd_22421_101d>
...
040 (15554417.211.000) 2026-01-07 13:16:43 Started transferring input files
	Transferring to host: <130.199.151.3:9618?addrs=130.199.151.3-9618&alias=spool1581.sdcc.bnl.gov&noUDP&sock=slot1_92_95061_7851_187030>
...
040 (15554417.211.000) 2026-01-07 13:16:43 Finished transferring input files
...
001 (15554417.211.000) 2026-01-07 13:16:44 Job executing on host: <130.199.151.3:9618?addrs=130.199.151.3-9618&alias=spool1581.sdcc.bnl.gov&noUDP&sock=startd_95052_db87>
...
006 (15554417.211.000) 2026-01-07 13:16:54 Image size of job updated: 107752
	74  -  MemoryUsage of job (MB)
	75284  -  ResidentSetSize of job (KB)
...
006 (15554417.211.000) 2026-01-07 13:21:01 Image size of job updated: 424596
	74  -  MemoryUsage of job (MB)
	75284  -  ResidentSetSize of job (KB)
...
040 (15554417.211.000) 2026-01-07 13:21:01 Started transferring output files
...
040 (15554417.211.000) 2026-01-07 13:21:01 Finished transferring output files
...
005 (15554417.211.000) 2026-01-07 13:21:01 Job terminated.
	(1) Normal termination (return value 0)
		Usr 0 00:04:12, Sys 0 00:00:03  -  Run Remote Usage
		Usr 0 00:00:00, Sys 0 00:00:00  -  Run Local Usage
		Usr 0 00:04:12, Sys 0 00:00:03  -  Total Remote Usage
		Usr 0 00:00:00, Sys 0 00:00:00  -  Total Local Usage
	163  -  Run Bytes Sent By Job
	144352  -  Run Bytes Received By Job
	163  -  Total Bytes Sent By Job
	144352  -  Total Bytes Received By Job
	Partitionable Resources :    Usage  Request Allocated 
	   Cpus                 :     1.00        1         1 
	   Disk (KB)            :   159     2097152   6681183 
	   Memory (MB)          :    74        4096      4096 
	   xferslots            :                           0 

	Job terminated of its own accord at 2026-01-07T18:21:01Z with exit-code 0.
...
