000 (16235385.570.000) 2026-01-23 10:57:28 Job submitted from host: <130.199.48.128:9618?addrs=130.199.48.128-9618&alias=rcas6008.rcf.bnl.gov&noUDP&sock=schedd_18725_535a>
...
040 (16235385.570.000) 2026-01-23 12:13:01 Started transferring input files
	Transferring to host: <130.199.186.74:9618?addrs=130.199.186.74-9618&alias=spool1837.sdcc.bnl.gov&noUDP&sock=slot1_58_95670_2eef_254580>
...
040 (16235385.570.000) 2026-01-23 12:13:01 Finished transferring input files
...
001 (16235385.570.000) 2026-01-23 12:13:02 Job executing on host: <130.199.186.74:9618?addrs=130.199.186.74-9618&alias=spool1837.sdcc.bnl.gov&noUDP&sock=startd_95661_992d>
...
006 (16235385.570.000) 2026-01-23 12:13:10 Image size of job updated: 75628
	40  -  MemoryUsage of job (MB)
	40724  -  ResidentSetSize of job (KB)
...
006 (16235385.570.000) 2026-01-23 12:18:10 Image size of job updated: 424324
	95  -  MemoryUsage of job (MB)
	97000  -  ResidentSetSize of job (KB)
...
006 (16235385.570.000) 2026-01-23 12:23:11 Image size of job updated: 424324
	95  -  MemoryUsage of job (MB)
	97024  -  ResidentSetSize of job (KB)
...
040 (16235385.570.000) 2026-01-23 12:25:22 Started transferring output files
...
040 (16235385.570.000) 2026-01-23 12:25:22 Finished transferring output files
...
005 (16235385.570.000) 2026-01-23 12:25:22 Job terminated.
	(1) Normal termination (return value 0)
		Usr 0 00:11:58, Sys 0 00:00:08  -  Run Remote Usage
		Usr 0 00:00:00, Sys 0 00:00:00  -  Run Local Usage
		Usr 0 00:11:58, Sys 0 00:00:08  -  Total Remote Usage
		Usr 0 00:00:00, Sys 0 00:00:00  -  Total Local Usage
	191  -  Run Bytes Sent By Job
	148880  -  Run Bytes Received By Job
	191  -  Total Bytes Sent By Job
	148880  -  Total Bytes Received By Job
	Partitionable Resources :    Usage  Request Allocated 
	   Cpus                 :     1.00        1         1 
	   Disk (KB)            :   163     2097152   6681557 
	   Memory (MB)          :    95        4096      4096 
	   xferslots            :                           0 

	Job terminated of its own accord at 2026-01-23T17:25:22Z with exit-code 0.
...
