000 (15554417.1096.000) 2026-01-07 12:44:35 Job submitted from host: <130.199.48.129:9618?addrs=130.199.48.129-9618&alias=rcas6009.rcf.bnl.gov&noUDP&sock=schedd_22421_101d>
...
040 (15554417.1096.000) 2026-01-07 14:13:30 Started transferring input files
	Transferring to host: <130.199.150.86:9618?addrs=130.199.150.86-9618&alias=spool1567.sdcc.bnl.gov&noUDP&sock=slot1_10_23144_ae33_189172>
...
040 (15554417.1096.000) 2026-01-07 14:13:30 Finished transferring input files
...
001 (15554417.1096.000) 2026-01-07 14:13:31 Job executing on host: <130.199.150.86:9618?addrs=130.199.150.86-9618&alias=spool1567.sdcc.bnl.gov&noUDP&sock=startd_23135_08f1>
...
006 (15554417.1096.000) 2026-01-07 14:13:33 Image size of job updated: 382296
	0  -  MemoryUsage of job (MB)
	0  -  ResidentSetSize of job (KB)
...
040 (15554417.1096.000) 2026-01-07 14:13:33 Started transferring output files
...
040 (15554417.1096.000) 2026-01-07 14:13:33 Finished transferring output files
...
005 (15554417.1096.000) 2026-01-07 14:13:33 Job terminated.
	(1) Normal termination (return value 0)
		Usr 0 00:00:00, Sys 0 00:00:00  -  Run Remote Usage
		Usr 0 00:00:00, Sys 0 00:00:00  -  Run Local Usage
		Usr 0 00:00:00, Sys 0 00:00:00  -  Total Remote Usage
		Usr 0 00:00:00, Sys 0 00:00:00  -  Total Local Usage
	18  -  Run Bytes Sent By Job
	144352  -  Run Bytes Received By Job
	18  -  Total Bytes Sent By Job
	144352  -  Total Bytes Received By Job
	Partitionable Resources :    Usage  Request Allocated 
	   Cpus                 :                 1         1 
	   Disk (KB)            :      152  2097152   6681178 
	   Memory (MB)          :        0     4096      4096 
	   xferslots            :                           0 

	Job terminated of its own accord at 2026-01-07T19:13:33Z with exit-code 0.
...
