000 (15554417.930.000) 2026-01-07 12:44:34 Job submitted from host: <130.199.48.129:9618?addrs=130.199.48.129-9618&alias=rcas6009.rcf.bnl.gov&noUDP&sock=schedd_22421_101d>
...
040 (15554417.930.000) 2026-01-07 14:07:40 Started transferring input files
	Transferring to host: <130.199.150.86:9618?addrs=130.199.150.86-9618&alias=spool1567.sdcc.bnl.gov&noUDP&sock=slot1_10_23144_ae33_189163>
...
040 (15554417.930.000) 2026-01-07 14:07:40 Finished transferring input files
...
001 (15554417.930.000) 2026-01-07 14:07:41 Job executing on host: <130.199.150.86:9618?addrs=130.199.150.86-9618&alias=spool1567.sdcc.bnl.gov&noUDP&sock=startd_23135_08f1>
...
006 (15554417.930.000) 2026-01-07 14:07:50 Image size of job updated: 104720
	71  -  MemoryUsage of job (MB)
	72252  -  ResidentSetSize of job (KB)
...
006 (15554417.930.000) 2026-01-07 14:12:26 Image size of job updated: 424628
	71  -  MemoryUsage of job (MB)
	72252  -  ResidentSetSize of job (KB)
...
040 (15554417.930.000) 2026-01-07 14:12:26 Started transferring output files
...
040 (15554417.930.000) 2026-01-07 14:12:27 Finished transferring output files
...
005 (15554417.930.000) 2026-01-07 14:12:27 Job terminated.
	(1) Normal termination (return value 0)
		Usr 0 00:04:38, Sys 0 00:00:05  -  Run Remote Usage
		Usr 0 00:00:00, Sys 0 00:00:00  -  Run Local Usage
		Usr 0 00:04:38, Sys 0 00:00:05  -  Total Remote Usage
		Usr 0 00:00:00, Sys 0 00:00:00  -  Total Local Usage
	163  -  Run Bytes Sent By Job
	144352  -  Run Bytes Received By Job
	163  -  Total Bytes Sent By Job
	144352  -  Total Bytes Received By Job
	Partitionable Resources :    Usage  Request Allocated 
	   Cpus                 :     0.03        1         1 
	   Disk (KB)            :   159     2097152   6681178 
	   Memory (MB)          :    71        4096      4096 
	   xferslots            :                           0 

	Job terminated of its own accord at 2026-01-07T19:12:26Z with exit-code 0.
...
