000 (15684821.319.000) 2026-01-19 15:56:21 Job submitted from host: <130.199.48.129:9618?addrs=130.199.48.129-9618&alias=rcas6009.rcf.bnl.gov&noUDP&sock=schedd_22421_101d>
...
040 (15684821.319.000) 2026-01-19 16:13:35 Started transferring input files
	Transferring to host: <130.199.186.27:9618?addrs=130.199.186.27-9618&alias=spool1824.sdcc.bnl.gov&noUDP&sock=slot1_65_94218_f5db_237095>
...
040 (15684821.319.000) 2026-01-19 16:13:35 Finished transferring input files
...
001 (15684821.319.000) 2026-01-19 16:13:36 Job executing on host: <130.199.186.27:9618?addrs=130.199.186.27-9618&alias=spool1824.sdcc.bnl.gov&noUDP&sock=startd_94209_0f05>
...
006 (15684821.319.000) 2026-01-19 16:13:45 Image size of job updated: 112180
	80  -  MemoryUsage of job (MB)
	81212  -  ResidentSetSize of job (KB)
...
006 (15684821.319.000) 2026-01-19 16:18:46 Image size of job updated: 449928
	120  -  MemoryUsage of job (MB)
	122080  -  ResidentSetSize of job (KB)
...
006 (15684821.319.000) 2026-01-19 16:33:47 Image size of job updated: 449928
	120  -  MemoryUsage of job (MB)
	122084  -  ResidentSetSize of job (KB)
...
040 (15684821.319.000) 2026-01-19 16:41:01 Started transferring output files
...
040 (15684821.319.000) 2026-01-19 16:41:02 Finished transferring output files
...
005 (15684821.319.000) 2026-01-19 16:41:02 Job terminated.
	(1) Normal termination (return value 0)
		Usr 0 00:25:26, Sys 0 00:00:15  -  Run Remote Usage
		Usr 0 00:00:00, Sys 0 00:00:00  -  Run Local Usage
		Usr 0 00:25:26, Sys 0 00:00:15  -  Total Remote Usage
		Usr 0 00:00:00, Sys 0 00:00:00  -  Total Local Usage
	247  -  Run Bytes Sent By Job
	148880  -  Run Bytes Received By Job
	247  -  Total Bytes Sent By Job
	148880  -  Total Bytes Received By Job
	Partitionable Resources :    Usage  Request Allocated 
	   Cpus                 :     0.94        1         1 
	   Disk (KB)            :   163     2097152   6681576 
	   Memory (MB)          :   120        4096      4096 
	   xferslots            :                           0 

	Job terminated of its own accord at 2026-01-19T21:41:01Z with exit-code 0.
...
