000 (15564188.532.000) 2026-01-07 21:29:40 Job submitted from host: <130.199.48.129:9618?addrs=130.199.48.129-9618&alias=rcas6009.rcf.bnl.gov&noUDP&sock=schedd_22421_101d>
...
040 (15564188.532.000) 2026-01-08 01:23:03 Started transferring input files
	Transferring to host: <130.199.151.3:9618?addrs=130.199.151.3-9618&alias=spool1581.sdcc.bnl.gov&noUDP&sock=slot1_83_95061_7851_188828>
...
040 (15564188.532.000) 2026-01-08 01:23:03 Finished transferring input files
...
001 (15564188.532.000) 2026-01-08 01:23:04 Job executing on host: <130.199.151.3:9618?addrs=130.199.151.3-9618&alias=spool1581.sdcc.bnl.gov&noUDP&sock=startd_95052_db87>
...
006 (15564188.532.000) 2026-01-08 01:23:13 Image size of job updated: 420960
	75  -  MemoryUsage of job (MB)
	75872  -  ResidentSetSize of job (KB)
...
006 (15564188.532.000) 2026-01-08 01:28:14 Image size of job updated: 450896
	112  -  MemoryUsage of job (MB)
	114264  -  ResidentSetSize of job (KB)
...
040 (15564188.532.000) 2026-01-08 01:33:06 Started transferring output files
...
040 (15564188.532.000) 2026-01-08 01:33:06 Finished transferring output files
...
005 (15564188.532.000) 2026-01-08 01:33:06 Job terminated.
	(1) Normal termination (return value 0)
		Usr 0 00:09:01, Sys 0 00:00:09  -  Run Remote Usage
		Usr 0 00:00:00, Sys 0 00:00:00  -  Run Local Usage
		Usr 0 00:09:01, Sys 0 00:00:09  -  Total Remote Usage
		Usr 0 00:00:00, Sys 0 00:00:00  -  Total Local Usage
	219  -  Run Bytes Sent By Job
	144352  -  Run Bytes Received By Job
	219  -  Total Bytes Sent By Job
	144352  -  Total Bytes Received By Job
	Partitionable Resources :    Usage  Request Allocated 
	   Cpus                 :     0.92        1         1 
	   Disk (KB)            :   159     2097152   6681183 
	   Memory (MB)          :   112        4096      4096 
	   xferslots            :                           0 

	Job terminated of its own accord at 2026-01-08T06:33:06Z with exit-code 0.
...
