000 (16235385.145.000) 2026-01-23 10:57:26 Job submitted from host: <130.199.48.128:9618?addrs=130.199.48.128-9618&alias=rcas6008.rcf.bnl.gov&noUDP&sock=schedd_18725_535a>
...
040 (16235385.145.000) 2026-01-23 11:34:36 Started transferring input files
	Transferring to host: <130.199.150.95:9618?addrs=130.199.150.95-9618&alias=spool1576.sdcc.bnl.gov&noUDP&sock=slot1_66_24869_7fc2_256541>
...
040 (16235385.145.000) 2026-01-23 11:34:36 Finished transferring input files
...
001 (16235385.145.000) 2026-01-23 11:34:37 Job executing on host: <130.199.150.95:9618?addrs=130.199.150.95-9618&alias=spool1576.sdcc.bnl.gov&noUDP&sock=startd_24860_f9c4>
...
006 (16235385.145.000) 2026-01-23 11:34:46 Image size of job updated: 342736
	75  -  MemoryUsage of job (MB)
	76600  -  ResidentSetSize of job (KB)
...
006 (16235385.145.000) 2026-01-23 11:39:47 Image size of job updated: 447736
	117  -  MemoryUsage of job (MB)
	119748  -  ResidentSetSize of job (KB)
...
006 (16235385.145.000) 2026-01-23 11:44:48 Image size of job updated: 447736
	117  -  MemoryUsage of job (MB)
	119752  -  ResidentSetSize of job (KB)
...
040 (16235385.145.000) 2026-01-23 11:55:07 Started transferring output files
...
040 (16235385.145.000) 2026-01-23 11:55:07 Finished transferring output files
...
005 (16235385.145.000) 2026-01-23 11:55:07 Job terminated.
	(1) Normal termination (return value 0)
		Usr 0 00:20:08, Sys 0 00:00:14  -  Run Remote Usage
		Usr 0 00:00:00, Sys 0 00:00:00  -  Run Local Usage
		Usr 0 00:20:08, Sys 0 00:00:14  -  Total Remote Usage
		Usr 0 00:00:00, Sys 0 00:00:00  -  Total Local Usage
	247  -  Run Bytes Sent By Job
	148880  -  Run Bytes Received By Job
	247  -  Total Bytes Sent By Job
	148880  -  Total Bytes Received By Job
	Partitionable Resources :    Usage  Request Allocated 
	   Cpus                 :     1.00        1         1 
	   Disk (KB)            :   164     2097152   6681187 
	   Memory (MB)          :   117        4096      4096 
	   xferslots            :                           0 

	Job terminated of its own accord at 2026-01-23T16:55:07Z with exit-code 0.
...
