000 (16235385.260.000) 2026-01-23 10:57:27 Job submitted from host: <130.199.48.128:9618?addrs=130.199.48.128-9618&alias=rcas6008.rcf.bnl.gov&noUDP&sock=schedd_18725_535a>
...
040 (16235385.260.000) 2026-01-23 12:00:36 Started transferring input files
	Transferring to host: <130.199.151.25:9618?addrs=130.199.151.25-9618&alias=spool1603.sdcc.bnl.gov&noUDP&sock=slot1_95_96814_f70e_255548>
...
040 (16235385.260.000) 2026-01-23 12:00:36 Finished transferring input files
...
001 (16235385.260.000) 2026-01-23 12:00:37 Job executing on host: <130.199.151.25:9618?addrs=130.199.151.25-9618&alias=spool1603.sdcc.bnl.gov&noUDP&sock=startd_96805_a8ef>
...
006 (16235385.260.000) 2026-01-23 12:00:46 Image size of job updated: 342736
	40  -  MemoryUsage of job (MB)
	40724  -  ResidentSetSize of job (KB)
...
006 (16235385.260.000) 2026-01-23 12:05:47 Image size of job updated: 423732
	108  -  MemoryUsage of job (MB)
	109744  -  ResidentSetSize of job (KB)
...
006 (16235385.260.000) 2026-01-23 12:10:48 Image size of job updated: 424300
	109  -  MemoryUsage of job (MB)
	110856  -  ResidentSetSize of job (KB)
...
006 (16235385.260.000) 2026-01-23 12:15:48 Image size of job updated: 424300
	109  -  MemoryUsage of job (MB)
	110868  -  ResidentSetSize of job (KB)
...
006 (16235385.260.000) 2026-01-23 12:20:49 Image size of job updated: 424300
	109  -  MemoryUsage of job (MB)
	110896  -  ResidentSetSize of job (KB)
...
040 (16235385.260.000) 2026-01-23 12:22:30 Started transferring output files
...
040 (16235385.260.000) 2026-01-23 12:22:30 Finished transferring output files
...
005 (16235385.260.000) 2026-01-23 12:22:30 Job terminated.
	(1) Normal termination (return value 0)
		Usr 0 00:21:22, Sys 0 00:00:14  -  Run Remote Usage
		Usr 0 00:00:00, Sys 0 00:00:00  -  Run Local Usage
		Usr 0 00:21:22, Sys 0 00:00:14  -  Total Remote Usage
		Usr 0 00:00:00, Sys 0 00:00:00  -  Total Local Usage
	261  -  Run Bytes Sent By Job
	148880  -  Run Bytes Received By Job
	261  -  Total Bytes Sent By Job
	148880  -  Total Bytes Received By Job
	Partitionable Resources :    Usage  Request Allocated 
	   Cpus                 :     0.99        1         1 
	   Disk (KB)            :   163     2097152   6681219 
	   Memory (MB)          :   109        4096      4096 
	   xferslots            :                           0 

	Job terminated of its own accord at 2026-01-23T17:22:30Z with exit-code 0.
...
