000 (16235385.666.000) 2026-01-23 10:57:28 Job submitted from host: <130.199.48.128:9618?addrs=130.199.48.128-9618&alias=rcas6008.rcf.bnl.gov&noUDP&sock=schedd_18725_535a>
...
040 (16235385.666.000) 2026-01-23 12:18:08 Started transferring input files
	Transferring to host: <130.199.184.213:9618?addrs=130.199.184.213-9618&alias=spool1788.sdcc.bnl.gov&noUDP&sock=slot1_77_95861_39f8_267187>
...
040 (16235385.666.000) 2026-01-23 12:18:08 Finished transferring input files
...
001 (16235385.666.000) 2026-01-23 12:18:09 Job executing on host: <130.199.184.213:9618?addrs=130.199.184.213-9618&alias=spool1788.sdcc.bnl.gov&noUDP&sock=startd_95852_0c25>
...
006 (16235385.666.000) 2026-01-23 12:18:18 Image size of job updated: 105044
	72  -  MemoryUsage of job (MB)
	72884  -  ResidentSetSize of job (KB)
...
006 (16235385.666.000) 2026-01-23 12:23:19 Image size of job updated: 424300
	91  -  MemoryUsage of job (MB)
	92860  -  ResidentSetSize of job (KB)
...
006 (16235385.666.000) 2026-01-23 12:28:20 Image size of job updated: 424300
	91  -  MemoryUsage of job (MB)
	92892  -  ResidentSetSize of job (KB)
...
040 (16235385.666.000) 2026-01-23 12:28:39 Started transferring output files
...
040 (16235385.666.000) 2026-01-23 12:28:39 Finished transferring output files
...
005 (16235385.666.000) 2026-01-23 12:28:39 Job terminated.
	(1) Normal termination (return value 0)
		Usr 0 00:10:15, Sys 0 00:00:07  -  Run Remote Usage
		Usr 0 00:00:00, Sys 0 00:00:00  -  Run Local Usage
		Usr 0 00:10:15, Sys 0 00:00:07  -  Total Remote Usage
		Usr 0 00:00:00, Sys 0 00:00:00  -  Total Local Usage
	163  -  Run Bytes Sent By Job
	148880  -  Run Bytes Received By Job
	163  -  Total Bytes Sent By Job
	148880  -  Total Bytes Received By Job
	Partitionable Resources :    Usage  Request Allocated 
	   Cpus                 :     0.99        1         1 
	   Disk (KB)            :   164     2097152   6681567 
	   Memory (MB)          :    91        4096      4096 
	   xferslots            :                           0 

	Job terminated of its own accord at 2026-01-23T17:28:39Z with exit-code 0.
...
