000 (15690120.215.000) 2026-01-20 07:35:55 Job submitted from host: <130.199.48.129:9618?addrs=130.199.48.129-9618&alias=rcas6009.rcf.bnl.gov&noUDP&sock=schedd_22421_101d>
...
040 (15690120.215.000) 2026-01-21 00:22:14 Started transferring input files
	Transferring to host: <130.199.151.21:9618?addrs=130.199.151.21-9618&alias=spool1599.sdcc.bnl.gov&noUDP&sock=slot1_18_96838_b010_241879>
...
040 (15690120.215.000) 2026-01-21 00:22:14 Finished transferring input files
...
001 (15690120.215.000) 2026-01-21 00:22:15 Job executing on host: <130.199.151.21:9618?addrs=130.199.151.21-9618&alias=spool1599.sdcc.bnl.gov&noUDP&sock=startd_96829_416f>
...
006 (15690120.215.000) 2026-01-21 00:22:24 Image size of job updated: 420056
	73  -  MemoryUsage of job (MB)
	73896  -  ResidentSetSize of job (KB)
...
006 (15690120.215.000) 2026-01-21 00:27:24 Image size of job updated: 450780
	103  -  MemoryUsage of job (MB)
	105188  -  ResidentSetSize of job (KB)
...
040 (15690120.215.000) 2026-01-21 00:36:19 Started transferring output files
...
040 (15690120.215.000) 2026-01-21 00:36:19 Finished transferring output files
...
005 (15690120.215.000) 2026-01-21 00:36:19 Job terminated.
	(1) Normal termination (return value 0)
		Usr 0 00:13:41, Sys 0 00:00:09  -  Run Remote Usage
		Usr 0 00:00:00, Sys 0 00:00:00  -  Run Local Usage
		Usr 0 00:13:41, Sys 0 00:00:09  -  Total Remote Usage
		Usr 0 00:00:00, Sys 0 00:00:00  -  Total Local Usage
	177  -  Run Bytes Sent By Job
	148880  -  Run Bytes Received By Job
	177  -  Total Bytes Sent By Job
	148880  -  Total Bytes Received By Job
	Partitionable Resources :    Usage  Request Allocated 
	   Cpus                 :     0.97        1         1 
	   Disk (KB)            :   163     2097152   6681145 
	   Memory (MB)          :   103        4096      4096 
	   xferslots            :                           0 

	Job terminated of its own accord at 2026-01-21T05:36:19Z with exit-code 0.
...
