000 (15560432.014.000) 2026-01-07 17:58:15 Job submitted from host: <130.199.48.129:9618?addrs=130.199.48.129-9618&alias=rcas6009.rcf.bnl.gov&noUDP&sock=schedd_22421_101d>
...
040 (15560432.014.000) 2026-01-07 18:14:18 Started transferring input files
	Transferring to host: <130.199.186.89:9618?addrs=130.199.186.89-9618&alias=spool1852.sdcc.bnl.gov&noUDP&sock=slot1_19_94012_d731_244562>
...
040 (15560432.014.000) 2026-01-07 18:14:18 Finished transferring input files
...
001 (15560432.014.000) 2026-01-07 18:14:19 Job executing on host: <130.199.186.89:9618?addrs=130.199.186.89-9618&alias=spool1852.sdcc.bnl.gov&noUDP&sock=startd_94003_dcbe>
...
006 (15560432.014.000) 2026-01-07 18:14:28 Image size of job updated: 423612
	74  -  MemoryUsage of job (MB)
	75580  -  ResidentSetSize of job (KB)
...
006 (15560432.014.000) 2026-01-07 18:19:29 Image size of job updated: 424832
	91  -  MemoryUsage of job (MB)
	92532  -  ResidentSetSize of job (KB)
...
040 (15560432.014.000) 2026-01-07 18:19:47 Started transferring output files
...
040 (15560432.014.000) 2026-01-07 18:19:48 Finished transferring output files
...
005 (15560432.014.000) 2026-01-07 18:19:48 Job terminated.
	(1) Normal termination (return value 0)
		Usr 0 00:05:20, Sys 0 00:00:05  -  Run Remote Usage
		Usr 0 00:00:00, Sys 0 00:00:00  -  Run Local Usage
		Usr 0 00:05:20, Sys 0 00:00:05  -  Total Remote Usage
		Usr 0 00:00:00, Sys 0 00:00:00  -  Total Local Usage
	191  -  Run Bytes Sent By Job
	144352  -  Run Bytes Received By Job
	191  -  Total Bytes Sent By Job
	144352  -  Total Bytes Received By Job
	Partitionable Resources :    Usage  Request Allocated 
	   Cpus                 :     0.99        1         1 
	   Disk (KB)            :   159     2097152   6681569 
	   Memory (MB)          :    91        4096      4096 
	   xferslots            :                           0 

	Job terminated of its own accord at 2026-01-07T23:19:47Z with exit-code 0.
...
