000 (15684821.164.000) 2026-01-19 15:56:20 Job submitted from host: <130.199.48.129:9618?addrs=130.199.48.129-9618&alias=rcas6009.rcf.bnl.gov&noUDP&sock=schedd_22421_101d>
...
040 (15684821.164.000) 2026-01-19 16:05:55 Started transferring input files
	Transferring to host: <130.199.186.66:9618?addrs=130.199.186.66-9618&alias=spool1829.sdcc.bnl.gov&noUDP&sock=slot1_28_93926_5593_251996>
...
040 (15684821.164.000) 2026-01-19 16:05:55 Finished transferring input files
...
001 (15684821.164.000) 2026-01-19 16:05:56 Job executing on host: <130.199.186.66:9618?addrs=130.199.186.66-9618&alias=spool1829.sdcc.bnl.gov&noUDP&sock=startd_93917_a4f5>
...
006 (15684821.164.000) 2026-01-19 16:06:05 Image size of job updated: 105560
	73  -  MemoryUsage of job (MB)
	74056  -  ResidentSetSize of job (KB)
...
006 (15684821.164.000) 2026-01-19 16:11:05 Image size of job updated: 448600
	102  -  MemoryUsage of job (MB)
	104428  -  ResidentSetSize of job (KB)
...
040 (15684821.164.000) 2026-01-19 16:21:54 Started transferring output files
...
040 (15684821.164.000) 2026-01-19 16:21:54 Finished transferring output files
...
005 (15684821.164.000) 2026-01-19 16:21:54 Job terminated.
	(1) Normal termination (return value 0)
		Usr 0 00:14:58, Sys 0 00:00:10  -  Run Remote Usage
		Usr 0 00:00:00, Sys 0 00:00:00  -  Run Local Usage
		Usr 0 00:14:58, Sys 0 00:00:10  -  Total Remote Usage
		Usr 0 00:00:00, Sys 0 00:00:00  -  Total Local Usage
	191  -  Run Bytes Sent By Job
	148880  -  Run Bytes Received By Job
	191  -  Total Bytes Sent By Job
	148880  -  Total Bytes Received By Job
	Partitionable Resources :    Usage  Request Allocated 
	   Cpus                 :     0.94        1         1 
	   Disk (KB)            :   163     2097152   6681577 
	   Memory (MB)          :   102        4096      4096 
	   xferslots            :                           0 

	Job terminated of its own accord at 2026-01-19T21:21:53Z with exit-code 0.
...
