000 (15564188.388.000) 2026-01-07 21:29:40 Job submitted from host: <130.199.48.129:9618?addrs=130.199.48.129-9618&alias=rcas6009.rcf.bnl.gov&noUDP&sock=schedd_22421_101d>
...
040 (15564188.388.000) 2026-01-08 00:56:01 Started transferring input files
	Transferring to host: <130.199.186.27:9618?addrs=130.199.186.27-9618&alias=spool1824.sdcc.bnl.gov&noUDP&sock=slot1_86_94218_f5db_183196>
...
040 (15564188.388.000) 2026-01-08 00:56:01 Finished transferring input files
...
001 (15564188.388.000) 2026-01-08 00:56:02 Job executing on host: <130.199.186.27:9618?addrs=130.199.186.27-9618&alias=spool1824.sdcc.bnl.gov&noUDP&sock=startd_94209_0f05>
...
006 (15564188.388.000) 2026-01-08 00:56:11 Image size of job updated: 339416
	61  -  MemoryUsage of job (MB)
	61528  -  ResidentSetSize of job (KB)
...
006 (15564188.388.000) 2026-01-08 00:57:18 Image size of job updated: 447836
	61  -  MemoryUsage of job (MB)
	61528  -  ResidentSetSize of job (KB)
...
040 (15564188.388.000) 2026-01-08 00:57:18 Started transferring output files
...
040 (15564188.388.000) 2026-01-08 00:57:18 Finished transferring output files
...
005 (15564188.388.000) 2026-01-08 00:57:18 Job terminated.
	(1) Normal termination (return value 0)
		Usr 0 00:00:57, Sys 0 00:00:01  -  Run Remote Usage
		Usr 0 00:00:00, Sys 0 00:00:00  -  Run Local Usage
		Usr 0 00:00:57, Sys 0 00:00:01  -  Total Remote Usage
		Usr 0 00:00:00, Sys 0 00:00:00  -  Total Local Usage
	96  -  Run Bytes Sent By Job
	144352  -  Run Bytes Received By Job
	96  -  Total Bytes Sent By Job
	144352  -  Total Bytes Received By Job
	Partitionable Resources :    Usage  Request Allocated 
	   Cpus                 :     0.09        1         1 
	   Disk (KB)            :   159     2097152   6681576 
	   Memory (MB)          :    61        4096      4096 
	   xferslots            :                           0 

	Job terminated of its own accord at 2026-01-08T05:57:18Z with exit-code 0.
...
