000 (15690120.091.000) 2026-01-20 07:35:54 Job submitted from host: <130.199.48.129:9618?addrs=130.199.48.129-9618&alias=rcas6009.rcf.bnl.gov&noUDP&sock=schedd_22421_101d>
...
040 (15690120.091.000) 2026-01-20 22:22:20 Started transferring input files
	Transferring to host: <130.199.150.72:9618?addrs=130.199.150.72-9618&alias=spool1553.sdcc.bnl.gov&noUDP&sock=slot1_67_35675_244e_245299>
...
040 (15690120.091.000) 2026-01-20 22:22:20 Finished transferring input files
...
001 (15690120.091.000) 2026-01-20 22:22:21 Job executing on host: <130.199.150.72:9618?addrs=130.199.150.72-9618&alias=spool1553.sdcc.bnl.gov&noUDP&sock=startd_35666_f030>
...
006 (15690120.091.000) 2026-01-20 22:22:30 Image size of job updated: 67944
	39  -  MemoryUsage of job (MB)
	39188  -  ResidentSetSize of job (KB)
...
006 (15690120.091.000) 2026-01-20 22:27:30 Image size of job updated: 500392
	105  -  MemoryUsage of job (MB)
	107500  -  ResidentSetSize of job (KB)
...
040 (15690120.091.000) 2026-01-20 22:39:13 Started transferring output files
...
040 (15690120.091.000) 2026-01-20 22:39:13 Finished transferring output files
...
005 (15690120.091.000) 2026-01-20 22:39:13 Job terminated.
	(1) Normal termination (return value 0)
		Usr 0 00:16:15, Sys 0 00:00:13  -  Run Remote Usage
		Usr 0 00:00:00, Sys 0 00:00:00  -  Run Local Usage
		Usr 0 00:16:15, Sys 0 00:00:13  -  Total Remote Usage
		Usr 0 00:00:00, Sys 0 00:00:00  -  Total Local Usage
	205  -  Run Bytes Sent By Job
	148880  -  Run Bytes Received By Job
	205  -  Total Bytes Sent By Job
	148880  -  Total Bytes Received By Job
	Partitionable Resources :    Usage  Request Allocated 
	   Cpus                 :     0.99        1         1 
	   Disk (KB)            :   164     2097152   6681183 
	   Memory (MB)          :   105        4096      4096 
	   xferslots            :                           0 

	Job terminated of its own accord at 2026-01-21T03:39:13Z with exit-code 0.
...
