000 (15554417.074.000) 2026-01-07 12:44:32 Job submitted from host: <130.199.48.129:9618?addrs=130.199.48.129-9618&alias=rcas6009.rcf.bnl.gov&noUDP&sock=schedd_22421_101d>
...
040 (15554417.074.000) 2026-01-07 13:07:17 Started transferring input files
	Transferring to host: <130.199.151.6:9618?addrs=130.199.151.6-9618&alias=spool1584.sdcc.bnl.gov&noUDP&sock=slot1_41_55322_61bc_184591>
...
040 (15554417.074.000) 2026-01-07 13:07:17 Finished transferring input files
...
001 (15554417.074.000) 2026-01-07 13:07:18 Job executing on host: <130.199.151.6:9618?addrs=130.199.151.6-9618&alias=spool1584.sdcc.bnl.gov&noUDP&sock=startd_55314_483e>
...
006 (15554417.074.000) 2026-01-07 13:07:27 Image size of job updated: 422780
	82  -  MemoryUsage of job (MB)
	83580  -  ResidentSetSize of job (KB)
...
006 (15554417.074.000) 2026-01-07 13:12:28 Image size of job updated: 424916
	108  -  MemoryUsage of job (MB)
	110096  -  ResidentSetSize of job (KB)
...
040 (15554417.074.000) 2026-01-07 13:20:06 Started transferring output files
...
040 (15554417.074.000) 2026-01-07 13:20:06 Finished transferring output files
...
005 (15554417.074.000) 2026-01-07 13:20:06 Job terminated.
	(1) Normal termination (return value 0)
		Usr 0 00:12:37, Sys 0 00:00:09  -  Run Remote Usage
		Usr 0 00:00:00, Sys 0 00:00:00  -  Run Local Usage
		Usr 0 00:12:37, Sys 0 00:00:09  -  Total Remote Usage
		Usr 0 00:00:00, Sys 0 00:00:00  -  Total Local Usage
	289  -  Run Bytes Sent By Job
	144352  -  Run Bytes Received By Job
	289  -  Total Bytes Sent By Job
	144352  -  Total Bytes Received By Job
	Partitionable Resources :    Usage  Request Allocated 
	   Cpus                 :     1.00        1         1 
	   Disk (KB)            :   159     2097152   6681172 
	   Memory (MB)          :   108        4096      4096 
	   xferslots            :                           0 

	Job terminated of its own accord at 2026-01-07T18:20:06Z with exit-code 0.
...
