000 (15560432.083.000) 2026-01-07 17:58:15 Job submitted from host: <130.199.48.129:9618?addrs=130.199.48.129-9618&alias=rcas6009.rcf.bnl.gov&noUDP&sock=schedd_22421_101d>
...
040 (15560432.083.000) 2026-01-07 18:30:34 Started transferring input files
	Transferring to host: <130.199.186.20:9618?addrs=130.199.186.20-9618&alias=spool1817.sdcc.bnl.gov&noUDP&sock=slot1_48_24187_e112_247888>
...
040 (15560432.083.000) 2026-01-07 18:30:34 Finished transferring input files
...
001 (15560432.083.000) 2026-01-07 18:30:35 Job executing on host: <130.199.186.20:9618?addrs=130.199.186.20-9618&alias=spool1817.sdcc.bnl.gov&noUDP&sock=startd_24178_219a>
...
006 (15560432.083.000) 2026-01-07 18:30:44 Image size of job updated: 423124
	76  -  MemoryUsage of job (MB)
	77228  -  ResidentSetSize of job (KB)
...
006 (15560432.083.000) 2026-01-07 18:32:36 Image size of job updated: 424264
	76  -  MemoryUsage of job (MB)
	77228  -  ResidentSetSize of job (KB)
...
040 (15560432.083.000) 2026-01-07 18:32:36 Started transferring output files
...
040 (15560432.083.000) 2026-01-07 18:32:36 Finished transferring output files
...
005 (15560432.083.000) 2026-01-07 18:32:36 Job terminated.
	(1) Normal termination (return value 0)
		Usr 0 00:01:57, Sys 0 00:00:02  -  Run Remote Usage
		Usr 0 00:00:00, Sys 0 00:00:00  -  Run Local Usage
		Usr 0 00:01:57, Sys 0 00:00:02  -  Total Remote Usage
		Usr 0 00:00:00, Sys 0 00:00:00  -  Total Local Usage
	109  -  Run Bytes Sent By Job
	144352  -  Run Bytes Received By Job
	109  -  Total Bytes Sent By Job
	144352  -  Total Bytes Received By Job
	Partitionable Resources :    Usage  Request Allocated 
	   Cpus                 :     0.99        1         1 
	   Disk (KB)            :   159     2097152   6681552 
	   Memory (MB)          :    76        4096      4096 
	   xferslots            :                           0 

	Job terminated of its own accord at 2026-01-07T23:32:36Z with exit-code 0.
...
