000 (15560432.213.000) 2026-01-07 17:58:15 Job submitted from host: <130.199.48.129:9618?addrs=130.199.48.129-9618&alias=rcas6009.rcf.bnl.gov&noUDP&sock=schedd_22421_101d>
...
040 (15560432.213.000) 2026-01-07 19:18:15 Started transferring input files
	Transferring to host: <130.199.151.33:9618?addrs=130.199.151.33-9618&alias=spool1611.sdcc.bnl.gov&noUDP&sock=slot1_23_94855_59a7_184584>
...
040 (15560432.213.000) 2026-01-07 19:18:15 Finished transferring input files
...
001 (15560432.213.000) 2026-01-07 19:18:16 Job executing on host: <130.199.151.33:9618?addrs=130.199.151.33-9618&alias=spool1611.sdcc.bnl.gov&noUDP&sock=startd_94847_fa45>
...
006 (15560432.213.000) 2026-01-07 19:18:24 Image size of job updated: 131880
	99  -  MemoryUsage of job (MB)
	100464  -  ResidentSetSize of job (KB)
...
006 (15560432.213.000) 2026-01-07 19:23:24 Image size of job updated: 642160
	121  -  MemoryUsage of job (MB)
	122968  -  ResidentSetSize of job (KB)
...
006 (15560432.213.000) 2026-01-07 19:28:25 Image size of job updated: 642160
	132  -  MemoryUsage of job (MB)
	135072  -  ResidentSetSize of job (KB)
...
006 (15560432.213.000) 2026-01-07 19:38:26 Image size of job updated: 647300
	138  -  MemoryUsage of job (MB)
	140368  -  ResidentSetSize of job (KB)
...
040 (15560432.213.000) 2026-01-07 19:38:43 Started transferring output files
...
040 (15560432.213.000) 2026-01-07 19:38:43 Finished transferring output files
...
005 (15560432.213.000) 2026-01-07 19:38:43 Job terminated.
	(1) Normal termination (return value 0)
		Usr 0 00:19:28, Sys 0 00:00:56  -  Run Remote Usage
		Usr 0 00:00:00, Sys 0 00:00:00  -  Run Local Usage
		Usr 0 00:19:28, Sys 0 00:00:56  -  Total Remote Usage
		Usr 0 00:00:00, Sys 0 00:00:00  -  Total Local Usage
	387  -  Run Bytes Sent By Job
	144352  -  Run Bytes Received By Job
	387  -  Total Bytes Sent By Job
	144352  -  Total Bytes Received By Job
	Partitionable Resources :    Usage  Request Allocated 
	   Cpus                 :     1.00        1         1 
	   Disk (KB)            :   159     2097152   6681176 
	   Memory (MB)          :   138        4096      4096 
	   xferslots            :                           0 

	Job terminated of its own accord at 2026-01-08T00:38:42Z with exit-code 0.
...
