000 (15554417.624.000) 2026-01-07 12:44:34 Job submitted from host: <130.199.48.129:9618?addrs=130.199.48.129-9618&alias=rcas6009.rcf.bnl.gov&noUDP&sock=schedd_22421_101d>
...
040 (15554417.624.000) 2026-01-07 13:55:04 Started transferring input files
	Transferring to host: <130.199.150.70:9618?addrs=130.199.150.70-9618&alias=spool1551.sdcc.bnl.gov&noUDP&sock=slot1_52_94997_35a0_187813>
...
040 (15554417.624.000) 2026-01-07 13:55:04 Finished transferring input files
...
001 (15554417.624.000) 2026-01-07 13:55:05 Job executing on host: <130.199.150.70:9618?addrs=130.199.150.70-9618&alias=spool1551.sdcc.bnl.gov&noUDP&sock=startd_94985_a723>
...
006 (15554417.624.000) 2026-01-07 13:55:14 Image size of job updated: 120264
	87  -  MemoryUsage of job (MB)
	88932  -  ResidentSetSize of job (KB)
...
006 (15554417.624.000) 2026-01-07 13:59:08 Image size of job updated: 450224
	87  -  MemoryUsage of job (MB)
	88932  -  ResidentSetSize of job (KB)
...
040 (15554417.624.000) 2026-01-07 13:59:09 Started transferring output files
...
040 (15554417.624.000) 2026-01-07 13:59:09 Finished transferring output files
...
005 (15554417.624.000) 2026-01-07 13:59:09 Job terminated.
	(1) Normal termination (return value 0)
		Usr 0 00:03:59, Sys 0 00:00:02  -  Run Remote Usage
		Usr 0 00:00:00, Sys 0 00:00:00  -  Run Local Usage
		Usr 0 00:03:59, Sys 0 00:00:02  -  Total Remote Usage
		Usr 0 00:00:00, Sys 0 00:00:00  -  Total Local Usage
	163  -  Run Bytes Sent By Job
	144352  -  Run Bytes Received By Job
	163  -  Total Bytes Sent By Job
	144352  -  Total Bytes Received By Job
	Partitionable Resources :    Usage  Request Allocated 
	   Cpus                 :     0.03        1         1 
	   Disk (KB)            :   159     2097152   6681189 
	   Memory (MB)          :    87        4096      4096 
	   xferslots            :                           0 

	Job terminated of its own accord at 2026-01-07T18:59:08Z with exit-code 0.
...
