000 (16235385.1078.000) 2026-01-23 10:57:30 Job submitted from host: <130.199.48.128:9618?addrs=130.199.48.128-9618&alias=rcas6008.rcf.bnl.gov&noUDP&sock=schedd_18725_535a>
...
040 (16235385.1078.000) 2026-01-23 12:28:50 Started transferring input files
	Transferring to host: <130.199.186.75:9618?addrs=130.199.186.75-9618&alias=spool1838.sdcc.bnl.gov&noUDP&sock=slot1_57_24044_480e_267983>
...
040 (16235385.1078.000) 2026-01-23 12:28:50 Finished transferring input files
...
001 (16235385.1078.000) 2026-01-23 12:28:51 Job executing on host: <130.199.186.75:9618?addrs=130.199.186.75-9618&alias=spool1838.sdcc.bnl.gov&noUDP&sock=startd_24036_30a7>
...
006 (16235385.1078.000) 2026-01-23 12:29:00 Image size of job updated: 100452
	68  -  MemoryUsage of job (MB)
	69360  -  ResidentSetSize of job (KB)
...
006 (16235385.1078.000) 2026-01-23 12:33:02 Image size of job updated: 424264
	68  -  MemoryUsage of job (MB)
	69360  -  ResidentSetSize of job (KB)
...
040 (16235385.1078.000) 2026-01-23 12:33:02 Started transferring output files
...
040 (16235385.1078.000) 2026-01-23 12:33:03 Finished transferring output files
...
005 (16235385.1078.000) 2026-01-23 12:33:03 Job terminated.
	(1) Normal termination (return value 0)
		Usr 0 00:04:07, Sys 0 00:00:02  -  Run Remote Usage
		Usr 0 00:00:00, Sys 0 00:00:00  -  Run Local Usage
		Usr 0 00:04:07, Sys 0 00:00:02  -  Total Remote Usage
		Usr 0 00:00:00, Sys 0 00:00:00  -  Total Local Usage
	122  -  Run Bytes Sent By Job
	148880  -  Run Bytes Received By Job
	122  -  Total Bytes Sent By Job
	148880  -  Total Bytes Received By Job
	Partitionable Resources :    Usage  Request Allocated 
	   Cpus                 :                 1         1 
	   Disk (KB)            :      157  2097152   6681575 
	   Memory (MB)          :       68     4096      4096 
	   xferslots            :                           0 

	Job terminated of its own accord at 2026-01-23T17:33:02Z with exit-code 0.
...
