000 (16235385.1032.000) 2026-01-23 10:57:30 Job submitted from host: <130.199.48.128:9618?addrs=130.199.48.128-9618&alias=rcas6008.rcf.bnl.gov&noUDP&sock=schedd_18725_535a>
...
040 (16235385.1032.000) 2026-01-23 12:28:17 Started transferring input files
	Transferring to host: <130.199.150.85:9618?addrs=130.199.150.85-9618&alias=spool1566.sdcc.bnl.gov&noUDP&sock=slot1_80_24995_8b0f_264225>
...
040 (16235385.1032.000) 2026-01-23 12:28:17 Finished transferring input files
...
001 (16235385.1032.000) 2026-01-23 12:28:18 Job executing on host: <130.199.150.85:9618?addrs=130.199.150.85-9618&alias=spool1566.sdcc.bnl.gov&noUDP&sock=startd_24986_da62>
...
006 (16235385.1032.000) 2026-01-23 12:28:27 Image size of job updated: 121100
	88  -  MemoryUsage of job (MB)
	89676  -  ResidentSetSize of job (KB)
...
006 (16235385.1032.000) 2026-01-23 12:33:27 Image size of job updated: 447120
	105  -  MemoryUsage of job (MB)
	107520  -  ResidentSetSize of job (KB)
...
040 (16235385.1032.000) 2026-01-23 12:41:52 Started transferring output files
...
040 (16235385.1032.000) 2026-01-23 12:41:52 Finished transferring output files
...
005 (16235385.1032.000) 2026-01-23 12:41:52 Job terminated.
	(1) Normal termination (return value 0)
		Usr 0 00:13:22, Sys 0 00:00:09  -  Run Remote Usage
		Usr 0 00:00:00, Sys 0 00:00:00  -  Run Local Usage
		Usr 0 00:13:22, Sys 0 00:00:09  -  Total Remote Usage
		Usr 0 00:00:00, Sys 0 00:00:00  -  Total Local Usage
	205  -  Run Bytes Sent By Job
	148880  -  Run Bytes Received By Job
	205  -  Total Bytes Sent By Job
	148880  -  Total Bytes Received By Job
	Partitionable Resources :    Usage  Request Allocated 
	   Cpus                 :     1.00        1         1 
	   Disk (KB)            :   163     2097152   6681188 
	   Memory (MB)          :   105        4096      4096 
	   xferslots            :                           0 

	Job terminated of its own accord at 2026-01-23T17:41:52Z with exit-code 0.
...
