000 (15684821.321.000) 2026-01-19 15:56:21 Job submitted from host: <130.199.48.129:9618?addrs=130.199.48.129-9618&alias=rcas6009.rcf.bnl.gov&noUDP&sock=schedd_22421_101d>
...
040 (15684821.321.000) 2026-01-19 16:13:44 Started transferring input files
	Transferring to host: <130.199.151.21:9618?addrs=130.199.151.21-9618&alias=spool1599.sdcc.bnl.gov&noUDP&sock=slot1_79_96838_b010_236109>
...
040 (15684821.321.000) 2026-01-19 16:13:44 Finished transferring input files
...
001 (15684821.321.000) 2026-01-19 16:13:45 Job executing on host: <130.199.151.21:9618?addrs=130.199.151.21-9618&alias=spool1599.sdcc.bnl.gov&noUDP&sock=startd_96829_416f>
...
006 (15684821.321.000) 2026-01-19 16:13:54 Image size of job updated: 113592
	81  -  MemoryUsage of job (MB)
	82544  -  ResidentSetSize of job (KB)
...
006 (15684821.321.000) 2026-01-19 16:18:55 Image size of job updated: 449476
	126  -  MemoryUsage of job (MB)
	128504  -  ResidentSetSize of job (KB)
...
040 (15684821.321.000) 2026-01-19 16:43:54 Started transferring output files
...
040 (15684821.321.000) 2026-01-19 16:43:54 Finished transferring output files
...
005 (15684821.321.000) 2026-01-19 16:43:54 Job terminated.
	(1) Normal termination (return value 0)
		Usr 0 00:28:30, Sys 0 00:00:21  -  Run Remote Usage
		Usr 0 00:00:00, Sys 0 00:00:00  -  Run Local Usage
		Usr 0 00:28:30, Sys 0 00:00:21  -  Total Remote Usage
		Usr 0 00:00:00, Sys 0 00:00:00  -  Total Local Usage
	275  -  Run Bytes Sent By Job
	148880  -  Run Bytes Received By Job
	275  -  Total Bytes Sent By Job
	148880  -  Total Bytes Received By Job
	Partitionable Resources :    Usage  Request Allocated 
	   Cpus                 :     0.93        1         1 
	   Disk (KB)            :   164     2097152   6681145 
	   Memory (MB)          :   126        4096      4096 
	   xferslots            :                           0 

	Job terminated of its own accord at 2026-01-19T21:43:53Z with exit-code 0.
...
