000 (15690120.537.000) 2026-01-20 07:35:56 Job submitted from host: <130.199.48.129:9618?addrs=130.199.48.129-9618&alias=rcas6009.rcf.bnl.gov&noUDP&sock=schedd_22421_101d>
...
040 (15690120.537.000) 2026-01-21 09:46:55 Started transferring input files
	Transferring to host: <130.199.151.25:9618?addrs=130.199.151.25-9618&alias=spool1603.sdcc.bnl.gov&noUDP&sock=slot1_1_96814_f70e_244535>
...
040 (15690120.537.000) 2026-01-21 09:46:55 Finished transferring input files
...
001 (15690120.537.000) 2026-01-21 09:46:56 Job executing on host: <130.199.151.25:9618?addrs=130.199.151.25-9618&alias=spool1603.sdcc.bnl.gov&noUDP&sock=startd_96805_a8ef>
...
006 (15690120.537.000) 2026-01-21 09:47:04 Image size of job updated: 422408
	70  -  MemoryUsage of job (MB)
	70768  -  ResidentSetSize of job (KB)
...
006 (15690120.537.000) 2026-01-21 09:52:04 Image size of job updated: 424296
	83  -  MemoryUsage of job (MB)
	84272  -  ResidentSetSize of job (KB)
...
040 (15690120.537.000) 2026-01-21 09:54:00 Started transferring output files
...
040 (15690120.537.000) 2026-01-21 09:54:00 Finished transferring output files
...
005 (15690120.537.000) 2026-01-21 09:54:00 Job terminated.
	(1) Normal termination (return value 0)
		Usr 0 00:06:54, Sys 0 00:00:05  -  Run Remote Usage
		Usr 0 00:00:00, Sys 0 00:00:00  -  Run Local Usage
		Usr 0 00:06:54, Sys 0 00:00:05  -  Total Remote Usage
		Usr 0 00:00:00, Sys 0 00:00:00  -  Total Local Usage
	135  -  Run Bytes Sent By Job
	148880  -  Run Bytes Received By Job
	135  -  Total Bytes Sent By Job
	148880  -  Total Bytes Received By Job
	Partitionable Resources :    Usage  Request Allocated 
	   Cpus                 :     0.99        1         1 
	   Disk (KB)            :   164     2097152   6681219 
	   Memory (MB)          :    83        4096      4096 
	   xferslots            :                           0 

	Job terminated of its own accord at 2026-01-21T14:54:00Z with exit-code 0.
...
