000 (15690120.518.000) 2026-01-20 07:35:56 Job submitted from host: <130.199.48.129:9618?addrs=130.199.48.129-9618&alias=rcas6009.rcf.bnl.gov&noUDP&sock=schedd_22421_101d>
...
040 (15690120.518.000) 2026-01-21 09:30:45 Started transferring input files
	Transferring to host: <130.199.184.204:9618?addrs=130.199.184.204-9618&alias=spool1779.sdcc.bnl.gov&noUDP&sock=slot1_10_94050_e6ca_253173>
...
040 (15690120.518.000) 2026-01-21 09:30:45 Finished transferring input files
...
001 (15690120.518.000) 2026-01-21 09:30:46 Job executing on host: <130.199.184.204:9618?addrs=130.199.184.204-9618&alias=spool1779.sdcc.bnl.gov&noUDP&sock=startd_94041_e388>
...
006 (15690120.518.000) 2026-01-21 09:30:55 Image size of job updated: 420912
	80  -  MemoryUsage of job (MB)
	81640  -  ResidentSetSize of job (KB)
...
006 (15690120.518.000) 2026-01-21 09:35:56 Image size of job updated: 449880
	121  -  MemoryUsage of job (MB)
	123684  -  ResidentSetSize of job (KB)
...
040 (15690120.518.000) 2026-01-21 09:57:06 Started transferring output files
...
040 (15690120.518.000) 2026-01-21 09:57:06 Finished transferring output files
...
005 (15690120.518.000) 2026-01-21 09:57:07 Job terminated.
	(1) Normal termination (return value 0)
		Usr 0 00:25:04, Sys 0 00:00:19  -  Run Remote Usage
		Usr 0 00:00:00, Sys 0 00:00:00  -  Run Local Usage
		Usr 0 00:25:04, Sys 0 00:00:19  -  Total Remote Usage
		Usr 0 00:00:00, Sys 0 00:00:00  -  Total Local Usage
	261  -  Run Bytes Sent By Job
	148880  -  Run Bytes Received By Job
	261  -  Total Bytes Sent By Job
	148880  -  Total Bytes Received By Job
	Partitionable Resources :    Usage  Request Allocated 
	   Cpus                 :     1.00        1         1 
	   Disk (KB)            :   164     2097152   6681567 
	   Memory (MB)          :   121        4096      4096 
	   xferslots            :                           0 

	Job terminated of its own accord at 2026-01-21T14:57:06Z with exit-code 0.
...
