000 (15690120.401.000) 2026-01-20 07:35:55 Job submitted from host: <130.199.48.129:9618?addrs=130.199.48.129-9618&alias=rcas6009.rcf.bnl.gov&noUDP&sock=schedd_22421_101d>
...
040 (15690120.401.000) 2026-01-21 08:30:26 Started transferring input files
	Transferring to host: <130.199.184.159:9618?addrs=130.199.184.159-9618&alias=spool1768.sdcc.bnl.gov&noUDP&sock=slot1_82_6355_eafc_249548>
...
040 (15690120.401.000) 2026-01-21 08:30:27 Finished transferring input files
...
001 (15690120.401.000) 2026-01-21 08:30:28 Job executing on host: <130.199.184.159:9618?addrs=130.199.184.159-9618&alias=spool1768.sdcc.bnl.gov&noUDP&sock=startd_6346_8743>
...
006 (15690120.401.000) 2026-01-21 08:30:36 Image size of job updated: 448044
	97  -  MemoryUsage of job (MB)
	98544  -  ResidentSetSize of job (KB)
...
006 (15690120.401.000) 2026-01-21 08:35:36 Image size of job updated: 448044
	117  -  MemoryUsage of job (MB)
	119676  -  ResidentSetSize of job (KB)
...
006 (15690120.401.000) 2026-01-21 08:40:37 Image size of job updated: 448044
	117  -  MemoryUsage of job (MB)
	119680  -  ResidentSetSize of job (KB)
...
040 (15690120.401.000) 2026-01-21 08:54:21 Started transferring output files
...
040 (15690120.401.000) 2026-01-21 08:54:21 Finished transferring output files
...
005 (15690120.401.000) 2026-01-21 08:54:21 Job terminated.
	(1) Normal termination (return value 0)
		Usr 0 00:22:42, Sys 0 00:00:18  -  Run Remote Usage
		Usr 0 00:00:00, Sys 0 00:00:00  -  Run Local Usage
		Usr 0 00:22:42, Sys 0 00:00:18  -  Total Remote Usage
		Usr 0 00:00:00, Sys 0 00:00:00  -  Total Local Usage
	247  -  Run Bytes Sent By Job
	148880  -  Run Bytes Received By Job
	247  -  Total Bytes Sent By Job
	148880  -  Total Bytes Received By Job
	Partitionable Resources :    Usage  Request Allocated 
	   Cpus                 :     0.91        1         1 
	   Disk (KB)            :   163     2097152   6681586 
	   Memory (MB)          :   117        4096      4096 
	   xferslots            :                           0 

	Job terminated of its own accord at 2026-01-21T13:54:21Z with exit-code 0.
...
