000 (15554417.019.000) 2026-01-07 12:44:32 Job submitted from host: <130.199.48.129:9618?addrs=130.199.48.129-9618&alias=rcas6009.rcf.bnl.gov&noUDP&sock=schedd_22421_101d>
...
040 (15554417.019.000) 2026-01-07 12:54:33 Started transferring input files
	Transferring to host: <130.199.150.95:9618?addrs=130.199.150.95-9618&alias=spool1576.sdcc.bnl.gov&noUDP&sock=slot1_27_24869_7fc2_183432>
...
040 (15554417.019.000) 2026-01-07 12:54:33 Finished transferring input files
...
001 (15554417.019.000) 2026-01-07 12:54:34 Job executing on host: <130.199.150.95:9618?addrs=130.199.150.95-9618&alias=spool1576.sdcc.bnl.gov&noUDP&sock=startd_24860_f9c4>
...
006 (15554417.019.000) 2026-01-07 12:54:43 Image size of job updated: 128796
	95  -  MemoryUsage of job (MB)
	96328  -  ResidentSetSize of job (KB)
...
006 (15554417.019.000) 2026-01-07 12:59:44 Image size of job updated: 424808
	96  -  MemoryUsage of job (MB)
	97680  -  ResidentSetSize of job (KB)
...
040 (15554417.019.000) 2026-01-07 13:00:06 Started transferring output files
...
040 (15554417.019.000) 2026-01-07 13:00:06 Finished transferring output files
...
005 (15554417.019.000) 2026-01-07 13:00:06 Job terminated.
	(1) Normal termination (return value 0)
		Usr 0 00:05:27, Sys 0 00:00:04  -  Run Remote Usage
		Usr 0 00:00:00, Sys 0 00:00:00  -  Run Local Usage
		Usr 0 00:05:27, Sys 0 00:00:04  -  Total Remote Usage
		Usr 0 00:00:00, Sys 0 00:00:00  -  Total Local Usage
	219  -  Run Bytes Sent By Job
	144352  -  Run Bytes Received By Job
	219  -  Total Bytes Sent By Job
	144352  -  Total Bytes Received By Job
	Partitionable Resources :    Usage  Request Allocated 
	   Cpus                 :     1.00        1         1 
	   Disk (KB)            :   159     2097152   6681187 
	   Memory (MB)          :    96        4096      4096 
	   xferslots            :                           0 

	Job terminated of its own accord at 2026-01-07T18:00:06Z with exit-code 0.
...
