000 (15697407.028.000) 2026-01-21 18:36:41 Job submitted from host: <130.199.48.129:9618?addrs=130.199.48.129-9618&alias=rcas6009.rcf.bnl.gov&noUDP&sock=schedd_22421_101d>
...
040 (15697407.028.000) 2026-01-21 18:55:18 Started transferring input files
	Transferring to host: <130.199.150.98:9618?addrs=130.199.150.98-9618&alias=spool1579.sdcc.bnl.gov&noUDP&sock=slot1_79_94981_64f3_307219>
...
040 (15697407.028.000) 2026-01-21 18:55:18 Finished transferring input files
...
001 (15697407.028.000) 2026-01-21 18:55:19 Job executing on host: <130.199.150.98:9618?addrs=130.199.150.98-9618&alias=spool1579.sdcc.bnl.gov&noUDP&sock=startd_94972_89de>
...
006 (15697407.028.000) 2026-01-21 18:55:27 Image size of job updated: 115092
	82  -  MemoryUsage of job (MB)
	83800  -  ResidentSetSize of job (KB)
...
006 (15697407.028.000) 2026-01-21 19:00:27 Image size of job updated: 449696
	92  -  MemoryUsage of job (MB)
	93612  -  ResidentSetSize of job (KB)
...
040 (15697407.028.000) 2026-01-21 19:01:36 Started transferring output files
...
040 (15697407.028.000) 2026-01-21 19:01:36 Finished transferring output files
...
005 (15697407.028.000) 2026-01-21 19:01:36 Job terminated.
	(1) Normal termination (return value 0)
		Usr 0 00:06:12, Sys 0 00:00:04  -  Run Remote Usage
		Usr 0 00:00:00, Sys 0 00:00:00  -  Run Local Usage
		Usr 0 00:06:12, Sys 0 00:00:04  -  Total Remote Usage
		Usr 0 00:00:00, Sys 0 00:00:00  -  Total Local Usage
	149  -  Run Bytes Sent By Job
	148880  -  Run Bytes Received By Job
	149  -  Total Bytes Sent By Job
	148880  -  Total Bytes Received By Job
	Partitionable Resources :    Usage  Request Allocated 
	   Cpus                 :     1.00        1         1 
	   Disk (KB)            :   163     2097152   6681175 
	   Memory (MB)          :    92        4096      4096 
	   xferslots            :                           0 

	Job terminated of its own accord at 2026-01-22T00:01:36Z with exit-code 0.
...
