000 (15560432.218.000) 2026-01-07 17:58:15 Job submitted from host: <130.199.48.129:9618?addrs=130.199.48.129-9618&alias=rcas6009.rcf.bnl.gov&noUDP&sock=schedd_22421_101d>
...
040 (15560432.218.000) 2026-01-07 19:19:57 Started transferring input files
	Transferring to host: <130.199.150.93:9618?addrs=130.199.150.93-9618&alias=spool1574.sdcc.bnl.gov&noUDP&sock=slot1_11_94784_ebaa_188008>
...
040 (15560432.218.000) 2026-01-07 19:19:57 Finished transferring input files
...
001 (15560432.218.000) 2026-01-07 19:19:58 Job executing on host: <130.199.150.93:9618?addrs=130.199.150.93-9618&alias=spool1574.sdcc.bnl.gov&noUDP&sock=startd_94775_30c7>
...
006 (15560432.218.000) 2026-01-07 19:20:07 Image size of job updated: 144064
	110  -  MemoryUsage of job (MB)
	112616  -  ResidentSetSize of job (KB)
...
006 (15560432.218.000) 2026-01-07 19:25:07 Image size of job updated: 424768
	112  -  MemoryUsage of job (MB)
	113932  -  ResidentSetSize of job (KB)
...
040 (15560432.218.000) 2026-01-07 19:33:45 Started transferring output files
...
040 (15560432.218.000) 2026-01-07 19:33:45 Finished transferring output files
...
005 (15560432.218.000) 2026-01-07 19:33:46 Job terminated.
	(1) Normal termination (return value 0)
		Usr 0 00:13:37, Sys 0 00:00:08  -  Run Remote Usage
		Usr 0 00:00:00, Sys 0 00:00:00  -  Run Local Usage
		Usr 0 00:13:37, Sys 0 00:00:08  -  Total Remote Usage
		Usr 0 00:00:00, Sys 0 00:00:00  -  Total Local Usage
	303  -  Run Bytes Sent By Job
	144352  -  Run Bytes Received By Job
	303  -  Total Bytes Sent By Job
	144352  -  Total Bytes Received By Job
	Partitionable Resources :    Usage  Request Allocated 
	   Cpus                 :     1.00        1         1 
	   Disk (KB)            :   159     2097152   6681104 
	   Memory (MB)          :   112        4096      4096 
	   xferslots            :                           0 

	Job terminated of its own accord at 2026-01-08T00:33:45Z with exit-code 0.
...
