000 (15690120.609.000) 2026-01-20 07:35:56 Job submitted from host: <130.199.48.129:9618?addrs=130.199.48.129-9618&alias=rcas6009.rcf.bnl.gov&noUDP&sock=schedd_22421_101d>
...
040 (15690120.609.000) 2026-01-21 10:31:55 Started transferring input files
	Transferring to host: <130.199.151.29:9618?addrs=130.199.151.29-9618&alias=spool1607.sdcc.bnl.gov&noUDP&sock=slot1_5_96586_9977_244879>
...
040 (15690120.609.000) 2026-01-21 10:31:56 Finished transferring input files
...
001 (15690120.609.000) 2026-01-21 10:31:57 Job executing on host: <130.199.151.29:9618?addrs=130.199.151.29-9618&alias=spool1607.sdcc.bnl.gov&noUDP&sock=startd_96578_d139>
...
006 (15690120.609.000) 2026-01-21 10:32:05 Image size of job updated: 422420
	73  -  MemoryUsage of job (MB)
	74512  -  ResidentSetSize of job (KB)
...
006 (15690120.609.000) 2026-01-21 10:37:05 Image size of job updated: 450908
	101  -  MemoryUsage of job (MB)
	103168  -  ResidentSetSize of job (KB)
...
040 (15690120.609.000) 2026-01-21 10:43:25 Started transferring output files
...
040 (15690120.609.000) 2026-01-21 10:43:25 Finished transferring output files
...
005 (15690120.609.000) 2026-01-21 10:43:25 Job terminated.
	(1) Normal termination (return value 0)
		Usr 0 00:11:16, Sys 0 00:00:07  -  Run Remote Usage
		Usr 0 00:00:00, Sys 0 00:00:00  -  Run Local Usage
		Usr 0 00:11:16, Sys 0 00:00:07  -  Total Remote Usage
		Usr 0 00:00:00, Sys 0 00:00:00  -  Total Local Usage
	177  -  Run Bytes Sent By Job
	148880  -  Run Bytes Received By Job
	177  -  Total Bytes Sent By Job
	148880  -  Total Bytes Received By Job
	Partitionable Resources :    Usage  Request Allocated 
	   Cpus                 :     0.99        1         1 
	   Disk (KB)            :   164     2097152   6681126 
	   Memory (MB)          :   101        4096      4096 
	   xferslots            :                           0 

	Job terminated of its own accord at 2026-01-21T15:43:25Z with exit-code 0.
...
