000 (16235385.236.000) 2026-01-23 10:57:26 Job submitted from host: <130.199.48.128:9618?addrs=130.199.48.128-9618&alias=rcas6008.rcf.bnl.gov&noUDP&sock=schedd_18725_535a>
...
040 (16235385.236.000) 2026-01-23 11:58:23 Started transferring input files
	Transferring to host: <130.199.186.25:9618?addrs=130.199.186.25-9618&alias=spool1822.sdcc.bnl.gov&noUDP&sock=slot1_81_93977_feb8_256334>
...
040 (16235385.236.000) 2026-01-23 11:58:23 Finished transferring input files
...
001 (16235385.236.000) 2026-01-23 11:58:24 Job executing on host: <130.199.186.25:9618?addrs=130.199.186.25-9618&alias=spool1822.sdcc.bnl.gov&noUDP&sock=startd_93968_c904>
...
006 (16235385.236.000) 2026-01-23 11:58:32 Image size of job updated: 342736
	40  -  MemoryUsage of job (MB)
	40728  -  ResidentSetSize of job (KB)
...
006 (16235385.236.000) 2026-01-23 12:03:32 Image size of job updated: 448964
	136  -  MemoryUsage of job (MB)
	139204  -  ResidentSetSize of job (KB)
...
006 (16235385.236.000) 2026-01-23 12:08:33 Image size of job updated: 448964
	136  -  MemoryUsage of job (MB)
	139208  -  ResidentSetSize of job (KB)
...
040 (16235385.236.000) 2026-01-23 12:31:47 Started transferring output files
...
040 (16235385.236.000) 2026-01-23 12:31:47 Finished transferring output files
...
005 (16235385.236.000) 2026-01-23 12:31:47 Job terminated.
	(1) Normal termination (return value 0)
		Usr 0 00:32:20, Sys 0 00:00:22  -  Run Remote Usage
		Usr 0 00:00:00, Sys 0 00:00:00  -  Run Local Usage
		Usr 0 00:32:20, Sys 0 00:00:22  -  Total Remote Usage
		Usr 0 00:00:00, Sys 0 00:00:00  -  Total Local Usage
	317  -  Run Bytes Sent By Job
	148880  -  Run Bytes Received By Job
	317  -  Total Bytes Sent By Job
	148880  -  Total Bytes Received By Job
	Partitionable Resources :    Usage  Request Allocated 
	   Cpus                 :     1.00        1         1 
	   Disk (KB)            :   164     2097152   6681601 
	   Memory (MB)          :   136        4096      4096 
	   xferslots            :                           0 

	Job terminated of its own accord at 2026-01-23T17:31:47Z with exit-code 0.
...
