000 (15697407.316.000) 2026-01-21 18:36:41 Job submitted from host: <130.199.48.129:9618?addrs=130.199.48.129-9618&alias=rcas6009.rcf.bnl.gov&noUDP&sock=schedd_22421_101d>
...
040 (15697407.316.000) 2026-01-22 05:16:35 Started transferring input files
	Transferring to host: <130.199.186.82:9618?addrs=130.199.186.82-9618&alias=spool1845.sdcc.bnl.gov&noUDP&sock=slot1_71_95953_29d6_276752>
...
040 (15697407.316.000) 2026-01-22 05:16:35 Finished transferring input files
...
001 (15697407.316.000) 2026-01-22 05:16:36 Job executing on host: <130.199.186.82:9618?addrs=130.199.186.82-9618&alias=spool1845.sdcc.bnl.gov&noUDP&sock=startd_95944_2a0e>
...
006 (15697407.316.000) 2026-01-22 05:16:44 Image size of job updated: 113380
	81  -  MemoryUsage of job (MB)
	81940  -  ResidentSetSize of job (KB)
...
006 (15697407.316.000) 2026-01-22 05:21:44 Image size of job updated: 424308
	104  -  MemoryUsage of job (MB)
	106492  -  ResidentSetSize of job (KB)
...
006 (15697407.316.000) 2026-01-22 05:26:45 Image size of job updated: 424308
	104  -  MemoryUsage of job (MB)
	106496  -  ResidentSetSize of job (KB)
...
040 (15697407.316.000) 2026-01-22 05:40:48 Started transferring output files
...
040 (15697407.316.000) 2026-01-22 05:40:48 Finished transferring output files
...
005 (15697407.316.000) 2026-01-22 05:40:48 Job terminated.
	(1) Normal termination (return value 0)
		Usr 0 00:23:55, Sys 0 00:00:14  -  Run Remote Usage
		Usr 0 00:00:00, Sys 0 00:00:00  -  Run Local Usage
		Usr 0 00:23:55, Sys 0 00:00:14  -  Total Remote Usage
		Usr 0 00:00:00, Sys 0 00:00:00  -  Total Local Usage
	261  -  Run Bytes Sent By Job
	148880  -  Run Bytes Received By Job
	261  -  Total Bytes Sent By Job
	148880  -  Total Bytes Received By Job
	Partitionable Resources :    Usage  Request Allocated 
	   Cpus                 :     1.00        1         1 
	   Disk (KB)            :   164     2097152   6681560 
	   Memory (MB)          :   104        4096      4096 
	   xferslots            :                           0 

	Job terminated of its own accord at 2026-01-22T10:40:47Z with exit-code 0.
...
