000 (16235385.349.000) 2026-01-23 10:57:27 Job submitted from host: <130.199.48.128:9618?addrs=130.199.48.128-9618&alias=rcas6008.rcf.bnl.gov&noUDP&sock=schedd_18725_535a>
...
040 (16235385.349.000) 2026-01-23 12:05:03 Started transferring input files
	Transferring to host: <130.199.150.93:9618?addrs=130.199.150.93-9618&alias=spool1574.sdcc.bnl.gov&noUDP&sock=slot1_15_94784_ebaa_265222>
...
040 (16235385.349.000) 2026-01-23 12:05:03 Finished transferring input files
...
001 (16235385.349.000) 2026-01-23 12:05:04 Job executing on host: <130.199.150.93:9618?addrs=130.199.150.93-9618&alias=spool1574.sdcc.bnl.gov&noUDP&sock=startd_94775_30c7>
...
006 (16235385.349.000) 2026-01-23 12:05:12 Image size of job updated: 101796
	69  -  MemoryUsage of job (MB)
	70480  -  ResidentSetSize of job (KB)
...
006 (16235385.349.000) 2026-01-23 12:10:12 Image size of job updated: 424384
	115  -  MemoryUsage of job (MB)
	116916  -  ResidentSetSize of job (KB)
...
006 (16235385.349.000) 2026-01-23 12:15:13 Image size of job updated: 424384
	115  -  MemoryUsage of job (MB)
	116920  -  ResidentSetSize of job (KB)
...
006 (16235385.349.000) 2026-01-23 12:20:14 Image size of job updated: 424384
	115  -  MemoryUsage of job (MB)
	116944  -  ResidentSetSize of job (KB)
...
006 (16235385.349.000) 2026-01-23 12:30:15 Image size of job updated: 424600
	115  -  MemoryUsage of job (MB)
	116952  -  ResidentSetSize of job (KB)
...
040 (16235385.349.000) 2026-01-23 12:39:30 Started transferring output files
...
040 (16235385.349.000) 2026-01-23 12:39:30 Finished transferring output files
...
005 (16235385.349.000) 2026-01-23 12:39:30 Job terminated.
	(1) Normal termination (return value 0)
		Usr 0 00:33:28, Sys 0 00:00:29  -  Run Remote Usage
		Usr 0 00:00:00, Sys 0 00:00:00  -  Run Local Usage
		Usr 0 00:33:28, Sys 0 00:00:29  -  Total Remote Usage
		Usr 0 00:00:00, Sys 0 00:00:00  -  Total Local Usage
	317  -  Run Bytes Sent By Job
	148880  -  Run Bytes Received By Job
	317  -  Total Bytes Sent By Job
	148880  -  Total Bytes Received By Job
	Partitionable Resources :    Usage  Request Allocated 
	   Cpus                 :     0.99        1         1 
	   Disk (KB)            :   163     2097152   6681104 
	   Memory (MB)          :   115        4096      4096 
	   xferslots            :                           0 

	Job terminated of its own accord at 2026-01-23T17:39:30Z with exit-code 0.
...
