000 (15564188.782.000) 2026-01-07 21:29:41 Job submitted from host: <130.199.48.129:9618?addrs=130.199.48.129-9618&alias=rcas6009.rcf.bnl.gov&noUDP&sock=schedd_22421_101d>
...
040 (15564188.782.000) 2026-01-08 01:50:49 Started transferring input files
	Transferring to host: <130.199.184.216:9618?addrs=130.199.184.216-9618&alias=spool1791.sdcc.bnl.gov&noUDP&sock=slot1_49_95931_eae9_186965>
...
040 (15564188.782.000) 2026-01-08 01:50:49 Finished transferring input files
...
001 (15564188.782.000) 2026-01-08 01:50:50 Job executing on host: <130.199.184.216:9618?addrs=130.199.184.216-9618&alias=spool1791.sdcc.bnl.gov&noUDP&sock=startd_95922_3399>
...
006 (15564188.782.000) 2026-01-08 01:50:59 Image size of job updated: 514772
	80  -  MemoryUsage of job (MB)
	81672  -  ResidentSetSize of job (KB)
...
040 (15564188.782.000) 2026-01-08 01:55:45 Started transferring output files
...
040 (15564188.782.000) 2026-01-08 01:55:45 Finished transferring output files
...
005 (15564188.782.000) 2026-01-08 01:55:45 Job terminated.
	(1) Normal termination (return value 0)
		Usr 0 00:04:28, Sys 0 00:00:04  -  Run Remote Usage
		Usr 0 00:00:00, Sys 0 00:00:00  -  Run Local Usage
		Usr 0 00:04:28, Sys 0 00:00:04  -  Total Remote Usage
		Usr 0 00:00:00, Sys 0 00:00:00  -  Total Local Usage
	149  -  Run Bytes Sent By Job
	144352  -  Run Bytes Received By Job
	149  -  Total Bytes Sent By Job
	144352  -  Total Bytes Received By Job
	Partitionable Resources :    Usage  Request Allocated 
	   Cpus                 :     0.14        1         1 
	   Disk (KB)            :   159     2097152   6681570 
	   Memory (MB)          :    80        4096      4096 
	   xferslots            :                           0 

	Job terminated of its own accord at 2026-01-08T06:55:45Z with exit-code 0.
...
