000 (15690120.1033.000) 2026-01-20 07:35:57 Job submitted from host: <130.199.48.129:9618?addrs=130.199.48.129-9618&alias=rcas6009.rcf.bnl.gov&noUDP&sock=schedd_22421_101d>
...
040 (15690120.1033.000) 2026-01-21 15:17:47 Started transferring input files
	Transferring to host: <130.199.150.90:9618?addrs=130.199.150.90-9618&alias=spool1571.sdcc.bnl.gov&noUDP&sock=slot1_20_94964_d73c_272866>
...
040 (15690120.1033.000) 2026-01-21 15:17:47 Finished transferring input files
...
001 (15690120.1033.000) 2026-01-21 15:17:48 Job executing on host: <130.199.150.90:9618?addrs=130.199.150.90-9618&alias=spool1571.sdcc.bnl.gov&noUDP&sock=startd_94955_2884>
...
006 (15690120.1033.000) 2026-01-21 15:17:56 Image size of job updated: 449800
	91  -  MemoryUsage of job (MB)
	92224  -  ResidentSetSize of job (KB)
...
006 (15690120.1033.000) 2026-01-21 15:22:56 Image size of job updated: 449800
	108  -  MemoryUsage of job (MB)
	109776  -  ResidentSetSize of job (KB)
...
040 (15690120.1033.000) 2026-01-21 15:37:28 Started transferring output files
...
040 (15690120.1033.000) 2026-01-21 15:37:28 Finished transferring output files
...
005 (15690120.1033.000) 2026-01-21 15:37:28 Job terminated.
	(1) Normal termination (return value 0)
		Usr 0 00:19:25, Sys 0 00:00:12  -  Run Remote Usage
		Usr 0 00:00:00, Sys 0 00:00:00  -  Run Local Usage
		Usr 0 00:19:25, Sys 0 00:00:12  -  Total Remote Usage
		Usr 0 00:00:00, Sys 0 00:00:00  -  Total Local Usage
	205  -  Run Bytes Sent By Job
	148880  -  Run Bytes Received By Job
	205  -  Total Bytes Sent By Job
	148880  -  Total Bytes Received By Job
	Partitionable Resources :    Usage  Request Allocated 
	   Cpus                 :     1.00        1         1 
	   Disk (KB)            :   164     2097152   6681189 
	   Memory (MB)          :   108        4096      4096 
	   xferslots            :                           0 

	Job terminated of its own accord at 2026-01-21T20:37:28Z with exit-code 0.
...
