000 (15684821.995.000) 2026-01-19 15:56:22 Job submitted from host: <130.199.48.129:9618?addrs=130.199.48.129-9618&alias=rcas6009.rcf.bnl.gov&noUDP&sock=schedd_22421_101d>
...
040 (15684821.995.000) 2026-01-19 16:30:42 Started transferring input files
	Transferring to host: <130.199.186.8:9618?addrs=130.199.186.8-9618&alias=spool1805.sdcc.bnl.gov&noUDP&sock=slot1_32_22185_82dc_256061>
...
040 (15684821.995.000) 2026-01-19 16:30:42 Finished transferring input files
...
001 (15684821.995.000) 2026-01-19 16:30:43 Job executing on host: <130.199.186.8:9618?addrs=130.199.186.8-9618&alias=spool1805.sdcc.bnl.gov&noUDP&sock=startd_22176_8606>
...
006 (15684821.995.000) 2026-01-19 16:30:52 Image size of job updated: 382288
	78  -  MemoryUsage of job (MB)
	78992  -  ResidentSetSize of job (KB)
...
006 (15684821.995.000) 2026-01-19 16:35:52 Image size of job updated: 449396
	113  -  MemoryUsage of job (MB)
	114900  -  ResidentSetSize of job (KB)
...
040 (15684821.995.000) 2026-01-19 16:51:16 Started transferring output files
...
040 (15684821.995.000) 2026-01-19 16:51:16 Finished transferring output files
...
005 (15684821.995.000) 2026-01-19 16:51:16 Job terminated.
	(1) Normal termination (return value 0)
		Usr 0 00:20:06, Sys 0 00:00:16  -  Run Remote Usage
		Usr 0 00:00:00, Sys 0 00:00:00  -  Run Local Usage
		Usr 0 00:20:06, Sys 0 00:00:16  -  Total Remote Usage
		Usr 0 00:00:00, Sys 0 00:00:00  -  Total Local Usage
	219  -  Run Bytes Sent By Job
	148880  -  Run Bytes Received By Job
	219  -  Total Bytes Sent By Job
	148880  -  Total Bytes Received By Job
	Partitionable Resources :    Usage  Request Allocated 
	   Cpus                 :     0.99        1         1 
	   Disk (KB)            :   163     2097152   6681581 
	   Memory (MB)          :   113        4096      4096 
	   xferslots            :                           0 

	Job terminated of its own accord at 2026-01-19T21:51:15Z with exit-code 0.
...
