000 (16235385.1045.000) 2026-01-23 10:57:30 Job submitted from host: <130.199.48.128:9618?addrs=130.199.48.128-9618&alias=rcas6008.rcf.bnl.gov&noUDP&sock=schedd_18725_535a>
...
040 (16235385.1045.000) 2026-01-23 12:28:32 Started transferring input files
	Transferring to host: <130.199.186.23:9618?addrs=130.199.186.23-9618&alias=spool1820.sdcc.bnl.gov&noUDP&sock=slot1_5_94137_2573_262396>
...
040 (16235385.1045.000) 2026-01-23 12:28:32 Finished transferring input files
...
001 (16235385.1045.000) 2026-01-23 12:28:33 Job executing on host: <130.199.186.23:9618?addrs=130.199.186.23-9618&alias=spool1820.sdcc.bnl.gov&noUDP&sock=startd_94129_bd5c>
...
006 (16235385.1045.000) 2026-01-23 12:28:42 Image size of job updated: 97780
	66  -  MemoryUsage of job (MB)
	66572  -  ResidentSetSize of job (KB)
...
006 (16235385.1045.000) 2026-01-23 12:30:27 Image size of job updated: 423640
	66  -  MemoryUsage of job (MB)
	66572  -  ResidentSetSize of job (KB)
...
040 (16235385.1045.000) 2026-01-23 12:30:27 Started transferring output files
...
040 (16235385.1045.000) 2026-01-23 12:30:27 Finished transferring output files
...
005 (16235385.1045.000) 2026-01-23 12:30:27 Job terminated.
	(1) Normal termination (return value 0)
		Usr 0 00:01:51, Sys 0 00:00:01  -  Run Remote Usage
		Usr 0 00:00:00, Sys 0 00:00:00  -  Run Local Usage
		Usr 0 00:01:51, Sys 0 00:00:01  -  Total Remote Usage
		Usr 0 00:00:00, Sys 0 00:00:00  -  Total Local Usage
	83  -  Run Bytes Sent By Job
	148880  -  Run Bytes Received By Job
	83  -  Total Bytes Sent By Job
	148880  -  Total Bytes Received By Job
	Partitionable Resources :    Usage  Request Allocated 
	   Cpus                 :                 1         1 
	   Disk (KB)            :      157  2097152   6681582 
	   Memory (MB)          :       66     4096      4096 
	   xferslots            :                           0 

	Job terminated of its own accord at 2026-01-23T17:30:27Z with exit-code 0.
...
