000 (15554416.009.000) 2026-01-07 12:30:30 Job submitted from host: <130.199.48.129:9618?addrs=130.199.48.129-9618&alias=rcas6009.rcf.bnl.gov&noUDP&sock=schedd_22421_101d>
...
040 (15554416.009.000) 2026-01-07 12:42:14 Started transferring input files
	Transferring to host: <130.199.151.8:9618?addrs=130.199.151.8-9618&alias=spool1586.sdcc.bnl.gov&noUDP&sock=slot1_66_95056_c71b_223257>
...
040 (15554416.009.000) 2026-01-07 12:42:14 Finished transferring input files
...
001 (15554416.009.000) 2026-01-07 12:42:15 Job executing on host: <130.199.151.8:9618?addrs=130.199.151.8-9618&alias=spool1586.sdcc.bnl.gov&noUDP&sock=startd_95047_466d>
...
006 (15554416.009.000) 2026-01-07 12:42:18 Image size of job updated: 100
	0  -  MemoryUsage of job (MB)
	0  -  ResidentSetSize of job (KB)
...
040 (15554416.009.000) 2026-01-07 12:42:18 Started transferring output files
...
040 (15554416.009.000) 2026-01-07 12:42:18 Finished transferring output files
...
005 (15554416.009.000) 2026-01-07 12:42:18 Job terminated.
	(1) Normal termination (return value 0)
		Usr 0 00:00:01, Sys 0 00:00:00  -  Run Remote Usage
		Usr 0 00:00:00, Sys 0 00:00:00  -  Run Local Usage
		Usr 0 00:00:01, Sys 0 00:00:00  -  Total Remote Usage
		Usr 0 00:00:00, Sys 0 00:00:00  -  Total Local Usage
	18  -  Run Bytes Sent By Job
	144352  -  Run Bytes Received By Job
	18  -  Total Bytes Sent By Job
	144352  -  Total Bytes Received By Job
	Partitionable Resources :    Usage  Request Allocated 
	   Cpus                 :                 1         1 
	   Disk (KB)            :      153  2097152   6681117 
	   Memory (MB)          :        0     4096      4096 
	   xferslots            :                           0 

	Job terminated of its own accord at 2026-01-07T17:42:18Z with exit-code 0.
...
