000 (15697407.944.000) 2026-01-21 18:36:43 Job submitted from host: <130.199.48.129:9618?addrs=130.199.48.129-9618&alias=rcas6009.rcf.bnl.gov&noUDP&sock=schedd_22421_101d>
...
040 (15697407.944.000) 2026-01-22 16:37:12 Started transferring input files
	Transferring to host: <130.199.186.83:9618?addrs=130.199.186.83-9618&alias=spool1846.sdcc.bnl.gov&noUDP&sock=slot1_72_95821_b049_256370>
...
040 (15697407.944.000) 2026-01-22 16:37:12 Finished transferring input files
...
001 (15697407.944.000) 2026-01-22 16:37:13 Job executing on host: <130.199.186.83:9618?addrs=130.199.186.83-9618&alias=spool1846.sdcc.bnl.gov&noUDP&sock=startd_95812_6350>
...
006 (15697407.944.000) 2026-01-22 16:37:20 Image size of job updated: 447972
	0  -  MemoryUsage of job (MB)
	0  -  ResidentSetSize of job (KB)
...
040 (15697407.944.000) 2026-01-22 16:37:20 Started transferring output files
...
040 (15697407.944.000) 2026-01-22 16:37:20 Finished transferring output files
...
005 (15697407.944.000) 2026-01-22 16:37:20 Job terminated.
	(1) Normal termination (return value 0)
		Usr 0 00:00:06, Sys 0 00:00:00  -  Run Remote Usage
		Usr 0 00:00:00, Sys 0 00:00:00  -  Run Local Usage
		Usr 0 00:00:06, Sys 0 00:00:00  -  Total Remote Usage
		Usr 0 00:00:00, Sys 0 00:00:00  -  Total Local Usage
	31  -  Run Bytes Sent By Job
	148880  -  Run Bytes Received By Job
	31  -  Total Bytes Sent By Job
	148880  -  Total Bytes Received By Job
	Partitionable Resources :    Usage  Request Allocated 
	   Cpus                 :                 1         1 
	   Disk (KB)            :      157  2097152   6681571 
	   Memory (MB)          :        0     4096      4096 
	   xferslots            :                           0 

	Job terminated of its own accord at 2026-01-22T21:37:20Z with exit-code 0.
...
