000 (15560432.068.000) 2026-01-07 17:58:15 Job submitted from host: <130.199.48.129:9618?addrs=130.199.48.129-9618&alias=rcas6009.rcf.bnl.gov&noUDP&sock=schedd_22421_101d>
...
040 (15560432.068.000) 2026-01-07 18:25:17 Started transferring input files
	Transferring to host: <130.199.184.213:9618?addrs=130.199.184.213-9618&alias=spool1788.sdcc.bnl.gov&noUDP&sock=slot1_3_95861_39f8_191656>
...
040 (15560432.068.000) 2026-01-07 18:25:17 Finished transferring input files
...
001 (15560432.068.000) 2026-01-07 18:25:18 Job executing on host: <130.199.184.213:9618?addrs=130.199.184.213-9618&alias=spool1788.sdcc.bnl.gov&noUDP&sock=startd_95852_0c25>
...
006 (15560432.068.000) 2026-01-07 18:25:27 Image size of job updated: 420984
	106  -  MemoryUsage of job (MB)
	108152  -  ResidentSetSize of job (KB)
...
006 (15560432.068.000) 2026-01-07 18:30:28 Image size of job updated: 424636
	108  -  MemoryUsage of job (MB)
	110532  -  ResidentSetSize of job (KB)
...
006 (15560432.068.000) 2026-01-07 18:35:29 Image size of job updated: 424636
	108  -  MemoryUsage of job (MB)
	110552  -  ResidentSetSize of job (KB)
...
040 (15560432.068.000) 2026-01-07 18:36:51 Started transferring output files
...
040 (15560432.068.000) 2026-01-07 18:36:51 Finished transferring output files
...
005 (15560432.068.000) 2026-01-07 18:36:51 Job terminated.
	(1) Normal termination (return value 0)
		Usr 0 00:11:24, Sys 0 00:00:07  -  Run Remote Usage
		Usr 0 00:00:00, Sys 0 00:00:00  -  Run Local Usage
		Usr 0 00:11:24, Sys 0 00:00:07  -  Total Remote Usage
		Usr 0 00:00:00, Sys 0 00:00:00  -  Total Local Usage
	289  -  Run Bytes Sent By Job
	144352  -  Run Bytes Received By Job
	289  -  Total Bytes Sent By Job
	144352  -  Total Bytes Received By Job
	Partitionable Resources :    Usage  Request Allocated 
	   Cpus                 :     1.00        1         1 
	   Disk (KB)            :   159     2097152   6681567 
	   Memory (MB)          :   108        4096      4096 
	   xferslots            :                           0 

	Job terminated of its own accord at 2026-01-07T23:36:50Z with exit-code 0.
...
