000 (16235385.709.000) 2026-01-23 10:57:29 Job submitted from host: <130.199.48.128:9618?addrs=130.199.48.128-9618&alias=rcas6008.rcf.bnl.gov&noUDP&sock=schedd_18725_535a>
...
040 (16235385.709.000) 2026-01-23 12:20:22 Started transferring input files
	Transferring to host: <130.199.184.197:9618?addrs=130.199.184.197-9618&alias=spool1772.sdcc.bnl.gov&noUDP&sock=slot1_1_95968_3d78_259043>
...
040 (16235385.709.000) 2026-01-23 12:20:22 Finished transferring input files
...
001 (16235385.709.000) 2026-01-23 12:20:23 Job executing on host: <130.199.184.197:9618?addrs=130.199.184.197-9618&alias=spool1772.sdcc.bnl.gov&noUDP&sock=startd_95960_3a63>
...
006 (16235385.709.000) 2026-01-23 12:20:32 Image size of job updated: 447000
	81  -  MemoryUsage of job (MB)
	82868  -  ResidentSetSize of job (KB)
...
006 (16235385.709.000) 2026-01-23 12:25:33 Image size of job updated: 447000
	96  -  MemoryUsage of job (MB)
	97296  -  ResidentSetSize of job (KB)
...
040 (16235385.709.000) 2026-01-23 12:30:43 Started transferring output files
...
040 (16235385.709.000) 2026-01-23 12:30:43 Finished transferring output files
...
005 (16235385.709.000) 2026-01-23 12:30:44 Job terminated.
	(1) Normal termination (return value 0)
		Usr 0 00:10:11, Sys 0 00:00:07  -  Run Remote Usage
		Usr 0 00:00:00, Sys 0 00:00:00  -  Run Local Usage
		Usr 0 00:10:11, Sys 0 00:00:07  -  Total Remote Usage
		Usr 0 00:00:00, Sys 0 00:00:00  -  Total Local Usage
	177  -  Run Bytes Sent By Job
	148880  -  Run Bytes Received By Job
	177  -  Total Bytes Sent By Job
	148880  -  Total Bytes Received By Job
	Partitionable Resources :    Usage  Request Allocated 
	   Cpus                 :     1.00        1         1 
	   Disk (KB)            :   164     2097152   6681570 
	   Memory (MB)          :    96        4096      4096 
	   xferslots            :                           0 

	Job terminated of its own accord at 2026-01-23T17:30:43Z with exit-code 0.
...
