000 (15560432.154.000) 2026-01-07 17:58:15 Job submitted from host: <130.199.48.129:9618?addrs=130.199.48.129-9618&alias=rcas6009.rcf.bnl.gov&noUDP&sock=schedd_22421_101d>
...
040 (15560432.154.000) 2026-01-07 18:51:39 Started transferring input files
	Transferring to host: <130.199.151.31:9618?addrs=130.199.151.31-9618&alias=spool1609.sdcc.bnl.gov&noUDP&sock=slot1_21_94980_a7e9_181972>
...
040 (15560432.154.000) 2026-01-07 18:51:39 Finished transferring input files
...
001 (15560432.154.000) 2026-01-07 18:51:41 Job executing on host: <130.199.151.31:9618?addrs=130.199.151.31-9618&alias=spool1609.sdcc.bnl.gov&noUDP&sock=startd_94972_89de>
...
006 (15560432.154.000) 2026-01-07 18:51:49 Image size of job updated: 422248
	85  -  MemoryUsage of job (MB)
	86648  -  ResidentSetSize of job (KB)
...
006 (15560432.154.000) 2026-01-07 18:56:49 Image size of job updated: 424620
	115  -  MemoryUsage of job (MB)
	116908  -  ResidentSetSize of job (KB)
...
006 (15560432.154.000) 2026-01-07 19:01:50 Image size of job updated: 424620
	115  -  MemoryUsage of job (MB)
	116916  -  ResidentSetSize of job (KB)
...
040 (15560432.154.000) 2026-01-07 19:08:32 Started transferring output files
...
040 (15560432.154.000) 2026-01-07 19:08:32 Finished transferring output files
...
005 (15560432.154.000) 2026-01-07 19:08:32 Job terminated.
	(1) Normal termination (return value 0)
		Usr 0 00:16:34, Sys 0 00:00:15  -  Run Remote Usage
		Usr 0 00:00:00, Sys 0 00:00:00  -  Run Local Usage
		Usr 0 00:16:34, Sys 0 00:00:15  -  Total Remote Usage
		Usr 0 00:00:00, Sys 0 00:00:00  -  Total Local Usage
	331  -  Run Bytes Sent By Job
	144352  -  Run Bytes Received By Job
	331  -  Total Bytes Sent By Job
	144352  -  Total Bytes Received By Job
	Partitionable Resources :    Usage  Request Allocated 
	   Cpus                 :     0.99        1         1 
	   Disk (KB)            :   159     2097152   6681162 
	   Memory (MB)          :   115        4096      4096 
	   xferslots            :                           0 

	Job terminated of its own accord at 2026-01-08T00:08:32Z with exit-code 0.
...
