000 (15554417.306.000) 2026-01-07 12:44:33 Job submitted from host: <130.199.48.129:9618?addrs=130.199.48.129-9618&alias=rcas6009.rcf.bnl.gov&noUDP&sock=schedd_22421_101d>
...
040 (15554417.306.000) 2026-01-07 13:26:29 Started transferring input files
	Transferring to host: <130.199.150.78:9618?addrs=130.199.150.78-9618&alias=spool1559.sdcc.bnl.gov&noUDP&sock=slot1_66_24669_cf59_185711>
...
040 (15554417.306.000) 2026-01-07 13:26:29 Finished transferring input files
...
001 (15554417.306.000) 2026-01-07 13:26:30 Job executing on host: <130.199.150.78:9618?addrs=130.199.150.78-9618&alias=spool1559.sdcc.bnl.gov&noUDP&sock=startd_24661_fea2>
...
006 (15554417.306.000) 2026-01-07 13:26:38 Image size of job updated: 142212
	108  -  MemoryUsage of job (MB)
	109744  -  ResidentSetSize of job (KB)
...
006 (15554417.306.000) 2026-01-07 13:31:38 Image size of job updated: 424736
	110  -  MemoryUsage of job (MB)
	111996  -  ResidentSetSize of job (KB)
...
040 (15554417.306.000) 2026-01-07 13:39:11 Started transferring output files
...
040 (15554417.306.000) 2026-01-07 13:39:11 Finished transferring output files
...
005 (15554417.306.000) 2026-01-07 13:39:11 Job terminated.
	(1) Normal termination (return value 0)
		Usr 0 00:12:30, Sys 0 00:00:09  -  Run Remote Usage
		Usr 0 00:00:00, Sys 0 00:00:00  -  Run Local Usage
		Usr 0 00:12:30, Sys 0 00:00:09  -  Total Remote Usage
		Usr 0 00:00:00, Sys 0 00:00:00  -  Total Local Usage
	289  -  Run Bytes Sent By Job
	144352  -  Run Bytes Received By Job
	289  -  Total Bytes Sent By Job
	144352  -  Total Bytes Received By Job
	Partitionable Resources :    Usage  Request Allocated 
	   Cpus                 :     1.00        1         1 
	   Disk (KB)            :   159     2097152   6681170 
	   Memory (MB)          :   110        4096      4096 
	   xferslots            :                           0 

	Job terminated of its own accord at 2026-01-07T18:39:11Z with exit-code 0.
...
