000 (15697407.951.000) 2026-01-21 18:36:43 Job submitted from host: <130.199.48.129:9618?addrs=130.199.48.129-9618&alias=rcas6009.rcf.bnl.gov&noUDP&sock=schedd_22421_101d>
...
040 (15697407.951.000) 2026-01-22 16:40:27 Started transferring input files
	Transferring to host: <130.199.186.22:9618?addrs=130.199.186.22-9618&alias=spool1819.sdcc.bnl.gov&noUDP&sock=slot1_26_95747_0b2c_272366>
...
040 (15697407.951.000) 2026-01-22 16:40:28 Finished transferring input files
...
001 (15697407.951.000) 2026-01-22 16:40:29 Job executing on host: <130.199.186.22:9618?addrs=130.199.186.22-9618&alias=spool1819.sdcc.bnl.gov&noUDP&sock=startd_95703_e40c>
...
006 (15697407.951.000) 2026-01-22 16:40:37 Image size of job updated: 449368
	79  -  MemoryUsage of job (MB)
	80480  -  ResidentSetSize of job (KB)
...
006 (15697407.951.000) 2026-01-22 16:45:37 Image size of job updated: 449368
	90  -  MemoryUsage of job (MB)
	91828  -  ResidentSetSize of job (KB)
...
040 (15697407.951.000) 2026-01-22 16:47:10 Started transferring output files
...
040 (15697407.951.000) 2026-01-22 16:47:10 Finished transferring output files
...
005 (15697407.951.000) 2026-01-22 16:47:10 Job terminated.
	(1) Normal termination (return value 0)
		Usr 0 00:06:35, Sys 0 00:00:04  -  Run Remote Usage
		Usr 0 00:00:00, Sys 0 00:00:00  -  Run Local Usage
		Usr 0 00:06:35, Sys 0 00:00:04  -  Total Remote Usage
		Usr 0 00:00:00, Sys 0 00:00:00  -  Total Local Usage
	135  -  Run Bytes Sent By Job
	148880  -  Run Bytes Received By Job
	135  -  Total Bytes Sent By Job
	148880  -  Total Bytes Received By Job
	Partitionable Resources :    Usage  Request Allocated 
	   Cpus                 :     1.00        1         1 
	   Disk (KB)            :   164     2097152   6681584 
	   Memory (MB)          :    90        4096      4096 
	   xferslots            :                           0 

	Job terminated of its own accord at 2026-01-22T21:47:09Z with exit-code 0.
...
