000 (15690120.203.000) 2026-01-20 07:35:55 Job submitted from host: <130.199.48.129:9618?addrs=130.199.48.129-9618&alias=rcas6009.rcf.bnl.gov&noUDP&sock=schedd_22421_101d>
...
040 (15690120.203.000) 2026-01-21 00:00:20 Started transferring input files
	Transferring to host: <130.199.186.31:9618?addrs=130.199.186.31-9618&alias=spool1828.sdcc.bnl.gov&noUDP&sock=slot1_49_95743_1701_243904>
...
040 (15690120.203.000) 2026-01-21 00:00:20 Finished transferring input files
...
001 (15690120.203.000) 2026-01-21 00:00:21 Job executing on host: <130.199.186.31:9618?addrs=130.199.186.31-9618&alias=spool1828.sdcc.bnl.gov&noUDP&sock=startd_95734_b3b1>
...
006 (15690120.203.000) 2026-01-21 00:00:30 Image size of job updated: 105164
	72  -  MemoryUsage of job (MB)
	72736  -  ResidentSetSize of job (KB)
...
006 (15690120.203.000) 2026-01-21 00:05:30 Image size of job updated: 447944
	108  -  MemoryUsage of job (MB)
	109936  -  ResidentSetSize of job (KB)
...
040 (15690120.203.000) 2026-01-21 00:18:11 Started transferring output files
...
040 (15690120.203.000) 2026-01-21 00:18:11 Finished transferring output files
...
005 (15690120.203.000) 2026-01-21 00:18:11 Job terminated.
	(1) Normal termination (return value 0)
		Usr 0 00:17:18, Sys 0 00:00:10  -  Run Remote Usage
		Usr 0 00:00:00, Sys 0 00:00:00  -  Run Local Usage
		Usr 0 00:17:18, Sys 0 00:00:10  -  Total Remote Usage
		Usr 0 00:00:00, Sys 0 00:00:00  -  Total Local Usage
	205  -  Run Bytes Sent By Job
	148880  -  Run Bytes Received By Job
	205  -  Total Bytes Sent By Job
	148880  -  Total Bytes Received By Job
	Partitionable Resources :    Usage  Request Allocated 
	   Cpus                 :     0.99        1         1 
	   Disk (KB)            :   164     2097152   6681577 
	   Memory (MB)          :   108        4096      4096 
	   xferslots            :                           0 

	Job terminated of its own accord at 2026-01-21T05:18:11Z with exit-code 0.
...
