000 (15690120.873.000) 2026-01-20 07:35:56 Job submitted from host: <130.199.48.129:9618?addrs=130.199.48.129-9618&alias=rcas6009.rcf.bnl.gov&noUDP&sock=schedd_22421_101d>
...
040 (15690120.873.000) 2026-01-21 13:37:18 Started transferring input files
	Transferring to host: <130.199.186.8:9618?addrs=130.199.186.8-9618&alias=spool1805.sdcc.bnl.gov&noUDP&sock=slot1_45_22185_82dc_264391>
...
040 (15690120.873.000) 2026-01-21 13:37:19 Finished transferring input files
...
001 (15690120.873.000) 2026-01-21 13:37:20 Job executing on host: <130.199.186.8:9618?addrs=130.199.186.8-9618&alias=spool1805.sdcc.bnl.gov&noUDP&sock=startd_22176_8606>
...
006 (15690120.873.000) 2026-01-21 13:37:30 Image size of job updated: 422404
	78  -  MemoryUsage of job (MB)
	79644  -  ResidentSetSize of job (KB)
...
006 (15690120.873.000) 2026-01-21 13:42:30 Image size of job updated: 449412
	88  -  MemoryUsage of job (MB)
	90100  -  ResidentSetSize of job (KB)
...
040 (15690120.873.000) 2026-01-21 13:44:06 Started transferring output files
...
040 (15690120.873.000) 2026-01-21 13:44:06 Finished transferring output files
...
005 (15690120.873.000) 2026-01-21 13:44:06 Job terminated.
	(1) Normal termination (return value 0)
		Usr 0 00:06:31, Sys 0 00:00:05  -  Run Remote Usage
		Usr 0 00:00:00, Sys 0 00:00:00  -  Run Local Usage
		Usr 0 00:06:31, Sys 0 00:00:05  -  Total Remote Usage
		Usr 0 00:00:00, Sys 0 00:00:00  -  Total Local Usage
	122  -  Run Bytes Sent By Job
	148880  -  Run Bytes Received By Job
	122  -  Total Bytes Sent By Job
	148880  -  Total Bytes Received By Job
	Partitionable Resources :    Usage  Request Allocated 
	   Cpus                 :     0.95        1         1 
	   Disk (KB)            :   164     2097152   6681581 
	   Memory (MB)          :    88        4096      4096 
	   xferslots            :                           0 

	Job terminated of its own accord at 2026-01-21T18:44:06Z with exit-code 0.
...
