000 (15554417.986.000) 2026-01-07 12:44:34 Job submitted from host: <130.199.48.129:9618?addrs=130.199.48.129-9618&alias=rcas6009.rcf.bnl.gov&noUDP&sock=schedd_22421_101d>
...
040 (15554417.986.000) 2026-01-07 14:09:18 Started transferring input files
	Transferring to host: <130.199.184.197:9618?addrs=130.199.184.197-9618&alias=spool1772.sdcc.bnl.gov&noUDP&sock=slot1_9_95968_3d78_188155>
...
040 (15554417.986.000) 2026-01-07 14:09:18 Finished transferring input files
...
001 (15554417.986.000) 2026-01-07 14:09:19 Job executing on host: <130.199.184.197:9618?addrs=130.199.184.197-9618&alias=spool1772.sdcc.bnl.gov&noUDP&sock=startd_95960_3a63>
...
006 (15554417.986.000) 2026-01-07 14:09:28 Image size of job updated: 112416
	79  -  MemoryUsage of job (MB)
	79944  -  ResidentSetSize of job (KB)
...
006 (15554417.986.000) 2026-01-07 14:14:29 Image size of job updated: 424840
	102  -  MemoryUsage of job (MB)
	103568  -  ResidentSetSize of job (KB)
...
040 (15554417.986.000) 2026-01-07 14:19:03 Started transferring output files
...
040 (15554417.986.000) 2026-01-07 14:19:03 Finished transferring output files
...
005 (15554417.986.000) 2026-01-07 14:19:03 Job terminated.
	(1) Normal termination (return value 0)
		Usr 0 00:09:35, Sys 0 00:00:07  -  Run Remote Usage
		Usr 0 00:00:00, Sys 0 00:00:00  -  Run Local Usage
		Usr 0 00:09:35, Sys 0 00:00:07  -  Total Remote Usage
		Usr 0 00:00:00, Sys 0 00:00:00  -  Total Local Usage
	247  -  Run Bytes Sent By Job
	144352  -  Run Bytes Received By Job
	247  -  Total Bytes Sent By Job
	144352  -  Total Bytes Received By Job
	Partitionable Resources :    Usage  Request Allocated 
	   Cpus                 :     1.00        1         1 
	   Disk (KB)            :   159     2097152   6681570 
	   Memory (MB)          :   102        4096      4096 
	   xferslots            :                           0 

	Job terminated of its own accord at 2026-01-07T19:19:03Z with exit-code 0.
...
