000 (15697407.412.000) 2026-01-21 18:36:42 Job submitted from host: <130.199.48.129:9618?addrs=130.199.48.129-9618&alias=rcas6009.rcf.bnl.gov&noUDP&sock=schedd_22421_101d>
...
040 (15697407.412.000) 2026-01-22 08:05:57 Started transferring input files
	Transferring to host: <130.199.186.18:9618?addrs=130.199.186.18-9618&alias=spool1815.sdcc.bnl.gov&noUDP&sock=slot1_75_93818_9508_314954>
...
040 (15697407.412.000) 2026-01-22 08:05:57 Finished transferring input files
...
001 (15697407.412.000) 2026-01-22 08:05:58 Job executing on host: <130.199.186.18:9618?addrs=130.199.186.18-9618&alias=spool1815.sdcc.bnl.gov&noUDP&sock=startd_93809_76b7>
...
006 (15697407.412.000) 2026-01-22 08:06:07 Image size of job updated: 505708
	80  -  MemoryUsage of job (MB)
	80992  -  ResidentSetSize of job (KB)
...
006 (15697407.412.000) 2026-01-22 08:11:08 Image size of job updated: 505708
	125  -  MemoryUsage of job (MB)
	127052  -  ResidentSetSize of job (KB)
...
040 (15697407.412.000) 2026-01-22 08:34:13 Started transferring output files
...
040 (15697407.412.000) 2026-01-22 08:34:13 Finished transferring output files
...
005 (15697407.412.000) 2026-01-22 08:34:13 Job terminated.
	(1) Normal termination (return value 0)
		Usr 0 00:27:04, Sys 0 00:00:24  -  Run Remote Usage
		Usr 0 00:00:00, Sys 0 00:00:00  -  Run Local Usage
		Usr 0 00:27:04, Sys 0 00:00:24  -  Total Remote Usage
		Usr 0 00:00:00, Sys 0 00:00:00  -  Total Local Usage
	275  -  Run Bytes Sent By Job
	148880  -  Run Bytes Received By Job
	275  -  Total Bytes Sent By Job
	148880  -  Total Bytes Received By Job
	Partitionable Resources :    Usage  Request Allocated 
	   Cpus                 :     0.99        1         1 
	   Disk (KB)            :   163     2097152   6681589 
	   Memory (MB)          :   125        4096      4096 
	   xferslots            :                           0 

	Job terminated of its own accord at 2026-01-22T13:34:13Z with exit-code 0.
...
