000 (15560432.900.000) 2026-01-07 17:58:17 Job submitted from host: <130.199.48.129:9618?addrs=130.199.48.129-9618&alias=rcas6009.rcf.bnl.gov&noUDP&sock=schedd_22421_101d>
...
040 (15560432.900.000) 2026-01-07 20:57:43 Started transferring input files
	Transferring to host: <130.199.151.3:9618?addrs=130.199.151.3-9618&alias=spool1581.sdcc.bnl.gov&noUDP&sock=slot1_14_95061_7851_188168>
...
040 (15560432.900.000) 2026-01-07 20:57:43 Finished transferring input files
...
001 (15560432.900.000) 2026-01-07 20:57:44 Job executing on host: <130.199.151.3:9618?addrs=130.199.151.3-9618&alias=spool1581.sdcc.bnl.gov&noUDP&sock=startd_95052_db87>
...
006 (15560432.900.000) 2026-01-07 20:57:56 Image size of job updated: 422572
	76  -  MemoryUsage of job (MB)
	76984  -  ResidentSetSize of job (KB)
...
006 (15560432.900.000) 2026-01-07 21:00:20 Image size of job updated: 424664
	76  -  MemoryUsage of job (MB)
	76984  -  ResidentSetSize of job (KB)
...
040 (15560432.900.000) 2026-01-07 21:00:20 Started transferring output files
...
040 (15560432.900.000) 2026-01-07 21:00:20 Finished transferring output files
...
005 (15560432.900.000) 2026-01-07 21:00:20 Job terminated.
	(1) Normal termination (return value 0)
		Usr 0 00:02:32, Sys 0 00:00:02  -  Run Remote Usage
		Usr 0 00:00:00, Sys 0 00:00:00  -  Run Local Usage
		Usr 0 00:02:32, Sys 0 00:00:02  -  Total Remote Usage
		Usr 0 00:00:00, Sys 0 00:00:00  -  Total Local Usage
	109  -  Run Bytes Sent By Job
	144352  -  Run Bytes Received By Job
	109  -  Total Bytes Sent By Job
	144352  -  Total Bytes Received By Job
	Partitionable Resources :    Usage  Request Allocated 
	   Cpus                 :     1.30        1         1 
	   Disk (KB)            :   159     2097152   6681183 
	   Memory (MB)          :    76        4096      4096 
	   xferslots            :                           0 

	Job terminated of its own accord at 2026-01-08T02:00:20Z with exit-code 0.
...
