000 (15690120.291.000) 2026-01-20 07:35:55 Job submitted from host: <130.199.48.129:9618?addrs=130.199.48.129-9618&alias=rcas6009.rcf.bnl.gov&noUDP&sock=schedd_22421_101d>
...
040 (15690120.291.000) 2026-01-21 04:29:46 Started transferring input files
	Transferring to host: <130.199.151.16:9618?addrs=130.199.151.16-9618&alias=spool1594.sdcc.bnl.gov&noUDP&sock=slot1_33_96956_d307_254309>
...
040 (15690120.291.000) 2026-01-21 04:29:46 Finished transferring input files
...
001 (15690120.291.000) 2026-01-21 04:29:47 Job executing on host: <130.199.151.16:9618?addrs=130.199.151.16-9618&alias=spool1594.sdcc.bnl.gov&noUDP&sock=startd_96947_99e2>
...
006 (15690120.291.000) 2026-01-21 04:29:56 Image size of job updated: 109468
	77  -  MemoryUsage of job (MB)
	78080  -  ResidentSetSize of job (KB)
...
006 (15690120.291.000) 2026-01-21 04:34:57 Image size of job updated: 424304
	96  -  MemoryUsage of job (MB)
	98184  -  ResidentSetSize of job (KB)
...
006 (15690120.291.000) 2026-01-21 04:39:57 Image size of job updated: 424304
	96  -  MemoryUsage of job (MB)
	98200  -  ResidentSetSize of job (KB)
...
006 (15690120.291.000) 2026-01-21 04:44:57 Image size of job updated: 424304
	96  -  MemoryUsage of job (MB)
	98208  -  ResidentSetSize of job (KB)
...
040 (15690120.291.000) 2026-01-21 04:47:13 Started transferring output files
...
040 (15690120.291.000) 2026-01-21 04:47:13 Finished transferring output files
...
005 (15690120.291.000) 2026-01-21 04:47:13 Job terminated.
	(1) Normal termination (return value 0)
		Usr 0 00:17:13, Sys 0 00:00:10  -  Run Remote Usage
		Usr 0 00:00:00, Sys 0 00:00:00  -  Run Local Usage
		Usr 0 00:17:13, Sys 0 00:00:10  -  Total Remote Usage
		Usr 0 00:00:00, Sys 0 00:00:00  -  Total Local Usage
	219  -  Run Bytes Sent By Job
	148880  -  Run Bytes Received By Job
	219  -  Total Bytes Sent By Job
	148880  -  Total Bytes Received By Job
	Partitionable Resources :    Usage  Request Allocated 
	   Cpus                 :     0.99        1         1 
	   Disk (KB)            :   164     2097152   6681187 
	   Memory (MB)          :    96        4096      4096 
	   xferslots            :                           0 

	Job terminated of its own accord at 2026-01-21T09:47:13Z with exit-code 0.
...
