000 (15697407.611.000) 2026-01-21 18:36:42 Job submitted from host: <130.199.48.129:9618?addrs=130.199.48.129-9618&alias=rcas6009.rcf.bnl.gov&noUDP&sock=schedd_22421_101d>
...
040 (15697407.611.000) 2026-01-22 13:03:27 Started transferring input files
	Transferring to host: <130.199.151.20:9618?addrs=130.199.151.20-9618&alias=spool1598.sdcc.bnl.gov&noUDP&sock=slot1_71_29322_cc12_259547>
...
040 (15697407.611.000) 2026-01-22 13:03:27 Finished transferring input files
...
001 (15697407.611.000) 2026-01-22 13:03:28 Job executing on host: <130.199.151.20:9618?addrs=130.199.151.20-9618&alias=spool1598.sdcc.bnl.gov&noUDP&sock=startd_29313_4b3f>
...
006 (15697407.611.000) 2026-01-22 13:03:37 Image size of job updated: 101516
	69  -  MemoryUsage of job (MB)
	70436  -  ResidentSetSize of job (KB)
...
006 (15697407.611.000) 2026-01-22 13:08:37 Image size of job updated: 424520
	82  -  MemoryUsage of job (MB)
	82980  -  ResidentSetSize of job (KB)
...
040 (15697407.611.000) 2026-01-22 13:10:05 Started transferring output files
...
040 (15697407.611.000) 2026-01-22 13:10:05 Finished transferring output files
...
005 (15697407.611.000) 2026-01-22 13:10:05 Job terminated.
	(1) Normal termination (return value 0)
		Usr 0 00:06:29, Sys 0 00:00:04  -  Run Remote Usage
		Usr 0 00:00:00, Sys 0 00:00:00  -  Run Local Usage
		Usr 0 00:06:29, Sys 0 00:00:04  -  Total Remote Usage
		Usr 0 00:00:00, Sys 0 00:00:00  -  Total Local Usage
	135  -  Run Bytes Sent By Job
	148880  -  Run Bytes Received By Job
	135  -  Total Bytes Sent By Job
	148880  -  Total Bytes Received By Job
	Partitionable Resources :    Usage  Request Allocated 
	   Cpus                 :     0.99        1         1 
	   Disk (KB)            :   164     2097152   6681198 
	   Memory (MB)          :    82        4096      4096 
	   xferslots            :                           0 

	Job terminated of its own accord at 2026-01-22T18:10:05Z with exit-code 0.
...
