000 (15697407.327.000) 2026-01-21 18:36:41 Job submitted from host: <130.199.48.129:9618?addrs=130.199.48.129-9618&alias=rcas6009.rcf.bnl.gov&noUDP&sock=schedd_22421_101d>
...
040 (15697407.327.000) 2026-01-22 05:42:04 Started transferring input files
	Transferring to host: <130.199.186.26:9618?addrs=130.199.186.26-9618&alias=spool1823.sdcc.bnl.gov&noUDP&sock=slot1_40_94088_f663_282405>
...
040 (15697407.327.000) 2026-01-22 05:42:04 Finished transferring input files
...
001 (15697407.327.000) 2026-01-22 05:42:05 Job executing on host: <130.199.186.26:9618?addrs=130.199.186.26-9618&alias=spool1823.sdcc.bnl.gov&noUDP&sock=startd_94080_3b58>
...
006 (15697407.327.000) 2026-01-22 05:42:13 Image size of job updated: 421856
	74  -  MemoryUsage of job (MB)
	75348  -  ResidentSetSize of job (KB)
...
006 (15697407.327.000) 2026-01-22 05:47:13 Image size of job updated: 424364
	93  -  MemoryUsage of job (MB)
	95104  -  ResidentSetSize of job (KB)
...
006 (15697407.327.000) 2026-01-22 05:52:15 Image size of job updated: 424364
	93  -  MemoryUsage of job (MB)
	95108  -  ResidentSetSize of job (KB)
...
040 (15697407.327.000) 2026-01-22 05:55:47 Started transferring output files
...
040 (15697407.327.000) 2026-01-22 05:55:47 Finished transferring output files
...
005 (15697407.327.000) 2026-01-22 05:55:47 Job terminated.
	(1) Normal termination (return value 0)
		Usr 0 00:13:30, Sys 0 00:00:09  -  Run Remote Usage
		Usr 0 00:00:00, Sys 0 00:00:00  -  Run Local Usage
		Usr 0 00:13:30, Sys 0 00:00:09  -  Total Remote Usage
		Usr 0 00:00:00, Sys 0 00:00:00  -  Total Local Usage
	191  -  Run Bytes Sent By Job
	148880  -  Run Bytes Received By Job
	191  -  Total Bytes Sent By Job
	148880  -  Total Bytes Received By Job
	Partitionable Resources :    Usage  Request Allocated 
	   Cpus                 :     0.99        1         1 
	   Disk (KB)            :   163     2097152   6681573 
	   Memory (MB)          :    93        4096      4096 
	   xferslots            :                           0 

	Job terminated of its own accord at 2026-01-22T10:55:47Z with exit-code 0.
...
