000 (15564188.1157.000) 2026-01-07 21:29:42 Job submitted from host: <130.199.48.129:9618?addrs=130.199.48.129-9618&alias=rcas6009.rcf.bnl.gov&noUDP&sock=schedd_22421_101d>
...
040 (15564188.1157.000) 2026-01-08 02:12:26 Started transferring input files
	Transferring to host: <130.199.151.17:9618?addrs=130.199.151.17-9618&alias=spool1595.sdcc.bnl.gov&noUDP&sock=slot1_90_56003_4361_196610>
...
040 (15564188.1157.000) 2026-01-08 02:12:26 Finished transferring input files
...
001 (15564188.1157.000) 2026-01-08 02:12:27 Job executing on host: <130.199.151.17:9618?addrs=130.199.151.17-9618&alias=spool1595.sdcc.bnl.gov&noUDP&sock=startd_55988_983d>
...
006 (15564188.1157.000) 2026-01-08 02:12:36 Image size of job updated: 420044
	87  -  MemoryUsage of job (MB)
	88628  -  ResidentSetSize of job (KB)
...
006 (15564188.1157.000) 2026-01-08 02:16:31 Image size of job updated: 447476
	91  -  MemoryUsage of job (MB)
	92216  -  ResidentSetSize of job (KB)
...
040 (15564188.1157.000) 2026-01-08 02:16:31 Started transferring output files
...
040 (15564188.1157.000) 2026-01-08 02:16:31 Finished transferring output files
...
005 (15564188.1157.000) 2026-01-08 02:16:31 Job terminated.
	(1) Normal termination (return value 0)
		Usr 0 00:03:37, Sys 0 00:00:04  -  Run Remote Usage
		Usr 0 00:00:00, Sys 0 00:00:00  -  Run Local Usage
		Usr 0 00:03:37, Sys 0 00:00:04  -  Total Remote Usage
		Usr 0 00:00:00, Sys 0 00:00:00  -  Total Local Usage
	177  -  Run Bytes Sent By Job
	144352  -  Run Bytes Received By Job
	177  -  Total Bytes Sent By Job
	144352  -  Total Bytes Received By Job
	Partitionable Resources :    Usage  Request Allocated 
	   Cpus                 :                 1         1 
	   Disk (KB)            :      153  2097152   6681209 
	   Memory (MB)          :       91     4096      4096 
	   xferslots            :                           0 

	Job terminated of its own accord at 2026-01-08T07:16:31Z with exit-code 0.
...
