000 (15554417.049.000) 2026-01-07 12:44:32 Job submitted from host: <130.199.48.129:9618?addrs=130.199.48.129-9618&alias=rcas6009.rcf.bnl.gov&noUDP&sock=schedd_22421_101d>
...
040 (15554417.049.000) 2026-01-07 13:03:07 Started transferring input files
	Transferring to host: <130.199.150.95:9618?addrs=130.199.150.95-9618&alias=spool1576.sdcc.bnl.gov&noUDP&sock=slot1_27_24869_7fc2_183451>
...
040 (15554417.049.000) 2026-01-07 13:03:07 Finished transferring input files
...
001 (15554417.049.000) 2026-01-07 13:03:08 Job executing on host: <130.199.150.95:9618?addrs=130.199.150.95-9618&alias=spool1576.sdcc.bnl.gov&noUDP&sock=startd_24860_f9c4>
...
006 (15554417.049.000) 2026-01-07 13:03:17 Image size of job updated: 421148
	104  -  MemoryUsage of job (MB)
	105836  -  ResidentSetSize of job (KB)
...
006 (15554417.049.000) 2026-01-07 13:08:18 Image size of job updated: 424804
	107  -  MemoryUsage of job (MB)
	109004  -  ResidentSetSize of job (KB)
...
040 (15554417.049.000) 2026-01-07 13:12:39 Started transferring output files
...
040 (15554417.049.000) 2026-01-07 13:12:39 Finished transferring output files
...
005 (15554417.049.000) 2026-01-07 13:12:39 Job terminated.
	(1) Normal termination (return value 0)
		Usr 0 00:09:23, Sys 0 00:00:06  -  Run Remote Usage
		Usr 0 00:00:00, Sys 0 00:00:00  -  Run Local Usage
		Usr 0 00:09:23, Sys 0 00:00:06  -  Total Remote Usage
		Usr 0 00:00:00, Sys 0 00:00:00  -  Total Local Usage
	261  -  Run Bytes Sent By Job
	144352  -  Run Bytes Received By Job
	261  -  Total Bytes Sent By Job
	144352  -  Total Bytes Received By Job
	Partitionable Resources :    Usage  Request Allocated 
	   Cpus                 :     1.00        1         1 
	   Disk (KB)            :   159     2097152   6681187 
	   Memory (MB)          :   107        4096      4096 
	   xferslots            :                           0 

	Job terminated of its own accord at 2026-01-07T18:12:39Z with exit-code 0.
...
