000 (15697407.1037.000) 2026-01-21 18:36:43 Job submitted from host: <130.199.48.129:9618?addrs=130.199.48.129-9618&alias=rcas6009.rcf.bnl.gov&noUDP&sock=schedd_22421_101d>
...
040 (15697407.1037.000) 2026-01-22 18:16:11 Started transferring input files
	Transferring to host: <130.199.184.206:9618?addrs=130.199.184.206-9618&alias=spool1781.sdcc.bnl.gov&noUDP&sock=slot1_28_94252_1149_313565>
...
040 (15697407.1037.000) 2026-01-22 18:16:11 Finished transferring input files
...
001 (15697407.1037.000) 2026-01-22 18:16:12 Job executing on host: <130.199.184.206:9618?addrs=130.199.184.206-9618&alias=spool1781.sdcc.bnl.gov&noUDP&sock=startd_94243_d1ba>
...
006 (15697407.1037.000) 2026-01-22 18:16:20 Image size of job updated: 106548
	73  -  MemoryUsage of job (MB)
	73944  -  ResidentSetSize of job (KB)
...
006 (15697407.1037.000) 2026-01-22 18:19:49 Image size of job updated: 448532
	73  -  MemoryUsage of job (MB)
	73944  -  ResidentSetSize of job (KB)
...
040 (15697407.1037.000) 2026-01-22 18:19:49 Started transferring output files
...
040 (15697407.1037.000) 2026-01-22 18:19:49 Finished transferring output files
...
005 (15697407.1037.000) 2026-01-22 18:19:49 Job terminated.
	(1) Normal termination (return value 0)
		Usr 0 00:03:33, Sys 0 00:00:02  -  Run Remote Usage
		Usr 0 00:00:00, Sys 0 00:00:00  -  Run Local Usage
		Usr 0 00:03:33, Sys 0 00:00:02  -  Total Remote Usage
		Usr 0 00:00:00, Sys 0 00:00:00  -  Total Local Usage
	109  -  Run Bytes Sent By Job
	148880  -  Run Bytes Received By Job
	109  -  Total Bytes Sent By Job
	148880  -  Total Bytes Received By Job
	Partitionable Resources :    Usage  Request Allocated 
	   Cpus                 :                 1         1 
	   Disk (KB)            :      157  2097152   6681565 
	   Memory (MB)          :       73     4096      4096 
	   xferslots            :                           0 

	Job terminated of its own accord at 2026-01-22T23:19:49Z with exit-code 0.
...
