000 (16235385.1097.000) 2026-01-23 10:57:31 Job submitted from host: <130.199.48.128:9618?addrs=130.199.48.128-9618&alias=rcas6008.rcf.bnl.gov&noUDP&sock=schedd_18725_535a>
...
040 (16235385.1097.000) 2026-01-23 12:29:07 Started transferring input files
	Transferring to host: <130.199.186.66:9618?addrs=130.199.186.66-9618&alias=spool1829.sdcc.bnl.gov&noUDP&sock=slot1_22_93926_5593_269631>
...
040 (16235385.1097.000) 2026-01-23 12:29:07 Finished transferring input files
...
001 (16235385.1097.000) 2026-01-23 12:29:08 Job executing on host: <130.199.186.66:9618?addrs=130.199.186.66-9618&alias=spool1829.sdcc.bnl.gov&noUDP&sock=startd_93917_a4f5>
...
006 (16235385.1097.000) 2026-01-23 12:29:17 Image size of job updated: 421832
	79  -  MemoryUsage of job (MB)
	80092  -  ResidentSetSize of job (KB)
...
006 (16235385.1097.000) 2026-01-23 12:33:02 Image size of job updated: 424256
	79  -  MemoryUsage of job (MB)
	80092  -  ResidentSetSize of job (KB)
...
040 (16235385.1097.000) 2026-01-23 12:33:02 Started transferring output files
...
040 (16235385.1097.000) 2026-01-23 12:33:02 Finished transferring output files
...
005 (16235385.1097.000) 2026-01-23 12:33:02 Job terminated.
	(1) Normal termination (return value 0)
		Usr 0 00:03:50, Sys 0 00:00:02  -  Run Remote Usage
		Usr 0 00:00:00, Sys 0 00:00:00  -  Run Local Usage
		Usr 0 00:03:50, Sys 0 00:00:02  -  Total Remote Usage
		Usr 0 00:00:00, Sys 0 00:00:00  -  Total Local Usage
	122  -  Run Bytes Sent By Job
	148880  -  Run Bytes Received By Job
	122  -  Total Bytes Sent By Job
	148880  -  Total Bytes Received By Job
	Partitionable Resources :    Usage  Request Allocated 
	   Cpus                 :                 1         1 
	   Disk (KB)            :      157  2097152   6681577 
	   Memory (MB)          :       79     4096      4096 
	   xferslots            :                           0 

	Job terminated of its own accord at 2026-01-23T17:33:02Z with exit-code 0.
...
