000 (15697407.274.000) 2026-01-21 18:36:41 Job submitted from host: <130.199.48.129:9618?addrs=130.199.48.129-9618&alias=rcas6009.rcf.bnl.gov&noUDP&sock=schedd_22421_101d>
...
040 (15697407.274.000) 2026-01-22 03:55:04 Started transferring input files
	Transferring to host: <130.199.150.83:9618?addrs=130.199.150.83-9618&alias=spool1564.sdcc.bnl.gov&noUDP&sock=slot1_60_55520_9810_278924>
...
040 (15697407.274.000) 2026-01-22 03:55:04 Finished transferring input files
...
001 (15697407.274.000) 2026-01-22 03:55:05 Job executing on host: <130.199.150.83:9618?addrs=130.199.150.83-9618&alias=spool1564.sdcc.bnl.gov&noUDP&sock=startd_55511_a155>
...
006 (15697407.274.000) 2026-01-22 03:55:14 Image size of job updated: 693240
	91  -  MemoryUsage of job (MB)
	92884  -  ResidentSetSize of job (KB)
...
006 (15697407.274.000) 2026-01-22 04:00:15 Image size of job updated: 696292
	123  -  MemoryUsage of job (MB)
	125004  -  ResidentSetSize of job (KB)
...
006 (15697407.274.000) 2026-01-22 04:05:16 Image size of job updated: 696292
	123  -  MemoryUsage of job (MB)
	125044  -  ResidentSetSize of job (KB)
...
006 (15697407.274.000) 2026-01-22 04:15:16 Image size of job updated: 696292
	124  -  MemoryUsage of job (MB)
	126448  -  ResidentSetSize of job (KB)
...
040 (15697407.274.000) 2026-01-22 04:42:03 Started transferring output files
...
040 (15697407.274.000) 2026-01-22 04:42:03 Finished transferring output files
...
005 (15697407.274.000) 2026-01-22 04:42:03 Job terminated.
	(1) Normal termination (return value 0)
		Usr 0 00:44:30, Sys 0 00:02:11  -  Run Remote Usage
		Usr 0 00:00:00, Sys 0 00:00:00  -  Run Local Usage
		Usr 0 00:44:30, Sys 0 00:02:11  -  Total Remote Usage
		Usr 0 00:00:00, Sys 0 00:00:00  -  Total Local Usage
	345  -  Run Bytes Sent By Job
	148880  -  Run Bytes Received By Job
	345  -  Total Bytes Sent By Job
	148880  -  Total Bytes Received By Job
	Partitionable Resources :    Usage  Request Allocated 
	   Cpus                 :     0.99        1         1 
	   Disk (KB)            :   164     2097152   6681195 
	   Memory (MB)          :   124        4096      4096 
	   xferslots            :                           0 

	Job terminated of its own accord at 2026-01-22T09:42:03Z with exit-code 0.
...
