000 (15697407.248.000) 2026-01-21 18:36:41 Job submitted from host: <130.199.48.129:9618?addrs=130.199.48.129-9618&alias=rcas6009.rcf.bnl.gov&noUDP&sock=schedd_22421_101d>
...
040 (15697407.248.000) 2026-01-22 02:28:13 Started transferring input files
	Transferring to host: <130.199.186.77:9618?addrs=130.199.186.77-9618&alias=spool1840.sdcc.bnl.gov&noUDP&sock=slot1_13_94008_e306_305790>
...
040 (15697407.248.000) 2026-01-22 02:28:13 Finished transferring input files
...
001 (15697407.248.000) 2026-01-22 02:28:14 Job executing on host: <130.199.186.77:9618?addrs=130.199.186.77-9618&alias=spool1840.sdcc.bnl.gov&noUDP&sock=startd_93998_47a4>
...
006 (15697407.248.000) 2026-01-22 02:28:23 Image size of job updated: 136584
	103  -  MemoryUsage of job (MB)
	105140  -  ResidentSetSize of job (KB)
...
006 (15697407.248.000) 2026-01-22 02:33:24 Image size of job updated: 694784
	142  -  MemoryUsage of job (MB)
	144480  -  ResidentSetSize of job (KB)
...
006 (15697407.248.000) 2026-01-22 02:58:25 Image size of job updated: 694784
	142  -  MemoryUsage of job (MB)
	144832  -  ResidentSetSize of job (KB)
...
006 (15697407.248.000) 2026-01-22 03:03:27 Image size of job updated: 694784
	142  -  MemoryUsage of job (MB)
	144972  -  ResidentSetSize of job (KB)
...
006 (15697407.248.000) 2026-01-22 03:08:27 Image size of job updated: 694784
	145  -  MemoryUsage of job (MB)
	147976  -  ResidentSetSize of job (KB)
...
006 (15697407.248.000) 2026-01-22 03:13:27 Image size of job updated: 694784
	146  -  MemoryUsage of job (MB)
	149496  -  ResidentSetSize of job (KB)
...
040 (15697407.248.000) 2026-01-22 03:17:44 Started transferring output files
...
040 (15697407.248.000) 2026-01-22 03:17:44 Finished transferring output files
...
005 (15697407.248.000) 2026-01-22 03:17:44 Job terminated.
	(1) Normal termination (return value 0)
		Usr 0 00:48:30, Sys 0 00:00:49  -  Run Remote Usage
		Usr 0 00:00:00, Sys 0 00:00:00  -  Run Local Usage
		Usr 0 00:48:30, Sys 0 00:00:49  -  Total Remote Usage
		Usr 0 00:00:00, Sys 0 00:00:00  -  Total Local Usage
	373  -  Run Bytes Sent By Job
	148880  -  Run Bytes Received By Job
	373  -  Total Bytes Sent By Job
	148880  -  Total Bytes Received By Job
	Partitionable Resources :    Usage  Request Allocated 
	   Cpus                 :     1.00        1         1 
	   Disk (KB)            :   164     2097152   6681562 
	   Memory (MB)          :   146        4096      4096 
	   xferslots            :                           0 

	Job terminated of its own accord at 2026-01-22T08:17:44Z with exit-code 0.
...
