000 (15564188.1026.000) 2026-01-07 21:29:41 Job submitted from host: <130.199.48.129:9618?addrs=130.199.48.129-9618&alias=rcas6009.rcf.bnl.gov&noUDP&sock=schedd_22421_101d>
...
040 (15564188.1026.000) 2026-01-08 02:05:13 Started transferring input files
	Transferring to host: <130.199.186.85:9618?addrs=130.199.186.85-9618&alias=spool1848.sdcc.bnl.gov&noUDP&sock=slot1_11_95890_a430_189742>
...
040 (15564188.1026.000) 2026-01-08 02:05:13 Finished transferring input files
...
001 (15564188.1026.000) 2026-01-08 02:05:14 Job executing on host: <130.199.186.85:9618?addrs=130.199.186.85-9618&alias=spool1848.sdcc.bnl.gov&noUDP&sock=startd_95881_39bf>
...
006 (15564188.1026.000) 2026-01-08 02:05:23 Image size of job updated: 448816
	93  -  MemoryUsage of job (MB)
	94368  -  ResidentSetSize of job (KB)
...
006 (15564188.1026.000) 2026-01-08 02:10:24 Image size of job updated: 448816
	111  -  MemoryUsage of job (MB)
	113440  -  ResidentSetSize of job (KB)
...
006 (15564188.1026.000) 2026-01-08 02:15:25 Image size of job updated: 448816
	111  -  MemoryUsage of job (MB)
	113444  -  ResidentSetSize of job (KB)
...
040 (15564188.1026.000) 2026-01-08 02:16:27 Started transferring output files
...
040 (15564188.1026.000) 2026-01-08 02:16:27 Finished transferring output files
...
005 (15564188.1026.000) 2026-01-08 02:16:27 Job terminated.
	(1) Normal termination (return value 0)
		Usr 0 00:10:15, Sys 0 00:00:11  -  Run Remote Usage
		Usr 0 00:00:00, Sys 0 00:00:00  -  Run Local Usage
		Usr 0 00:10:15, Sys 0 00:00:11  -  Total Remote Usage
		Usr 0 00:00:00, Sys 0 00:00:00  -  Total Local Usage
	219  -  Run Bytes Sent By Job
	144352  -  Run Bytes Received By Job
	219  -  Total Bytes Sent By Job
	144352  -  Total Bytes Received By Job
	Partitionable Resources :    Usage  Request Allocated 
	   Cpus                 :     0.96        1         1 
	   Disk (KB)            :   159     2097152   6681608 
	   Memory (MB)          :   111        4096      4096 
	   xferslots            :                           0 

	Job terminated of its own accord at 2026-01-08T07:16:26Z with exit-code 0.
...
