000 (16235385.791.000) 2026-01-23 10:57:29 Job submitted from host: <130.199.48.128:9618?addrs=130.199.48.128-9618&alias=rcas6008.rcf.bnl.gov&noUDP&sock=schedd_18725_535a>
...
040 (16235385.791.000) 2026-01-23 12:22:52 Started transferring input files
	Transferring to host: <130.199.186.31:9618?addrs=130.199.186.31-9618&alias=spool1828.sdcc.bnl.gov&noUDP&sock=slot1_41_95743_1701_256339>
...
040 (16235385.791.000) 2026-01-23 12:22:52 Finished transferring input files
...
001 (16235385.791.000) 2026-01-23 12:22:53 Job executing on host: <130.199.186.31:9618?addrs=130.199.186.31-9618&alias=spool1828.sdcc.bnl.gov&noUDP&sock=startd_95734_b3b1>
...
006 (16235385.791.000) 2026-01-23 12:23:02 Image size of job updated: 420840
	65  -  MemoryUsage of job (MB)
	65976  -  ResidentSetSize of job (KB)
...
006 (16235385.791.000) 2026-01-23 12:26:41 Image size of job updated: 424192
	65  -  MemoryUsage of job (MB)
	65976  -  ResidentSetSize of job (KB)
...
040 (16235385.791.000) 2026-01-23 12:26:41 Started transferring output files
...
040 (16235385.791.000) 2026-01-23 12:26:41 Finished transferring output files
...
005 (16235385.791.000) 2026-01-23 12:26:41 Job terminated.
	(1) Normal termination (return value 0)
		Usr 0 00:03:42, Sys 0 00:00:03  -  Run Remote Usage
		Usr 0 00:00:00, Sys 0 00:00:00  -  Run Local Usage
		Usr 0 00:03:42, Sys 0 00:00:03  -  Total Remote Usage
		Usr 0 00:00:00, Sys 0 00:00:00  -  Total Local Usage
	109  -  Run Bytes Sent By Job
	148880  -  Run Bytes Received By Job
	109  -  Total Bytes Sent By Job
	148880  -  Total Bytes Received By Job
	Partitionable Resources :    Usage  Request Allocated 
	   Cpus                 :     1.00        1         1 
	   Disk (KB)            :   163     2097152   6681577 
	   Memory (MB)          :    65        4096      4096 
	   xferslots            :                           0 

	Job terminated of its own accord at 2026-01-23T17:26:41Z with exit-code 0.
...
