000 (16235385.409.000) 2026-01-23 10:57:27 Job submitted from host: <130.199.48.128:9618?addrs=130.199.48.128-9618&alias=rcas6008.rcf.bnl.gov&noUDP&sock=schedd_18725_535a>
...
040 (16235385.409.000) 2026-01-23 12:07:18 Started transferring input files
	Transferring to host: <130.199.151.18:9618?addrs=130.199.151.18-9618&alias=spool1596.sdcc.bnl.gov&noUDP&sock=slot1_41_94793_910b_267405>
...
040 (16235385.409.000) 2026-01-23 12:07:18 Finished transferring input files
...
001 (16235385.409.000) 2026-01-23 12:07:19 Job executing on host: <130.199.151.18:9618?addrs=130.199.151.18-9618&alias=spool1596.sdcc.bnl.gov&noUDP&sock=startd_94784_09f6>
...
006 (16235385.409.000) 2026-01-23 12:07:28 Image size of job updated: 447040
	74  -  MemoryUsage of job (MB)
	74964  -  ResidentSetSize of job (KB)
...
040 (16235385.409.000) 2026-01-23 12:11:45 Started transferring output files
...
040 (16235385.409.000) 2026-01-23 12:11:45 Finished transferring output files
...
005 (16235385.409.000) 2026-01-23 12:11:45 Job terminated.
	(1) Normal termination (return value 0)
		Usr 0 00:04:15, Sys 0 00:00:03  -  Run Remote Usage
		Usr 0 00:00:00, Sys 0 00:00:00  -  Run Local Usage
		Usr 0 00:04:15, Sys 0 00:00:03  -  Total Remote Usage
		Usr 0 00:00:00, Sys 0 00:00:00  -  Total Local Usage
	122  -  Run Bytes Sent By Job
	148880  -  Run Bytes Received By Job
	122  -  Total Bytes Sent By Job
	148880  -  Total Bytes Received By Job
	Partitionable Resources :    Usage  Request Allocated 
	   Cpus                 :     1.00        1         1 
	   Disk (KB)            :   163     2097152   6681193 
	   Memory (MB)          :    74        4096      4096 
	   xferslots            :                           0 

	Job terminated of its own accord at 2026-01-23T17:11:45Z with exit-code 0.
...
