000 (16235385.124.000) 2026-01-23 10:57:26 Job submitted from host: <130.199.48.128:9618?addrs=130.199.48.128-9618&alias=rcas6008.rcf.bnl.gov&noUDP&sock=schedd_18725_535a>
...
040 (16235385.124.000) 2026-01-23 11:31:54 Started transferring input files
	Transferring to host: <130.199.186.82:9618?addrs=130.199.186.82-9618&alias=spool1845.sdcc.bnl.gov&noUDP&sock=slot1_7_95953_29d6_282844>
...
040 (16235385.124.000) 2026-01-23 11:31:54 Finished transferring input files
...
001 (16235385.124.000) 2026-01-23 11:31:55 Job executing on host: <130.199.186.82:9618?addrs=130.199.186.82-9618&alias=spool1845.sdcc.bnl.gov&noUDP&sock=startd_95944_2a0e>
...
006 (16235385.124.000) 2026-01-23 11:32:03 Image size of job updated: 342736
	80  -  MemoryUsage of job (MB)
	81024  -  ResidentSetSize of job (KB)
...
006 (16235385.124.000) 2026-01-23 11:37:03 Image size of job updated: 423992
	108  -  MemoryUsage of job (MB)
	110336  -  ResidentSetSize of job (KB)
...
006 (16235385.124.000) 2026-01-23 11:42:04 Image size of job updated: 424328
	109  -  MemoryUsage of job (MB)
	111448  -  ResidentSetSize of job (KB)
...
006 (16235385.124.000) 2026-01-23 11:47:04 Image size of job updated: 424476
	109  -  MemoryUsage of job (MB)
	111516  -  ResidentSetSize of job (KB)
...
006 (16235385.124.000) 2026-01-23 11:52:04 Image size of job updated: 424476
	109  -  MemoryUsage of job (MB)
	111524  -  ResidentSetSize of job (KB)
...
040 (16235385.124.000) 2026-01-23 11:57:45 Started transferring output files
...
040 (16235385.124.000) 2026-01-23 11:57:45 Finished transferring output files
...
005 (16235385.124.000) 2026-01-23 11:57:45 Job terminated.
	(1) Normal termination (return value 0)
		Usr 0 00:25:26, Sys 0 00:00:13  -  Run Remote Usage
		Usr 0 00:00:00, Sys 0 00:00:00  -  Run Local Usage
		Usr 0 00:25:26, Sys 0 00:00:13  -  Total Remote Usage
		Usr 0 00:00:00, Sys 0 00:00:00  -  Total Local Usage
	275  -  Run Bytes Sent By Job
	148880  -  Run Bytes Received By Job
	275  -  Total Bytes Sent By Job
	148880  -  Total Bytes Received By Job
	Partitionable Resources :    Usage  Request Allocated 
	   Cpus                 :     0.99        1         1 
	   Disk (KB)            :   163     2097152   6681560 
	   Memory (MB)          :   109        4096      4096 
	   xferslots            :                           0 

	Job terminated of its own accord at 2026-01-23T16:57:45Z with exit-code 0.
...
