000 (15564188.862.000) 2026-01-07 21:29:41 Job submitted from host: <130.199.48.129:9618?addrs=130.199.48.129-9618&alias=rcas6009.rcf.bnl.gov&noUDP&sock=schedd_22421_101d>
...
040 (15564188.862.000) 2026-01-08 01:55:11 Started transferring input files
	Transferring to host: <130.199.186.85:9618?addrs=130.199.186.85-9618&alias=spool1848.sdcc.bnl.gov&noUDP&sock=slot1_11_95890_a430_189679>
...
040 (15564188.862.000) 2026-01-08 01:55:11 Finished transferring input files
...
001 (15564188.862.000) 2026-01-08 01:55:12 Job executing on host: <130.199.186.85:9618?addrs=130.199.186.85-9618&alias=spool1848.sdcc.bnl.gov&noUDP&sock=startd_95881_39bf>
...
006 (15564188.862.000) 2026-01-08 01:55:21 Image size of job updated: 102552
	69  -  MemoryUsage of job (MB)
	70080  -  ResidentSetSize of job (KB)
...
006 (15564188.862.000) 2026-01-08 01:58:30 Image size of job updated: 450556
	69  -  MemoryUsage of job (MB)
	70080  -  ResidentSetSize of job (KB)
...
040 (15564188.862.000) 2026-01-08 01:58:30 Started transferring output files
...
040 (15564188.862.000) 2026-01-08 01:58:30 Finished transferring output files
...
005 (15564188.862.000) 2026-01-08 01:58:30 Job terminated.
	(1) Normal termination (return value 0)
		Usr 0 00:02:55, Sys 0 00:00:03  -  Run Remote Usage
		Usr 0 00:00:00, Sys 0 00:00:00  -  Run Local Usage
		Usr 0 00:02:55, Sys 0 00:00:03  -  Total Remote Usage
		Usr 0 00:00:00, Sys 0 00:00:00  -  Total Local Usage
	122  -  Run Bytes Sent By Job
	144352  -  Run Bytes Received By Job
	122  -  Total Bytes Sent By Job
	144352  -  Total Bytes Received By Job
	Partitionable Resources :    Usage  Request Allocated 
	   Cpus                 :                 1         1 
	   Disk (KB)            :      153  2097152   6681608 
	   Memory (MB)          :       69     4096      4096 
	   xferslots            :                           0 

	Job terminated of its own accord at 2026-01-08T06:58:30Z with exit-code 0.
...
