000 (15684821.125.000) 2026-01-19 15:56:20 Job submitted from host: <130.199.48.129:9618?addrs=130.199.48.129-9618&alias=rcas6009.rcf.bnl.gov&noUDP&sock=schedd_22421_101d>
...
040 (15684821.125.000) 2026-01-19 16:03:46 Started transferring input files
	Transferring to host: <130.199.151.3:9618?addrs=130.199.151.3-9618&alias=spool1581.sdcc.bnl.gov&noUDP&sock=slot1_87_95061_7851_243358>
...
040 (15684821.125.000) 2026-01-19 16:03:46 Finished transferring input files
...
001 (15684821.125.000) 2026-01-19 16:03:47 Job executing on host: <130.199.151.3:9618?addrs=130.199.151.3-9618&alias=spool1581.sdcc.bnl.gov&noUDP&sock=startd_95052_db87>
...
006 (15684821.125.000) 2026-01-19 16:03:56 Image size of job updated: 420992
	79  -  MemoryUsage of job (MB)
	80448  -  ResidentSetSize of job (KB)
...
006 (15684821.125.000) 2026-01-19 16:08:57 Image size of job updated: 449520
	123  -  MemoryUsage of job (MB)
	125312  -  ResidentSetSize of job (KB)
...
040 (15684821.125.000) 2026-01-19 16:32:31 Started transferring output files
...
040 (15684821.125.000) 2026-01-19 16:32:31 Finished transferring output files
...
005 (15684821.125.000) 2026-01-19 16:32:31 Job terminated.
	(1) Normal termination (return value 0)
		Usr 0 00:28:00, Sys 0 00:00:17  -  Run Remote Usage
		Usr 0 00:00:00, Sys 0 00:00:00  -  Run Local Usage
		Usr 0 00:28:00, Sys 0 00:00:17  -  Total Remote Usage
		Usr 0 00:00:00, Sys 0 00:00:00  -  Total Local Usage
	261  -  Run Bytes Sent By Job
	148880  -  Run Bytes Received By Job
	261  -  Total Bytes Sent By Job
	148880  -  Total Bytes Received By Job
	Partitionable Resources :    Usage  Request Allocated 
	   Cpus                 :     0.96        1         1 
	   Disk (KB)            :   163     2097152   6681183 
	   Memory (MB)          :   123        4096      4096 
	   xferslots            :                           0 

	Job terminated of its own accord at 2026-01-19T21:32:31Z with exit-code 0.
...
