000 (15554417.404.000) 2026-01-07 12:44:33 Job submitted from host: <130.199.48.129:9618?addrs=130.199.48.129-9618&alias=rcas6009.rcf.bnl.gov&noUDP&sock=schedd_22421_101d>
...
040 (15554417.404.000) 2026-01-07 13:38:32 Started transferring input files
	Transferring to host: <130.199.151.6:9618?addrs=130.199.151.6-9618&alias=spool1584.sdcc.bnl.gov&noUDP&sock=slot1_42_55322_61bc_184669>
...
040 (15554417.404.000) 2026-01-07 13:38:32 Finished transferring input files
...
001 (15554417.404.000) 2026-01-07 13:38:33 Job executing on host: <130.199.151.6:9618?addrs=130.199.151.6-9618&alias=spool1584.sdcc.bnl.gov&noUDP&sock=startd_55314_483e>
...
006 (15554417.404.000) 2026-01-07 13:38:41 Image size of job updated: 420140
	82  -  MemoryUsage of job (MB)
	83584  -  ResidentSetSize of job (KB)
...
006 (15554417.404.000) 2026-01-07 13:43:41 Image size of job updated: 424684
	108  -  MemoryUsage of job (MB)
	109908  -  ResidentSetSize of job (KB)
...
006 (15554417.404.000) 2026-01-07 13:48:42 Image size of job updated: 424684
	108  -  MemoryUsage of job (MB)
	109924  -  ResidentSetSize of job (KB)
...
040 (15554417.404.000) 2026-01-07 13:49:13 Started transferring output files
...
040 (15554417.404.000) 2026-01-07 13:49:13 Finished transferring output files
...
005 (15554417.404.000) 2026-01-07 13:49:13 Job terminated.
	(1) Normal termination (return value 0)
		Usr 0 00:10:31, Sys 0 00:00:08  -  Run Remote Usage
		Usr 0 00:00:00, Sys 0 00:00:00  -  Run Local Usage
		Usr 0 00:10:31, Sys 0 00:00:08  -  Total Remote Usage
		Usr 0 00:00:00, Sys 0 00:00:00  -  Total Local Usage
	275  -  Run Bytes Sent By Job
	144352  -  Run Bytes Received By Job
	275  -  Total Bytes Sent By Job
	144352  -  Total Bytes Received By Job
	Partitionable Resources :    Usage  Request Allocated 
	   Cpus                 :     1.00        1         1 
	   Disk (KB)            :   159     2097152   6681172 
	   Memory (MB)          :   108        4096      4096 
	   xferslots            :                           0 

	Job terminated of its own accord at 2026-01-07T18:49:13Z with exit-code 0.
...
