000 (16235385.1085.000) 2026-01-23 10:57:30 Job submitted from host: <130.199.48.128:9618?addrs=130.199.48.128-9618&alias=rcas6008.rcf.bnl.gov&noUDP&sock=schedd_18725_535a>
...
040 (16235385.1085.000) 2026-01-23 12:28:53 Started transferring input files
	Transferring to host: <130.199.184.202:9618?addrs=130.199.184.202-9618&alias=spool1777.sdcc.bnl.gov&noUDP&sock=slot1_47_95949_35ab_253290>
...
040 (16235385.1085.000) 2026-01-23 12:28:53 Finished transferring input files
...
001 (16235385.1085.000) 2026-01-23 12:28:54 Job executing on host: <130.199.184.202:9618?addrs=130.199.184.202-9618&alias=spool1777.sdcc.bnl.gov&noUDP&sock=startd_95940_e5f9>
...
006 (16235385.1085.000) 2026-01-23 12:29:03 Image size of job updated: 420932
	79  -  MemoryUsage of job (MB)
	80892  -  ResidentSetSize of job (KB)
...
006 (16235385.1085.000) 2026-01-23 12:32:16 Image size of job updated: 449732
	79  -  MemoryUsage of job (MB)
	80892  -  ResidentSetSize of job (KB)
...
040 (16235385.1085.000) 2026-01-23 12:32:16 Started transferring output files
...
040 (16235385.1085.000) 2026-01-23 12:32:16 Finished transferring output files
...
005 (16235385.1085.000) 2026-01-23 12:32:16 Job terminated.
	(1) Normal termination (return value 0)
		Usr 0 00:03:18, Sys 0 00:00:02  -  Run Remote Usage
		Usr 0 00:00:00, Sys 0 00:00:00  -  Run Local Usage
		Usr 0 00:03:18, Sys 0 00:00:02  -  Total Remote Usage
		Usr 0 00:00:00, Sys 0 00:00:00  -  Total Local Usage
	122  -  Run Bytes Sent By Job
	148880  -  Run Bytes Received By Job
	122  -  Total Bytes Sent By Job
	148880  -  Total Bytes Received By Job
	Partitionable Resources :    Usage  Request Allocated 
	   Cpus                 :     1.00        1         1 
	   Disk (KB)            :   164     2097152   6681572 
	   Memory (MB)          :    79        4096      4096 
	   xferslots            :                           0 

	Job terminated of its own accord at 2026-01-23T17:32:16Z with exit-code 0.
...
