000 (15690120.135.000) 2026-01-20 07:35:55 Job submitted from host: <130.199.48.129:9618?addrs=130.199.48.129-9618&alias=rcas6009.rcf.bnl.gov&noUDP&sock=schedd_22421_101d>
...
040 (15690120.135.000) 2026-01-20 23:01:49 Started transferring input files
	Transferring to host: <130.199.151.21:9618?addrs=130.199.151.21-9618&alias=spool1599.sdcc.bnl.gov&noUDP&sock=slot1_91_96838_b010_241557>
...
040 (15690120.135.000) 2026-01-20 23:01:50 Finished transferring input files
...
001 (15690120.135.000) 2026-01-20 23:01:51 Job executing on host: <130.199.151.21:9618?addrs=130.199.151.21-9618&alias=spool1599.sdcc.bnl.gov&noUDP&sock=startd_96829_416f>
...
006 (15690120.135.000) 2026-01-20 23:02:00 Image size of job updated: 90652
	80  -  MemoryUsage of job (MB)
	81548  -  ResidentSetSize of job (KB)
...
006 (15690120.135.000) 2026-01-20 23:07:01 Image size of job updated: 424496
	105  -  MemoryUsage of job (MB)
	107456  -  ResidentSetSize of job (KB)
...
006 (15690120.135.000) 2026-01-20 23:12:02 Image size of job updated: 424496
	105  -  MemoryUsage of job (MB)
	107464  -  ResidentSetSize of job (KB)
...
006 (15690120.135.000) 2026-01-20 23:17:02 Image size of job updated: 424496
	105  -  MemoryUsage of job (MB)
	107488  -  ResidentSetSize of job (KB)
...
006 (15690120.135.000) 2026-01-20 23:22:02 Image size of job updated: 424496
	105  -  MemoryUsage of job (MB)
	107492  -  ResidentSetSize of job (KB)
...
040 (15690120.135.000) 2026-01-20 23:28:50 Started transferring output files
...
040 (15690120.135.000) 2026-01-20 23:28:50 Finished transferring output files
...
005 (15690120.135.000) 2026-01-20 23:28:50 Job terminated.
	(1) Normal termination (return value 0)
		Usr 0 00:26:19, Sys 0 00:00:24  -  Run Remote Usage
		Usr 0 00:00:00, Sys 0 00:00:00  -  Run Local Usage
		Usr 0 00:26:19, Sys 0 00:00:24  -  Total Remote Usage
		Usr 0 00:00:00, Sys 0 00:00:00  -  Total Local Usage
	275  -  Run Bytes Sent By Job
	148880  -  Run Bytes Received By Job
	275  -  Total Bytes Sent By Job
	148880  -  Total Bytes Received By Job
	Partitionable Resources :    Usage  Request Allocated 
	   Cpus                 :     0.96        1         1 
	   Disk (KB)            :   163     2097152   6681145 
	   Memory (MB)          :   105        4096      4096 
	   xferslots            :                           0 

	Job terminated of its own accord at 2026-01-21T04:28:50Z with exit-code 0.
...
