000 (15697407.827.000) 2026-01-21 18:36:43 Job submitted from host: <130.199.48.129:9618?addrs=130.199.48.129-9618&alias=rcas6009.rcf.bnl.gov&noUDP&sock=schedd_22421_101d>
...
040 (15697407.827.000) 2026-01-22 15:27:42 Started transferring input files
	Transferring to host: <130.199.184.157:9618?addrs=130.199.184.157-9618&alias=spool1766.sdcc.bnl.gov&noUDP&sock=slot1_92_32409_60ec_292839>
...
040 (15697407.827.000) 2026-01-22 15:27:42 Finished transferring input files
...
001 (15697407.827.000) 2026-01-22 15:27:43 Job executing on host: <130.199.184.157:9618?addrs=130.199.184.157-9618&alias=spool1766.sdcc.bnl.gov&noUDP&sock=startd_32400_4a5c>
...
006 (15697407.827.000) 2026-01-22 15:27:51 Image size of job updated: 421528
	74  -  MemoryUsage of job (MB)
	75108  -  ResidentSetSize of job (KB)
...
006 (15697407.827.000) 2026-01-22 15:32:51 Image size of job updated: 424296
	92  -  MemoryUsage of job (MB)
	93768  -  ResidentSetSize of job (KB)
...
006 (15697407.827.000) 2026-01-22 15:37:52 Image size of job updated: 424296
	92  -  MemoryUsage of job (MB)
	93780  -  ResidentSetSize of job (KB)
...
040 (15697407.827.000) 2026-01-22 15:40:13 Started transferring output files
...
040 (15697407.827.000) 2026-01-22 15:40:13 Finished transferring output files
...
005 (15697407.827.000) 2026-01-22 15:40:13 Job terminated.
	(1) Normal termination (return value 0)
		Usr 0 00:12:19, Sys 0 00:00:09  -  Run Remote Usage
		Usr 0 00:00:00, Sys 0 00:00:00  -  Run Local Usage
		Usr 0 00:12:19, Sys 0 00:00:09  -  Total Remote Usage
		Usr 0 00:00:00, Sys 0 00:00:00  -  Total Local Usage
	191  -  Run Bytes Sent By Job
	148880  -  Run Bytes Received By Job
	191  -  Total Bytes Sent By Job
	148880  -  Total Bytes Received By Job
	Partitionable Resources :    Usage  Request Allocated 
	   Cpus                 :     1.00        1         1 
	   Disk (KB)            :   164     2097152   6681523 
	   Memory (MB)          :    92        4096      4096 
	   xferslots            :                           0 

	Job terminated of its own accord at 2026-01-22T20:40:13Z with exit-code 0.
...
