000 (15697407.717.000) 2026-01-21 18:36:42 Job submitted from host: <130.199.48.129:9618?addrs=130.199.48.129-9618&alias=rcas6009.rcf.bnl.gov&noUDP&sock=schedd_22421_101d>
...
040 (15697407.717.000) 2026-01-22 14:18:11 Started transferring input files
	Transferring to host: <130.199.186.12:9618?addrs=130.199.186.12-9618&alias=spool1809.sdcc.bnl.gov&noUDP&sock=slot1_5_94025_70bd_283662>
...
040 (15697407.717.000) 2026-01-22 14:18:11 Finished transferring input files
...
001 (15697407.717.000) 2026-01-22 14:18:12 Job executing on host: <130.199.186.12:9618?addrs=130.199.186.12-9618&alias=spool1809.sdcc.bnl.gov&noUDP&sock=startd_94017_4b09>
...
006 (15697407.717.000) 2026-01-22 14:18:21 Image size of job updated: 447044
	82  -  MemoryUsage of job (MB)
	83604  -  ResidentSetSize of job (KB)
...
006 (15697407.717.000) 2026-01-22 14:23:23 Image size of job updated: 447044
	97  -  MemoryUsage of job (MB)
	98364  -  ResidentSetSize of job (KB)
...
040 (15697407.717.000) 2026-01-22 14:28:49 Started transferring output files
...
040 (15697407.717.000) 2026-01-22 14:28:49 Finished transferring output files
...
005 (15697407.717.000) 2026-01-22 14:28:49 Job terminated.
	(1) Normal termination (return value 0)
		Usr 0 00:10:28, Sys 0 00:00:06  -  Run Remote Usage
		Usr 0 00:00:00, Sys 0 00:00:00  -  Run Local Usage
		Usr 0 00:10:28, Sys 0 00:00:06  -  Total Remote Usage
		Usr 0 00:00:00, Sys 0 00:00:00  -  Total Local Usage
	177  -  Run Bytes Sent By Job
	148880  -  Run Bytes Received By Job
	177  -  Total Bytes Sent By Job
	148880  -  Total Bytes Received By Job
	Partitionable Resources :    Usage  Request Allocated 
	   Cpus                 :     1.00        1         1 
	   Disk (KB)            :   164     2097152   6681585 
	   Memory (MB)          :    97        4096      4096 
	   xferslots            :                           0 

	Job terminated of its own accord at 2026-01-22T19:28:49Z with exit-code 0.
...
