000 (15554417.840.000) 2026-01-07 12:44:34 Job submitted from host: <130.199.48.129:9618?addrs=130.199.48.129-9618&alias=rcas6009.rcf.bnl.gov&noUDP&sock=schedd_22421_101d>
...
040 (15554417.840.000) 2026-01-07 14:04:08 Started transferring input files
	Transferring to host: <130.199.184.159:9618?addrs=130.199.184.159-9618&alias=spool1768.sdcc.bnl.gov&noUDP&sock=slot1_21_6355_eafc_187813>
...
040 (15554417.840.000) 2026-01-07 14:04:08 Finished transferring input files
...
001 (15554417.840.000) 2026-01-07 14:04:09 Job executing on host: <130.199.184.159:9618?addrs=130.199.184.159-9618&alias=spool1768.sdcc.bnl.gov&noUDP&sock=startd_6346_8743>
...
006 (15554417.840.000) 2026-01-07 14:04:18 Image size of job updated: 116772
	84  -  MemoryUsage of job (MB)
	85292  -  ResidentSetSize of job (KB)
...
006 (15554417.840.000) 2026-01-07 14:07:55 Image size of job updated: 424600
	84  -  MemoryUsage of job (MB)
	85292  -  ResidentSetSize of job (KB)
...
040 (15554417.840.000) 2026-01-07 14:07:55 Started transferring output files
...
040 (15554417.840.000) 2026-01-07 14:07:55 Finished transferring output files
...
005 (15554417.840.000) 2026-01-07 14:07:55 Job terminated.
	(1) Normal termination (return value 0)
		Usr 0 00:03:42, Sys 0 00:00:03  -  Run Remote Usage
		Usr 0 00:00:00, Sys 0 00:00:00  -  Run Local Usage
		Usr 0 00:03:42, Sys 0 00:00:03  -  Total Remote Usage
		Usr 0 00:00:00, Sys 0 00:00:00  -  Total Local Usage
	149  -  Run Bytes Sent By Job
	144352  -  Run Bytes Received By Job
	149  -  Total Bytes Sent By Job
	144352  -  Total Bytes Received By Job
	Partitionable Resources :    Usage  Request Allocated 
	   Cpus                 :     1.00        1         1 
	   Disk (KB)            :   159     2097152   6681586 
	   Memory (MB)          :    84        4096      4096 
	   xferslots            :                           0 

	Job terminated of its own accord at 2026-01-07T19:07:55Z with exit-code 0.
...
