000 (15560432.689.000) 2026-01-07 17:58:16 Job submitted from host: <130.199.48.129:9618?addrs=130.199.48.129-9618&alias=rcas6009.rcf.bnl.gov&noUDP&sock=schedd_22421_101d>
...
040 (15560432.689.000) 2026-01-07 20:53:08 Started transferring input files
	Transferring to host: <130.199.151.4:9618?addrs=130.199.151.4-9618&alias=spool1582.sdcc.bnl.gov&noUDP&sock=slot1_53_96763_4de9_187845>
...
040 (15560432.689.000) 2026-01-07 20:53:08 Finished transferring input files
...
001 (15560432.689.000) 2026-01-07 20:53:09 Job executing on host: <130.199.151.4:9618?addrs=130.199.151.4-9618&alias=spool1582.sdcc.bnl.gov&noUDP&sock=startd_96754_84e0>
...
006 (15560432.689.000) 2026-01-07 20:53:18 Image size of job updated: 422692
	84  -  MemoryUsage of job (MB)
	85948  -  ResidentSetSize of job (KB)
...
006 (15560432.689.000) 2026-01-07 20:57:39 Image size of job updated: 424728
	84  -  MemoryUsage of job (MB)
	85948  -  ResidentSetSize of job (KB)
...
040 (15560432.689.000) 2026-01-07 20:57:39 Started transferring output files
...
040 (15560432.689.000) 2026-01-07 20:57:39 Finished transferring output files
...
005 (15560432.689.000) 2026-01-07 20:57:39 Job terminated.
	(1) Normal termination (return value 0)
		Usr 0 00:04:23, Sys 0 00:00:04  -  Run Remote Usage
		Usr 0 00:00:00, Sys 0 00:00:00  -  Run Local Usage
		Usr 0 00:04:23, Sys 0 00:00:04  -  Total Remote Usage
		Usr 0 00:00:00, Sys 0 00:00:00  -  Total Local Usage
	163  -  Run Bytes Sent By Job
	144352  -  Run Bytes Received By Job
	163  -  Total Bytes Sent By Job
	144352  -  Total Bytes Received By Job
	Partitionable Resources :    Usage  Request Allocated 
	   Cpus                 :     0.99        1         1 
	   Disk (KB)            :   159     2097152   6681188 
	   Memory (MB)          :    84        4096      4096 
	   xferslots            :                           0 

	Job terminated of its own accord at 2026-01-08T01:57:39Z with exit-code 0.
...
