000 (15697407.021.000) 2026-01-21 18:36:41 Job submitted from host: <130.199.48.129:9618?addrs=130.199.48.129-9618&alias=rcas6009.rcf.bnl.gov&noUDP&sock=schedd_22421_101d>
...
040 (15697407.021.000) 2026-01-21 18:47:49 Started transferring input files
	Transferring to host: <130.199.150.97:9618?addrs=130.199.150.97-9618&alias=spool1578.sdcc.bnl.gov&noUDP&sock=slot1_61_96534_3347_260781>
...
040 (15697407.021.000) 2026-01-21 18:47:49 Finished transferring input files
...
001 (15697407.021.000) 2026-01-21 18:47:50 Job executing on host: <130.199.150.97:9618?addrs=130.199.150.97-9618&alias=spool1578.sdcc.bnl.gov&noUDP&sock=startd_96525_0b1f>
...
006 (15697407.021.000) 2026-01-21 18:47:59 Image size of job updated: 420944
	72  -  MemoryUsage of job (MB)
	73596  -  ResidentSetSize of job (KB)
...
006 (15697407.021.000) 2026-01-21 18:53:00 Image size of job updated: 424496
	88  -  MemoryUsage of job (MB)
	89416  -  ResidentSetSize of job (KB)
...
040 (15697407.021.000) 2026-01-21 18:56:56 Started transferring output files
...
040 (15697407.021.000) 2026-01-21 18:56:57 Finished transferring output files
...
005 (15697407.021.000) 2026-01-21 18:56:57 Job terminated.
	(1) Normal termination (return value 0)
		Usr 0 00:08:59, Sys 0 00:00:06  -  Run Remote Usage
		Usr 0 00:00:00, Sys 0 00:00:00  -  Run Local Usage
		Usr 0 00:08:59, Sys 0 00:00:06  -  Total Remote Usage
		Usr 0 00:00:00, Sys 0 00:00:00  -  Total Local Usage
	163  -  Run Bytes Sent By Job
	148880  -  Run Bytes Received By Job
	163  -  Total Bytes Sent By Job
	148880  -  Total Bytes Received By Job
	Partitionable Resources :    Usage  Request Allocated 
	   Cpus                 :     1.00        1         1 
	   Disk (KB)            :   164     2097152   6681108 
	   Memory (MB)          :    88        4096      4096 
	   xferslots            :                           0 

	Job terminated of its own accord at 2026-01-21T23:56:56Z with exit-code 0.
...
