000 (15697407.341.000) 2026-01-21 18:36:41 Job submitted from host: <130.199.48.129:9618?addrs=130.199.48.129-9618&alias=rcas6009.rcf.bnl.gov&noUDP&sock=schedd_22421_101d>
...
040 (15697407.341.000) 2026-01-22 06:11:39 Started transferring input files
	Transferring to host: <130.199.186.82:9618?addrs=130.199.186.82-9618&alias=spool1845.sdcc.bnl.gov&noUDP&sock=slot1_47_95953_29d6_277036>
...
040 (15697407.341.000) 2026-01-22 06:11:39 Finished transferring input files
...
001 (15697407.341.000) 2026-01-22 06:11:40 Job executing on host: <130.199.186.82:9618?addrs=130.199.186.82-9618&alias=spool1845.sdcc.bnl.gov&noUDP&sock=startd_95944_2a0e>
...
006 (15697407.341.000) 2026-01-22 06:11:49 Image size of job updated: 448836
	100  -  MemoryUsage of job (MB)
	101828  -  ResidentSetSize of job (KB)
...
006 (15697407.341.000) 2026-01-22 06:16:50 Image size of job updated: 448836
	121  -  MemoryUsage of job (MB)
	123712  -  ResidentSetSize of job (KB)
...
040 (15697407.341.000) 2026-01-22 06:34:16 Started transferring output files
...
040 (15697407.341.000) 2026-01-22 06:34:16 Finished transferring output files
...
005 (15697407.341.000) 2026-01-22 06:34:16 Job terminated.
	(1) Normal termination (return value 0)
		Usr 0 00:22:11, Sys 0 00:00:23  -  Run Remote Usage
		Usr 0 00:00:00, Sys 0 00:00:00  -  Run Local Usage
		Usr 0 00:22:11, Sys 0 00:00:23  -  Total Remote Usage
		Usr 0 00:00:00, Sys 0 00:00:00  -  Total Local Usage
	261  -  Run Bytes Sent By Job
	148880  -  Run Bytes Received By Job
	261  -  Total Bytes Sent By Job
	148880  -  Total Bytes Received By Job
	Partitionable Resources :    Usage  Request Allocated 
	   Cpus                 :     1.00        1         1 
	   Disk (KB)            :   163     2097152   6681560 
	   Memory (MB)          :   121        4096      4096 
	   xferslots            :                           0 

	Job terminated of its own accord at 2026-01-22T11:34:16Z with exit-code 0.
...
