000 (15560432.795.000) 2026-01-07 17:58:17 Job submitted from host: <130.199.48.129:9618?addrs=130.199.48.129-9618&alias=rcas6009.rcf.bnl.gov&noUDP&sock=schedd_22421_101d>
...
040 (15560432.795.000) 2026-01-07 20:55:04 Started transferring input files
	Transferring to host: <130.199.186.22:9618?addrs=130.199.186.22-9618&alias=spool1819.sdcc.bnl.gov&noUDP&sock=slot1_81_95747_0b2c_201324>
...
040 (15560432.795.000) 2026-01-07 20:55:04 Finished transferring input files
...
001 (15560432.795.000) 2026-01-07 20:55:05 Job executing on host: <130.199.186.22:9618?addrs=130.199.186.22-9618&alias=spool1819.sdcc.bnl.gov&noUDP&sock=startd_95703_e40c>
...
006 (15560432.795.000) 2026-01-07 20:55:14 Image size of job updated: 421672
	88  -  MemoryUsage of job (MB)
	89112  -  ResidentSetSize of job (KB)
...
006 (15560432.795.000) 2026-01-07 21:00:15 Image size of job updated: 424356
	89  -  MemoryUsage of job (MB)
	90228  -  ResidentSetSize of job (KB)
...
040 (15560432.795.000) 2026-01-07 21:00:18 Started transferring output files
...
040 (15560432.795.000) 2026-01-07 21:00:18 Finished transferring output files
...
005 (15560432.795.000) 2026-01-07 21:00:18 Job terminated.
	(1) Normal termination (return value 0)
		Usr 0 00:05:06, Sys 0 00:00:05  -  Run Remote Usage
		Usr 0 00:00:00, Sys 0 00:00:00  -  Run Local Usage
		Usr 0 00:05:06, Sys 0 00:00:05  -  Total Remote Usage
		Usr 0 00:00:00, Sys 0 00:00:00  -  Total Local Usage
	177  -  Run Bytes Sent By Job
	144352  -  Run Bytes Received By Job
	177  -  Total Bytes Sent By Job
	144352  -  Total Bytes Received By Job
	Partitionable Resources :    Usage  Request Allocated 
	   Cpus                 :     0.99        1         1 
	   Disk (KB)            :   159     2097152   6681584 
	   Memory (MB)          :    89        4096      4096 
	   xferslots            :                           0 

	Job terminated of its own accord at 2026-01-08T02:00:18Z with exit-code 0.
...
