000 (15554417.884.000) 2026-01-07 12:44:34 Job submitted from host: <130.199.48.129:9618?addrs=130.199.48.129-9618&alias=rcas6009.rcf.bnl.gov&noUDP&sock=schedd_22421_101d>
...
040 (15554417.884.000) 2026-01-07 14:05:50 Started transferring input files
	Transferring to host: <130.199.150.96:9618?addrs=130.199.150.96-9618&alias=spool1577.sdcc.bnl.gov&noUDP&sock=slot1_82_24963_e9b7_184364>
...
040 (15554417.884.000) 2026-01-07 14:05:50 Finished transferring input files
...
001 (15554417.884.000) 2026-01-07 14:05:51 Job executing on host: <130.199.150.96:9618?addrs=130.199.150.96-9618&alias=spool1577.sdcc.bnl.gov&noUDP&sock=startd_24954_b9b8>
...
006 (15554417.884.000) 2026-01-07 14:06:00 Image size of job updated: 422560
	86  -  MemoryUsage of job (MB)
	87548  -  ResidentSetSize of job (KB)
...
006 (15554417.884.000) 2026-01-07 14:10:52 Image size of job updated: 424496
	86  -  MemoryUsage of job (MB)
	87548  -  ResidentSetSize of job (KB)
...
040 (15554417.884.000) 2026-01-07 14:10:52 Started transferring output files
...
040 (15554417.884.000) 2026-01-07 14:10:52 Finished transferring output files
...
005 (15554417.884.000) 2026-01-07 14:10:52 Job terminated.
	(1) Normal termination (return value 0)
		Usr 0 00:04:55, Sys 0 00:00:04  -  Run Remote Usage
		Usr 0 00:00:00, Sys 0 00:00:00  -  Run Local Usage
		Usr 0 00:04:55, Sys 0 00:00:04  -  Total Remote Usage
		Usr 0 00:00:00, Sys 0 00:00:00  -  Total Local Usage
	177  -  Run Bytes Sent By Job
	144352  -  Run Bytes Received By Job
	177  -  Total Bytes Sent By Job
	144352  -  Total Bytes Received By Job
	Partitionable Resources :    Usage  Request Allocated 
	   Cpus                 :     0.99        1         1 
	   Disk (KB)            :   159     2097152   6681182 
	   Memory (MB)          :    86        4096      4096 
	   xferslots            :                           0 

	Job terminated of its own accord at 2026-01-07T19:10:52Z with exit-code 0.
...
