000 (15697407.409.000) 2026-01-21 18:36:42 Job submitted from host: <130.199.48.129:9618?addrs=130.199.48.129-9618&alias=rcas6009.rcf.bnl.gov&noUDP&sock=schedd_22421_101d>
...
040 (15697407.409.000) 2026-01-22 08:02:28 Started transferring input files
	Transferring to host: <130.199.184.158:9618?addrs=130.199.184.158-9618&alias=spool1767.sdcc.bnl.gov&noUDP&sock=slot1_8_4771_385b_286593>
...
040 (15697407.409.000) 2026-01-22 08:02:28 Finished transferring input files
...
001 (15697407.409.000) 2026-01-22 08:02:29 Job executing on host: <130.199.184.158:9618?addrs=130.199.184.158-9618&alias=spool1767.sdcc.bnl.gov&noUDP&sock=startd_4762_365e>
...
006 (15697407.409.000) 2026-01-22 08:02:38 Image size of job updated: 448292
	75  -  MemoryUsage of job (MB)
	76732  -  ResidentSetSize of job (KB)
...
006 (15697407.409.000) 2026-01-22 08:07:38 Image size of job updated: 448292
	86  -  MemoryUsage of job (MB)
	87264  -  ResidentSetSize of job (KB)
...
040 (15697407.409.000) 2026-01-22 08:08:15 Started transferring output files
...
040 (15697407.409.000) 2026-01-22 08:08:15 Finished transferring output files
...
005 (15697407.409.000) 2026-01-22 08:08:15 Job terminated.
	(1) Normal termination (return value 0)
		Usr 0 00:05:41, Sys 0 00:00:03  -  Run Remote Usage
		Usr 0 00:00:00, Sys 0 00:00:00  -  Run Local Usage
		Usr 0 00:05:41, Sys 0 00:00:03  -  Total Remote Usage
		Usr 0 00:00:00, Sys 0 00:00:00  -  Total Local Usage
	122  -  Run Bytes Sent By Job
	148880  -  Run Bytes Received By Job
	122  -  Total Bytes Sent By Job
	148880  -  Total Bytes Received By Job
	Partitionable Resources :    Usage  Request Allocated 
	   Cpus                 :     1.00        1         1 
	   Disk (KB)            :   163     2097152   6681557 
	   Memory (MB)          :    86        4096      4096 
	   xferslots            :                           0 

	Job terminated of its own accord at 2026-01-22T13:08:15Z with exit-code 0.
...
