000 (15697407.291.000) 2026-01-21 18:36:41 Job submitted from host: <130.199.48.129:9618?addrs=130.199.48.129-9618&alias=rcas6009.rcf.bnl.gov&noUDP&sock=schedd_22421_101d>
...
040 (15697407.291.000) 2026-01-22 04:27:17 Started transferring input files
	Transferring to host: <130.199.186.82:9618?addrs=130.199.186.82-9618&alias=spool1845.sdcc.bnl.gov&noUDP&sock=slot1_71_95953_29d6_276620>
...
040 (15697407.291.000) 2026-01-22 04:27:17 Finished transferring input files
...
001 (15697407.291.000) 2026-01-22 04:27:18 Job executing on host: <130.199.186.82:9618?addrs=130.199.186.82-9618&alias=spool1845.sdcc.bnl.gov&noUDP&sock=startd_95944_2a0e>
...
006 (15697407.291.000) 2026-01-22 04:27:26 Image size of job updated: 448920
	92  -  MemoryUsage of job (MB)
	93876  -  ResidentSetSize of job (KB)
...
006 (15697407.291.000) 2026-01-22 04:32:26 Image size of job updated: 448920
	110  -  MemoryUsage of job (MB)
	112224  -  ResidentSetSize of job (KB)
...
040 (15697407.291.000) 2026-01-22 04:44:02 Started transferring output files
...
040 (15697407.291.000) 2026-01-22 04:44:02 Finished transferring output files
...
005 (15697407.291.000) 2026-01-22 04:44:02 Job terminated.
	(1) Normal termination (return value 0)
		Usr 0 00:16:23, Sys 0 00:00:15  -  Run Remote Usage
		Usr 0 00:00:00, Sys 0 00:00:00  -  Run Local Usage
		Usr 0 00:16:23, Sys 0 00:00:15  -  Total Remote Usage
		Usr 0 00:00:00, Sys 0 00:00:00  -  Total Local Usage
	219  -  Run Bytes Sent By Job
	148880  -  Run Bytes Received By Job
	219  -  Total Bytes Sent By Job
	148880  -  Total Bytes Received By Job
	Partitionable Resources :    Usage  Request Allocated 
	   Cpus                 :     0.99        1         1 
	   Disk (KB)            :   163     2097152   6681560 
	   Memory (MB)          :   110        4096      4096 
	   xferslots            :                           0 

	Job terminated of its own accord at 2026-01-22T09:44:02Z with exit-code 0.
...
