000 (15697407.891.000) 2026-01-21 18:36:43 Job submitted from host: <130.199.48.129:9618?addrs=130.199.48.129-9618&alias=rcas6009.rcf.bnl.gov&noUDP&sock=schedd_22421_101d>
...
040 (15697407.891.000) 2026-01-22 16:09:10 Started transferring input files
	Transferring to host: <130.199.151.17:9618?addrs=130.199.151.17-9618&alias=spool1595.sdcc.bnl.gov&noUDP&sock=slot1_92_56003_4361_259955>
...
040 (15697407.891.000) 2026-01-22 16:09:10 Finished transferring input files
...
001 (15697407.891.000) 2026-01-22 16:09:11 Job executing on host: <130.199.151.17:9618?addrs=130.199.151.17-9618&alias=spool1595.sdcc.bnl.gov&noUDP&sock=startd_55988_983d>
...
006 (15697407.891.000) 2026-01-22 16:09:20 Image size of job updated: 423272
	73  -  MemoryUsage of job (MB)
	74044  -  ResidentSetSize of job (KB)
...
006 (15697407.891.000) 2026-01-22 16:10:54 Image size of job updated: 450212
	73  -  MemoryUsage of job (MB)
	74044  -  ResidentSetSize of job (KB)
...
040 (15697407.891.000) 2026-01-22 16:10:55 Started transferring output files
...
040 (15697407.891.000) 2026-01-22 16:10:55 Finished transferring output files
...
005 (15697407.891.000) 2026-01-22 16:10:55 Job terminated.
	(1) Normal termination (return value 0)
		Usr 0 00:01:41, Sys 0 00:00:01  -  Run Remote Usage
		Usr 0 00:00:00, Sys 0 00:00:00  -  Run Local Usage
		Usr 0 00:01:41, Sys 0 00:00:01  -  Total Remote Usage
		Usr 0 00:00:00, Sys 0 00:00:00  -  Total Local Usage
	70  -  Run Bytes Sent By Job
	148880  -  Run Bytes Received By Job
	70  -  Total Bytes Sent By Job
	148880  -  Total Bytes Received By Job
	Partitionable Resources :    Usage  Request Allocated 
	   Cpus                 :                 1         1 
	   Disk (KB)            :      157  2097152   6681209 
	   Memory (MB)          :       73     4096      4096 
	   xferslots            :                           0 

	Job terminated of its own accord at 2026-01-22T21:10:54Z with exit-code 0.
...
