000 (15560432.248.000) 2026-01-07 17:58:15 Job submitted from host: <130.199.48.129:9618?addrs=130.199.48.129-9618&alias=rcas6009.rcf.bnl.gov&noUDP&sock=schedd_22421_101d>
...
040 (15560432.248.000) 2026-01-07 19:35:25 Started transferring input files
	Transferring to host: <130.199.151.33:9618?addrs=130.199.151.33-9618&alias=spool1611.sdcc.bnl.gov&noUDP&sock=slot1_5_94855_59a7_184629>
...
040 (15560432.248.000) 2026-01-07 19:35:25 Finished transferring input files
...
001 (15560432.248.000) 2026-01-07 19:35:26 Job executing on host: <130.199.151.33:9618?addrs=130.199.151.33-9618&alias=spool1611.sdcc.bnl.gov&noUDP&sock=startd_94847_fa45>
...
006 (15560432.248.000) 2026-01-07 19:35:35 Image size of job updated: 641008
	121  -  MemoryUsage of job (MB)
	123292  -  ResidentSetSize of job (KB)
...
006 (15560432.248.000) 2026-01-07 19:40:36 Image size of job updated: 641096
	130  -  MemoryUsage of job (MB)
	132544  -  ResidentSetSize of job (KB)
...
006 (15560432.248.000) 2026-01-07 19:57:53 Image size of job updated: 643720
	130  -  MemoryUsage of job (MB)
	132544  -  ResidentSetSize of job (KB)
...
040 (15560432.248.000) 2026-01-07 19:57:53 Started transferring output files
...
040 (15560432.248.000) 2026-01-07 19:57:53 Finished transferring output files
...
005 (15560432.248.000) 2026-01-07 19:57:53 Job terminated.
	(1) Normal termination (return value 0)
		Usr 0 00:21:23, Sys 0 00:01:01  -  Run Remote Usage
		Usr 0 00:00:00, Sys 0 00:00:00  -  Run Local Usage
		Usr 0 00:21:23, Sys 0 00:01:01  -  Total Remote Usage
		Usr 0 00:00:00, Sys 0 00:00:00  -  Total Local Usage
	373  -  Run Bytes Sent By Job
	144352  -  Run Bytes Received By Job
	373  -  Total Bytes Sent By Job
	144352  -  Total Bytes Received By Job
	Partitionable Resources :    Usage  Request Allocated 
	   Cpus                 :     0.99        1         1 
	   Disk (KB)            :   159     2097152   6681176 
	   Memory (MB)          :   130        4096      4096 
	   xferslots            :                           0 

	Job terminated of its own accord at 2026-01-08T00:57:53Z with exit-code 0.
...
