000 (15560432.618.000) 2026-01-07 17:58:16 Job submitted from host: <130.199.48.129:9618?addrs=130.199.48.129-9618&alias=rcas6009.rcf.bnl.gov&noUDP&sock=schedd_22421_101d>
...
040 (15560432.618.000) 2026-01-07 20:51:40 Started transferring input files
	Transferring to host: <130.199.186.22:9618?addrs=130.199.186.22-9618&alias=spool1819.sdcc.bnl.gov&noUDP&sock=slot1_31_95747_0b2c_201316>
...
040 (15560432.618.000) 2026-01-07 20:51:40 Finished transferring input files
...
001 (15560432.618.000) 2026-01-07 20:51:41 Job executing on host: <130.199.186.22:9618?addrs=130.199.186.22-9618&alias=spool1819.sdcc.bnl.gov&noUDP&sock=startd_95703_e40c>
...
006 (15560432.618.000) 2026-01-07 20:51:50 Image size of job updated: 422864
	71  -  MemoryUsage of job (MB)
	72132  -  ResidentSetSize of job (KB)
...
006 (15560432.618.000) 2026-01-07 20:55:43 Image size of job updated: 424636
	71  -  MemoryUsage of job (MB)
	72132  -  ResidentSetSize of job (KB)
...
040 (15560432.618.000) 2026-01-07 20:55:43 Started transferring output files
...
040 (15560432.618.000) 2026-01-07 20:55:43 Finished transferring output files
...
005 (15560432.618.000) 2026-01-07 20:55:43 Job terminated.
	(1) Normal termination (return value 0)
		Usr 0 00:03:56, Sys 0 00:00:03  -  Run Remote Usage
		Usr 0 00:00:00, Sys 0 00:00:00  -  Run Local Usage
		Usr 0 00:03:56, Sys 0 00:00:03  -  Total Remote Usage
		Usr 0 00:00:00, Sys 0 00:00:00  -  Total Local Usage
	149  -  Run Bytes Sent By Job
	144352  -  Run Bytes Received By Job
	149  -  Total Bytes Sent By Job
	144352  -  Total Bytes Received By Job
	Partitionable Resources :    Usage  Request Allocated 
	   Cpus                 :     0.99        1         1 
	   Disk (KB)            :   159     2097152   6681584 
	   Memory (MB)          :    71        4096      4096 
	   xferslots            :                           0 

	Job terminated of its own accord at 2026-01-08T01:55:43Z with exit-code 0.
...
