000 (15690120.221.000) 2026-01-20 07:35:55 Job submitted from host: <130.199.48.129:9618?addrs=130.199.48.129-9618&alias=rcas6009.rcf.bnl.gov&noUDP&sock=schedd_22421_101d>
...
040 (15690120.221.000) 2026-01-21 00:34:09 Started transferring input files
	Transferring to host: <130.199.151.21:9618?addrs=130.199.151.21-9618&alias=spool1599.sdcc.bnl.gov&noUDP&sock=slot1_12_96838_b010_241914>
...
040 (15690120.221.000) 2026-01-21 00:34:09 Finished transferring input files
...
001 (15690120.221.000) 2026-01-21 00:34:10 Job executing on host: <130.199.151.21:9618?addrs=130.199.151.21-9618&alias=spool1599.sdcc.bnl.gov&noUDP&sock=startd_96829_416f>
...
006 (15690120.221.000) 2026-01-21 00:34:19 Image size of job updated: 116156
	83  -  MemoryUsage of job (MB)
	84944  -  ResidentSetSize of job (KB)
...
006 (15690120.221.000) 2026-01-21 00:39:19 Image size of job updated: 694396
	175  -  MemoryUsage of job (MB)
	178200  -  ResidentSetSize of job (KB)
...
006 (15690120.221.000) 2026-01-21 00:44:19 Image size of job updated: 694396
	175  -  MemoryUsage of job (MB)
	178216  -  ResidentSetSize of job (KB)
...
006 (15690120.221.000) 2026-01-21 00:54:20 Image size of job updated: 694396
	176  -  MemoryUsage of job (MB)
	179756  -  ResidentSetSize of job (KB)
...
006 (15690120.221.000) 2026-01-21 01:29:23 Image size of job updated: 694396
	182  -  MemoryUsage of job (MB)
	185464  -  ResidentSetSize of job (KB)
...
040 (15690120.221.000) 2026-01-21 01:33:13 Started transferring output files
...
040 (15690120.221.000) 2026-01-21 01:33:13 Finished transferring output files
...
005 (15690120.221.000) 2026-01-21 01:33:13 Job terminated.
	(1) Normal termination (return value 0)
		Usr 0 00:57:09, Sys 0 00:00:49  -  Run Remote Usage
		Usr 0 00:00:00, Sys 0 00:00:00  -  Run Local Usage
		Usr 0 00:57:09, Sys 0 00:00:49  -  Total Remote Usage
		Usr 0 00:00:00, Sys 0 00:00:00  -  Total Local Usage
	373  -  Run Bytes Sent By Job
	148880  -  Run Bytes Received By Job
	373  -  Total Bytes Sent By Job
	148880  -  Total Bytes Received By Job
	Partitionable Resources :    Usage  Request Allocated 
	   Cpus                 :     0.99        1         1 
	   Disk (KB)            :   164     2097152   6681145 
	   Memory (MB)          :   182        4096      4096 
	   xferslots            :                           0 

	Job terminated of its own accord at 2026-01-21T06:33:13Z with exit-code 0.
...
