000 (15697407.1161.000) 2026-01-21 18:36:44 Job submitted from host: <130.199.48.129:9618?addrs=130.199.48.129-9618&alias=rcas6009.rcf.bnl.gov&noUDP&sock=schedd_22421_101d>
...
040 (15697407.1161.000) 2026-01-22 18:55:41 Started transferring input files
	Transferring to host: <130.199.151.32:9618?addrs=130.199.151.32-9618&alias=spool1610.sdcc.bnl.gov&noUDP&sock=slot1_94_54219_e056_289929>
...
040 (15697407.1161.000) 2026-01-22 18:55:41 Finished transferring input files
...
001 (15697407.1161.000) 2026-01-22 18:55:42 Job executing on host: <130.199.151.32:9618?addrs=130.199.151.32-9618&alias=spool1610.sdcc.bnl.gov&noUDP&sock=startd_54204_fb30>
...
006 (15697407.1161.000) 2026-01-22 18:55:51 Image size of job updated: 421768
	74  -  MemoryUsage of job (MB)
	75164  -  ResidentSetSize of job (KB)
...
006 (15697407.1161.000) 2026-01-22 19:00:52 Image size of job updated: 449520
	99  -  MemoryUsage of job (MB)
	100648  -  ResidentSetSize of job (KB)
...
040 (15697407.1161.000) 2026-01-22 19:03:10 Started transferring output files
...
040 (15697407.1161.000) 2026-01-22 19:03:10 Finished transferring output files
...
005 (15697407.1161.000) 2026-01-22 19:03:10 Job terminated.
	(1) Normal termination (return value 0)
		Usr 0 00:07:06, Sys 0 00:00:06  -  Run Remote Usage
		Usr 0 00:00:00, Sys 0 00:00:00  -  Run Local Usage
		Usr 0 00:07:06, Sys 0 00:00:06  -  Total Remote Usage
		Usr 0 00:00:00, Sys 0 00:00:00  -  Total Local Usage
	163  -  Run Bytes Sent By Job
	148880  -  Run Bytes Received By Job
	163  -  Total Bytes Sent By Job
	148880  -  Total Bytes Received By Job
	Partitionable Resources :    Usage  Request Allocated 
	   Cpus                 :     0.89        1         1 
	   Disk (KB)            :   163     2097152   6681190 
	   Memory (MB)          :    99        4096      4096 
	   xferslots            :                           0 

	Job terminated of its own accord at 2026-01-23T00:03:10Z with exit-code 0.
...
