000 (15560432.338.000) 2026-01-07 17:58:16 Job submitted from host: <130.199.48.129:9618?addrs=130.199.48.129-9618&alias=rcas6009.rcf.bnl.gov&noUDP&sock=schedd_22421_101d>
...
040 (15560432.338.000) 2026-01-07 20:13:25 Started transferring input files
	Transferring to host: <130.199.151.3:9618?addrs=130.199.151.3-9618&alias=spool1581.sdcc.bnl.gov&noUDP&sock=slot1_47_95061_7851_188074>
...
040 (15560432.338.000) 2026-01-07 20:13:25 Finished transferring input files
...
001 (15560432.338.000) 2026-01-07 20:13:26 Job executing on host: <130.199.151.3:9618?addrs=130.199.151.3-9618&alias=spool1581.sdcc.bnl.gov&noUDP&sock=startd_95052_db87>
...
006 (15560432.338.000) 2026-01-07 20:13:34 Image size of job updated: 111936
	79  -  MemoryUsage of job (MB)
	80624  -  ResidentSetSize of job (KB)
...
006 (15560432.338.000) 2026-01-07 20:18:34 Image size of job updated: 424840
	104  -  MemoryUsage of job (MB)
	105900  -  ResidentSetSize of job (KB)
...
006 (15560432.338.000) 2026-01-07 20:23:35 Image size of job updated: 424840
	104  -  MemoryUsage of job (MB)
	105916  -  ResidentSetSize of job (KB)
...
040 (15560432.338.000) 2026-01-07 20:24:02 Started transferring output files
...
040 (15560432.338.000) 2026-01-07 20:24:02 Finished transferring output files
...
005 (15560432.338.000) 2026-01-07 20:24:02 Job terminated.
	(1) Normal termination (return value 0)
		Usr 0 00:10:25, Sys 0 00:00:09  -  Run Remote Usage
		Usr 0 00:00:00, Sys 0 00:00:00  -  Run Local Usage
		Usr 0 00:10:25, Sys 0 00:00:09  -  Total Remote Usage
		Usr 0 00:00:00, Sys 0 00:00:00  -  Total Local Usage
	261  -  Run Bytes Sent By Job
	144352  -  Run Bytes Received By Job
	261  -  Total Bytes Sent By Job
	144352  -  Total Bytes Received By Job
	Partitionable Resources :    Usage  Request Allocated 
	   Cpus                 :     0.99        1         1 
	   Disk (KB)            :   159     2097152   6681183 
	   Memory (MB)          :   104        4096      4096 
	   xferslots            :                           0 

	Job terminated of its own accord at 2026-01-08T01:24:01Z with exit-code 0.
...
