000 (15560432.181.000) 2026-01-07 17:58:15 Job submitted from host: <130.199.48.129:9618?addrs=130.199.48.129-9618&alias=rcas6009.rcf.bnl.gov&noUDP&sock=schedd_22421_101d>
...
040 (15560432.181.000) 2026-01-07 19:01:57 Started transferring input files
	Transferring to host: <130.199.151.31:9618?addrs=130.199.151.31-9618&alias=spool1609.sdcc.bnl.gov&noUDP&sock=slot1_93_94980_a7e9_181990>
...
040 (15560432.181.000) 2026-01-07 19:01:57 Finished transferring input files
...
001 (15560432.181.000) 2026-01-07 19:01:58 Job executing on host: <130.199.151.31:9618?addrs=130.199.151.31-9618&alias=spool1609.sdcc.bnl.gov&noUDP&sock=startd_94972_89de>
...
006 (15560432.181.000) 2026-01-07 19:02:07 Image size of job updated: 421096
	76  -  MemoryUsage of job (MB)
	77488  -  ResidentSetSize of job (KB)
...
006 (15560432.181.000) 2026-01-07 19:07:08 Image size of job updated: 424840
	96  -  MemoryUsage of job (MB)
	98032  -  ResidentSetSize of job (KB)
...
040 (15560432.181.000) 2026-01-07 19:09:29 Started transferring output files
...
040 (15560432.181.000) 2026-01-07 19:09:29 Finished transferring output files
...
005 (15560432.181.000) 2026-01-07 19:09:29 Job terminated.
	(1) Normal termination (return value 0)
		Usr 0 00:07:22, Sys 0 00:00:07  -  Run Remote Usage
		Usr 0 00:00:00, Sys 0 00:00:00  -  Run Local Usage
		Usr 0 00:07:22, Sys 0 00:00:07  -  Total Remote Usage
		Usr 0 00:00:00, Sys 0 00:00:00  -  Total Local Usage
	219  -  Run Bytes Sent By Job
	144352  -  Run Bytes Received By Job
	219  -  Total Bytes Sent By Job
	144352  -  Total Bytes Received By Job
	Partitionable Resources :    Usage  Request Allocated 
	   Cpus                 :     0.99        1         1 
	   Disk (KB)            :   159     2097152   6681162 
	   Memory (MB)          :    96        4096      4096 
	   xferslots            :                           0 

	Job terminated of its own accord at 2026-01-08T00:09:28Z with exit-code 0.
...
