000 (15554417.157.000) 2026-01-07 12:44:32 Job submitted from host: <130.199.48.129:9618?addrs=130.199.48.129-9618&alias=rcas6009.rcf.bnl.gov&noUDP&sock=schedd_22421_101d>
...
040 (15554417.157.000) 2026-01-07 13:11:15 Started transferring input files
	Transferring to host: <130.199.186.89:9618?addrs=130.199.186.89-9618&alias=spool1852.sdcc.bnl.gov&noUDP&sock=slot1_62_94012_d731_243888>
...
040 (15554417.157.000) 2026-01-07 13:11:15 Finished transferring input files
...
001 (15554417.157.000) 2026-01-07 13:11:16 Job executing on host: <130.199.186.89:9618?addrs=130.199.186.89-9618&alias=spool1852.sdcc.bnl.gov&noUDP&sock=startd_94003_dcbe>
...
006 (15554417.157.000) 2026-01-07 13:11:24 Image size of job updated: 635772
	61  -  MemoryUsage of job (MB)
	61804  -  ResidentSetSize of job (KB)
...
006 (15554417.157.000) 2026-01-07 13:16:25 Image size of job updated: 638792
	123  -  MemoryUsage of job (MB)
	125652  -  ResidentSetSize of job (KB)
...
006 (15554417.157.000) 2026-01-07 13:28:46 Image size of job updated: 644532
	123  -  MemoryUsage of job (MB)
	125652  -  ResidentSetSize of job (KB)
...
040 (15554417.157.000) 2026-01-07 13:28:46 Started transferring output files
...
040 (15554417.157.000) 2026-01-07 13:28:46 Finished transferring output files
...
005 (15554417.157.000) 2026-01-07 13:28:46 Job terminated.
	(1) Normal termination (return value 0)
		Usr 0 00:16:48, Sys 0 00:00:40  -  Run Remote Usage
		Usr 0 00:00:00, Sys 0 00:00:00  -  Run Local Usage
		Usr 0 00:16:48, Sys 0 00:00:40  -  Total Remote Usage
		Usr 0 00:00:00, Sys 0 00:00:00  -  Total Local Usage
	373  -  Run Bytes Sent By Job
	144352  -  Run Bytes Received By Job
	373  -  Total Bytes Sent By Job
	144352  -  Total Bytes Received By Job
	Partitionable Resources :    Usage  Request Allocated 
	   Cpus                 :     1.00        1         1 
	   Disk (KB)            :   159     2097152   6681569 
	   Memory (MB)          :   123        4096      4096 
	   xferslots            :                           0 

	Job terminated of its own accord at 2026-01-07T18:28:46Z with exit-code 0.
...
