000 (15560432.1064.000) 2026-01-07 17:58:17 Job submitted from host: <130.199.48.129:9618?addrs=130.199.48.129-9618&alias=rcas6009.rcf.bnl.gov&noUDP&sock=schedd_22421_101d>
...
040 (15560432.1064.000) 2026-01-07 21:00:35 Started transferring input files
	Transferring to host: <130.199.151.30:9618?addrs=130.199.151.30-9618&alias=spool1608.sdcc.bnl.gov&noUDP&sock=slot1_69_96495_66a3_188060>
...
040 (15560432.1064.000) 2026-01-07 21:00:36 Finished transferring input files
...
001 (15560432.1064.000) 2026-01-07 21:00:37 Job executing on host: <130.199.151.30:9618?addrs=130.199.151.30-9618&alias=spool1608.sdcc.bnl.gov&noUDP&sock=startd_96487_0455>
...
006 (15560432.1064.000) 2026-01-07 21:00:45 Image size of job updated: 332848
	31  -  MemoryUsage of job (MB)
	30864  -  ResidentSetSize of job (KB)
...
006 (15560432.1064.000) 2026-01-07 21:00:57 Image size of job updated: 393364
	31  -  MemoryUsage of job (MB)
	30864  -  ResidentSetSize of job (KB)
...
040 (15560432.1064.000) 2026-01-07 21:00:57 Started transferring output files
...
040 (15560432.1064.000) 2026-01-07 21:00:57 Finished transferring output files
...
005 (15560432.1064.000) 2026-01-07 21:00:57 Job terminated.
	(1) Normal termination (return value 0)
		Usr 0 00:00:00, Sys 0 00:00:16  -  Run Remote Usage
		Usr 0 00:00:00, Sys 0 00:00:00  -  Run Local Usage
		Usr 0 00:00:00, Sys 0 00:00:16  -  Total Remote Usage
		Usr 0 00:00:00, Sys 0 00:00:00  -  Total Local Usage
	18  -  Run Bytes Sent By Job
	144352  -  Run Bytes Received By Job
	18  -  Total Bytes Sent By Job
	144352  -  Total Bytes Received By Job
	Partitionable Resources :    Usage  Request Allocated 
	   Cpus                 :                 1         1 
	   Disk (KB)            :      152  2097152   6681194 
	   Memory (MB)          :       31     4096      4096 
	   xferslots            :                           0 

	Job terminated of its own accord at 2026-01-08T02:00:57Z with exit-code 0.
...
