000 (15684821.352.000) 2026-01-19 15:56:21 Job submitted from host: <130.199.48.129:9618?addrs=130.199.48.129-9618&alias=rcas6009.rcf.bnl.gov&noUDP&sock=schedd_22421_101d>
...
040 (15684821.352.000) 2026-01-19 16:14:52 Started transferring input files
	Transferring to host: <130.199.186.85:9618?addrs=130.199.186.85-9618&alias=spool1848.sdcc.bnl.gov&noUDP&sock=slot1_29_95890_a430_238839>
...
040 (15684821.352.000) 2026-01-19 16:14:52 Finished transferring input files
...
001 (15684821.352.000) 2026-01-19 16:14:53 Job executing on host: <130.199.186.85:9618?addrs=130.199.186.85-9618&alias=spool1848.sdcc.bnl.gov&noUDP&sock=startd_95881_39bf>
...
006 (15684821.352.000) 2026-01-19 16:15:02 Image size of job updated: 422364
	63  -  MemoryUsage of job (MB)
	64188  -  ResidentSetSize of job (KB)
...
006 (15684821.352.000) 2026-01-19 16:16:04 Image size of job updated: 450248
	63  -  MemoryUsage of job (MB)
	64188  -  ResidentSetSize of job (KB)
...
040 (15684821.352.000) 2026-01-19 16:16:04 Started transferring output files
...
040 (15684821.352.000) 2026-01-19 16:16:04 Finished transferring output files
...
005 (15684821.352.000) 2026-01-19 16:16:05 Job terminated.
	(1) Normal termination (return value 0)
		Usr 0 00:01:04, Sys 0 00:00:01  -  Run Remote Usage
		Usr 0 00:00:00, Sys 0 00:00:00  -  Run Local Usage
		Usr 0 00:01:04, Sys 0 00:00:01  -  Total Remote Usage
		Usr 0 00:00:00, Sys 0 00:00:00  -  Total Local Usage
	57  -  Run Bytes Sent By Job
	148880  -  Run Bytes Received By Job
	57  -  Total Bytes Sent By Job
	148880  -  Total Bytes Received By Job
	Partitionable Resources :    Usage  Request Allocated 
	   Cpus                 :                 1         1 
	   Disk (KB)            :      157  2097152   6681608 
	   Memory (MB)          :       63     4096      4096 
	   xferslots            :                           0 

	Job terminated of its own accord at 2026-01-19T21:16:04Z with exit-code 0.
...
