000 (16235385.1100.000) 2026-01-23 10:57:31 Job submitted from host: <130.199.48.128:9618?addrs=130.199.48.128-9618&alias=rcas6008.rcf.bnl.gov&noUDP&sock=schedd_18725_535a>
...
040 (16235385.1100.000) 2026-01-23 12:29:15 Started transferring input files
	Transferring to host: <130.199.150.88:9618?addrs=130.199.150.88-9618&alias=spool1569.sdcc.bnl.gov&noUDP&sock=slot1_50_55415_0ea5_262122>
...
040 (16235385.1100.000) 2026-01-23 12:29:15 Finished transferring input files
...
001 (16235385.1100.000) 2026-01-23 12:29:16 Job executing on host: <130.199.150.88:9618?addrs=130.199.150.88-9618&alias=spool1569.sdcc.bnl.gov&noUDP&sock=startd_55407_b72c>
...
006 (16235385.1100.000) 2026-01-23 12:29:25 Image size of job updated: 109304
	77  -  MemoryUsage of job (MB)
	78188  -  ResidentSetSize of job (KB)
...
006 (16235385.1100.000) 2026-01-23 12:31:57 Image size of job updated: 423688
	77  -  MemoryUsage of job (MB)
	78188  -  ResidentSetSize of job (KB)
...
040 (16235385.1100.000) 2026-01-23 12:31:57 Started transferring output files
...
040 (16235385.1100.000) 2026-01-23 12:31:57 Finished transferring output files
...
005 (16235385.1100.000) 2026-01-23 12:31:57 Job terminated.
	(1) Normal termination (return value 0)
		Usr 0 00:02:38, Sys 0 00:00:02  -  Run Remote Usage
		Usr 0 00:00:00, Sys 0 00:00:00  -  Run Local Usage
		Usr 0 00:02:38, Sys 0 00:00:02  -  Total Remote Usage
		Usr 0 00:00:00, Sys 0 00:00:00  -  Total Local Usage
	109  -  Run Bytes Sent By Job
	148880  -  Run Bytes Received By Job
	109  -  Total Bytes Sent By Job
	148880  -  Total Bytes Received By Job
	Partitionable Resources :    Usage  Request Allocated 
	   Cpus                 :     1.00        1         1 
	   Disk (KB)            :   163     2097152   6681192 
	   Memory (MB)          :    77        4096      4096 
	   xferslots            :                           0 

	Job terminated of its own accord at 2026-01-23T17:31:57Z with exit-code 0.
...
