000 (15554417.762.000) 2026-01-07 12:44:34 Job submitted from host: <130.199.48.129:9618?addrs=130.199.48.129-9618&alias=rcas6009.rcf.bnl.gov&noUDP&sock=schedd_22421_101d>
...
040 (15554417.762.000) 2026-01-07 14:01:21 Started transferring input files
	Transferring to host: <130.199.151.6:9618?addrs=130.199.151.6-9618&alias=spool1584.sdcc.bnl.gov&noUDP&sock=slot1_58_55322_61bc_184728>
...
040 (15554417.762.000) 2026-01-07 14:01:21 Finished transferring input files
...
001 (15554417.762.000) 2026-01-07 14:01:22 Job executing on host: <130.199.151.6:9618?addrs=130.199.151.6-9618&alias=spool1584.sdcc.bnl.gov&noUDP&sock=startd_55314_483e>
...
006 (15554417.762.000) 2026-01-07 14:01:30 Image size of job updated: 106672
	74  -  MemoryUsage of job (MB)
	75776  -  ResidentSetSize of job (KB)
...
006 (15554417.762.000) 2026-01-07 14:06:30 Image size of job updated: 424712
	93  -  MemoryUsage of job (MB)
	94728  -  ResidentSetSize of job (KB)
...
040 (15554417.762.000) 2026-01-07 14:08:06 Started transferring output files
...
040 (15554417.762.000) 2026-01-07 14:08:06 Finished transferring output files
...
005 (15554417.762.000) 2026-01-07 14:08:06 Job terminated.
	(1) Normal termination (return value 0)
		Usr 0 00:06:37, Sys 0 00:00:05  -  Run Remote Usage
		Usr 0 00:00:00, Sys 0 00:00:00  -  Run Local Usage
		Usr 0 00:06:37, Sys 0 00:00:05  -  Total Remote Usage
		Usr 0 00:00:00, Sys 0 00:00:00  -  Total Local Usage
	205  -  Run Bytes Sent By Job
	144352  -  Run Bytes Received By Job
	205  -  Total Bytes Sent By Job
	144352  -  Total Bytes Received By Job
	Partitionable Resources :    Usage  Request Allocated 
	   Cpus                 :     1.00        1         1 
	   Disk (KB)            :   159     2097152   6681172 
	   Memory (MB)          :    93        4096      4096 
	   xferslots            :                           0 

	Job terminated of its own accord at 2026-01-07T19:08:05Z with exit-code 0.
...
