000 (15564188.1160.000) 2026-01-07 21:29:42 Job submitted from host: <130.199.48.129:9618?addrs=130.199.48.129-9618&alias=rcas6009.rcf.bnl.gov&noUDP&sock=schedd_22421_101d>
...
040 (15564188.1160.000) 2026-01-08 02:12:31 Started transferring input files
	Transferring to host: <130.199.186.19:9618?addrs=130.199.186.19-9618&alias=spool1816.sdcc.bnl.gov&noUDP&sock=slot1_68_94263_30c0_195925>
...
040 (15564188.1160.000) 2026-01-08 02:12:31 Finished transferring input files
...
001 (15564188.1160.000) 2026-01-08 02:12:32 Job executing on host: <130.199.186.19:9618?addrs=130.199.186.19-9618&alias=spool1816.sdcc.bnl.gov&noUDP&sock=startd_94255_9dfa>
...
006 (15564188.1160.000) 2026-01-08 02:12:40 Image size of job updated: 99356
	67  -  MemoryUsage of job (MB)
	68524  -  ResidentSetSize of job (KB)
...
006 (15564188.1160.000) 2026-01-08 02:16:38 Image size of job updated: 448836
	67  -  MemoryUsage of job (MB)
	68524  -  ResidentSetSize of job (KB)
...
040 (15564188.1160.000) 2026-01-08 02:16:38 Started transferring output files
...
040 (15564188.1160.000) 2026-01-08 02:16:38 Finished transferring output files
...
005 (15564188.1160.000) 2026-01-08 02:16:38 Job terminated.
	(1) Normal termination (return value 0)
		Usr 0 00:03:37, Sys 0 00:00:04  -  Run Remote Usage
		Usr 0 00:00:00, Sys 0 00:00:00  -  Run Local Usage
		Usr 0 00:03:37, Sys 0 00:00:04  -  Total Remote Usage
		Usr 0 00:00:00, Sys 0 00:00:00  -  Total Local Usage
	163  -  Run Bytes Sent By Job
	144352  -  Run Bytes Received By Job
	163  -  Total Bytes Sent By Job
	144352  -  Total Bytes Received By Job
	Partitionable Resources :    Usage  Request Allocated 
	   Cpus                 :     0.88        1         1 
	   Disk (KB)            :   159     2097152   6681579 
	   Memory (MB)          :    67        4096      4096 
	   xferslots            :                           0 

	Job terminated of its own accord at 2026-01-08T07:16:38Z with exit-code 0.
...
