000 (15554417.1015.000) 2026-01-07 12:44:35 Job submitted from host: <130.199.48.129:9618?addrs=130.199.48.129-9618&alias=rcas6009.rcf.bnl.gov&noUDP&sock=schedd_22421_101d>
...
040 (15554417.1015.000) 2026-01-07 14:10:23 Started transferring input files
	Transferring to host: <130.199.186.80:9618?addrs=130.199.186.80-9618&alias=spool1843.sdcc.bnl.gov&noUDP&sock=slot1_35_95651_2722_189110>
...
040 (15554417.1015.000) 2026-01-07 14:10:23 Finished transferring input files
...
001 (15554417.1015.000) 2026-01-07 14:10:24 Job executing on host: <130.199.186.80:9618?addrs=130.199.186.80-9618&alias=spool1843.sdcc.bnl.gov&noUDP&sock=startd_95642_95c8>
...
006 (15554417.1015.000) 2026-01-07 14:10:33 Image size of job updated: 384464
	93  -  MemoryUsage of job (MB)
	94660  -  ResidentSetSize of job (KB)
...
006 (15554417.1015.000) 2026-01-07 14:15:34 Image size of job updated: 424596
	96  -  MemoryUsage of job (MB)
	97860  -  ResidentSetSize of job (KB)
...
040 (15554417.1015.000) 2026-01-07 14:19:03 Started transferring output files
...
040 (15554417.1015.000) 2026-01-07 14:19:03 Finished transferring output files
...
005 (15554417.1015.000) 2026-01-07 14:19:03 Job terminated.
	(1) Normal termination (return value 0)
		Usr 0 00:08:30, Sys 0 00:00:06  -  Run Remote Usage
		Usr 0 00:00:00, Sys 0 00:00:00  -  Run Local Usage
		Usr 0 00:08:30, Sys 0 00:00:06  -  Total Remote Usage
		Usr 0 00:00:00, Sys 0 00:00:00  -  Total Local Usage
	219  -  Run Bytes Sent By Job
	144352  -  Run Bytes Received By Job
	219  -  Total Bytes Sent By Job
	144352  -  Total Bytes Received By Job
	Partitionable Resources :    Usage  Request Allocated 
	   Cpus                 :     1.00        1         1 
	   Disk (KB)            :   159     2097152   6681590 
	   Memory (MB)          :    96        4096      4096 
	   xferslots            :                           0 

	Job terminated of its own accord at 2026-01-07T19:19:03Z with exit-code 0.
...
