000 (15554417.135.000) 2026-01-07 12:44:32 Job submitted from host: <130.199.48.129:9618?addrs=130.199.48.129-9618&alias=rcas6009.rcf.bnl.gov&noUDP&sock=schedd_22421_101d>
...
040 (15554417.135.000) 2026-01-07 13:07:26 Started transferring input files
	Transferring to host: <130.199.151.10:9618?addrs=130.199.151.10-9618&alias=spool1588.sdcc.bnl.gov&noUDP&sock=slot1_73_94958_68fc_194324>
...
040 (15554417.135.000) 2026-01-07 13:07:26 Finished transferring input files
...
001 (15554417.135.000) 2026-01-07 13:07:27 Job executing on host: <130.199.151.10:9618?addrs=130.199.151.10-9618&alias=spool1588.sdcc.bnl.gov&noUDP&sock=startd_94950_9369>
...
006 (15554417.135.000) 2026-01-07 13:07:35 Image size of job updated: 420084
	80  -  MemoryUsage of job (MB)
	81828  -  ResidentSetSize of job (KB)
...
006 (15554417.135.000) 2026-01-07 13:12:35 Image size of job updated: 424864
	105  -  MemoryUsage of job (MB)
	107092  -  ResidentSetSize of job (KB)
...
040 (15554417.135.000) 2026-01-07 13:17:44 Started transferring output files
...
040 (15554417.135.000) 2026-01-07 13:17:44 Finished transferring output files
...
005 (15554417.135.000) 2026-01-07 13:17:45 Job terminated.
	(1) Normal termination (return value 0)
		Usr 0 00:10:09, Sys 0 00:00:07  -  Run Remote Usage
		Usr 0 00:00:00, Sys 0 00:00:00  -  Run Local Usage
		Usr 0 00:10:09, Sys 0 00:00:07  -  Total Remote Usage
		Usr 0 00:00:00, Sys 0 00:00:00  -  Total Local Usage
	275  -  Run Bytes Sent By Job
	144352  -  Run Bytes Received By Job
	275  -  Total Bytes Sent By Job
	144352  -  Total Bytes Received By Job
	Partitionable Resources :    Usage  Request Allocated 
	   Cpus                 :     1.00        1         1 
	   Disk (KB)            :   159     2097152   6681185 
	   Memory (MB)          :   105        4096      4096 
	   xferslots            :                           0 

	Job terminated of its own accord at 2026-01-07T18:17:44Z with exit-code 0.
...
