000 (15564188.523.000) 2026-01-07 21:29:40 Job submitted from host: <130.199.48.129:9618?addrs=130.199.48.129-9618&alias=rcas6009.rcf.bnl.gov&noUDP&sock=schedd_22421_101d>
...
040 (15564188.523.000) 2026-01-08 01:21:24 Started transferring input files
	Transferring to host: <130.199.151.30:9618?addrs=130.199.151.30-9618&alias=spool1608.sdcc.bnl.gov&noUDP&sock=slot1_23_96495_66a3_188680>
...
040 (15564188.523.000) 2026-01-08 01:21:24 Finished transferring input files
...
001 (15564188.523.000) 2026-01-08 01:21:25 Job executing on host: <130.199.151.30:9618?addrs=130.199.151.30-9618&alias=spool1608.sdcc.bnl.gov&noUDP&sock=startd_96487_0455>
...
006 (15564188.523.000) 2026-01-08 01:21:33 Image size of job updated: 107848
	74  -  MemoryUsage of job (MB)
	75376  -  ResidentSetSize of job (KB)
...
006 (15564188.523.000) 2026-01-08 01:26:34 Image size of job updated: 447916
	108  -  MemoryUsage of job (MB)
	109964  -  ResidentSetSize of job (KB)
...
040 (15564188.523.000) 2026-01-08 01:30:25 Started transferring output files
...
040 (15564188.523.000) 2026-01-08 01:30:25 Finished transferring output files
...
005 (15564188.523.000) 2026-01-08 01:30:25 Job terminated.
	(1) Normal termination (return value 0)
		Usr 0 00:08:09, Sys 0 00:00:08  -  Run Remote Usage
		Usr 0 00:00:00, Sys 0 00:00:00  -  Run Local Usage
		Usr 0 00:08:09, Sys 0 00:00:08  -  Total Remote Usage
		Usr 0 00:00:00, Sys 0 00:00:00  -  Total Local Usage
	219  -  Run Bytes Sent By Job
	144352  -  Run Bytes Received By Job
	219  -  Total Bytes Sent By Job
	144352  -  Total Bytes Received By Job
	Partitionable Resources :    Usage  Request Allocated 
	   Cpus                 :     0.92        1         1 
	   Disk (KB)            :   159     2097152   6681194 
	   Memory (MB)          :   108        4096      4096 
	   xferslots            :                           0 

	Job terminated of its own accord at 2026-01-08T06:30:25Z with exit-code 0.
...
