000 (15684821.058.000) 2026-01-19 15:56:20 Job submitted from host: <130.199.48.129:9618?addrs=130.199.48.129-9618&alias=rcas6009.rcf.bnl.gov&noUDP&sock=schedd_22421_101d>
...
040 (15684821.058.000) 2026-01-19 15:59:43 Started transferring input files
	Transferring to host: <130.199.186.80:9618?addrs=130.199.186.80-9618&alias=spool1843.sdcc.bnl.gov&noUDP&sock=slot1_50_95651_2722_241812>
...
040 (15684821.058.000) 2026-01-19 15:59:43 Finished transferring input files
...
001 (15684821.058.000) 2026-01-19 15:59:44 Job executing on host: <130.199.186.80:9618?addrs=130.199.186.80-9618&alias=spool1843.sdcc.bnl.gov&noUDP&sock=startd_95642_95c8>
...
006 (15684821.058.000) 2026-01-19 15:59:53 Image size of job updated: 99144
	66  -  MemoryUsage of job (MB)
	66664  -  ResidentSetSize of job (KB)
...
006 (15684821.058.000) 2026-01-19 16:00:17 Image size of job updated: 449752
	66  -  MemoryUsage of job (MB)
	66672  -  ResidentSetSize of job (KB)
...
040 (15684821.058.000) 2026-01-19 16:00:18 Started transferring output files
...
040 (15684821.058.000) 2026-01-19 16:00:18 Finished transferring output files
...
005 (15684821.058.000) 2026-01-19 16:00:18 Job terminated.
	(1) Normal termination (return value 0)
		Usr 0 00:00:28, Sys 0 00:00:01  -  Run Remote Usage
		Usr 0 00:00:00, Sys 0 00:00:00  -  Run Local Usage
		Usr 0 00:00:28, Sys 0 00:00:01  -  Total Remote Usage
		Usr 0 00:00:00, Sys 0 00:00:00  -  Total Local Usage
	44  -  Run Bytes Sent By Job
	148880  -  Run Bytes Received By Job
	44  -  Total Bytes Sent By Job
	148880  -  Total Bytes Received By Job
	Partitionable Resources :    Usage  Request Allocated 
	   Cpus                 :                 1         1 
	   Disk (KB)            :      157  2097152   6681590 
	   Memory (MB)          :       66     4096      4096 
	   xferslots            :                           0 

	Job terminated of its own accord at 2026-01-19T21:00:17Z with exit-code 0.
...
