000 (15560432.560.000) 2026-01-07 17:58:16 Job submitted from host: <130.199.48.129:9618?addrs=130.199.48.129-9618&alias=rcas6009.rcf.bnl.gov&noUDP&sock=schedd_22421_101d>
...
040 (15560432.560.000) 2026-01-07 20:50:12 Started transferring input files
	Transferring to host: <130.199.186.85:9618?addrs=130.199.186.85-9618&alias=spool1848.sdcc.bnl.gov&noUDP&sock=slot1_71_95890_a430_188761>
...
040 (15560432.560.000) 2026-01-07 20:50:12 Finished transferring input files
...
001 (15560432.560.000) 2026-01-07 20:50:13 Job executing on host: <130.199.186.85:9618?addrs=130.199.186.85-9618&alias=spool1848.sdcc.bnl.gov&noUDP&sock=startd_95881_39bf>
...
006 (15560432.560.000) 2026-01-07 20:50:22 Image size of job updated: 420052
	90  -  MemoryUsage of job (MB)
	91724  -  ResidentSetSize of job (KB)
...
006 (15560432.560.000) 2026-01-07 20:55:23 Image size of job updated: 424728
	91  -  MemoryUsage of job (MB)
	93072  -  ResidentSetSize of job (KB)
...
040 (15560432.560.000) 2026-01-07 20:55:32 Started transferring output files
...
040 (15560432.560.000) 2026-01-07 20:55:32 Finished transferring output files
...
005 (15560432.560.000) 2026-01-07 20:55:32 Job terminated.
	(1) Normal termination (return value 0)
		Usr 0 00:05:12, Sys 0 00:00:05  -  Run Remote Usage
		Usr 0 00:00:00, Sys 0 00:00:00  -  Run Local Usage
		Usr 0 00:05:12, Sys 0 00:00:05  -  Total Remote Usage
		Usr 0 00:00:00, Sys 0 00:00:00  -  Total Local Usage
	177  -  Run Bytes Sent By Job
	144352  -  Run Bytes Received By Job
	177  -  Total Bytes Sent By Job
	144352  -  Total Bytes Received By Job
	Partitionable Resources :    Usage  Request Allocated 
	   Cpus                 :     1.00        1         1 
	   Disk (KB)            :   159     2097152   6681608 
	   Memory (MB)          :    91        4096      4096 
	   xferslots            :                           0 

	Job terminated of its own accord at 2026-01-08T01:55:32Z with exit-code 0.
...
