000 (15554417.1035.000) 2026-01-07 12:44:35 Job submitted from host: <130.199.48.129:9618?addrs=130.199.48.129-9618&alias=rcas6009.rcf.bnl.gov&noUDP&sock=schedd_22421_101d>
...
040 (15554417.1035.000) 2026-01-07 14:11:10 Started transferring input files
	Transferring to host: <130.199.150.74:9618?addrs=130.199.150.74-9618&alias=spool1555.sdcc.bnl.gov&noUDP&sock=slot1_69_23207_33d9_179879>
...
040 (15554417.1035.000) 2026-01-07 14:11:10 Finished transferring input files
...
001 (15554417.1035.000) 2026-01-07 14:11:11 Job executing on host: <130.199.150.74:9618?addrs=130.199.150.74-9618&alias=spool1555.sdcc.bnl.gov&noUDP&sock=startd_23198_f940>
...
006 (15554417.1035.000) 2026-01-07 14:11:20 Image size of job updated: 421544
	95  -  MemoryUsage of job (MB)
	96980  -  ResidentSetSize of job (KB)
...
006 (15554417.1035.000) 2026-01-07 14:16:21 Image size of job updated: 450516
	112  -  MemoryUsage of job (MB)
	114484  -  ResidentSetSize of job (KB)
...
040 (15554417.1035.000) 2026-01-07 14:19:53 Started transferring output files
...
040 (15554417.1035.000) 2026-01-07 14:19:53 Finished transferring output files
...
005 (15554417.1035.000) 2026-01-07 14:19:53 Job terminated.
	(1) Normal termination (return value 0)
		Usr 0 00:08:33, Sys 0 00:00:07  -  Run Remote Usage
		Usr 0 00:00:00, Sys 0 00:00:00  -  Run Local Usage
		Usr 0 00:08:33, Sys 0 00:00:07  -  Total Remote Usage
		Usr 0 00:00:00, Sys 0 00:00:00  -  Total Local Usage
	219  -  Run Bytes Sent By Job
	144352  -  Run Bytes Received By Job
	219  -  Total Bytes Sent By Job
	144352  -  Total Bytes Received By Job
	Partitionable Resources :    Usage  Request Allocated 
	   Cpus                 :     0.99        1         1 
	   Disk (KB)            :   159     2097152   6681187 
	   Memory (MB)          :   112        4096      4096 
	   xferslots            :                           0 

	Job terminated of its own accord at 2026-01-07T19:19:52Z with exit-code 0.
...
