000 (15560432.803.000) 2026-01-07 17:58:17 Job submitted from host: <130.199.48.129:9618?addrs=130.199.48.129-9618&alias=rcas6009.rcf.bnl.gov&noUDP&sock=schedd_22421_101d>
...
040 (15560432.803.000) 2026-01-07 20:55:26 Started transferring input files
	Transferring to host: <130.199.150.95:9618?addrs=130.199.150.95-9618&alias=spool1576.sdcc.bnl.gov&noUDP&sock=slot1_72_24869_7fc2_184517>
...
040 (15560432.803.000) 2026-01-07 20:55:27 Finished transferring input files
...
001 (15560432.803.000) 2026-01-07 20:55:28 Job executing on host: <130.199.150.95:9618?addrs=130.199.150.95-9618&alias=spool1576.sdcc.bnl.gov&noUDP&sock=startd_24860_f9c4>
...
006 (15560432.803.000) 2026-01-07 20:55:36 Image size of job updated: 102660
	70  -  MemoryUsage of job (MB)
	71332  -  ResidentSetSize of job (KB)
...
006 (15560432.803.000) 2026-01-07 20:56:39 Image size of job updated: 424228
	70  -  MemoryUsage of job (MB)
	71332  -  ResidentSetSize of job (KB)
...
040 (15560432.803.000) 2026-01-07 20:56:39 Started transferring output files
...
040 (15560432.803.000) 2026-01-07 20:56:39 Finished transferring output files
...
005 (15560432.803.000) 2026-01-07 20:56:39 Job terminated.
	(1) Normal termination (return value 0)
		Usr 0 00:01:09, Sys 0 00:00:01  -  Run Remote Usage
		Usr 0 00:00:00, Sys 0 00:00:00  -  Run Local Usage
		Usr 0 00:01:09, Sys 0 00:00:01  -  Total Remote Usage
		Usr 0 00:00:00, Sys 0 00:00:00  -  Total Local Usage
	83  -  Run Bytes Sent By Job
	144352  -  Run Bytes Received By Job
	83  -  Total Bytes Sent By Job
	144352  -  Total Bytes Received By Job
	Partitionable Resources :    Usage  Request Allocated 
	   Cpus                 :                 1         1 
	   Disk (KB)            :      153  2097152   6681187 
	   Memory (MB)          :       70     4096      4096 
	   xferslots            :                           0 

	Job terminated of its own accord at 2026-01-08T01:56:39Z with exit-code 0.
...
