000 (16235385.793.000) 2026-01-23 10:57:29 Job submitted from host: <130.199.48.128:9618?addrs=130.199.48.128-9618&alias=rcas6008.rcf.bnl.gov&noUDP&sock=schedd_18725_535a>
...
040 (16235385.793.000) 2026-01-23 12:22:56 Started transferring input files
	Transferring to host: <130.199.151.28:9618?addrs=130.199.151.28-9618&alias=spool1606.sdcc.bnl.gov&noUDP&sock=slot1_1_25111_33f0_256235>
...
040 (16235385.793.000) 2026-01-23 12:22:56 Finished transferring input files
...
001 (16235385.793.000) 2026-01-23 12:22:57 Job executing on host: <130.199.151.28:9618?addrs=130.199.151.28-9618&alias=spool1606.sdcc.bnl.gov&noUDP&sock=startd_25102_90cb>
...
006 (16235385.793.000) 2026-01-23 12:23:05 Image size of job updated: 99844
	67  -  MemoryUsage of job (MB)
	68452  -  ResidentSetSize of job (KB)
...
006 (16235385.793.000) 2026-01-23 12:28:05 Image size of job updated: 424292
	90  -  MemoryUsage of job (MB)
	91856  -  ResidentSetSize of job (KB)
...
040 (16235385.793.000) 2026-01-23 12:31:55 Started transferring output files
...
040 (16235385.793.000) 2026-01-23 12:31:55 Finished transferring output files
...
005 (16235385.793.000) 2026-01-23 12:31:55 Job terminated.
	(1) Normal termination (return value 0)
		Usr 0 00:08:50, Sys 0 00:00:07  -  Run Remote Usage
		Usr 0 00:00:00, Sys 0 00:00:00  -  Run Local Usage
		Usr 0 00:08:50, Sys 0 00:00:07  -  Total Remote Usage
		Usr 0 00:00:00, Sys 0 00:00:00  -  Total Local Usage
	163  -  Run Bytes Sent By Job
	148880  -  Run Bytes Received By Job
	163  -  Total Bytes Sent By Job
	148880  -  Total Bytes Received By Job
	Partitionable Resources :    Usage  Request Allocated 
	   Cpus                 :     1.00        1         1 
	   Disk (KB)            :   163     2097152   6681186 
	   Memory (MB)          :    90        4096      4096 
	   xferslots            :                           0 

	Job terminated of its own accord at 2026-01-23T17:31:55Z with exit-code 0.
...
