000 (16235385.897.000) 2026-01-23 10:57:30 Job submitted from host: <130.199.48.128:9618?addrs=130.199.48.128-9618&alias=rcas6008.rcf.bnl.gov&noUDP&sock=schedd_18725_535a>
...
040 (16235385.897.000) 2026-01-23 12:25:34 Started transferring input files
	Transferring to host: <130.199.184.213:9618?addrs=130.199.184.213-9618&alias=spool1788.sdcc.bnl.gov&noUDP&sock=slot1_96_95861_39f8_267209>
...
040 (16235385.897.000) 2026-01-23 12:25:34 Finished transferring input files
...
001 (16235385.897.000) 2026-01-23 12:25:35 Job executing on host: <130.199.184.213:9618?addrs=130.199.184.213-9618&alias=spool1788.sdcc.bnl.gov&noUDP&sock=startd_95852_0c25>
...
006 (16235385.897.000) 2026-01-23 12:25:43 Image size of job updated: 343496
	68  -  MemoryUsage of job (MB)
	69452  -  ResidentSetSize of job (KB)
...
006 (16235385.897.000) 2026-01-23 12:30:43 Image size of job updated: 450352
	93  -  MemoryUsage of job (MB)
	95144  -  ResidentSetSize of job (KB)
...
040 (16235385.897.000) 2026-01-23 12:32:07 Started transferring output files
...
040 (16235385.897.000) 2026-01-23 12:32:07 Finished transferring output files
...
005 (16235385.897.000) 2026-01-23 12:32:07 Job terminated.
	(1) Normal termination (return value 0)
		Usr 0 00:06:27, Sys 0 00:00:04  -  Run Remote Usage
		Usr 0 00:00:00, Sys 0 00:00:00  -  Run Local Usage
		Usr 0 00:06:27, Sys 0 00:00:04  -  Total Remote Usage
		Usr 0 00:00:00, Sys 0 00:00:00  -  Total Local Usage
	149  -  Run Bytes Sent By Job
	148880  -  Run Bytes Received By Job
	149  -  Total Bytes Sent By Job
	148880  -  Total Bytes Received By Job
	Partitionable Resources :    Usage  Request Allocated 
	   Cpus                 :     1.00        1         1 
	   Disk (KB)            :   163     2097152   6681567 
	   Memory (MB)          :    93        4096      4096 
	   xferslots            :                           0 

	Job terminated of its own accord at 2026-01-23T17:32:07Z with exit-code 0.
...
