000 (15560432.240.000) 2026-01-07 17:58:15 Job submitted from host: <130.199.48.129:9618?addrs=130.199.48.129-9618&alias=rcas6009.rcf.bnl.gov&noUDP&sock=schedd_22421_101d>
...
040 (15560432.240.000) 2026-01-07 19:31:18 Started transferring input files
	Transferring to host: <130.199.184.210:9618?addrs=130.199.184.210-9618&alias=spool1785.sdcc.bnl.gov&noUDP&sock=slot1_77_95855_cbb7_191066>
...
040 (15560432.240.000) 2026-01-07 19:31:18 Finished transferring input files
...
001 (15560432.240.000) 2026-01-07 19:31:19 Job executing on host: <130.199.184.210:9618?addrs=130.199.184.210-9618&alias=spool1785.sdcc.bnl.gov&noUDP&sock=startd_95846_2605>
...
006 (15560432.240.000) 2026-01-07 19:31:28 Image size of job updated: 635748
	92  -  MemoryUsage of job (MB)
	93284  -  ResidentSetSize of job (KB)
...
006 (15560432.240.000) 2026-01-07 19:36:29 Image size of job updated: 694028
	124  -  MemoryUsage of job (MB)
	126664  -  ResidentSetSize of job (KB)
...
006 (15560432.240.000) 2026-01-07 19:41:30 Image size of job updated: 694028
	127  -  MemoryUsage of job (MB)
	129200  -  ResidentSetSize of job (KB)
...
006 (15560432.240.000) 2026-01-07 19:46:30 Image size of job updated: 694028
	127  -  MemoryUsage of job (MB)
	129596  -  ResidentSetSize of job (KB)
...
040 (15560432.240.000) 2026-01-07 19:57:44 Started transferring output files
...
040 (15560432.240.000) 2026-01-07 19:57:44 Finished transferring output files
...
005 (15560432.240.000) 2026-01-07 19:57:44 Job terminated.
	(1) Normal termination (return value 0)
		Usr 0 00:24:45, Sys 0 00:01:29  -  Run Remote Usage
		Usr 0 00:00:00, Sys 0 00:00:00  -  Run Local Usage
		Usr 0 00:24:45, Sys 0 00:01:29  -  Total Remote Usage
		Usr 0 00:00:00, Sys 0 00:00:00  -  Total Local Usage
	359  -  Run Bytes Sent By Job
	144352  -  Run Bytes Received By Job
	359  -  Total Bytes Sent By Job
	144352  -  Total Bytes Received By Job
	Partitionable Resources :    Usage  Request Allocated 
	   Cpus                 :     0.99        1         1 
	   Disk (KB)            :   159     2097152   6681617 
	   Memory (MB)          :   127        4096      4096 
	   xferslots            :                           0 

	Job terminated of its own accord at 2026-01-08T00:57:44Z with exit-code 0.
...
