000 (15684821.992.000) 2026-01-19 15:56:22 Job submitted from host: <130.199.48.129:9618?addrs=130.199.48.129-9618&alias=rcas6009.rcf.bnl.gov&noUDP&sock=schedd_22421_101d>
...
040 (15684821.992.000) 2026-01-19 16:30:42 Started transferring input files
	Transferring to host: <130.199.184.215:9618?addrs=130.199.184.215-9618&alias=spool1790.sdcc.bnl.gov&noUDP&sock=slot1_39_94070_aba1_253559>
...
040 (15684821.992.000) 2026-01-19 16:30:42 Finished transferring input files
...
001 (15684821.992.000) 2026-01-19 16:30:43 Job executing on host: <130.199.184.215:9618?addrs=130.199.184.215-9618&alias=spool1790.sdcc.bnl.gov&noUDP&sock=startd_94061_37f3>
...
006 (15684821.992.000) 2026-01-19 16:30:52 Image size of job updated: 498252
	77  -  MemoryUsage of job (MB)
	78788  -  ResidentSetSize of job (KB)
...
006 (15684821.992.000) 2026-01-19 16:35:52 Image size of job updated: 498252
	99  -  MemoryUsage of job (MB)
	101292  -  ResidentSetSize of job (KB)
...
040 (15684821.992.000) 2026-01-19 16:54:11 Started transferring output files
...
040 (15684821.992.000) 2026-01-19 16:54:11 Finished transferring output files
...
005 (15684821.992.000) 2026-01-19 16:54:11 Job terminated.
	(1) Normal termination (return value 0)
		Usr 0 00:21:32, Sys 0 00:00:18  -  Run Remote Usage
		Usr 0 00:00:00, Sys 0 00:00:00  -  Run Local Usage
		Usr 0 00:21:32, Sys 0 00:00:18  -  Total Remote Usage
		Usr 0 00:00:00, Sys 0 00:00:00  -  Total Local Usage
	233  -  Run Bytes Sent By Job
	148880  -  Run Bytes Received By Job
	233  -  Total Bytes Sent By Job
	148880  -  Total Bytes Received By Job
	Partitionable Resources :    Usage  Request Allocated 
	   Cpus                 :     0.89        1         1 
	   Disk (KB)            :   163     2097152   6681575 
	   Memory (MB)          :    99        4096      4096 
	   xferslots            :                           0 

	Job terminated of its own accord at 2026-01-19T21:54:11Z with exit-code 0.
...
