000 (16235385.559.000) 2026-01-23 10:57:28 Job submitted from host: <130.199.48.128:9618?addrs=130.199.48.128-9618&alias=rcas6008.rcf.bnl.gov&noUDP&sock=schedd_18725_535a>
...
040 (16235385.559.000) 2026-01-23 12:12:34 Started transferring input files
	Transferring to host: <130.199.186.23:9618?addrs=130.199.186.23-9618&alias=spool1820.sdcc.bnl.gov&noUDP&sock=slot1_86_94137_2573_262322>
...
040 (16235385.559.000) 2026-01-23 12:12:34 Finished transferring input files
...
001 (16235385.559.000) 2026-01-23 12:12:35 Job executing on host: <130.199.186.23:9618?addrs=130.199.186.23-9618&alias=spool1820.sdcc.bnl.gov&noUDP&sock=startd_94129_bd5c>
...
006 (16235385.559.000) 2026-01-23 12:12:44 Image size of job updated: 420076
	73  -  MemoryUsage of job (MB)
	74216  -  ResidentSetSize of job (KB)
...
006 (16235385.559.000) 2026-01-23 12:17:45 Image size of job updated: 448124
	112  -  MemoryUsage of job (MB)
	114068  -  ResidentSetSize of job (KB)
...
006 (16235385.559.000) 2026-01-23 12:22:45 Image size of job updated: 448124
	112  -  MemoryUsage of job (MB)
	114072  -  ResidentSetSize of job (KB)
...
040 (16235385.559.000) 2026-01-23 12:26:43 Started transferring output files
...
040 (16235385.559.000) 2026-01-23 12:26:43 Finished transferring output files
...
005 (16235385.559.000) 2026-01-23 12:26:44 Job terminated.
	(1) Normal termination (return value 0)
		Usr 0 00:13:50, Sys 0 00:00:09  -  Run Remote Usage
		Usr 0 00:00:00, Sys 0 00:00:00  -  Run Local Usage
		Usr 0 00:13:50, Sys 0 00:00:09  -  Total Remote Usage
		Usr 0 00:00:00, Sys 0 00:00:00  -  Total Local Usage
	233  -  Run Bytes Sent By Job
	148880  -  Run Bytes Received By Job
	233  -  Total Bytes Sent By Job
	148880  -  Total Bytes Received By Job
	Partitionable Resources :    Usage  Request Allocated 
	   Cpus                 :     1.00        1         1 
	   Disk (KB)            :   164     2097152   6681582 
	   Memory (MB)          :   112        4096      4096 
	   xferslots            :                           0 

	Job terminated of its own accord at 2026-01-23T17:26:43Z with exit-code 0.
...
