000 (15690120.055.000) 2026-01-20 07:35:54 Job submitted from host: <130.199.48.129:9618?addrs=130.199.48.129-9618&alias=rcas6009.rcf.bnl.gov&noUDP&sock=schedd_22421_101d>
...
040 (15690120.055.000) 2026-01-20 21:25:25 Started transferring input files
	Transferring to host: <130.199.150.72:9618?addrs=130.199.150.72-9618&alias=spool1553.sdcc.bnl.gov&noUDP&sock=slot1_67_35675_244e_245118>
...
040 (15690120.055.000) 2026-01-20 21:25:25 Finished transferring input files
...
001 (15690120.055.000) 2026-01-20 21:25:26 Job executing on host: <130.199.150.72:9618?addrs=130.199.150.72-9618&alias=spool1553.sdcc.bnl.gov&noUDP&sock=startd_35666_f030>
...
006 (15690120.055.000) 2026-01-20 21:25:35 Image size of job updated: 117408
	97  -  MemoryUsage of job (MB)
	98496  -  ResidentSetSize of job (KB)
...
006 (15690120.055.000) 2026-01-20 21:30:35 Image size of job updated: 447820
	118  -  MemoryUsage of job (MB)
	119880  -  ResidentSetSize of job (KB)
...
040 (15690120.055.000) 2026-01-20 21:49:16 Started transferring output files
...
040 (15690120.055.000) 2026-01-20 21:49:16 Finished transferring output files
...
005 (15690120.055.000) 2026-01-20 21:49:16 Job terminated.
	(1) Normal termination (return value 0)
		Usr 0 00:23:21, Sys 0 00:00:16  -  Run Remote Usage
		Usr 0 00:00:00, Sys 0 00:00:00  -  Run Local Usage
		Usr 0 00:23:21, Sys 0 00:00:16  -  Total Remote Usage
		Usr 0 00:00:00, Sys 0 00:00:00  -  Total Local Usage
	247  -  Run Bytes Sent By Job
	148880  -  Run Bytes Received By Job
	247  -  Total Bytes Sent By Job
	148880  -  Total Bytes Received By Job
	Partitionable Resources :    Usage  Request Allocated 
	   Cpus                 :     0.98        1         1 
	   Disk (KB)            :   163     2097152   6681183 
	   Memory (MB)          :   118        4096      4096 
	   xferslots            :                           0 

	Job terminated of its own accord at 2026-01-21T02:49:15Z with exit-code 0.
...
