000 (15564188.586.000) 2026-01-07 21:29:40 Job submitted from host: <130.199.48.129:9618?addrs=130.199.48.129-9618&alias=rcas6009.rcf.bnl.gov&noUDP&sock=schedd_22421_101d>
...
040 (15564188.586.000) 2026-01-08 01:31:09 Started transferring input files
	Transferring to host: <130.199.151.30:9618?addrs=130.199.151.30-9618&alias=spool1608.sdcc.bnl.gov&noUDP&sock=slot1_23_96495_66a3_188714>
...
040 (15564188.586.000) 2026-01-08 01:31:09 Finished transferring input files
...
001 (15564188.586.000) 2026-01-08 01:31:10 Job executing on host: <130.199.151.30:9618?addrs=130.199.151.30-9618&alias=spool1608.sdcc.bnl.gov&noUDP&sock=startd_96487_0455>
...
006 (15564188.586.000) 2026-01-08 01:31:18 Image size of job updated: 109712
	76  -  MemoryUsage of job (MB)
	77244  -  ResidentSetSize of job (KB)
...
006 (15564188.586.000) 2026-01-08 01:36:18 Image size of job updated: 448024
	113  -  MemoryUsage of job (MB)
	115660  -  ResidentSetSize of job (KB)
...
040 (15564188.586.000) 2026-01-08 01:42:14 Started transferring output files
...
040 (15564188.586.000) 2026-01-08 01:42:14 Finished transferring output files
...
005 (15564188.586.000) 2026-01-08 01:42:14 Job terminated.
	(1) Normal termination (return value 0)
		Usr 0 00:09:58, Sys 0 00:00:09  -  Run Remote Usage
		Usr 0 00:00:00, Sys 0 00:00:00  -  Run Local Usage
		Usr 0 00:09:58, Sys 0 00:00:09  -  Total Remote Usage
		Usr 0 00:00:00, Sys 0 00:00:00  -  Total Local Usage
	233  -  Run Bytes Sent By Job
	144352  -  Run Bytes Received By Job
	233  -  Total Bytes Sent By Job
	144352  -  Total Bytes Received By Job
	Partitionable Resources :    Usage  Request Allocated 
	   Cpus                 :     0.90        1         1 
	   Disk (KB)            :   159     2097152   6681194 
	   Memory (MB)          :   113        4096      4096 
	   xferslots            :                           0 

	Job terminated of its own accord at 2026-01-08T06:42:14Z with exit-code 0.
...
