000 (15684821.232.000) 2026-01-19 15:56:20 Job submitted from host: <130.199.48.129:9618?addrs=130.199.48.129-9618&alias=rcas6009.rcf.bnl.gov&noUDP&sock=schedd_22421_101d>
...
040 (15684821.232.000) 2026-01-19 16:11:22 Started transferring input files
	Transferring to host: <130.199.184.220:9618?addrs=130.199.184.220-9618&alias=spool1795.sdcc.bnl.gov&noUDP&sock=slot1_18_94169_c6cc_239391>
...
040 (15684821.232.000) 2026-01-19 16:11:22 Finished transferring input files
...
001 (15684821.232.000) 2026-01-19 16:11:23 Job executing on host: <130.199.184.220:9618?addrs=130.199.184.220-9618&alias=spool1795.sdcc.bnl.gov&noUDP&sock=startd_94161_de06>
...
006 (15684821.232.000) 2026-01-19 16:11:32 Image size of job updated: 330464
	62  -  MemoryUsage of job (MB)
	63252  -  ResidentSetSize of job (KB)
...
006 (15684821.232.000) 2026-01-19 16:15:25 Image size of job updated: 448688
	62  -  MemoryUsage of job (MB)
	63252  -  ResidentSetSize of job (KB)
...
040 (15684821.232.000) 2026-01-19 16:15:25 Started transferring output files
...
040 (15684821.232.000) 2026-01-19 16:15:25 Finished transferring output files
...
005 (15684821.232.000) 2026-01-19 16:15:26 Job terminated.
	(1) Normal termination (return value 0)
		Usr 0 00:03:38, Sys 0 00:00:03  -  Run Remote Usage
		Usr 0 00:00:00, Sys 0 00:00:00  -  Run Local Usage
		Usr 0 00:03:38, Sys 0 00:00:03  -  Total Remote Usage
		Usr 0 00:00:00, Sys 0 00:00:00  -  Total Local Usage
	109  -  Run Bytes Sent By Job
	148880  -  Run Bytes Received By Job
	109  -  Total Bytes Sent By Job
	148880  -  Total Bytes Received By Job
	Partitionable Resources :    Usage  Request Allocated 
	   Cpus                 :     0.90        1         1 
	   Disk (KB)            :   163     2097152   6681583 
	   Memory (MB)          :    62        4096      4096 
	   xferslots            :                           0 

	Job terminated of its own accord at 2026-01-19T21:15:25Z with exit-code 0.
...
