000 (15690120.424.000) 2026-01-20 07:35:55 Job submitted from host: <130.199.48.129:9618?addrs=130.199.48.129-9618&alias=rcas6009.rcf.bnl.gov&noUDP&sock=schedd_22421_101d>
...
040 (15690120.424.000) 2026-01-21 08:46:58 Started transferring input files
	Transferring to host: <130.199.151.25:9618?addrs=130.199.151.25-9618&alias=spool1603.sdcc.bnl.gov&noUDP&sock=slot1_24_96814_f70e_244302>
...
040 (15690120.424.000) 2026-01-21 08:46:58 Finished transferring input files
...
001 (15690120.424.000) 2026-01-21 08:46:59 Job executing on host: <130.199.151.25:9618?addrs=130.199.151.25-9618&alias=spool1603.sdcc.bnl.gov&noUDP&sock=startd_96805_a8ef>
...
006 (15690120.424.000) 2026-01-21 08:47:08 Image size of job updated: 342736
	84  -  MemoryUsage of job (MB)
	85424  -  ResidentSetSize of job (KB)
...
006 (15690120.424.000) 2026-01-21 08:52:09 Image size of job updated: 447920
	98  -  MemoryUsage of job (MB)
	100064  -  ResidentSetSize of job (KB)
...
040 (15690120.424.000) 2026-01-21 08:58:10 Started transferring output files
...
040 (15690120.424.000) 2026-01-21 08:58:11 Finished transferring output files
...
005 (15690120.424.000) 2026-01-21 08:58:11 Job terminated.
	(1) Normal termination (return value 0)
		Usr 0 00:10:59, Sys 0 00:00:08  -  Run Remote Usage
		Usr 0 00:00:00, Sys 0 00:00:00  -  Run Local Usage
		Usr 0 00:10:59, Sys 0 00:00:08  -  Total Remote Usage
		Usr 0 00:00:00, Sys 0 00:00:00  -  Total Local Usage
	177  -  Run Bytes Sent By Job
	148880  -  Run Bytes Received By Job
	177  -  Total Bytes Sent By Job
	148880  -  Total Bytes Received By Job
	Partitionable Resources :    Usage  Request Allocated 
	   Cpus                 :     0.98        1         1 
	   Disk (KB)            :   163     2097152   6681219 
	   Memory (MB)          :    98        4096      4096 
	   xferslots            :                           0 

	Job terminated of its own accord at 2026-01-21T13:58:10Z with exit-code 0.
...
