000 (15690120.981.000) 2026-01-20 07:35:57 Job submitted from host: <130.199.48.129:9618?addrs=130.199.48.129-9618&alias=rcas6009.rcf.bnl.gov&noUDP&sock=schedd_22421_101d>
...
040 (15690120.981.000) 2026-01-21 14:23:09 Started transferring input files
	Transferring to host: <130.199.184.151:9618?addrs=130.199.184.151-9618&alias=spool1760.sdcc.bnl.gov&noUDP&sock=slot1_65_32549_c2d0_245552>
...
040 (15690120.981.000) 2026-01-21 14:23:09 Finished transferring input files
...
001 (15690120.981.000) 2026-01-21 14:23:10 Job executing on host: <130.199.184.151:9618?addrs=130.199.184.151-9618&alias=spool1760.sdcc.bnl.gov&noUDP&sock=startd_32541_ea49>
...
006 (15690120.981.000) 2026-01-21 14:23:18 Image size of job updated: 346992
	77  -  MemoryUsage of job (MB)
	78760  -  ResidentSetSize of job (KB)
...
006 (15690120.981.000) 2026-01-21 14:28:18 Image size of job updated: 424500
	98  -  MemoryUsage of job (MB)
	100108  -  ResidentSetSize of job (KB)
...
006 (15690120.981.000) 2026-01-21 14:33:19 Image size of job updated: 424500
	98  -  MemoryUsage of job (MB)
	100148  -  ResidentSetSize of job (KB)
...
006 (15690120.981.000) 2026-01-21 14:38:20 Image size of job updated: 424500
	98  -  MemoryUsage of job (MB)
	100160  -  ResidentSetSize of job (KB)
...
006 (15690120.981.000) 2026-01-21 14:43:20 Image size of job updated: 424500
	98  -  MemoryUsage of job (MB)
	100168  -  ResidentSetSize of job (KB)
...
040 (15690120.981.000) 2026-01-21 14:46:15 Started transferring output files
...
040 (15690120.981.000) 2026-01-21 14:46:15 Finished transferring output files
...
005 (15690120.981.000) 2026-01-21 14:46:15 Job terminated.
	(1) Normal termination (return value 0)
		Usr 0 00:22:48, Sys 0 00:00:13  -  Run Remote Usage
		Usr 0 00:00:00, Sys 0 00:00:00  -  Run Local Usage
		Usr 0 00:22:48, Sys 0 00:00:13  -  Total Remote Usage
		Usr 0 00:00:00, Sys 0 00:00:00  -  Total Local Usage
	233  -  Run Bytes Sent By Job
	148880  -  Run Bytes Received By Job
	233  -  Total Bytes Sent By Job
	148880  -  Total Bytes Received By Job
	Partitionable Resources :    Usage  Request Allocated 
	   Cpus                 :     0.99        1         1 
	   Disk (KB)            :   164     2097152   6681582 
	   Memory (MB)          :    98        4096      4096 
	   xferslots            :                           0 

	Job terminated of its own accord at 2026-01-21T19:46:14Z with exit-code 0.
...
