000 (15697407.320.000) 2026-01-21 18:36:41 Job submitted from host: <130.199.48.129:9618?addrs=130.199.48.129-9618&alias=rcas6009.rcf.bnl.gov&noUDP&sock=schedd_22421_101d>
...
040 (15697407.320.000) 2026-01-22 05:25:21 Started transferring input files
	Transferring to host: <130.199.186.82:9618?addrs=130.199.186.82-9618&alias=spool1845.sdcc.bnl.gov&noUDP&sock=slot1_47_95953_29d6_276764>
...
040 (15697407.320.000) 2026-01-22 05:25:21 Finished transferring input files
...
001 (15697407.320.000) 2026-01-22 05:25:22 Job executing on host: <130.199.186.82:9618?addrs=130.199.186.82-9618&alias=spool1845.sdcc.bnl.gov&noUDP&sock=startd_95944_2a0e>
...
006 (15697407.320.000) 2026-01-22 05:25:32 Image size of job updated: 420008
	93  -  MemoryUsage of job (MB)
	94532  -  ResidentSetSize of job (KB)
...
006 (15697407.320.000) 2026-01-22 05:30:32 Image size of job updated: 448516
	111  -  MemoryUsage of job (MB)
	113596  -  ResidentSetSize of job (KB)
...
040 (15697407.320.000) 2026-01-22 05:41:49 Started transferring output files
...
040 (15697407.320.000) 2026-01-22 05:41:49 Finished transferring output files
...
005 (15697407.320.000) 2026-01-22 05:41:49 Job terminated.
	(1) Normal termination (return value 0)
		Usr 0 00:16:12, Sys 0 00:00:13  -  Run Remote Usage
		Usr 0 00:00:00, Sys 0 00:00:00  -  Run Local Usage
		Usr 0 00:16:12, Sys 0 00:00:13  -  Total Remote Usage
		Usr 0 00:00:00, Sys 0 00:00:00  -  Total Local Usage
	219  -  Run Bytes Sent By Job
	148880  -  Run Bytes Received By Job
	219  -  Total Bytes Sent By Job
	148880  -  Total Bytes Received By Job
	Partitionable Resources :    Usage  Request Allocated 
	   Cpus                 :     1.00        1         1 
	   Disk (KB)            :   163     2097152   6681560 
	   Memory (MB)          :   111        4096      4096 
	   xferslots            :                           0 

	Job terminated of its own accord at 2026-01-22T10:41:49Z with exit-code 0.
...
