000 (15690120.264.000) 2026-01-20 07:35:55 Job submitted from host: <130.199.48.129:9618?addrs=130.199.48.129-9618&alias=rcas6009.rcf.bnl.gov&noUDP&sock=schedd_22421_101d>
...
040 (15690120.264.000) 2026-01-21 03:13:01 Started transferring input files
	Transferring to host: <130.199.184.213:9618?addrs=130.199.184.213-9618&alias=spool1788.sdcc.bnl.gov&noUDP&sock=slot1_79_95861_39f8_255645>
...
040 (15690120.264.000) 2026-01-21 03:13:01 Finished transferring input files
...
001 (15690120.264.000) 2026-01-21 03:13:02 Job executing on host: <130.199.184.213:9618?addrs=130.199.184.213-9618&alias=spool1788.sdcc.bnl.gov&noUDP&sock=startd_95852_0c25>
...
006 (15690120.264.000) 2026-01-21 03:13:10 Image size of job updated: 421872
	78  -  MemoryUsage of job (MB)
	79816  -  ResidentSetSize of job (KB)
...
006 (15690120.264.000) 2026-01-21 03:18:10 Image size of job updated: 424352
	99  -  MemoryUsage of job (MB)
	101340  -  ResidentSetSize of job (KB)
...
006 (15690120.264.000) 2026-01-21 03:23:11 Image size of job updated: 424352
	100  -  MemoryUsage of job (MB)
	101384  -  ResidentSetSize of job (KB)
...
006 (15690120.264.000) 2026-01-21 03:33:12 Image size of job updated: 424352
	100  -  MemoryUsage of job (MB)
	101388  -  ResidentSetSize of job (KB)
...
040 (15690120.264.000) 2026-01-21 03:34:30 Started transferring output files
...
040 (15690120.264.000) 2026-01-21 03:34:30 Finished transferring output files
...
005 (15690120.264.000) 2026-01-21 03:34:30 Job terminated.
	(1) Normal termination (return value 0)
		Usr 0 00:21:03, Sys 0 00:00:14  -  Run Remote Usage
		Usr 0 00:00:00, Sys 0 00:00:00  -  Run Local Usage
		Usr 0 00:21:03, Sys 0 00:00:14  -  Total Remote Usage
		Usr 0 00:00:00, Sys 0 00:00:00  -  Total Local Usage
	233  -  Run Bytes Sent By Job
	148880  -  Run Bytes Received By Job
	233  -  Total Bytes Sent By Job
	148880  -  Total Bytes Received By Job
	Partitionable Resources :    Usage  Request Allocated 
	   Cpus                 :     0.99        1         1 
	   Disk (KB)            :   163     2097152   6681567 
	   Memory (MB)          :   100        4096      4096 
	   xferslots            :                           0 

	Job terminated of its own accord at 2026-01-21T08:34:30Z with exit-code 0.
...
