000 (15684821.1090.000) 2026-01-19 15:56:23 Job submitted from host: <130.199.48.129:9618?addrs=130.199.48.129-9618&alias=rcas6009.rcf.bnl.gov&noUDP&sock=schedd_22421_101d>
...
040 (15684821.1090.000) 2026-01-19 16:31:10 Started transferring input files
	Transferring to host: <130.199.184.194:9618?addrs=130.199.184.194-9618&alias=spool1769.sdcc.bnl.gov&noUDP&sock=slot1_2_95939_d340_244921>
...
040 (15684821.1090.000) 2026-01-19 16:31:10 Finished transferring input files
...
001 (15684821.1090.000) 2026-01-19 16:31:11 Job executing on host: <130.199.184.194:9618?addrs=130.199.184.194-9618&alias=spool1769.sdcc.bnl.gov&noUDP&sock=startd_95928_19b9>
...
006 (15684821.1090.000) 2026-01-19 16:31:20 Image size of job updated: 104840
	74  -  MemoryUsage of job (MB)
	75480  -  ResidentSetSize of job (KB)
...
006 (15684821.1090.000) 2026-01-19 16:35:13 Image size of job updated: 448696
	74  -  MemoryUsage of job (MB)
	75480  -  ResidentSetSize of job (KB)
...
040 (15684821.1090.000) 2026-01-19 16:35:13 Started transferring output files
...
040 (15684821.1090.000) 2026-01-19 16:35:13 Finished transferring output files
...
005 (15684821.1090.000) 2026-01-19 16:35:13 Job terminated.
	(1) Normal termination (return value 0)
		Usr 0 00:03:50, Sys 0 00:00:03  -  Run Remote Usage
		Usr 0 00:00:00, Sys 0 00:00:00  -  Run Local Usage
		Usr 0 00:03:50, Sys 0 00:00:03  -  Total Remote Usage
		Usr 0 00:00:00, Sys 0 00:00:00  -  Total Local Usage
	122  -  Run Bytes Sent By Job
	148880  -  Run Bytes Received By Job
	122  -  Total Bytes Sent By Job
	148880  -  Total Bytes Received By Job
	Partitionable Resources :    Usage  Request Allocated 
	   Cpus                 :     0.94        1         1 
	   Disk (KB)            :   163     2097152   6681581 
	   Memory (MB)          :    74        4096      4096 
	   xferslots            :                           0 

	Job terminated of its own accord at 2026-01-19T21:35:13Z with exit-code 0.
...
