000 (15564188.836.000) 2026-01-07 21:29:41 Job submitted from host: <130.199.48.129:9618?addrs=130.199.48.129-9618&alias=rcas6009.rcf.bnl.gov&noUDP&sock=schedd_22421_101d>
...
040 (15564188.836.000) 2026-01-08 01:53:39 Started transferring input files
	Transferring to host: <130.199.184.155:9618?addrs=130.199.184.155-9618&alias=spool1764.sdcc.bnl.gov&noUDP&sock=slot1_71_4372_9493_189188>
...
040 (15564188.836.000) 2026-01-08 01:53:39 Finished transferring input files
...
001 (15564188.836.000) 2026-01-08 01:53:40 Job executing on host: <130.199.184.155:9618?addrs=130.199.184.155-9618&alias=spool1764.sdcc.bnl.gov&noUDP&sock=startd_4355_66ea>
...
006 (15564188.836.000) 2026-01-08 01:53:49 Image size of job updated: 106116
	74  -  MemoryUsage of job (MB)
	75136  -  ResidentSetSize of job (KB)
...
006 (15564188.836.000) 2026-01-08 01:56:29 Image size of job updated: 447880
	74  -  MemoryUsage of job (MB)
	75136  -  ResidentSetSize of job (KB)
...
040 (15564188.836.000) 2026-01-08 01:56:29 Started transferring output files
...
040 (15564188.836.000) 2026-01-08 01:56:29 Finished transferring output files
...
005 (15564188.836.000) 2026-01-08 01:56:29 Job terminated.
	(1) Normal termination (return value 0)
		Usr 0 00:02:30, Sys 0 00:00:03  -  Run Remote Usage
		Usr 0 00:00:00, Sys 0 00:00:00  -  Run Local Usage
		Usr 0 00:02:30, Sys 0 00:00:03  -  Total Remote Usage
		Usr 0 00:00:00, Sys 0 00:00:00  -  Total Local Usage
	109  -  Run Bytes Sent By Job
	144352  -  Run Bytes Received By Job
	109  -  Total Bytes Sent By Job
	144352  -  Total Bytes Received By Job
	Partitionable Resources :    Usage  Request Allocated 
	   Cpus                 :                 1         1 
	   Disk (KB)            :      152  2097152   6681581 
	   Memory (MB)          :       74     4096      4096 
	   xferslots            :                           0 

	Job terminated of its own accord at 2026-01-08T06:56:29Z with exit-code 0.
...
