000 (15564188.1198.000) 2026-01-07 21:29:42 Job submitted from host: <130.199.48.129:9618?addrs=130.199.48.129-9618&alias=rcas6009.rcf.bnl.gov&noUDP&sock=schedd_22421_101d>
...
040 (15564188.1198.000) 2026-01-08 02:13:26 Started transferring input files
	Transferring to host: <130.199.186.25:9618?addrs=130.199.186.25-9618&alias=spool1822.sdcc.bnl.gov&noUDP&sock=slot1_21_93977_feb8_185961>
...
040 (15564188.1198.000) 2026-01-08 02:13:26 Finished transferring input files
...
001 (15564188.1198.000) 2026-01-08 02:13:27 Job executing on host: <130.199.186.25:9618?addrs=130.199.186.25-9618&alias=spool1822.sdcc.bnl.gov&noUDP&sock=startd_93968_c904>
...
006 (15564188.1198.000) 2026-01-08 02:13:36 Image size of job updated: 421616
	80  -  MemoryUsage of job (MB)
	81404  -  ResidentSetSize of job (KB)
...
006 (15564188.1198.000) 2026-01-08 02:17:04 Image size of job updated: 448864
	80  -  MemoryUsage of job (MB)
	81404  -  ResidentSetSize of job (KB)
...
040 (15564188.1198.000) 2026-01-08 02:17:05 Started transferring output files
...
040 (15564188.1198.000) 2026-01-08 02:17:05 Finished transferring output files
...
005 (15564188.1198.000) 2026-01-08 02:17:05 Job terminated.
	(1) Normal termination (return value 0)
		Usr 0 00:03:19, Sys 0 00:00:03  -  Run Remote Usage
		Usr 0 00:00:00, Sys 0 00:00:00  -  Run Local Usage
		Usr 0 00:03:19, Sys 0 00:00:03  -  Total Remote Usage
		Usr 0 00:00:00, Sys 0 00:00:00  -  Total Local Usage
	149  -  Run Bytes Sent By Job
	144352  -  Run Bytes Received By Job
	149  -  Total Bytes Sent By Job
	144352  -  Total Bytes Received By Job
	Partitionable Resources :    Usage  Request Allocated 
	   Cpus                 :     0.96        1         1 
	   Disk (KB)            :   159     2097152   6681601 
	   Memory (MB)          :    80        4096      4096 
	   xferslots            :                           0 

	Job terminated of its own accord at 2026-01-08T07:17:04Z with exit-code 0.
...
