000 (15554417.439.000) 2026-01-07 12:44:33 Job submitted from host: <130.199.48.129:9618?addrs=130.199.48.129-9618&alias=rcas6009.rcf.bnl.gov&noUDP&sock=schedd_22421_101d>
...
040 (15554417.439.000) 2026-01-07 13:40:59 Started transferring input files
	Transferring to host: <130.199.151.19:9618?addrs=130.199.151.19-9618&alias=spool1597.sdcc.bnl.gov&noUDP&sock=slot1_37_94933_f2ef_192273>
...
040 (15554417.439.000) 2026-01-07 13:40:59 Finished transferring input files
...
001 (15554417.439.000) 2026-01-07 13:41:00 Job executing on host: <130.199.151.19:9618?addrs=130.199.151.19-9618&alias=spool1597.sdcc.bnl.gov&noUDP&sock=startd_94924_58df>
...
006 (15554417.439.000) 2026-01-07 13:41:09 Image size of job updated: 421320
	81  -  MemoryUsage of job (MB)
	82752  -  ResidentSetSize of job (KB)
...
006 (15554417.439.000) 2026-01-07 13:46:10 Image size of job updated: 424668
	103  -  MemoryUsage of job (MB)
	105072  -  ResidentSetSize of job (KB)
...
040 (15554417.439.000) 2026-01-07 13:50:27 Started transferring output files
...
040 (15554417.439.000) 2026-01-07 13:50:27 Finished transferring output files
...
005 (15554417.439.000) 2026-01-07 13:50:27 Job terminated.
	(1) Normal termination (return value 0)
		Usr 0 00:09:19, Sys 0 00:00:06  -  Run Remote Usage
		Usr 0 00:00:00, Sys 0 00:00:00  -  Run Local Usage
		Usr 0 00:09:19, Sys 0 00:00:06  -  Total Remote Usage
		Usr 0 00:00:00, Sys 0 00:00:00  -  Total Local Usage
	247  -  Run Bytes Sent By Job
	144352  -  Run Bytes Received By Job
	247  -  Total Bytes Sent By Job
	144352  -  Total Bytes Received By Job
	Partitionable Resources :    Usage  Request Allocated 
	   Cpus                 :     0.99        1         1 
	   Disk (KB)            :   159     2097152   6681200 
	   Memory (MB)          :   103        4096      4096 
	   xferslots            :                           0 

	Job terminated of its own accord at 2026-01-07T18:50:26Z with exit-code 0.
...
