000 (16235385.457.000) 2026-01-23 10:57:27 Job submitted from host: <130.199.48.128:9618?addrs=130.199.48.128-9618&alias=rcas6008.rcf.bnl.gov&noUDP&sock=schedd_18725_535a>
...
040 (16235385.457.000) 2026-01-23 12:08:39 Started transferring input files
	Transferring to host: <130.199.150.89:9618?addrs=130.199.150.89-9618&alias=spool1570.sdcc.bnl.gov&noUDP&sock=slot1_45_96783_12c0_257485>
...
040 (16235385.457.000) 2026-01-23 12:08:39 Finished transferring input files
...
001 (16235385.457.000) 2026-01-23 12:08:40 Job executing on host: <130.199.150.89:9618?addrs=130.199.150.89-9618&alias=spool1570.sdcc.bnl.gov&noUDP&sock=startd_96764_af15>
...
006 (16235385.457.000) 2026-01-23 12:08:49 Image size of job updated: 75620
	40  -  MemoryUsage of job (MB)
	40724  -  ResidentSetSize of job (KB)
...
006 (16235385.457.000) 2026-01-23 12:13:49 Image size of job updated: 447164
	130  -  MemoryUsage of job (MB)
	132944  -  ResidentSetSize of job (KB)
...
040 (16235385.457.000) 2026-01-23 12:39:18 Started transferring output files
...
040 (16235385.457.000) 2026-01-23 12:39:18 Finished transferring output files
...
005 (16235385.457.000) 2026-01-23 12:39:18 Job terminated.
	(1) Normal termination (return value 0)
		Usr 0 00:29:38, Sys 0 00:00:18  -  Run Remote Usage
		Usr 0 00:00:00, Sys 0 00:00:00  -  Run Local Usage
		Usr 0 00:29:38, Sys 0 00:00:18  -  Total Remote Usage
		Usr 0 00:00:00, Sys 0 00:00:00  -  Total Local Usage
	303  -  Run Bytes Sent By Job
	148880  -  Run Bytes Received By Job
	303  -  Total Bytes Sent By Job
	148880  -  Total Bytes Received By Job
	Partitionable Resources :    Usage  Request Allocated 
	   Cpus                 :     1.00        1         1 
	   Disk (KB)            :   163     2097152   6681178 
	   Memory (MB)          :   130        4096      4096 
	   xferslots            :                           0 

	Job terminated of its own accord at 2026-01-23T17:39:18Z with exit-code 0.
...
