000 (15690120.323.000) 2026-01-20 07:35:55 Job submitted from host: <130.199.48.129:9618?addrs=130.199.48.129-9618&alias=rcas6009.rcf.bnl.gov&noUDP&sock=schedd_22421_101d>
...
040 (15690120.323.000) 2026-01-21 06:32:01 Started transferring input files
	Transferring to host: <130.199.150.90:9618?addrs=130.199.150.90-9618&alias=spool1571.sdcc.bnl.gov&noUDP&sock=slot1_38_94964_d73c_270796>
...
040 (15690120.323.000) 2026-01-21 06:32:01 Finished transferring input files
...
001 (15690120.323.000) 2026-01-21 06:32:02 Job executing on host: <130.199.150.90:9618?addrs=130.199.150.90-9618&alias=spool1571.sdcc.bnl.gov&noUDP&sock=startd_94955_2884>
...
006 (15690120.323.000) 2026-01-21 06:32:11 Image size of job updated: 420976
	95  -  MemoryUsage of job (MB)
	97104  -  ResidentSetSize of job (KB)
...
006 (15690120.323.000) 2026-01-21 06:37:12 Image size of job updated: 449788
	115  -  MemoryUsage of job (MB)
	116976  -  ResidentSetSize of job (KB)
...
040 (15690120.323.000) 2026-01-21 06:54:34 Started transferring output files
...
040 (15690120.323.000) 2026-01-21 06:54:34 Finished transferring output files
...
005 (15690120.323.000) 2026-01-21 06:54:34 Job terminated.
	(1) Normal termination (return value 0)
		Usr 0 00:22:15, Sys 0 00:00:12  -  Run Remote Usage
		Usr 0 00:00:00, Sys 0 00:00:00  -  Run Local Usage
		Usr 0 00:22:15, Sys 0 00:00:12  -  Total Remote Usage
		Usr 0 00:00:00, Sys 0 00:00:00  -  Total Local Usage
	233  -  Run Bytes Sent By Job
	148880  -  Run Bytes Received By Job
	233  -  Total Bytes Sent By Job
	148880  -  Total Bytes Received By Job
	Partitionable Resources :    Usage  Request Allocated 
	   Cpus                 :     1.00        1         1 
	   Disk (KB)            :   164     2097152   6681189 
	   Memory (MB)          :   115        4096      4096 
	   xferslots            :                           0 

	Job terminated of its own accord at 2026-01-21T11:54:34Z with exit-code 0.
...
