000 (15564188.010.000) 2026-01-07 21:29:39 Job submitted from host: <130.199.48.129:9618?addrs=130.199.48.129-9618&alias=rcas6009.rcf.bnl.gov&noUDP&sock=schedd_22421_101d>
...
040 (15564188.010.000) 2026-01-07 21:34:33 Started transferring input files
	Transferring to host: <130.199.186.79:9618?addrs=130.199.186.79-9618&alias=spool1842.sdcc.bnl.gov&noUDP&sock=slot1_3_94130_fa28_200034>
...
040 (15564188.010.000) 2026-01-07 21:34:33 Finished transferring input files
...
001 (15564188.010.000) 2026-01-07 21:34:34 Job executing on host: <130.199.186.79:9618?addrs=130.199.186.79-9618&alias=spool1842.sdcc.bnl.gov&noUDP&sock=startd_94122_8637>
...
006 (15564188.010.000) 2026-01-07 21:34:43 Image size of job updated: 447788
	111  -  MemoryUsage of job (MB)
	113232  -  ResidentSetSize of job (KB)
...
040 (15564188.010.000) 2026-01-07 21:42:25 Started transferring output files
...
040 (15564188.010.000) 2026-01-07 21:42:25 Finished transferring output files
...
005 (15564188.010.000) 2026-01-07 21:42:25 Job terminated.
	(1) Normal termination (return value 0)
		Usr 0 00:07:40, Sys 0 00:00:06  -  Run Remote Usage
		Usr 0 00:00:00, Sys 0 00:00:00  -  Run Local Usage
		Usr 0 00:07:40, Sys 0 00:00:06  -  Total Remote Usage
		Usr 0 00:00:00, Sys 0 00:00:00  -  Total Local Usage
	219  -  Run Bytes Sent By Job
	144352  -  Run Bytes Received By Job
	219  -  Total Bytes Sent By Job
	144352  -  Total Bytes Received By Job
	Partitionable Resources :    Usage  Request Allocated 
	   Cpus                 :     0.99        1         1 
	   Disk (KB)            :   159     2097152   6681568 
	   Memory (MB)          :   111        4096      4096 
	   xferslots            :                           0 

	Job terminated of its own accord at 2026-01-08T02:42:25Z with exit-code 0.
...
