000 (15684821.1106.000) 2026-01-19 15:56:23 Job submitted from host: <130.199.48.129:9618?addrs=130.199.48.129-9618&alias=rcas6009.rcf.bnl.gov&noUDP&sock=schedd_22421_101d>
...
040 (15684821.1106.000) 2026-01-19 16:31:41 Started transferring input files
	Transferring to host: <130.199.184.159:9618?addrs=130.199.184.159-9618&alias=spool1768.sdcc.bnl.gov&noUDP&sock=slot1_91_6355_eafc_242720>
...
040 (15684821.1106.000) 2026-01-19 16:31:41 Finished transferring input files
...
001 (15684821.1106.000) 2026-01-19 16:31:42 Job executing on host: <130.199.184.159:9618?addrs=130.199.184.159-9618&alias=spool1768.sdcc.bnl.gov&noUDP&sock=startd_6346_8743>
...
006 (15684821.1106.000) 2026-01-19 16:31:51 Image size of job updated: 102444
	70  -  MemoryUsage of job (MB)
	71540  -  ResidentSetSize of job (KB)
...
006 (15684821.1106.000) 2026-01-19 16:36:52 Image size of job updated: 450332
	92  -  MemoryUsage of job (MB)
	93648  -  ResidentSetSize of job (KB)
...
040 (15684821.1106.000) 2026-01-19 16:37:23 Started transferring output files
...
040 (15684821.1106.000) 2026-01-19 16:37:23 Finished transferring output files
...
005 (15684821.1106.000) 2026-01-19 16:37:23 Job terminated.
	(1) Normal termination (return value 0)
		Usr 0 00:05:11, Sys 0 00:00:04  -  Run Remote Usage
		Usr 0 00:00:00, Sys 0 00:00:00  -  Run Local Usage
		Usr 0 00:05:11, Sys 0 00:00:04  -  Total Remote Usage
		Usr 0 00:00:00, Sys 0 00:00:00  -  Total Local Usage
	135  -  Run Bytes Sent By Job
	148880  -  Run Bytes Received By Job
	135  -  Total Bytes Sent By Job
	148880  -  Total Bytes Received By Job
	Partitionable Resources :    Usage  Request Allocated 
	   Cpus                 :     0.94        1         1 
	   Disk (KB)            :   164     2097152   6681586 
	   Memory (MB)          :    92        4096      4096 
	   xferslots            :                           0 

	Job terminated of its own accord at 2026-01-19T21:37:23Z with exit-code 0.
...
