000 (15564188.1044.000) 2026-01-07 21:29:41 Job submitted from host: <130.199.48.129:9618?addrs=130.199.48.129-9618&alias=rcas6009.rcf.bnl.gov&noUDP&sock=schedd_22421_101d>
...
040 (15564188.1044.000) 2026-01-08 02:07:07 Started transferring input files
	Transferring to host: <130.199.150.87:9618?addrs=130.199.150.87-9618&alias=spool1568.sdcc.bnl.gov&noUDP&sock=slot1_44_25189_cd38_196179>
...
040 (15564188.1044.000) 2026-01-08 02:07:07 Finished transferring input files
...
001 (15564188.1044.000) 2026-01-08 02:07:08 Job executing on host: <130.199.150.87:9618?addrs=130.199.150.87-9618&alias=spool1568.sdcc.bnl.gov&noUDP&sock=startd_25180_4069>
...
006 (15564188.1044.000) 2026-01-08 02:07:17 Image size of job updated: 421548
	76  -  MemoryUsage of job (MB)
	77040  -  ResidentSetSize of job (KB)
...
006 (15564188.1044.000) 2026-01-08 02:12:17 Image size of job updated: 449872
	114  -  MemoryUsage of job (MB)
	115768  -  ResidentSetSize of job (KB)
...
040 (15564188.1044.000) 2026-01-08 02:18:28 Started transferring output files
...
040 (15564188.1044.000) 2026-01-08 02:18:28 Finished transferring output files
...
005 (15564188.1044.000) 2026-01-08 02:18:28 Job terminated.
	(1) Normal termination (return value 0)
		Usr 0 00:10:17, Sys 0 00:00:10  -  Run Remote Usage
		Usr 0 00:00:00, Sys 0 00:00:00  -  Run Local Usage
		Usr 0 00:10:17, Sys 0 00:00:10  -  Total Remote Usage
		Usr 0 00:00:00, Sys 0 00:00:00  -  Total Local Usage
	233  -  Run Bytes Sent By Job
	144352  -  Run Bytes Received By Job
	233  -  Total Bytes Sent By Job
	144352  -  Total Bytes Received By Job
	Partitionable Resources :    Usage  Request Allocated 
	   Cpus                 :     0.92        1         1 
	   Disk (KB)            :   159     2097152   6681186 
	   Memory (MB)          :   114        4096      4096 
	   xferslots            :                           0 

	Job terminated of its own accord at 2026-01-08T07:18:27Z with exit-code 0.
...
