000 (15697407.615.000) 2026-01-21 18:36:42 Job submitted from host: <130.199.48.129:9618?addrs=130.199.48.129-9618&alias=rcas6009.rcf.bnl.gov&noUDP&sock=schedd_22421_101d>
...
040 (15697407.615.000) 2026-01-22 13:06:27 Started transferring input files
	Transferring to host: <130.199.184.209:9618?addrs=130.199.184.209-9618&alias=spool1784.sdcc.bnl.gov&noUDP&sock=slot1_45_94260_f99f_252462>
...
040 (15697407.615.000) 2026-01-22 13:06:27 Finished transferring input files
...
001 (15697407.615.000) 2026-01-22 13:06:28 Job executing on host: <130.199.184.209:9618?addrs=130.199.184.209-9618&alias=spool1784.sdcc.bnl.gov&noUDP&sock=startd_94248_66d5>
...
006 (15697407.615.000) 2026-01-22 13:06:36 Image size of job updated: 201996
	72  -  MemoryUsage of job (MB)
	72776  -  ResidentSetSize of job (KB)
...
006 (15697407.615.000) 2026-01-22 13:11:36 Image size of job updated: 449936
	95  -  MemoryUsage of job (MB)
	96452  -  ResidentSetSize of job (KB)
...
040 (15697407.615.000) 2026-01-22 13:15:28 Started transferring output files
...
040 (15697407.615.000) 2026-01-22 13:15:28 Finished transferring output files
...
005 (15697407.615.000) 2026-01-22 13:15:28 Job terminated.
	(1) Normal termination (return value 0)
		Usr 0 00:08:43, Sys 0 00:00:06  -  Run Remote Usage
		Usr 0 00:00:00, Sys 0 00:00:00  -  Run Local Usage
		Usr 0 00:08:43, Sys 0 00:00:06  -  Total Remote Usage
		Usr 0 00:00:00, Sys 0 00:00:00  -  Total Local Usage
	149  -  Run Bytes Sent By Job
	148880  -  Run Bytes Received By Job
	149  -  Total Bytes Sent By Job
	148880  -  Total Bytes Received By Job
	Partitionable Resources :    Usage  Request Allocated 
	   Cpus                 :     0.99        1         1 
	   Disk (KB)            :   164     2097152   6681570 
	   Memory (MB)          :    95        4096      4096 
	   xferslots            :                           0 

	Job terminated of its own accord at 2026-01-22T18:15:28Z with exit-code 0.
...
