000 (16235385.076.000) 2026-01-23 10:57:26 Job submitted from host: <130.199.48.128:9618?addrs=130.199.48.128-9618&alias=rcas6008.rcf.bnl.gov&noUDP&sock=schedd_18725_535a>
...
040 (16235385.076.000) 2026-01-23 11:24:07 Started transferring input files
	Transferring to host: <130.199.184.213:9618?addrs=130.199.184.213-9618&alias=spool1788.sdcc.bnl.gov&noUDP&sock=slot1_77_95861_39f8_266999>
...
040 (16235385.076.000) 2026-01-23 11:24:07 Finished transferring input files
...
001 (16235385.076.000) 2026-01-23 11:24:08 Job executing on host: <130.199.184.213:9618?addrs=130.199.184.213-9618&alias=spool1788.sdcc.bnl.gov&noUDP&sock=startd_95852_0c25>
...
006 (16235385.076.000) 2026-01-23 11:24:17 Image size of job updated: 421892
	82  -  MemoryUsage of job (MB)
	83736  -  ResidentSetSize of job (KB)
...
006 (16235385.076.000) 2026-01-23 11:29:17 Image size of job updated: 450360
	130  -  MemoryUsage of job (MB)
	132336  -  ResidentSetSize of job (KB)
...
006 (16235385.076.000) 2026-01-23 11:44:18 Image size of job updated: 450360
	130  -  MemoryUsage of job (MB)
	132340  -  ResidentSetSize of job (KB)
...
040 (16235385.076.000) 2026-01-23 11:50:12 Started transferring output files
...
040 (16235385.076.000) 2026-01-23 11:50:12 Finished transferring output files
...
005 (16235385.076.000) 2026-01-23 11:50:12 Job terminated.
	(1) Normal termination (return value 0)
		Usr 0 00:25:44, Sys 0 00:00:17  -  Run Remote Usage
		Usr 0 00:00:00, Sys 0 00:00:00  -  Run Local Usage
		Usr 0 00:25:44, Sys 0 00:00:17  -  Total Remote Usage
		Usr 0 00:00:00, Sys 0 00:00:00  -  Total Local Usage
	289  -  Run Bytes Sent By Job
	148880  -  Run Bytes Received By Job
	289  -  Total Bytes Sent By Job
	148880  -  Total Bytes Received By Job
	Partitionable Resources :    Usage  Request Allocated 
	   Cpus                 :     1.00        1         1 
	   Disk (KB)            :   164     2097152   6681567 
	   Memory (MB)          :   130        4096      4096 
	   xferslots            :                           0 

	Job terminated of its own accord at 2026-01-23T16:50:12Z with exit-code 0.
...
