000 (15564188.377.000) 2026-01-07 21:29:40 Job submitted from host: <130.199.48.129:9618?addrs=130.199.48.129-9618&alias=rcas6009.rcf.bnl.gov&noUDP&sock=schedd_22421_101d>
...
040 (15564188.377.000) 2026-01-08 00:52:59 Started transferring input files
	Transferring to host: <130.199.186.27:9618?addrs=130.199.186.27-9618&alias=spool1824.sdcc.bnl.gov&noUDP&sock=slot1_52_94218_f5db_183188>
...
040 (15564188.377.000) 2026-01-08 00:52:59 Finished transferring input files
...
001 (15564188.377.000) 2026-01-08 00:53:00 Job executing on host: <130.199.186.27:9618?addrs=130.199.186.27-9618&alias=spool1824.sdcc.bnl.gov&noUDP&sock=startd_94209_0f05>
...
006 (15564188.377.000) 2026-01-08 00:53:09 Image size of job updated: 350292
	74  -  MemoryUsage of job (MB)
	74792  -  ResidentSetSize of job (KB)
...
006 (15564188.377.000) 2026-01-08 00:58:09 Image size of job updated: 447988
	112  -  MemoryUsage of job (MB)
	114500  -  ResidentSetSize of job (KB)
...
040 (15564188.377.000) 2026-01-08 01:03:31 Started transferring output files
...
040 (15564188.377.000) 2026-01-08 01:03:31 Finished transferring output files
...
005 (15564188.377.000) 2026-01-08 01:03:31 Job terminated.
	(1) Normal termination (return value 0)
		Usr 0 00:09:25, Sys 0 00:00:09  -  Run Remote Usage
		Usr 0 00:00:00, Sys 0 00:00:00  -  Run Local Usage
		Usr 0 00:09:25, Sys 0 00:00:09  -  Total Remote Usage
		Usr 0 00:00:00, Sys 0 00:00:00  -  Total Local Usage
	233  -  Run Bytes Sent By Job
	144352  -  Run Bytes Received By Job
	233  -  Total Bytes Sent By Job
	144352  -  Total Bytes Received By Job
	Partitionable Resources :    Usage  Request Allocated 
	   Cpus                 :     0.99        1         1 
	   Disk (KB)            :   159     2097152   6681576 
	   Memory (MB)          :   112        4096      4096 
	   xferslots            :                           0 

	Job terminated of its own accord at 2026-01-08T06:03:31Z with exit-code 0.
...
