000 (16235385.335.000) 2026-01-23 10:57:27 Job submitted from host: <130.199.48.128:9618?addrs=130.199.48.128-9618&alias=rcas6008.rcf.bnl.gov&noUDP&sock=schedd_18725_535a>
...
040 (16235385.335.000) 2026-01-23 12:04:30 Started transferring input files
	Transferring to host: <130.199.186.80:9618?addrs=130.199.186.80-9618&alias=spool1843.sdcc.bnl.gov&noUDP&sock=slot1_86_95651_2722_259934>
...
040 (16235385.335.000) 2026-01-23 12:04:30 Finished transferring input files
...
001 (16235385.335.000) 2026-01-23 12:04:31 Job executing on host: <130.199.186.80:9618?addrs=130.199.186.80-9618&alias=spool1843.sdcc.bnl.gov&noUDP&sock=startd_95642_95c8>
...
006 (16235385.335.000) 2026-01-23 12:04:40 Image size of job updated: 75576
	40  -  MemoryUsage of job (MB)
	40732  -  ResidentSetSize of job (KB)
...
006 (16235385.335.000) 2026-01-23 12:09:41 Image size of job updated: 448644
	121  -  MemoryUsage of job (MB)
	123312  -  ResidentSetSize of job (KB)
...
040 (16235385.335.000) 2026-01-23 12:27:59 Started transferring output files
...
040 (16235385.335.000) 2026-01-23 12:27:59 Finished transferring output files
...
005 (16235385.335.000) 2026-01-23 12:27:59 Job terminated.
	(1) Normal termination (return value 0)
		Usr 0 00:22:50, Sys 0 00:00:15  -  Run Remote Usage
		Usr 0 00:00:00, Sys 0 00:00:00  -  Run Local Usage
		Usr 0 00:22:50, Sys 0 00:00:15  -  Total Remote Usage
		Usr 0 00:00:00, Sys 0 00:00:00  -  Total Local Usage
	261  -  Run Bytes Sent By Job
	148880  -  Run Bytes Received By Job
	261  -  Total Bytes Sent By Job
	148880  -  Total Bytes Received By Job
	Partitionable Resources :    Usage  Request Allocated 
	   Cpus                 :     1.00        1         1 
	   Disk (KB)            :   163     2097152   6681590 
	   Memory (MB)          :   121        4096      4096 
	   xferslots            :                           0 

	Job terminated of its own accord at 2026-01-23T17:27:59Z with exit-code 0.
...
