000 (15564188.912.000) 2026-01-07 21:29:41 Job submitted from host: <130.199.48.129:9618?addrs=130.199.48.129-9618&alias=rcas6009.rcf.bnl.gov&noUDP&sock=schedd_22421_101d>
...
040 (15564188.912.000) 2026-01-08 01:58:30 Started transferring input files
	Transferring to host: <130.199.186.85:9618?addrs=130.199.186.85-9618&alias=spool1848.sdcc.bnl.gov&noUDP&sock=slot1_11_95890_a430_189697>
...
040 (15564188.912.000) 2026-01-08 01:58:30 Finished transferring input files
...
001 (15564188.912.000) 2026-01-08 01:58:31 Job executing on host: <130.199.186.85:9618?addrs=130.199.186.85-9618&alias=spool1848.sdcc.bnl.gov&noUDP&sock=startd_95881_39bf>
...
006 (15564188.912.000) 2026-01-08 01:58:40 Image size of job updated: 102752
	69  -  MemoryUsage of job (MB)
	69800  -  ResidentSetSize of job (KB)
...
006 (15564188.912.000) 2026-01-08 02:03:40 Image size of job updated: 449740
	101  -  MemoryUsage of job (MB)
	102580  -  ResidentSetSize of job (KB)
...
040 (15564188.912.000) 2026-01-08 02:05:12 Started transferring output files
...
040 (15564188.912.000) 2026-01-08 02:05:12 Finished transferring output files
...
005 (15564188.912.000) 2026-01-08 02:05:12 Job terminated.
	(1) Normal termination (return value 0)
		Usr 0 00:05:58, Sys 0 00:00:07  -  Run Remote Usage
		Usr 0 00:00:00, Sys 0 00:00:00  -  Run Local Usage
		Usr 0 00:05:58, Sys 0 00:00:07  -  Total Remote Usage
		Usr 0 00:00:00, Sys 0 00:00:00  -  Total Local Usage
	177  -  Run Bytes Sent By Job
	144352  -  Run Bytes Received By Job
	177  -  Total Bytes Sent By Job
	144352  -  Total Bytes Received By Job
	Partitionable Resources :    Usage  Request Allocated 
	   Cpus                 :     0.89        1         1 
	   Disk (KB)            :   159     2097152   6681608 
	   Memory (MB)          :   101        4096      4096 
	   xferslots            :                           0 

	Job terminated of its own accord at 2026-01-08T07:05:12Z with exit-code 0.
...
