000 (15560432.951.000) 2026-01-07 17:58:17 Job submitted from host: <130.199.48.129:9618?addrs=130.199.48.129-9618&alias=rcas6009.rcf.bnl.gov&noUDP&sock=schedd_22421_101d>
...
040 (15560432.951.000) 2026-01-07 20:58:42 Started transferring input files
	Transferring to host: <130.199.184.156:9618?addrs=130.199.184.156-9618&alias=spool1765.sdcc.bnl.gov&noUDP&sock=slot1_35_58527_198d_187823>
...
040 (15560432.951.000) 2026-01-07 20:58:42 Finished transferring input files
...
001 (15560432.951.000) 2026-01-07 20:58:43 Job executing on host: <130.199.184.156:9618?addrs=130.199.184.156-9618&alias=spool1765.sdcc.bnl.gov&noUDP&sock=startd_58518_4ec8>
...
006 (15560432.951.000) 2026-01-07 20:58:51 Image size of job updated: 115676
	83  -  MemoryUsage of job (MB)
	84576  -  ResidentSetSize of job (KB)
...
006 (15560432.951.000) 2026-01-07 21:01:49 Image size of job updated: 424568
	83  -  MemoryUsage of job (MB)
	84576  -  ResidentSetSize of job (KB)
...
040 (15560432.951.000) 2026-01-07 21:01:49 Started transferring output files
...
040 (15560432.951.000) 2026-01-07 21:01:49 Finished transferring output files
...
005 (15560432.951.000) 2026-01-07 21:01:49 Job terminated.
	(1) Normal termination (return value 0)
		Usr 0 00:03:02, Sys 0 00:00:02  -  Run Remote Usage
		Usr 0 00:00:00, Sys 0 00:00:00  -  Run Local Usage
		Usr 0 00:03:02, Sys 0 00:00:02  -  Total Remote Usage
		Usr 0 00:00:00, Sys 0 00:00:00  -  Total Local Usage
	135  -  Run Bytes Sent By Job
	144352  -  Run Bytes Received By Job
	135  -  Total Bytes Sent By Job
	144352  -  Total Bytes Received By Job
	Partitionable Resources :    Usage  Request Allocated 
	   Cpus                 :                 1         1 
	   Disk (KB)            :      153  2097152   6681570 
	   Memory (MB)          :       83     4096      4096 
	   xferslots            :                           0 

	Job terminated of its own accord at 2026-01-08T02:01:49Z with exit-code 0.
...
