000 (15690120.079.000) 2026-01-20 07:35:54 Job submitted from host: <130.199.48.129:9618?addrs=130.199.48.129-9618&alias=rcas6009.rcf.bnl.gov&noUDP&sock=schedd_22421_101d>
...
040 (15690120.079.000) 2026-01-20 22:08:18 Started transferring input files
	Transferring to host: <130.199.151.27:9618?addrs=130.199.151.27-9618&alias=spool1605.sdcc.bnl.gov&noUDP&sock=slot1_93_96592_07b7_248110>
...
040 (15690120.079.000) 2026-01-20 22:08:18 Finished transferring input files
...
001 (15690120.079.000) 2026-01-20 22:08:19 Job executing on host: <130.199.151.27:9618?addrs=130.199.151.27-9618&alias=spool1605.sdcc.bnl.gov&noUDP&sock=startd_96583_6653>
...
006 (15690120.079.000) 2026-01-20 22:08:28 Image size of job updated: 420100
	102  -  MemoryUsage of job (MB)
	104232  -  ResidentSetSize of job (KB)
...
006 (15690120.079.000) 2026-01-20 22:13:29 Image size of job updated: 448300
	126  -  MemoryUsage of job (MB)
	128628  -  ResidentSetSize of job (KB)
...
006 (15690120.079.000) 2026-01-20 22:23:30 Image size of job updated: 448300
	126  -  MemoryUsage of job (MB)
	128632  -  ResidentSetSize of job (KB)
...
006 (15690120.079.000) 2026-01-20 22:28:31 Image size of job updated: 448300
	126  -  MemoryUsage of job (MB)
	128636  -  ResidentSetSize of job (KB)
...
040 (15690120.079.000) 2026-01-20 22:39:15 Started transferring output files
...
040 (15690120.079.000) 2026-01-20 22:39:15 Finished transferring output files
...
005 (15690120.079.000) 2026-01-20 22:39:15 Job terminated.
	(1) Normal termination (return value 0)
		Usr 0 00:30:04, Sys 0 00:00:23  -  Run Remote Usage
		Usr 0 00:00:00, Sys 0 00:00:00  -  Run Local Usage
		Usr 0 00:30:04, Sys 0 00:00:23  -  Total Remote Usage
		Usr 0 00:00:00, Sys 0 00:00:00  -  Total Local Usage
	289  -  Run Bytes Sent By Job
	148880  -  Run Bytes Received By Job
	289  -  Total Bytes Sent By Job
	148880  -  Total Bytes Received By Job
	Partitionable Resources :    Usage  Request Allocated 
	   Cpus                 :     0.91        1         1 
	   Disk (KB)            :   164     2097152   6681198 
	   Memory (MB)          :   126        4096      4096 
	   xferslots            :                           0 

	Job terminated of its own accord at 2026-01-21T03:39:15Z with exit-code 0.
...
