000 (15697407.466.000) 2026-01-21 18:36:42 Job submitted from host: <130.199.48.129:9618?addrs=130.199.48.129-9618&alias=rcas6009.rcf.bnl.gov&noUDP&sock=schedd_22421_101d>
...
040 (15697407.466.000) 2026-01-22 09:40:25 Started transferring input files
	Transferring to host: <130.199.150.94:9618?addrs=130.199.150.94-9618&alias=spool1575.sdcc.bnl.gov&noUDP&sock=slot1_64_57332_a848_253893>
...
040 (15697407.466.000) 2026-01-22 09:40:25 Finished transferring input files
...
001 (15697407.466.000) 2026-01-22 09:40:26 Job executing on host: <130.199.150.94:9618?addrs=130.199.150.94-9618&alias=spool1575.sdcc.bnl.gov&noUDP&sock=startd_57323_1af7>
...
006 (15697407.466.000) 2026-01-22 09:40:34 Image size of job updated: 334312
	75  -  MemoryUsage of job (MB)
	76436  -  ResidentSetSize of job (KB)
...
006 (15697407.466.000) 2026-01-22 09:45:34 Image size of job updated: 449932
	116  -  MemoryUsage of job (MB)
	118396  -  ResidentSetSize of job (KB)
...
040 (15697407.466.000) 2026-01-22 10:02:34 Started transferring output files
...
040 (15697407.466.000) 2026-01-22 10:02:34 Finished transferring output files
...
005 (15697407.466.000) 2026-01-22 10:02:34 Job terminated.
	(1) Normal termination (return value 0)
		Usr 0 00:19:44, Sys 0 00:00:19  -  Run Remote Usage
		Usr 0 00:00:00, Sys 0 00:00:00  -  Run Local Usage
		Usr 0 00:19:44, Sys 0 00:00:19  -  Total Remote Usage
		Usr 0 00:00:00, Sys 0 00:00:00  -  Total Local Usage
	233  -  Run Bytes Sent By Job
	148880  -  Run Bytes Received By Job
	233  -  Total Bytes Sent By Job
	148880  -  Total Bytes Received By Job
	Partitionable Resources :    Usage  Request Allocated 
	   Cpus                 :     0.90        1         1 
	   Disk (KB)            :   163     2097152   6681173 
	   Memory (MB)          :   116        4096      4096 
	   xferslots            :                           0 

	Job terminated of its own accord at 2026-01-22T15:02:34Z with exit-code 0.
...
