000 (15684821.1017.000) 2026-01-19 15:56:23 Job submitted from host: <130.199.48.129:9618?addrs=130.199.48.129-9618&alias=rcas6009.rcf.bnl.gov&noUDP&sock=schedd_22421_101d>
...
040 (15684821.1017.000) 2026-01-19 16:30:45 Started transferring input files
	Transferring to host: <130.199.186.79:9618?addrs=130.199.186.79-9618&alias=spool1842.sdcc.bnl.gov&noUDP&sock=slot1_55_94130_fa28_265598>
...
040 (15684821.1017.000) 2026-01-19 16:30:45 Finished transferring input files
...
001 (15684821.1017.000) 2026-01-19 16:30:46 Job executing on host: <130.199.186.79:9618?addrs=130.199.186.79-9618&alias=spool1842.sdcc.bnl.gov&noUDP&sock=startd_94122_8637>
...
006 (15684821.1017.000) 2026-01-19 16:30:55 Image size of job updated: 95752
	77  -  MemoryUsage of job (MB)
	78420  -  ResidentSetSize of job (KB)
...
006 (15684821.1017.000) 2026-01-19 16:35:56 Image size of job updated: 449840
	108  -  MemoryUsage of job (MB)
	109996  -  ResidentSetSize of job (KB)
...
040 (15684821.1017.000) 2026-01-19 16:49:50 Started transferring output files
...
040 (15684821.1017.000) 2026-01-19 16:49:50 Finished transferring output files
...
005 (15684821.1017.000) 2026-01-19 16:49:50 Job terminated.
	(1) Normal termination (return value 0)
		Usr 0 00:18:13, Sys 0 00:00:13  -  Run Remote Usage
		Usr 0 00:00:00, Sys 0 00:00:00  -  Run Local Usage
		Usr 0 00:18:13, Sys 0 00:00:13  -  Total Remote Usage
		Usr 0 00:00:00, Sys 0 00:00:00  -  Total Local Usage
	205  -  Run Bytes Sent By Job
	148880  -  Run Bytes Received By Job
	205  -  Total Bytes Sent By Job
	148880  -  Total Bytes Received By Job
	Partitionable Resources :    Usage  Request Allocated 
	   Cpus                 :     0.91        1         1 
	   Disk (KB)            :   163     2097152   6681568 
	   Memory (MB)          :   108        4096      4096 
	   xferslots            :                           0 

	Job terminated of its own accord at 2026-01-19T21:49:49Z with exit-code 0.
...
