000 (15690120.515.000) 2026-01-20 07:35:56 Job submitted from host: <130.199.48.129:9618?addrs=130.199.48.129-9618&alias=rcas6009.rcf.bnl.gov&noUDP&sock=schedd_22421_101d>
...
040 (15690120.515.000) 2026-01-21 09:29:49 Started transferring input files
	Transferring to host: <130.199.151.25:9618?addrs=130.199.151.25-9618&alias=spool1603.sdcc.bnl.gov&noUDP&sock=slot1_1_96814_f70e_244455>
...
040 (15690120.515.000) 2026-01-21 09:29:49 Finished transferring input files
...
001 (15690120.515.000) 2026-01-21 09:29:50 Job executing on host: <130.199.151.25:9618?addrs=130.199.151.25-9618&alias=spool1603.sdcc.bnl.gov&noUDP&sock=startd_96805_a8ef>
...
006 (15690120.515.000) 2026-01-21 09:29:58 Image size of job updated: 122324
	89  -  MemoryUsage of job (MB)
	90916  -  ResidentSetSize of job (KB)
...
006 (15690120.515.000) 2026-01-21 09:34:58 Image size of job updated: 448584
	107  -  MemoryUsage of job (MB)
	108592  -  ResidentSetSize of job (KB)
...
006 (15690120.515.000) 2026-01-21 09:39:59 Image size of job updated: 448584
	107  -  MemoryUsage of job (MB)
	108600  -  ResidentSetSize of job (KB)
...
040 (15690120.515.000) 2026-01-21 09:46:54 Started transferring output files
...
040 (15690120.515.000) 2026-01-21 09:46:54 Finished transferring output files
...
005 (15690120.515.000) 2026-01-21 09:46:54 Job terminated.
	(1) Normal termination (return value 0)
		Usr 0 00:16:45, Sys 0 00:00:12  -  Run Remote Usage
		Usr 0 00:00:00, Sys 0 00:00:00  -  Run Local Usage
		Usr 0 00:16:45, Sys 0 00:00:12  -  Total Remote Usage
		Usr 0 00:00:00, Sys 0 00:00:00  -  Total Local Usage
	205  -  Run Bytes Sent By Job
	148880  -  Run Bytes Received By Job
	205  -  Total Bytes Sent By Job
	148880  -  Total Bytes Received By Job
	Partitionable Resources :    Usage  Request Allocated 
	   Cpus                 :     0.99        1         1 
	   Disk (KB)            :   164     2097152   6681219 
	   Memory (MB)          :   107        4096      4096 
	   xferslots            :                           0 

	Job terminated of its own accord at 2026-01-21T14:46:54Z with exit-code 0.
...
