000 (15690120.475.000) 2026-01-20 07:35:55 Job submitted from host: <130.199.48.129:9618?addrs=130.199.48.129-9618&alias=rcas6009.rcf.bnl.gov&noUDP&sock=schedd_22421_101d>
...
040 (15690120.475.000) 2026-01-21 09:07:14 Started transferring input files
	Transferring to host: <130.199.184.204:9618?addrs=130.199.184.204-9618&alias=spool1779.sdcc.bnl.gov&noUDP&sock=slot1_55_94050_e6ca_253123>
...
040 (15690120.475.000) 2026-01-21 09:07:14 Finished transferring input files
...
001 (15690120.475.000) 2026-01-21 09:07:15 Job executing on host: <130.199.184.204:9618?addrs=130.199.184.204-9618&alias=spool1779.sdcc.bnl.gov&noUDP&sock=startd_94041_e388>
...
006 (15690120.475.000) 2026-01-21 09:07:24 Image size of job updated: 422760
	77  -  MemoryUsage of job (MB)
	78548  -  ResidentSetSize of job (KB)
...
006 (15690120.475.000) 2026-01-21 09:12:25 Image size of job updated: 449656
	109  -  MemoryUsage of job (MB)
	111320  -  ResidentSetSize of job (KB)
...
040 (15690120.475.000) 2026-01-21 09:23:24 Started transferring output files
...
040 (15690120.475.000) 2026-01-21 09:23:24 Finished transferring output files
...
005 (15690120.475.000) 2026-01-21 09:23:24 Job terminated.
	(1) Normal termination (return value 0)
		Usr 0 00:15:17, Sys 0 00:00:13  -  Run Remote Usage
		Usr 0 00:00:00, Sys 0 00:00:00  -  Run Local Usage
		Usr 0 00:15:17, Sys 0 00:00:13  -  Total Remote Usage
		Usr 0 00:00:00, Sys 0 00:00:00  -  Total Local Usage
	205  -  Run Bytes Sent By Job
	148880  -  Run Bytes Received By Job
	205  -  Total Bytes Sent By Job
	148880  -  Total Bytes Received By Job
	Partitionable Resources :    Usage  Request Allocated 
	   Cpus                 :     0.94        1         1 
	   Disk (KB)            :   163     2097152   6681567 
	   Memory (MB)          :   109        4096      4096 
	   xferslots            :                           0 

	Job terminated of its own accord at 2026-01-21T14:23:24Z with exit-code 0.
...
