000 (15560432.155.000) 2026-01-07 17:58:15 Job submitted from host: <130.199.48.129:9618?addrs=130.199.48.129-9618&alias=rcas6009.rcf.bnl.gov&noUDP&sock=schedd_22421_101d>
...
040 (15560432.155.000) 2026-01-07 18:51:47 Started transferring input files
	Transferring to host: <130.199.150.93:9618?addrs=130.199.150.93-9618&alias=spool1574.sdcc.bnl.gov&noUDP&sock=slot1_11_94784_ebaa_187944>
...
040 (15560432.155.000) 2026-01-07 18:51:47 Finished transferring input files
...
001 (15560432.155.000) 2026-01-07 18:51:48 Job executing on host: <130.199.150.93:9618?addrs=130.199.150.93-9618&alias=spool1574.sdcc.bnl.gov&noUDP&sock=startd_94775_30c7>
...
006 (15560432.155.000) 2026-01-07 18:51:57 Image size of job updated: 140344
	107  -  MemoryUsage of job (MB)
	108908  -  ResidentSetSize of job (KB)
...
006 (15560432.155.000) 2026-01-07 18:56:57 Image size of job updated: 448320
	107  -  MemoryUsage of job (MB)
	108944  -  ResidentSetSize of job (KB)
...
040 (15560432.155.000) 2026-01-07 18:58:45 Started transferring output files
...
040 (15560432.155.000) 2026-01-07 18:58:45 Finished transferring output files
...
005 (15560432.155.000) 2026-01-07 18:58:46 Job terminated.
	(1) Normal termination (return value 0)
		Usr 0 00:06:51, Sys 0 00:00:04  -  Run Remote Usage
		Usr 0 00:00:00, Sys 0 00:00:00  -  Run Local Usage
		Usr 0 00:06:51, Sys 0 00:00:04  -  Total Remote Usage
		Usr 0 00:00:00, Sys 0 00:00:00  -  Total Local Usage
	205  -  Run Bytes Sent By Job
	144352  -  Run Bytes Received By Job
	205  -  Total Bytes Sent By Job
	144352  -  Total Bytes Received By Job
	Partitionable Resources :    Usage  Request Allocated 
	   Cpus                 :     1.00        1         1 
	   Disk (KB)            :   159     2097152   6681104 
	   Memory (MB)          :   107        4096      4096 
	   xferslots            :                           0 

	Job terminated of its own accord at 2026-01-07T23:58:45Z with exit-code 0.
...
