000 (15560432.311.000) 2026-01-07 17:58:16 Job submitted from host: <130.199.48.129:9618?addrs=130.199.48.129-9618&alias=rcas6009.rcf.bnl.gov&noUDP&sock=schedd_22421_101d>
...
040 (15560432.311.000) 2026-01-07 20:01:54 Started transferring input files
	Transferring to host: <130.199.150.90:9618?addrs=130.199.150.90-9618&alias=spool1571.sdcc.bnl.gov&noUDP&sock=slot1_94_94964_d73c_182169>
...
040 (15560432.311.000) 2026-01-07 20:01:54 Finished transferring input files
...
001 (15560432.311.000) 2026-01-07 20:01:55 Job executing on host: <130.199.150.90:9618?addrs=130.199.150.90-9618&alias=spool1571.sdcc.bnl.gov&noUDP&sock=startd_94955_2884>
...
006 (15560432.311.000) 2026-01-07 20:02:04 Image size of job updated: 114164
	81  -  MemoryUsage of job (MB)
	82924  -  ResidentSetSize of job (KB)
...
006 (15560432.311.000) 2026-01-07 20:07:05 Image size of job updated: 424656
	105  -  MemoryUsage of job (MB)
	106504  -  ResidentSetSize of job (KB)
...
006 (15560432.311.000) 2026-01-07 20:12:05 Image size of job updated: 424788
	105  -  MemoryUsage of job (MB)
	106512  -  ResidentSetSize of job (KB)
...
040 (15560432.311.000) 2026-01-07 20:12:38 Started transferring output files
...
040 (15560432.311.000) 2026-01-07 20:12:38 Finished transferring output files
...
005 (15560432.311.000) 2026-01-07 20:12:38 Job terminated.
	(1) Normal termination (return value 0)
		Usr 0 00:10:30, Sys 0 00:00:10  -  Run Remote Usage
		Usr 0 00:00:00, Sys 0 00:00:00  -  Run Local Usage
		Usr 0 00:10:30, Sys 0 00:00:10  -  Total Remote Usage
		Usr 0 00:00:00, Sys 0 00:00:00  -  Total Local Usage
	247  -  Run Bytes Sent By Job
	144352  -  Run Bytes Received By Job
	247  -  Total Bytes Sent By Job
	144352  -  Total Bytes Received By Job
	Partitionable Resources :    Usage  Request Allocated 
	   Cpus                 :     0.99        1         1 
	   Disk (KB)            :   159     2097152   6681189 
	   Memory (MB)          :   105        4096      4096 
	   xferslots            :                           0 

	Job terminated of its own accord at 2026-01-08T01:12:38Z with exit-code 0.
...
