000 (15560432.988.000) 2026-01-07 17:58:17 Job submitted from host: <130.199.48.129:9618?addrs=130.199.48.129-9618&alias=rcas6009.rcf.bnl.gov&noUDP&sock=schedd_22421_101d>
...
040 (15560432.988.000) 2026-01-07 20:59:13 Started transferring input files
	Transferring to host: <130.199.184.152:9618?addrs=130.199.184.152-9618&alias=spool1761.sdcc.bnl.gov&noUDP&sock=slot1_41_31056_4302_188634>
...
040 (15560432.988.000) 2026-01-07 20:59:13 Finished transferring input files
...
001 (15560432.988.000) 2026-01-07 20:59:14 Job executing on host: <130.199.184.152:9618?addrs=130.199.184.152-9618&alias=spool1761.sdcc.bnl.gov&noUDP&sock=startd_31047_1542>
...
006 (15560432.988.000) 2026-01-07 20:59:23 Image size of job updated: 449148
	70  -  MemoryUsage of job (MB)
	70948  -  ResidentSetSize of job (KB)
...
040 (15560432.988.000) 2026-01-07 20:59:47 Started transferring output files
...
040 (15560432.988.000) 2026-01-07 20:59:47 Finished transferring output files
...
005 (15560432.988.000) 2026-01-07 20:59:47 Job terminated.
	(1) Normal termination (return value 0)
		Usr 0 00:00:31, Sys 0 00:00:00  -  Run Remote Usage
		Usr 0 00:00:00, Sys 0 00:00:00  -  Run Local Usage
		Usr 0 00:00:31, Sys 0 00:00:00  -  Total Remote Usage
		Usr 0 00:00:00, Sys 0 00:00:00  -  Total Local Usage
	57  -  Run Bytes Sent By Job
	144352  -  Run Bytes Received By Job
	57  -  Total Bytes Sent By Job
	144352  -  Total Bytes Received By Job
	Partitionable Resources :    Usage  Request Allocated 
	   Cpus                 :     0.03        1         1 
	   Disk (KB)            :   159     2097152   6681590 
	   Memory (MB)          :    70        4096      4096 
	   xferslots            :                           0 

	Job terminated of its own accord at 2026-01-08T01:59:47Z with exit-code 0.
...
