000 (15684821.316.000) 2026-01-19 15:56:21 Job submitted from host: <130.199.48.129:9618?addrs=130.199.48.129-9618&alias=rcas6009.rcf.bnl.gov&noUDP&sock=schedd_22421_101d>
...
040 (15684821.316.000) 2026-01-19 16:13:25 Started transferring input files
	Transferring to host: <130.199.150.81:9618?addrs=130.199.150.81-9618&alias=spool1562.sdcc.bnl.gov&noUDP&sock=slot1_18_95126_780d_230946>
...
040 (15684821.316.000) 2026-01-19 16:13:25 Finished transferring input files
...
001 (15684821.316.000) 2026-01-19 16:13:26 Job executing on host: <130.199.150.81:9618?addrs=130.199.150.81-9618&alias=spool1562.sdcc.bnl.gov&noUDP&sock=startd_95117_6de1>
...
006 (15684821.316.000) 2026-01-19 16:13:35 Image size of job updated: 112720
	80  -  MemoryUsage of job (MB)
	81628  -  ResidentSetSize of job (KB)
...
006 (15684821.316.000) 2026-01-19 16:18:36 Image size of job updated: 450856
	124  -  MemoryUsage of job (MB)
	126124  -  ResidentSetSize of job (KB)
...
040 (15684821.316.000) 2026-01-19 16:44:35 Started transferring output files
...
040 (15684821.316.000) 2026-01-19 16:44:35 Finished transferring output files
...
005 (15684821.316.000) 2026-01-19 16:44:35 Job terminated.
	(1) Normal termination (return value 0)
		Usr 0 00:30:07, Sys 0 00:00:18  -  Run Remote Usage
		Usr 0 00:00:00, Sys 0 00:00:00  -  Run Local Usage
		Usr 0 00:30:07, Sys 0 00:00:18  -  Total Remote Usage
		Usr 0 00:00:00, Sys 0 00:00:00  -  Total Local Usage
	261  -  Run Bytes Sent By Job
	148880  -  Run Bytes Received By Job
	261  -  Total Bytes Sent By Job
	148880  -  Total Bytes Received By Job
	Partitionable Resources :    Usage  Request Allocated 
	   Cpus                 :     1.00        1         1 
	   Disk (KB)            :   164     2097152   6681130 
	   Memory (MB)          :   124        4096      4096 
	   xferslots            :                           0 

	Job terminated of its own accord at 2026-01-19T21:44:34Z with exit-code 0.
...
