000 (15564188.1030.000) 2026-01-07 21:29:41 Job submitted from host: <130.199.48.129:9618?addrs=130.199.48.129-9618&alias=rcas6009.rcf.bnl.gov&noUDP&sock=schedd_22421_101d>
...
040 (15564188.1030.000) 2026-01-08 02:05:20 Started transferring input files
	Transferring to host: <130.199.184.221:9618?addrs=130.199.184.221-9618&alias=spool1796.sdcc.bnl.gov&noUDP&sock=slot1_53_96037_315f_187418>
...
040 (15564188.1030.000) 2026-01-08 02:05:20 Finished transferring input files
...
001 (15564188.1030.000) 2026-01-08 02:05:21 Job executing on host: <130.199.184.221:9618?addrs=130.199.184.221-9618&alias=spool1796.sdcc.bnl.gov&noUDP&sock=startd_96028_bfcc>
...
006 (15564188.1030.000) 2026-01-08 02:05:30 Image size of job updated: 384472
	73  -  MemoryUsage of job (MB)
	74708  -  ResidentSetSize of job (KB)
...
006 (15564188.1030.000) 2026-01-08 02:10:31 Image size of job updated: 446996
	112  -  MemoryUsage of job (MB)
	113728  -  ResidentSetSize of job (KB)
...
040 (15564188.1030.000) 2026-01-08 02:16:13 Started transferring output files
...
040 (15564188.1030.000) 2026-01-08 02:16:13 Finished transferring output files
...
005 (15564188.1030.000) 2026-01-08 02:16:13 Job terminated.
	(1) Normal termination (return value 0)
		Usr 0 00:09:54, Sys 0 00:00:10  -  Run Remote Usage
		Usr 0 00:00:00, Sys 0 00:00:00  -  Run Local Usage
		Usr 0 00:09:54, Sys 0 00:00:10  -  Total Remote Usage
		Usr 0 00:00:00, Sys 0 00:00:00  -  Total Local Usage
	233  -  Run Bytes Sent By Job
	144352  -  Run Bytes Received By Job
	233  -  Total Bytes Sent By Job
	144352  -  Total Bytes Received By Job
	Partitionable Resources :    Usage  Request Allocated 
	   Cpus                 :     0.94        1         1 
	   Disk (KB)            :   159     2097152   6681568 
	   Memory (MB)          :   112        4096      4096 
	   xferslots            :                           0 

	Job terminated of its own accord at 2026-01-08T07:16:13Z with exit-code 0.
...
