000 (15697407.646.000) 2026-01-21 18:36:42 Job submitted from host: <130.199.48.129:9618?addrs=130.199.48.129-9618&alias=rcas6009.rcf.bnl.gov&noUDP&sock=schedd_22421_101d>
...
040 (15697407.646.000) 2026-01-22 13:30:03 Started transferring input files
	Transferring to host: <130.199.184.155:9618?addrs=130.199.184.155-9618&alias=spool1764.sdcc.bnl.gov&noUDP&sock=slot1_71_4372_9493_251481>
...
040 (15697407.646.000) 2026-01-22 13:30:03 Finished transferring input files
...
001 (15697407.646.000) 2026-01-22 13:30:04 Job executing on host: <130.199.184.155:9618?addrs=130.199.184.155-9618&alias=spool1764.sdcc.bnl.gov&noUDP&sock=startd_4355_66ea>
...
006 (15697407.646.000) 2026-01-22 13:30:12 Image size of job updated: 422420
	75  -  MemoryUsage of job (MB)
	76644  -  ResidentSetSize of job (KB)
...
006 (15697407.646.000) 2026-01-22 13:35:12 Image size of job updated: 450868
	103  -  MemoryUsage of job (MB)
	104948  -  ResidentSetSize of job (KB)
...
040 (15697407.646.000) 2026-01-22 13:42:08 Started transferring output files
...
040 (15697407.646.000) 2026-01-22 13:42:08 Finished transferring output files
...
005 (15697407.646.000) 2026-01-22 13:42:08 Job terminated.
	(1) Normal termination (return value 0)
		Usr 0 00:11:53, Sys 0 00:00:08  -  Run Remote Usage
		Usr 0 00:00:00, Sys 0 00:00:00  -  Run Local Usage
		Usr 0 00:11:53, Sys 0 00:00:08  -  Total Remote Usage
		Usr 0 00:00:00, Sys 0 00:00:00  -  Total Local Usage
	177  -  Run Bytes Sent By Job
	148880  -  Run Bytes Received By Job
	177  -  Total Bytes Sent By Job
	148880  -  Total Bytes Received By Job
	Partitionable Resources :    Usage  Request Allocated 
	   Cpus                 :     0.99        1         1 
	   Disk (KB)            :   164     2097152   6681581 
	   Memory (MB)          :   103        4096      4096 
	   xferslots            :                           0 

	Job terminated of its own accord at 2026-01-22T18:42:07Z with exit-code 0.
...
