000 (15697407.474.000) 2026-01-21 18:36:42 Job submitted from host: <130.199.48.129:9618?addrs=130.199.48.129-9618&alias=rcas6009.rcf.bnl.gov&noUDP&sock=schedd_22421_101d>
...
040 (15697407.474.000) 2026-01-22 09:58:46 Started transferring input files
	Transferring to host: <130.199.186.67:9618?addrs=130.199.186.67-9618&alias=spool1830.sdcc.bnl.gov&noUDP&sock=slot1_10_93693_46c6_246059>
...
040 (15697407.474.000) 2026-01-22 09:58:46 Finished transferring input files
...
001 (15697407.474.000) 2026-01-22 09:58:47 Job executing on host: <130.199.186.67:9618?addrs=130.199.186.67-9618&alias=spool1830.sdcc.bnl.gov&noUDP&sock=startd_93684_e71e>
...
006 (15697407.474.000) 2026-01-22 09:58:56 Image size of job updated: 330996
	80  -  MemoryUsage of job (MB)
	81116  -  ResidentSetSize of job (KB)
...
006 (15697407.474.000) 2026-01-22 10:03:57 Image size of job updated: 449244
	119  -  MemoryUsage of job (MB)
	121672  -  ResidentSetSize of job (KB)
...
040 (15697407.474.000) 2026-01-22 10:20:48 Started transferring output files
...
040 (15697407.474.000) 2026-01-22 10:20:48 Finished transferring output files
...
005 (15697407.474.000) 2026-01-22 10:20:48 Job terminated.
	(1) Normal termination (return value 0)
		Usr 0 00:21:35, Sys 0 00:00:15  -  Run Remote Usage
		Usr 0 00:00:00, Sys 0 00:00:00  -  Run Local Usage
		Usr 0 00:21:35, Sys 0 00:00:15  -  Total Remote Usage
		Usr 0 00:00:00, Sys 0 00:00:00  -  Total Local Usage
	247  -  Run Bytes Sent By Job
	148880  -  Run Bytes Received By Job
	247  -  Total Bytes Sent By Job
	148880  -  Total Bytes Received By Job
	Partitionable Resources :    Usage  Request Allocated 
	   Cpus                 :     0.98        1         1 
	   Disk (KB)            :   164     2097152   6681578 
	   Memory (MB)          :   119        4096      4096 
	   xferslots            :                           0 

	Job terminated of its own accord at 2026-01-22T15:20:48Z with exit-code 0.
...
