000 (15560432.1037.000) 2026-01-07 17:58:17 Job submitted from host: <130.199.48.129:9618?addrs=130.199.48.129-9618&alias=rcas6009.rcf.bnl.gov&noUDP&sock=schedd_22421_101d>
...
040 (15560432.1037.000) 2026-01-07 21:00:16 Started transferring input files
	Transferring to host: <130.199.186.93:9618?addrs=130.199.186.93-9618&alias=spool1856.sdcc.bnl.gov&noUDP&sock=slot1_79_94268_e1f6_181610>
...
040 (15560432.1037.000) 2026-01-07 21:00:16 Finished transferring input files
...
001 (15560432.1037.000) 2026-01-07 21:00:17 Job executing on host: <130.199.186.93:9618?addrs=130.199.186.93-9618&alias=spool1856.sdcc.bnl.gov&noUDP&sock=startd_94259_e20f>
...
006 (15560432.1037.000) 2026-01-07 21:00:26 Image size of job updated: 420900
	80  -  MemoryUsage of job (MB)
	81588  -  ResidentSetSize of job (KB)
...
006 (15560432.1037.000) 2026-01-07 21:02:19 Image size of job updated: 448348
	80  -  MemoryUsage of job (MB)
	81588  -  ResidentSetSize of job (KB)
...
040 (15560432.1037.000) 2026-01-07 21:02:19 Started transferring output files
...
040 (15560432.1037.000) 2026-01-07 21:02:19 Finished transferring output files
...
005 (15560432.1037.000) 2026-01-07 21:02:19 Job terminated.
	(1) Normal termination (return value 0)
		Usr 0 00:01:58, Sys 0 00:00:02  -  Run Remote Usage
		Usr 0 00:00:00, Sys 0 00:00:00  -  Run Local Usage
		Usr 0 00:01:58, Sys 0 00:00:02  -  Total Remote Usage
		Usr 0 00:00:00, Sys 0 00:00:00  -  Total Local Usage
	109  -  Run Bytes Sent By Job
	144352  -  Run Bytes Received By Job
	109  -  Total Bytes Sent By Job
	144352  -  Total Bytes Received By Job
	Partitionable Resources :    Usage  Request Allocated 
	   Cpus                 :                 1         1 
	   Disk (KB)            :      153  2097152   6681548 
	   Memory (MB)          :       80     4096      4096 
	   xferslots            :                           0 

	Job terminated of its own accord at 2026-01-08T02:02:19Z with exit-code 0.
...
