000 (15684821.166.000) 2026-01-19 15:56:20 Job submitted from host: <130.199.48.129:9618?addrs=130.199.48.129-9618&alias=rcas6009.rcf.bnl.gov&noUDP&sock=schedd_22421_101d>
...
040 (15684821.166.000) 2026-01-19 16:05:56 Started transferring input files
	Transferring to host: <130.199.184.194:9618?addrs=130.199.184.194-9618&alias=spool1769.sdcc.bnl.gov&noUDP&sock=slot1_55_95939_d340_244859>
...
040 (15684821.166.000) 2026-01-19 16:05:56 Finished transferring input files
...
001 (15684821.166.000) 2026-01-19 16:05:57 Job executing on host: <130.199.184.194:9618?addrs=130.199.184.194-9618&alias=spool1769.sdcc.bnl.gov&noUDP&sock=startd_95928_19b9>
...
006 (15684821.166.000) 2026-01-19 16:06:06 Image size of job updated: 351716
	103  -  MemoryUsage of job (MB)
	104688  -  ResidentSetSize of job (KB)
...
006 (15684821.166.000) 2026-01-19 16:11:07 Image size of job updated: 695864
	143  -  MemoryUsage of job (MB)
	145892  -  ResidentSetSize of job (KB)
...
040 (15684821.166.000) 2026-01-19 17:02:48 Started transferring output files
...
040 (15684821.166.000) 2026-01-19 17:02:48 Finished transferring output files
...
005 (15684821.166.000) 2026-01-19 17:02:48 Job terminated.
	(1) Normal termination (return value 0)
		Usr 0 00:53:14, Sys 0 00:01:52  -  Run Remote Usage
		Usr 0 00:00:00, Sys 0 00:00:00  -  Run Local Usage
		Usr 0 00:53:14, Sys 0 00:01:52  -  Total Remote Usage
		Usr 0 00:00:00, Sys 0 00:00:00  -  Total Local Usage
	373  -  Run Bytes Sent By Job
	148880  -  Run Bytes Received By Job
	373  -  Total Bytes Sent By Job
	148880  -  Total Bytes Received By Job
	Partitionable Resources :    Usage  Request Allocated 
	   Cpus                 :     0.93        1         1 
	   Disk (KB)            :   163     2097152   6681581 
	   Memory (MB)          :   143        4096      4096 
	   xferslots            :                           0 

	Job terminated of its own accord at 2026-01-19T22:02:48Z with exit-code 0.
...
