000 (15690120.380.000) 2026-01-20 07:35:55 Job submitted from host: <130.199.48.129:9618?addrs=130.199.48.129-9618&alias=rcas6009.rcf.bnl.gov&noUDP&sock=schedd_22421_101d>
...
040 (15690120.380.000) 2026-01-21 08:10:49 Started transferring input files
	Transferring to host: <130.199.184.159:9618?addrs=130.199.184.159-9618&alias=spool1768.sdcc.bnl.gov&noUDP&sock=slot1_67_6355_eafc_249494>
...
040 (15690120.380.000) 2026-01-21 08:10:49 Finished transferring input files
...
001 (15690120.380.000) 2026-01-21 08:10:50 Job executing on host: <130.199.184.159:9618?addrs=130.199.184.159-9618&alias=spool1768.sdcc.bnl.gov&noUDP&sock=startd_6346_8743>
...
006 (15690120.380.000) 2026-01-21 08:10:58 Image size of job updated: 420984
	99  -  MemoryUsage of job (MB)
	100832  -  ResidentSetSize of job (KB)
...
006 (15690120.380.000) 2026-01-21 08:15:58 Image size of job updated: 448036
	120  -  MemoryUsage of job (MB)
	122732  -  ResidentSetSize of job (KB)
...
040 (15690120.380.000) 2026-01-21 08:38:30 Started transferring output files
...
040 (15690120.380.000) 2026-01-21 08:38:30 Finished transferring output files
...
005 (15690120.380.000) 2026-01-21 08:38:30 Job terminated.
	(1) Normal termination (return value 0)
		Usr 0 00:26:27, Sys 0 00:00:19  -  Run Remote Usage
		Usr 0 00:00:00, Sys 0 00:00:00  -  Run Local Usage
		Usr 0 00:26:27, Sys 0 00:00:19  -  Total Remote Usage
		Usr 0 00:00:00, Sys 0 00:00:00  -  Total Local Usage
	261  -  Run Bytes Sent By Job
	148880  -  Run Bytes Received By Job
	261  -  Total Bytes Sent By Job
	148880  -  Total Bytes Received By Job
	Partitionable Resources :    Usage  Request Allocated 
	   Cpus                 :     0.99        1         1 
	   Disk (KB)            :   164     2097152   6681586 
	   Memory (MB)          :   120        4096      4096 
	   xferslots            :                           0 

	Job terminated of its own accord at 2026-01-21T13:38:30Z with exit-code 0.
...
