000 (15697407.983.000) 2026-01-21 18:36:43 Job submitted from host: <130.199.48.129:9618?addrs=130.199.48.129-9618&alias=rcas6009.rcf.bnl.gov&noUDP&sock=schedd_22421_101d>
...
040 (15697407.983.000) 2026-01-22 17:20:21 Started transferring input files
	Transferring to host: <130.199.186.28:9618?addrs=130.199.186.28-9618&alias=spool1825.sdcc.bnl.gov&noUDP&sock=slot1_16_94014_5146_274490>
...
040 (15697407.983.000) 2026-01-22 17:20:21 Finished transferring input files
...
001 (15697407.983.000) 2026-01-22 17:20:22 Job executing on host: <130.199.186.28:9618?addrs=130.199.186.28-9618&alias=spool1825.sdcc.bnl.gov&noUDP&sock=startd_94005_7ec9>
...
006 (15697407.983.000) 2026-01-22 17:20:31 Image size of job updated: 420740
	77  -  MemoryUsage of job (MB)
	78140  -  ResidentSetSize of job (KB)
...
006 (15697407.983.000) 2026-01-22 17:25:32 Image size of job updated: 424280
	98  -  MemoryUsage of job (MB)
	99708  -  ResidentSetSize of job (KB)
...
006 (15697407.983.000) 2026-01-22 17:35:32 Image size of job updated: 424280
	98  -  MemoryUsage of job (MB)
	99712  -  ResidentSetSize of job (KB)
...
006 (15697407.983.000) 2026-01-22 17:40:33 Image size of job updated: 424280
	98  -  MemoryUsage of job (MB)
	99716  -  ResidentSetSize of job (KB)
...
040 (15697407.983.000) 2026-01-22 17:41:22 Started transferring output files
...
040 (15697407.983.000) 2026-01-22 17:41:22 Finished transferring output files
...
005 (15697407.983.000) 2026-01-22 17:41:22 Job terminated.
	(1) Normal termination (return value 0)
		Usr 0 00:20:40, Sys 0 00:00:12  -  Run Remote Usage
		Usr 0 00:00:00, Sys 0 00:00:00  -  Run Local Usage
		Usr 0 00:20:40, Sys 0 00:00:12  -  Total Remote Usage
		Usr 0 00:00:00, Sys 0 00:00:00  -  Total Local Usage
	233  -  Run Bytes Sent By Job
	148880  -  Run Bytes Received By Job
	233  -  Total Bytes Sent By Job
	148880  -  Total Bytes Received By Job
	Partitionable Resources :    Usage  Request Allocated 
	   Cpus                 :     0.97        1         1 
	   Disk (KB)            :   164     2097152   6681577 
	   Memory (MB)          :    98        4096      4096 
	   xferslots            :                           0 

	Job terminated of its own accord at 2026-01-22T22:41:21Z with exit-code 0.
...
