000 (15690120.864.000) 2026-01-20 07:35:56 Job submitted from host: <130.199.48.129:9618?addrs=130.199.48.129-9618&alias=rcas6009.rcf.bnl.gov&noUDP&sock=schedd_22421_101d>
...
040 (15690120.864.000) 2026-01-21 13:33:04 Started transferring input files
	Transferring to host: <130.199.150.92:9618?addrs=130.199.150.92-9618&alias=spool1573.sdcc.bnl.gov&noUDP&sock=slot1_78_96627_e030_256031>
...
040 (15690120.864.000) 2026-01-21 13:33:04 Finished transferring input files
...
001 (15690120.864.000) 2026-01-21 13:33:05 Job executing on host: <130.199.150.92:9618?addrs=130.199.150.92-9618&alias=spool1573.sdcc.bnl.gov&noUDP&sock=startd_96618_7a0d>
...
006 (15690120.864.000) 2026-01-21 13:33:14 Image size of job updated: 422400
	68  -  MemoryUsage of job (MB)
	68916  -  ResidentSetSize of job (KB)
...
006 (15690120.864.000) 2026-01-21 13:38:15 Image size of job updated: 449880
	86  -  MemoryUsage of job (MB)
	87956  -  ResidentSetSize of job (KB)
...
040 (15690120.864.000) 2026-01-21 13:39:51 Started transferring output files
...
040 (15690120.864.000) 2026-01-21 13:39:51 Finished transferring output files
...
005 (15690120.864.000) 2026-01-21 13:39:51 Job terminated.
	(1) Normal termination (return value 0)
		Usr 0 00:06:30, Sys 0 00:00:06  -  Run Remote Usage
		Usr 0 00:00:00, Sys 0 00:00:00  -  Run Local Usage
		Usr 0 00:06:30, Sys 0 00:00:06  -  Total Remote Usage
		Usr 0 00:00:00, Sys 0 00:00:00  -  Total Local Usage
	122  -  Run Bytes Sent By Job
	148880  -  Run Bytes Received By Job
	122  -  Total Bytes Sent By Job
	148880  -  Total Bytes Received By Job
	Partitionable Resources :    Usage  Request Allocated 
	   Cpus                 :     0.99        1         1 
	   Disk (KB)            :   163     2097152   6681191 
	   Memory (MB)          :    86        4096      4096 
	   xferslots            :                           0 

	Job terminated of its own accord at 2026-01-21T18:39:51Z with exit-code 0.
...
