000 (15684821.216.000) 2026-01-19 15:56:20 Job submitted from host: <130.199.48.129:9618?addrs=130.199.48.129-9618&alias=rcas6009.rcf.bnl.gov&noUDP&sock=schedd_22421_101d>
...
040 (15684821.216.000) 2026-01-19 16:10:03 Started transferring input files
	Transferring to host: <130.199.150.77:9618?addrs=130.199.150.77-9618&alias=spool1558.sdcc.bnl.gov&noUDP&sock=slot1_74_49269_921f_233619>
...
040 (15684821.216.000) 2026-01-19 16:10:03 Finished transferring input files
...
001 (15684821.216.000) 2026-01-19 16:10:04 Job executing on host: <130.199.150.77:9618?addrs=130.199.150.77-9618&alias=spool1558.sdcc.bnl.gov&noUDP&sock=startd_49259_f37d>
...
006 (15684821.216.000) 2026-01-19 16:10:17 Image size of job updated: 422452
	96  -  MemoryUsage of job (MB)
	98280  -  ResidentSetSize of job (KB)
...
006 (15684821.216.000) 2026-01-19 16:15:19 Image size of job updated: 450984
	116  -  MemoryUsage of job (MB)
	117940  -  ResidentSetSize of job (KB)
...
040 (15684821.216.000) 2026-01-19 16:34:33 Started transferring output files
...
040 (15684821.216.000) 2026-01-19 16:34:33 Finished transferring output files
...
005 (15684821.216.000) 2026-01-19 16:34:33 Job terminated.
	(1) Normal termination (return value 0)
		Usr 0 00:23:03, Sys 0 00:00:15  -  Run Remote Usage
		Usr 0 00:00:00, Sys 0 00:00:00  -  Run Local Usage
		Usr 0 00:23:03, Sys 0 00:00:15  -  Total Remote Usage
		Usr 0 00:00:00, Sys 0 00:00:00  -  Total Local Usage
	233  -  Run Bytes Sent By Job
	148880  -  Run Bytes Received By Job
	233  -  Total Bytes Sent By Job
	148880  -  Total Bytes Received By Job
	Partitionable Resources :    Usage  Request Allocated 
	   Cpus                 :     0.95        1         1 
	   Disk (KB)            :   164     2097152   6681195 
	   Memory (MB)          :   116        4096      4096 
	   xferslots            :                           0 

	Job terminated of its own accord at 2026-01-19T21:34:32Z with exit-code 0.
...
