000 (16235385.511.000) 2026-01-23 10:57:28 Job submitted from host: <130.199.48.128:9618?addrs=130.199.48.128-9618&alias=rcas6008.rcf.bnl.gov&noUDP&sock=schedd_18725_535a>
...
040 (16235385.511.000) 2026-01-23 12:10:30 Started transferring input files
	Transferring to host: <130.199.186.66:9618?addrs=130.199.186.66-9618&alias=spool1829.sdcc.bnl.gov&noUDP&sock=slot1_7_93926_5593_269552>
...
040 (16235385.511.000) 2026-01-23 12:10:30 Finished transferring input files
...
001 (16235385.511.000) 2026-01-23 12:10:31 Job executing on host: <130.199.186.66:9618?addrs=130.199.186.66-9618&alias=spool1829.sdcc.bnl.gov&noUDP&sock=startd_93917_a4f5>
...
006 (16235385.511.000) 2026-01-23 12:10:40 Image size of job updated: 342736
	40  -  MemoryUsage of job (MB)
	40728  -  ResidentSetSize of job (KB)
...
006 (16235385.511.000) 2026-01-23 12:15:41 Image size of job updated: 424068
	97  -  MemoryUsage of job (MB)
	98796  -  ResidentSetSize of job (KB)
...
006 (16235385.511.000) 2026-01-23 12:20:41 Image size of job updated: 424204
	97  -  MemoryUsage of job (MB)
	98984  -  ResidentSetSize of job (KB)
...
040 (16235385.511.000) 2026-01-23 12:24:51 Started transferring output files
...
040 (16235385.511.000) 2026-01-23 12:24:51 Finished transferring output files
...
005 (16235385.511.000) 2026-01-23 12:24:51 Job terminated.
	(1) Normal termination (return value 0)
		Usr 0 00:14:01, Sys 0 00:00:09  -  Run Remote Usage
		Usr 0 00:00:00, Sys 0 00:00:00  -  Run Local Usage
		Usr 0 00:14:01, Sys 0 00:00:09  -  Total Remote Usage
		Usr 0 00:00:00, Sys 0 00:00:00  -  Total Local Usage
	205  -  Run Bytes Sent By Job
	148880  -  Run Bytes Received By Job
	205  -  Total Bytes Sent By Job
	148880  -  Total Bytes Received By Job
	Partitionable Resources :    Usage  Request Allocated 
	   Cpus                 :     1.00        1         1 
	   Disk (KB)            :   163     2097152   6681577 
	   Memory (MB)          :    97        4096      4096 
	   xferslots            :                           0 

	Job terminated of its own accord at 2026-01-23T17:24:51Z with exit-code 0.
...
