000 (16235385.357.000) 2026-01-23 10:57:27 Job submitted from host: <130.199.48.128:9618?addrs=130.199.48.128-9618&alias=rcas6008.rcf.bnl.gov&noUDP&sock=schedd_18725_535a>
...
040 (16235385.357.000) 2026-01-23 12:05:43 Started transferring input files
	Transferring to host: <130.199.151.9:9618?addrs=130.199.151.9-9618&alias=spool1587.sdcc.bnl.gov&noUDP&sock=slot1_59_94988_903f_260074>
...
040 (16235385.357.000) 2026-01-23 12:05:43 Finished transferring input files
...
001 (16235385.357.000) 2026-01-23 12:05:44 Job executing on host: <130.199.151.9:9618?addrs=130.199.151.9-9618&alias=spool1587.sdcc.bnl.gov&noUDP&sock=startd_94980_1209>
...
006 (16235385.357.000) 2026-01-23 12:05:53 Image size of job updated: 419996
	62  -  MemoryUsage of job (MB)
	62992  -  ResidentSetSize of job (KB)
...
006 (16235385.357.000) 2026-01-23 12:07:16 Image size of job updated: 424260
	62  -  MemoryUsage of job (MB)
	62992  -  ResidentSetSize of job (KB)
...
040 (16235385.357.000) 2026-01-23 12:07:16 Started transferring output files
...
040 (16235385.357.000) 2026-01-23 12:07:16 Finished transferring output files
...
005 (16235385.357.000) 2026-01-23 12:07:16 Job terminated.
	(1) Normal termination (return value 0)
		Usr 0 00:01:27, Sys 0 00:00:01  -  Run Remote Usage
		Usr 0 00:00:00, Sys 0 00:00:00  -  Run Local Usage
		Usr 0 00:01:27, Sys 0 00:00:01  -  Total Remote Usage
		Usr 0 00:00:00, Sys 0 00:00:00  -  Total Local Usage
	70  -  Run Bytes Sent By Job
	148880  -  Run Bytes Received By Job
	70  -  Total Bytes Sent By Job
	148880  -  Total Bytes Received By Job
	Partitionable Resources :    Usage  Request Allocated 
	   Cpus                 :                 1         1 
	   Disk (KB)            :      157  2097152   6681195 
	   Memory (MB)          :       62     4096      4096 
	   xferslots            :                           0 

	Job terminated of its own accord at 2026-01-23T17:07:16Z with exit-code 0.
...
