000 (15560432.404.000) 2026-01-07 17:58:16 Job submitted from host: <130.199.48.129:9618?addrs=130.199.48.129-9618&alias=rcas6009.rcf.bnl.gov&noUDP&sock=schedd_22421_101d>
...
040 (15560432.404.000) 2026-01-07 20:38:52 Started transferring input files
	Transferring to host: <130.199.186.27:9618?addrs=130.199.186.27-9618&alias=spool1824.sdcc.bnl.gov&noUDP&sock=slot1_93_94218_f5db_182482>
...
040 (15560432.404.000) 2026-01-07 20:38:52 Finished transferring input files
...
001 (15560432.404.000) 2026-01-07 20:38:53 Job executing on host: <130.199.186.27:9618?addrs=130.199.186.27-9618&alias=spool1824.sdcc.bnl.gov&noUDP&sock=startd_94209_0f05>
...
006 (15560432.404.000) 2026-01-07 20:39:02 Image size of job updated: 420140
	82  -  MemoryUsage of job (MB)
	83600  -  ResidentSetSize of job (KB)
...
006 (15560432.404.000) 2026-01-07 20:44:03 Image size of job updated: 424664
	108  -  MemoryUsage of job (MB)
	109956  -  ResidentSetSize of job (KB)
...
006 (15560432.404.000) 2026-01-07 20:49:04 Image size of job updated: 424856
	108  -  MemoryUsage of job (MB)
	110016  -  ResidentSetSize of job (KB)
...
040 (15560432.404.000) 2026-01-07 20:50:37 Started transferring output files
...
040 (15560432.404.000) 2026-01-07 20:50:37 Finished transferring output files
...
005 (15560432.404.000) 2026-01-07 20:50:37 Job terminated.
	(1) Normal termination (return value 0)
		Usr 0 00:11:30, Sys 0 00:00:11  -  Run Remote Usage
		Usr 0 00:00:00, Sys 0 00:00:00  -  Run Local Usage
		Usr 0 00:11:30, Sys 0 00:00:11  -  Total Remote Usage
		Usr 0 00:00:00, Sys 0 00:00:00  -  Total Local Usage
	275  -  Run Bytes Sent By Job
	144352  -  Run Bytes Received By Job
	275  -  Total Bytes Sent By Job
	144352  -  Total Bytes Received By Job
	Partitionable Resources :    Usage  Request Allocated 
	   Cpus                 :     0.99        1         1 
	   Disk (KB)            :   159     2097152   6681576 
	   Memory (MB)          :   108        4096      4096 
	   xferslots            :                           0 

	Job terminated of its own accord at 2026-01-08T01:50:37Z with exit-code 0.
...
