000 (15564188.805.000) 2026-01-07 21:29:41 Job submitted from host: <130.199.48.129:9618?addrs=130.199.48.129-9618&alias=rcas6009.rcf.bnl.gov&noUDP&sock=schedd_22421_101d>
...
040 (15564188.805.000) 2026-01-08 01:52:11 Started transferring input files
	Transferring to host: <130.199.186.86:9618?addrs=130.199.186.86-9618&alias=spool1849.sdcc.bnl.gov&noUDP&sock=slot1_5_24370_03c5_190685>
...
040 (15564188.805.000) 2026-01-08 01:52:11 Finished transferring input files
...
001 (15564188.805.000) 2026-01-08 01:52:12 Job executing on host: <130.199.186.86:9618?addrs=130.199.186.86-9618&alias=spool1849.sdcc.bnl.gov&noUDP&sock=startd_24362_5d6c>
...
006 (15564188.805.000) 2026-01-08 01:52:22 Image size of job updated: 421804
	71  -  MemoryUsage of job (MB)
	72016  -  ResidentSetSize of job (KB)
...
006 (15564188.805.000) 2026-01-08 01:53:23 Image size of job updated: 449636
	71  -  MemoryUsage of job (MB)
	72016  -  ResidentSetSize of job (KB)
...
040 (15564188.805.000) 2026-01-08 01:53:23 Started transferring output files
...
040 (15564188.805.000) 2026-01-08 01:53:23 Finished transferring output files
...
005 (15564188.805.000) 2026-01-08 01:53:23 Job terminated.
	(1) Normal termination (return value 0)
		Usr 0 00:01:03, Sys 0 00:00:01  -  Run Remote Usage
		Usr 0 00:00:00, Sys 0 00:00:00  -  Run Local Usage
		Usr 0 00:01:03, Sys 0 00:00:01  -  Total Remote Usage
		Usr 0 00:00:00, Sys 0 00:00:00  -  Total Local Usage
	83  -  Run Bytes Sent By Job
	144352  -  Run Bytes Received By Job
	83  -  Total Bytes Sent By Job
	144352  -  Total Bytes Received By Job
	Partitionable Resources :    Usage  Request Allocated 
	   Cpus                 :     0.18        1         1 
	   Disk (KB)            :   159     2097152   6681508 
	   Memory (MB)          :    71        4096      4096 
	   xferslots            :                           0 

	Job terminated of its own accord at 2026-01-08T06:53:23Z with exit-code 0.
...
