000 (16235385.1210.000) 2026-01-23 10:57:31 Job submitted from host: <130.199.48.128:9618?addrs=130.199.48.128-9618&alias=rcas6008.rcf.bnl.gov&noUDP&sock=schedd_18725_535a>
...
040 (16235385.1210.000) 2026-01-23 12:31:00 Started transferring input files
	Transferring to host: <130.199.184.194:9618?addrs=130.199.184.194-9618&alias=spool1769.sdcc.bnl.gov&noUDP&sock=slot1_53_95939_d340_262468>
...
040 (16235385.1210.000) 2026-01-23 12:31:00 Finished transferring input files
...
001 (16235385.1210.000) 2026-01-23 12:31:02 Job executing on host: <130.199.184.194:9618?addrs=130.199.184.194-9618&alias=spool1769.sdcc.bnl.gov&noUDP&sock=startd_95928_19b9>
...
006 (16235385.1210.000) 2026-01-23 12:31:10 Image size of job updated: 420948
	73  -  MemoryUsage of job (MB)
	73820  -  ResidentSetSize of job (KB)
...
006 (16235385.1210.000) 2026-01-23 12:36:10 Image size of job updated: 424260
	92  -  MemoryUsage of job (MB)
	93808  -  ResidentSetSize of job (KB)
...
040 (16235385.1210.000) 2026-01-23 12:38:36 Started transferring output files
...
040 (16235385.1210.000) 2026-01-23 12:38:36 Finished transferring output files
...
005 (16235385.1210.000) 2026-01-23 12:38:36 Job terminated.
	(1) Normal termination (return value 0)
		Usr 0 00:07:28, Sys 0 00:00:05  -  Run Remote Usage
		Usr 0 00:00:00, Sys 0 00:00:00  -  Run Local Usage
		Usr 0 00:07:28, Sys 0 00:00:05  -  Total Remote Usage
		Usr 0 00:00:00, Sys 0 00:00:00  -  Total Local Usage
	177  -  Run Bytes Sent By Job
	148880  -  Run Bytes Received By Job
	177  -  Total Bytes Sent By Job
	148880  -  Total Bytes Received By Job
	Partitionable Resources :    Usage  Request Allocated 
	   Cpus                 :     0.99        1         1 
	   Disk (KB)            :   164     2097152   6681581 
	   Memory (MB)          :    92        4096      4096 
	   xferslots            :                           0 

	Job terminated of its own accord at 2026-01-23T17:38:36Z with exit-code 0.
...
