000 (15560432.946.000) 2026-01-07 17:58:17 Job submitted from host: <130.199.48.129:9618?addrs=130.199.48.129-9618&alias=rcas6009.rcf.bnl.gov&noUDP&sock=schedd_22421_101d>
...
040 (15560432.946.000) 2026-01-07 20:58:29 Started transferring input files
	Transferring to host: <130.199.186.91:9618?addrs=130.199.186.91-9618&alias=spool1854.sdcc.bnl.gov&noUDP&sock=slot1_43_94212_879b_193486>
...
040 (15560432.946.000) 2026-01-07 20:58:29 Finished transferring input files
...
001 (15560432.946.000) 2026-01-07 20:58:30 Job executing on host: <130.199.186.91:9618?addrs=130.199.186.91-9618&alias=spool1854.sdcc.bnl.gov&noUDP&sock=startd_94203_28e5>
...
006 (15560432.946.000) 2026-01-07 20:58:39 Image size of job updated: 341532
	71  -  MemoryUsage of job (MB)
	72048  -  ResidentSetSize of job (KB)
...
006 (15560432.946.000) 2026-01-07 21:03:36 Image size of job updated: 424340
	71  -  MemoryUsage of job (MB)
	72048  -  ResidentSetSize of job (KB)
...
040 (15560432.946.000) 2026-01-07 21:03:37 Started transferring output files
...
040 (15560432.946.000) 2026-01-07 21:03:37 Finished transferring output files
...
005 (15560432.946.000) 2026-01-07 21:03:37 Job terminated.
	(1) Normal termination (return value 0)
		Usr 0 00:04:59, Sys 0 00:00:05  -  Run Remote Usage
		Usr 0 00:00:00, Sys 0 00:00:00  -  Run Local Usage
		Usr 0 00:04:59, Sys 0 00:00:05  -  Total Remote Usage
		Usr 0 00:00:00, Sys 0 00:00:00  -  Total Local Usage
	163  -  Run Bytes Sent By Job
	144352  -  Run Bytes Received By Job
	163  -  Total Bytes Sent By Job
	144352  -  Total Bytes Received By Job
	Partitionable Resources :    Usage  Request Allocated 
	   Cpus                 :     0.99        1         1 
	   Disk (KB)            :   159     2097152   6681568 
	   Memory (MB)          :    71        4096      4096 
	   xferslots            :                           0 

	Job terminated of its own accord at 2026-01-08T02:03:36Z with exit-code 0.
...
