000 (15690120.744.000) 2026-01-20 07:35:56 Job submitted from host: <130.199.48.129:9618?addrs=130.199.48.129-9618&alias=rcas6009.rcf.bnl.gov&noUDP&sock=schedd_22421_101d>
...
040 (15690120.744.000) 2026-01-21 12:38:54 Started transferring input files
	Transferring to host: <130.199.151.12:9618?addrs=130.199.151.12-9618&alias=spool1590.sdcc.bnl.gov&noUDP&sock=slot1_15_94971_0288_292061>
...
040 (15690120.744.000) 2026-01-21 12:38:54 Finished transferring input files
...
001 (15690120.744.000) 2026-01-21 12:38:55 Job executing on host: <130.199.151.12:9618?addrs=130.199.151.12-9618&alias=spool1590.sdcc.bnl.gov&noUDP&sock=startd_94962_5fa9>
...
006 (15690120.744.000) 2026-01-21 12:39:03 Image size of job updated: 422436
	75  -  MemoryUsage of job (MB)
	76084  -  ResidentSetSize of job (KB)
...
006 (15690120.744.000) 2026-01-21 12:44:03 Image size of job updated: 449560
	105  -  MemoryUsage of job (MB)
	107184  -  ResidentSetSize of job (KB)
...
040 (15690120.744.000) 2026-01-21 12:53:06 Started transferring output files
...
040 (15690120.744.000) 2026-01-21 12:53:06 Finished transferring output files
...
005 (15690120.744.000) 2026-01-21 12:53:06 Job terminated.
	(1) Normal termination (return value 0)
		Usr 0 00:13:57, Sys 0 00:00:11  -  Run Remote Usage
		Usr 0 00:00:00, Sys 0 00:00:00  -  Run Local Usage
		Usr 0 00:13:57, Sys 0 00:00:11  -  Total Remote Usage
		Usr 0 00:00:00, Sys 0 00:00:00  -  Total Local Usage
	191  -  Run Bytes Sent By Job
	148880  -  Run Bytes Received By Job
	191  -  Total Bytes Sent By Job
	148880  -  Total Bytes Received By Job
	Partitionable Resources :    Usage  Request Allocated 
	   Cpus                 :     0.99        1         1 
	   Disk (KB)            :   164     2097152   6681190 
	   Memory (MB)          :   105        4096      4096 
	   xferslots            :                           0 

	Job terminated of its own accord at 2026-01-21T17:53:06Z with exit-code 0.
...
