000 (16235385.250.000) 2026-01-23 10:57:26 Job submitted from host: <130.199.48.128:9618?addrs=130.199.48.128-9618&alias=rcas6008.rcf.bnl.gov&noUDP&sock=schedd_18725_535a>
...
040 (16235385.250.000) 2026-01-23 11:59:44 Started transferring input files
	Transferring to host: <130.199.150.96:9618?addrs=130.199.150.96-9618&alias=spool1577.sdcc.bnl.gov&noUDP&sock=slot1_47_24963_e9b7_251002>
...
040 (16235385.250.000) 2026-01-23 11:59:44 Finished transferring input files
...
001 (16235385.250.000) 2026-01-23 11:59:45 Job executing on host: <130.199.150.96:9618?addrs=130.199.150.96-9618&alias=spool1577.sdcc.bnl.gov&noUDP&sock=startd_24954_b9b8>
...
006 (16235385.250.000) 2026-01-23 11:59:54 Image size of job updated: 342748
	40  -  MemoryUsage of job (MB)
	40720  -  ResidentSetSize of job (KB)
...
006 (16235385.250.000) 2026-01-23 12:04:55 Image size of job updated: 449220
	128  -  MemoryUsage of job (MB)
	130880  -  ResidentSetSize of job (KB)
...
040 (16235385.250.000) 2026-01-23 12:27:45 Started transferring output files
...
040 (16235385.250.000) 2026-01-23 12:27:45 Finished transferring output files
...
005 (16235385.250.000) 2026-01-23 12:27:45 Job terminated.
	(1) Normal termination (return value 0)
		Usr 0 00:27:11, Sys 0 00:00:17  -  Run Remote Usage
		Usr 0 00:00:00, Sys 0 00:00:00  -  Run Local Usage
		Usr 0 00:27:11, Sys 0 00:00:17  -  Total Remote Usage
		Usr 0 00:00:00, Sys 0 00:00:00  -  Total Local Usage
	289  -  Run Bytes Sent By Job
	148880  -  Run Bytes Received By Job
	289  -  Total Bytes Sent By Job
	148880  -  Total Bytes Received By Job
	Partitionable Resources :    Usage  Request Allocated 
	   Cpus                 :     1.00        1         1 
	   Disk (KB)            :   164     2097152   6681182 
	   Memory (MB)          :   128        4096      4096 
	   xferslots            :                           0 

	Job terminated of its own accord at 2026-01-23T17:27:45Z with exit-code 0.
...
