000 (15560432.518.000) 2026-01-07 17:58:16 Job submitted from host: <130.199.48.129:9618?addrs=130.199.48.129-9618&alias=rcas6009.rcf.bnl.gov&noUDP&sock=schedd_22421_101d>
...
040 (15560432.518.000) 2026-01-07 20:45:53 Started transferring input files
	Transferring to host: <130.199.151.30:9618?addrs=130.199.151.30-9618&alias=spool1608.sdcc.bnl.gov&noUDP&sock=slot1_49_96495_66a3_188009>
...
040 (15560432.518.000) 2026-01-07 20:45:53 Finished transferring input files
...
001 (15560432.518.000) 2026-01-07 20:45:54 Job executing on host: <130.199.151.30:9618?addrs=130.199.151.30-9618&alias=spool1608.sdcc.bnl.gov&noUDP&sock=startd_96487_0455>
...
006 (15560432.518.000) 2026-01-07 20:46:03 Image size of job updated: 135784
	102  -  MemoryUsage of job (MB)
	104348  -  ResidentSetSize of job (KB)
...
006 (15560432.518.000) 2026-01-07 20:51:04 Image size of job updated: 424720
	103  -  MemoryUsage of job (MB)
	105148  -  ResidentSetSize of job (KB)
...
040 (15560432.518.000) 2026-01-07 20:57:01 Started transferring output files
...
040 (15560432.518.000) 2026-01-07 20:57:01 Finished transferring output files
...
005 (15560432.518.000) 2026-01-07 20:57:01 Job terminated.
	(1) Normal termination (return value 0)
		Usr 0 00:10:51, Sys 0 00:00:10  -  Run Remote Usage
		Usr 0 00:00:00, Sys 0 00:00:00  -  Run Local Usage
		Usr 0 00:10:51, Sys 0 00:00:10  -  Total Remote Usage
		Usr 0 00:00:00, Sys 0 00:00:00  -  Total Local Usage
	261  -  Run Bytes Sent By Job
	144352  -  Run Bytes Received By Job
	261  -  Total Bytes Sent By Job
	144352  -  Total Bytes Received By Job
	Partitionable Resources :    Usage  Request Allocated 
	   Cpus                 :     0.99        1         1 
	   Disk (KB)            :   159     2097152   6681194 
	   Memory (MB)          :   103        4096      4096 
	   xferslots            :                           0 

	Job terminated of its own accord at 2026-01-08T01:57:01Z with exit-code 0.
...
