000 (15564188.1103.000) 2026-01-07 21:29:42 Job submitted from host: <130.199.48.129:9618?addrs=130.199.48.129-9618&alias=rcas6009.rcf.bnl.gov&noUDP&sock=schedd_22421_101d>
...
040 (15564188.1103.000) 2026-01-08 02:11:03 Started transferring input files
	Transferring to host: <130.199.186.75:9618?addrs=130.199.186.75-9618&alias=spool1838.sdcc.bnl.gov&noUDP&sock=slot1_10_24044_480e_194023>
...
040 (15564188.1103.000) 2026-01-08 02:11:03 Finished transferring input files
...
001 (15564188.1103.000) 2026-01-08 02:11:04 Job executing on host: <130.199.186.75:9618?addrs=130.199.186.75-9618&alias=spool1838.sdcc.bnl.gov&noUDP&sock=startd_24036_30a7>
...
006 (15564188.1103.000) 2026-01-08 02:11:13 Image size of job updated: 95112
	49  -  MemoryUsage of job (MB)
	49688  -  ResidentSetSize of job (KB)
...
006 (15564188.1103.000) 2026-01-08 02:13:25 Image size of job updated: 448808
	49  -  MemoryUsage of job (MB)
	49720  -  ResidentSetSize of job (KB)
...
040 (15564188.1103.000) 2026-01-08 02:13:25 Started transferring output files
...
040 (15564188.1103.000) 2026-01-08 02:13:25 Finished transferring output files
...
005 (15564188.1103.000) 2026-01-08 02:13:25 Job terminated.
	(1) Normal termination (return value 0)
		Usr 0 00:01:59, Sys 0 00:00:02  -  Run Remote Usage
		Usr 0 00:00:00, Sys 0 00:00:00  -  Run Local Usage
		Usr 0 00:01:59, Sys 0 00:00:02  -  Total Remote Usage
		Usr 0 00:00:00, Sys 0 00:00:00  -  Total Local Usage
	135  -  Run Bytes Sent By Job
	144352  -  Run Bytes Received By Job
	135  -  Total Bytes Sent By Job
	144352  -  Total Bytes Received By Job
	Partitionable Resources :    Usage  Request Allocated 
	   Cpus                 :                 1         1 
	   Disk (KB)            :      153  2097152   6681575 
	   Memory (MB)          :       49     4096      4096 
	   xferslots            :                           0 

	Job terminated of its own accord at 2026-01-08T07:13:25Z with exit-code 0.
...
