000 (16235385.477.000) 2026-01-23 10:57:27 Job submitted from host: <130.199.48.128:9618?addrs=130.199.48.128-9618&alias=rcas6008.rcf.bnl.gov&noUDP&sock=schedd_18725_535a>
...
040 (16235385.477.000) 2026-01-23 12:09:06 Started transferring input files
	Transferring to host: <130.199.186.75:9618?addrs=130.199.186.75-9618&alias=spool1838.sdcc.bnl.gov&noUDP&sock=slot1_36_24044_480e_267912>
...
040 (16235385.477.000) 2026-01-23 12:09:06 Finished transferring input files
...
001 (16235385.477.000) 2026-01-23 12:09:07 Job executing on host: <130.199.186.75:9618?addrs=130.199.186.75-9618&alias=spool1838.sdcc.bnl.gov&noUDP&sock=startd_24036_30a7>
...
006 (16235385.477.000) 2026-01-23 12:09:16 Image size of job updated: 99608
	67  -  MemoryUsage of job (MB)
	68384  -  ResidentSetSize of job (KB)
...
006 (16235385.477.000) 2026-01-23 12:14:04 Image size of job updated: 424236
	67  -  MemoryUsage of job (MB)
	68384  -  ResidentSetSize of job (KB)
...
040 (16235385.477.000) 2026-01-23 12:14:04 Started transferring output files
...
040 (16235385.477.000) 2026-01-23 12:14:04 Finished transferring output files
...
005 (16235385.477.000) 2026-01-23 12:14:04 Job terminated.
	(1) Normal termination (return value 0)
		Usr 0 00:04:49, Sys 0 00:00:03  -  Run Remote Usage
		Usr 0 00:00:00, Sys 0 00:00:00  -  Run Local Usage
		Usr 0 00:04:49, Sys 0 00:00:03  -  Total Remote Usage
		Usr 0 00:00:00, Sys 0 00:00:00  -  Total Local Usage
	135  -  Run Bytes Sent By Job
	148880  -  Run Bytes Received By Job
	135  -  Total Bytes Sent By Job
	148880  -  Total Bytes Received By Job
	Partitionable Resources :    Usage  Request Allocated 
	   Cpus                 :     1.00        1         1 
	   Disk (KB)            :   163     2097152   6681575 
	   Memory (MB)          :    67        4096      4096 
	   xferslots            :                           0 

	Job terminated of its own accord at 2026-01-23T17:14:04Z with exit-code 0.
...
