000 (15697407.057.000) 2026-01-21 18:36:41 Job submitted from host: <130.199.48.129:9618?addrs=130.199.48.129-9618&alias=rcas6009.rcf.bnl.gov&noUDP&sock=schedd_22421_101d>
...
040 (15697407.057.000) 2026-01-21 19:36:57 Started transferring input files
	Transferring to host: <130.199.186.72:9618?addrs=130.199.186.72-9618&alias=spool1835.sdcc.bnl.gov&noUDP&sock=slot1_8_95827_1e8a_254479>
...
040 (15697407.057.000) 2026-01-21 19:36:57 Finished transferring input files
...
001 (15697407.057.000) 2026-01-21 19:36:58 Job executing on host: <130.199.186.72:9618?addrs=130.199.186.72-9618&alias=spool1835.sdcc.bnl.gov&noUDP&sock=startd_95818_4970>
...
006 (15697407.057.000) 2026-01-21 19:37:07 Image size of job updated: 449800
	91  -  MemoryUsage of job (MB)
	92848  -  ResidentSetSize of job (KB)
...
006 (15697407.057.000) 2026-01-21 19:42:08 Image size of job updated: 449800
	109  -  MemoryUsage of job (MB)
	110836  -  ResidentSetSize of job (KB)
...
040 (15697407.057.000) 2026-01-21 19:51:00 Started transferring output files
...
040 (15697407.057.000) 2026-01-21 19:51:00 Finished transferring output files
...
005 (15697407.057.000) 2026-01-21 19:51:01 Job terminated.
	(1) Normal termination (return value 0)
		Usr 0 00:13:52, Sys 0 00:00:09  -  Run Remote Usage
		Usr 0 00:00:00, Sys 0 00:00:00  -  Run Local Usage
		Usr 0 00:13:52, Sys 0 00:00:09  -  Total Remote Usage
		Usr 0 00:00:00, Sys 0 00:00:00  -  Total Local Usage
	205  -  Run Bytes Sent By Job
	148880  -  Run Bytes Received By Job
	205  -  Total Bytes Sent By Job
	148880  -  Total Bytes Received By Job
	Partitionable Resources :    Usage  Request Allocated 
	   Cpus                 :     1.00        1         1 
	   Disk (KB)            :   164     2097152   6681562 
	   Memory (MB)          :   109        4096      4096 
	   xferslots            :                           0 

	Job terminated of its own accord at 2026-01-22T00:51:00Z with exit-code 0.
...
