000 (15690120.445.000) 2026-01-20 07:35:55 Job submitted from host: <130.199.48.129:9618?addrs=130.199.48.129-9618&alias=rcas6009.rcf.bnl.gov&noUDP&sock=schedd_22421_101d>
...
040 (15690120.445.000) 2026-01-21 08:53:31 Started transferring input files
	Transferring to host: <130.199.151.29:9618?addrs=130.199.151.29-9618&alias=spool1607.sdcc.bnl.gov&noUDP&sock=slot1_9_96586_9977_244414>
...
040 (15690120.445.000) 2026-01-21 08:53:31 Finished transferring input files
...
001 (15690120.445.000) 2026-01-21 08:53:32 Job executing on host: <130.199.151.29:9618?addrs=130.199.151.29-9618&alias=spool1607.sdcc.bnl.gov&noUDP&sock=startd_96578_d139>
...
006 (15690120.445.000) 2026-01-21 08:53:41 Image size of job updated: 109476
	77  -  MemoryUsage of job (MB)
	77988  -  ResidentSetSize of job (KB)
...
006 (15690120.445.000) 2026-01-21 08:58:42 Image size of job updated: 449420
	113  -  MemoryUsage of job (MB)
	114860  -  ResidentSetSize of job (KB)
...
040 (15690120.445.000) 2026-01-21 09:12:22 Started transferring output files
...
040 (15690120.445.000) 2026-01-21 09:12:22 Finished transferring output files
...
005 (15690120.445.000) 2026-01-21 09:12:22 Job terminated.
	(1) Normal termination (return value 0)
		Usr 0 00:18:24, Sys 0 00:00:13  -  Run Remote Usage
		Usr 0 00:00:00, Sys 0 00:00:00  -  Run Local Usage
		Usr 0 00:18:24, Sys 0 00:00:13  -  Total Remote Usage
		Usr 0 00:00:00, Sys 0 00:00:00  -  Total Local Usage
	233  -  Run Bytes Sent By Job
	148880  -  Run Bytes Received By Job
	233  -  Total Bytes Sent By Job
	148880  -  Total Bytes Received By Job
	Partitionable Resources :    Usage  Request Allocated 
	   Cpus                 :     0.97        1         1 
	   Disk (KB)            :   163     2097152   6681126 
	   Memory (MB)          :   113        4096      4096 
	   xferslots            :                           0 

	Job terminated of its own accord at 2026-01-21T14:12:22Z with exit-code 0.
...
