000 (15697407.502.000) 2026-01-21 18:36:42 Job submitted from host: <130.199.48.129:9618?addrs=130.199.48.129-9618&alias=rcas6009.rcf.bnl.gov&noUDP&sock=schedd_22421_101d>
...
040 (15697407.502.000) 2026-01-22 10:33:44 Started transferring input files
	Transferring to host: <130.199.184.155:9618?addrs=130.199.184.155-9618&alias=spool1764.sdcc.bnl.gov&noUDP&sock=slot1_49_4372_9493_250304>
...
040 (15697407.502.000) 2026-01-22 10:33:44 Finished transferring input files
...
001 (15697407.502.000) 2026-01-22 10:33:45 Job executing on host: <130.199.184.155:9618?addrs=130.199.184.155-9618&alias=spool1764.sdcc.bnl.gov&noUDP&sock=startd_4355_66ea>
...
006 (15697407.502.000) 2026-01-22 10:33:54 Image size of job updated: 421860
	76  -  MemoryUsage of job (MB)
	77792  -  ResidentSetSize of job (KB)
...
006 (15697407.502.000) 2026-01-22 10:38:54 Image size of job updated: 450328
	111  -  MemoryUsage of job (MB)
	113320  -  ResidentSetSize of job (KB)
...
006 (15697407.502.000) 2026-01-22 10:43:54 Image size of job updated: 450328
	111  -  MemoryUsage of job (MB)
	113324  -  ResidentSetSize of job (KB)
...
040 (15697407.502.000) 2026-01-22 10:51:56 Started transferring output files
...
040 (15697407.502.000) 2026-01-22 10:51:57 Finished transferring output files
...
005 (15697407.502.000) 2026-01-22 10:51:57 Job terminated.
	(1) Normal termination (return value 0)
		Usr 0 00:17:25, Sys 0 00:00:16  -  Run Remote Usage
		Usr 0 00:00:00, Sys 0 00:00:00  -  Run Local Usage
		Usr 0 00:17:25, Sys 0 00:00:16  -  Total Remote Usage
		Usr 0 00:00:00, Sys 0 00:00:00  -  Total Local Usage
	219  -  Run Bytes Sent By Job
	148880  -  Run Bytes Received By Job
	219  -  Total Bytes Sent By Job
	148880  -  Total Bytes Received By Job
	Partitionable Resources :    Usage  Request Allocated 
	   Cpus                 :     0.88        1         1 
	   Disk (KB)            :   163     2097152   6681581 
	   Memory (MB)          :   111        4096      4096 
	   xferslots            :                           0 

	Job terminated of its own accord at 2026-01-22T15:51:56Z with exit-code 0.
...
