000 (15684821.326.000) 2026-01-19 15:56:21 Job submitted from host: <130.199.48.129:9618?addrs=130.199.48.129-9618&alias=rcas6009.rcf.bnl.gov&noUDP&sock=schedd_22421_101d>
...
040 (15684821.326.000) 2026-01-19 16:14:10 Started transferring input files
	Transferring to host: <130.199.186.87:9618?addrs=130.199.186.87-9618&alias=spool1850.sdcc.bnl.gov&noUDP&sock=slot1_46_95972_31a3_233976>
...
040 (15684821.326.000) 2026-01-19 16:14:10 Finished transferring input files
...
001 (15684821.326.000) 2026-01-19 16:14:11 Job executing on host: <130.199.186.87:9618?addrs=130.199.186.87-9618&alias=spool1850.sdcc.bnl.gov&noUDP&sock=startd_95963_2d73>
...
006 (15684821.326.000) 2026-01-19 16:14:20 Image size of job updated: 113912
	81  -  MemoryUsage of job (MB)
	82700  -  ResidentSetSize of job (KB)
...
006 (15684821.326.000) 2026-01-19 16:19:21 Image size of job updated: 448392
	129  -  MemoryUsage of job (MB)
	131392  -  ResidentSetSize of job (KB)
...
040 (15684821.326.000) 2026-01-19 16:50:40 Started transferring output files
...
040 (15684821.326.000) 2026-01-19 16:50:40 Finished transferring output files
...
005 (15684821.326.000) 2026-01-19 16:50:40 Job terminated.
	(1) Normal termination (return value 0)
		Usr 0 00:33:51, Sys 0 00:00:21  -  Run Remote Usage
		Usr 0 00:00:00, Sys 0 00:00:00  -  Run Local Usage
		Usr 0 00:33:51, Sys 0 00:00:21  -  Total Remote Usage
		Usr 0 00:00:00, Sys 0 00:00:00  -  Total Local Usage
	289  -  Run Bytes Sent By Job
	148880  -  Run Bytes Received By Job
	289  -  Total Bytes Sent By Job
	148880  -  Total Bytes Received By Job
	Partitionable Resources :    Usage  Request Allocated 
	   Cpus                 :     0.98        1         1 
	   Disk (KB)            :   163     2097152   6681609 
	   Memory (MB)          :   129        4096      4096 
	   xferslots            :                           0 

	Job terminated of its own accord at 2026-01-19T21:50:40Z with exit-code 0.
...
