000 (15684821.134.000) 2026-01-19 15:56:20 Job submitted from host: <130.199.48.129:9618?addrs=130.199.48.129-9618&alias=rcas6009.rcf.bnl.gov&noUDP&sock=schedd_22421_101d>
...
040 (15684821.134.000) 2026-01-19 16:04:34 Started transferring input files
	Transferring to host: <130.199.150.91:9618?addrs=130.199.150.91-9618&alias=spool1572.sdcc.bnl.gov&noUDP&sock=slot1_63_96601_ad18_238159>
...
040 (15684821.134.000) 2026-01-19 16:04:34 Finished transferring input files
...
001 (15684821.134.000) 2026-01-19 16:04:35 Job executing on host: <130.199.150.91:9618?addrs=130.199.150.91-9618&alias=spool1572.sdcc.bnl.gov&noUDP&sock=startd_96592_3f83>
...
006 (15684821.134.000) 2026-01-19 16:04:44 Image size of job updated: 117296
	83  -  MemoryUsage of job (MB)
	84824  -  ResidentSetSize of job (KB)
...
006 (15684821.134.000) 2026-01-19 16:09:44 Image size of job updated: 448480
	136  -  MemoryUsage of job (MB)
	138968  -  ResidentSetSize of job (KB)
...
040 (15684821.134.000) 2026-01-19 16:49:07 Started transferring output files
...
040 (15684821.134.000) 2026-01-19 16:49:07 Finished transferring output files
...
005 (15684821.134.000) 2026-01-19 16:49:07 Job terminated.
	(1) Normal termination (return value 0)
		Usr 0 00:41:46, Sys 0 00:00:26  -  Run Remote Usage
		Usr 0 00:00:00, Sys 0 00:00:00  -  Run Local Usage
		Usr 0 00:41:46, Sys 0 00:00:26  -  Total Remote Usage
		Usr 0 00:00:00, Sys 0 00:00:00  -  Total Local Usage
	317  -  Run Bytes Sent By Job
	148880  -  Run Bytes Received By Job
	317  -  Total Bytes Sent By Job
	148880  -  Total Bytes Received By Job
	Partitionable Resources :    Usage  Request Allocated 
	   Cpus                 :     0.94        1         1 
	   Disk (KB)            :   163     2097152   6681226 
	   Memory (MB)          :   136        4096      4096 
	   xferslots            :                           0 

	Job terminated of its own accord at 2026-01-19T21:49:07Z with exit-code 0.
...
