000 (16235385.827.000) 2026-01-23 10:57:29 Job submitted from host: <130.199.48.128:9618?addrs=130.199.48.128-9618&alias=rcas6008.rcf.bnl.gov&noUDP&sock=schedd_18725_535a>
...
040 (16235385.827.000) 2026-01-23 12:24:15 Started transferring input files
	Transferring to host: <130.199.184.197:9618?addrs=130.199.184.197-9618&alias=spool1772.sdcc.bnl.gov&noUDP&sock=slot1_12_95968_3d78_259050>
...
040 (16235385.827.000) 2026-01-23 12:24:15 Finished transferring input files
...
001 (16235385.827.000) 2026-01-23 12:24:16 Job executing on host: <130.199.184.197:9618?addrs=130.199.184.197-9618&alias=spool1772.sdcc.bnl.gov&noUDP&sock=startd_95960_3a63>
...
006 (16235385.827.000) 2026-01-23 12:24:25 Image size of job updated: 421528
	73  -  MemoryUsage of job (MB)
	74392  -  ResidentSetSize of job (KB)
...
006 (16235385.827.000) 2026-01-23 12:29:26 Image size of job updated: 423760
	93  -  MemoryUsage of job (MB)
	94764  -  ResidentSetSize of job (KB)
...
006 (16235385.827.000) 2026-01-23 12:34:27 Image size of job updated: 423760
	93  -  MemoryUsage of job (MB)
	94840  -  ResidentSetSize of job (KB)
...
006 (16235385.827.000) 2026-01-23 12:37:01 Image size of job updated: 424268
	93  -  MemoryUsage of job (MB)
	94840  -  ResidentSetSize of job (KB)
...
040 (16235385.827.000) 2026-01-23 12:37:02 Started transferring output files
...
040 (16235385.827.000) 2026-01-23 12:37:02 Finished transferring output files
...
005 (16235385.827.000) 2026-01-23 12:37:02 Job terminated.
	(1) Normal termination (return value 0)
		Usr 0 00:12:36, Sys 0 00:00:08  -  Run Remote Usage
		Usr 0 00:00:00, Sys 0 00:00:00  -  Run Local Usage
		Usr 0 00:12:36, Sys 0 00:00:08  -  Total Remote Usage
		Usr 0 00:00:00, Sys 0 00:00:00  -  Total Local Usage
	191  -  Run Bytes Sent By Job
	148880  -  Run Bytes Received By Job
	191  -  Total Bytes Sent By Job
	148880  -  Total Bytes Received By Job
	Partitionable Resources :    Usage  Request Allocated 
	   Cpus                 :     1.00        1         1 
	   Disk (KB)            :   163     2097152   6681570 
	   Memory (MB)          :    93        4096      4096 
	   xferslots            :                           0 

	Job terminated of its own accord at 2026-01-23T17:37:01Z with exit-code 0.
...
