000 (15690120.211.000) 2026-01-20 07:35:55 Job submitted from host: <130.199.48.129:9618?addrs=130.199.48.129-9618&alias=rcas6009.rcf.bnl.gov&noUDP&sock=schedd_22421_101d>
...
040 (15690120.211.000) 2026-01-21 00:18:12 Started transferring input files
	Transferring to host: <130.199.186.31:9618?addrs=130.199.186.31-9618&alias=spool1828.sdcc.bnl.gov&noUDP&sock=slot1_49_95743_1701_243951>
...
040 (15690120.211.000) 2026-01-21 00:18:12 Finished transferring input files
...
001 (15690120.211.000) 2026-01-21 00:18:13 Job executing on host: <130.199.186.31:9618?addrs=130.199.186.31-9618&alias=spool1828.sdcc.bnl.gov&noUDP&sock=startd_95734_b3b1>
...
006 (15690120.211.000) 2026-01-21 00:18:21 Image size of job updated: 116676
	83  -  MemoryUsage of job (MB)
	84208  -  ResidentSetSize of job (KB)
...
006 (15690120.211.000) 2026-01-21 00:23:21 Image size of job updated: 447916
	97  -  MemoryUsage of job (MB)
	98364  -  ResidentSetSize of job (KB)
...
040 (15690120.211.000) 2026-01-21 00:29:40 Started transferring output files
...
040 (15690120.211.000) 2026-01-21 00:29:40 Finished transferring output files
...
005 (15690120.211.000) 2026-01-21 00:29:40 Job terminated.
	(1) Normal termination (return value 0)
		Usr 0 00:11:03, Sys 0 00:00:06  -  Run Remote Usage
		Usr 0 00:00:00, Sys 0 00:00:00  -  Run Local Usage
		Usr 0 00:11:03, Sys 0 00:00:06  -  Total Remote Usage
		Usr 0 00:00:00, Sys 0 00:00:00  -  Total Local Usage
	163  -  Run Bytes Sent By Job
	148880  -  Run Bytes Received By Job
	163  -  Total Bytes Sent By Job
	148880  -  Total Bytes Received By Job
	Partitionable Resources :    Usage  Request Allocated 
	   Cpus                 :     0.96        1         1 
	   Disk (KB)            :   164     2097152   6681577 
	   Memory (MB)          :    97        4096      4096 
	   xferslots            :                           0 

	Job terminated of its own accord at 2026-01-21T05:29:40Z with exit-code 0.
...
