000 (16235385.649.000) 2026-01-23 10:57:28 Job submitted from host: <130.199.48.128:9618?addrs=130.199.48.128-9618&alias=rcas6008.rcf.bnl.gov&noUDP&sock=schedd_18725_535a>
...
040 (16235385.649.000) 2026-01-23 12:17:39 Started transferring input files
	Transferring to host: <130.199.184.158:9618?addrs=130.199.184.158-9618&alias=spool1767.sdcc.bnl.gov&noUDP&sock=slot1_46_4771_385b_292508>
...
040 (16235385.649.000) 2026-01-23 12:17:39 Finished transferring input files
...
001 (16235385.649.000) 2026-01-23 12:17:40 Job executing on host: <130.199.184.158:9618?addrs=130.199.184.158-9618&alias=spool1767.sdcc.bnl.gov&noUDP&sock=startd_4762_365e>
...
006 (16235385.649.000) 2026-01-23 12:17:49 Image size of job updated: 448908
	66  -  MemoryUsage of job (MB)
	66668  -  ResidentSetSize of job (KB)
...
040 (16235385.649.000) 2026-01-23 12:18:12 Started transferring output files
...
040 (16235385.649.000) 2026-01-23 12:18:12 Finished transferring output files
...
005 (16235385.649.000) 2026-01-23 12:18:12 Job terminated.
	(1) Normal termination (return value 0)
		Usr 0 00:00:28, Sys 0 00:00:00  -  Run Remote Usage
		Usr 0 00:00:00, Sys 0 00:00:00  -  Run Local Usage
		Usr 0 00:00:28, Sys 0 00:00:00  -  Total Remote Usage
		Usr 0 00:00:00, Sys 0 00:00:00  -  Total Local Usage
	44  -  Run Bytes Sent By Job
	148880  -  Run Bytes Received By Job
	44  -  Total Bytes Sent By Job
	148880  -  Total Bytes Received By Job
	Partitionable Resources :    Usage  Request Allocated 
	   Cpus                 :     0.03        1         1 
	   Disk (KB)            :   163     2097152   6681557 
	   Memory (MB)          :    66        4096      4096 
	   xferslots            :                           0 

	Job terminated of its own accord at 2026-01-23T17:18:12Z with exit-code 0.
...
