000 (15690120.376.000) 2026-01-20 07:35:55 Job submitted from host: <130.199.48.129:9618?addrs=130.199.48.129-9618&alias=rcas6009.rcf.bnl.gov&noUDP&sock=schedd_22421_101d>
...
040 (15690120.376.000) 2026-01-21 08:08:11 Started transferring input files
	Transferring to host: <130.199.150.95:9618?addrs=130.199.150.95-9618&alias=spool1576.sdcc.bnl.gov&noUDP&sock=slot1_28_24869_7fc2_245164>
...
040 (15690120.376.000) 2026-01-21 08:08:11 Finished transferring input files
...
001 (15690120.376.000) 2026-01-21 08:08:12 Job executing on host: <130.199.150.95:9618?addrs=130.199.150.95-9618&alias=spool1576.sdcc.bnl.gov&noUDP&sock=startd_24860_f9c4>
...
006 (15690120.376.000) 2026-01-21 08:08:21 Image size of job updated: 124820
	92  -  MemoryUsage of job (MB)
	93684  -  ResidentSetSize of job (KB)
...
006 (15690120.376.000) 2026-01-21 08:13:22 Image size of job updated: 448408
	111  -  MemoryUsage of job (MB)
	112740  -  ResidentSetSize of job (KB)
...
040 (15690120.376.000) 2026-01-21 08:29:07 Started transferring output files
...
040 (15690120.376.000) 2026-01-21 08:29:07 Finished transferring output files
...
005 (15690120.376.000) 2026-01-21 08:29:07 Job terminated.
	(1) Normal termination (return value 0)
		Usr 0 00:20:20, Sys 0 00:00:15  -  Run Remote Usage
		Usr 0 00:00:00, Sys 0 00:00:00  -  Run Local Usage
		Usr 0 00:20:20, Sys 0 00:00:15  -  Total Remote Usage
		Usr 0 00:00:00, Sys 0 00:00:00  -  Total Local Usage
	219  -  Run Bytes Sent By Job
	148880  -  Run Bytes Received By Job
	219  -  Total Bytes Sent By Job
	148880  -  Total Bytes Received By Job
	Partitionable Resources :    Usage  Request Allocated 
	   Cpus                 :     0.98        1         1 
	   Disk (KB)            :   164     2097152   6681187 
	   Memory (MB)          :   111        4096      4096 
	   xferslots            :                           0 

	Job terminated of its own accord at 2026-01-21T13:29:07Z with exit-code 0.
...
