000 (15690120.210.000) 2026-01-20 07:35:55 Job submitted from host: <130.199.48.129:9618?addrs=130.199.48.129-9618&alias=rcas6009.rcf.bnl.gov&noUDP&sock=schedd_22421_101d>
...
040 (15690120.210.000) 2026-01-21 00:17:31 Started transferring input files
	Transferring to host: <130.199.186.91:9618?addrs=130.199.186.91-9618&alias=spool1854.sdcc.bnl.gov&noUDP&sock=slot1_20_94212_879b_251157>
...
040 (15690120.210.000) 2026-01-21 00:17:31 Finished transferring input files
...
001 (15690120.210.000) 2026-01-21 00:17:32 Job executing on host: <130.199.186.91:9618?addrs=130.199.186.91-9618&alias=spool1854.sdcc.bnl.gov&noUDP&sock=startd_94203_28e5>
...
006 (15690120.210.000) 2026-01-21 00:17:41 Image size of job updated: 116700
	83  -  MemoryUsage of job (MB)
	84144  -  ResidentSetSize of job (KB)
...
006 (15690120.210.000) 2026-01-21 00:22:42 Image size of job updated: 448000
	133  -  MemoryUsage of job (MB)
	135972  -  ResidentSetSize of job (KB)
...
040 (15690120.210.000) 2026-01-21 00:56:00 Started transferring output files
...
040 (15690120.210.000) 2026-01-21 00:56:00 Finished transferring output files
...
005 (15690120.210.000) 2026-01-21 00:56:00 Job terminated.
	(1) Normal termination (return value 0)
		Usr 0 00:37:20, Sys 0 00:00:27  -  Run Remote Usage
		Usr 0 00:00:00, Sys 0 00:00:00  -  Run Local Usage
		Usr 0 00:37:20, Sys 0 00:00:27  -  Total Remote Usage
		Usr 0 00:00:00, Sys 0 00:00:00  -  Total Local Usage
	317  -  Run Bytes Sent By Job
	148880  -  Run Bytes Received By Job
	317  -  Total Bytes Sent By Job
	148880  -  Total Bytes Received By Job
	Partitionable Resources :    Usage  Request Allocated 
	   Cpus                 :     0.98        1         1 
	   Disk (KB)            :   164     2097152   6681568 
	   Memory (MB)          :   133        4096      4096 
	   xferslots            :                           0 

	Job terminated of its own accord at 2026-01-21T05:55:59Z with exit-code 0.
...
