000 (15690120.440.000) 2026-01-20 07:35:55 Job submitted from host: <130.199.48.129:9618?addrs=130.199.48.129-9618&alias=rcas6009.rcf.bnl.gov&noUDP&sock=schedd_22421_101d>
...
040 (15690120.440.000) 2026-01-21 08:53:13 Started transferring input files
	Transferring to host: <130.199.151.20:9618?addrs=130.199.151.20-9618&alias=spool1598.sdcc.bnl.gov&noUDP&sock=slot1_74_29322_cc12_253493>
...
040 (15690120.440.000) 2026-01-21 08:53:13 Finished transferring input files
...
001 (15690120.440.000) 2026-01-21 08:53:14 Job executing on host: <130.199.151.20:9618?addrs=130.199.151.20-9618&alias=spool1598.sdcc.bnl.gov&noUDP&sock=startd_29313_4b3f>
...
006 (15690120.440.000) 2026-01-21 08:53:23 Image size of job updated: 80916
	50  -  MemoryUsage of job (MB)
	50272  -  ResidentSetSize of job (KB)
...
006 (15690120.440.000) 2026-01-21 08:58:23 Image size of job updated: 449652
	120  -  MemoryUsage of job (MB)
	121892  -  ResidentSetSize of job (KB)
...
040 (15690120.440.000) 2026-01-21 09:17:35 Started transferring output files
...
040 (15690120.440.000) 2026-01-21 09:17:35 Finished transferring output files
...
005 (15690120.440.000) 2026-01-21 09:17:35 Job terminated.
	(1) Normal termination (return value 0)
		Usr 0 00:23:12, Sys 0 00:00:15  -  Run Remote Usage
		Usr 0 00:00:00, Sys 0 00:00:00  -  Run Local Usage
		Usr 0 00:23:12, Sys 0 00:00:15  -  Total Remote Usage
		Usr 0 00:00:00, Sys 0 00:00:00  -  Total Local Usage
	247  -  Run Bytes Sent By Job
	148880  -  Run Bytes Received By Job
	247  -  Total Bytes Sent By Job
	148880  -  Total Bytes Received By Job
	Partitionable Resources :    Usage  Request Allocated 
	   Cpus                 :     0.98        1         1 
	   Disk (KB)            :   163     2097152   6681198 
	   Memory (MB)          :   120        4096      4096 
	   xferslots            :                           0 

	Job terminated of its own accord at 2026-01-21T14:17:34Z with exit-code 0.
...
