000 (15684821.713.000) 2026-01-19 15:56:22 Job submitted from host: <130.199.48.129:9618?addrs=130.199.48.129-9618&alias=rcas6009.rcf.bnl.gov&noUDP&sock=schedd_22421_101d>
...
040 (15684821.713.000) 2026-01-19 16:26:23 Started transferring input files
	Transferring to host: <130.199.186.92:9618?addrs=130.199.186.92-9618&alias=spool1855.sdcc.bnl.gov&noUDP&sock=slot1_22_96054_bf16_239009>
...
040 (15684821.713.000) 2026-01-19 16:26:23 Finished transferring input files
...
001 (15684821.713.000) 2026-01-19 16:26:24 Job executing on host: <130.199.186.92:9618?addrs=130.199.186.92-9618&alias=spool1855.sdcc.bnl.gov&noUDP&sock=startd_96045_2127>
...
006 (15684821.713.000) 2026-01-19 16:26:33 Image size of job updated: 421772
	74  -  MemoryUsage of job (MB)
	75612  -  ResidentSetSize of job (KB)
...
006 (15684821.713.000) 2026-01-19 16:31:34 Image size of job updated: 424380
	91  -  MemoryUsage of job (MB)
	92620  -  ResidentSetSize of job (KB)
...
040 (15684821.713.000) 2026-01-19 16:39:33 Started transferring output files
...
040 (15684821.713.000) 2026-01-19 16:39:33 Finished transferring output files
...
005 (15684821.713.000) 2026-01-19 16:39:33 Job terminated.
	(1) Normal termination (return value 0)
		Usr 0 00:12:44, Sys 0 00:00:09  -  Run Remote Usage
		Usr 0 00:00:00, Sys 0 00:00:00  -  Run Local Usage
		Usr 0 00:12:44, Sys 0 00:00:09  -  Total Remote Usage
		Usr 0 00:00:00, Sys 0 00:00:00  -  Total Local Usage
	177  -  Run Bytes Sent By Job
	148880  -  Run Bytes Received By Job
	177  -  Total Bytes Sent By Job
	148880  -  Total Bytes Received By Job
	Partitionable Resources :    Usage  Request Allocated 
	   Cpus                 :     0.99        1         1 
	   Disk (KB)            :   164     2097152   6681574 
	   Memory (MB)          :    91        4096      4096 
	   xferslots            :                           0 

	Job terminated of its own accord at 2026-01-19T21:39:26Z with exit-code 0.
...
