000 (15564188.895.000) 2026-01-07 21:29:41 Job submitted from host: <130.199.48.129:9618?addrs=130.199.48.129-9618&alias=rcas6009.rcf.bnl.gov&noUDP&sock=schedd_22421_101d>
...
040 (15564188.895.000) 2026-01-08 01:57:31 Started transferring input files
	Transferring to host: <130.199.150.87:9618?addrs=130.199.150.87-9618&alias=spool1568.sdcc.bnl.gov&noUDP&sock=slot1_41_25189_cd38_196110>
...
040 (15564188.895.000) 2026-01-08 01:57:31 Finished transferring input files
...
001 (15564188.895.000) 2026-01-08 01:57:32 Job executing on host: <130.199.150.87:9618?addrs=130.199.150.87-9618&alias=spool1568.sdcc.bnl.gov&noUDP&sock=startd_25180_4069>
...
006 (15564188.895.000) 2026-01-08 01:57:41 Image size of job updated: 343940
	65  -  MemoryUsage of job (MB)
	66100  -  ResidentSetSize of job (KB)
...
006 (15564188.895.000) 2026-01-08 02:01:21 Image size of job updated: 449616
	65  -  MemoryUsage of job (MB)
	66100  -  ResidentSetSize of job (KB)
...
040 (15564188.895.000) 2026-01-08 02:01:22 Started transferring output files
...
040 (15564188.895.000) 2026-01-08 02:01:22 Finished transferring output files
...
005 (15564188.895.000) 2026-01-08 02:01:22 Job terminated.
	(1) Normal termination (return value 0)
		Usr 0 00:03:25, Sys 0 00:00:03  -  Run Remote Usage
		Usr 0 00:00:00, Sys 0 00:00:00  -  Run Local Usage
		Usr 0 00:03:25, Sys 0 00:00:03  -  Total Remote Usage
		Usr 0 00:00:00, Sys 0 00:00:00  -  Total Local Usage
	135  -  Run Bytes Sent By Job
	144352  -  Run Bytes Received By Job
	135  -  Total Bytes Sent By Job
	144352  -  Total Bytes Received By Job
	Partitionable Resources :    Usage  Request Allocated 
	   Cpus                 :     0.96        1         1 
	   Disk (KB)            :   159     2097152   6681186 
	   Memory (MB)          :    65        4096      4096 
	   xferslots            :                           0 

	Job terminated of its own accord at 2026-01-08T07:01:21Z with exit-code 0.
...
