000 (15690120.421.000) 2026-01-20 07:35:55 Job submitted from host: <130.199.48.129:9618?addrs=130.199.48.129-9618&alias=rcas6009.rcf.bnl.gov&noUDP&sock=schedd_22421_101d>
...
040 (15690120.421.000) 2026-01-21 08:46:59 Started transferring input files
	Transferring to host: <130.199.184.204:9618?addrs=130.199.184.204-9618&alias=spool1779.sdcc.bnl.gov&noUDP&sock=slot1_10_94050_e6ca_253063>
...
040 (15690120.421.000) 2026-01-21 08:46:59 Finished transferring input files
...
001 (15690120.421.000) 2026-01-21 08:47:00 Job executing on host: <130.199.184.204:9618?addrs=130.199.184.204-9618&alias=spool1779.sdcc.bnl.gov&noUDP&sock=startd_94041_e388>
...
006 (15690120.421.000) 2026-01-21 08:47:09 Image size of job updated: 334048
	90  -  MemoryUsage of job (MB)
	92048  -  ResidentSetSize of job (KB)
...
006 (15690120.421.000) 2026-01-21 08:52:10 Image size of job updated: 448928
	108  -  MemoryUsage of job (MB)
	109600  -  ResidentSetSize of job (KB)
...
040 (15690120.421.000) 2026-01-21 09:03:35 Started transferring output files
...
040 (15690120.421.000) 2026-01-21 09:03:35 Finished transferring output files
...
005 (15690120.421.000) 2026-01-21 09:03:35 Job terminated.
	(1) Normal termination (return value 0)
		Usr 0 00:15:53, Sys 0 00:00:12  -  Run Remote Usage
		Usr 0 00:00:00, Sys 0 00:00:00  -  Run Local Usage
		Usr 0 00:15:53, Sys 0 00:00:12  -  Total Remote Usage
		Usr 0 00:00:00, Sys 0 00:00:00  -  Total Local Usage
	205  -  Run Bytes Sent By Job
	148880  -  Run Bytes Received By Job
	205  -  Total Bytes Sent By Job
	148880  -  Total Bytes Received By Job
	Partitionable Resources :    Usage  Request Allocated 
	   Cpus                 :     0.94        1         1 
	   Disk (KB)            :   163     2097152   6681567 
	   Memory (MB)          :   108        4096      4096 
	   xferslots            :                           0 

	Job terminated of its own accord at 2026-01-21T14:03:34Z with exit-code 0.
...
