000 (15697407.676.000) 2026-01-21 18:36:42 Job submitted from host: <130.199.48.129:9618?addrs=130.199.48.129-9618&alias=rcas6009.rcf.bnl.gov&noUDP&sock=schedd_22421_101d>
...
040 (15697407.676.000) 2026-01-22 13:41:41 Started transferring input files
	Transferring to host: <130.199.151.28:9618?addrs=130.199.151.28-9618&alias=spool1606.sdcc.bnl.gov&noUDP&sock=slot1_2_25111_33f0_252176>
...
040 (15697407.676.000) 2026-01-22 13:41:41 Finished transferring input files
...
001 (15697407.676.000) 2026-01-22 13:41:42 Job executing on host: <130.199.151.28:9618?addrs=130.199.151.28-9618&alias=spool1606.sdcc.bnl.gov&noUDP&sock=startd_25102_90cb>
...
006 (15697407.676.000) 2026-01-22 13:41:50 Image size of job updated: 448732
	85  -  MemoryUsage of job (MB)
	86176  -  ResidentSetSize of job (KB)
...
006 (15697407.676.000) 2026-01-22 13:46:50 Image size of job updated: 448732
	98  -  MemoryUsage of job (MB)
	100120  -  ResidentSetSize of job (KB)
...
040 (15697407.676.000) 2026-01-22 13:52:00 Started transferring output files
...
040 (15697407.676.000) 2026-01-22 13:52:00 Finished transferring output files
...
005 (15697407.676.000) 2026-01-22 13:52:01 Job terminated.
	(1) Normal termination (return value 0)
		Usr 0 00:10:10, Sys 0 00:00:06  -  Run Remote Usage
		Usr 0 00:00:00, Sys 0 00:00:00  -  Run Local Usage
		Usr 0 00:10:10, Sys 0 00:00:06  -  Total Remote Usage
		Usr 0 00:00:00, Sys 0 00:00:00  -  Total Local Usage
	163  -  Run Bytes Sent By Job
	148880  -  Run Bytes Received By Job
	163  -  Total Bytes Sent By Job
	148880  -  Total Bytes Received By Job
	Partitionable Resources :    Usage  Request Allocated 
	   Cpus                 :     1.00        1         1 
	   Disk (KB)            :   164     2097152   6681186 
	   Memory (MB)          :    98        4096      4096 
	   xferslots            :                           0 

	Job terminated of its own accord at 2026-01-22T18:52:00Z with exit-code 0.
...
