000 (15684821.034.000) 2026-01-19 15:56:20 Job submitted from host: <130.199.48.129:9618?addrs=130.199.48.129-9618&alias=rcas6009.rcf.bnl.gov&noUDP&sock=schedd_22421_101d>
...
040 (15684821.034.000) 2026-01-19 15:57:42 Started transferring input files
	Transferring to host: <130.199.151.29:9618?addrs=130.199.151.29-9618&alias=spool1607.sdcc.bnl.gov&noUDP&sock=slot1_63_96586_9977_236861>
...
040 (15684821.034.000) 2026-01-19 15:57:42 Finished transferring input files
...
001 (15684821.034.000) 2026-01-19 15:57:43 Job executing on host: <130.199.151.29:9618?addrs=130.199.151.29-9618&alias=spool1607.sdcc.bnl.gov&noUDP&sock=startd_96578_d139>
...
006 (15684821.034.000) 2026-01-19 15:57:52 Image size of job updated: 384504
	50  -  MemoryUsage of job (MB)
	50580  -  ResidentSetSize of job (KB)
...
006 (15684821.034.000) 2026-01-19 16:02:52 Image size of job updated: 447968
	128  -  MemoryUsage of job (MB)
	130932  -  ResidentSetSize of job (KB)
...
006 (15684821.034.000) 2026-01-19 16:07:53 Image size of job updated: 447968
	128  -  MemoryUsage of job (MB)
	130936  -  ResidentSetSize of job (KB)
...
040 (15684821.034.000) 2026-01-19 16:33:16 Started transferring output files
...
040 (15684821.034.000) 2026-01-19 16:33:16 Finished transferring output files
...
005 (15684821.034.000) 2026-01-19 16:33:16 Job terminated.
	(1) Normal termination (return value 0)
		Usr 0 00:33:12, Sys 0 00:00:23  -  Run Remote Usage
		Usr 0 00:00:00, Sys 0 00:00:00  -  Run Local Usage
		Usr 0 00:33:12, Sys 0 00:00:23  -  Total Remote Usage
		Usr 0 00:00:00, Sys 0 00:00:00  -  Total Local Usage
	289  -  Run Bytes Sent By Job
	148880  -  Run Bytes Received By Job
	289  -  Total Bytes Sent By Job
	148880  -  Total Bytes Received By Job
	Partitionable Resources :    Usage  Request Allocated 
	   Cpus                 :     0.85        1         1 
	   Disk (KB)            :   163     2097152   6681126 
	   Memory (MB)          :   128        4096      4096 
	   xferslots            :                           0 

	Job terminated of its own accord at 2026-01-19T21:33:16Z with exit-code 0.
...
