000 (15560432.1013.000) 2026-01-07 17:58:17 Job submitted from host: <130.199.48.129:9618?addrs=130.199.48.129-9618&alias=rcas6009.rcf.bnl.gov&noUDP&sock=schedd_22421_101d>
...
040 (15560432.1013.000) 2026-01-07 20:59:43 Started transferring input files
	Transferring to host: <130.199.184.199:9618?addrs=130.199.184.199-9618&alias=spool1774.sdcc.bnl.gov&noUDP&sock=slot1_39_95692_6ddc_184789>
...
040 (15560432.1013.000) 2026-01-07 20:59:43 Finished transferring input files
...
001 (15560432.1013.000) 2026-01-07 20:59:44 Job executing on host: <130.199.184.199:9618?addrs=130.199.184.199-9618&alias=spool1774.sdcc.bnl.gov&noUDP&sock=startd_95683_8fa2>
...
006 (15560432.1013.000) 2026-01-07 20:59:52 Image size of job updated: 421652
	75  -  MemoryUsage of job (MB)
	76080  -  ResidentSetSize of job (KB)
...
006 (15560432.1013.000) 2026-01-07 21:04:52 Image size of job updated: 424560
	94  -  MemoryUsage of job (MB)
	95572  -  ResidentSetSize of job (KB)
...
040 (15560432.1013.000) 2026-01-07 21:07:43 Started transferring output files
...
040 (15560432.1013.000) 2026-01-07 21:07:43 Finished transferring output files
...
005 (15560432.1013.000) 2026-01-07 21:07:43 Job terminated.
	(1) Normal termination (return value 0)
		Usr 0 00:07:50, Sys 0 00:00:07  -  Run Remote Usage
		Usr 0 00:00:00, Sys 0 00:00:00  -  Run Local Usage
		Usr 0 00:07:50, Sys 0 00:00:07  -  Total Remote Usage
		Usr 0 00:00:00, Sys 0 00:00:00  -  Total Local Usage
	205  -  Run Bytes Sent By Job
	144352  -  Run Bytes Received By Job
	205  -  Total Bytes Sent By Job
	144352  -  Total Bytes Received By Job
	Partitionable Resources :    Usage  Request Allocated 
	   Cpus                 :     0.99        1         1 
	   Disk (KB)            :   159     2097152   6681587 
	   Memory (MB)          :    94        4096      4096 
	   xferslots            :                           0 

	Job terminated of its own accord at 2026-01-08T02:07:42Z with exit-code 0.
...
