000 (15554417.229.000) 2026-01-07 12:44:33 Job submitted from host: <130.199.48.129:9618?addrs=130.199.48.129-9618&alias=rcas6009.rcf.bnl.gov&noUDP&sock=schedd_22421_101d>
...
040 (15554417.229.000) 2026-01-07 13:18:03 Started transferring input files
	Transferring to host: <130.199.186.78:9618?addrs=130.199.186.78-9618&alias=spool1841.sdcc.bnl.gov&noUDP&sock=slot1_31_95998_64bb_185743>
...
040 (15554417.229.000) 2026-01-07 13:18:03 Finished transferring input files
...
001 (15554417.229.000) 2026-01-07 13:18:04 Job executing on host: <130.199.186.78:9618?addrs=130.199.186.78-9618&alias=spool1841.sdcc.bnl.gov&noUDP&sock=startd_95989_67fd>
...
006 (15554417.229.000) 2026-01-07 13:18:13 Image size of job updated: 422480
	109  -  MemoryUsage of job (MB)
	110652  -  ResidentSetSize of job (KB)
...
006 (15554417.229.000) 2026-01-07 13:23:14 Image size of job updated: 424724
	111  -  MemoryUsage of job (MB)
	112852  -  ResidentSetSize of job (KB)
...
006 (15554417.229.000) 2026-01-07 13:28:15 Image size of job updated: 424724
	111  -  MemoryUsage of job (MB)
	112872  -  ResidentSetSize of job (KB)
...
040 (15554417.229.000) 2026-01-07 13:32:32 Started transferring output files
...
040 (15554417.229.000) 2026-01-07 13:32:32 Finished transferring output files
...
005 (15554417.229.000) 2026-01-07 13:32:32 Job terminated.
	(1) Normal termination (return value 0)
		Usr 0 00:14:16, Sys 0 00:00:10  -  Run Remote Usage
		Usr 0 00:00:00, Sys 0 00:00:00  -  Run Local Usage
		Usr 0 00:14:16, Sys 0 00:00:10  -  Total Remote Usage
		Usr 0 00:00:00, Sys 0 00:00:00  -  Total Local Usage
	303  -  Run Bytes Sent By Job
	144352  -  Run Bytes Received By Job
	303  -  Total Bytes Sent By Job
	144352  -  Total Bytes Received By Job
	Partitionable Resources :    Usage  Request Allocated 
	   Cpus                 :     1.00        1         1 
	   Disk (KB)            :   159     2097152   6681584 
	   Memory (MB)          :   111        4096      4096 
	   xferslots            :                           0 

	Job terminated of its own accord at 2026-01-07T18:32:32Z with exit-code 0.
...
