000 (15690120.1155.000) 2026-01-20 07:35:57 Job submitted from host: <130.199.48.129:9618?addrs=130.199.48.129-9618&alias=rcas6009.rcf.bnl.gov&noUDP&sock=schedd_22421_101d>
...
040 (15690120.1155.000) 2026-01-21 16:53:33 Started transferring input files
	Transferring to host: <130.199.150.77:9618?addrs=130.199.150.77-9618&alias=spool1558.sdcc.bnl.gov&noUDP&sock=slot1_17_49269_921f_242133>
...
040 (15690120.1155.000) 2026-01-21 16:53:33 Finished transferring input files
...
001 (15690120.1155.000) 2026-01-21 16:53:34 Job executing on host: <130.199.150.77:9618?addrs=130.199.150.77-9618&alias=spool1558.sdcc.bnl.gov&noUDP&sock=startd_49259_f37d>
...
006 (15690120.1155.000) 2026-01-21 16:53:43 Image size of job updated: 448312
	84  -  MemoryUsage of job (MB)
	85232  -  ResidentSetSize of job (KB)
...
006 (15690120.1155.000) 2026-01-21 16:58:44 Image size of job updated: 448312
	98  -  MemoryUsage of job (MB)
	99616  -  ResidentSetSize of job (KB)
...
040 (15690120.1155.000) 2026-01-21 17:00:48 Started transferring output files
...
040 (15690120.1155.000) 2026-01-21 17:00:48 Finished transferring output files
...
005 (15690120.1155.000) 2026-01-21 17:00:48 Job terminated.
	(1) Normal termination (return value 0)
		Usr 0 00:07:08, Sys 0 00:00:04  -  Run Remote Usage
		Usr 0 00:00:00, Sys 0 00:00:00  -  Run Local Usage
		Usr 0 00:07:08, Sys 0 00:00:04  -  Total Remote Usage
		Usr 0 00:00:00, Sys 0 00:00:00  -  Total Local Usage
	177  -  Run Bytes Sent By Job
	148880  -  Run Bytes Received By Job
	177  -  Total Bytes Sent By Job
	148880  -  Total Bytes Received By Job
	Partitionable Resources :    Usage  Request Allocated 
	   Cpus                 :     1.00        1         1 
	   Disk (KB)            :   163     2097152   6681195 
	   Memory (MB)          :    98        4096      4096 
	   xferslots            :                           0 

	Job terminated of its own accord at 2026-01-21T22:00:48Z with exit-code 0.
...
