000 (15684821.816.000) 2026-01-19 15:56:22 Job submitted from host: <130.199.48.129:9618?addrs=130.199.48.129-9618&alias=rcas6009.rcf.bnl.gov&noUDP&sock=schedd_22421_101d>
...
040 (15684821.816.000) 2026-01-19 16:28:23 Started transferring input files
	Transferring to host: <130.199.151.34:9618?addrs=130.199.151.34-9618&alias=spool1612.sdcc.bnl.gov&noUDP&sock=slot1_61_96466_fc6b_247785>
...
040 (15684821.816.000) 2026-01-19 16:28:23 Finished transferring input files
...
001 (15684821.816.000) 2026-01-19 16:28:24 Job executing on host: <130.199.151.34:9618?addrs=130.199.151.34-9618&alias=spool1612.sdcc.bnl.gov&noUDP&sock=startd_96457_85b5>
...
006 (15684821.816.000) 2026-01-19 16:28:33 Image size of job updated: 103376
	86  -  MemoryUsage of job (MB)
	87700  -  ResidentSetSize of job (KB)
...
006 (15684821.816.000) 2026-01-19 16:33:34 Image size of job updated: 447772
	101  -  MemoryUsage of job (MB)
	103248  -  ResidentSetSize of job (KB)
...
040 (15684821.816.000) 2026-01-19 16:43:39 Started transferring output files
...
040 (15684821.816.000) 2026-01-19 16:43:39 Finished transferring output files
...
005 (15684821.816.000) 2026-01-19 16:43:39 Job terminated.
	(1) Normal termination (return value 0)
		Usr 0 00:14:15, Sys 0 00:00:12  -  Run Remote Usage
		Usr 0 00:00:00, Sys 0 00:00:00  -  Run Local Usage
		Usr 0 00:14:15, Sys 0 00:00:12  -  Total Remote Usage
		Usr 0 00:00:00, Sys 0 00:00:00  -  Total Local Usage
	177  -  Run Bytes Sent By Job
	148880  -  Run Bytes Received By Job
	177  -  Total Bytes Sent By Job
	148880  -  Total Bytes Received By Job
	Partitionable Resources :    Usage  Request Allocated 
	   Cpus                 :     0.99        1         1 
	   Disk (KB)            :   163     2097152   6681197 
	   Memory (MB)          :   101        4096      4096 
	   xferslots            :                           0 

	Job terminated of its own accord at 2026-01-19T21:43:39Z with exit-code 0.
...
