000 (16235385.340.000) 2026-01-23 10:57:27 Job submitted from host: <130.199.48.128:9618?addrs=130.199.48.128-9618&alias=rcas6008.rcf.bnl.gov&noUDP&sock=schedd_18725_535a>
...
040 (16235385.340.000) 2026-01-23 12:04:30 Started transferring input files
	Transferring to host: <130.199.184.203:9618?addrs=130.199.184.203-9618&alias=spool1778.sdcc.bnl.gov&noUDP&sock=slot1_74_94071_68ac_255640>
...
040 (16235385.340.000) 2026-01-23 12:04:30 Finished transferring input files
...
001 (16235385.340.000) 2026-01-23 12:04:31 Job executing on host: <130.199.184.203:9618?addrs=130.199.184.203-9618&alias=spool1778.sdcc.bnl.gov&noUDP&sock=startd_94062_88f8>
...
006 (16235385.340.000) 2026-01-23 12:04:40 Image size of job updated: 75524
	40  -  MemoryUsage of job (MB)
	40720  -  ResidentSetSize of job (KB)
...
006 (16235385.340.000) 2026-01-23 12:09:41 Image size of job updated: 450556
	124  -  MemoryUsage of job (MB)
	126760  -  ResidentSetSize of job (KB)
...
040 (16235385.340.000) 2026-01-23 12:25:06 Started transferring output files
...
040 (16235385.340.000) 2026-01-23 12:25:07 Finished transferring output files
...
005 (16235385.340.000) 2026-01-23 12:25:07 Job terminated.
	(1) Normal termination (return value 0)
		Usr 0 00:20:11, Sys 0 00:00:13  -  Run Remote Usage
		Usr 0 00:00:00, Sys 0 00:00:00  -  Run Local Usage
		Usr 0 00:20:11, Sys 0 00:00:13  -  Total Remote Usage
		Usr 0 00:00:00, Sys 0 00:00:00  -  Total Local Usage
	261  -  Run Bytes Sent By Job
	148880  -  Run Bytes Received By Job
	261  -  Total Bytes Sent By Job
	148880  -  Total Bytes Received By Job
	Partitionable Resources :    Usage  Request Allocated 
	   Cpus                 :     1.00        1         1 
	   Disk (KB)            :   163     2097152   6681575 
	   Memory (MB)          :   124        4096      4096 
	   xferslots            :                           0 

	Job terminated of its own accord at 2026-01-23T17:25:06Z with exit-code 0.
...
