000 (16235385.1020.000) 2026-01-23 10:57:30 Job submitted from host: <130.199.48.128:9618?addrs=130.199.48.128-9618&alias=rcas6008.rcf.bnl.gov&noUDP&sock=schedd_18725_535a>
...
040 (16235385.1020.000) 2026-01-23 12:28:08 Started transferring input files
	Transferring to host: <130.199.184.202:9618?addrs=130.199.184.202-9618&alias=spool1777.sdcc.bnl.gov&noUDP&sock=slot1_77_95949_35ab_253288>
...
040 (16235385.1020.000) 2026-01-23 12:28:08 Finished transferring input files
...
001 (16235385.1020.000) 2026-01-23 12:28:09 Job executing on host: <130.199.184.202:9618?addrs=130.199.184.202-9618&alias=spool1777.sdcc.bnl.gov&noUDP&sock=startd_95940_e5f9>
...
006 (16235385.1020.000) 2026-01-23 12:28:18 Image size of job updated: 420968
	75  -  MemoryUsage of job (MB)
	76548  -  ResidentSetSize of job (KB)
...
006 (16235385.1020.000) 2026-01-23 12:33:19 Image size of job updated: 423728
	96  -  MemoryUsage of job (MB)
	97880  -  ResidentSetSize of job (KB)
...
006 (16235385.1020.000) 2026-01-23 12:38:19 Image size of job updated: 423728
	96  -  MemoryUsage of job (MB)
	97912  -  ResidentSetSize of job (KB)
...
006 (16235385.1020.000) 2026-01-23 12:42:40 Image size of job updated: 424288
	96  -  MemoryUsage of job (MB)
	97912  -  ResidentSetSize of job (KB)
...
040 (16235385.1020.000) 2026-01-23 12:42:40 Started transferring output files
...
040 (16235385.1020.000) 2026-01-23 12:42:40 Finished transferring output files
...
005 (16235385.1020.000) 2026-01-23 12:42:40 Job terminated.
	(1) Normal termination (return value 0)
		Usr 0 00:14:19, Sys 0 00:00:09  -  Run Remote Usage
		Usr 0 00:00:00, Sys 0 00:00:00  -  Run Local Usage
		Usr 0 00:14:19, Sys 0 00:00:09  -  Total Remote Usage
		Usr 0 00:00:00, Sys 0 00:00:00  -  Total Local Usage
	205  -  Run Bytes Sent By Job
	148880  -  Run Bytes Received By Job
	205  -  Total Bytes Sent By Job
	148880  -  Total Bytes Received By Job
	Partitionable Resources :    Usage  Request Allocated 
	   Cpus                 :     1.00        1         1 
	   Disk (KB)            :   163     2097152   6681572 
	   Memory (MB)          :    96        4096      4096 
	   xferslots            :                           0 

	Job terminated of its own accord at 2026-01-23T17:42:40Z with exit-code 0.
...
