000 (15560432.836.000) 2026-01-07 17:58:17 Job submitted from host: <130.199.48.129:9618?addrs=130.199.48.129-9618&alias=rcas6009.rcf.bnl.gov&noUDP&sock=schedd_22421_101d>
...
040 (15560432.836.000) 2026-01-07 20:56:23 Started transferring input files
	Transferring to host: <130.199.151.18:9618?addrs=130.199.151.18-9618&alias=spool1596.sdcc.bnl.gov&noUDP&sock=slot1_67_94793_910b_196774>
...
040 (15560432.836.000) 2026-01-07 20:56:23 Finished transferring input files
...
001 (15560432.836.000) 2026-01-07 20:56:24 Job executing on host: <130.199.151.18:9618?addrs=130.199.151.18-9618&alias=spool1596.sdcc.bnl.gov&noUDP&sock=startd_94784_09f6>
...
006 (15560432.836.000) 2026-01-07 20:56:32 Image size of job updated: 110276
	77  -  MemoryUsage of job (MB)
	78836  -  ResidentSetSize of job (KB)
...
006 (15560432.836.000) 2026-01-07 20:58:46 Image size of job updated: 450228
	77  -  MemoryUsage of job (MB)
	78836  -  ResidentSetSize of job (KB)
...
040 (15560432.836.000) 2026-01-07 20:58:46 Started transferring output files
...
040 (15560432.836.000) 2026-01-07 20:58:46 Finished transferring output files
...
005 (15560432.836.000) 2026-01-07 20:58:46 Job terminated.
	(1) Normal termination (return value 0)
		Usr 0 00:02:18, Sys 0 00:00:02  -  Run Remote Usage
		Usr 0 00:00:00, Sys 0 00:00:00  -  Run Local Usage
		Usr 0 00:02:18, Sys 0 00:00:02  -  Total Remote Usage
		Usr 0 00:00:00, Sys 0 00:00:00  -  Total Local Usage
	109  -  Run Bytes Sent By Job
	144352  -  Run Bytes Received By Job
	109  -  Total Bytes Sent By Job
	144352  -  Total Bytes Received By Job
	Partitionable Resources :    Usage  Request Allocated 
	   Cpus                 :     0.99        1         1 
	   Disk (KB)            :   159     2097152   6681193 
	   Memory (MB)          :    77        4096      4096 
	   xferslots            :                           0 

	Job terminated of its own accord at 2026-01-08T01:58:46Z with exit-code 0.
...
