000 (15697407.1153.000) 2026-01-21 18:36:43 Job submitted from host: <130.199.48.129:9618?addrs=130.199.48.129-9618&alias=rcas6009.rcf.bnl.gov&noUDP&sock=schedd_22421_101d>
...
040 (15697407.1153.000) 2026-01-22 18:54:17 Started transferring input files
	Transferring to host: <130.199.151.12:9618?addrs=130.199.151.12-9618&alias=spool1590.sdcc.bnl.gov&noUDP&sock=slot1_76_94971_0288_298889>
...
040 (15697407.1153.000) 2026-01-22 18:54:17 Finished transferring input files
...
001 (15697407.1153.000) 2026-01-22 18:54:18 Job executing on host: <130.199.151.12:9618?addrs=130.199.151.12-9618&alias=spool1590.sdcc.bnl.gov&noUDP&sock=startd_94962_5fa9>
...
006 (15697407.1153.000) 2026-01-22 18:54:27 Image size of job updated: 103380
	70  -  MemoryUsage of job (MB)
	70912  -  ResidentSetSize of job (KB)
...
006 (15697407.1153.000) 2026-01-22 18:55:01 Image size of job updated: 424248
	70  -  MemoryUsage of job (MB)
	70912  -  ResidentSetSize of job (KB)
...
040 (15697407.1153.000) 2026-01-22 18:55:01 Started transferring output files
...
040 (15697407.1153.000) 2026-01-22 18:55:01 Finished transferring output files
...
005 (15697407.1153.000) 2026-01-22 18:55:01 Job terminated.
	(1) Normal termination (return value 0)
		Usr 0 00:00:38, Sys 0 00:00:00  -  Run Remote Usage
		Usr 0 00:00:00, Sys 0 00:00:00  -  Run Local Usage
		Usr 0 00:00:38, Sys 0 00:00:00  -  Total Remote Usage
		Usr 0 00:00:00, Sys 0 00:00:00  -  Total Local Usage
	57  -  Run Bytes Sent By Job
	148880  -  Run Bytes Received By Job
	57  -  Total Bytes Sent By Job
	148880  -  Total Bytes Received By Job
	Partitionable Resources :    Usage  Request Allocated 
	   Cpus                 :                 1         1 
	   Disk (KB)            :      157  2097152   6681190 
	   Memory (MB)          :       70     4096      4096 
	   xferslots            :                           0 

	Job terminated of its own accord at 2026-01-22T23:55:01Z with exit-code 0.
...
