000 (15697407.1168.000) 2026-01-21 18:36:44 Job submitted from host: <130.199.48.129:9618?addrs=130.199.48.129-9618&alias=rcas6009.rcf.bnl.gov&noUDP&sock=schedd_22421_101d>
...
040 (15697407.1168.000) 2026-01-22 19:01:25 Started transferring input files
	Transferring to host: <130.199.151.32:9618?addrs=130.199.151.32-9618&alias=spool1610.sdcc.bnl.gov&noUDP&sock=slot1_75_54219_e056_289937>
...
040 (15697407.1168.000) 2026-01-22 19:01:25 Finished transferring input files
...
001 (15697407.1168.000) 2026-01-22 19:01:26 Job executing on host: <130.199.151.32:9618?addrs=130.199.151.32-9618&alias=spool1610.sdcc.bnl.gov&noUDP&sock=startd_54204_fb30>
...
006 (15697407.1168.000) 2026-01-22 19:01:35 Image size of job updated: 394004
	68  -  MemoryUsage of job (MB)
	69568  -  ResidentSetSize of job (KB)
...
006 (15697407.1168.000) 2026-01-22 19:06:37 Image size of job updated: 450932
	93  -  MemoryUsage of job (MB)
	94296  -  ResidentSetSize of job (KB)
...
040 (15697407.1168.000) 2026-01-22 19:06:50 Started transferring output files
...
040 (15697407.1168.000) 2026-01-22 19:06:50 Finished transferring output files
...
005 (15697407.1168.000) 2026-01-22 19:06:50 Job terminated.
	(1) Normal termination (return value 0)
		Usr 0 00:05:05, Sys 0 00:00:05  -  Run Remote Usage
		Usr 0 00:00:00, Sys 0 00:00:00  -  Run Local Usage
		Usr 0 00:05:05, Sys 0 00:00:05  -  Total Remote Usage
		Usr 0 00:00:00, Sys 0 00:00:00  -  Total Local Usage
	149  -  Run Bytes Sent By Job
	148880  -  Run Bytes Received By Job
	149  -  Total Bytes Sent By Job
	148880  -  Total Bytes Received By Job
	Partitionable Resources :    Usage  Request Allocated 
	   Cpus                 :     0.98        1         1 
	   Disk (KB)            :   164     2097152   6681190 
	   Memory (MB)          :    93        4096      4096 
	   xferslots            :                           0 

	Job terminated of its own accord at 2026-01-23T00:06:50Z with exit-code 0.
...
