000 (15684821.796.000) 2026-01-19 15:56:22 Job submitted from host: <130.199.48.129:9618?addrs=130.199.48.129-9618&alias=rcas6009.rcf.bnl.gov&noUDP&sock=schedd_22421_101d>
...
040 (15684821.796.000) 2026-01-19 16:28:22 Started transferring input files
	Transferring to host: <130.199.150.90:9618?addrs=130.199.150.90-9618&alias=spool1571.sdcc.bnl.gov&noUDP&sock=slot1_55_94964_d73c_264626>
...
040 (15684821.796.000) 2026-01-19 16:28:22 Finished transferring input files
...
001 (15684821.796.000) 2026-01-19 16:28:23 Job executing on host: <130.199.150.90:9618?addrs=130.199.150.90-9618&alias=spool1571.sdcc.bnl.gov&noUDP&sock=startd_94955_2884>
...
006 (15684821.796.000) 2026-01-19 16:28:32 Image size of job updated: 204804
	85  -  MemoryUsage of job (MB)
	86556  -  ResidentSetSize of job (KB)
...
006 (15684821.796.000) 2026-01-19 16:33:33 Image size of job updated: 447772
	100  -  MemoryUsage of job (MB)
	102188  -  ResidentSetSize of job (KB)
...
040 (15684821.796.000) 2026-01-19 16:45:15 Started transferring output files
...
040 (15684821.796.000) 2026-01-19 16:45:15 Finished transferring output files
...
005 (15684821.796.000) 2026-01-19 16:45:15 Job terminated.
	(1) Normal termination (return value 0)
		Usr 0 00:16:06, Sys 0 00:00:11  -  Run Remote Usage
		Usr 0 00:00:00, Sys 0 00:00:00  -  Run Local Usage
		Usr 0 00:16:06, Sys 0 00:00:11  -  Total Remote Usage
		Usr 0 00:00:00, Sys 0 00:00:00  -  Total Local Usage
	191  -  Run Bytes Sent By Job
	148880  -  Run Bytes Received By Job
	191  -  Total Bytes Sent By Job
	148880  -  Total Bytes Received By Job
	Partitionable Resources :    Usage  Request Allocated 
	   Cpus                 :     0.95        1         1 
	   Disk (KB)            :   163     2097152   6681189 
	   Memory (MB)          :   100        4096      4096 
	   xferslots            :                           0 

	Job terminated of its own accord at 2026-01-19T21:45:15Z with exit-code 0.
...
