000 (15690120.708.000) 2026-01-20 07:35:56 Job submitted from host: <130.199.48.129:9618?addrs=130.199.48.129-9618&alias=rcas6009.rcf.bnl.gov&noUDP&sock=schedd_22421_101d>
...
040 (15690120.708.000) 2026-01-21 11:57:13 Started transferring input files
	Transferring to host: <130.199.186.20:9618?addrs=130.199.186.20-9618&alias=spool1817.sdcc.bnl.gov&noUDP&sock=slot1_86_24187_e112_366584>
...
040 (15690120.708.000) 2026-01-21 11:57:13 Finished transferring input files
...
001 (15690120.708.000) 2026-01-21 11:57:14 Job executing on host: <130.199.186.20:9618?addrs=130.199.186.20-9618&alias=spool1817.sdcc.bnl.gov&noUDP&sock=startd_24178_219a>
...
006 (15690120.708.000) 2026-01-21 11:57:22 Image size of job updated: 125028
	91  -  MemoryUsage of job (MB)
	92560  -  ResidentSetSize of job (KB)
...
006 (15690120.708.000) 2026-01-21 12:02:22 Image size of job updated: 450288
	105  -  MemoryUsage of job (MB)
	107200  -  ResidentSetSize of job (KB)
...
040 (15690120.708.000) 2026-01-21 12:06:19 Started transferring output files
...
040 (15690120.708.000) 2026-01-21 12:06:19 Finished transferring output files
...
005 (15690120.708.000) 2026-01-21 12:06:19 Job terminated.
	(1) Normal termination (return value 0)
		Usr 0 00:08:57, Sys 0 00:00:06  -  Run Remote Usage
		Usr 0 00:00:00, Sys 0 00:00:00  -  Run Local Usage
		Usr 0 00:08:57, Sys 0 00:00:06  -  Total Remote Usage
		Usr 0 00:00:00, Sys 0 00:00:00  -  Total Local Usage
	191  -  Run Bytes Sent By Job
	148880  -  Run Bytes Received By Job
	191  -  Total Bytes Sent By Job
	148880  -  Total Bytes Received By Job
	Partitionable Resources :    Usage  Request Allocated 
	   Cpus                 :     1.00        1         1 
	   Disk (KB)            :   164     2097152   6681552 
	   Memory (MB)          :   105        4096      4096 
	   xferslots            :                           0 

	Job terminated of its own accord at 2026-01-21T17:06:19Z with exit-code 0.
...
