000 (15684821.840.000) 2026-01-19 15:56:22 Job submitted from host: <130.199.48.129:9618?addrs=130.199.48.129-9618&alias=rcas6009.rcf.bnl.gov&noUDP&sock=schedd_22421_101d>
...
040 (15684821.840.000) 2026-01-19 16:28:37 Started transferring input files
	Transferring to host: <130.199.184.153:9618?addrs=130.199.184.153-9618&alias=spool1762.sdcc.bnl.gov&noUDP&sock=slot1_95_4843_6363_237798>
...
040 (15684821.840.000) 2026-01-19 16:28:37 Finished transferring input files
...
001 (15684821.840.000) 2026-01-19 16:28:38 Job executing on host: <130.199.184.153:9618?addrs=130.199.184.153-9618&alias=spool1762.sdcc.bnl.gov&noUDP&sock=startd_4834_ffdc>
...
006 (15684821.840.000) 2026-01-19 16:28:48 Image size of job updated: 447008
	78  -  MemoryUsage of job (MB)
	79756  -  ResidentSetSize of job (KB)
...
006 (15684821.840.000) 2026-01-19 16:33:48 Image size of job updated: 447008
	91  -  MemoryUsage of job (MB)
	92660  -  ResidentSetSize of job (KB)
...
006 (15684821.840.000) 2026-01-19 16:38:48 Image size of job updated: 447008
	91  -  MemoryUsage of job (MB)
	92688  -  ResidentSetSize of job (KB)
...
040 (15684821.840.000) 2026-01-19 16:38:51 Started transferring output files
...
040 (15684821.840.000) 2026-01-19 16:38:51 Finished transferring output files
...
005 (15684821.840.000) 2026-01-19 16:38:51 Job terminated.
	(1) Normal termination (return value 0)
		Usr 0 00:09:31, Sys 0 00:00:08  -  Run Remote Usage
		Usr 0 00:00:00, Sys 0 00:00:00  -  Run Local Usage
		Usr 0 00:09:31, Sys 0 00:00:08  -  Total Remote Usage
		Usr 0 00:00:00, Sys 0 00:00:00  -  Total Local Usage
	149  -  Run Bytes Sent By Job
	148880  -  Run Bytes Received By Job
	149  -  Total Bytes Sent By Job
	148880  -  Total Bytes Received By Job
	Partitionable Resources :    Usage  Request Allocated 
	   Cpus                 :     0.86        1         1 
	   Disk (KB)            :   163     2097152   6681563 
	   Memory (MB)          :    91        4096      4096 
	   xferslots            :                           0 

	Job terminated of its own accord at 2026-01-19T21:38:51Z with exit-code 0.
...
