000 (16235385.1173.000) 2026-01-23 10:57:31 Job submitted from host: <130.199.48.128:9618?addrs=130.199.48.128-9618&alias=rcas6008.rcf.bnl.gov&noUDP&sock=schedd_18725_535a>
...
040 (16235385.1173.000) 2026-01-23 12:30:30 Started transferring input files
	Transferring to host: <130.199.184.196:9618?addrs=130.199.184.196-9618&alias=spool1771.sdcc.bnl.gov&noUDP&sock=slot1_61_93929_8cb3_262436>
...
040 (16235385.1173.000) 2026-01-23 12:30:30 Finished transferring input files
...
001 (16235385.1173.000) 2026-01-23 12:30:31 Job executing on host: <130.199.184.196:9618?addrs=130.199.184.196-9618&alias=spool1771.sdcc.bnl.gov&noUDP&sock=startd_93920_9805>
...
006 (16235385.1173.000) 2026-01-23 12:30:39 Image size of job updated: 420788
	71  -  MemoryUsage of job (MB)
	72616  -  ResidentSetSize of job (KB)
...
006 (16235385.1173.000) 2026-01-23 12:35:39 Image size of job updated: 449296
	99  -  MemoryUsage of job (MB)
	100796  -  ResidentSetSize of job (KB)
...
040 (16235385.1173.000) 2026-01-23 12:37:57 Started transferring output files
...
040 (16235385.1173.000) 2026-01-23 12:37:57 Finished transferring output files
...
005 (16235385.1173.000) 2026-01-23 12:37:57 Job terminated.
	(1) Normal termination (return value 0)
		Usr 0 00:07:19, Sys 0 00:00:05  -  Run Remote Usage
		Usr 0 00:00:00, Sys 0 00:00:00  -  Run Local Usage
		Usr 0 00:07:19, Sys 0 00:00:05  -  Total Remote Usage
		Usr 0 00:00:00, Sys 0 00:00:00  -  Total Local Usage
	177  -  Run Bytes Sent By Job
	148880  -  Run Bytes Received By Job
	177  -  Total Bytes Sent By Job
	148880  -  Total Bytes Received By Job
	Partitionable Resources :    Usage  Request Allocated 
	   Cpus                 :     0.99        1         1 
	   Disk (KB)            :   164     2097152   6681509 
	   Memory (MB)          :    99        4096      4096 
	   xferslots            :                           0 

	Job terminated of its own accord at 2026-01-23T17:37:57Z with exit-code 0.
...
